
> js-vm-workbench@0.1.0 fuzz
> node tests/Fuzz.js --count=10000 --seeds=1

[18:03:35] STEP  Loading JS VM wasm packages
[18:03:35] OK    Loaded JS VM wasm packages
[18:03:35] STEP  Running js_fuzzer count=10000, seeds=1, baseSeed=1337, maxBytes=8192, corpusSeeds=28
  RUN js-fuzzer-corpus-797f152bf878.js [1/10000] md5=797f152bf878d5049066c6db6d2360b3 bytes=355 template=corpus origin=tests/corpus/fixtures/job-workflow.test.js
 PASS js-fuzzer-corpus-797f152bf878.js [1/10000] status=ok obs=b9de0628c8ec coverage=+18/18/38 time=21ms
  RUN js-fuzzer-function-17ab2ee95112.js [2/10000] md5=17ab2ee95112b813f54b3d07b24c1dbd bytes=153 template=function origin=seed:tests/corpus/fixtures/state-machine-workflow.test.js
 PASS js-fuzzer-function-17ab2ee95112.js [2/10000] status=ok obs=b6d767d2f8ed coverage=+3/21/38 time=5ms
  RUN js-fuzzer-array-object-b6b57190c435.js [3/10000] md5=b6b57190c4358a0d16b95feea54f5167 bytes=133 template=array-object origin=seed:tests/corpus/fixtures/vue-script-workflow.test.vue
 PASS js-fuzzer-array-object-b6b57190c435.js [3/10000] status=ok obs=8f14e45fceea coverage=+1/22/38 time=2ms
  RUN js-fuzzer-closure-acd1960085de.js [4/10000] md5=acd1960085de42ae964024e2d58fcdf0 bytes=184 template=closure origin=seed:tests/corpus/obfuscation/constant-tag-mix.test.js
 PASS js-fuzzer-closure-acd1960085de.js [4/10000] status=ok obs=67c6a1e7ce56 coverage=+0/22/38 time=2ms
  RUN js-fuzzer-block-scope-1d6b190ceb7d.js [5/10000] md5=1d6b190ceb7d9fb926a1e1646ae8a1f6 bytes=115 template=block-scope origin=seed:tests/corpus/obfuscation/extern-slot-permutation.test.js
 PASS js-fuzzer-block-scope-1d6b190ceb7d.js [5/10000] status=ok obs=5f93f983524d coverage=+4/26/38 time=2ms
  RUN js-fuzzer-loop-f495ca2fc638.js [6/10000] md5=f495ca2fc6389f933578fc501f5b1465 bytes=81 template=loop origin=seed:tests/corpus/obfuscation/externs-console.test.js
 PASS js-fuzzer-loop-f495ca2fc638.js [6/10000] status=ok obs=c4ca4238a0b9 coverage=+0/26/38 time=1ms
  RUN js-fuzzer-try-catch-7fa76a80e531.js [7/10000] md5=7fa76a80e531298b12538ca11d858f94 bytes=110 template=try-catch origin=seed:tests/corpus/obfuscation/seed-sensitive-functions.test.js
 PASS js-fuzzer-try-catch-7fa76a80e531.js [7/10000] status=ok obs=6ea9ab1baa0e coverage=+5/31/38 time=2ms
  RUN js-fuzzer-boundary-83aee5cf07de.js [8/10000] md5=83aee5cf07deb9d5ce59aec8aff7a227 bytes=128 template=boundary origin=boundary:9007199254740991
 PASS js-fuzzer-boundary-83aee5cf07de.js [8/10000] status=ok obs=8bfa9ad090fb coverage=+0/31/38 time=2ms
  RUN js-fuzzer-arithmetic-8fd5c164ad52.js [9/10000] md5=8fd5c164ad52ebdb2239b72a1bed0e18 bytes=84 template=arithmetic origin=seed:tests/corpus/regressions/multiple-functions-fib-add.test.js
 PASS js-fuzzer-arithmetic-8fd5c164ad52.js [9/10000] status=ok obs=a1d0c6e83f02 coverage=+0/31/38 time=2ms
  RUN js-fuzzer-corpus-c28cfb056309.js [10/10000] md5=c28cfb056309f2a77f8bd9756b123c54 bytes=147 template=corpus origin=tests/corpus/regressions/scope-compressed-closure-params.test.js
 PASS js-fuzzer-corpus-c28cfb056309.js [10/10000] status=ok obs=c51ce410c124 coverage=+0/31/38 time=2ms
  RUN js-fuzzer-array-object-841cc522418f.js [11/10000] md5=841cc522418fe6c18f306261ebc40055 bytes=133 template=array-object origin=seed:tests/corpus/runtime/arrays-objects-methods.test.js
 PASS js-fuzzer-array-object-841cc522418f.js [11/10000] status=ok obs=1f0e3dad9990 coverage=+0/31/38 time=2ms
  RUN js-fuzzer-closure-e51e12636ab5.js [12/10000] md5=e51e12636ab524f5ab341e21f9dc4e02 bytes=184 template=closure origin=seed:tests/corpus/runtime/block-scopes.test.js
 PASS js-fuzzer-closure-e51e12636ab5.js [12/10000] status=ok obs=7f39f8317fbd coverage=+0/31/38 time=2ms
  RUN js-fuzzer-block-scope-53cd7c53dcef.js [13/10000] md5=53cd7c53dceff32e4732b28209c6bef1 bytes=114 template=block-scope origin=seed:tests/corpus/runtime/class-fields-static-methods.test.js
 PASS js-fuzzer-block-scope-53cd7c53dcef.js [13/10000] status=ok obs=6974ce5ac660 coverage=+0/31/38 time=2ms
  RUN js-fuzzer-loop-bbf1d7a15d8d.js [14/10000] md5=bbf1d7a15d8dd015402d75c0e0108b5f bytes=81 template=loop origin=seed:tests/corpus/runtime/classes-and-objects.test.js
 PASS js-fuzzer-loop-bbf1d7a15d8d.js [14/10000] status=ok obs=1679091c5a88 coverage=+0/31/38 time=2ms
  RUN js-fuzzer-boundary-ac080ee0add8.js [15/10000] md5=ac080ee0add8a3967f40d078a13e076b bytes=122 template=boundary origin=boundary:2147483647
 PASS js-fuzzer-boundary-ac080ee0add8.js [15/10000] status=ok obs=c588c0a459f4 coverage=+0/31/38 time=2ms
  RUN js-fuzzer-class-b1e3642c0208.js [16/10000] md5=b1e3642c0208992266fb21668a536292 bytes=100 template=class origin=seed:tests/corpus/runtime/closures-read-captured-values.test.js
 PASS js-fuzzer-class-b1e3642c0208.js [16/10000] status=ok obs=c9f0f895fb98 coverage=+0/31/38 time=2ms
  RUN js-fuzzer-arithmetic-da0937482d5e.js [17/10000] md5=da0937482d5e6b48187e967be56e680a bytes=84 template=arithmetic origin=seed:tests/corpus/runtime/exceptions-and-nullish.test.js
 PASS js-fuzzer-arithmetic-da0937482d5e.js [17/10000] status=ok obs=f2217062e9a3 coverage=+0/31/38 time=2ms
  RUN js-fuzzer-function-66ad482026b9.js [18/10000] md5=66ad482026b9df67ec5d25c1cce4c653 bytes=153 template=function origin=seed:tests/corpus/runtime/functions-closures-and-arrows.test.js
 PASS js-fuzzer-function-66ad482026b9.js [18/10000] status=ok obs=6512bd43d9ca coverage=+0/31/38 time=2ms
  RUN js-fuzzer-corpus-463d4dee8a1f.js [19/10000] md5=463d4dee8a1f930fa8af57a704cacf3e bytes=232 template=corpus origin=tests/corpus/runtime/lexical-shadowing.test.js
 PASS js-fuzzer-corpus-463d4dee8a1f.js [19/10000] status=ok obs=c51ce410c124 coverage=+0/31/38 time=2ms
  RUN js-fuzzer-closure-e074de34b537.js [20/10000] md5=e074de34b537a1ec57c8ac96e0414512 bytes=184 template=closure origin=seed:tests/corpus/runtime/modules-export.test.js
 PASS js-fuzzer-closure-e074de34b537.js [20/10000] status=ok obs=2838023a778d coverage=+0/31/38 time=2ms
  RUN js-fuzzer-block-scope-718bfc054c61.js [21/10000] md5=718bfc054c612231e7c0ff47c22e7aaf bytes=114 template=block-scope origin=seed:tests/corpus/runtime/nested-try-finally.test.js
 PASS js-fuzzer-block-scope-718bfc054c61.js [21/10000] status=ok obs=38b3eff8baf5 coverage=+0/31/38 time=1ms
  RUN js-fuzzer-boundary-85faf3787c26.js [22/10000] md5=85faf3787c26ca3bad9215a544873988 bytes=113 template=boundary origin=boundary:2
 PASS js-fuzzer-boundary-85faf3787c26.js [22/10000] status=ok obs=c81e728d9d4c coverage=+0/31/38 time=2ms
  RUN js-fuzzer-try-catch-136d1b3d4ffd.js [23/10000] md5=136d1b3d4ffdac816022c9faabe622ca bytes=110 template=try-catch origin=seed:tests/corpus/syntax/logical-unary-nullish.test.js
 PASS js-fuzzer-try-catch-136d1b3d4ffd.js [23/10000] status=ok obs=9bf31c7ff062 coverage=+0/31/38 time=2ms
  RUN js-fuzzer-class-a9875f561daf.js [24/10000] md5=a9875f561daf181d949c68fc070db0e0 bytes=101 template=class origin=seed:tests/corpus/syntax/object-destructure-and-members.test.js
 PASS js-fuzzer-class-a9875f561daf.js [24/10000] status=ok obs=aab3238922bc coverage=+0/31/38 time=2ms
  RUN js-fuzzer-arithmetic-b8b0d3a07173.js [25/10000] md5=b8b0d3a0717353515df78a72da0da3e9 bytes=84 template=arithmetic origin=seed:tests/corpus/syntax/switch-do-while-sequence.test.js
 PASS js-fuzzer-arithmetic-b8b0d3a07173.js [25/10000] status=ok obs=37693cfc7480 coverage=+0/31/38 time=1ms
  RUN js-fuzzer-function-1d370c2e7126.js [26/10000] md5=1d370c2e7126a84b090ad6eed5468375 bytes=153 template=function origin=seed:tests/corpus/syntax/template-array-destructure.test.js
 PASS js-fuzzer-function-1d370c2e7126.js [26/10000] status=ok obs=8f14e45fceea coverage=+0/31/38 time=2ms
  RUN js-fuzzer-array-object-d610991dafa2.js [27/10000] md5=d610991dafa2da39b4d4811c60e71b69 bytes=133 template=array-object origin=seed:tests/corpus/syntax/typescript-assertions.test.ts
 PASS js-fuzzer-array-object-d610991dafa2.js [27/10000] status=ok obs=aab3238922bc coverage=+0/31/38 time=2ms
  RUN js-fuzzer-corpus-e3eeaea0f8a2.js [28/10000] md5=e3eeaea0f8a2c5d5b650d4007cf78b4a bytes=104 template=corpus origin=tests/corpus/syntax/typescript-non-null-satisfies.test.ts
 PASS js-fuzzer-corpus-e3eeaea0f8a2.js [28/10000] status=ok obs=d3d9446802a4 coverage=+0/31/38 time=2ms
  RUN js-fuzzer-boundary-3ca041277ff0.js [29/10000] md5=3ca041277ff0c3edafc1a1dcaf120940 bytes=113 template=boundary origin=boundary:1
 PASS js-fuzzer-boundary-3ca041277ff0.js [29/10000] status=ok obs=c4ca4238a0b9 coverage=+0/31/38 time=2ms
  RUN js-fuzzer-loop-f495ca2fc638.js [30/10000] md5=f495ca2fc6389f933578fc501f5b1465 bytes=81 template=loop origin=seed:tests/corpus/fixtures/state-machine-workflow.test.js
 PASS js-fuzzer-loop-f495ca2fc638.js [30/10000] status=ok obs=c4ca4238a0b9 coverage=+0/31/38 time=2ms
  RUN js-fuzzer-try-catch-22e41d89137c.js [31/10000] md5=22e41d89137ce4eac020880cbeff06ef bytes=110 template=try-catch origin=seed:tests/corpus/fixtures/vue-script-workflow.test.vue
 PASS js-fuzzer-try-catch-22e41d89137c.js [31/10000] status=ok obs=d9d4f495e875 coverage=+0/31/38 time=1ms
  RUN js-fuzzer-class-6736c24444bc.js [32/10000] md5=6736c24444bc6ff151b05a9a974ae4d5 bytes=100 template=class origin=seed:tests/corpus/obfuscation/constant-tag-mix.test.js
 PASS js-fuzzer-class-6736c24444bc.js [32/10000] status=ok obs=45c48cce2e2d coverage=+0/31/38 time=2ms
  RUN js-fuzzer-arithmetic-defbc25214fa.js [33/10000] md5=defbc25214fae1f24ae5eef5aa489df5 bytes=84 template=arithmetic origin=seed:tests/corpus/obfuscation/extern-slot-permutation.test.js
 PASS js-fuzzer-arithmetic-defbc25214fa.js [33/10000] status=ok obs=ed3d2c21991e coverage=+0/31/38 time=2ms
  RUN js-fuzzer-function-d9597d28535f.js [34/10000] md5=d9597d28535fd2b10f5ca10cf87a7bb6 bytes=153 template=function origin=seed:tests/corpus/obfuscation/externs-console.test.js
 PASS js-fuzzer-function-d9597d28535f.js [34/10000] status=ok obs=6f4922f45568 coverage=+0/31/38 time=2ms
  RUN js-fuzzer-array-object-a9e3030d170c.js [35/10000] md5=a9e3030d170c271ea8673aba97112bee bytes=133 template=array-object origin=seed:tests/corpus/obfuscation/seed-sensitive-functions.test.js
 PASS js-fuzzer-array-object-a9e3030d170c.js [35/10000] status=ok obs=aab3238922bc coverage=+0/31/38 time=1ms
  RUN js-fuzzer-boundary-e62759fbe8d3.js [36/10000] md5=e62759fbe8d36ad2cfb89a0f8bac18b9 bytes=129 template=boundary origin=boundary:-9007199254740991
 PASS js-fuzzer-boundary-e62759fbe8d3.js [36/10000] status=ok obs=b3f3a95848f6 coverage=+0/31/38 time=2ms
  RUN js-fuzzer-corpus-ad9ed8746461.js [37/10000] md5=ad9ed87464611c6dd81b04b3754c760c bytes=214 template=corpus origin=tests/corpus/regressions/multiple-functions-fib-add.test.js
 PASS js-fuzzer-corpus-ad9ed8746461.js [37/10000] status=ok obs=3c59dc048e88 coverage=+0/31/38 time=2ms
  RUN js-fuzzer-loop-55c7c905bffb.js [38/10000] md5=55c7c905bffb4bbbc4c8fb9b91df6ad8 bytes=81 template=loop origin=seed:tests/corpus/regressions/scope-compressed-closure-params.test.js
 PASS js-fuzzer-loop-55c7c905bffb.js [38/10000] status=ok obs=eccbc87e4b5c coverage=+0/31/38 time=2ms
  RUN js-fuzzer-try-catch-c1605790c914.js [39/10000] md5=c1605790c914ae1743dc7ccc9c3b6fda bytes=110 template=try-catch origin=seed:tests/corpus/runtime/arrays-objects-methods.test.js
 PASS js-fuzzer-try-catch-c1605790c914.js [39/10000] status=ok obs=1c383cd30b7c coverage=+0/31/38 time=1ms
  RUN js-fuzzer-class-a365d1a76b7b.js [40/10000] md5=a365d1a76b7b0d4310621afa7caac433 bytes=100 template=class origin=seed:tests/corpus/runtime/block-scopes.test.js
 PASS js-fuzzer-class-a365d1a76b7b.js [40/10000] status=ok obs=8f14e45fceea coverage=+0/31/38 time=2ms
  RUN js-fuzzer-arithmetic-618355b7d4fd.js [41/10000] md5=618355b7d4fd4f10a0070c1535a0d702 bytes=84 template=arithmetic origin=seed:tests/corpus/runtime/class-fields-static-methods.test.js
 PASS js-fuzzer-arithmetic-618355b7d4fd.js [41/10000] status=ok obs=363663881777 coverage=+0/31/38 time=3ms
  RUN js-fuzzer-function-f172d914fe2f.js [42/10000] md5=f172d914fe2f2d124fd9ee51d2714545 bytes=153 template=function origin=seed:tests/corpus/runtime/classes-and-objects.test.js
 PASS js-fuzzer-function-f172d914fe2f.js [42/10000] status=ok obs=c9f0f895fb98 coverage=+0/31/38 time=2ms
  RUN js-fuzzer-boundary-4b8e58e2bd3b.js [43/10000] md5=4b8e58e2bd3bc437f093fe0ab13ce109 bytes=123 template=boundary origin=boundary:-2147483648
 PASS js-fuzzer-boundary-4b8e58e2bd3b.js [43/10000] status=ok obs=034ff5946105 coverage=+0/31/38 time=1ms
  RUN js-fuzzer-closure-fd1eab5337ad.js [44/10000] md5=fd1eab5337ad16fd194395712bc39c6f bytes=184 template=closure origin=seed:tests/corpus/runtime/closures-read-captured-values.test.js
 PASS js-fuzzer-closure-fd1eab5337ad.js [44/10000] status=ok obs=f457c545a9de coverage=+0/31/38 time=2ms
  RUN js-fuzzer-block-scope-d6aeb654fc7a.js [45/10000] md5=d6aeb654fc7a91941c12584bd5c2929b bytes=114 template=block-scope origin=seed:tests/corpus/runtime/exceptions-and-nullish.test.js
 PASS js-fuzzer-block-scope-d6aeb654fc7a.js [45/10000] status=ok obs=6974ce5ac660 coverage=+0/31/38 time=2ms
  RUN js-fuzzer-corpus-72746d071c58.js [46/10000] md5=72746d071c58fadd9399bc8934c30553 bytes=197 template=corpus origin=tests/corpus/runtime/functions-closures-and-arrows.test.js
 PASS js-fuzzer-corpus-72746d071c58.js [46/10000] status=ok obs=c74d97b01eae coverage=+0/31/38 time=3ms
  RUN js-fuzzer-try-catch-f457fe0c144d.js [47/10000] md5=f457fe0c144d86e31ce7ae86f7f5c357 bytes=110 template=try-catch origin=seed:tests/corpus/runtime/lexical-shadowing.test.js
 PASS js-fuzzer-try-catch-f457fe0c144d.js [47/10000] status=ok obs=67c6a1e7ce56 coverage=+0/31/38 time=2ms
  RUN js-fuzzer-class-f454a055ed5d.js [48/10000] md5=f454a055ed5dc800cb1ab66abc7a01de bytes=100 template=class origin=seed:tests/corpus/runtime/modules-export.test.js
 PASS js-fuzzer-class-f454a055ed5d.js [48/10000] status=ok obs=a87ff679a2f3 coverage=+0/31/38 time=2ms
  RUN js-fuzzer-arithmetic-cfa649dbe14b.js [49/10000] md5=cfa649dbe14bea1d65e7476563a59252 bytes=84 template=arithmetic origin=seed:tests/corpus/runtime/nested-try-finally.test.js
 PASS js-fuzzer-arithmetic-cfa649dbe14b.js [49/10000] status=ok obs=fbd7939d6749 coverage=+0/31/38 time=2ms
  RUN js-fuzzer-boundary-db03eeac3914.js [50/10000] md5=db03eeac3914e8f0a7bfea9eefe9f0de bytes=114 template=boundary origin=boundary:-2
 PASS js-fuzzer-boundary-db03eeac3914.js [50/10000] status=ok obs=5d7b9adcbe1c coverage=+0/31/38 time=1ms
  RUN js-fuzzer-array-object-cc2e7779d1eb.js [51/10000] md5=cc2e7779d1eb23b6730b8658db0d2e70 bytes=133 template=array-object origin=seed:tests/corpus/syntax/logical-unary-nullish.test.js
 PASS js-fuzzer-array-object-cc2e7779d1eb.js [51/10000] status=ok obs=c51ce410c124 coverage=+0/31/38 time=2ms
  RUN js-fuzzer-closure-27ab9389e754.js [52/10000] md5=27ab9389e75484e0389e821727b2ea12 bytes=184 template=closure origin=seed:tests/corpus/syntax/object-destructure-and-members.test.js
 PASS js-fuzzer-closure-27ab9389e754.js [52/10000] status=ok obs=b53b3a3d6ab9 coverage=+0/31/38 time=2ms
  RUN js-fuzzer-block-scope-521b3e3723d2.js [53/10000] md5=521b3e3723d2c6d75529bfe53ce67ca8 bytes=114 template=block-scope origin=seed:tests/corpus/syntax/switch-do-while-sequence.test.js
 PASS js-fuzzer-block-scope-521b3e3723d2.js [53/10000] status=ok obs=ec8956637a99 coverage=+0/31/38 time=2ms
  RUN js-fuzzer-loop-f495ca2fc638.js [54/10000] md5=f495ca2fc6389f933578fc501f5b1465 bytes=81 template=loop origin=seed:tests/corpus/syntax/template-array-destructure.test.js
 PASS js-fuzzer-loop-f495ca2fc638.js [54/10000] status=ok obs=c4ca4238a0b9 coverage=+0/31/38 time=1ms
  RUN js-fuzzer-corpus-57a83a4b020d.js [55/10000] md5=57a83a4b020d4b85b42b0a3709f283ad bytes=130 template=corpus origin=tests/corpus/syntax/typescript-assertions.test.ts
 PASS js-fuzzer-corpus-57a83a4b020d.js [55/10000] status=ok obs=45c48cce2e2d coverage=+0/31/38 time=2ms
  RUN js-fuzzer-class-b901915e3eda.js [56/10000] md5=b901915e3eda1a96f77dcec9fff681b5 bytes=100 template=class origin=seed:tests/corpus/syntax/typescript-non-null-satisfies.test.ts
 PASS js-fuzzer-class-b901915e3eda.js [56/10000] status=ok obs=c81e728d9d4c coverage=+0/31/38 time=2ms
  RUN js-fuzzer-boundary-1024adcac0e5.js [57/10000] md5=1024adcac0e5cc9f99f478fa66dcc00c bytes=114 template=boundary origin=boundary:-1
 PASS js-fuzzer-boundary-1024adcac0e5.js [57/10000] status=ok obs=6bb61e3b7bce coverage=+0/31/38 time=2ms
  RUN js-fuzzer-function-be199ff518ed.js [58/10000] md5=be199ff518edad2305aebc8ea703ea8f bytes=153 template=function origin=seed:tests/corpus/fixtures/state-machine-workflow.test.js
 PASS js-fuzzer-function-be199ff518ed.js [58/10000] status=ok obs=a87ff679a2f3 coverage=+0/31/38 time=2ms
  RUN js-fuzzer-array-object-519d6e1dab04.js [59/10000] md5=519d6e1dab0433bbeb71ccb7fabf9e6a bytes=133 template=array-object origin=seed:tests/corpus/fixtures/vue-script-workflow.test.vue
 PASS js-fuzzer-array-object-519d6e1dab04.js [59/10000] status=ok obs=c51ce410c124 coverage=+0/31/38 time=1ms
  RUN js-fuzzer-closure-717f86ce4a51.js [60/10000] md5=717f86ce4a517c3acd8a5aae7fa96f45 bytes=185 template=closure origin=seed:tests/corpus/obfuscation/constant-tag-mix.test.js
 PASS js-fuzzer-closure-717f86ce4a51.js [60/10000] status=ok obs=093f65e080a2 coverage=+0/31/38 time=2ms
  RUN js-fuzzer-block-scope-3e2a23bb200e.js [61/10000] md5=3e2a23bb200e79bb37b219f520923481 bytes=114 template=block-scope origin=seed:tests/corpus/obfuscation/extern-slot-permutation.test.js
 PASS js-fuzzer-block-scope-3e2a23bb200e.js [61/10000] status=ok obs=c9e1074f5b3f coverage=+0/31/38 time=2ms
  RUN js-fuzzer-loop-b88258462a8d.js [62/10000] md5=b88258462a8d880f8b0e459fa23b2536 bytes=81 template=loop origin=seed:tests/corpus/obfuscation/externs-console.test.js
 PASS js-fuzzer-loop-b88258462a8d.js [62/10000] status=ok obs=3c59dc048e88 coverage=+0/31/38 time=2ms
  RUN js-fuzzer-try-catch-13abe4d24a2d.js [63/10000] md5=13abe4d24a2dd7935e11d59d61044cdc bytes=109 template=try-catch origin=seed:tests/corpus/obfuscation/seed-sensitive-functions.test.js
 PASS js-fuzzer-try-catch-13abe4d24a2d.js [63/10000] status=ok obs=c9f0f895fb98 coverage=+0/31/38 time=2ms
  RUN js-fuzzer-corpus-79643e915862.js [64/10000] md5=79643e91586251700d34c0c65a0220da bytes=89 template=corpus origin=tests/corpus/regressions/destructuring-lowers-to-member.test.js
 PASS js-fuzzer-corpus-79643e915862.js [64/10000] status=ok obs=eccbc87e4b5c coverage=+0/31/38 time=2ms
  RUN js-fuzzer-arithmetic-6abe14e8f651.js [65/10000] md5=6abe14e8f6510f920475a1ff203bd8a5 bytes=85 template=arithmetic origin=seed:tests/corpus/regressions/multiple-functions-fib-add.test.js
 PASS js-fuzzer-arithmetic-6abe14e8f651.js [65/10000] status=ok obs=74db120f0a8e coverage=+0/31/38 time=1ms
  RUN js-fuzzer-function-8a3820bf6e52.js [66/10000] md5=8a3820bf6e52dcab1a0437ab7872cf6a bytes=153 template=function origin=seed:tests/corpus/regressions/scope-compressed-closure-params.test.js
 PASS js-fuzzer-function-8a3820bf6e52.js [66/10000] status=ok obs=a87ff679a2f3 coverage=+0/31/38 time=1ms
  RUN js-fuzzer-array-object-5e323fc19b5e.js [67/10000] md5=5e323fc19b5e208f7ebc4b69e8563174 bytes=133 template=array-object origin=seed:tests/corpus/runtime/arrays-objects-methods.test.js
 PASS js-fuzzer-array-object-5e323fc19b5e.js [67/10000] status=ok obs=9bf31c7ff062 coverage=+0/31/38 time=3ms
  RUN js-fuzzer-closure-117583191faa.js [68/10000] md5=117583191faa8477197e7fc7c6295866 bytes=184 template=closure origin=seed:tests/corpus/runtime/block-scopes.test.js
 PASS js-fuzzer-closure-117583191faa.js [68/10000] status=ok obs=3416a75f4cea coverage=+0/31/38 time=1ms
  RUN js-fuzzer-block-scope-11fb617d5900.js [69/10000] md5=11fb617d590029dda70331908604740a bytes=114 template=block-scope origin=seed:tests/corpus/runtime/class-fields-static-methods.test.js
 PASS js-fuzzer-block-scope-11fb617d5900.js [69/10000] status=ok obs=65b9eea6e1cc coverage=+0/31/38 time=2ms
  RUN js-fuzzer-loop-55c7c905bffb.js [70/10000] md5=55c7c905bffb4bbbc4c8fb9b91df6ad8 bytes=81 template=loop origin=seed:tests/corpus/runtime/classes-and-objects.test.js
 PASS js-fuzzer-loop-55c7c905bffb.js [70/10000] status=ok obs=eccbc87e4b5c coverage=+0/31/38 time=2ms
  RUN js-fuzzer-boundary-6330cdecf02f.js [71/10000] md5=6330cdecf02f68328876d88213acc2ac bytes=128 template=boundary origin=boundary:9007199254740991
 PASS js-fuzzer-boundary-6330cdecf02f.js [71/10000] status=ok obs=8bfa9ad090fb coverage=+0/31/38 time=1ms
  RUN js-fuzzer-class-d2b3669b495d.js [72/10000] md5=d2b3669b495dd4792f9e1509f2bbf8a7 bytes=100 template=class origin=seed:tests/corpus/runtime/closures-read-captured-values.test.js
 PASS js-fuzzer-class-d2b3669b495d.js [72/10000] status=ok obs=eccbc87e4b5c coverage=+0/31/38 time=2ms
  RUN js-fuzzer-corpus-cf8fb96e8476.js [73/10000] md5=cf8fb96e8476c262b73583c86dd80821 bytes=178 template=corpus origin=tests/corpus/runtime/exceptions-and-nullish.test.js
 PASS js-fuzzer-corpus-cf8fb96e8476.js [73/10000] status=ok obs=24ed5e8718fc coverage=+0/31/38 time=2ms
  RUN js-fuzzer-function-84b6f0564867.js [74/10000] md5=84b6f05648673d1e7da8df04c8cbab23 bytes=153 template=function origin=seed:tests/corpus/runtime/functions-closures-and-arrows.test.js
 PASS js-fuzzer-function-84b6f0564867.js [74/10000] status=ok obs=c74d97b01eae coverage=+0/31/38 time=2ms
  RUN js-fuzzer-array-object-58b80a09dea2.js [75/10000] md5=58b80a09dea2e782b60d3ccf75d87ad0 bytes=133 template=array-object origin=seed:tests/corpus/runtime/lexical-shadowing.test.js
 PASS js-fuzzer-array-object-58b80a09dea2.js [75/10000] status=ok obs=d3d9446802a4 coverage=+0/31/38 time=2ms
  RUN js-fuzzer-closure-a968ba7833a4.js [76/10000] md5=a968ba7833a4986ac8fe9cc84cc7ad00 bytes=184 template=closure origin=seed:tests/corpus/runtime/modules-export.test.js
 PASS js-fuzzer-closure-a968ba7833a4.js [76/10000] status=ok obs=d09bf41544a3 coverage=+0/31/38 time=2ms
  RUN js-fuzzer-block-scope-32ac216b7324.js [77/10000] md5=32ac216b7324d05afa8a5e5ef1ba6b62 bytes=114 template=block-scope origin=seed:tests/corpus/runtime/nested-try-finally.test.js
 PASS js-fuzzer-block-scope-32ac216b7324.js [77/10000] status=ok obs=38b3eff8baf5 coverage=+0/31/38 time=2ms
  RUN js-fuzzer-boundary-4b188851088a.js [78/10000] md5=4b188851088a18b5b5e1424320aec545 bytes=122 template=boundary origin=boundary:2147483647
 PASS js-fuzzer-boundary-4b188851088a.js [78/10000] status=ok obs=c588c0a459f4 coverage=+0/31/38 time=1ms
  RUN js-fuzzer-try-catch-c1605790c914.js [79/10000] md5=c1605790c914ae1743dc7ccc9c3b6fda bytes=110 template=try-catch origin=seed:tests/corpus/syntax/logical-unary-nullish.test.js
 PASS js-fuzzer-try-catch-c1605790c914.js [79/10000] status=ok obs=1c383cd30b7c coverage=+0/31/38 time=2ms
  RUN js-fuzzer-class-a365d1a76b7b.js [80/10000] md5=a365d1a76b7b0d4310621afa7caac433 bytes=100 template=class origin=seed:tests/corpus/syntax/object-destructure-and-members.test.js
 PASS js-fuzzer-class-a365d1a76b7b.js [80/10000] status=ok obs=8f14e45fceea coverage=+0/31/38 time=2ms
  RUN js-fuzzer-arithmetic-e0c6bf03adc3.js [81/10000] md5=e0c6bf03adc3f713ecfaac3bca4a85b1 bytes=84 template=arithmetic origin=seed:tests/corpus/syntax/switch-do-while-sequence.test.js
 PASS js-fuzzer-arithmetic-e0c6bf03adc3.js [81/10000] status=ok obs=0a09c8844ba8 coverage=+0/31/38 time=1ms
  RUN js-fuzzer-corpus-ff388659a641.js [82/10000] md5=ff388659a6419d1e6e01ce4e7151a52e bytes=135 template=corpus origin=tests/corpus/syntax/template-array-destructure.test.js
 PASS js-fuzzer-corpus-ff388659a641.js [82/10000] status=ok obs=f61c9a8be43c coverage=+0/31/38 time=2ms
  RUN js-fuzzer-array-object-6eb22610e417.js [83/10000] md5=6eb22610e4173e03fa0419821dc9a6fb bytes=133 template=array-object origin=seed:tests/corpus/syntax/typescript-assertions.test.ts
 PASS js-fuzzer-array-object-6eb22610e417.js [83/10000] status=ok obs=1679091c5a88 coverage=+0/31/38 time=2ms
  RUN js-fuzzer-closure-29e68e76f867.js [84/10000] md5=29e68e76f867dc0cde73cb89c924d016 bytes=185 template=closure origin=seed:tests/corpus/syntax/typescript-non-null-satisfies.test.ts
 PASS js-fuzzer-closure-29e68e76f867.js [84/10000] status=ok obs=3416a75f4cea coverage=+0/31/38 time=2ms
  RUN js-fuzzer-boundary-e33d9dc9cd6c.js [85/10000] md5=e33d9dc9cd6c84ec6ac6a01d1d18c4f2 bytes=113 template=boundary origin=boundary:2
 PASS js-fuzzer-boundary-e33d9dc9cd6c.js [85/10000] status=ok obs=c81e728d9d4c coverage=+0/31/38 time=2ms
  RUN js-fuzzer-loop-54e460cecf5c.js [86/10000] md5=54e460cecf5c05dfcffaa3b2e5f57445 bytes=81 template=loop origin=seed:tests/corpus/fixtures/state-machine-workflow.test.js
 PASS js-fuzzer-loop-54e460cecf5c.js [86/10000] status=ok obs=d3d9446802a4 coverage=+0/31/38 time=1ms
  RUN js-fuzzer-try-catch-ce914b0cd471.js [87/10000] md5=ce914b0cd471f7c9ec83cbcd645ee9eb bytes=110 template=try-catch origin=seed:tests/corpus/fixtures/vue-script-workflow.test.vue
 PASS js-fuzzer-try-catch-ce914b0cd471.js [87/10000] status=ok obs=2838023a778d coverage=+0/31/38 time=2ms
  RUN js-fuzzer-class-a35a4dd2f302.js [88/10000] md5=a35a4dd2f302fda9a0e8d6e2c980c283 bytes=101 template=class origin=seed:tests/corpus/obfuscation/constant-tag-mix.test.js
 PASS js-fuzzer-class-a35a4dd2f302.js [88/10000] status=ok obs=9bf31c7ff062 coverage=+0/31/38 time=2ms
  RUN js-fuzzer-arithmetic-69ce3c266ac6.js [89/10000] md5=69ce3c266ac6a03620b885ae33891283 bytes=83 template=arithmetic origin=seed:tests/corpus/obfuscation/extern-slot-permutation.test.js
 PASS js-fuzzer-arithmetic-69ce3c266ac6.js [89/10000] status=ok obs=aab3238922bc coverage=+0/31/38 time=1ms
  RUN js-fuzzer-function-805986a3b478.js [90/10000] md5=805986a3b4784e72cf43592e25340692 bytes=153 template=function origin=seed:tests/corpus/obfuscation/externs-console.test.js
 PASS js-fuzzer-function-805986a3b478.js [90/10000] status=ok obs=c51ce410c124 coverage=+0/31/38 time=2ms
  RUN js-fuzzer-corpus-38ba19d9deb7.js [91/10000] md5=38ba19d9deb7566cc8a420c27ada3f21 bytes=136 template=corpus origin=tests/corpus/obfuscation/seed-sensitive-functions.test.js
 PASS js-fuzzer-corpus-38ba19d9deb7.js [91/10000] status=ok obs=a5bfc9e07964 coverage=+0/31/38 time=2ms
  RUN js-fuzzer-boundary-a6a77cc918cc.js [92/10000] md5=a6a77cc918cc479b04ccb7be2bd80dac bytes=113 template=boundary origin=boundary:1
 PASS js-fuzzer-boundary-a6a77cc918cc.js [92/10000] status=ok obs=c4ca4238a0b9 coverage=+0/31/38 time=2ms
  RUN js-fuzzer-block-scope-10430c6f962a.js [93/10000] md5=10430c6f962a4db4653b711f73826914 bytes=114 template=block-scope origin=seed:tests/corpus/regressions/multiple-functions-fib-add.test.js
 PASS js-fuzzer-block-scope-10430c6f962a.js [93/10000] status=ok obs=65b9eea6e1cc coverage=+0/31/38 time=2ms
  RUN js-fuzzer-loop-55c7c905bffb.js [94/10000] md5=55c7c905bffb4bbbc4c8fb9b91df6ad8 bytes=81 template=loop origin=seed:tests/corpus/regressions/scope-compressed-closure-params.test.js
 PASS js-fuzzer-loop-55c7c905bffb.js [94/10000] status=ok obs=eccbc87e4b5c coverage=+0/31/38 time=1ms
  RUN js-fuzzer-try-catch-ce914b0cd471.js [95/10000] md5=ce914b0cd471f7c9ec83cbcd645ee9eb bytes=110 template=try-catch origin=seed:tests/corpus/runtime/arrays-objects-methods.test.js
 PASS js-fuzzer-try-catch-ce914b0cd471.js [95/10000] status=ok obs=2838023a778d coverage=+0/31/38 time=2ms
  RUN js-fuzzer-class-5baf4bed5db4.js [96/10000] md5=5baf4bed5db4f8205173226efc8fff73 bytes=101 template=class origin=seed:tests/corpus/runtime/block-scopes.test.js
 PASS js-fuzzer-class-5baf4bed5db4.js [96/10000] status=ok obs=6f4922f45568 coverage=+0/31/38 time=2ms
  RUN js-fuzzer-arithmetic-c53dfb10b384.js [97/10000] md5=c53dfb10b384b47198b246e5d4975580 bytes=85 template=arithmetic origin=seed:tests/corpus/runtime/class-fields-static-methods.test.js
 PASS js-fuzzer-arithmetic-c53dfb10b384.js [97/10000] status=ok obs=335f5352088d coverage=+0/31/38 time=1ms
  RUN js-fuzzer-function-79bb4335938d.js [98/10000] md5=79bb4335938d82d557d11e6633b235d0 bytes=153 template=function origin=seed:tests/corpus/runtime/classes-and-objects.test.js
 PASS js-fuzzer-function-79bb4335938d.js [98/10000] status=ok obs=6512bd43d9ca coverage=+0/31/38 time=2ms
  RUN js-fuzzer-boundary-6aec0a9b1ff4.js [99/10000] md5=6aec0a9b1ff4294bcfecb539ba7e660b bytes=129 template=boundary origin=boundary:-9007199254740991
 PASS js-fuzzer-boundary-6aec0a9b1ff4.js [99/10000] status=ok obs=b3f3a95848f6 coverage=+0/31/38 time=2ms
  RUN js-fuzzer-corpus-08bc93bf5789.js [100/10000] md5=08bc93bf57897bc88ce7161fe56cd099 bytes=169 template=corpus origin=tests/corpus/runtime/closures-read-captured-values.test.js
 PASS js-fuzzer-corpus-08bc93bf5789.js [100/10000] status=ok obs=02e74f10e032 coverage=+0/31/38 time=1ms
  RUN js-fuzzer-block-scope-34346bbd8abb.js [101/10000] md5=34346bbd8abbdb7c56603c92b2706d32 bytes=114 template=block-scope origin=seed:tests/corpus/runtime/exceptions-and-nullish.test.js
 PASS js-fuzzer-block-scope-34346bbd8abb.js [101/10000] status=ok obs=ec8956637a99 coverage=+0/31/38 time=2ms
  RUN js-fuzzer-loop-f495ca2fc638.js [102/10000] md5=f495ca2fc6389f933578fc501f5b1465 bytes=81 template=loop origin=seed:tests/corpus/runtime/functions-closures-and-arrows.test.js
 PASS js-fuzzer-loop-f495ca2fc638.js [102/10000] status=ok obs=c4ca4238a0b9 coverage=+0/31/38 time=2ms
  RUN js-fuzzer-try-catch-49469dc3bbde.js [103/10000] md5=49469dc3bbdee70291dead76d4352702 bytes=109 template=try-catch origin=seed:tests/corpus/runtime/lexical-shadowing.test.js
 PASS js-fuzzer-try-catch-49469dc3bbde.js [103/10000] status=ok obs=d3d9446802a4 coverage=+0/31/38 time=2ms
  RUN js-fuzzer-class-769274f77fa6.js [104/10000] md5=769274f77fa62254ce7e0eb0e3adf7f1 bytes=100 template=class origin=seed:tests/corpus/runtime/modules-export.test.js
 PASS js-fuzzer-class-769274f77fa6.js [104/10000] status=ok obs=c4ca4238a0b9 coverage=+0/31/38 time=1ms
  RUN js-fuzzer-arithmetic-e1331f3062e2.js [105/10000] md5=e1331f3062e225762176908d59aa9a82 bytes=86 template=arithmetic origin=seed:tests/corpus/runtime/nested-try-finally.test.js
 PASS js-fuzzer-arithmetic-e1331f3062e2.js [105/10000] status=ok obs=3cec07e9ba5f coverage=+0/31/38 time=2ms
  RUN js-fuzzer-boundary-56f451fe2902.js [106/10000] md5=56f451fe2902341a3a470031c46238b3 bytes=123 template=boundary origin=boundary:-2147483648
 PASS js-fuzzer-boundary-56f451fe2902.js [106/10000] status=ok obs=034ff5946105 coverage=+0/31/38 time=2ms
  RUN js-fuzzer-array-object-f05822cae2a6.js [107/10000] md5=f05822cae2a6c3c367b1b8e09d2167c6 bytes=133 template=array-object origin=seed:tests/corpus/syntax/logical-unary-nullish.test.js
 PASS js-fuzzer-array-object-f05822cae2a6.js [107/10000] status=ok obs=9bf31c7ff062 coverage=+0/31/38 time=1ms
  RUN js-fuzzer-closure-72b4f45bb276.js [108/10000] md5=72b4f45bb276de5a43bf41985860eded bytes=184 template=closure origin=seed:tests/corpus/syntax/object-destructure-and-members.test.js
 PASS js-fuzzer-closure-72b4f45bb276.js [108/10000] status=ok obs=e2c420d928d4 coverage=+0/31/38 time=2ms
  RUN js-fuzzer-corpus-2aed353a2d20.js [109/10000] md5=2aed353a2d200d64cbaf7beb40face20 bytes=275 template=corpus origin=tests/corpus/syntax/switch-do-while-sequence.test.js
 PASS js-fuzzer-corpus-2aed353a2d20.js [109/10000] status=ok obs=6f4922f45568 coverage=+0/31/38 time=2ms
  RUN js-fuzzer-loop-b88258462a8d.js [110/10000] md5=b88258462a8d880f8b0e459fa23b2536 bytes=81 template=loop origin=seed:tests/corpus/syntax/template-array-destructure.test.js
 PASS js-fuzzer-loop-b88258462a8d.js [110/10000] status=ok obs=3c59dc048e88 coverage=+0/31/38 time=3ms
  RUN js-fuzzer-try-catch-7b36a94abb6d.js [111/10000] md5=7b36a94abb6ddf002e9dd3f3d3a0cea5 bytes=110 template=try-catch origin=seed:tests/corpus/syntax/typescript-assertions.test.ts
 PASS js-fuzzer-try-catch-7b36a94abb6d.js [111/10000] status=ok obs=37693cfc7480 coverage=+0/31/38 time=2ms
  RUN js-fuzzer-class-a9875f561daf.js [112/10000] md5=a9875f561daf181d949c68fc070db0e0 bytes=101 template=class origin=seed:tests/corpus/syntax/typescript-non-null-satisfies.test.ts
 PASS js-fuzzer-class-a9875f561daf.js [112/10000] status=ok obs=aab3238922bc coverage=+0/31/38 time=1ms
  RUN js-fuzzer-boundary-92df4f5b559a.js [113/10000] md5=92df4f5b559a550058b4133ffb629932 bytes=114 template=boundary origin=boundary:-2
 PASS js-fuzzer-boundary-92df4f5b559a.js [113/10000] status=ok obs=5d7b9adcbe1c coverage=+0/31/38 time=2ms
  RUN js-fuzzer-function-17ab2ee95112.js [114/10000] md5=17ab2ee95112b813f54b3d07b24c1dbd bytes=153 template=function origin=seed:tests/corpus/fixtures/state-machine-workflow.test.js
 PASS js-fuzzer-function-17ab2ee95112.js [114/10000] status=ok obs=b6d767d2f8ed coverage=+0/31/38 time=3ms
  RUN js-fuzzer-array-object-d916aff981e9.js [115/10000] md5=d916aff981e9df14ee8b26ecdb4afdce bytes=133 template=array-object origin=seed:tests/corpus/fixtures/vue-script-workflow.test.vue
 PASS js-fuzzer-array-object-d916aff981e9.js [115/10000] status=ok obs=8f14e45fceea coverage=+0/31/38 time=1ms
  RUN js-fuzzer-closure-a7c0528ab5e2.js [116/10000] md5=a7c0528ab5e27173a4f9cc6c7a5167ad bytes=183 template=closure origin=seed:tests/corpus/obfuscation/constant-tag-mix.test.js
 PASS js-fuzzer-closure-a7c0528ab5e2.js [116/10000] status=ok obs=70efdf2ec9b0 coverage=+0/31/38 time=2ms
  RUN js-fuzzer-block-scope-652d7136841b.js [117/10000] md5=652d7136841be8a38febc4fcb4320341 bytes=114 template=block-scope origin=seed:tests/corpus/obfuscation/extern-slot-permutation.test.js
 PASS js-fuzzer-block-scope-652d7136841b.js [117/10000] status=ok obs=f0935e4cd592 coverage=+0/31/38 time=2ms
  RUN js-fuzzer-corpus-efd663ac427b.js [118/10000] md5=efd663ac427b5ca270b2f8b928c902bf bytes=112 template=corpus origin=tests/corpus/obfuscation/externs-console.test.js
 PASS js-fuzzer-corpus-efd663ac427b.js [118/10000] status=ok obs=d289993e39c8 coverage=+0/31/38 time=2ms
  RUN js-fuzzer-try-catch-40520a1b7956.js [119/10000] md5=40520a1b7956f57804d753ea77e1e468 bytes=110 template=try-catch origin=seed:tests/corpus/obfuscation/seed-sensitive-functions.test.js
 PASS js-fuzzer-try-catch-40520a1b7956.js [119/10000] status=ok obs=70efdf2ec9b0 coverage=+0/31/38 time=1ms
  RUN js-fuzzer-boundary-3d1d4e90ebd9.js [120/10000] md5=3d1d4e90ebd99aad7ece59efc98f7563 bytes=114 template=boundary origin=boundary:-1
 PASS js-fuzzer-boundary-3d1d4e90ebd9.js [120/10000] status=ok obs=6bb61e3b7bce coverage=+0/31/38 time=2ms
  RUN js-fuzzer-arithmetic-db28135dc026.js [121/10000] md5=db28135dc026ba15fa640ac886d6610e bytes=85 template=arithmetic origin=seed:tests/corpus/regressions/multiple-functions-fib-add.test.js
 PASS js-fuzzer-arithmetic-db28135dc026.js [121/10000] status=ok obs=0aa1883c6411 coverage=+0/31/38 time=2ms
  RUN js-fuzzer-function-67a4a16b508e.js [122/10000] md5=67a4a16b508e8efc2a1fbbfc79004c7b bytes=153 template=function origin=seed:tests/corpus/regressions/scope-compressed-closure-params.test.js
 PASS js-fuzzer-function-67a4a16b508e.js [122/10000] status=ok obs=eccbc87e4b5c coverage=+0/31/38 time=2ms
  RUN js-fuzzer-array-object-3463145dc010.js [123/10000] md5=3463145dc010408891e9456115c8de5c bytes=133 template=array-object origin=seed:tests/corpus/runtime/arrays-objects-methods.test.js
 PASS js-fuzzer-array-object-3463145dc010.js [123/10000] status=ok obs=70efdf2ec9b0 coverage=+0/31/38 time=1ms
  RUN js-fuzzer-closure-7f04c6fb9c73.js [124/10000] md5=7f04c6fb9c739505f1f484dd19d8932d bytes=183 template=closure origin=seed:tests/corpus/runtime/block-scopes.test.js
 PASS js-fuzzer-closure-7f04c6fb9c73.js [124/10000] status=ok obs=1c383cd30b7c coverage=+0/31/38 time=1ms
  RUN js-fuzzer-block-scope-3648e9b149c9.js [125/10000] md5=3648e9b149c94870a2d1c04870d0b9d9 bytes=115 template=block-scope origin=seed:tests/corpus/runtime/class-fields-static-methods.test.js
 PASS js-fuzzer-block-scope-3648e9b149c9.js [125/10000] status=ok obs=5f93f983524d coverage=+0/31/38 time=2ms
  RUN js-fuzzer-loop-54e460cecf5c.js [126/10000] md5=54e460cecf5c05dfcffaa3b2e5f57445 bytes=81 template=loop origin=seed:tests/corpus/runtime/classes-and-objects.test.js
 PASS js-fuzzer-loop-54e460cecf5c.js [126/10000] status=ok obs=d3d9446802a4 coverage=+0/31/38 time=2ms
  RUN js-fuzzer-corpus-ddcb99247fc8.js [127/10000] md5=ddcb99247fc847c897b97c6bd6512b9f bytes=217 template=corpus origin=tests/corpus/runtime/closures-mutate-captured-bindings.test.js
 PASS js-fuzzer-corpus-ddcb99247fc8.js [127/10000] status=ok obs=e4da3b7fbbce coverage=+0/31/38 time=1ms
  RUN js-fuzzer-class-3b630e2d834a.js [128/10000] md5=3b630e2d834a95a01ee75571f8bc0075 bytes=101 template=class origin=seed:tests/corpus/runtime/closures-read-captured-values.test.js
 PASS js-fuzzer-class-3b630e2d834a.js [128/10000] status=ok obs=6512bd43d9ca coverage=+0/31/38 time=2ms
  RUN js-fuzzer-arithmetic-fbf48f00832a.js [129/10000] md5=fbf48f00832a7cd6b44347b24f6bdd98 bytes=85 template=arithmetic origin=seed:tests/corpus/runtime/exceptions-and-nullish.test.js
 PASS js-fuzzer-arithmetic-fbf48f00832a.js [129/10000] status=ok obs=6da9003b743b coverage=+0/31/38 time=2ms
  RUN js-fuzzer-function-3e322d578629.js [130/10000] md5=3e322d5786297aab4fec4c2fa56a2542 bytes=153 template=function origin=seed:tests/corpus/runtime/functions-closures-and-arrows.test.js
 PASS js-fuzzer-function-3e322d578629.js [130/10000] status=ok obs=1679091c5a88 coverage=+0/31/38 time=2ms
  RUN js-fuzzer-array-object-79af6a44b322.js [131/10000] md5=79af6a44b32288b89579eb6490ba6568 bytes=133 template=array-object origin=seed:tests/corpus/runtime/lexical-shadowing.test.js
 PASS js-fuzzer-array-object-79af6a44b322.js [131/10000] status=ok obs=c51ce410c124 coverage=+0/31/38 time=1ms
  RUN js-fuzzer-closure-60e11df9decb.js [132/10000] md5=60e11df9decb8163c19ec38a3b1ddd27 bytes=183 template=closure origin=seed:tests/corpus/runtime/modules-export.test.js
 PASS js-fuzzer-closure-60e11df9decb.js [132/10000] status=ok obs=8e296a067a37 coverage=+0/31/38 time=2ms
  RUN js-fuzzer-block-scope-6417f2589c9c.js [133/10000] md5=6417f2589c9c44f5c51f1205a1099af9 bytes=115 template=block-scope origin=seed:tests/corpus/runtime/nested-try-finally.test.js
 PASS js-fuzzer-block-scope-6417f2589c9c.js [133/10000] status=ok obs=5f93f983524d coverage=+0/31/38 time=2ms
  RUN js-fuzzer-boundary-6330cdecf02f.js [134/10000] md5=6330cdecf02f68328876d88213acc2ac bytes=128 template=boundary origin=boundary:9007199254740991
 PASS js-fuzzer-boundary-6330cdecf02f.js [134/10000] status=ok obs=8bfa9ad090fb coverage=+0/31/38 time=1ms
  RUN js-fuzzer-try-catch-40520a1b7956.js [135/10000] md5=40520a1b7956f57804d753ea77e1e468 bytes=110 template=try-catch origin=seed:tests/corpus/syntax/logical-unary-nullish.test.js
 PASS js-fuzzer-try-catch-40520a1b7956.js [135/10000] status=ok obs=70efdf2ec9b0 coverage=+0/31/38 time=2ms
  RUN js-fuzzer-corpus-96ebdcb81273.js [136/10000] md5=96ebdcb81273f0e5e5778a6c70c94988 bytes=171 template=corpus origin=tests/corpus/syntax/object-destructure-and-members.test.js
 PASS js-fuzzer-corpus-96ebdcb81273.js [136/10000] status=ok obs=bfad8dfa12ed coverage=+0/31/38 time=2ms
  RUN js-fuzzer-arithmetic-be40754080aa.js [137/10000] md5=be40754080aaf441c05fb57d9bc0ba08 bytes=84 template=arithmetic origin=seed:tests/corpus/syntax/switch-do-while-sequence.test.js
 PASS js-fuzzer-arithmetic-be40754080aa.js [137/10000] status=ok obs=6ea9ab1baa0e coverage=+0/31/38 time=2ms
  RUN js-fuzzer-function-53ef3ed61b76.js [138/10000] md5=53ef3ed61b76dc45be6c66e5b3206216 bytes=153 template=function origin=seed:tests/corpus/syntax/template-array-destructure.test.js
 PASS js-fuzzer-function-53ef3ed61b76.js [138/10000] status=ok obs=70efdf2ec9b0 coverage=+0/31/38 time=2ms
  RUN js-fuzzer-array-object-9a255397dce6.js [139/10000] md5=9a255397dce65295f541142f2213ec10 bytes=133 template=array-object origin=seed:tests/corpus/syntax/typescript-assertions.test.ts
 PASS js-fuzzer-array-object-9a255397dce6.js [139/10000] status=ok obs=d3d9446802a4 coverage=+0/31/38 time=2ms
  RUN js-fuzzer-closure-2510dd314d79.js [140/10000] md5=2510dd314d79309b14c9282045beb004 bytes=185 template=closure origin=seed:tests/corpus/syntax/typescript-non-null-satisfies.test.ts
 PASS js-fuzzer-closure-2510dd314d79.js [140/10000] status=ok obs=093f65e080a2 coverage=+0/31/38 time=1ms
  RUN js-fuzzer-boundary-5c12d757f0dd.js [141/10000] md5=5c12d757f0ddd5c6b1207b14fb1e8d0c bytes=122 template=boundary origin=boundary:2147483647
 PASS js-fuzzer-boundary-5c12d757f0dd.js [141/10000] status=ok obs=c588c0a459f4 coverage=+0/31/38 time=2ms
  RUN js-fuzzer-loop-b88258462a8d.js [142/10000] md5=b88258462a8d880f8b0e459fa23b2536 bytes=81 template=loop origin=seed:tests/corpus/fixtures/state-machine-workflow.test.js
 PASS js-fuzzer-loop-b88258462a8d.js [142/10000] status=ok obs=3c59dc048e88 coverage=+0/31/38 time=2ms
  RUN js-fuzzer-try-catch-e92e59cfe8b3.js [143/10000] md5=e92e59cfe8b3da295d2f9e96a4effe15 bytes=109 template=try-catch origin=seed:tests/corpus/fixtures/vue-script-workflow.test.vue
 PASS js-fuzzer-try-catch-e92e59cfe8b3.js [143/10000] status=ok obs=eccbc87e4b5c coverage=+0/31/38 time=1ms
  RUN js-fuzzer-class-c6bbe0a63455.js [144/10000] md5=c6bbe0a634559d18fa82cf0c9a421610 bytes=100 template=class origin=seed:tests/corpus/obfuscation/constant-tag-mix.test.js
 PASS js-fuzzer-class-c6bbe0a63455.js [144/10000] status=ok obs=1679091c5a88 coverage=+0/31/38 time=2ms
  RUN js-fuzzer-corpus-fe2d30a6e413.js [145/10000] md5=fe2d30a6e4139e7a8b52405bed737faa bytes=220 template=corpus origin=tests/corpus/obfuscation/extern-slot-permutation.test.js
 PASS js-fuzzer-corpus-fe2d30a6e413.js [145/10000] status=ok obs=c34c702d0256 coverage=+0/31/38 time=2ms
  RUN js-fuzzer-function-f9a15ede1a13.js [146/10000] md5=f9a15ede1a136ec60ae593fd7d4d8635 bytes=153 template=function origin=seed:tests/corpus/obfuscation/externs-console.test.js
 PASS js-fuzzer-function-f9a15ede1a13.js [146/10000] status=ok obs=d3d9446802a4 coverage=+0/31/38 time=2ms
  RUN js-fuzzer-array-object-707b9b52518e.js [147/10000] md5=707b9b52518e9f84b5d9b19a04d123da bytes=133 template=array-object origin=seed:tests/corpus/obfuscation/seed-sensitive-functions.test.js
 PASS js-fuzzer-array-object-707b9b52518e.js [147/10000] status=ok obs=70efdf2ec9b0 coverage=+0/31/38 time=2ms
  RUN js-fuzzer-boundary-221618e58a55.js [148/10000] md5=221618e58a55537e4dc7530ef9f57aaf bytes=113 template=boundary origin=boundary:2
 PASS js-fuzzer-boundary-221618e58a55.js [148/10000] status=ok obs=c81e728d9d4c coverage=+0/31/38 time=1ms
  RUN js-fuzzer-block-scope-8b79233a7c16.js [149/10000] md5=8b79233a7c166fb0d6cb362ea16c5af0 bytes=114 template=block-scope origin=seed:tests/corpus/regressions/multiple-functions-fib-add.test.js
 PASS js-fuzzer-block-scope-8b79233a7c16.js [149/10000] status=ok obs=2723d092b638 coverage=+0/31/38 time=2ms
  RUN js-fuzzer-loop-bbf1d7a15d8d.js [150/10000] md5=bbf1d7a15d8dd015402d75c0e0108b5f bytes=81 template=loop origin=seed:tests/corpus/regressions/scope-compressed-closure-params.test.js
 PASS js-fuzzer-loop-bbf1d7a15d8d.js [150/10000] status=ok obs=1679091c5a88 coverage=+0/31/38 time=2ms
  RUN js-fuzzer-try-catch-13abe4d24a2d.js [151/10000] md5=13abe4d24a2dd7935e11d59d61044cdc bytes=109 template=try-catch origin=seed:tests/corpus/runtime/arrays-objects-methods.test.js
 PASS js-fuzzer-try-catch-13abe4d24a2d.js [151/10000] status=ok obs=c9f0f895fb98 coverage=+0/31/38 time=1ms
  RUN js-fuzzer-class-6736c24444bc.js [152/10000] md5=6736c24444bc6ff151b05a9a974ae4d5 bytes=100 template=class origin=seed:tests/corpus/runtime/block-scopes.test.js
 PASS js-fuzzer-class-6736c24444bc.js [152/10000] status=ok obs=45c48cce2e2d coverage=+0/31/38 time=2ms
  RUN js-fuzzer-arithmetic-84fc2eb21a56.js [153/10000] md5=84fc2eb21a56b7b8c80121c1fc41bc51 bytes=85 template=arithmetic origin=seed:tests/corpus/runtime/class-fields-static-methods.test.js
 PASS js-fuzzer-arithmetic-84fc2eb21a56.js [153/10000] status=ok obs=0f28b5d49b30 coverage=+0/31/38 time=2ms
  RUN js-fuzzer-corpus-663bf83cd082.js [154/10000] md5=663bf83cd082bd221441dae6bbc85046 bytes=278 template=corpus origin=tests/corpus/runtime/classes-and-objects.test.js
 PASS js-fuzzer-corpus-663bf83cd082.js [154/10000] status=ok obs=6f4922f45568 coverage=+0/31/38 time=2ms
  RUN js-fuzzer-boundary-a6a77cc918cc.js [155/10000] md5=a6a77cc918cc479b04ccb7be2bd80dac bytes=113 template=boundary origin=boundary:1
 PASS js-fuzzer-boundary-a6a77cc918cc.js [155/10000] status=ok obs=c4ca4238a0b9 coverage=+0/31/38 time=1ms
  RUN js-fuzzer-closure-a9126fe8260b.js [156/10000] md5=a9126fe8260beaa37011f69c354c3505 bytes=185 template=closure origin=seed:tests/corpus/runtime/closures-read-captured-values.test.js
 PASS js-fuzzer-closure-a9126fe8260b.js [156/10000] status=ok obs=d2ddea18f006 coverage=+0/31/38 time=2ms
  RUN js-fuzzer-block-scope-1aea42ff83c7.js [157/10000] md5=1aea42ff83c7426f6beafa17777ff418 bytes=114 template=block-scope origin=seed:tests/corpus/runtime/exceptions-and-nullish.test.js
 PASS js-fuzzer-block-scope-1aea42ff83c7.js [157/10000] status=ok obs=a3c65c297427 coverage=+0/31/38 time=2ms
  RUN js-fuzzer-loop-55c7c905bffb.js [158/10000] md5=55c7c905bffb4bbbc4c8fb9b91df6ad8 bytes=81 template=loop origin=seed:tests/corpus/runtime/functions-closures-and-arrows.test.js
 PASS js-fuzzer-loop-55c7c905bffb.js [158/10000] status=ok obs=eccbc87e4b5c coverage=+0/31/38 time=2ms
  RUN js-fuzzer-try-catch-7cb82b9a3fc9.js [159/10000] md5=7cb82b9a3fc9743b17b967ebeeaab91b bytes=110 template=try-catch origin=seed:tests/corpus/runtime/lexical-shadowing.test.js
 PASS js-fuzzer-try-catch-7cb82b9a3fc9.js [159/10000] status=ok obs=b6d767d2f8ed coverage=+0/31/38 time=1ms
  RUN js-fuzzer-class-6736c24444bc.js [160/10000] md5=6736c24444bc6ff151b05a9a974ae4d5 bytes=100 template=class origin=seed:tests/corpus/runtime/modules-export.test.js
 PASS js-fuzzer-class-6736c24444bc.js [160/10000] status=ok obs=45c48cce2e2d coverage=+0/31/38 time=2ms
  RUN js-fuzzer-arithmetic-6f3713923e83.js [161/10000] md5=6f3713923e8396a2e29583f30480f03c bytes=84 template=arithmetic origin=seed:tests/corpus/runtime/nested-try-finally.test.js
 PASS js-fuzzer-arithmetic-6f3713923e83.js [161/10000] status=ok obs=072b030ba126 coverage=+0/31/38 time=2ms
  RUN js-fuzzer-boundary-37492c99ff33.js [162/10000] md5=37492c99ff33e9d5e09e0b8e84ba785a bytes=129 template=boundary origin=boundary:-9007199254740991
 PASS js-fuzzer-boundary-37492c99ff33.js [162/10000] status=ok obs=b3f3a95848f6 coverage=+0/31/38 time=1ms
  RUN js-fuzzer-corpus-279b64032335.js [163/10000] md5=279b640323351a1b082b98b42d2a2d55 bytes=134 template=corpus origin=tests/corpus/syntax/logical-unary-nullish.test.js
 PASS js-fuzzer-corpus-279b64032335.js [163/10000] status=ok obs=45c48cce2e2d coverage=+0/31/38 time=2ms
  RUN js-fuzzer-closure-073b36d8ff38.js [164/10000] md5=073b36d8ff3888c58d5fd0f3294acf05 bytes=184 template=closure origin=seed:tests/corpus/syntax/object-destructure-and-members.test.js
 PASS js-fuzzer-closure-073b36d8ff38.js [164/10000] status=ok obs=03afdbd66e79 coverage=+0/31/38 time=2ms
  RUN js-fuzzer-block-scope-2f4bb21655e1.js [165/10000] md5=2f4bb21655e1a9ad90390460575f34bf bytes=114 template=block-scope origin=seed:tests/corpus/syntax/switch-do-while-sequence.test.js
 PASS js-fuzzer-block-scope-2f4bb21655e1.js [165/10000] status=ok obs=2723d092b638 coverage=+0/31/38 time=1ms
  RUN js-fuzzer-loop-b88258462a8d.js [166/10000] md5=b88258462a8d880f8b0e459fa23b2536 bytes=81 template=loop origin=seed:tests/corpus/syntax/template-array-destructure.test.js
 PASS js-fuzzer-loop-b88258462a8d.js [166/10000] status=ok obs=3c59dc048e88 coverage=+0/31/38 time=2ms
  RUN js-fuzzer-try-catch-18b0b31fe014.js [167/10000] md5=18b0b31fe014e787990869dd8a5ff18b bytes=110 template=try-catch origin=seed:tests/corpus/syntax/typescript-assertions.test.ts
 PASS js-fuzzer-try-catch-18b0b31fe014.js [167/10000] status=ok obs=aab3238922bc coverage=+0/31/38 time=3ms
  RUN js-fuzzer-class-587587295e00.js [168/10000] md5=587587295e0075a0a19c4572e53274fe bytes=101 template=class origin=seed:tests/corpus/syntax/typescript-non-null-satisfies.test.ts
 PASS js-fuzzer-class-587587295e00.js [168/10000] status=ok obs=1f0e3dad9990 coverage=+0/31/38 time=1ms
  RUN js-fuzzer-boundary-512d8e9b531d.js [169/10000] md5=512d8e9b531dd316e823325cc949e70e bytes=123 template=boundary origin=boundary:-2147483648
 PASS js-fuzzer-boundary-512d8e9b531d.js [169/10000] status=ok obs=034ff5946105 coverage=+0/31/38 time=2ms
  RUN js-fuzzer-function-297962b584b2.js [170/10000] md5=297962b584b2139723d9064b9ad0de50 bytes=153 template=function origin=seed:tests/corpus/fixtures/state-machine-workflow.test.js
 PASS js-fuzzer-function-297962b584b2.js [170/10000] status=ok obs=c81e728d9d4c coverage=+0/31/38 time=2ms
  RUN js-fuzzer-array-object-1ce47d03a96f.js [171/10000] md5=1ce47d03a96f0da9f9dec218fa121bd5 bytes=133 template=array-object origin=seed:tests/corpus/fixtures/vue-script-workflow.test.vue
 PASS js-fuzzer-array-object-1ce47d03a96f.js [171/10000] status=ok obs=98f137082101 coverage=+0/31/38 time=2ms
  RUN js-fuzzer-corpus-f00ef18b0a17.js [172/10000] md5=f00ef18b0a172b2a2d9833f5b7fe94e2 bytes=199 template=corpus origin=tests/corpus/obfuscation/constant-tag-mix.test.js
 PASS js-fuzzer-corpus-f00ef18b0a17.js [172/10000] status=ok obs=e86823f38986 coverage=+0/31/38 time=1ms
  RUN js-fuzzer-block-scope-654da4f66cd2.js [173/10000] md5=654da4f66cd283db628a26cffa0b8c34 bytes=115 template=block-scope origin=seed:tests/corpus/obfuscation/extern-slot-permutation.test.js
 PASS js-fuzzer-block-scope-654da4f66cd2.js [173/10000] status=ok obs=5f93f983524d coverage=+0/31/38 time=2ms
  RUN js-fuzzer-loop-bbf1d7a15d8d.js [174/10000] md5=bbf1d7a15d8dd015402d75c0e0108b5f bytes=81 template=loop origin=seed:tests/corpus/obfuscation/externs-console.test.js
 PASS js-fuzzer-loop-bbf1d7a15d8d.js [174/10000] status=ok obs=1679091c5a88 coverage=+0/31/38 time=2ms
  RUN js-fuzzer-try-catch-83aeb7d5f114.js [175/10000] md5=83aeb7d5f114f448e90b2f3e31e7a7e9 bytes=110 template=try-catch origin=seed:tests/corpus/obfuscation/seed-sensitive-functions.test.js
 PASS js-fuzzer-try-catch-83aeb7d5f114.js [175/10000] status=ok obs=e369853df766 coverage=+0/31/38 time=1ms
  RUN js-fuzzer-boundary-4ae25cb2e150.js [176/10000] md5=4ae25cb2e15083bfca9f6b81b3f9f24b bytes=114 template=boundary origin=boundary:-2
 PASS js-fuzzer-boundary-4ae25cb2e150.js [176/10000] status=ok obs=5d7b9adcbe1c coverage=+0/31/38 time=2ms
  RUN js-fuzzer-arithmetic-5db5ac1a1b55.js [177/10000] md5=5db5ac1a1b552010f04287d7f5aec37b bytes=85 template=arithmetic origin=seed:tests/corpus/regressions/multiple-functions-fib-add.test.js
 PASS js-fuzzer-arithmetic-5db5ac1a1b55.js [177/10000] status=ok obs=9872ed9fc22f coverage=+0/31/38 time=2ms
  RUN js-fuzzer-function-ba7ea055d439.js [178/10000] md5=ba7ea055d4397ffca213251195491d86 bytes=153 template=function origin=seed:tests/corpus/regressions/scope-compressed-closure-params.test.js
 PASS js-fuzzer-function-ba7ea055d439.js [178/10000] status=ok obs=8f14e45fceea coverage=+0/31/38 time=2ms
  RUN js-fuzzer-array-object-e219f45dafd7.js [179/10000] md5=e219f45dafd7a243511e57b5fe751ee4 bytes=133 template=array-object origin=seed:tests/corpus/runtime/arrays-objects-methods.test.js
 PASS js-fuzzer-array-object-e219f45dafd7.js [179/10000] status=ok obs=c74d97b01eae coverage=+0/31/38 time=1ms
  RUN js-fuzzer-closure-79b12ac260a8.js [180/10000] md5=79b12ac260a8d3469ce187aa4f430cb0 bytes=184 template=closure origin=seed:tests/corpus/runtime/block-scopes.test.js
 PASS js-fuzzer-closure-79b12ac260a8.js [180/10000] status=ok obs=d67d8ab4f4c1 coverage=+0/31/38 time=1ms
  RUN js-fuzzer-corpus-a64e83c2f849.js [181/10000] md5=a64e83c2f84925dca8985eabe963ee21 bytes=179 template=corpus origin=tests/corpus/runtime/class-fields-static-methods.test.js
 PASS js-fuzzer-corpus-a64e83c2f849.js [181/10000] status=ok obs=8f14e45fceea coverage=+0/31/38 time=2ms
  RUN js-fuzzer-loop-bbf1d7a15d8d.js [182/10000] md5=bbf1d7a15d8dd015402d75c0e0108b5f bytes=81 template=loop origin=seed:tests/corpus/runtime/classes-and-objects.test.js
 PASS js-fuzzer-loop-bbf1d7a15d8d.js [182/10000] status=ok obs=1679091c5a88 coverage=+0/31/38 time=2ms
  RUN js-fuzzer-boundary-1024adcac0e5.js [183/10000] md5=1024adcac0e5cc9f99f478fa66dcc00c bytes=114 template=boundary origin=boundary:-1
 PASS js-fuzzer-boundary-1024adcac0e5.js [183/10000] status=ok obs=6bb61e3b7bce coverage=+0/31/38 time=1ms
  RUN js-fuzzer-class-ff7d9ca3da86.js [184/10000] md5=ff7d9ca3da86b49917ac34b4d48e8df9 bytes=101 template=class origin=seed:tests/corpus/runtime/closures-read-captured-values.test.js
 PASS js-fuzzer-class-ff7d9ca3da86.js [184/10000] status=ok obs=c20ad4d76fe9 coverage=+0/31/38 time=2ms
  RUN js-fuzzer-arithmetic-f4faa0bb6f6d.js [185/10000] md5=f4faa0bb6f6d20f47dec4de65ff3e51e bytes=84 template=arithmetic origin=seed:tests/corpus/runtime/exceptions-and-nullish.test.js
 PASS js-fuzzer-arithmetic-f4faa0bb6f6d.js [185/10000] status=ok obs=bd686fd640be coverage=+0/31/38 time=2ms
  RUN js-fuzzer-function-84b6f0564867.js [186/10000] md5=84b6f05648673d1e7da8df04c8cbab23 bytes=153 template=function origin=seed:tests/corpus/runtime/functions-closures-and-arrows.test.js
 PASS js-fuzzer-function-84b6f0564867.js [186/10000] status=ok obs=c74d97b01eae coverage=+0/31/38 time=2ms
  RUN js-fuzzer-array-object-c7e2a662f172.js [187/10000] md5=c7e2a662f1726f10b5d8983647d21333 bytes=133 template=array-object origin=seed:tests/corpus/runtime/lexical-shadowing.test.js
 PASS js-fuzzer-array-object-c7e2a662f172.js [187/10000] status=ok obs=c51ce410c124 coverage=+0/31/38 time=1ms
  RUN js-fuzzer-closure-177ac1f6e5b8.js [188/10000] md5=177ac1f6e5b820f1c8af5a52a84b0398 bytes=184 template=closure origin=seed:tests/corpus/runtime/modules-export.test.js
 PASS js-fuzzer-closure-177ac1f6e5b8.js [188/10000] status=ok obs=03afdbd66e79 coverage=+0/31/38 time=2ms
  RUN js-fuzzer-block-scope-403bacc3c4e2.js [189/10000] md5=403bacc3c4e28bf043b2bddae5fcb47f bytes=114 template=block-scope origin=seed:tests/corpus/runtime/nested-try-finally.test.js
 PASS js-fuzzer-block-scope-403bacc3c4e2.js [189/10000] status=ok obs=a3c65c297427 coverage=+0/31/38 time=2ms
  RUN js-fuzzer-corpus-89e900fcb72f.js [190/10000] md5=89e900fcb72ff838bfe9a13ae091363f bytes=228 template=corpus origin=tests/corpus/syntax/control-flow-and-operators.test.js
 PASS js-fuzzer-corpus-89e900fcb72f.js [190/10000] status=ok obs=aab3238922bc coverage=+0/31/38 time=2ms
  RUN js-fuzzer-try-catch-a4e2330c4919.js [191/10000] md5=a4e2330c49196805169dbf8449e466fa bytes=110 template=try-catch origin=seed:tests/corpus/syntax/logical-unary-nullish.test.js
 PASS js-fuzzer-try-catch-a4e2330c4919.js [191/10000] status=ok obs=3c59dc048e88 coverage=+0/31/38 time=2ms
  RUN js-fuzzer-class-c0844991889f.js [192/10000] md5=c0844991889f03308712cd6bc6b7c31c bytes=101 template=class origin=seed:tests/corpus/syntax/object-destructure-and-members.test.js
 PASS js-fuzzer-class-c0844991889f.js [192/10000] status=ok obs=70efdf2ec9b0 coverage=+0/31/38 time=1ms
  RUN js-fuzzer-arithmetic-6d29a1413c69.js [193/10000] md5=6d29a1413c69f5b75d731d8a1ca81ea6 bytes=84 template=arithmetic origin=seed:tests/corpus/syntax/switch-do-while-sequence.test.js
 PASS js-fuzzer-arithmetic-6d29a1413c69.js [193/10000] status=ok obs=9fc3d7152ba9 coverage=+0/31/38 time=2ms
  RUN js-fuzzer-function-7078b1558e88.js [194/10000] md5=7078b1558e88c84f2ce4ff32c844a13e bytes=153 template=function origin=seed:tests/corpus/syntax/template-array-destructure.test.js
 PASS js-fuzzer-function-7078b1558e88.js [194/10000] status=ok obs=1679091c5a88 coverage=+0/31/38 time=2ms
  RUN js-fuzzer-array-object-64abb3bf59a0.js [195/10000] md5=64abb3bf59a0f26e29deafdcb636c230 bytes=133 template=array-object origin=seed:tests/corpus/syntax/typescript-assertions.test.ts
 PASS js-fuzzer-array-object-64abb3bf59a0.js [195/10000] status=ok obs=9bf31c7ff062 coverage=+0/31/38 time=2ms
  RUN js-fuzzer-closure-b1cf6c3cc065.js [196/10000] md5=b1cf6c3cc0657043375f599ceb8408c7 bytes=184 template=closure origin=seed:tests/corpus/syntax/typescript-non-null-satisfies.test.ts
 PASS js-fuzzer-closure-b1cf6c3cc065.js [196/10000] status=ok obs=3416a75f4cea coverage=+0/31/38 time=2ms
  RUN js-fuzzer-boundary-4bea2a6e0cb0.js [197/10000] md5=4bea2a6e0cb0c7bb0b29e5b5d44112d8 bytes=128 template=boundary origin=boundary:9007199254740991
 PASS js-fuzzer-boundary-4bea2a6e0cb0.js [197/10000] status=ok obs=dc9a0d67a31d coverage=+0/31/38 time=1ms
  RUN js-fuzzer-loop-d35707ad0bf7.js [198/10000] md5=d35707ad0bf74148f671ad8943998af6 bytes=81 template=loop origin=seed:tests/corpus/fixtures/state-machine-workflow.test.js
 PASS js-fuzzer-loop-d35707ad0bf7.js [198/10000] status=ok obs=9bf31c7ff062 coverage=+0/31/38 time=2ms
  RUN js-fuzzer-corpus-f722388c7961.js [199/10000] md5=f722388c7961d2a0288508c35f28a5f8 bytes=96 template=corpus origin=tests/corpus/fixtures/vue-script-workflow.test.vue
 PASS js-fuzzer-corpus-f722388c7961.js [199/10000] status=ok obs=6512bd43d9ca coverage=+0/31/38 time=2ms
  RUN js-fuzzer-class-f454a055ed5d.js [200/10000] md5=f454a055ed5dc800cb1ab66abc7a01de bytes=100 template=class origin=seed:tests/corpus/obfuscation/constant-tag-mix.test.js
 PASS js-fuzzer-class-f454a055ed5d.js [200/10000] status=ok obs=a87ff679a2f3 coverage=+0/31/38 time=1ms
  RUN js-fuzzer-arithmetic-d21247dbebab.js [201/10000] md5=d21247dbebab9ee787c1e2dc2989d1ad bytes=84 template=arithmetic origin=seed:tests/corpus/obfuscation/extern-slot-permutation.test.js
 PASS js-fuzzer-arithmetic-d21247dbebab.js [201/10000] status=ok obs=ed3d2c21991e coverage=+0/31/38 time=2ms
  RUN js-fuzzer-function-805986a3b478.js [202/10000] md5=805986a3b4784e72cf43592e25340692 bytes=153 template=function origin=seed:tests/corpus/obfuscation/externs-console.test.js
 PASS js-fuzzer-function-805986a3b478.js [202/10000] status=ok obs=c51ce410c124 coverage=+0/31/38 time=2ms
  RUN js-fuzzer-array-object-29349f1ea60d.js [203/10000] md5=29349f1ea60d15aaa3890b87f03e85d8 bytes=133 template=array-object origin=seed:tests/corpus/obfuscation/seed-sensitive-functions.test.js
 PASS js-fuzzer-array-object-29349f1ea60d.js [203/10000] status=ok obs=c51ce410c124 coverage=+0/31/38 time=2ms
  RUN js-fuzzer-boundary-4b188851088a.js [204/10000] md5=4b188851088a18b5b5e1424320aec545 bytes=122 template=boundary origin=boundary:2147483647
 PASS js-fuzzer-boundary-4b188851088a.js [204/10000] status=ok obs=c588c0a459f4 coverage=+0/31/38 time=2ms
  RUN js-fuzzer-block-scope-041ad61d2adf.js [205/10000] md5=041ad61d2adf327a5cb0cee5a2d4512d bytes=114 template=block-scope origin=seed:tests/corpus/regressions/multiple-functions-fib-add.test.js
 PASS js-fuzzer-block-scope-041ad61d2adf.js [205/10000] status=ok obs=65b9eea6e1cc coverage=+0/31/38 time=1ms
  RUN js-fuzzer-loop-b88258462a8d.js [206/10000] md5=b88258462a8d880f8b0e459fa23b2536 bytes=81 template=loop origin=seed:tests/corpus/regressions/scope-compressed-closure-params.test.js
 PASS js-fuzzer-loop-b88258462a8d.js [206/10000] status=ok obs=3c59dc048e88 coverage=+0/31/38 time=2ms
  RUN js-fuzzer-try-catch-83aeb7d5f114.js [207/10000] md5=83aeb7d5f114f448e90b2f3e31e7a7e9 bytes=110 template=try-catch origin=seed:tests/corpus/runtime/arrays-objects-methods.test.js
 PASS js-fuzzer-try-catch-83aeb7d5f114.js [207/10000] status=ok obs=e369853df766 coverage=+0/31/38 time=2ms
  RUN js-fuzzer-corpus-8b78ba7912c5.js [208/10000] md5=8b78ba7912c51f6cf304b65c6ebdb2e3 bytes=289 template=corpus origin=tests/corpus/runtime/block-scopes.test.js
 PASS js-fuzzer-corpus-8b78ba7912c5.js [208/10000] status=ok obs=37693cfc7480 coverage=+0/31/38 time=2ms
  RUN js-fuzzer-arithmetic-248e36bfd8ba.js [209/10000] md5=248e36bfd8ba265e8686aa7c19ed9534 bytes=85 template=arithmetic origin=seed:tests/corpus/runtime/class-fields-static-methods.test.js
 PASS js-fuzzer-arithmetic-248e36bfd8ba.js [209/10000] status=ok obs=37a749d808e4 coverage=+0/31/38 time=1ms
  RUN js-fuzzer-function-2a74733dc731.js [210/10000] md5=2a74733dc7313f8fa40f843496dd9ed4 bytes=153 template=function origin=seed:tests/corpus/runtime/classes-and-objects.test.js
 PASS js-fuzzer-function-2a74733dc731.js [210/10000] status=ok obs=45c48cce2e2d coverage=+0/31/38 time=2ms
  RUN js-fuzzer-boundary-221618e58a55.js [211/10000] md5=221618e58a55537e4dc7530ef9f57aaf bytes=113 template=boundary origin=boundary:2
 PASS js-fuzzer-boundary-221618e58a55.js [211/10000] status=ok obs=c81e728d9d4c coverage=+0/31/38 time=2ms
  RUN js-fuzzer-closure-557de75c1da4.js [212/10000] md5=557de75c1da49c2982837083e1ea9393 bytes=183 template=closure origin=seed:tests/corpus/runtime/closures-read-captured-values.test.js
 PASS js-fuzzer-closure-557de75c1da4.js [212/10000] status=ok obs=6ea9ab1baa0e coverage=+0/31/38 time=2ms
  RUN js-fuzzer-block-scope-0e2f1ddd0627.js [213/10000] md5=0e2f1ddd0627f4a9c4a62578b5531929 bytes=114 template=block-scope origin=seed:tests/corpus/runtime/exceptions-and-nullish.test.js
 PASS js-fuzzer-block-scope-0e2f1ddd0627.js [213/10000] status=ok obs=2723d092b638 coverage=+0/31/38 time=1ms
  RUN js-fuzzer-loop-54e460cecf5c.js [214/10000] md5=54e460cecf5c05dfcffaa3b2e5f57445 bytes=81 template=loop origin=seed:tests/corpus/runtime/functions-closures-and-arrows.test.js
 PASS js-fuzzer-loop-54e460cecf5c.js [214/10000] status=ok obs=d3d9446802a4 coverage=+0/31/38 time=2ms
  RUN js-fuzzer-try-catch-676dafc46859.js [215/10000] md5=676dafc4685905581f3925e95c53669f bytes=110 template=try-catch origin=seed:tests/corpus/runtime/lexical-shadowing.test.js
 PASS js-fuzzer-try-catch-676dafc46859.js [215/10000] status=ok obs=a5771bce93e2 coverage=+0/31/38 time=2ms
  RUN js-fuzzer-class-1fb70654253d.js [216/10000] md5=1fb70654253d944404805630039f463c bytes=101 template=class origin=seed:tests/corpus/runtime/modules-export.test.js
 PASS js-fuzzer-class-1fb70654253d.js [216/10000] status=ok obs=c51ce410c124 coverage=+0/31/38 time=2ms
  RUN js-fuzzer-corpus-c557f8da2a9d.js [217/10000] md5=c557f8da2a9d2904c70dca50c3eeb50e bytes=191 template=corpus origin=tests/corpus/runtime/nested-try-finally.test.js
 PASS js-fuzzer-corpus-c557f8da2a9d.js [217/10000] status=ok obs=8f14e45fceea coverage=+0/31/38 time=1ms
  RUN js-fuzzer-boundary-a6a77cc918cc.js [218/10000] md5=a6a77cc918cc479b04ccb7be2bd80dac bytes=113 template=boundary origin=boundary:1
 PASS js-fuzzer-boundary-a6a77cc918cc.js [218/10000] status=ok obs=c4ca4238a0b9 coverage=+0/31/38 time=2ms
  RUN js-fuzzer-array-object-2254a20156f4.js [219/10000] md5=2254a20156f46d8886e803e112504319 bytes=133 template=array-object origin=seed:tests/corpus/syntax/logical-unary-nullish.test.js
 PASS js-fuzzer-array-object-2254a20156f4.js [219/10000] status=ok obs=c74d97b01eae coverage=+0/31/38 time=1ms
  RUN js-fuzzer-closure-a7290ab1433b.js [220/10000] md5=a7290ab1433b0718bda6603ed58614be bytes=184 template=closure origin=seed:tests/corpus/syntax/object-destructure-and-members.test.js
 PASS js-fuzzer-closure-a7290ab1433b.js [220/10000] status=ok obs=f457c545a9de coverage=+0/31/38 time=1ms
  RUN js-fuzzer-block-scope-3648e9b149c9.js [221/10000] md5=3648e9b149c94870a2d1c04870d0b9d9 bytes=115 template=block-scope origin=seed:tests/corpus/syntax/switch-do-while-sequence.test.js
 PASS js-fuzzer-block-scope-3648e9b149c9.js [221/10000] status=ok obs=5f93f983524d coverage=+0/31/38 time=2ms
  RUN js-fuzzer-loop-bbf1d7a15d8d.js [222/10000] md5=bbf1d7a15d8dd015402d75c0e0108b5f bytes=81 template=loop origin=seed:tests/corpus/syntax/template-array-destructure.test.js
 PASS js-fuzzer-loop-bbf1d7a15d8d.js [222/10000] status=ok obs=1679091c5a88 coverage=+0/31/38 time=2ms
  RUN js-fuzzer-try-catch-14bcb064f014.js [223/10000] md5=14bcb064f014dbe91c2010889dcaa2c0 bytes=110 template=try-catch origin=seed:tests/corpus/syntax/typescript-assertions.test.ts
 PASS js-fuzzer-try-catch-14bcb064f014.js [223/10000] status=ok obs=c0c7c76d30bd coverage=+0/31/38 time=1ms
  RUN js-fuzzer-class-c0844991889f.js [224/10000] md5=c0844991889f03308712cd6bc6b7c31c bytes=101 template=class origin=seed:tests/corpus/syntax/typescript-non-null-satisfies.test.ts
 PASS js-fuzzer-class-c0844991889f.js [224/10000] status=ok obs=70efdf2ec9b0 coverage=+0/31/38 time=2ms
  RUN js-fuzzer-boundary-235131a2d0d1.js [225/10000] md5=235131a2d0d184afe9327ca3bd456dde bytes=129 template=boundary origin=boundary:-9007199254740991
 PASS js-fuzzer-boundary-235131a2d0d1.js [225/10000] status=ok obs=b3f3a95848f6 coverage=+0/31/38 time=2ms
  RUN js-fuzzer-corpus-ab8ca4f8757c.js [226/10000] md5=ab8ca4f8757c6165b29cd6a662edad93 bytes=450 template=corpus origin=tests/corpus/fixtures/state-machine-workflow.test.js
 PASS js-fuzzer-corpus-ab8ca4f8757c.js [226/10000] status=ok obs=b9f49c580664 coverage=+0/31/38 time=2ms
  RUN js-fuzzer-array-object-0e8df1def147.js [227/10000] md5=0e8df1def147c364addc47ba0bd86b5e bytes=133 template=array-object origin=seed:tests/corpus/fixtures/vue-script-workflow.test.vue
 PASS js-fuzzer-array-object-0e8df1def147.js [227/10000] status=ok obs=c9f0f895fb98 coverage=+0/31/38 time=2ms
  RUN js-fuzzer-closure-7f466ee5d5a5.js [228/10000] md5=7f466ee5d5a59728379c29d2994c8ac3 bytes=184 template=closure origin=seed:tests/corpus/obfuscation/constant-tag-mix.test.js
 PASS js-fuzzer-closure-7f466ee5d5a5.js [228/10000] status=ok obs=2838023a778d coverage=+0/31/38 time=1ms
  RUN js-fuzzer-block-scope-c6c6dc9d4752.js [229/10000] md5=c6c6dc9d47525217323991cffcd77b98 bytes=114 template=block-scope origin=seed:tests/corpus/obfuscation/extern-slot-permutation.test.js
 PASS js-fuzzer-block-scope-c6c6dc9d4752.js [229/10000] status=ok obs=c9e1074f5b3f coverage=+0/31/38 time=2ms
  RUN js-fuzzer-loop-f495ca2fc638.js [230/10000] md5=f495ca2fc6389f933578fc501f5b1465 bytes=81 template=loop origin=seed:tests/corpus/obfuscation/externs-console.test.js
 PASS js-fuzzer-loop-f495ca2fc638.js [230/10000] status=ok obs=c4ca4238a0b9 coverage=+0/31/38 time=2ms
  RUN js-fuzzer-try-catch-4a24aaf1e66a.js [231/10000] md5=4a24aaf1e66a8b823f90ea06221a0572 bytes=110 template=try-catch origin=seed:tests/corpus/obfuscation/seed-sensitive-functions.test.js
 PASS js-fuzzer-try-catch-4a24aaf1e66a.js [231/10000] status=ok obs=d67d8ab4f4c1 coverage=+0/31/38 time=1ms
  RUN js-fuzzer-boundary-4b8e58e2bd3b.js [232/10000] md5=4b8e58e2bd3bc437f093fe0ab13ce109 bytes=123 template=boundary origin=boundary:-2147483648
 PASS js-fuzzer-boundary-4b8e58e2bd3b.js [232/10000] status=ok obs=034ff5946105 coverage=+0/31/38 time=2ms
  RUN js-fuzzer-arithmetic-0b68a014219a.js [233/10000] md5=0b68a014219a8c9f92e5765d6490748f bytes=84 template=arithmetic origin=seed:tests/corpus/regressions/multiple-functions-fib-add.test.js
 PASS js-fuzzer-arithmetic-0b68a014219a.js [233/10000] status=ok obs=9a1158154dfa coverage=+0/31/38 time=2ms
  RUN js-fuzzer-function-67a4a16b508e.js [234/10000] md5=67a4a16b508e8efc2a1fbbfc79004c7b bytes=153 template=function origin=seed:tests/corpus/regressions/scope-compressed-closure-params.test.js
 PASS js-fuzzer-function-67a4a16b508e.js [234/10000] status=ok obs=eccbc87e4b5c coverage=+0/31/38 time=2ms
  RUN js-fuzzer-corpus-a07012429fce.js [235/10000] md5=a07012429fce4b4d7c8af42f445f70b9 bytes=163 template=corpus origin=tests/corpus/runtime/arrays-objects-methods.test.js
 PASS js-fuzzer-corpus-a07012429fce.js [235/10000] status=ok obs=c51ce410c124 coverage=+0/31/38 time=1ms
  RUN js-fuzzer-closure-e959972eb7e8.js [236/10000] md5=e959972eb7e8652b1401af626d88d02b bytes=184 template=closure origin=seed:tests/corpus/runtime/block-scopes.test.js
 PASS js-fuzzer-closure-e959972eb7e8.js [236/10000] status=ok obs=28dd2c7955ce coverage=+0/31/38 time=2ms
  RUN js-fuzzer-block-scope-ac3d07b5f6a1.js [237/10000] md5=ac3d07b5f6a1ed4b926dc8df94f557f2 bytes=114 template=block-scope origin=seed:tests/corpus/runtime/class-fields-static-methods.test.js
 PASS js-fuzzer-block-scope-ac3d07b5f6a1.js [237/10000] status=ok obs=a3c65c297427 coverage=+0/31/38 time=2ms
  RUN js-fuzzer-loop-d35707ad0bf7.js [238/10000] md5=d35707ad0bf74148f671ad8943998af6 bytes=81 template=loop origin=seed:tests/corpus/runtime/classes-and-objects.test.js
 PASS js-fuzzer-loop-d35707ad0bf7.js [238/10000] status=ok obs=9bf31c7ff062 coverage=+0/31/38 time=1ms
  RUN js-fuzzer-boundary-92df4f5b559a.js [239/10000] md5=92df4f5b559a550058b4133ffb629932 bytes=114 template=boundary origin=boundary:-2
 PASS js-fuzzer-boundary-92df4f5b559a.js [239/10000] status=ok obs=5d7b9adcbe1c coverage=+0/31/38 time=2ms
  RUN js-fuzzer-class-47fbd3db5853.js [240/10000] md5=47fbd3db58539fc2e42627a4f3168c79 bytes=101 template=class origin=seed:tests/corpus/runtime/closures-read-captured-values.test.js
 PASS js-fuzzer-class-47fbd3db5853.js [240/10000] status=ok obs=98f137082101 coverage=+0/31/38 time=2ms
  RUN js-fuzzer-arithmetic-5cb5a9d5a151.js [241/10000] md5=5cb5a9d5a151cbc8979051e33719ea18 bytes=85 template=arithmetic origin=seed:tests/corpus/runtime/exceptions-and-nullish.test.js
 PASS js-fuzzer-arithmetic-5cb5a9d5a151.js [241/10000] status=ok obs=c24cd76e1ce4 coverage=+0/31/38 time=1ms
  RUN js-fuzzer-function-3e322d578629.js [242/10000] md5=3e322d5786297aab4fec4c2fa56a2542 bytes=153 template=function origin=seed:tests/corpus/runtime/functions-closures-and-arrows.test.js
 PASS js-fuzzer-function-3e322d578629.js [242/10000] status=ok obs=1679091c5a88 coverage=+0/31/38 time=2ms
  RUN js-fuzzer-array-object-bc889672ffcd.js [243/10000] md5=bc889672ffcd4bbdbb3b04206cff20ae bytes=133 template=array-object origin=seed:tests/corpus/runtime/lexical-shadowing.test.js
 PASS js-fuzzer-array-object-bc889672ffcd.js [243/10000] status=ok obs=70efdf2ec9b0 coverage=+0/31/38 time=2ms
  RUN js-fuzzer-corpus-4131d841163b.js [244/10000] md5=4131d841163b79e192bca9d4fc683c54 bytes=58 template=corpus origin=tests/corpus/runtime/modules-export.test.js
 PASS js-fuzzer-corpus-4131d841163b.js [244/10000] status=ok obs=8f14e45fceea coverage=+1/32/38 time=2ms
  RUN js-fuzzer-block-scope-521b3e3723d2.js [245/10000] md5=521b3e3723d2c6d75529bfe53ce67ca8 bytes=114 template=block-scope origin=seed:tests/corpus/runtime/nested-try-finally.test.js
 PASS js-fuzzer-block-scope-521b3e3723d2.js [245/10000] status=ok obs=ec8956637a99 coverage=+0/32/38 time=1ms
  RUN js-fuzzer-boundary-1024adcac0e5.js [246/10000] md5=1024adcac0e5cc9f99f478fa66dcc00c bytes=114 template=boundary origin=boundary:-1
 PASS js-fuzzer-boundary-1024adcac0e5.js [246/10000] status=ok obs=6bb61e3b7bce coverage=+0/32/38 time=1ms
  RUN js-fuzzer-try-catch-8eb6765f66fd.js [247/10000] md5=8eb6765f66fd409e223a9383e9857a4c bytes=109 template=try-catch origin=seed:tests/corpus/syntax/logical-unary-nullish.test.js
 PASS js-fuzzer-try-catch-8eb6765f66fd.js [247/10000] status=ok obs=6512bd43d9ca coverage=+0/32/38 time=2ms
  RUN js-fuzzer-class-c0844991889f.js [248/10000] md5=c0844991889f03308712cd6bc6b7c31c bytes=101 template=class origin=seed:tests/corpus/syntax/object-destructure-and-members.test.js
 PASS js-fuzzer-class-c0844991889f.js [248/10000] status=ok obs=70efdf2ec9b0 coverage=+0/32/38 time=2ms
  RUN js-fuzzer-arithmetic-4f18e740f932.js [249/10000] md5=4f18e740f932d50b8a94b9a1fc726469 bytes=84 template=arithmetic origin=seed:tests/corpus/syntax/switch-do-while-sequence.test.js
 PASS js-fuzzer-arithmetic-4f18e740f932.js [249/10000] status=ok obs=093f65e080a2 coverage=+0/32/38 time=1ms
  RUN js-fuzzer-function-1d370c2e7126.js [250/10000] md5=1d370c2e7126a84b090ad6eed5468375 bytes=153 template=function origin=seed:tests/corpus/syntax/template-array-destructure.test.js
 PASS js-fuzzer-function-1d370c2e7126.js [250/10000] status=ok obs=8f14e45fceea coverage=+0/32/38 time=3ms
  RUN js-fuzzer-array-object-b74246506138.js [251/10000] md5=b74246506138e11291c061f1a20d58e2 bytes=133 template=array-object origin=seed:tests/corpus/syntax/typescript-assertions.test.ts
 PASS js-fuzzer-array-object-b74246506138.js [251/10000] status=ok obs=e4da3b7fbbce coverage=+0/32/38 time=1ms
  RUN js-fuzzer-closure-d3d4cdb8565b.js [252/10000] md5=d3d4cdb8565b3e7769273baa0f89c863 bytes=183 template=closure origin=seed:tests/corpus/syntax/typescript-non-null-satisfies.test.ts
 PASS js-fuzzer-closure-d3d4cdb8565b.js [252/10000] status=ok obs=e4da3b7fbbce coverage=+0/32/38 time=2ms
  RUN js-fuzzer-corpus-797f152bf878.js [253/10000] md5=797f152bf878d5049066c6db6d2360b3 bytes=355 template=corpus origin=tests/corpus/fixtures/job-workflow.test.js
 PASS js-fuzzer-corpus-797f152bf878.js [253/10000] status=ok obs=b9de0628c8ec coverage=+0/32/38 time=2ms
  RUN js-fuzzer-loop-d35707ad0bf7.js [254/10000] md5=d35707ad0bf74148f671ad8943998af6 bytes=81 template=loop origin=seed:tests/corpus/fixtures/state-machine-workflow.test.js
 PASS js-fuzzer-loop-d35707ad0bf7.js [254/10000] status=ok obs=9bf31c7ff062 coverage=+0/32/38 time=1ms
  RUN js-fuzzer-try-catch-f24fba189d45.js [255/10000] md5=f24fba189d4541ce9d4809156ecb450c bytes=110 template=try-catch origin=seed:tests/corpus/fixtures/vue-script-workflow.test.vue
 PASS js-fuzzer-try-catch-f24fba189d45.js [255/10000] status=ok obs=1ff1de774005 coverage=+0/32/38 time=2ms
  RUN js-fuzzer-class-1fb70654253d.js [256/10000] md5=1fb70654253d944404805630039f463c bytes=101 template=class origin=seed:tests/corpus/obfuscation/constant-tag-mix.test.js
 PASS js-fuzzer-class-1fb70654253d.js [256/10000] status=ok obs=c51ce410c124 coverage=+0/32/38 time=2ms
  RUN js-fuzzer-arithmetic-f7de4119565e.js [257/10000] md5=f7de4119565e0749dccdd222d5d62ee9 bytes=83 template=arithmetic origin=seed:tests/corpus/obfuscation/extern-slot-permutation.test.js
 PASS js-fuzzer-arithmetic-f7de4119565e.js [257/10000] status=ok obs=fe9fc289c3ff coverage=+0/32/38 time=1ms
  RUN js-fuzzer-function-98e8c4d5dcc0.js [258/10000] md5=98e8c4d5dcc095fbcedf7527b98fd4fe bytes=153 template=function origin=seed:tests/corpus/obfuscation/externs-console.test.js
 PASS js-fuzzer-function-98e8c4d5dcc0.js [258/10000] status=ok obs=c9f0f895fb98 coverage=+0/32/38 time=2ms
  RUN js-fuzzer-array-object-db813713b7a2.js [259/10000] md5=db813713b7a2ed6762f2689c4897992b bytes=133 template=array-object origin=seed:tests/corpus/obfuscation/seed-sensitive-functions.test.js
 PASS js-fuzzer-array-object-db813713b7a2.js [259/10000] status=ok obs=1679091c5a88 coverage=+0/32/38 time=2ms
  RUN js-fuzzer-boundary-2b35f90895ea.js [260/10000] md5=2b35f90895ea85111e562e627044f919 bytes=128 template=boundary origin=boundary:9007199254740991
 PASS js-fuzzer-boundary-2b35f90895ea.js [260/10000] status=ok obs=8bfa9ad090fb coverage=+0/32/38 time=2ms
  RUN js-fuzzer-block-scope-ebaed504d2d1.js [261/10000] md5=ebaed504d2d153868eb7bafedbfafd61 bytes=114 template=block-scope origin=seed:tests/corpus/regressions/multiple-functions-fib-add.test.js
 PASS js-fuzzer-block-scope-ebaed504d2d1.js [261/10000] status=ok obs=65b9eea6e1cc coverage=+0/32/38 time=1ms
  RUN js-fuzzer-corpus-c28cfb056309.js [262/10000] md5=c28cfb056309f2a77f8bd9756b123c54 bytes=147 template=corpus origin=tests/corpus/regressions/scope-compressed-closure-params.test.js
 PASS js-fuzzer-corpus-c28cfb056309.js [262/10000] status=ok obs=c51ce410c124 coverage=+0/32/38 time=2ms
  RUN js-fuzzer-try-catch-e92e59cfe8b3.js [263/10000] md5=e92e59cfe8b3da295d2f9e96a4effe15 bytes=109 template=try-catch origin=seed:tests/corpus/runtime/arrays-objects-methods.test.js
 PASS js-fuzzer-try-catch-e92e59cfe8b3.js [263/10000] status=ok obs=eccbc87e4b5c coverage=+0/32/38 time=2ms
  RUN js-fuzzer-class-b1e3642c0208.js [264/10000] md5=b1e3642c0208992266fb21668a536292 bytes=100 template=class origin=seed:tests/corpus/runtime/block-scopes.test.js
 PASS js-fuzzer-class-b1e3642c0208.js [264/10000] status=ok obs=c9f0f895fb98 coverage=+0/32/38 time=1ms
  RUN js-fuzzer-arithmetic-fdb5d159ff7e.js [265/10000] md5=fdb5d159ff7efad78596b075b34f900f bytes=84 template=arithmetic origin=seed:tests/corpus/runtime/class-fields-static-methods.test.js
 PASS js-fuzzer-arithmetic-fdb5d159ff7e.js [265/10000] status=ok obs=9fc3d7152ba9 coverage=+0/32/38 time=2ms
  RUN js-fuzzer-function-f172d914fe2f.js [266/10000] md5=f172d914fe2f2d124fd9ee51d2714545 bytes=153 template=function origin=seed:tests/corpus/runtime/classes-and-objects.test.js
 PASS js-fuzzer-function-f172d914fe2f.js [266/10000] status=ok obs=c9f0f895fb98 coverage=+0/32/38 time=2ms
  RUN js-fuzzer-boundary-ac080ee0add8.js [267/10000] md5=ac080ee0add8a3967f40d078a13e076b bytes=122 template=boundary origin=boundary:2147483647
 PASS js-fuzzer-boundary-ac080ee0add8.js [267/10000] status=ok obs=c588c0a459f4 coverage=+0/32/38 time=1ms
  RUN js-fuzzer-closure-ac0a91b8373c.js [268/10000] md5=ac0a91b8373c2d72e1b56509806a48cd bytes=185 template=closure origin=seed:tests/corpus/runtime/closures-read-captured-values.test.js
 PASS js-fuzzer-closure-ac0a91b8373c.js [268/10000] status=ok obs=17e62166fc85 coverage=+0/32/38 time=2ms
  RUN js-fuzzer-block-scope-202b9f5a2bb9.js [269/10000] md5=202b9f5a2bb9374d6e306255f6f7b59d bytes=114 template=block-scope origin=seed:tests/corpus/runtime/exceptions-and-nullish.test.js
 PASS js-fuzzer-block-scope-202b9f5a2bb9.js [269/10000] status=ok obs=a3c65c297427 coverage=+0/32/38 time=2ms
  RUN js-fuzzer-loop-55c7c905bffb.js [270/10000] md5=55c7c905bffb4bbbc4c8fb9b91df6ad8 bytes=81 template=loop origin=seed:tests/corpus/runtime/functions-closures-and-arrows.test.js
 PASS js-fuzzer-loop-55c7c905bffb.js [270/10000] status=ok obs=eccbc87e4b5c coverage=+0/32/38 time=1ms
  RUN js-fuzzer-corpus-463d4dee8a1f.js [271/10000] md5=463d4dee8a1f930fa8af57a704cacf3e bytes=232 template=corpus origin=tests/corpus/runtime/lexical-shadowing.test.js
 PASS js-fuzzer-corpus-463d4dee8a1f.js [271/10000] status=ok obs=c51ce410c124 coverage=+0/32/38 time=2ms
  RUN js-fuzzer-class-1fb70654253d.js [272/10000] md5=1fb70654253d944404805630039f463c bytes=101 template=class origin=seed:tests/corpus/runtime/modules-export.test.js
 PASS js-fuzzer-class-1fb70654253d.js [272/10000] status=ok obs=c51ce410c124 coverage=+0/32/38 time=2ms
  RUN js-fuzzer-arithmetic-2ef390402159.js [273/10000] md5=2ef390402159c388954e353ef8046b92 bytes=84 template=arithmetic origin=seed:tests/corpus/runtime/nested-try-finally.test.js
 PASS js-fuzzer-arithmetic-2ef390402159.js [273/10000] status=ok obs=e00da03b685a coverage=+0/32/38 time=2ms
  RUN js-fuzzer-boundary-85faf3787c26.js [274/10000] md5=85faf3787c26ca3bad9215a544873988 bytes=113 template=boundary origin=boundary:2
 PASS js-fuzzer-boundary-85faf3787c26.js [274/10000] status=ok obs=c81e728d9d4c coverage=+0/32/38 time=1ms
  RUN js-fuzzer-array-object-13e1338477f1.js [275/10000] md5=13e1338477f1e70b674d44600d2f9363 bytes=133 template=array-object origin=seed:tests/corpus/syntax/logical-unary-nullish.test.js
 PASS js-fuzzer-array-object-13e1338477f1.js [275/10000] status=ok obs=70efdf2ec9b0 coverage=+0/32/38 time=2ms
  RUN js-fuzzer-closure-4c1a855941d6.js [276/10000] md5=4c1a855941d65d0a24bdb3da0b49fd65 bytes=185 template=closure origin=seed:tests/corpus/syntax/object-destructure-and-members.test.js
 PASS js-fuzzer-closure-4c1a855941d6.js [276/10000] status=ok obs=17e62166fc85 coverage=+0/32/38 time=2ms
  RUN js-fuzzer-block-scope-3e2c416978ba.js [277/10000] md5=3e2c416978bad3c15633c6ab91edad86 bytes=115 template=block-scope origin=seed:tests/corpus/syntax/switch-do-while-sequence.test.js
 PASS js-fuzzer-block-scope-3e2c416978ba.js [277/10000] status=ok obs=5f93f983524d coverage=+0/32/38 time=2ms
  RUN js-fuzzer-loop-d35707ad0bf7.js [278/10000] md5=d35707ad0bf74148f671ad8943998af6 bytes=81 template=loop origin=seed:tests/corpus/syntax/template-array-destructure.test.js
 PASS js-fuzzer-loop-d35707ad0bf7.js [278/10000] status=ok obs=9bf31c7ff062 coverage=+0/32/38 time=1ms
  RUN js-fuzzer-try-catch-60965d400692.js [279/10000] md5=60965d4006920d781586aecbf04b3493 bytes=110 template=try-catch origin=seed:tests/corpus/syntax/typescript-assertions.test.ts
 PASS js-fuzzer-try-catch-60965d400692.js [279/10000] status=ok obs=1f0e3dad9990 coverage=+0/32/38 time=2ms
  RUN js-fuzzer-corpus-e3eeaea0f8a2.js [280/10000] md5=e3eeaea0f8a2c5d5b650d4007cf78b4a bytes=104 template=corpus origin=tests/corpus/syntax/typescript-non-null-satisfies.test.ts
 PASS js-fuzzer-corpus-e3eeaea0f8a2.js [280/10000] status=ok obs=d3d9446802a4 coverage=+0/32/38 time=2ms
  RUN js-fuzzer-boundary-2f35f880f964.js [281/10000] md5=2f35f880f96468b375c4e71feba05308 bytes=113 template=boundary origin=boundary:1
 PASS js-fuzzer-boundary-2f35f880f964.js [281/10000] status=ok obs=c4ca4238a0b9 coverage=+0/32/38 time=1ms
  RUN js-fuzzer-function-06471e1fced1.js [282/10000] md5=06471e1fced163f025e3f67e77c6ce04 bytes=153 template=function origin=seed:tests/corpus/fixtures/state-machine-workflow.test.js
 PASS js-fuzzer-function-06471e1fced1.js [282/10000] status=ok obs=45c48cce2e2d coverage=+0/32/38 time=2ms
  RUN js-fuzzer-array-object-6f9f685b14e1.js [283/10000] md5=6f9f685b14e11ecb8fdb3f9bbe575baa bytes=133 template=array-object origin=seed:tests/corpus/fixtures/vue-script-workflow.test.vue
 PASS js-fuzzer-array-object-6f9f685b14e1.js [283/10000] status=ok obs=98f137082101 coverage=+0/32/38 time=2ms
  RUN js-fuzzer-closure-43191f7eb0a5.js [284/10000] md5=43191f7eb0a5ebeb59531ab4b7fee7f4 bytes=185 template=closure origin=seed:tests/corpus/obfuscation/constant-tag-mix.test.js
 PASS js-fuzzer-closure-43191f7eb0a5.js [284/10000] status=ok obs=d2ddea18f006 coverage=+0/32/38 time=2ms
  RUN js-fuzzer-block-scope-e3231a7a656b.js [285/10000] md5=e3231a7a656be8eb499090ebcb867bc7 bytes=114 template=block-scope origin=seed:tests/corpus/obfuscation/extern-slot-permutation.test.js
 PASS js-fuzzer-block-scope-e3231a7a656b.js [285/10000] status=ok obs=ec8956637a99 coverage=+0/32/38 time=1ms
  RUN js-fuzzer-loop-55c7c905bffb.js [286/10000] md5=55c7c905bffb4bbbc4c8fb9b91df6ad8 bytes=81 template=loop origin=seed:tests/corpus/obfuscation/externs-console.test.js
 PASS js-fuzzer-loop-55c7c905bffb.js [286/10000] status=ok obs=eccbc87e4b5c coverage=+0/32/38 time=2ms
  RUN js-fuzzer-try-catch-a4e2330c4919.js [287/10000] md5=a4e2330c49196805169dbf8449e466fa bytes=110 template=try-catch origin=seed:tests/corpus/obfuscation/seed-sensitive-functions.test.js
 PASS js-fuzzer-try-catch-a4e2330c4919.js [287/10000] status=ok obs=3c59dc048e88 coverage=+0/32/38 time=2ms
  RUN js-fuzzer-boundary-37492c99ff33.js [288/10000] md5=37492c99ff33e9d5e09e0b8e84ba785a bytes=129 template=boundary origin=boundary:-9007199254740991
 PASS js-fuzzer-boundary-37492c99ff33.js [288/10000] status=ok obs=b3f3a95848f6 coverage=+0/32/38 time=1ms
  RUN js-fuzzer-corpus-ad9ed8746461.js [289/10000] md5=ad9ed87464611c6dd81b04b3754c760c bytes=214 template=corpus origin=tests/corpus/regressions/multiple-functions-fib-add.test.js
 PASS js-fuzzer-corpus-ad9ed8746461.js [289/10000] status=ok obs=3c59dc048e88 coverage=+0/32/38 time=3ms
  RUN js-fuzzer-function-e04598e59cc1.js [290/10000] md5=e04598e59cc109c5f5c20638fe37a892 bytes=153 template=function origin=seed:tests/corpus/regressions/scope-compressed-closure-params.test.js
 PASS js-fuzzer-function-e04598e59cc1.js [290/10000] status=ok obs=d3d9446802a4 coverage=+0/32/38 time=2ms
  RUN js-fuzzer-array-object-66d460c97572.js [291/10000] md5=66d460c97572c93d1f80df8293f7d7d6 bytes=133 template=array-object origin=seed:tests/corpus/runtime/arrays-objects-methods.test.js
 PASS js-fuzzer-array-object-66d460c97572.js [291/10000] status=ok obs=c20ad4d76fe9 coverage=+0/32/38 time=2ms
  RUN js-fuzzer-closure-6b52267b7b82.js [292/10000] md5=6b52267b7b821f47b4c5b5c510963f21 bytes=184 template=closure origin=seed:tests/corpus/runtime/block-scopes.test.js
 PASS js-fuzzer-closure-6b52267b7b82.js [292/10000] status=ok obs=17e62166fc85 coverage=+0/32/38 time=1ms
  RUN js-fuzzer-block-scope-efa94059669e.js [293/10000] md5=efa94059669e708dced2bf48488d1856 bytes=114 template=block-scope origin=seed:tests/corpus/runtime/class-fields-static-methods.test.js
 PASS js-fuzzer-block-scope-efa94059669e.js [293/10000] status=ok obs=a97da629b098 coverage=+0/32/38 time=2ms
  RUN js-fuzzer-loop-d35707ad0bf7.js [294/10000] md5=d35707ad0bf74148f671ad8943998af6 bytes=81 template=loop origin=seed:tests/corpus/runtime/classes-and-objects.test.js
 PASS js-fuzzer-loop-d35707ad0bf7.js [294/10000] status=ok obs=9bf31c7ff062 coverage=+0/32/38 time=2ms
  RUN js-fuzzer-boundary-205872a6e44c.js [295/10000] md5=205872a6e44c1ea0cf94554af934fb09 bytes=123 template=boundary origin=boundary:-2147483648
 PASS js-fuzzer-boundary-205872a6e44c.js [295/10000] status=ok obs=034ff5946105 coverage=+0/32/38 time=1ms
  RUN js-fuzzer-class-6736c24444bc.js [296/10000] md5=6736c24444bc6ff151b05a9a974ae4d5 bytes=100 template=class origin=seed:tests/corpus/runtime/closures-read-captured-values.test.js
 PASS js-fuzzer-class-6736c24444bc.js [296/10000] status=ok obs=45c48cce2e2d coverage=+0/32/38 time=2ms
  RUN js-fuzzer-arithmetic-b618ca23ae2d.js [297/10000] md5=b618ca23ae2d8bcc1f18d12d72f668be bytes=84 template=arithmetic origin=seed:tests/corpus/runtime/exceptions-and-nullish.test.js
 PASS js-fuzzer-arithmetic-b618ca23ae2d.js [297/10000] status=ok obs=fc490ca45c00 coverage=+0/32/38 time=2ms
  RUN js-fuzzer-corpus-72746d071c58.js [298/10000] md5=72746d071c58fadd9399bc8934c30553 bytes=197 template=corpus origin=tests/corpus/runtime/functions-closures-and-arrows.test.js
 PASS js-fuzzer-corpus-72746d071c58.js [298/10000] status=ok obs=c74d97b01eae coverage=+0/32/38 time=1ms
  RUN js-fuzzer-array-object-11ecc88c3045.js [299/10000] md5=11ecc88c304576be43619aba0b4a3750 bytes=133 template=array-object origin=seed:tests/corpus/runtime/lexical-shadowing.test.js
 PASS js-fuzzer-array-object-11ecc88c3045.js [299/10000] status=ok obs=98f137082101 coverage=+0/32/38 time=2ms
  RUN js-fuzzer-closure-a913867993c0.js [300/10000] md5=a913867993c0ca8f628c4726314006a6 bytes=184 template=closure origin=seed:tests/corpus/runtime/modules-export.test.js
 PASS js-fuzzer-closure-a913867993c0.js [300/10000] status=ok obs=6ea9ab1baa0e coverage=+0/32/38 time=2ms
  RUN js-fuzzer-block-scope-9d04571cdd31.js [301/10000] md5=9d04571cdd314c55cb5d670f68383a18 bytes=114 template=block-scope origin=seed:tests/corpus/runtime/nested-try-finally.test.js
 PASS js-fuzzer-block-scope-9d04571cdd31.js [301/10000] status=ok obs=38b3eff8baf5 coverage=+0/32/38 time=2ms
  RUN js-fuzzer-boundary-4ae25cb2e150.js [302/10000] md5=4ae25cb2e15083bfca9f6b81b3f9f24b bytes=114 template=boundary origin=boundary:-2
 PASS js-fuzzer-boundary-4ae25cb2e150.js [302/10000] status=ok obs=5d7b9adcbe1c coverage=+0/32/38 time=1ms
  RUN js-fuzzer-try-catch-47becaf372c3.js [303/10000] md5=47becaf372c34523cd2fbacf2b53d016 bytes=110 template=try-catch origin=seed:tests/corpus/syntax/logical-unary-nullish.test.js
 PASS js-fuzzer-try-catch-47becaf372c3.js [303/10000] status=ok obs=02e74f10e032 coverage=+0/32/38 time=2ms
  RUN js-fuzzer-class-3b630e2d834a.js [304/10000] md5=3b630e2d834a95a01ee75571f8bc0075 bytes=101 template=class origin=seed:tests/corpus/syntax/object-destructure-and-members.test.js
 PASS js-fuzzer-class-3b630e2d834a.js [304/10000] status=ok obs=6512bd43d9ca coverage=+0/32/38 time=2ms
  RUN js-fuzzer-arithmetic-78bb6f802e4a.js [305/10000] md5=78bb6f802e4ad755d63ed16aaccef662 bytes=84 template=arithmetic origin=seed:tests/corpus/syntax/switch-do-while-sequence.test.js
 PASS js-fuzzer-arithmetic-78bb6f802e4a.js [305/10000] status=ok obs=37a749d808e4 coverage=+0/32/38 time=1ms
  RUN js-fuzzer-function-ced1d0daab2e.js [306/10000] md5=ced1d0daab2e23fdcfec672d899d9739 bytes=153 template=function origin=seed:tests/corpus/syntax/template-array-destructure.test.js
 PASS js-fuzzer-function-ced1d0daab2e.js [306/10000] status=ok obs=8e296a067a37 coverage=+0/32/38 time=2ms
  RUN js-fuzzer-corpus-57a83a4b020d.js [307/10000] md5=57a83a4b020d4b85b42b0a3709f283ad bytes=130 template=corpus origin=tests/corpus/syntax/typescript-assertions.test.ts
 PASS js-fuzzer-corpus-57a83a4b020d.js [307/10000] status=ok obs=45c48cce2e2d coverage=+0/32/38 time=2ms
  RUN js-fuzzer-closure-07a28781f271.js [308/10000] md5=07a28781f27107674a1bd9c2bd17ba3e bytes=184 template=closure origin=seed:tests/corpus/syntax/typescript-non-null-satisfies.test.ts
 PASS js-fuzzer-closure-07a28781f271.js [308/10000] status=ok obs=093f65e080a2 coverage=+0/32/38 time=2ms
  RUN js-fuzzer-boundary-1024adcac0e5.js [309/10000] md5=1024adcac0e5cc9f99f478fa66dcc00c bytes=114 template=boundary origin=boundary:-1
 PASS js-fuzzer-boundary-1024adcac0e5.js [309/10000] status=ok obs=6bb61e3b7bce coverage=+0/32/38 time=2ms
  RUN js-fuzzer-loop-d35707ad0bf7.js [310/10000] md5=d35707ad0bf74148f671ad8943998af6 bytes=81 template=loop origin=seed:tests/corpus/fixtures/state-machine-workflow.test.js
 PASS js-fuzzer-loop-d35707ad0bf7.js [310/10000] status=ok obs=9bf31c7ff062 coverage=+0/32/38 time=1ms
  RUN js-fuzzer-try-catch-22e41d89137c.js [311/10000] md5=22e41d89137ce4eac020880cbeff06ef bytes=110 template=try-catch origin=seed:tests/corpus/fixtures/vue-script-workflow.test.vue
 PASS js-fuzzer-try-catch-22e41d89137c.js [311/10000] status=ok obs=d9d4f495e875 coverage=+0/32/38 time=2ms
  RUN js-fuzzer-class-f454a055ed5d.js [312/10000] md5=f454a055ed5dc800cb1ab66abc7a01de bytes=100 template=class origin=seed:tests/corpus/obfuscation/constant-tag-mix.test.js
 PASS js-fuzzer-class-f454a055ed5d.js [312/10000] status=ok obs=a87ff679a2f3 coverage=+0/32/38 time=1ms
  RUN js-fuzzer-arithmetic-d1d41f2d82d9.js [313/10000] md5=d1d41f2d82d9b9770a3afca684cf542a bytes=83 template=arithmetic origin=seed:tests/corpus/obfuscation/extern-slot-permutation.test.js
 PASS js-fuzzer-arithmetic-d1d41f2d82d9.js [313/10000] status=ok obs=6512bd43d9ca coverage=+0/32/38 time=2ms
  RUN js-fuzzer-function-98e8c4d5dcc0.js [314/10000] md5=98e8c4d5dcc095fbcedf7527b98fd4fe bytes=153 template=function origin=seed:tests/corpus/obfuscation/externs-console.test.js
 PASS js-fuzzer-function-98e8c4d5dcc0.js [314/10000] status=ok obs=c9f0f895fb98 coverage=+0/32/38 time=2ms
  RUN js-fuzzer-array-object-5bc7b7ac8d5b.js [315/10000] md5=5bc7b7ac8d5baa5ec2b98632a76ed700 bytes=133 template=array-object origin=seed:tests/corpus/obfuscation/seed-sensitive-functions.test.js
 PASS js-fuzzer-array-object-5bc7b7ac8d5b.js [315/10000] status=ok obs=d3d9446802a4 coverage=+0/32/38 time=2ms
  RUN js-fuzzer-corpus-79643e915862.js [316/10000] md5=79643e91586251700d34c0c65a0220da bytes=89 template=corpus origin=tests/corpus/regressions/destructuring-lowers-to-member.test.js
 PASS js-fuzzer-corpus-79643e915862.js [316/10000] status=ok obs=eccbc87e4b5c coverage=+0/32/38 time=2ms
  RUN js-fuzzer-block-scope-3e2a23bb200e.js [317/10000] md5=3e2a23bb200e79bb37b219f520923481 bytes=114 template=block-scope origin=seed:tests/corpus/regressions/multiple-functions-fib-add.test.js
 PASS js-fuzzer-block-scope-3e2a23bb200e.js [317/10000] status=ok obs=c9e1074f5b3f coverage=+0/32/38 time=2ms
  RUN js-fuzzer-loop-d35707ad0bf7.js [318/10000] md5=d35707ad0bf74148f671ad8943998af6 bytes=81 template=loop origin=seed:tests/corpus/regressions/scope-compressed-closure-params.test.js
 PASS js-fuzzer-loop-d35707ad0bf7.js [318/10000] status=ok obs=9bf31c7ff062 coverage=+0/32/38 time=1ms
  RUN js-fuzzer-try-catch-49469dc3bbde.js [319/10000] md5=49469dc3bbdee70291dead76d4352702 bytes=109 template=try-catch origin=seed:tests/corpus/runtime/arrays-objects-methods.test.js
 PASS js-fuzzer-try-catch-49469dc3bbde.js [319/10000] status=ok obs=d3d9446802a4 coverage=+0/32/38 time=2ms
  RUN js-fuzzer-class-d8979b510eb0.js [320/10000] md5=d8979b510eb085c9e0e846586f80f265 bytes=101 template=class origin=seed:tests/corpus/runtime/block-scopes.test.js
 PASS js-fuzzer-class-d8979b510eb0.js [320/10000] status=ok obs=c74d97b01eae coverage=+0/32/38 time=2ms
  RUN js-fuzzer-arithmetic-d7e869216fd2.js [321/10000] md5=d7e869216fd2b3e3cb735a30c72b3541 bytes=84 template=arithmetic origin=seed:tests/corpus/runtime/class-fields-static-methods.test.js
 PASS js-fuzzer-arithmetic-d7e869216fd2.js [321/10000] status=ok obs=7f6ffaa6bb0b coverage=+0/32/38 time=1ms
  RUN js-fuzzer-function-79bb4335938d.js [322/10000] md5=79bb4335938d82d557d11e6633b235d0 bytes=153 template=function origin=seed:tests/corpus/runtime/classes-and-objects.test.js
 PASS js-fuzzer-function-79bb4335938d.js [322/10000] status=ok obs=6512bd43d9ca coverage=+0/32/38 time=2ms
  RUN js-fuzzer-boundary-2b35f90895ea.js [323/10000] md5=2b35f90895ea85111e562e627044f919 bytes=128 template=boundary origin=boundary:9007199254740991
 PASS js-fuzzer-boundary-2b35f90895ea.js [323/10000] status=ok obs=8bfa9ad090fb coverage=+0/32/38 time=2ms
  RUN js-fuzzer-closure-2635deb534af.js [324/10000] md5=2635deb534affd449984982e6e167945 bytes=183 template=closure origin=seed:tests/corpus/runtime/closures-read-captured-values.test.js
 PASS js-fuzzer-closure-2635deb534af.js [324/10000] status=ok obs=c16a5320fa47 coverage=+0/32/38 time=1ms
  RUN js-fuzzer-corpus-cf8fb96e8476.js [325/10000] md5=cf8fb96e8476c262b73583c86dd80821 bytes=178 template=corpus origin=tests/corpus/runtime/exceptions-and-nullish.test.js
 PASS js-fuzzer-corpus-cf8fb96e8476.js [325/10000] status=ok obs=24ed5e8718fc coverage=+0/32/38 time=1ms
  RUN js-fuzzer-loop-b88258462a8d.js [326/10000] md5=b88258462a8d880f8b0e459fa23b2536 bytes=81 template=loop origin=seed:tests/corpus/runtime/functions-closures-and-arrows.test.js
 PASS js-fuzzer-loop-b88258462a8d.js [326/10000] status=ok obs=3c59dc048e88 coverage=+0/32/38 time=2ms
  RUN js-fuzzer-try-catch-14bcb064f014.js [327/10000] md5=14bcb064f014dbe91c2010889dcaa2c0 bytes=110 template=try-catch origin=seed:tests/corpus/runtime/lexical-shadowing.test.js
 PASS js-fuzzer-try-catch-14bcb064f014.js [327/10000] status=ok obs=c0c7c76d30bd coverage=+0/32/38 time=1ms
  RUN js-fuzzer-class-c6bbe0a63455.js [328/10000] md5=c6bbe0a634559d18fa82cf0c9a421610 bytes=100 template=class origin=seed:tests/corpus/runtime/modules-export.test.js
 PASS js-fuzzer-class-c6bbe0a63455.js [328/10000] status=ok obs=1679091c5a88 coverage=+0/32/38 time=2ms
  RUN js-fuzzer-arithmetic-8f3e6526dc7c.js [329/10000] md5=8f3e6526dc7c2577bbab8910a4160512 bytes=83 template=arithmetic origin=seed:tests/corpus/runtime/nested-try-finally.test.js
 PASS js-fuzzer-arithmetic-8f3e6526dc7c.js [329/10000] status=ok obs=b6d767d2f8ed coverage=+0/32/38 time=2ms
  RUN js-fuzzer-boundary-4b188851088a.js [330/10000] md5=4b188851088a18b5b5e1424320aec545 bytes=122 template=boundary origin=boundary:2147483647
 PASS js-fuzzer-boundary-4b188851088a.js [330/10000] status=ok obs=c588c0a459f4 coverage=+0/32/38 time=1ms
  RUN js-fuzzer-array-object-5a9562b369cf.js [331/10000] md5=5a9562b369cf270687d2de7b9c46162d bytes=133 template=array-object origin=seed:tests/corpus/syntax/logical-unary-nullish.test.js
 PASS js-fuzzer-array-object-5a9562b369cf.js [331/10000] status=ok obs=8f14e45fceea coverage=+0/32/38 time=1ms
  RUN js-fuzzer-closure-4a49aa0a08a3.js [332/10000] md5=4a49aa0a08a34a87008cfcd869316d61 bytes=183 template=closure origin=seed:tests/corpus/syntax/object-destructure-and-members.test.js
 PASS js-fuzzer-closure-4a49aa0a08a3.js [332/10000] status=ok obs=3c59dc048e88 coverage=+0/32/38 time=2ms
  RUN js-fuzzer-block-scope-17eb1bee1dd2.js [333/10000] md5=17eb1bee1dd2edb19a46b1e6ba44a522 bytes=114 template=block-scope origin=seed:tests/corpus/syntax/switch-do-while-sequence.test.js
 PASS js-fuzzer-block-scope-17eb1bee1dd2.js [333/10000] status=ok obs=38b3eff8baf5 coverage=+0/32/38 time=2ms
  RUN js-fuzzer-corpus-ff388659a641.js [334/10000] md5=ff388659a6419d1e6e01ce4e7151a52e bytes=135 template=corpus origin=tests/corpus/syntax/template-array-destructure.test.js
 PASS js-fuzzer-corpus-ff388659a641.js [334/10000] status=ok obs=f61c9a8be43c coverage=+0/32/38 time=1ms
  RUN js-fuzzer-try-catch-85daf11db7ec.js [335/10000] md5=85daf11db7ec5f71a0e05a86a536d94d bytes=110 template=try-catch origin=seed:tests/corpus/syntax/typescript-assertions.test.ts
 PASS js-fuzzer-try-catch-85daf11db7ec.js [335/10000] status=ok obs=f7177163c833 coverage=+0/32/38 time=2ms
  RUN js-fuzzer-class-47fbd3db5853.js [336/10000] md5=47fbd3db58539fc2e42627a4f3168c79 bytes=101 template=class origin=seed:tests/corpus/syntax/typescript-non-null-satisfies.test.ts
 PASS js-fuzzer-class-47fbd3db5853.js [336/10000] status=ok obs=98f137082101 coverage=+0/32/38 time=1ms
  RUN js-fuzzer-boundary-221618e58a55.js [337/10000] md5=221618e58a55537e4dc7530ef9f57aaf bytes=113 template=boundary origin=boundary:2
 PASS js-fuzzer-boundary-221618e58a55.js [337/10000] status=ok obs=c81e728d9d4c coverage=+0/32/38 time=2ms
  RUN js-fuzzer-function-134a85d12098.js [338/10000] md5=134a85d120985077bd24a3a53ac64560 bytes=153 template=function origin=seed:tests/corpus/fixtures/state-machine-workflow.test.js
 PASS js-fuzzer-function-134a85d12098.js [338/10000] status=ok obs=1679091c5a88 coverage=+0/32/38 time=2ms
  RUN js-fuzzer-array-object-61d4f6d1668b.js [339/10000] md5=61d4f6d1668bfc6f78aa57547a051017 bytes=133 template=array-object origin=seed:tests/corpus/fixtures/vue-script-workflow.test.vue
 PASS js-fuzzer-array-object-61d4f6d1668b.js [339/10000] status=ok obs=aab3238922bc coverage=+0/32/38 time=1ms
  RUN js-fuzzer-closure-6425fd72d8c1.js [340/10000] md5=6425fd72d8c13c25b0fe5a28809b63f8 bytes=184 template=closure origin=seed:tests/corpus/obfuscation/constant-tag-mix.test.js
 PASS js-fuzzer-closure-6425fd72d8c1.js [340/10000] status=ok obs=14bfa6bb1487 coverage=+0/32/38 time=2ms
  RUN js-fuzzer-block-scope-d7dc549f9ade.js [341/10000] md5=d7dc549f9ade768b1ef849bbbf76ef07 bytes=114 template=block-scope origin=seed:tests/corpus/obfuscation/extern-slot-permutation.test.js
 PASS js-fuzzer-block-scope-d7dc549f9ade.js [341/10000] status=ok obs=a3c65c297427 coverage=+0/32/38 time=2ms
  RUN js-fuzzer-loop-54e460cecf5c.js [342/10000] md5=54e460cecf5c05dfcffaa3b2e5f57445 bytes=81 template=loop origin=seed:tests/corpus/obfuscation/externs-console.test.js
 PASS js-fuzzer-loop-54e460cecf5c.js [342/10000] status=ok obs=d3d9446802a4 coverage=+0/32/38 time=1ms
  RUN js-fuzzer-corpus-38ba19d9deb7.js [343/10000] md5=38ba19d9deb7566cc8a420c27ada3f21 bytes=136 template=corpus origin=tests/corpus/obfuscation/seed-sensitive-functions.test.js
 PASS js-fuzzer-corpus-38ba19d9deb7.js [343/10000] status=ok obs=a5bfc9e07964 coverage=+0/32/38 time=2ms
  RUN js-fuzzer-boundary-2f35f880f964.js [344/10000] md5=2f35f880f96468b375c4e71feba05308 bytes=113 template=boundary origin=boundary:1
 PASS js-fuzzer-boundary-2f35f880f964.js [344/10000] status=ok obs=c4ca4238a0b9 coverage=+0/32/38 time=1ms
  RUN js-fuzzer-arithmetic-c5f146a4bde4.js [345/10000] md5=c5f146a4bde48e4501edd05f8a0f9507 bytes=84 template=arithmetic origin=seed:tests/corpus/regressions/multiple-functions-fib-add.test.js
 PASS js-fuzzer-arithmetic-c5f146a4bde4.js [345/10000] status=ok obs=9a1158154dfa coverage=+0/32/38 time=1ms
  RUN js-fuzzer-function-67a4a16b508e.js [346/10000] md5=67a4a16b508e8efc2a1fbbfc79004c7b bytes=153 template=function origin=seed:tests/corpus/regressions/scope-compressed-closure-params.test.js
 PASS js-fuzzer-function-67a4a16b508e.js [346/10000] status=ok obs=eccbc87e4b5c coverage=+0/32/38 time=2ms
  RUN js-fuzzer-array-object-6c714904b5df.js [347/10000] md5=6c714904b5df9acda4006e1a8b225a4a bytes=133 template=array-object origin=seed:tests/corpus/runtime/arrays-objects-methods.test.js
 PASS js-fuzzer-array-object-6c714904b5df.js [347/10000] status=ok obs=d3d9446802a4 coverage=+0/32/38 time=2ms
  RUN js-fuzzer-closure-beb590f2eadd.js [348/10000] md5=beb590f2eaddc6705c383c9a40bbef19 bytes=184 template=closure origin=seed:tests/corpus/runtime/block-scopes.test.js
 PASS js-fuzzer-closure-beb590f2eadd.js [348/10000] status=ok obs=a5bfc9e07964 coverage=+0/32/38 time=2ms
  RUN js-fuzzer-block-scope-b4cb7d6315fe.js [349/10000] md5=b4cb7d6315fe90190d450fc6ab63ddbf bytes=114 template=block-scope origin=seed:tests/corpus/runtime/class-fields-static-methods.test.js
 PASS js-fuzzer-block-scope-b4cb7d6315fe.js [349/10000] status=ok obs=2723d092b638 coverage=+0/32/38 time=2ms
  RUN js-fuzzer-loop-54e460cecf5c.js [350/10000] md5=54e460cecf5c05dfcffaa3b2e5f57445 bytes=81 template=loop origin=seed:tests/corpus/runtime/classes-and-objects.test.js
 PASS js-fuzzer-loop-54e460cecf5c.js [350/10000] status=ok obs=d3d9446802a4 coverage=+0/32/38 time=1ms
  RUN js-fuzzer-boundary-6aec0a9b1ff4.js [351/10000] md5=6aec0a9b1ff4294bcfecb539ba7e660b bytes=129 template=boundary origin=boundary:-9007199254740991
 PASS js-fuzzer-boundary-6aec0a9b1ff4.js [351/10000] status=ok obs=b3f3a95848f6 coverage=+0/32/38 time=2ms
  RUN js-fuzzer-corpus-08bc93bf5789.js [352/10000] md5=08bc93bf57897bc88ce7161fe56cd099 bytes=169 template=corpus origin=tests/corpus/runtime/closures-read-captured-values.test.js
 PASS js-fuzzer-corpus-08bc93bf5789.js [352/10000] status=ok obs=02e74f10e032 coverage=+0/32/38 time=2ms
  RUN js-fuzzer-arithmetic-4f2d9f6e6526.js [353/10000] md5=4f2d9f6e65267284b0a3321151d7eb1e bytes=85 template=arithmetic origin=seed:tests/corpus/runtime/exceptions-and-nullish.test.js
 PASS js-fuzzer-arithmetic-4f2d9f6e6526.js [353/10000] status=ok obs=13fe9d84310e coverage=+0/32/38 time=1ms
  RUN js-fuzzer-function-8a44cf2ceed5.js [354/10000] md5=8a44cf2ceed595d9f22254a99d394b8c bytes=153 template=function origin=seed:tests/corpus/runtime/functions-closures-and-arrows.test.js
 PASS js-fuzzer-function-8a44cf2ceed5.js [354/10000] status=ok obs=1ff1de774005 coverage=+0/32/38 time=3ms
  RUN js-fuzzer-array-object-7ecd16057278.js [355/10000] md5=7ecd1605727893e5cfa633fb4c298df8 bytes=133 template=array-object origin=seed:tests/corpus/runtime/lexical-shadowing.test.js
 PASS js-fuzzer-array-object-7ecd16057278.js [355/10000] status=ok obs=9bf31c7ff062 coverage=+0/32/38 time=1ms
  RUN js-fuzzer-closure-7f0fcef8a5f6.js [356/10000] md5=7f0fcef8a5f63a8f16cf40bcfecc2308 bytes=185 template=closure origin=seed:tests/corpus/runtime/modules-export.test.js
 PASS js-fuzzer-closure-7f0fcef8a5f6.js [356/10000] status=ok obs=67c6a1e7ce56 coverage=+0/32/38 time=2ms
  RUN js-fuzzer-block-scope-1e0d5465acc0.js [357/10000] md5=1e0d5465acc03f2361fd6c1fb1618cce bytes=114 template=block-scope origin=seed:tests/corpus/runtime/nested-try-finally.test.js
 PASS js-fuzzer-block-scope-1e0d5465acc0.js [357/10000] status=ok obs=a97da629b098 coverage=+0/32/38 time=2ms
  RUN js-fuzzer-boundary-4b8e58e2bd3b.js [358/10000] md5=4b8e58e2bd3bc437f093fe0ab13ce109 bytes=123 template=boundary origin=boundary:-2147483648
 PASS js-fuzzer-boundary-4b8e58e2bd3b.js [358/10000] status=ok obs=034ff5946105 coverage=+0/32/38 time=2ms
  RUN js-fuzzer-try-catch-7cb82b9a3fc9.js [359/10000] md5=7cb82b9a3fc9743b17b967ebeeaab91b bytes=110 template=try-catch origin=seed:tests/corpus/syntax/logical-unary-nullish.test.js
 PASS js-fuzzer-try-catch-7cb82b9a3fc9.js [359/10000] status=ok obs=b6d767d2f8ed coverage=+0/32/38 time=2ms
  RUN js-fuzzer-class-769274f77fa6.js [360/10000] md5=769274f77fa62254ce7e0eb0e3adf7f1 bytes=100 template=class origin=seed:tests/corpus/syntax/object-destructure-and-members.test.js
 PASS js-fuzzer-class-769274f77fa6.js [360/10000] status=ok obs=c4ca4238a0b9 coverage=+0/32/38 time=1ms
  RUN js-fuzzer-corpus-2aed353a2d20.js [361/10000] md5=2aed353a2d200d64cbaf7beb40face20 bytes=275 template=corpus origin=tests/corpus/syntax/switch-do-while-sequence.test.js
 PASS js-fuzzer-corpus-2aed353a2d20.js [361/10000] status=ok obs=6f4922f45568 coverage=+0/32/38 time=2ms
  RUN js-fuzzer-function-53ef3ed61b76.js [362/10000] md5=53ef3ed61b76dc45be6c66e5b3206216 bytes=153 template=function origin=seed:tests/corpus/syntax/template-array-destructure.test.js
 PASS js-fuzzer-function-53ef3ed61b76.js [362/10000] status=ok obs=70efdf2ec9b0 coverage=+0/32/38 time=2ms
  RUN js-fuzzer-array-object-dec3059564bb.js [363/10000] md5=dec3059564bbc4e66ba89fd989f8e2fb bytes=133 template=array-object origin=seed:tests/corpus/syntax/typescript-assertions.test.ts
 PASS js-fuzzer-array-object-dec3059564bb.js [363/10000] status=ok obs=c20ad4d76fe9 coverage=+0/32/38 time=2ms
  RUN js-fuzzer-closure-43cdd85cb2be.js [364/10000] md5=43cdd85cb2be21e4b3f331b2c3c696fa bytes=185 template=closure origin=seed:tests/corpus/syntax/typescript-non-null-satisfies.test.ts
 PASS js-fuzzer-closure-43cdd85cb2be.js [364/10000] status=ok obs=d82c8d1619ad coverage=+0/32/38 time=2ms
  RUN js-fuzzer-boundary-6d89c3a838ae.js [365/10000] md5=6d89c3a838ae354bda64ec37ec2b63b1 bytes=114 template=boundary origin=boundary:-2
 PASS js-fuzzer-boundary-6d89c3a838ae.js [365/10000] status=ok obs=5d7b9adcbe1c coverage=+0/32/38 time=1ms
  RUN js-fuzzer-loop-bbf1d7a15d8d.js [366/10000] md5=bbf1d7a15d8dd015402d75c0e0108b5f bytes=81 template=loop origin=seed:tests/corpus/fixtures/state-machine-workflow.test.js
 PASS js-fuzzer-loop-bbf1d7a15d8d.js [366/10000] status=ok obs=1679091c5a88 coverage=+0/32/38 time=2ms
  RUN js-fuzzer-try-catch-e6fdc2579e78.js [367/10000] md5=e6fdc2579e7880bc0b759de7af5133ab bytes=110 template=try-catch origin=seed:tests/corpus/fixtures/vue-script-workflow.test.vue
 PASS js-fuzzer-try-catch-e6fdc2579e78.js [367/10000] status=ok obs=d645920e395f coverage=+0/32/38 time=2ms
  RUN js-fuzzer-class-b901915e3eda.js [368/10000] md5=b901915e3eda1a96f77dcec9fff681b5 bytes=100 template=class origin=seed:tests/corpus/obfuscation/constant-tag-mix.test.js
 PASS js-fuzzer-class-b901915e3eda.js [368/10000] status=ok obs=c81e728d9d4c coverage=+0/32/38 time=2ms
  RUN js-fuzzer-arithmetic-641b031b8f47.js [369/10000] md5=641b031b8f473bbc461b372b439e8b47 bytes=83 template=arithmetic origin=seed:tests/corpus/obfuscation/extern-slot-permutation.test.js
 PASS js-fuzzer-arithmetic-641b031b8f47.js [369/10000] status=ok obs=6512bd43d9ca coverage=+0/32/38 time=2ms
  RUN js-fuzzer-corpus-efd663ac427b.js [370/10000] md5=efd663ac427b5ca270b2f8b928c902bf bytes=112 template=corpus origin=tests/corpus/obfuscation/externs-console.test.js
 PASS js-fuzzer-corpus-efd663ac427b.js [370/10000] status=ok obs=d289993e39c8 coverage=+0/32/38 time=1ms
  RUN js-fuzzer-array-object-202075d01c8d.js [371/10000] md5=202075d01c8daa4b9fcb7060d5a2c64f bytes=133 template=array-object origin=seed:tests/corpus/obfuscation/seed-sensitive-functions.test.js
 PASS js-fuzzer-array-object-202075d01c8d.js [371/10000] status=ok obs=8f14e45fceea coverage=+0/32/38 time=2ms
  RUN js-fuzzer-boundary-3d1d4e90ebd9.js [372/10000] md5=3d1d4e90ebd99aad7ece59efc98f7563 bytes=114 template=boundary origin=boundary:-1
 PASS js-fuzzer-boundary-3d1d4e90ebd9.js [372/10000] status=ok obs=6bb61e3b7bce coverage=+0/32/38 time=2ms
  RUN js-fuzzer-block-scope-5d14e55e65b6.js [373/10000] md5=5d14e55e65b6c22946ddcf2f918ac8f9 bytes=114 template=block-scope origin=seed:tests/corpus/regressions/multiple-functions-fib-add.test.js
 PASS js-fuzzer-block-scope-5d14e55e65b6.js [373/10000] status=ok obs=ec8956637a99 coverage=+0/32/38 time=1ms
  RUN js-fuzzer-loop-54e460cecf5c.js [374/10000] md5=54e460cecf5c05dfcffaa3b2e5f57445 bytes=81 template=loop origin=seed:tests/corpus/regressions/scope-compressed-closure-params.test.js
 PASS js-fuzzer-loop-54e460cecf5c.js [374/10000] status=ok obs=d3d9446802a4 coverage=+0/32/38 time=2ms
  RUN js-fuzzer-try-catch-42a4cfadce42.js [375/10000] md5=42a4cfadce4239139aa1e7114c2e99a2 bytes=110 template=try-catch origin=seed:tests/corpus/runtime/arrays-objects-methods.test.js
 PASS js-fuzzer-try-catch-42a4cfadce42.js [375/10000] status=ok obs=19ca14e7ea63 coverage=+0/32/38 time=2ms
  RUN js-fuzzer-class-47fbd3db5853.js [376/10000] md5=47fbd3db58539fc2e42627a4f3168c79 bytes=101 template=class origin=seed:tests/corpus/runtime/block-scopes.test.js
 PASS js-fuzzer-class-47fbd3db5853.js [376/10000] status=ok obs=98f137082101 coverage=+0/32/38 time=4ms
  RUN js-fuzzer-arithmetic-b9a5172059c5.js [377/10000] md5=b9a5172059c5fa77ff78e0acbfc465a0 bytes=83 template=arithmetic origin=seed:tests/corpus/runtime/class-fields-static-methods.test.js
 PASS js-fuzzer-arithmetic-b9a5172059c5.js [377/10000] status=ok obs=c74d97b01eae coverage=+0/32/38 time=2ms
  RUN js-fuzzer-function-79bb4335938d.js [378/10000] md5=79bb4335938d82d557d11e6633b235d0 bytes=153 template=function origin=seed:tests/corpus/runtime/classes-and-objects.test.js
 PASS js-fuzzer-function-79bb4335938d.js [378/10000] status=ok obs=6512bd43d9ca coverage=+0/32/38 time=2ms
  RUN js-fuzzer-corpus-ddcb99247fc8.js [379/10000] md5=ddcb99247fc847c897b97c6bd6512b9f bytes=217 template=corpus origin=tests/corpus/runtime/closures-mutate-captured-bindings.test.js
 PASS js-fuzzer-corpus-ddcb99247fc8.js [379/10000] status=ok obs=e4da3b7fbbce coverage=+0/32/38 time=2ms
  RUN js-fuzzer-closure-3c00c88e9b91.js [380/10000] md5=3c00c88e9b915290486c977dc9f8f6af bytes=185 template=closure origin=seed:tests/corpus/runtime/closures-read-captured-values.test.js
 PASS js-fuzzer-closure-3c00c88e9b91.js [380/10000] status=ok obs=03afdbd66e79 coverage=+0/32/38 time=2ms
  RUN js-fuzzer-block-scope-a8e327bbe626.js [381/10000] md5=a8e327bbe6261141f09ba57789d8f00f bytes=114 template=block-scope origin=seed:tests/corpus/runtime/exceptions-and-nullish.test.js
 PASS js-fuzzer-block-scope-a8e327bbe626.js [381/10000] status=ok obs=a97da629b098 coverage=+0/32/38 time=1ms
  RUN js-fuzzer-loop-f495ca2fc638.js [382/10000] md5=f495ca2fc6389f933578fc501f5b1465 bytes=81 template=loop origin=seed:tests/corpus/runtime/functions-closures-and-arrows.test.js
 PASS js-fuzzer-loop-f495ca2fc638.js [382/10000] status=ok obs=c4ca4238a0b9 coverage=+0/32/38 time=1ms
  RUN js-fuzzer-try-catch-7fa76a80e531.js [383/10000] md5=7fa76a80e531298b12538ca11d858f94 bytes=110 template=try-catch origin=seed:tests/corpus/runtime/lexical-shadowing.test.js
 PASS js-fuzzer-try-catch-7fa76a80e531.js [383/10000] status=ok obs=6ea9ab1baa0e coverage=+0/32/38 time=2ms
  RUN js-fuzzer-class-b1e3642c0208.js [384/10000] md5=b1e3642c0208992266fb21668a536292 bytes=100 template=class origin=seed:tests/corpus/runtime/modules-export.test.js
 PASS js-fuzzer-class-b1e3642c0208.js [384/10000] status=ok obs=c9f0f895fb98 coverage=+0/32/38 time=2ms
  RUN js-fuzzer-arithmetic-e3eb63163172.js [385/10000] md5=e3eb631631726e2df514c3e7033e111f bytes=84 template=arithmetic origin=seed:tests/corpus/runtime/nested-try-finally.test.js
 PASS js-fuzzer-arithmetic-e3eb63163172.js [385/10000] status=ok obs=7e7757b1e12a coverage=+0/32/38 time=2ms
  RUN js-fuzzer-boundary-83aee5cf07de.js [386/10000] md5=83aee5cf07deb9d5ce59aec8aff7a227 bytes=128 template=boundary origin=boundary:9007199254740991
 PASS js-fuzzer-boundary-83aee5cf07de.js [386/10000] status=ok obs=8bfa9ad090fb coverage=+0/32/38 time=1ms
  RUN js-fuzzer-array-object-363d724aece6.js [387/10000] md5=363d724aece68423c43b254e92e15c87 bytes=133 template=array-object origin=seed:tests/corpus/syntax/logical-unary-nullish.test.js
 PASS js-fuzzer-array-object-363d724aece6.js [387/10000] status=ok obs=d3d9446802a4 coverage=+0/32/38 time=2ms
  RUN js-fuzzer-corpus-96ebdcb81273.js [388/10000] md5=96ebdcb81273f0e5e5778a6c70c94988 bytes=171 template=corpus origin=tests/corpus/syntax/object-destructure-and-members.test.js
 PASS js-fuzzer-corpus-96ebdcb81273.js [388/10000] status=ok obs=bfad8dfa12ed coverage=+0/32/38 time=2ms
  RUN js-fuzzer-block-scope-8f840eb525e6.js [389/10000] md5=8f840eb525e6e000702e158647a4de1c bytes=114 template=block-scope origin=seed:tests/corpus/syntax/switch-do-while-sequence.test.js
 PASS js-fuzzer-block-scope-8f840eb525e6.js [389/10000] status=ok obs=2723d092b638 coverage=+0/32/38 time=1ms
  RUN js-fuzzer-loop-bbf1d7a15d8d.js [390/10000] md5=bbf1d7a15d8dd015402d75c0e0108b5f bytes=81 template=loop origin=seed:tests/corpus/syntax/template-array-destructure.test.js
 PASS js-fuzzer-loop-bbf1d7a15d8d.js [390/10000] status=ok obs=1679091c5a88 coverage=+0/32/38 time=2ms
  RUN js-fuzzer-try-catch-8eb6765f66fd.js [391/10000] md5=8eb6765f66fd409e223a9383e9857a4c bytes=109 template=try-catch origin=seed:tests/corpus/syntax/typescript-assertions.test.ts
 PASS js-fuzzer-try-catch-8eb6765f66fd.js [391/10000] status=ok obs=6512bd43d9ca coverage=+0/32/38 time=1ms
  RUN js-fuzzer-class-c0844991889f.js [392/10000] md5=c0844991889f03308712cd6bc6b7c31c bytes=101 template=class origin=seed:tests/corpus/syntax/typescript-non-null-satisfies.test.ts
 PASS js-fuzzer-class-c0844991889f.js [392/10000] status=ok obs=70efdf2ec9b0 coverage=+0/32/38 time=2ms
  RUN js-fuzzer-boundary-86f8354fc6fd.js [393/10000] md5=86f8354fc6fd092b05683bbf230dc769 bytes=122 template=boundary origin=boundary:2147483647
 PASS js-fuzzer-boundary-86f8354fc6fd.js [393/10000] status=ok obs=c588c0a459f4 coverage=+0/32/38 time=1ms
  RUN js-fuzzer-function-134a85d12098.js [394/10000] md5=134a85d120985077bd24a3a53ac64560 bytes=153 template=function origin=seed:tests/corpus/fixtures/state-machine-workflow.test.js
 PASS js-fuzzer-function-134a85d12098.js [394/10000] status=ok obs=1679091c5a88 coverage=+0/32/38 time=3ms
  RUN js-fuzzer-array-object-b9434bdce8e9.js [395/10000] md5=b9434bdce8e9f6922304cc39ce34c513 bytes=133 template=array-object origin=seed:tests/corpus/fixtures/vue-script-workflow.test.vue
 PASS js-fuzzer-array-object-b9434bdce8e9.js [395/10000] status=ok obs=c51ce410c124 coverage=+0/32/38 time=2ms
  RUN js-fuzzer-closure-9012bdddf1e2.js [396/10000] md5=9012bdddf1e21d81838c3f2c2f3d18b2 bytes=183 template=closure origin=seed:tests/corpus/obfuscation/constant-tag-mix.test.js
 PASS js-fuzzer-closure-9012bdddf1e2.js [396/10000] status=ok obs=37693cfc7480 coverage=+0/32/38 time=2ms
  RUN js-fuzzer-corpus-fe2d30a6e413.js [397/10000] md5=fe2d30a6e4139e7a8b52405bed737faa bytes=220 template=corpus origin=tests/corpus/obfuscation/extern-slot-permutation.test.js
 PASS js-fuzzer-corpus-fe2d30a6e413.js [397/10000] status=ok obs=c34c702d0256 coverage=+0/32/38 time=1ms
  RUN js-fuzzer-loop-b88258462a8d.js [398/10000] md5=b88258462a8d880f8b0e459fa23b2536 bytes=81 template=loop origin=seed:tests/corpus/obfuscation/externs-console.test.js
 PASS js-fuzzer-loop-b88258462a8d.js [398/10000] status=ok obs=3c59dc048e88 coverage=+0/32/38 time=1ms
  RUN js-fuzzer-try-catch-60965d400692.js [399/10000] md5=60965d4006920d781586aecbf04b3493 bytes=110 template=try-catch origin=seed:tests/corpus/obfuscation/seed-sensitive-functions.test.js
 PASS js-fuzzer-try-catch-60965d400692.js [399/10000] status=ok obs=1f0e3dad9990 coverage=+0/32/38 time=2ms
  RUN js-fuzzer-boundary-e33d9dc9cd6c.js [400/10000] md5=e33d9dc9cd6c84ec6ac6a01d1d18c4f2 bytes=113 template=boundary origin=boundary:2
 PASS js-fuzzer-boundary-e33d9dc9cd6c.js [400/10000] status=ok obs=c81e728d9d4c coverage=+0/32/38 time=1ms
  RUN js-fuzzer-arithmetic-c5cb66bff4f6.js [401/10000] md5=c5cb66bff4f63b6e3e080b8dd8e46129 bytes=84 template=arithmetic origin=seed:tests/corpus/regressions/multiple-functions-fib-add.test.js
 PASS js-fuzzer-arithmetic-c5cb66bff4f6.js [401/10000] status=ok obs=0aa1883c6411 coverage=+0/32/38 time=2ms
  RUN js-fuzzer-function-8a3820bf6e52.js [402/10000] md5=8a3820bf6e52dcab1a0437ab7872cf6a bytes=153 template=function origin=seed:tests/corpus/regressions/scope-compressed-closure-params.test.js
 PASS js-fuzzer-function-8a3820bf6e52.js [402/10000] status=ok obs=a87ff679a2f3 coverage=+0/32/38 time=2ms
  RUN js-fuzzer-array-object-3ee11ffc81fe.js [403/10000] md5=3ee11ffc81fe9e0b8ee8b0d13d9d30dd bytes=133 template=array-object origin=seed:tests/corpus/runtime/arrays-objects-methods.test.js
 PASS js-fuzzer-array-object-3ee11ffc81fe.js [403/10000] status=ok obs=8f14e45fceea coverage=+0/32/38 time=1ms
  RUN js-fuzzer-closure-5c5797a814b8.js [404/10000] md5=5c5797a814b8b1cefd7ba99080426918 bytes=184 template=closure origin=seed:tests/corpus/runtime/block-scopes.test.js
 PASS js-fuzzer-closure-5c5797a814b8.js [404/10000] status=ok obs=17e62166fc85 coverage=+0/32/38 time=2ms
  RUN js-fuzzer-block-scope-0e2f1ddd0627.js [405/10000] md5=0e2f1ddd0627f4a9c4a62578b5531929 bytes=114 template=block-scope origin=seed:tests/corpus/runtime/class-fields-static-methods.test.js
 PASS js-fuzzer-block-scope-0e2f1ddd0627.js [405/10000] status=ok obs=2723d092b638 coverage=+0/32/38 time=2ms
  RUN js-fuzzer-corpus-663bf83cd082.js [406/10000] md5=663bf83cd082bd221441dae6bbc85046 bytes=278 template=corpus origin=tests/corpus/runtime/classes-and-objects.test.js
 PASS js-fuzzer-corpus-663bf83cd082.js [406/10000] status=ok obs=6f4922f45568 coverage=+0/32/38 time=2ms
  RUN js-fuzzer-boundary-3ca041277ff0.js [407/10000] md5=3ca041277ff0c3edafc1a1dcaf120940 bytes=113 template=boundary origin=boundary:1
 PASS js-fuzzer-boundary-3ca041277ff0.js [407/10000] status=ok obs=c4ca4238a0b9 coverage=+0/32/38 time=1ms
  RUN js-fuzzer-class-b901915e3eda.js [408/10000] md5=b901915e3eda1a96f77dcec9fff681b5 bytes=100 template=class origin=seed:tests/corpus/runtime/closures-read-captured-values.test.js
 PASS js-fuzzer-class-b901915e3eda.js [408/10000] status=ok obs=c81e728d9d4c coverage=+0/32/38 time=2ms
  RUN js-fuzzer-arithmetic-886c234c0820.js [409/10000] md5=886c234c0820d144c5aacca70fae8cce bytes=84 template=arithmetic origin=seed:tests/corpus/runtime/exceptions-and-nullish.test.js
 PASS js-fuzzer-arithmetic-886c234c0820.js [409/10000] status=ok obs=84d9ee44e457 coverage=+0/32/38 time=1ms
  RUN js-fuzzer-function-8a44cf2ceed5.js [410/10000] md5=8a44cf2ceed595d9f22254a99d394b8c bytes=153 template=function origin=seed:tests/corpus/runtime/functions-closures-and-arrows.test.js
 PASS js-fuzzer-function-8a44cf2ceed5.js [410/10000] status=ok obs=1ff1de774005 coverage=+0/32/38 time=3ms
  RUN js-fuzzer-array-object-1e22dd1223fd.js [411/10000] md5=1e22dd1223fdd51be0b72b45f1e53846 bytes=133 template=array-object origin=seed:tests/corpus/runtime/lexical-shadowing.test.js
 PASS js-fuzzer-array-object-1e22dd1223fd.js [411/10000] status=ok obs=c51ce410c124 coverage=+0/32/38 time=2ms
  RUN js-fuzzer-closure-552b7bf42ae8.js [412/10000] md5=552b7bf42ae8fadb55aeda6afd3df32c bytes=184 template=closure origin=seed:tests/corpus/runtime/modules-export.test.js
 PASS js-fuzzer-closure-552b7bf42ae8.js [412/10000] status=ok obs=fc490ca45c00 coverage=+0/32/38 time=1ms
  RUN js-fuzzer-block-scope-94c02c5f9dd5.js [413/10000] md5=94c02c5f9dd5a71f193fc5bdc917b6b5 bytes=114 template=block-scope origin=seed:tests/corpus/runtime/nested-try-finally.test.js
 PASS js-fuzzer-block-scope-94c02c5f9dd5.js [413/10000] status=ok obs=6974ce5ac660 coverage=+0/32/38 time=2ms
  RUN js-fuzzer-boundary-6aec0a9b1ff4.js [414/10000] md5=6aec0a9b1ff4294bcfecb539ba7e660b bytes=129 template=boundary origin=boundary:-9007199254740991
 PASS js-fuzzer-boundary-6aec0a9b1ff4.js [414/10000] status=ok obs=b3f3a95848f6 coverage=+0/32/38 time=2ms
  RUN js-fuzzer-corpus-279b64032335.js [415/10000] md5=279b640323351a1b082b98b42d2a2d55 bytes=134 template=corpus origin=tests/corpus/syntax/logical-unary-nullish.test.js
 PASS js-fuzzer-corpus-279b64032335.js [415/10000] status=ok obs=45c48cce2e2d coverage=+0/32/38 time=1ms
  RUN js-fuzzer-class-a9875f561daf.js [416/10000] md5=a9875f561daf181d949c68fc070db0e0 bytes=101 template=class origin=seed:tests/corpus/syntax/object-destructure-and-members.test.js
 PASS js-fuzzer-class-a9875f561daf.js [416/10000] status=ok obs=aab3238922bc coverage=+0/32/38 time=2ms
  RUN js-fuzzer-arithmetic-a521f065d415.js [417/10000] md5=a521f065d41542ffb7bb1197f2683701 bytes=84 template=arithmetic origin=seed:tests/corpus/syntax/switch-do-while-sequence.test.js
 PASS js-fuzzer-arithmetic-a521f065d415.js [417/10000] status=ok obs=8e296a067a37 coverage=+0/32/38 time=2ms
  RUN js-fuzzer-function-1d370c2e7126.js [418/10000] md5=1d370c2e7126a84b090ad6eed5468375 bytes=153 template=function origin=seed:tests/corpus/syntax/template-array-destructure.test.js
 PASS js-fuzzer-function-1d370c2e7126.js [418/10000] status=ok obs=8f14e45fceea coverage=+0/32/38 time=1ms
  RUN js-fuzzer-array-object-a4aee5520030.js [419/10000] md5=a4aee5520030d8fe0bb6908d52c83801 bytes=133 template=array-object origin=seed:tests/corpus/syntax/typescript-assertions.test.ts
 PASS js-fuzzer-array-object-a4aee5520030.js [419/10000] status=ok obs=98f137082101 coverage=+0/32/38 time=2ms
  RUN js-fuzzer-closure-7e46f429b89a.js [420/10000] md5=7e46f429b89a1350bef05534c0c2219a bytes=183 template=closure origin=seed:tests/corpus/syntax/typescript-non-null-satisfies.test.ts
 PASS js-fuzzer-closure-7e46f429b89a.js [420/10000] status=ok obs=02e74f10e032 coverage=+0/32/38 time=2ms
  RUN js-fuzzer-boundary-56f451fe2902.js [421/10000] md5=56f451fe2902341a3a470031c46238b3 bytes=123 template=boundary origin=boundary:-2147483648
 PASS js-fuzzer-boundary-56f451fe2902.js [421/10000] status=ok obs=034ff5946105 coverage=+0/32/38 time=1ms
  RUN js-fuzzer-loop-55c7c905bffb.js [422/10000] md5=55c7c905bffb4bbbc4c8fb9b91df6ad8 bytes=81 template=loop origin=seed:tests/corpus/fixtures/state-machine-workflow.test.js
 PASS js-fuzzer-loop-55c7c905bffb.js [422/10000] status=ok obs=eccbc87e4b5c coverage=+0/32/38 time=1ms
  RUN js-fuzzer-try-catch-c5263a4b0fbd.js [423/10000] md5=c5263a4b0fbd119742a040447111f34b bytes=109 template=try-catch origin=seed:tests/corpus/fixtures/vue-script-workflow.test.vue
 PASS js-fuzzer-try-catch-c5263a4b0fbd.js [423/10000] status=ok obs=8f14e45fceea coverage=+0/32/38 time=2ms
  RUN js-fuzzer-corpus-f00ef18b0a17.js [424/10000] md5=f00ef18b0a172b2a2d9833f5b7fe94e2 bytes=199 template=corpus origin=tests/corpus/obfuscation/constant-tag-mix.test.js
 PASS js-fuzzer-corpus-f00ef18b0a17.js [424/10000] status=ok obs=e86823f38986 coverage=+0/32/38 time=2ms
  RUN js-fuzzer-arithmetic-e4c186d97e63.js [425/10000] md5=e4c186d97e632839ef2e449387b3b90e bytes=84 template=arithmetic origin=seed:tests/corpus/obfuscation/extern-slot-permutation.test.js
 PASS js-fuzzer-arithmetic-e4c186d97e63.js [425/10000] status=ok obs=006f52e9102a coverage=+0/32/38 time=1ms
  RUN js-fuzzer-function-59a47c73ec30.js [426/10000] md5=59a47c73ec3039d5b72e8af0d1e410de bytes=153 template=function origin=seed:tests/corpus/obfuscation/externs-console.test.js
 PASS js-fuzzer-function-59a47c73ec30.js [426/10000] status=ok obs=8f14e45fceea coverage=+0/32/38 time=2ms
  RUN js-fuzzer-array-object-a3320c2ebece.js [427/10000] md5=a3320c2ebecebfcd7765703c524ee849 bytes=133 template=array-object origin=seed:tests/corpus/obfuscation/seed-sensitive-functions.test.js
 PASS js-fuzzer-array-object-a3320c2ebece.js [427/10000] status=ok obs=6512bd43d9ca coverage=+0/32/38 time=2ms
  RUN js-fuzzer-boundary-4ae25cb2e150.js [428/10000] md5=4ae25cb2e15083bfca9f6b81b3f9f24b bytes=114 template=boundary origin=boundary:-2
 PASS js-fuzzer-boundary-4ae25cb2e150.js [428/10000] status=ok obs=5d7b9adcbe1c coverage=+0/32/38 time=1ms
  RUN js-fuzzer-block-scope-1e0d5465acc0.js [429/10000] md5=1e0d5465acc03f2361fd6c1fb1618cce bytes=114 template=block-scope origin=seed:tests/corpus/regressions/multiple-functions-fib-add.test.js
 PASS js-fuzzer-block-scope-1e0d5465acc0.js [429/10000] status=ok obs=a97da629b098 coverage=+0/32/38 time=2ms
  RUN js-fuzzer-loop-55c7c905bffb.js [430/10000] md5=55c7c905bffb4bbbc4c8fb9b91df6ad8 bytes=81 template=loop origin=seed:tests/corpus/regressions/scope-compressed-closure-params.test.js
 PASS js-fuzzer-loop-55c7c905bffb.js [430/10000] status=ok obs=eccbc87e4b5c coverage=+0/32/38 time=2ms
  RUN js-fuzzer-try-catch-6c711f8bb184.js [431/10000] md5=6c711f8bb184c228d8b20d70b1aabb73 bytes=109 template=try-catch origin=seed:tests/corpus/runtime/arrays-objects-methods.test.js
 PASS js-fuzzer-try-catch-6c711f8bb184.js [431/10000] status=ok obs=1679091c5a88 coverage=+0/32/38 time=1ms
  RUN js-fuzzer-class-7c36fc3c0ad4.js [432/10000] md5=7c36fc3c0ad4461d5dbbcd7afdfb6b5c bytes=101 template=class origin=seed:tests/corpus/runtime/block-scopes.test.js
 PASS js-fuzzer-class-7c36fc3c0ad4.js [432/10000] status=ok obs=d3d9446802a4 coverage=+0/32/38 time=2ms
  RUN js-fuzzer-corpus-a64e83c2f849.js [433/10000] md5=a64e83c2f84925dca8985eabe963ee21 bytes=179 template=corpus origin=tests/corpus/runtime/class-fields-static-methods.test.js
 PASS js-fuzzer-corpus-a64e83c2f849.js [433/10000] status=ok obs=8f14e45fceea coverage=+0/32/38 time=2ms
  RUN js-fuzzer-function-c472354a037a.js [434/10000] md5=c472354a037a48d197cd60b4e04af6e0 bytes=153 template=function origin=seed:tests/corpus/runtime/classes-and-objects.test.js
 PASS js-fuzzer-function-c472354a037a.js [434/10000] status=ok obs=02e74f10e032 coverage=+0/32/38 time=3ms
  RUN js-fuzzer-boundary-1024adcac0e5.js [435/10000] md5=1024adcac0e5cc9f99f478fa66dcc00c bytes=114 template=boundary origin=boundary:-1
 PASS js-fuzzer-boundary-1024adcac0e5.js [435/10000] status=ok obs=6bb61e3b7bce coverage=+0/32/38 time=1ms
  RUN js-fuzzer-closure-5c2fdee9f6a0.js [436/10000] md5=5c2fdee9f6a0617d39a14617c90cf53a bytes=184 template=closure origin=seed:tests/corpus/runtime/closures-read-captured-values.test.js
 PASS js-fuzzer-closure-5c2fdee9f6a0.js [436/10000] status=ok obs=6c8349cc7260 coverage=+0/32/38 time=2ms
  RUN js-fuzzer-block-scope-70d77e23658d.js [437/10000] md5=70d77e23658d38d7c2e6dfd67f30a9f0 bytes=115 template=block-scope origin=seed:tests/corpus/runtime/exceptions-and-nullish.test.js
 PASS js-fuzzer-block-scope-70d77e23658d.js [437/10000] status=ok obs=5f93f983524d coverage=+0/32/38 time=2ms
  RUN js-fuzzer-loop-f495ca2fc638.js [438/10000] md5=f495ca2fc6389f933578fc501f5b1465 bytes=81 template=loop origin=seed:tests/corpus/runtime/functions-closures-and-arrows.test.js
 PASS js-fuzzer-loop-f495ca2fc638.js [438/10000] status=ok obs=c4ca4238a0b9 coverage=+0/32/38 time=1ms
  RUN js-fuzzer-try-catch-ee30a401530f.js [439/10000] md5=ee30a401530f819cbc5581e8feb5d305 bytes=110 template=try-catch origin=seed:tests/corpus/runtime/lexical-shadowing.test.js
 PASS js-fuzzer-try-catch-ee30a401530f.js [439/10000] status=ok obs=182be0c5cdcd coverage=+0/32/38 time=2ms
  RUN js-fuzzer-class-6736c24444bc.js [440/10000] md5=6736c24444bc6ff151b05a9a974ae4d5 bytes=100 template=class origin=seed:tests/corpus/runtime/modules-export.test.js
 PASS js-fuzzer-class-6736c24444bc.js [440/10000] status=ok obs=45c48cce2e2d coverage=+0/32/38 time=2ms
  RUN js-fuzzer-arithmetic-8601e7abe938.js [441/10000] md5=8601e7abe938a4e585bfc99925b0f4a6 bytes=84 template=arithmetic origin=seed:tests/corpus/runtime/nested-try-finally.test.js
 PASS js-fuzzer-arithmetic-8601e7abe938.js [441/10000] status=ok obs=a597e50502f5 coverage=+0/32/38 time=1ms
  RUN js-fuzzer-corpus-89e900fcb72f.js [442/10000] md5=89e900fcb72ff838bfe9a13ae091363f bytes=228 template=corpus origin=tests/corpus/syntax/control-flow-and-operators.test.js
 PASS js-fuzzer-corpus-89e900fcb72f.js [442/10000] status=ok obs=aab3238922bc coverage=+0/32/38 time=2ms
  RUN js-fuzzer-array-object-eae9ee075242.js [443/10000] md5=eae9ee075242acb408b5501823773436 bytes=133 template=array-object origin=seed:tests/corpus/syntax/logical-unary-nullish.test.js
 PASS js-fuzzer-array-object-eae9ee075242.js [443/10000] status=ok obs=6f4922f45568 coverage=+0/32/38 time=3ms
  RUN js-fuzzer-closure-7d8a37b9fd99.js [444/10000] md5=7d8a37b9fd99e4f59d82c026f4e21e3a bytes=183 template=closure origin=seed:tests/corpus/syntax/object-destructure-and-members.test.js
 PASS js-fuzzer-closure-7d8a37b9fd99.js [444/10000] status=ok obs=3c59dc048e88 coverage=+0/32/38 time=2ms
  RUN js-fuzzer-block-scope-07f18117f78f.js [445/10000] md5=07f18117f78f57cbdcf4267b9fd9100c bytes=114 template=block-scope origin=seed:tests/corpus/syntax/switch-do-while-sequence.test.js
 PASS js-fuzzer-block-scope-07f18117f78f.js [445/10000] status=ok obs=65b9eea6e1cc coverage=+0/32/38 time=2ms
  RUN js-fuzzer-loop-54e460cecf5c.js [446/10000] md5=54e460cecf5c05dfcffaa3b2e5f57445 bytes=81 template=loop origin=seed:tests/corpus/syntax/template-array-destructure.test.js
 PASS js-fuzzer-loop-54e460cecf5c.js [446/10000] status=ok obs=d3d9446802a4 coverage=+0/32/38 time=2ms
  RUN js-fuzzer-try-catch-7cb82b9a3fc9.js [447/10000] md5=7cb82b9a3fc9743b17b967ebeeaab91b bytes=110 template=try-catch origin=seed:tests/corpus/syntax/typescript-assertions.test.ts
 PASS js-fuzzer-try-catch-7cb82b9a3fc9.js [447/10000] status=ok obs=b6d767d2f8ed coverage=+0/32/38 time=3ms
  RUN js-fuzzer-class-b1e3642c0208.js [448/10000] md5=b1e3642c0208992266fb21668a536292 bytes=100 template=class origin=seed:tests/corpus/syntax/typescript-non-null-satisfies.test.ts
 PASS js-fuzzer-class-b1e3642c0208.js [448/10000] status=ok obs=c9f0f895fb98 coverage=+0/32/38 time=3ms
  RUN js-fuzzer-boundary-4bea2a6e0cb0.js [449/10000] md5=4bea2a6e0cb0c7bb0b29e5b5d44112d8 bytes=128 template=boundary origin=boundary:9007199254740991
 PASS js-fuzzer-boundary-4bea2a6e0cb0.js [449/10000] status=ok obs=dc9a0d67a31d coverage=+0/32/38 time=3ms
  RUN js-fuzzer-function-288d473b3a74.js [450/10000] md5=288d473b3a7495d967aff826da7d201e bytes=153 template=function origin=seed:tests/corpus/fixtures/state-machine-workflow.test.js
 PASS js-fuzzer-function-288d473b3a74.js [450/10000] status=ok obs=aab3238922bc coverage=+0/32/38 time=2ms
  RUN js-fuzzer-corpus-f722388c7961.js [451/10000] md5=f722388c7961d2a0288508c35f28a5f8 bytes=96 template=corpus origin=tests/corpus/fixtures/vue-script-workflow.test.vue
 PASS js-fuzzer-corpus-f722388c7961.js [451/10000] status=ok obs=6512bd43d9ca coverage=+0/32/38 time=2ms
  RUN js-fuzzer-closure-a52e44fc41ea.js [452/10000] md5=a52e44fc41ea2bf0469d1c19ee21047b bytes=184 template=closure origin=seed:tests/corpus/obfuscation/constant-tag-mix.test.js
 PASS js-fuzzer-closure-a52e44fc41ea.js [452/10000] status=ok obs=735b90b45681 coverage=+0/32/38 time=1ms
  RUN js-fuzzer-block-scope-a55cb70fe1d5.js [453/10000] md5=a55cb70fe1d5b8feb9210d1a4de7e588 bytes=114 template=block-scope origin=seed:tests/corpus/obfuscation/extern-slot-permutation.test.js
 PASS js-fuzzer-block-scope-a55cb70fe1d5.js [453/10000] status=ok obs=c9e1074f5b3f coverage=+0/32/38 time=2ms
  RUN js-fuzzer-loop-bbf1d7a15d8d.js [454/10000] md5=bbf1d7a15d8dd015402d75c0e0108b5f bytes=81 template=loop origin=seed:tests/corpus/obfuscation/externs-console.test.js
 PASS js-fuzzer-loop-bbf1d7a15d8d.js [454/10000] status=ok obs=1679091c5a88 coverage=+0/32/38 time=2ms
  RUN js-fuzzer-try-catch-20dc98d64456.js [455/10000] md5=20dc98d644569e4da77d458e1c7210ec bytes=110 template=try-catch origin=seed:tests/corpus/obfuscation/seed-sensitive-functions.test.js
 PASS js-fuzzer-try-catch-20dc98d64456.js [455/10000] status=ok obs=c51ce410c124 coverage=+0/32/38 time=1ms
  RUN js-fuzzer-boundary-5c12d757f0dd.js [456/10000] md5=5c12d757f0ddd5c6b1207b14fb1e8d0c bytes=122 template=boundary origin=boundary:2147483647
 PASS js-fuzzer-boundary-5c12d757f0dd.js [456/10000] status=ok obs=c588c0a459f4 coverage=+0/32/38 time=2ms
  RUN js-fuzzer-arithmetic-df2b142a3d23.js [457/10000] md5=df2b142a3d2398cf5cedb66e34fa1b12 bytes=83 template=arithmetic origin=seed:tests/corpus/regressions/multiple-functions-fib-add.test.js
 PASS js-fuzzer-arithmetic-df2b142a3d23.js [457/10000] status=ok obs=7f39f8317fbd coverage=+0/32/38 time=2ms
  RUN js-fuzzer-function-8384e80192dc.js [458/10000] md5=8384e80192dc0232cf5e505b2f7d5501 bytes=153 template=function origin=seed:tests/corpus/regressions/scope-compressed-closure-params.test.js
 PASS js-fuzzer-function-8384e80192dc.js [458/10000] status=ok obs=e4da3b7fbbce coverage=+0/32/38 time=2ms
  RUN js-fuzzer-array-object-e3e220bdcb5a.js [459/10000] md5=e3e220bdcb5a24da0334732de3bc509d bytes=133 template=array-object origin=seed:tests/corpus/runtime/arrays-objects-methods.test.js
 PASS js-fuzzer-array-object-e3e220bdcb5a.js [459/10000] status=ok obs=8f14e45fceea coverage=+0/32/38 time=1ms
  RUN js-fuzzer-corpus-8b78ba7912c5.js [460/10000] md5=8b78ba7912c51f6cf304b65c6ebdb2e3 bytes=289 template=corpus origin=tests/corpus/runtime/block-scopes.test.js
 PASS js-fuzzer-corpus-8b78ba7912c5.js [460/10000] status=ok obs=37693cfc7480 coverage=+0/32/38 time=2ms
  RUN js-fuzzer-block-scope-0e2f1ddd0627.js [461/10000] md5=0e2f1ddd0627f4a9c4a62578b5531929 bytes=114 template=block-scope origin=seed:tests/corpus/runtime/class-fields-static-methods.test.js
 PASS js-fuzzer-block-scope-0e2f1ddd0627.js [461/10000] status=ok obs=2723d092b638 coverage=+0/32/38 time=2ms
  RUN js-fuzzer-loop-55c7c905bffb.js [462/10000] md5=55c7c905bffb4bbbc4c8fb9b91df6ad8 bytes=81 template=loop origin=seed:tests/corpus/runtime/classes-and-objects.test.js
 PASS js-fuzzer-loop-55c7c905bffb.js [462/10000] status=ok obs=eccbc87e4b5c coverage=+0/32/38 time=2ms
  RUN js-fuzzer-boundary-e33d9dc9cd6c.js [463/10000] md5=e33d9dc9cd6c84ec6ac6a01d1d18c4f2 bytes=113 template=boundary origin=boundary:2
 PASS js-fuzzer-boundary-e33d9dc9cd6c.js [463/10000] status=ok obs=c81e728d9d4c coverage=+0/32/38 time=1ms
  RUN js-fuzzer-class-7c36fc3c0ad4.js [464/10000] md5=7c36fc3c0ad4461d5dbbcd7afdfb6b5c bytes=101 template=class origin=seed:tests/corpus/runtime/closures-read-captured-values.test.js
 PASS js-fuzzer-class-7c36fc3c0ad4.js [464/10000] status=ok obs=d3d9446802a4 coverage=+0/32/38 time=2ms
  RUN js-fuzzer-arithmetic-695d49fe3716.js [465/10000] md5=695d49fe37169e6181167c3a3992c407 bytes=84 template=arithmetic origin=seed:tests/corpus/runtime/exceptions-and-nullish.test.js
 PASS js-fuzzer-arithmetic-695d49fe3716.js [465/10000] status=ok obs=a5bfc9e07964 coverage=+0/32/38 time=1ms
  RUN js-fuzzer-function-831f4ac0cd0e.js [466/10000] md5=831f4ac0cd0ee5c472d5e3bccfaabf34 bytes=153 template=function origin=seed:tests/corpus/runtime/functions-closures-and-arrows.test.js
 PASS js-fuzzer-function-831f4ac0cd0e.js [466/10000] status=ok obs=c9f0f895fb98 coverage=+0/32/38 time=4ms
  RUN js-fuzzer-array-object-624c21123812.js [467/10000] md5=624c21123812e041cbf3c1bddc3e1779 bytes=133 template=array-object origin=seed:tests/corpus/runtime/lexical-shadowing.test.js
 PASS js-fuzzer-array-object-624c21123812.js [467/10000] status=ok obs=9bf31c7ff062 coverage=+0/32/38 time=1ms
  RUN js-fuzzer-closure-8a95a02ac0ed.js [468/10000] md5=8a95a02ac0edf426c0cb8fa45c379334 bytes=184 template=closure origin=seed:tests/corpus/runtime/modules-export.test.js
 PASS js-fuzzer-closure-8a95a02ac0ed.js [468/10000] status=ok obs=3416a75f4cea coverage=+0/32/38 time=2ms
  RUN js-fuzzer-corpus-c557f8da2a9d.js [469/10000] md5=c557f8da2a9d2904c70dca50c3eeb50e bytes=191 template=corpus origin=tests/corpus/runtime/nested-try-finally.test.js
 PASS js-fuzzer-corpus-c557f8da2a9d.js [469/10000] status=ok obs=8f14e45fceea coverage=+0/32/38 time=2ms
  RUN js-fuzzer-boundary-3ca041277ff0.js [470/10000] md5=3ca041277ff0c3edafc1a1dcaf120940 bytes=113 template=boundary origin=boundary:1
 PASS js-fuzzer-boundary-3ca041277ff0.js [470/10000] status=ok obs=c4ca4238a0b9 coverage=+0/32/38 time=1ms
  RUN js-fuzzer-try-catch-f24fba189d45.js [471/10000] md5=f24fba189d4541ce9d4809156ecb450c bytes=110 template=try-catch origin=seed:tests/corpus/syntax/logical-unary-nullish.test.js
 PASS js-fuzzer-try-catch-f24fba189d45.js [471/10000] status=ok obs=1ff1de774005 coverage=+0/32/38 time=2ms
  RUN js-fuzzer-class-ff7d9ca3da86.js [472/10000] md5=ff7d9ca3da86b49917ac34b4d48e8df9 bytes=101 template=class origin=seed:tests/corpus/syntax/object-destructure-and-members.test.js
 PASS js-fuzzer-class-ff7d9ca3da86.js [472/10000] status=ok obs=c20ad4d76fe9 coverage=+0/32/38 time=2ms
  RUN js-fuzzer-arithmetic-e0ff656004c5.js [473/10000] md5=e0ff656004c55046a9307df3e36740d8 bytes=85 template=arithmetic origin=seed:tests/corpus/syntax/switch-do-while-sequence.test.js
 PASS js-fuzzer-arithmetic-e0ff656004c5.js [473/10000] status=ok obs=d09bf41544a3 coverage=+0/32/38 time=1ms
  RUN js-fuzzer-function-7078b1558e88.js [474/10000] md5=7078b1558e88c84f2ce4ff32c844a13e bytes=153 template=function origin=seed:tests/corpus/syntax/template-array-destructure.test.js
 PASS js-fuzzer-function-7078b1558e88.js [474/10000] status=ok obs=1679091c5a88 coverage=+0/32/38 time=2ms
  RUN js-fuzzer-array-object-9a1935eb0ff9.js [475/10000] md5=9a1935eb0ff911600a330be0bf35d2f7 bytes=133 template=array-object origin=seed:tests/corpus/syntax/typescript-assertions.test.ts
 PASS js-fuzzer-array-object-9a1935eb0ff9.js [475/10000] status=ok obs=aab3238922bc coverage=+0/32/38 time=3ms
  RUN js-fuzzer-closure-31c86a109bc0.js [476/10000] md5=31c86a109bc0cc5bf40d51eb3da7b3c3 bytes=184 template=closure origin=seed:tests/corpus/syntax/typescript-non-null-satisfies.test.ts
 PASS js-fuzzer-closure-31c86a109bc0.js [476/10000] status=ok obs=fc490ca45c00 coverage=+0/32/38 time=1ms
  RUN js-fuzzer-boundary-6aec0a9b1ff4.js [477/10000] md5=6aec0a9b1ff4294bcfecb539ba7e660b bytes=129 template=boundary origin=boundary:-9007199254740991
 PASS js-fuzzer-boundary-6aec0a9b1ff4.js [477/10000] status=ok obs=b3f3a95848f6 coverage=+0/32/38 time=2ms
  RUN js-fuzzer-corpus-ab8ca4f8757c.js [478/10000] md5=ab8ca4f8757c6165b29cd6a662edad93 bytes=450 template=corpus origin=tests/corpus/fixtures/state-machine-workflow.test.js
 PASS js-fuzzer-corpus-ab8ca4f8757c.js [478/10000] status=ok obs=b9f49c580664 coverage=+0/32/38 time=2ms
  RUN js-fuzzer-try-catch-b442aa263f12.js [479/10000] md5=b442aa263f129fb627b483e77db700ad bytes=110 template=try-catch origin=seed:tests/corpus/fixtures/vue-script-workflow.test.vue
 PASS js-fuzzer-try-catch-b442aa263f12.js [479/10000] status=ok obs=c20ad4d76fe9 coverage=+0/32/38 time=2ms
  RUN js-fuzzer-class-a365d1a76b7b.js [480/10000] md5=a365d1a76b7b0d4310621afa7caac433 bytes=100 template=class origin=seed:tests/corpus/obfuscation/constant-tag-mix.test.js
 PASS js-fuzzer-class-a365d1a76b7b.js [480/10000] status=ok obs=8f14e45fceea coverage=+0/32/38 time=1ms
  RUN js-fuzzer-arithmetic-b6b4ffbff32b.js [481/10000] md5=b6b4ffbff32b80099db71cee364029fa bytes=85 template=arithmetic origin=seed:tests/corpus/obfuscation/extern-slot-permutation.test.js
 PASS js-fuzzer-arithmetic-b6b4ffbff32b.js [481/10000] status=ok obs=8d5e957f2978 coverage=+0/32/38 time=2ms
  RUN js-fuzzer-function-e38b8374b652.js [482/10000] md5=e38b8374b65234ab6d6009c7a43720d9 bytes=153 template=function origin=seed:tests/corpus/obfuscation/externs-console.test.js
 PASS js-fuzzer-function-e38b8374b652.js [482/10000] status=ok obs=1679091c5a88 coverage=+0/32/38 time=1ms
  RUN js-fuzzer-array-object-72872e9c1ab2.js [483/10000] md5=72872e9c1ab2c94186f7dc13713e0dc8 bytes=133 template=array-object origin=seed:tests/corpus/obfuscation/seed-sensitive-functions.test.js
 PASS js-fuzzer-array-object-72872e9c1ab2.js [483/10000] status=ok obs=c51ce410c124 coverage=+0/32/38 time=2ms
  RUN js-fuzzer-boundary-512d8e9b531d.js [484/10000] md5=512d8e9b531dd316e823325cc949e70e bytes=123 template=boundary origin=boundary:-2147483648
 PASS js-fuzzer-boundary-512d8e9b531d.js [484/10000] status=ok obs=034ff5946105 coverage=+0/32/38 time=2ms
  RUN js-fuzzer-block-scope-a8e327bbe626.js [485/10000] md5=a8e327bbe6261141f09ba57789d8f00f bytes=114 template=block-scope origin=seed:tests/corpus/regressions/multiple-functions-fib-add.test.js
 PASS js-fuzzer-block-scope-a8e327bbe626.js [485/10000] status=ok obs=a97da629b098 coverage=+0/32/38 time=2ms
  RUN js-fuzzer-loop-bbf1d7a15d8d.js [486/10000] md5=bbf1d7a15d8dd015402d75c0e0108b5f bytes=81 template=loop origin=seed:tests/corpus/regressions/scope-compressed-closure-params.test.js
 PASS js-fuzzer-loop-bbf1d7a15d8d.js [486/10000] status=ok obs=1679091c5a88 coverage=+0/32/38 time=1ms
  RUN js-fuzzer-corpus-a07012429fce.js [487/10000] md5=a07012429fce4b4d7c8af42f445f70b9 bytes=163 template=corpus origin=tests/corpus/runtime/arrays-objects-methods.test.js
 PASS js-fuzzer-corpus-a07012429fce.js [487/10000] status=ok obs=c51ce410c124 coverage=+0/32/38 time=1ms
  RUN js-fuzzer-class-ff7d9ca3da86.js [488/10000] md5=ff7d9ca3da86b49917ac34b4d48e8df9 bytes=101 template=class origin=seed:tests/corpus/runtime/block-scopes.test.js
 PASS js-fuzzer-class-ff7d9ca3da86.js [488/10000] status=ok obs=c20ad4d76fe9 coverage=+0/32/38 time=2ms
  RUN js-fuzzer-arithmetic-7aa964436e4b.js [489/10000] md5=7aa964436e4b132d1c755de3e9bca05e bytes=84 template=arithmetic origin=seed:tests/corpus/runtime/class-fields-static-methods.test.js
 PASS js-fuzzer-arithmetic-7aa964436e4b.js [489/10000] status=ok obs=c8ffe9a587b1 coverage=+0/32/38 time=1ms
  RUN js-fuzzer-function-cb7d7d91d83d.js [490/10000] md5=cb7d7d91d83d165500656240f14cd1fc bytes=153 template=function origin=seed:tests/corpus/runtime/classes-and-objects.test.js
 PASS js-fuzzer-function-cb7d7d91d83d.js [490/10000] status=ok obs=8f14e45fceea coverage=+0/32/38 time=2ms
  RUN js-fuzzer-boundary-92df4f5b559a.js [491/10000] md5=92df4f5b559a550058b4133ffb629932 bytes=114 template=boundary origin=boundary:-2
 PASS js-fuzzer-boundary-92df4f5b559a.js [491/10000] status=ok obs=5d7b9adcbe1c coverage=+0/32/38 time=2ms
  RUN js-fuzzer-closure-a0412f0b1aaa.js [492/10000] md5=a0412f0b1aaab85bfdac366750d26be9 bytes=184 template=closure origin=seed:tests/corpus/runtime/closures-read-captured-values.test.js
 PASS js-fuzzer-closure-a0412f0b1aaa.js [492/10000] status=ok obs=67c6a1e7ce56 coverage=+0/32/38 time=2ms
  RUN js-fuzzer-block-scope-b7354b2c1705.js [493/10000] md5=b7354b2c17056cef9934cdad4bef523b bytes=114 template=block-scope origin=seed:tests/corpus/runtime/exceptions-and-nullish.test.js
 PASS js-fuzzer-block-scope-b7354b2c1705.js [493/10000] status=ok obs=f0935e4cd592 coverage=+0/32/38 time=1ms
  RUN js-fuzzer-loop-d35707ad0bf7.js [494/10000] md5=d35707ad0bf74148f671ad8943998af6 bytes=81 template=loop origin=seed:tests/corpus/runtime/functions-closures-and-arrows.test.js
 PASS js-fuzzer-loop-d35707ad0bf7.js [494/10000] status=ok obs=9bf31c7ff062 coverage=+0/32/38 time=2ms
  RUN js-fuzzer-try-catch-ecde19ac059d.js [495/10000] md5=ecde19ac059dab5b524e2da1cfde28b0 bytes=110 template=try-catch origin=seed:tests/corpus/runtime/lexical-shadowing.test.js
 PASS js-fuzzer-try-catch-ecde19ac059d.js [495/10000] status=ok obs=f457c545a9de coverage=+0/32/38 time=2ms
  RUN js-fuzzer-corpus-4131d841163b.js [496/10000] md5=4131d841163b79e192bca9d4fc683c54 bytes=58 template=corpus origin=tests/corpus/runtime/modules-export.test.js
 PASS js-fuzzer-corpus-4131d841163b.js [496/10000] status=ok obs=8f14e45fceea coverage=+0/32/38 time=1ms
  RUN js-fuzzer-arithmetic-fa21f7fb272a.js [497/10000] md5=fa21f7fb272aae8fc5e99725aa3d96b0 bytes=84 template=arithmetic origin=seed:tests/corpus/runtime/nested-try-finally.test.js
 PASS js-fuzzer-arithmetic-fa21f7fb272a.js [497/10000] status=ok obs=c20ad4d76fe9 coverage=+0/32/38 time=2ms
  RUN js-fuzzer-boundary-3d1d4e90ebd9.js [498/10000] md5=3d1d4e90ebd99aad7ece59efc98f7563 bytes=114 template=boundary origin=boundary:-1
 PASS js-fuzzer-boundary-3d1d4e90ebd9.js [498/10000] status=ok obs=6bb61e3b7bce coverage=+0/32/38 time=1ms
  RUN js-fuzzer-array-object-de90d19ee117.js [499/10000] md5=de90d19ee117092a35609db3dcc0965f bytes=133 template=array-object origin=seed:tests/corpus/syntax/logical-unary-nullish.test.js
 PASS js-fuzzer-array-object-de90d19ee117.js [499/10000] status=ok obs=d3d9446802a4 coverage=+0/32/38 time=2ms
  RUN js-fuzzer-closure-b8932a890e99.js [500/10000] md5=b8932a890e99d0be8d5769e2167a36c3 bytes=185 template=closure origin=seed:tests/corpus/syntax/object-destructure-and-members.test.js
 PASS js-fuzzer-closure-b8932a890e99.js [500/10000] status=ok obs=43ec517d68b6 coverage=+0/32/38 time=3ms
  RUN js-fuzzer-block-scope-2c10bbc428db.js [501/10000] md5=2c10bbc428db4200e64caddad48be0c3 bytes=114 template=block-scope origin=seed:tests/corpus/syntax/switch-do-while-sequence.test.js
 PASS js-fuzzer-block-scope-2c10bbc428db.js [501/10000] status=ok obs=38b3eff8baf5 coverage=+0/32/38 time=1ms
  RUN js-fuzzer-loop-bbf1d7a15d8d.js [502/10000] md5=bbf1d7a15d8dd015402d75c0e0108b5f bytes=81 template=loop origin=seed:tests/corpus/syntax/template-array-destructure.test.js
 PASS js-fuzzer-loop-bbf1d7a15d8d.js [502/10000] status=ok obs=1679091c5a88 coverage=+0/32/38 time=2ms
  RUN js-fuzzer-try-catch-83aeb7d5f114.js [503/10000] md5=83aeb7d5f114f448e90b2f3e31e7a7e9 bytes=110 template=try-catch origin=seed:tests/corpus/syntax/typescript-assertions.test.ts
 PASS js-fuzzer-try-catch-83aeb7d5f114.js [503/10000] status=ok obs=e369853df766 coverage=+0/32/38 time=2ms
  RUN js-fuzzer-class-c0844991889f.js [504/10000] md5=c0844991889f03308712cd6bc6b7c31c bytes=101 template=class origin=seed:tests/corpus/syntax/typescript-non-null-satisfies.test.ts
 PASS js-fuzzer-class-c0844991889f.js [504/10000] status=ok obs=70efdf2ec9b0 coverage=+0/32/38 time=1ms
  RUN js-fuzzer-corpus-797f152bf878.js [505/10000] md5=797f152bf878d5049066c6db6d2360b3 bytes=355 template=corpus origin=tests/corpus/fixtures/job-workflow.test.js
 PASS js-fuzzer-corpus-797f152bf878.js [505/10000] status=ok obs=b9de0628c8ec coverage=+0/32/38 time=1ms
  RUN js-fuzzer-function-17ab2ee95112.js [506/10000] md5=17ab2ee95112b813f54b3d07b24c1dbd bytes=153 template=function origin=seed:tests/corpus/fixtures/state-machine-workflow.test.js
 PASS js-fuzzer-function-17ab2ee95112.js [506/10000] status=ok obs=b6d767d2f8ed coverage=+0/32/38 time=3ms
  RUN js-fuzzer-array-object-05e383c1f076.js [507/10000] md5=05e383c1f0768ac52d66fe0bc4838cd9 bytes=133 template=array-object origin=seed:tests/corpus/fixtures/vue-script-workflow.test.vue
 PASS js-fuzzer-array-object-05e383c1f076.js [507/10000] status=ok obs=aab3238922bc coverage=+0/32/38 time=1ms
  RUN js-fuzzer-closure-8d05168d8758.js [508/10000] md5=8d05168d875899ee5f77271347df2a83 bytes=184 template=closure origin=seed:tests/corpus/obfuscation/constant-tag-mix.test.js
 PASS js-fuzzer-closure-8d05168d8758.js [508/10000] status=ok obs=d67d8ab4f4c1 coverage=+0/32/38 time=2ms
  RUN js-fuzzer-block-scope-69416eacfa80.js [509/10000] md5=69416eacfa80d4cc39f9ef48aa81ecf4 bytes=114 template=block-scope origin=seed:tests/corpus/obfuscation/extern-slot-permutation.test.js
 PASS js-fuzzer-block-scope-69416eacfa80.js [509/10000] status=ok obs=a3c65c297427 coverage=+0/32/38 time=2ms
  RUN js-fuzzer-loop-bbf1d7a15d8d.js [510/10000] md5=bbf1d7a15d8dd015402d75c0e0108b5f bytes=81 template=loop origin=seed:tests/corpus/obfuscation/externs-console.test.js
 PASS js-fuzzer-loop-bbf1d7a15d8d.js [510/10000] status=ok obs=1679091c5a88 coverage=+0/32/38 time=1ms
  RUN js-fuzzer-try-catch-85daf11db7ec.js [511/10000] md5=85daf11db7ec5f71a0e05a86a536d94d bytes=110 template=try-catch origin=seed:tests/corpus/obfuscation/seed-sensitive-functions.test.js
 PASS js-fuzzer-try-catch-85daf11db7ec.js [511/10000] status=ok obs=f7177163c833 coverage=+0/32/38 time=2ms
  RUN js-fuzzer-boundary-2b35f90895ea.js [512/10000] md5=2b35f90895ea85111e562e627044f919 bytes=128 template=boundary origin=boundary:9007199254740991
 PASS js-fuzzer-boundary-2b35f90895ea.js [512/10000] status=ok obs=8bfa9ad090fb coverage=+0/32/38 time=2ms
  RUN js-fuzzer-arithmetic-eaed27d99ab3.js [513/10000] md5=eaed27d99ab3e355a0746d3049681403 bytes=85 template=arithmetic origin=seed:tests/corpus/regressions/multiple-functions-fib-add.test.js
 PASS js-fuzzer-arithmetic-eaed27d99ab3.js [513/10000] status=ok obs=502e4a16930e coverage=+0/32/38 time=1ms
  RUN js-fuzzer-corpus-c28cfb056309.js [514/10000] md5=c28cfb056309f2a77f8bd9756b123c54 bytes=147 template=corpus origin=tests/corpus/regressions/scope-compressed-closure-params.test.js
 PASS js-fuzzer-corpus-c28cfb056309.js [514/10000] status=ok obs=c51ce410c124 coverage=+0/32/38 time=2ms
  RUN js-fuzzer-array-object-c3104e16c878.js [515/10000] md5=c3104e16c878ab79fdaa2d5f711d14c6 bytes=133 template=array-object origin=seed:tests/corpus/runtime/arrays-objects-methods.test.js
 PASS js-fuzzer-array-object-c3104e16c878.js [515/10000] status=ok obs=c51ce410c124 coverage=+0/32/38 time=2ms
  RUN js-fuzzer-closure-edadf30fe44a.js [516/10000] md5=edadf30fe44ac543fbdb70ce962ad687 bytes=184 template=closure origin=seed:tests/corpus/runtime/block-scopes.test.js
 PASS js-fuzzer-closure-edadf30fe44a.js [516/10000] status=ok obs=182be0c5cdcd coverage=+0/32/38 time=1ms
  RUN js-fuzzer-block-scope-3a399cf11460.js [517/10000] md5=3a399cf11460cbf5ac22ca9633bbafb0 bytes=114 template=block-scope origin=seed:tests/corpus/runtime/class-fields-static-methods.test.js
 PASS js-fuzzer-block-scope-3a399cf11460.js [517/10000] status=ok obs=65b9eea6e1cc coverage=+0/32/38 time=2ms
  RUN js-fuzzer-loop-d35707ad0bf7.js [518/10000] md5=d35707ad0bf74148f671ad8943998af6 bytes=81 template=loop origin=seed:tests/corpus/runtime/classes-and-objects.test.js
 PASS js-fuzzer-loop-d35707ad0bf7.js [518/10000] status=ok obs=9bf31c7ff062 coverage=+0/32/38 time=2ms
  RUN js-fuzzer-boundary-5c12d757f0dd.js [519/10000] md5=5c12d757f0ddd5c6b1207b14fb1e8d0c bytes=122 template=boundary origin=boundary:2147483647
 PASS js-fuzzer-boundary-5c12d757f0dd.js [519/10000] status=ok obs=c588c0a459f4 coverage=+0/32/38 time=1ms
  RUN js-fuzzer-class-51ea152a707e.js [520/10000] md5=51ea152a707ed5422ab3e5b3ddb7fe43 bytes=100 template=class origin=seed:tests/corpus/runtime/closures-read-captured-values.test.js
 PASS js-fuzzer-class-51ea152a707e.js [520/10000] status=ok obs=e4da3b7fbbce coverage=+0/32/38 time=2ms
  RUN js-fuzzer-arithmetic-641b031b8f47.js [521/10000] md5=641b031b8f473bbc461b372b439e8b47 bytes=83 template=arithmetic origin=seed:tests/corpus/runtime/exceptions-and-nullish.test.js
 PASS js-fuzzer-arithmetic-641b031b8f47.js [521/10000] status=ok obs=6512bd43d9ca coverage=+0/32/38 time=2ms
  RUN js-fuzzer-function-831f4ac0cd0e.js [522/10000] md5=831f4ac0cd0ee5c472d5e3bccfaabf34 bytes=153 template=function origin=seed:tests/corpus/runtime/functions-closures-and-arrows.test.js
 PASS js-fuzzer-function-831f4ac0cd0e.js [522/10000] status=ok obs=c9f0f895fb98 coverage=+0/32/38 time=1ms
  RUN js-fuzzer-corpus-463d4dee8a1f.js [523/10000] md5=463d4dee8a1f930fa8af57a704cacf3e bytes=232 template=corpus origin=tests/corpus/runtime/lexical-shadowing.test.js
 PASS js-fuzzer-corpus-463d4dee8a1f.js [523/10000] status=ok obs=c51ce410c124 coverage=+0/32/38 time=2ms
  RUN js-fuzzer-closure-e9ae63c28762.js [524/10000] md5=e9ae63c287623e1add8ca7df5d88d59c bytes=184 template=closure origin=seed:tests/corpus/runtime/modules-export.test.js
 PASS js-fuzzer-closure-e9ae63c28762.js [524/10000] status=ok obs=b53b3a3d6ab9 coverage=+0/32/38 time=2ms
  RUN js-fuzzer-block-scope-d91a7021820e.js [525/10000] md5=d91a7021820e6be8bb5d840fafff4dcb bytes=115 template=block-scope origin=seed:tests/corpus/runtime/nested-try-finally.test.js
 PASS js-fuzzer-block-scope-d91a7021820e.js [525/10000] status=ok obs=5f93f983524d coverage=+0/32/38 time=2ms
  RUN js-fuzzer-boundary-85faf3787c26.js [526/10000] md5=85faf3787c26ca3bad9215a544873988 bytes=113 template=boundary origin=boundary:2
 PASS js-fuzzer-boundary-85faf3787c26.js [526/10000] status=ok obs=c81e728d9d4c coverage=+0/32/38 time=1ms
  RUN js-fuzzer-try-catch-394293a01c1f.js [527/10000] md5=394293a01c1f5412b61d69cb8738d61b bytes=110 template=try-catch origin=seed:tests/corpus/syntax/logical-unary-nullish.test.js
 PASS js-fuzzer-try-catch-394293a01c1f.js [527/10000] status=ok obs=c74d97b01eae coverage=+0/32/38 time=2ms
  RUN js-fuzzer-class-c0844991889f.js [528/10000] md5=c0844991889f03308712cd6bc6b7c31c bytes=101 template=class origin=seed:tests/corpus/syntax/object-destructure-and-members.test.js
 PASS js-fuzzer-class-c0844991889f.js [528/10000] status=ok obs=70efdf2ec9b0 coverage=+0/32/38 time=1ms
  RUN js-fuzzer-arithmetic-00b8c1b1b25a.js [529/10000] md5=00b8c1b1b25adfb8f7d4fdbf56d4e1ef bytes=83 template=arithmetic origin=seed:tests/corpus/syntax/switch-do-while-sequence.test.js
 PASS js-fuzzer-arithmetic-00b8c1b1b25a.js [529/10000] status=ok obs=a5bfc9e07964 coverage=+0/32/38 time=2ms
  RUN js-fuzzer-function-3c5d7cd75696.js [530/10000] md5=3c5d7cd75696cd405bd2fe4a10121d7f bytes=153 template=function origin=seed:tests/corpus/syntax/template-array-destructure.test.js
 PASS js-fuzzer-function-3c5d7cd75696.js [530/10000] status=ok obs=c20ad4d76fe9 coverage=+0/32/38 time=2ms
  RUN js-fuzzer-array-object-662f48a95c43.js [531/10000] md5=662f48a95c435e5f6dd3f4466cd54737 bytes=133 template=array-object origin=seed:tests/corpus/syntax/typescript-assertions.test.ts
 PASS js-fuzzer-array-object-662f48a95c43.js [531/10000] status=ok obs=9bf31c7ff062 coverage=+0/32/38 time=2ms
  RUN js-fuzzer-corpus-e3eeaea0f8a2.js [532/10000] md5=e3eeaea0f8a2c5d5b650d4007cf78b4a bytes=104 template=corpus origin=tests/corpus/syntax/typescript-non-null-satisfies.test.ts
 PASS js-fuzzer-corpus-e3eeaea0f8a2.js [532/10000] status=ok obs=d3d9446802a4 coverage=+0/32/38 time=1ms
  RUN js-fuzzer-boundary-3ca041277ff0.js [533/10000] md5=3ca041277ff0c3edafc1a1dcaf120940 bytes=113 template=boundary origin=boundary:1
 PASS js-fuzzer-boundary-3ca041277ff0.js [533/10000] status=ok obs=c4ca4238a0b9 coverage=+0/32/38 time=3ms
  RUN js-fuzzer-loop-f495ca2fc638.js [534/10000] md5=f495ca2fc6389f933578fc501f5b1465 bytes=81 template=loop origin=seed:tests/corpus/fixtures/state-machine-workflow.test.js
 PASS js-fuzzer-loop-f495ca2fc638.js [534/10000] status=ok obs=c4ca4238a0b9 coverage=+0/32/38 time=2ms
  RUN js-fuzzer-try-catch-ecee5cf418be.js [535/10000] md5=ecee5cf418beff71c62f1aeee5aa3045 bytes=109 template=try-catch origin=seed:tests/corpus/fixtures/vue-script-workflow.test.vue
 PASS js-fuzzer-try-catch-ecee5cf418be.js [535/10000] status=ok obs=45c48cce2e2d coverage=+0/32/38 time=1ms
  RUN js-fuzzer-class-1fb70654253d.js [536/10000] md5=1fb70654253d944404805630039f463c bytes=101 template=class origin=seed:tests/corpus/obfuscation/constant-tag-mix.test.js
 PASS js-fuzzer-class-1fb70654253d.js [536/10000] status=ok obs=c51ce410c124 coverage=+0/32/38 time=2ms
  RUN js-fuzzer-arithmetic-d1d41f2d82d9.js [537/10000] md5=d1d41f2d82d9b9770a3afca684cf542a bytes=83 template=arithmetic origin=seed:tests/corpus/obfuscation/extern-slot-permutation.test.js
 PASS js-fuzzer-arithmetic-d1d41f2d82d9.js [537/10000] status=ok obs=6512bd43d9ca coverage=+0/32/38 time=2ms
  RUN js-fuzzer-function-e38b8374b652.js [538/10000] md5=e38b8374b65234ab6d6009c7a43720d9 bytes=153 template=function origin=seed:tests/corpus/obfuscation/externs-console.test.js
 PASS js-fuzzer-function-e38b8374b652.js [538/10000] status=ok obs=1679091c5a88 coverage=+0/32/38 time=1ms
  RUN js-fuzzer-array-object-a780aeb05a46.js [539/10000] md5=a780aeb05a461c6d48588ce3de7a769d bytes=133 template=array-object origin=seed:tests/corpus/obfuscation/seed-sensitive-functions.test.js
 PASS js-fuzzer-array-object-a780aeb05a46.js [539/10000] status=ok obs=45c48cce2e2d coverage=+0/32/38 time=2ms
  RUN js-fuzzer-boundary-235131a2d0d1.js [540/10000] md5=235131a2d0d184afe9327ca3bd456dde bytes=129 template=boundary origin=boundary:-9007199254740991
 PASS js-fuzzer-boundary-235131a2d0d1.js [540/10000] status=ok obs=b3f3a95848f6 coverage=+0/32/38 time=2ms
  RUN js-fuzzer-corpus-ad9ed8746461.js [541/10000] md5=ad9ed87464611c6dd81b04b3754c760c bytes=214 template=corpus origin=tests/corpus/regressions/multiple-functions-fib-add.test.js
 PASS js-fuzzer-corpus-ad9ed8746461.js [541/10000] status=ok obs=3c59dc048e88 coverage=+0/32/38 time=2ms
  RUN js-fuzzer-loop-bbf1d7a15d8d.js [542/10000] md5=bbf1d7a15d8dd015402d75c0e0108b5f bytes=81 template=loop origin=seed:tests/corpus/regressions/scope-compressed-closure-params.test.js
 PASS js-fuzzer-loop-bbf1d7a15d8d.js [542/10000] status=ok obs=1679091c5a88 coverage=+0/32/38 time=2ms
  RUN js-fuzzer-try-catch-47becaf372c3.js [543/10000] md5=47becaf372c34523cd2fbacf2b53d016 bytes=110 template=try-catch origin=seed:tests/corpus/runtime/arrays-objects-methods.test.js
 PASS js-fuzzer-try-catch-47becaf372c3.js [543/10000] status=ok obs=02e74f10e032 coverage=+0/32/38 time=2ms
  RUN js-fuzzer-class-3b630e2d834a.js [544/10000] md5=3b630e2d834a95a01ee75571f8bc0075 bytes=101 template=class origin=seed:tests/corpus/runtime/block-scopes.test.js
 PASS js-fuzzer-class-3b630e2d834a.js [544/10000] status=ok obs=6512bd43d9ca coverage=+0/32/38 time=1ms
  RUN js-fuzzer-arithmetic-b2b69cc48f39.js [545/10000] md5=b2b69cc48f3986814a8759177f6185b0 bytes=84 template=arithmetic origin=seed:tests/corpus/runtime/class-fields-static-methods.test.js
 PASS js-fuzzer-arithmetic-b2b69cc48f39.js [545/10000] status=ok obs=e369853df766 coverage=+0/32/38 time=2ms
  RUN js-fuzzer-function-2a74733dc731.js [546/10000] md5=2a74733dc7313f8fa40f843496dd9ed4 bytes=153 template=function origin=seed:tests/corpus/runtime/classes-and-objects.test.js
 PASS js-fuzzer-function-2a74733dc731.js [546/10000] status=ok obs=45c48cce2e2d coverage=+0/32/38 time=2ms
  RUN js-fuzzer-boundary-205872a6e44c.js [547/10000] md5=205872a6e44c1ea0cf94554af934fb09 bytes=123 template=boundary origin=boundary:-2147483648
 PASS js-fuzzer-boundary-205872a6e44c.js [547/10000] status=ok obs=034ff5946105 coverage=+0/32/38 time=1ms
  RUN js-fuzzer-closure-65e48d96c776.js [548/10000] md5=65e48d96c7769dc0c168c0d415ed512b bytes=185 template=closure origin=seed:tests/corpus/runtime/closures-read-captured-values.test.js
 PASS js-fuzzer-closure-65e48d96c776.js [548/10000] status=ok obs=03afdbd66e79 coverage=+0/32/38 time=2ms
  RUN js-fuzzer-block-scope-aa99f3b15079.js [549/10000] md5=aa99f3b1507939a1697583e3c7532b7e bytes=114 template=block-scope origin=seed:tests/corpus/runtime/exceptions-and-nullish.test.js
 PASS js-fuzzer-block-scope-aa99f3b15079.js [549/10000] status=ok obs=38b3eff8baf5 coverage=+0/32/38 time=2ms
  RUN js-fuzzer-corpus-72746d071c58.js [550/10000] md5=72746d071c58fadd9399bc8934c30553 bytes=197 template=corpus origin=tests/corpus/runtime/functions-closures-and-arrows.test.js
 PASS js-fuzzer-corpus-72746d071c58.js [550/10000] status=ok obs=c74d97b01eae coverage=+0/32/38 time=1ms
  RUN js-fuzzer-try-catch-f457fe0c144d.js [551/10000] md5=f457fe0c144d86e31ce7ae86f7f5c357 bytes=110 template=try-catch origin=seed:tests/corpus/runtime/lexical-shadowing.test.js
 PASS js-fuzzer-try-catch-f457fe0c144d.js [551/10000] status=ok obs=67c6a1e7ce56 coverage=+0/32/38 time=2ms
  RUN js-fuzzer-class-b1e3642c0208.js [552/10000] md5=b1e3642c0208992266fb21668a536292 bytes=100 template=class origin=seed:tests/corpus/runtime/modules-export.test.js
 PASS js-fuzzer-class-b1e3642c0208.js [552/10000] status=ok obs=c9f0f895fb98 coverage=+0/32/38 time=2ms
  RUN js-fuzzer-arithmetic-100632751d25.js [553/10000] md5=100632751d2501fd59b338f04e0087cd bytes=84 template=arithmetic origin=seed:tests/corpus/runtime/nested-try-finally.test.js
 PASS js-fuzzer-arithmetic-100632751d25.js [553/10000] status=ok obs=17e62166fc85 coverage=+0/32/38 time=1ms
  RUN js-fuzzer-boundary-6d89c3a838ae.js [554/10000] md5=6d89c3a838ae354bda64ec37ec2b63b1 bytes=114 template=boundary origin=boundary:-2
 PASS js-fuzzer-boundary-6d89c3a838ae.js [554/10000] status=ok obs=5d7b9adcbe1c coverage=+0/32/38 time=2ms
  RUN js-fuzzer-array-object-770797ca1231.js [555/10000] md5=770797ca12313b78903d2db1d8aeff82 bytes=133 template=array-object origin=seed:tests/corpus/syntax/logical-unary-nullish.test.js
 PASS js-fuzzer-array-object-770797ca1231.js [555/10000] status=ok obs=c74d97b01eae coverage=+0/32/38 time=1ms
  RUN js-fuzzer-closure-b1cf6c3cc065.js [556/10000] md5=b1cf6c3cc0657043375f599ceb8408c7 bytes=184 template=closure origin=seed:tests/corpus/syntax/object-destructure-and-members.test.js
 PASS js-fuzzer-closure-b1cf6c3cc065.js [556/10000] status=ok obs=3416a75f4cea coverage=+0/32/38 time=2ms
  RUN js-fuzzer-block-scope-016b7f6e9976.js [557/10000] md5=016b7f6e997636dc77e33da31ef097e1 bytes=114 template=block-scope origin=seed:tests/corpus/syntax/switch-do-while-sequence.test.js
 PASS js-fuzzer-block-scope-016b7f6e9976.js [557/10000] status=ok obs=a97da629b098 coverage=+0/32/38 time=2ms
  RUN js-fuzzer-loop-d35707ad0bf7.js [558/10000] md5=d35707ad0bf74148f671ad8943998af6 bytes=81 template=loop origin=seed:tests/corpus/syntax/template-array-destructure.test.js
 PASS js-fuzzer-loop-d35707ad0bf7.js [558/10000] status=ok obs=9bf31c7ff062 coverage=+0/32/38 time=1ms
  RUN js-fuzzer-corpus-57a83a4b020d.js [559/10000] md5=57a83a4b020d4b85b42b0a3709f283ad bytes=130 template=corpus origin=tests/corpus/syntax/typescript-assertions.test.ts
 PASS js-fuzzer-corpus-57a83a4b020d.js [559/10000] status=ok obs=45c48cce2e2d coverage=+0/32/38 time=2ms
  RUN js-fuzzer-class-7c36fc3c0ad4.js [560/10000] md5=7c36fc3c0ad4461d5dbbcd7afdfb6b5c bytes=101 template=class origin=seed:tests/corpus/syntax/typescript-non-null-satisfies.test.ts
 PASS js-fuzzer-class-7c36fc3c0ad4.js [560/10000] status=ok obs=d3d9446802a4 coverage=+0/32/38 time=1ms
  RUN js-fuzzer-boundary-7f379f781f4f.js [561/10000] md5=7f379f781f4f9844733fb0f4c5d8aa15 bytes=114 template=boundary origin=boundary:-1
 PASS js-fuzzer-boundary-7f379f781f4f.js [561/10000] status=ok obs=6bb61e3b7bce coverage=+0/32/38 time=1ms
  RUN js-fuzzer-function-134a85d12098.js [562/10000] md5=134a85d120985077bd24a3a53ac64560 bytes=153 template=function origin=seed:tests/corpus/fixtures/state-machine-workflow.test.js
 PASS js-fuzzer-function-134a85d12098.js [562/10000] status=ok obs=1679091c5a88 coverage=+0/32/38 time=2ms
  RUN js-fuzzer-array-object-af8301d2f397.js [563/10000] md5=af8301d2f397ffaf959161e1d7e3643e bytes=133 template=array-object origin=seed:tests/corpus/fixtures/vue-script-workflow.test.vue
 PASS js-fuzzer-array-object-af8301d2f397.js [563/10000] status=ok obs=c9f0f895fb98 coverage=+0/32/38 time=2ms
  RUN js-fuzzer-closure-f8120a73d357.js [564/10000] md5=f8120a73d357bb57b8c9a9aa2e5f177f bytes=183 template=closure origin=seed:tests/corpus/obfuscation/constant-tag-mix.test.js
 PASS js-fuzzer-closure-f8120a73d357.js [564/10000] status=ok obs=1f0e3dad9990 coverage=+0/32/38 time=2ms
  RUN js-fuzzer-block-scope-3a399cf11460.js [565/10000] md5=3a399cf11460cbf5ac22ca9633bbafb0 bytes=114 template=block-scope origin=seed:tests/corpus/obfuscation/extern-slot-permutation.test.js
 PASS js-fuzzer-block-scope-3a399cf11460.js [565/10000] status=ok obs=65b9eea6e1cc coverage=+0/32/38 time=1ms
  RUN js-fuzzer-loop-54e460cecf5c.js [566/10000] md5=54e460cecf5c05dfcffaa3b2e5f57445 bytes=81 template=loop origin=seed:tests/corpus/obfuscation/externs-console.test.js
 PASS js-fuzzer-loop-54e460cecf5c.js [566/10000] status=ok obs=d3d9446802a4 coverage=+0/32/38 time=1ms
  RUN js-fuzzer-try-catch-c1605790c914.js [567/10000] md5=c1605790c914ae1743dc7ccc9c3b6fda bytes=110 template=try-catch origin=seed:tests/corpus/obfuscation/seed-sensitive-functions.test.js
 PASS js-fuzzer-try-catch-c1605790c914.js [567/10000] status=ok obs=1c383cd30b7c coverage=+0/32/38 time=2ms
  RUN js-fuzzer-corpus-79643e915862.js [568/10000] md5=79643e91586251700d34c0c65a0220da bytes=89 template=corpus origin=tests/corpus/regressions/destructuring-lowers-to-member.test.js
 PASS js-fuzzer-corpus-79643e915862.js [568/10000] status=ok obs=eccbc87e4b5c coverage=+0/32/38 time=1ms
  RUN js-fuzzer-arithmetic-bd9be40a83ef.js [569/10000] md5=bd9be40a83efb35421ecb665210f6370 bytes=84 template=arithmetic origin=seed:tests/corpus/regressions/multiple-functions-fib-add.test.js
 PASS js-fuzzer-arithmetic-bd9be40a83ef.js [569/10000] status=ok obs=aab3238922bc coverage=+0/32/38 time=2ms
  RUN js-fuzzer-function-8384e80192dc.js [570/10000] md5=8384e80192dc0232cf5e505b2f7d5501 bytes=153 template=function origin=seed:tests/corpus/regressions/scope-compressed-closure-params.test.js
 PASS js-fuzzer-function-8384e80192dc.js [570/10000] status=ok obs=e4da3b7fbbce coverage=+0/32/38 time=2ms
  RUN js-fuzzer-array-object-62a7a8a66982.js [571/10000] md5=62a7a8a66982dc18711bc323fc629082 bytes=133 template=array-object origin=seed:tests/corpus/runtime/arrays-objects-methods.test.js
 PASS js-fuzzer-array-object-62a7a8a66982.js [571/10000] status=ok obs=45c48cce2e2d coverage=+0/32/38 time=1ms
  RUN js-fuzzer-closure-9ad26e7e8a90.js [572/10000] md5=9ad26e7e8a90b966d4e3bafd67969ed8 bytes=183 template=closure origin=seed:tests/corpus/runtime/block-scopes.test.js
 PASS js-fuzzer-closure-9ad26e7e8a90.js [572/10000] status=ok obs=02e74f10e032 coverage=+0/32/38 time=2ms
  RUN js-fuzzer-block-scope-11fb617d5900.js [573/10000] md5=11fb617d590029dda70331908604740a bytes=114 template=block-scope origin=seed:tests/corpus/runtime/class-fields-static-methods.test.js
 PASS js-fuzzer-block-scope-11fb617d5900.js [573/10000] status=ok obs=65b9eea6e1cc coverage=+0/32/38 time=2ms
  RUN js-fuzzer-loop-d35707ad0bf7.js [574/10000] md5=d35707ad0bf74148f671ad8943998af6 bytes=81 template=loop origin=seed:tests/corpus/runtime/classes-and-objects.test.js
 PASS js-fuzzer-loop-d35707ad0bf7.js [574/10000] status=ok obs=9bf31c7ff062 coverage=+0/32/38 time=1ms
  RUN js-fuzzer-boundary-83aee5cf07de.js [575/10000] md5=83aee5cf07deb9d5ce59aec8aff7a227 bytes=128 template=boundary origin=boundary:9007199254740991
 PASS js-fuzzer-boundary-83aee5cf07de.js [575/10000] status=ok obs=8bfa9ad090fb coverage=+0/32/38 time=2ms
  RUN js-fuzzer-class-f454a055ed5d.js [576/10000] md5=f454a055ed5dc800cb1ab66abc7a01de bytes=100 template=class origin=seed:tests/corpus/runtime/closures-read-captured-values.test.js
 PASS js-fuzzer-class-f454a055ed5d.js [576/10000] status=ok obs=a87ff679a2f3 coverage=+0/32/38 time=2ms
  RUN js-fuzzer-corpus-cf8fb96e8476.js [577/10000] md5=cf8fb96e8476c262b73583c86dd80821 bytes=178 template=corpus origin=tests/corpus/runtime/exceptions-and-nullish.test.js
 PASS js-fuzzer-corpus-cf8fb96e8476.js [577/10000] status=ok obs=24ed5e8718fc coverage=+0/32/38 time=1ms
  RUN js-fuzzer-function-84b6f0564867.js [578/10000] md5=84b6f05648673d1e7da8df04c8cbab23 bytes=153 template=function origin=seed:tests/corpus/runtime/functions-closures-and-arrows.test.js
 PASS js-fuzzer-function-84b6f0564867.js [578/10000] status=ok obs=c74d97b01eae coverage=+0/32/38 time=2ms
  RUN js-fuzzer-array-object-0aeeef1c5eb9.js [579/10000] md5=0aeeef1c5eb924fc9b52230f3af07249 bytes=133 template=array-object origin=seed:tests/corpus/runtime/lexical-shadowing.test.js
 PASS js-fuzzer-array-object-0aeeef1c5eb9.js [579/10000] status=ok obs=6512bd43d9ca coverage=+0/32/38 time=2ms
  RUN js-fuzzer-closure-402ab56c065b.js [580/10000] md5=402ab56c065bcb0260e64be61e58b3ab bytes=184 template=closure origin=seed:tests/corpus/runtime/modules-export.test.js
 PASS js-fuzzer-closure-402ab56c065b.js [580/10000] status=ok obs=f457c545a9de coverage=+0/32/38 time=1ms
  RUN js-fuzzer-block-scope-202b9f5a2bb9.js [581/10000] md5=202b9f5a2bb9374d6e306255f6f7b59d bytes=114 template=block-scope origin=seed:tests/corpus/runtime/nested-try-finally.test.js
 PASS js-fuzzer-block-scope-202b9f5a2bb9.js [581/10000] status=ok obs=a3c65c297427 coverage=+0/32/38 time=2ms
  RUN js-fuzzer-boundary-86f8354fc6fd.js [582/10000] md5=86f8354fc6fd092b05683bbf230dc769 bytes=122 template=boundary origin=boundary:2147483647
 PASS js-fuzzer-boundary-86f8354fc6fd.js [582/10000] status=ok obs=c588c0a459f4 coverage=+0/32/38 time=2ms
  RUN js-fuzzer-try-catch-14bcb064f014.js [583/10000] md5=14bcb064f014dbe91c2010889dcaa2c0 bytes=110 template=try-catch origin=seed:tests/corpus/syntax/logical-unary-nullish.test.js
 PASS js-fuzzer-try-catch-14bcb064f014.js [583/10000] status=ok obs=c0c7c76d30bd coverage=+0/32/38 time=2ms
  RUN js-fuzzer-class-d2b3669b495d.js [584/10000] md5=d2b3669b495dd4792f9e1509f2bbf8a7 bytes=100 template=class origin=seed:tests/corpus/syntax/object-destructure-and-members.test.js
 PASS js-fuzzer-class-d2b3669b495d.js [584/10000] status=ok obs=eccbc87e4b5c coverage=+0/32/38 time=1ms
  RUN js-fuzzer-arithmetic-e77363ffd39a.js [585/10000] md5=e77363ffd39a7547e69f93f39958a7ec bytes=83 template=arithmetic origin=seed:tests/corpus/syntax/switch-do-while-sequence.test.js
 PASS js-fuzzer-arithmetic-e77363ffd39a.js [585/10000] status=ok obs=c74d97b01eae coverage=+0/32/38 time=2ms
  RUN js-fuzzer-corpus-ff388659a641.js [586/10000] md5=ff388659a6419d1e6e01ce4e7151a52e bytes=135 template=corpus origin=tests/corpus/syntax/template-array-destructure.test.js
 PASS js-fuzzer-corpus-ff388659a641.js [586/10000] status=ok obs=f61c9a8be43c coverage=+0/32/38 time=1ms
  RUN js-fuzzer-array-object-64abb3bf59a0.js [587/10000] md5=64abb3bf59a0f26e29deafdcb636c230 bytes=133 template=array-object origin=seed:tests/corpus/syntax/typescript-assertions.test.ts
 PASS js-fuzzer-array-object-64abb3bf59a0.js [587/10000] status=ok obs=9bf31c7ff062 coverage=+0/32/38 time=2ms
  RUN js-fuzzer-closure-a913867993c0.js [588/10000] md5=a913867993c0ca8f628c4726314006a6 bytes=184 template=closure origin=seed:tests/corpus/syntax/typescript-non-null-satisfies.test.ts
 PASS js-fuzzer-closure-a913867993c0.js [588/10000] status=ok obs=6ea9ab1baa0e coverage=+0/32/38 time=2ms
  RUN js-fuzzer-boundary-85faf3787c26.js [589/10000] md5=85faf3787c26ca3bad9215a544873988 bytes=113 template=boundary origin=boundary:2
 PASS js-fuzzer-boundary-85faf3787c26.js [589/10000] status=ok obs=c81e728d9d4c coverage=+0/32/38 time=1ms
  RUN js-fuzzer-loop-b88258462a8d.js [590/10000] md5=b88258462a8d880f8b0e459fa23b2536 bytes=81 template=loop origin=seed:tests/corpus/fixtures/state-machine-workflow.test.js
 PASS js-fuzzer-loop-b88258462a8d.js [590/10000] status=ok obs=3c59dc048e88 coverage=+0/32/38 time=2ms
  RUN js-fuzzer-try-catch-14bcb064f014.js [591/10000] md5=14bcb064f014dbe91c2010889dcaa2c0 bytes=110 template=try-catch origin=seed:tests/corpus/fixtures/vue-script-workflow.test.vue
 PASS js-fuzzer-try-catch-14bcb064f014.js [591/10000] status=ok obs=c0c7c76d30bd coverage=+0/32/38 time=1ms
  RUN js-fuzzer-class-3b630e2d834a.js [592/10000] md5=3b630e2d834a95a01ee75571f8bc0075 bytes=101 template=class origin=seed:tests/corpus/obfuscation/constant-tag-mix.test.js
 PASS js-fuzzer-class-3b630e2d834a.js [592/10000] status=ok obs=6512bd43d9ca coverage=+0/32/38 time=2ms
  RUN js-fuzzer-arithmetic-bcd174eb57a4.js [593/10000] md5=bcd174eb57a4d2efe9ab5e4a7939453a bytes=84 template=arithmetic origin=seed:tests/corpus/obfuscation/extern-slot-permutation.test.js
 PASS js-fuzzer-arithmetic-bcd174eb57a4.js [593/10000] status=ok obs=6974ce5ac660 coverage=+0/32/38 time=2ms
  RUN js-fuzzer-function-d9597d28535f.js [594/10000] md5=d9597d28535fd2b10f5ca10cf87a7bb6 bytes=153 template=function origin=seed:tests/corpus/obfuscation/externs-console.test.js
 PASS js-fuzzer-function-d9597d28535f.js [594/10000] status=ok obs=6f4922f45568 coverage=+0/32/38 time=2ms
  RUN js-fuzzer-corpus-38ba19d9deb7.js [595/10000] md5=38ba19d9deb7566cc8a420c27ada3f21 bytes=136 template=corpus origin=tests/corpus/obfuscation/seed-sensitive-functions.test.js
 PASS js-fuzzer-corpus-38ba19d9deb7.js [595/10000] status=ok obs=a5bfc9e07964 coverage=+0/32/38 time=1ms
  RUN js-fuzzer-boundary-a6a77cc918cc.js [596/10000] md5=a6a77cc918cc479b04ccb7be2bd80dac bytes=113 template=boundary origin=boundary:1
 PASS js-fuzzer-boundary-a6a77cc918cc.js [596/10000] status=ok obs=c4ca4238a0b9 coverage=+0/32/38 time=2ms
  RUN js-fuzzer-block-scope-cee200465655.js [597/10000] md5=cee2004656551503c47ff6eabad21b25 bytes=114 template=block-scope origin=seed:tests/corpus/regressions/multiple-functions-fib-add.test.js
 PASS js-fuzzer-block-scope-cee200465655.js [597/10000] status=ok obs=a3c65c297427 coverage=+0/32/38 time=2ms
  RUN js-fuzzer-loop-d35707ad0bf7.js [598/10000] md5=d35707ad0bf74148f671ad8943998af6 bytes=81 template=loop origin=seed:tests/corpus/regressions/scope-compressed-closure-params.test.js
 PASS js-fuzzer-loop-d35707ad0bf7.js [598/10000] status=ok obs=9bf31c7ff062 coverage=+0/32/38 time=1ms
  RUN js-fuzzer-try-catch-ecee5cf418be.js [599/10000] md5=ecee5cf418beff71c62f1aeee5aa3045 bytes=109 template=try-catch origin=seed:tests/corpus/runtime/arrays-objects-methods.test.js
 PASS js-fuzzer-try-catch-ecee5cf418be.js [599/10000] status=ok obs=45c48cce2e2d coverage=+0/32/38 time=2ms
  RUN js-fuzzer-class-769274f77fa6.js [600/10000] md5=769274f77fa62254ce7e0eb0e3adf7f1 bytes=100 template=class origin=seed:tests/corpus/runtime/block-scopes.test.js
 PASS js-fuzzer-class-769274f77fa6.js [600/10000] status=ok obs=c4ca4238a0b9 coverage=+0/32/38 time=1ms
  RUN js-fuzzer-arithmetic-a98997a01e27.js [601/10000] md5=a98997a01e27bac0a9c5d92a26986c85 bytes=85 template=arithmetic origin=seed:tests/corpus/runtime/class-fields-static-methods.test.js
 PASS js-fuzzer-arithmetic-a98997a01e27.js [601/10000] status=ok obs=be83ab3ecd0d coverage=+0/32/38 time=2ms
  RUN js-fuzzer-function-cb7d7d91d83d.js [602/10000] md5=cb7d7d91d83d165500656240f14cd1fc bytes=153 template=function origin=seed:tests/corpus/runtime/classes-and-objects.test.js
 PASS js-fuzzer-function-cb7d7d91d83d.js [602/10000] status=ok obs=8f14e45fceea coverage=+0/32/38 time=2ms
  RUN js-fuzzer-boundary-e62759fbe8d3.js [603/10000] md5=e62759fbe8d36ad2cfb89a0f8bac18b9 bytes=129 template=boundary origin=boundary:-9007199254740991
 PASS js-fuzzer-boundary-e62759fbe8d3.js [603/10000] status=ok obs=b3f3a95848f6 coverage=+0/32/38 time=2ms
  RUN js-fuzzer-corpus-08bc93bf5789.js [604/10000] md5=08bc93bf57897bc88ce7161fe56cd099 bytes=169 template=corpus origin=tests/corpus/runtime/closures-read-captured-values.test.js
 PASS js-fuzzer-corpus-08bc93bf5789.js [604/10000] status=ok obs=02e74f10e032 coverage=+0/32/38 time=1ms
  RUN js-fuzzer-block-scope-403bacc3c4e2.js [605/10000] md5=403bacc3c4e28bf043b2bddae5fcb47f bytes=114 template=block-scope origin=seed:tests/corpus/runtime/exceptions-and-nullish.test.js
 PASS js-fuzzer-block-scope-403bacc3c4e2.js [605/10000] status=ok obs=a3c65c297427 coverage=+0/32/38 time=2ms
  RUN js-fuzzer-loop-bbf1d7a15d8d.js [606/10000] md5=bbf1d7a15d8dd015402d75c0e0108b5f bytes=81 template=loop origin=seed:tests/corpus/runtime/functions-closures-and-arrows.test.js
 PASS js-fuzzer-loop-bbf1d7a15d8d.js [606/10000] status=ok obs=1679091c5a88 coverage=+0/32/38 time=1ms
  RUN js-fuzzer-try-catch-60965d400692.js [607/10000] md5=60965d4006920d781586aecbf04b3493 bytes=110 template=try-catch origin=seed:tests/corpus/runtime/lexical-shadowing.test.js
 PASS js-fuzzer-try-catch-60965d400692.js [607/10000] status=ok obs=1f0e3dad9990 coverage=+0/32/38 time=2ms
  RUN js-fuzzer-class-ff7d9ca3da86.js [608/10000] md5=ff7d9ca3da86b49917ac34b4d48e8df9 bytes=101 template=class origin=seed:tests/corpus/runtime/modules-export.test.js
 PASS js-fuzzer-class-ff7d9ca3da86.js [608/10000] status=ok obs=c20ad4d76fe9 coverage=+0/32/38 time=1ms
  RUN js-fuzzer-arithmetic-332eb8d5e51f.js [609/10000] md5=332eb8d5e51fbbb23a6b56924d6e5779 bytes=83 template=arithmetic origin=seed:tests/corpus/runtime/nested-try-finally.test.js
 PASS js-fuzzer-arithmetic-332eb8d5e51f.js [609/10000] status=ok obs=66f041e16a60 coverage=+0/32/38 time=2ms
  RUN js-fuzzer-boundary-4b8e58e2bd3b.js [610/10000] md5=4b8e58e2bd3bc437f093fe0ab13ce109 bytes=123 template=boundary origin=boundary:-2147483648
 PASS js-fuzzer-boundary-4b8e58e2bd3b.js [610/10000] status=ok obs=034ff5946105 coverage=+0/32/38 time=2ms
  RUN js-fuzzer-array-object-6c16c185229a.js [611/10000] md5=6c16c185229a2152e5d1765c4684a1a9 bytes=133 template=array-object origin=seed:tests/corpus/syntax/logical-unary-nullish.test.js
 PASS js-fuzzer-array-object-6c16c185229a.js [611/10000] status=ok obs=c74d97b01eae coverage=+0/32/38 time=1ms
  RUN js-fuzzer-closure-7f04c6fb9c73.js [612/10000] md5=7f04c6fb9c739505f1f484dd19d8932d bytes=183 template=closure origin=seed:tests/corpus/syntax/object-destructure-and-members.test.js
 PASS js-fuzzer-closure-7f04c6fb9c73.js [612/10000] status=ok obs=1c383cd30b7c coverage=+0/32/38 time=2ms
  RUN js-fuzzer-corpus-2aed353a2d20.js [613/10000] md5=2aed353a2d200d64cbaf7beb40face20 bytes=275 template=corpus origin=tests/corpus/syntax/switch-do-while-sequence.test.js
 PASS js-fuzzer-corpus-2aed353a2d20.js [613/10000] status=ok obs=6f4922f45568 coverage=+0/32/38 time=2ms
  RUN js-fuzzer-loop-54e460cecf5c.js [614/10000] md5=54e460cecf5c05dfcffaa3b2e5f57445 bytes=81 template=loop origin=seed:tests/corpus/syntax/template-array-destructure.test.js
 PASS js-fuzzer-loop-54e460cecf5c.js [614/10000] status=ok obs=d3d9446802a4 coverage=+0/32/38 time=2ms
  RUN js-fuzzer-try-catch-b442aa263f12.js [615/10000] md5=b442aa263f129fb627b483e77db700ad bytes=110 template=try-catch origin=seed:tests/corpus/syntax/typescript-assertions.test.ts
 PASS js-fuzzer-try-catch-b442aa263f12.js [615/10000] status=ok obs=c20ad4d76fe9 coverage=+0/32/38 time=1ms
  RUN js-fuzzer-class-a35a4dd2f302.js [616/10000] md5=a35a4dd2f302fda9a0e8d6e2c980c283 bytes=101 template=class origin=seed:tests/corpus/syntax/typescript-non-null-satisfies.test.ts
 PASS js-fuzzer-class-a35a4dd2f302.js [616/10000] status=ok obs=9bf31c7ff062 coverage=+0/32/38 time=2ms
  RUN js-fuzzer-boundary-db03eeac3914.js [617/10000] md5=db03eeac3914e8f0a7bfea9eefe9f0de bytes=114 template=boundary origin=boundary:-2
 PASS js-fuzzer-boundary-db03eeac3914.js [617/10000] status=ok obs=5d7b9adcbe1c coverage=+0/32/38 time=1ms
  RUN js-fuzzer-function-4b9684ea9e29.js [618/10000] md5=4b9684ea9e291ddb6515f98bf0c93905 bytes=153 template=function origin=seed:tests/corpus/fixtures/state-machine-workflow.test.js
 PASS js-fuzzer-function-4b9684ea9e29.js [618/10000] status=ok obs=eccbc87e4b5c coverage=+0/32/38 time=4ms
  RUN js-fuzzer-array-object-791d66461238.js [619/10000] md5=791d66461238a4bcba049cac019076c6 bytes=133 template=array-object origin=seed:tests/corpus/fixtures/vue-script-workflow.test.vue
 PASS js-fuzzer-array-object-791d66461238.js [619/10000] status=ok obs=45c48cce2e2d coverage=+0/32/38 time=2ms
  RUN js-fuzzer-closure-7d81d9df4108.js [620/10000] md5=7d81d9df41082550a099655cba1bdd84 bytes=184 template=closure origin=seed:tests/corpus/obfuscation/constant-tag-mix.test.js
 PASS js-fuzzer-closure-7d81d9df4108.js [620/10000] status=ok obs=1c383cd30b7c coverage=+0/32/38 time=2ms
  RUN js-fuzzer-block-scope-ea937aa60c51.js [621/10000] md5=ea937aa60c514e346f9d949aa4ae8932 bytes=114 template=block-scope origin=seed:tests/corpus/obfuscation/extern-slot-permutation.test.js
 PASS js-fuzzer-block-scope-ea937aa60c51.js [621/10000] status=ok obs=c9e1074f5b3f coverage=+0/32/38 time=2ms
  RUN js-fuzzer-corpus-efd663ac427b.js [622/10000] md5=efd663ac427b5ca270b2f8b928c902bf bytes=112 template=corpus origin=tests/corpus/obfuscation/externs-console.test.js
 PASS js-fuzzer-corpus-efd663ac427b.js [622/10000] status=ok obs=d289993e39c8 coverage=+0/32/38 time=2ms
  RUN js-fuzzer-try-catch-ecde19ac059d.js [623/10000] md5=ecde19ac059dab5b524e2da1cfde28b0 bytes=110 template=try-catch origin=seed:tests/corpus/obfuscation/seed-sensitive-functions.test.js
 PASS js-fuzzer-try-catch-ecde19ac059d.js [623/10000] status=ok obs=f457c545a9de coverage=+0/32/38 time=1ms
  RUN js-fuzzer-boundary-1024adcac0e5.js [624/10000] md5=1024adcac0e5cc9f99f478fa66dcc00c bytes=114 template=boundary origin=boundary:-1
 PASS js-fuzzer-boundary-1024adcac0e5.js [624/10000] status=ok obs=6bb61e3b7bce coverage=+0/32/38 time=2ms
  RUN js-fuzzer-arithmetic-d0978ca72863.js [625/10000] md5=d0978ca72863b8d58b09df2b90bf62d8 bytes=84 template=arithmetic origin=seed:tests/corpus/regressions/multiple-functions-fib-add.test.js
 PASS js-fuzzer-arithmetic-d0978ca72863.js [625/10000] status=ok obs=3ef815416f77 coverage=+0/32/38 time=1ms
  RUN js-fuzzer-function-e04598e59cc1.js [626/10000] md5=e04598e59cc109c5f5c20638fe37a892 bytes=153 template=function origin=seed:tests/corpus/regressions/scope-compressed-closure-params.test.js
 PASS js-fuzzer-function-e04598e59cc1.js [626/10000] status=ok obs=d3d9446802a4 coverage=+0/32/38 time=2ms
  RUN js-fuzzer-array-object-5d2a3eb04a21.js [627/10000] md5=5d2a3eb04a21750af8c8d341bd07e220 bytes=133 template=array-object origin=seed:tests/corpus/runtime/arrays-objects-methods.test.js
 PASS js-fuzzer-array-object-5d2a3eb04a21.js [627/10000] status=ok obs=6512bd43d9ca coverage=+0/32/38 time=2ms
  RUN js-fuzzer-closure-7e46f429b89a.js [628/10000] md5=7e46f429b89a1350bef05534c0c2219a bytes=183 template=closure origin=seed:tests/corpus/runtime/block-scopes.test.js
 PASS js-fuzzer-closure-7e46f429b89a.js [628/10000] status=ok obs=02e74f10e032 coverage=+0/32/38 time=2ms
  RUN js-fuzzer-block-scope-c2c63e91e186.js [629/10000] md5=c2c63e91e186252922a08e53abdbe3a5 bytes=115 template=block-scope origin=seed:tests/corpus/runtime/class-fields-static-methods.test.js
 PASS js-fuzzer-block-scope-c2c63e91e186.js [629/10000] status=ok obs=5f93f983524d coverage=+0/32/38 time=1ms
  RUN js-fuzzer-loop-54e460cecf5c.js [630/10000] md5=54e460cecf5c05dfcffaa3b2e5f57445 bytes=81 template=loop origin=seed:tests/corpus/runtime/classes-and-objects.test.js
 PASS js-fuzzer-loop-54e460cecf5c.js [630/10000] status=ok obs=d3d9446802a4 coverage=+0/32/38 time=2ms
  RUN js-fuzzer-corpus-ddcb99247fc8.js [631/10000] md5=ddcb99247fc847c897b97c6bd6512b9f bytes=217 template=corpus origin=tests/corpus/runtime/closures-mutate-captured-bindings.test.js
 PASS js-fuzzer-corpus-ddcb99247fc8.js [631/10000] status=ok obs=e4da3b7fbbce coverage=+0/32/38 time=2ms
  RUN js-fuzzer-class-b1e3642c0208.js [632/10000] md5=b1e3642c0208992266fb21668a536292 bytes=100 template=class origin=seed:tests/corpus/runtime/closures-read-captured-values.test.js
 PASS js-fuzzer-class-b1e3642c0208.js [632/10000] status=ok obs=c9f0f895fb98 coverage=+0/32/38 time=2ms
  RUN js-fuzzer-arithmetic-3ef20864a2a0.js [633/10000] md5=3ef20864a2a012b65140a72a9f02e8ba bytes=84 template=arithmetic origin=seed:tests/corpus/runtime/exceptions-and-nullish.test.js
 PASS js-fuzzer-arithmetic-3ef20864a2a0.js [633/10000] status=ok obs=fc490ca45c00 coverage=+0/32/38 time=1ms
  RUN js-fuzzer-function-3e322d578629.js [634/10000] md5=3e322d5786297aab4fec4c2fa56a2542 bytes=153 template=function origin=seed:tests/corpus/runtime/functions-closures-and-arrows.test.js
 PASS js-fuzzer-function-3e322d578629.js [634/10000] status=ok obs=1679091c5a88 coverage=+0/32/38 time=2ms
  RUN js-fuzzer-array-object-14a51c8d2759.js [635/10000] md5=14a51c8d27598184476357e095636514 bytes=133 template=array-object origin=seed:tests/corpus/runtime/lexical-shadowing.test.js
 PASS js-fuzzer-array-object-14a51c8d2759.js [635/10000] status=ok obs=d3d9446802a4 coverage=+0/32/38 time=2ms
  RUN js-fuzzer-closure-a641eaf3e1ca.js [636/10000] md5=a641eaf3e1ca79accfb48f344d237f8e bytes=184 template=closure origin=seed:tests/corpus/runtime/modules-export.test.js
 PASS js-fuzzer-closure-a641eaf3e1ca.js [636/10000] status=ok obs=7f39f8317fbd coverage=+0/32/38 time=1ms
  RUN js-fuzzer-block-scope-8aaa483675b3.js [637/10000] md5=8aaa483675b368db5813ee90004aac25 bytes=114 template=block-scope origin=seed:tests/corpus/runtime/nested-try-finally.test.js
 PASS js-fuzzer-block-scope-8aaa483675b3.js [637/10000] status=ok obs=6974ce5ac660 coverage=+0/32/38 time=2ms
  RUN js-fuzzer-boundary-6330cdecf02f.js [638/10000] md5=6330cdecf02f68328876d88213acc2ac bytes=128 template=boundary origin=boundary:9007199254740991
 PASS js-fuzzer-boundary-6330cdecf02f.js [638/10000] status=ok obs=8bfa9ad090fb coverage=+0/32/38 time=1ms
  RUN js-fuzzer-try-catch-02a6aedaa978.js [639/10000] md5=02a6aedaa97879d59ffd66c80df1d065 bytes=109 template=try-catch origin=seed:tests/corpus/syntax/logical-unary-nullish.test.js
 PASS js-fuzzer-try-catch-02a6aedaa978.js [639/10000] status=ok obs=e4da3b7fbbce coverage=+0/32/38 time=2ms
  RUN js-fuzzer-corpus-96ebdcb81273.js [640/10000] md5=96ebdcb81273f0e5e5778a6c70c94988 bytes=171 template=corpus origin=tests/corpus/syntax/object-destructure-and-members.test.js
 PASS js-fuzzer-corpus-96ebdcb81273.js [640/10000] status=ok obs=bfad8dfa12ed coverage=+0/32/38 time=2ms
  RUN js-fuzzer-arithmetic-2509c540487e.js [641/10000] md5=2509c540487e04b1168fbfbebe072d2b bytes=85 template=arithmetic origin=seed:tests/corpus/syntax/switch-do-while-sequence.test.js
 PASS js-fuzzer-arithmetic-2509c540487e.js [641/10000] status=ok obs=1ff1de774005 coverage=+0/32/38 time=1ms
  RUN js-fuzzer-function-3c5d7cd75696.js [642/10000] md5=3c5d7cd75696cd405bd2fe4a10121d7f bytes=153 template=function origin=seed:tests/corpus/syntax/template-array-destructure.test.js
 PASS js-fuzzer-function-3c5d7cd75696.js [642/10000] status=ok obs=c20ad4d76fe9 coverage=+0/32/38 time=1ms
  RUN js-fuzzer-array-object-fa8b98b5ccf8.js [643/10000] md5=fa8b98b5ccf8fd89932dfda8c291dfa7 bytes=133 template=array-object origin=seed:tests/corpus/syntax/typescript-assertions.test.ts
 PASS js-fuzzer-array-object-fa8b98b5ccf8.js [643/10000] status=ok obs=6f4922f45568 coverage=+0/32/38 time=2ms
  RUN js-fuzzer-closure-fb27791f2093.js [644/10000] md5=fb27791f2093d8754efa60eec8ca50dd bytes=183 template=closure origin=seed:tests/corpus/syntax/typescript-non-null-satisfies.test.ts
 PASS js-fuzzer-closure-fb27791f2093.js [644/10000] status=ok obs=70efdf2ec9b0 coverage=+0/32/38 time=2ms
  RUN js-fuzzer-boundary-5c12d757f0dd.js [645/10000] md5=5c12d757f0ddd5c6b1207b14fb1e8d0c bytes=122 template=boundary origin=boundary:2147483647
 PASS js-fuzzer-boundary-5c12d757f0dd.js [645/10000] status=ok obs=c588c0a459f4 coverage=+0/32/38 time=1ms
  RUN js-fuzzer-loop-d35707ad0bf7.js [646/10000] md5=d35707ad0bf74148f671ad8943998af6 bytes=81 template=loop origin=seed:tests/corpus/fixtures/state-machine-workflow.test.js
 PASS js-fuzzer-loop-d35707ad0bf7.js [646/10000] status=ok obs=9bf31c7ff062 coverage=+0/32/38 time=2ms
  RUN js-fuzzer-try-catch-42a4cfadce42.js [647/10000] md5=42a4cfadce4239139aa1e7114c2e99a2 bytes=110 template=try-catch origin=seed:tests/corpus/fixtures/vue-script-workflow.test.vue
 PASS js-fuzzer-try-catch-42a4cfadce42.js [647/10000] status=ok obs=19ca14e7ea63 coverage=+0/32/38 time=1ms
  RUN js-fuzzer-class-a9875f561daf.js [648/10000] md5=a9875f561daf181d949c68fc070db0e0 bytes=101 template=class origin=seed:tests/corpus/obfuscation/constant-tag-mix.test.js
 PASS js-fuzzer-class-a9875f561daf.js [648/10000] status=ok obs=aab3238922bc coverage=+0/32/38 time=2ms
  RUN js-fuzzer-corpus-fe2d30a6e413.js [649/10000] md5=fe2d30a6e4139e7a8b52405bed737faa bytes=220 template=corpus origin=tests/corpus/obfuscation/extern-slot-permutation.test.js
 PASS js-fuzzer-corpus-fe2d30a6e413.js [649/10000] status=ok obs=c34c702d0256 coverage=+0/32/38 time=2ms
  RUN js-fuzzer-function-59a47c73ec30.js [650/10000] md5=59a47c73ec3039d5b72e8af0d1e410de bytes=153 template=function origin=seed:tests/corpus/obfuscation/externs-console.test.js
 PASS js-fuzzer-function-59a47c73ec30.js [650/10000] status=ok obs=8f14e45fceea coverage=+0/32/38 time=1ms
  RUN js-fuzzer-array-object-80f95c3c0789.js [651/10000] md5=80f95c3c07895ae124ca9beda85f1753 bytes=133 template=array-object origin=seed:tests/corpus/obfuscation/seed-sensitive-functions.test.js
 PASS js-fuzzer-array-object-80f95c3c0789.js [651/10000] status=ok obs=c74d97b01eae coverage=+0/32/38 time=1ms
  RUN js-fuzzer-boundary-221618e58a55.js [652/10000] md5=221618e58a55537e4dc7530ef9f57aaf bytes=113 template=boundary origin=boundary:2
 PASS js-fuzzer-boundary-221618e58a55.js [652/10000] status=ok obs=c81e728d9d4c coverage=+0/32/38 time=2ms
  RUN js-fuzzer-block-scope-3e2c416978ba.js [653/10000] md5=3e2c416978bad3c15633c6ab91edad86 bytes=115 template=block-scope origin=seed:tests/corpus/regressions/multiple-functions-fib-add.test.js
 PASS js-fuzzer-block-scope-3e2c416978ba.js [653/10000] status=ok obs=5f93f983524d coverage=+0/32/38 time=1ms
  RUN js-fuzzer-loop-bbf1d7a15d8d.js [654/10000] md5=bbf1d7a15d8dd015402d75c0e0108b5f bytes=81 template=loop origin=seed:tests/corpus/regressions/scope-compressed-closure-params.test.js
 PASS js-fuzzer-loop-bbf1d7a15d8d.js [654/10000] status=ok obs=1679091c5a88 coverage=+0/32/38 time=2ms
  RUN js-fuzzer-try-catch-70fffa3518b3.js [655/10000] md5=70fffa3518b3cd8f92c92fd09e60ecbc bytes=110 template=try-catch origin=seed:tests/corpus/runtime/arrays-objects-methods.test.js
 PASS js-fuzzer-try-catch-70fffa3518b3.js [655/10000] status=ok obs=a5bfc9e07964 coverage=+0/32/38 time=2ms
  RUN js-fuzzer-class-a9875f561daf.js [656/10000] md5=a9875f561daf181d949c68fc070db0e0 bytes=101 template=class origin=seed:tests/corpus/runtime/block-scopes.test.js
 PASS js-fuzzer-class-a9875f561daf.js [656/10000] status=ok obs=aab3238922bc coverage=+0/32/38 time=1ms
  RUN js-fuzzer-arithmetic-cc28a0bb84eb.js [657/10000] md5=cc28a0bb84ebfade3b287fb60b9d402a bytes=85 template=arithmetic origin=seed:tests/corpus/runtime/class-fields-static-methods.test.js
 PASS js-fuzzer-arithmetic-cc28a0bb84eb.js [657/10000] status=ok obs=fa7cdfad1a5a coverage=+0/32/38 time=2ms
  RUN js-fuzzer-corpus-663bf83cd082.js [658/10000] md5=663bf83cd082bd221441dae6bbc85046 bytes=278 template=corpus origin=tests/corpus/runtime/classes-and-objects.test.js
 PASS js-fuzzer-corpus-663bf83cd082.js [658/10000] status=ok obs=6f4922f45568 coverage=+0/32/38 time=2ms
  RUN js-fuzzer-boundary-a6a77cc918cc.js [659/10000] md5=a6a77cc918cc479b04ccb7be2bd80dac bytes=113 template=boundary origin=boundary:1
 PASS js-fuzzer-boundary-a6a77cc918cc.js [659/10000] status=ok obs=c4ca4238a0b9 coverage=+0/32/38 time=1ms
  RUN js-fuzzer-closure-6b52267b7b82.js [660/10000] md5=6b52267b7b821f47b4c5b5c510963f21 bytes=184 template=closure origin=seed:tests/corpus/runtime/closures-read-captured-values.test.js
 PASS js-fuzzer-closure-6b52267b7b82.js [660/10000] status=ok obs=17e62166fc85 coverage=+0/32/38 time=2ms
  RUN js-fuzzer-block-scope-afb6dee4b2ec.js [661/10000] md5=afb6dee4b2ec9225553c3bff3995f1a9 bytes=114 template=block-scope origin=seed:tests/corpus/runtime/exceptions-and-nullish.test.js
 PASS js-fuzzer-block-scope-afb6dee4b2ec.js [661/10000] status=ok obs=a97da629b098 coverage=+0/32/38 time=2ms
  RUN js-fuzzer-loop-54e460cecf5c.js [662/10000] md5=54e460cecf5c05dfcffaa3b2e5f57445 bytes=81 template=loop origin=seed:tests/corpus/runtime/functions-closures-and-arrows.test.js
 PASS js-fuzzer-loop-54e460cecf5c.js [662/10000] status=ok obs=d3d9446802a4 coverage=+0/32/38 time=1ms
  RUN js-fuzzer-try-catch-83aeb7d5f114.js [663/10000] md5=83aeb7d5f114f448e90b2f3e31e7a7e9 bytes=110 template=try-catch origin=seed:tests/corpus/runtime/lexical-shadowing.test.js
 PASS js-fuzzer-try-catch-83aeb7d5f114.js [663/10000] status=ok obs=e369853df766 coverage=+0/32/38 time=2ms
  RUN js-fuzzer-class-51ea152a707e.js [664/10000] md5=51ea152a707ed5422ab3e5b3ddb7fe43 bytes=100 template=class origin=seed:tests/corpus/runtime/modules-export.test.js
 PASS js-fuzzer-class-51ea152a707e.js [664/10000] status=ok obs=e4da3b7fbbce coverage=+0/32/38 time=2ms
  RUN js-fuzzer-arithmetic-d70dc1aa81c5.js [665/10000] md5=d70dc1aa81c5ce98ab9ccfeccf27337c bytes=84 template=arithmetic origin=seed:tests/corpus/runtime/nested-try-finally.test.js
 PASS js-fuzzer-arithmetic-d70dc1aa81c5.js [665/10000] status=ok obs=5f93f983524d coverage=+0/32/38 time=1ms
  RUN js-fuzzer-boundary-6aec0a9b1ff4.js [666/10000] md5=6aec0a9b1ff4294bcfecb539ba7e660b bytes=129 template=boundary origin=boundary:-9007199254740991
 PASS js-fuzzer-boundary-6aec0a9b1ff4.js [666/10000] status=ok obs=b3f3a95848f6 coverage=+0/32/38 time=2ms
  RUN js-fuzzer-corpus-279b64032335.js [667/10000] md5=279b640323351a1b082b98b42d2a2d55 bytes=134 template=corpus origin=tests/corpus/syntax/logical-unary-nullish.test.js
 PASS js-fuzzer-corpus-279b64032335.js [667/10000] status=ok obs=45c48cce2e2d coverage=+0/32/38 time=1ms
  RUN js-fuzzer-closure-b7ed14c32c9b.js [668/10000] md5=b7ed14c32c9bbeb7176c201ccf10300e bytes=183 template=closure origin=seed:tests/corpus/syntax/object-destructure-and-members.test.js
 PASS js-fuzzer-closure-b7ed14c32c9b.js [668/10000] status=ok obs=8f14e45fceea coverage=+0/32/38 time=2ms
  RUN js-fuzzer-block-scope-d9b4a70cffce.js [669/10000] md5=d9b4a70cffcebdfd8a421423e79d02c6 bytes=114 template=block-scope origin=seed:tests/corpus/syntax/switch-do-while-sequence.test.js
 PASS js-fuzzer-block-scope-d9b4a70cffce.js [669/10000] status=ok obs=a97da629b098 coverage=+0/32/38 time=1ms
  RUN js-fuzzer-loop-54e460cecf5c.js [670/10000] md5=54e460cecf5c05dfcffaa3b2e5f57445 bytes=81 template=loop origin=seed:tests/corpus/syntax/template-array-destructure.test.js
 PASS js-fuzzer-loop-54e460cecf5c.js [670/10000] status=ok obs=d3d9446802a4 coverage=+0/32/38 time=1ms
  RUN js-fuzzer-try-catch-7b36a94abb6d.js [671/10000] md5=7b36a94abb6ddf002e9dd3f3d3a0cea5 bytes=110 template=try-catch origin=seed:tests/corpus/syntax/typescript-assertions.test.ts
 PASS js-fuzzer-try-catch-7b36a94abb6d.js [671/10000] status=ok obs=37693cfc7480 coverage=+0/32/38 time=2ms
  RUN js-fuzzer-class-c0844991889f.js [672/10000] md5=c0844991889f03308712cd6bc6b7c31c bytes=101 template=class origin=seed:tests/corpus/syntax/typescript-non-null-satisfies.test.ts
 PASS js-fuzzer-class-c0844991889f.js [672/10000] status=ok obs=70efdf2ec9b0 coverage=+0/32/38 time=2ms
  RUN js-fuzzer-boundary-56f451fe2902.js [673/10000] md5=56f451fe2902341a3a470031c46238b3 bytes=123 template=boundary origin=boundary:-2147483648
 PASS js-fuzzer-boundary-56f451fe2902.js [673/10000] status=ok obs=034ff5946105 coverage=+0/32/38 time=2ms
  RUN js-fuzzer-function-17ab2ee95112.js [674/10000] md5=17ab2ee95112b813f54b3d07b24c1dbd bytes=153 template=function origin=seed:tests/corpus/fixtures/state-machine-workflow.test.js
 PASS js-fuzzer-function-17ab2ee95112.js [674/10000] status=ok obs=b6d767d2f8ed coverage=+0/32/38 time=2ms
  RUN js-fuzzer-array-object-aff77ade5cad.js [675/10000] md5=aff77ade5cad2d5de7851597e4bbcf44 bytes=133 template=array-object origin=seed:tests/corpus/fixtures/vue-script-workflow.test.vue
 PASS js-fuzzer-array-object-aff77ade5cad.js [675/10000] status=ok obs=6f4922f45568 coverage=+0/32/38 time=2ms
  RUN js-fuzzer-corpus-f00ef18b0a17.js [676/10000] md5=f00ef18b0a172b2a2d9833f5b7fe94e2 bytes=199 template=corpus origin=tests/corpus/obfuscation/constant-tag-mix.test.js
 PASS js-fuzzer-corpus-f00ef18b0a17.js [676/10000] status=ok obs=e86823f38986 coverage=+0/32/38 time=2ms
  RUN js-fuzzer-block-scope-c2c63e91e186.js [677/10000] md5=c2c63e91e186252922a08e53abdbe3a5 bytes=115 template=block-scope origin=seed:tests/corpus/obfuscation/extern-slot-permutation.test.js
 PASS js-fuzzer-block-scope-c2c63e91e186.js [677/10000] status=ok obs=5f93f983524d coverage=+0/32/38 time=1ms
  RUN js-fuzzer-loop-f495ca2fc638.js [678/10000] md5=f495ca2fc6389f933578fc501f5b1465 bytes=81 template=loop origin=seed:tests/corpus/obfuscation/externs-console.test.js
 PASS js-fuzzer-loop-f495ca2fc638.js [678/10000] status=ok obs=c4ca4238a0b9 coverage=+0/32/38 time=2ms
  RUN js-fuzzer-try-catch-684f084d24b8.js [679/10000] md5=684f084d24b8db7c12c5b7b39189e1fb bytes=110 template=try-catch origin=seed:tests/corpus/obfuscation/seed-sensitive-functions.test.js
 PASS js-fuzzer-try-catch-684f084d24b8.js [679/10000] status=ok obs=3416a75f4cea coverage=+0/32/38 time=2ms
  RUN js-fuzzer-boundary-4ae25cb2e150.js [680/10000] md5=4ae25cb2e15083bfca9f6b81b3f9f24b bytes=114 template=boundary origin=boundary:-2
 PASS js-fuzzer-boundary-4ae25cb2e150.js [680/10000] status=ok obs=5d7b9adcbe1c coverage=+0/32/38 time=3ms
  RUN js-fuzzer-arithmetic-cf13a96cd892.js [681/10000] md5=cf13a96cd892d2b3c2da654324aa966a bytes=83 template=arithmetic origin=seed:tests/corpus/regressions/multiple-functions-fib-add.test.js
 PASS js-fuzzer-arithmetic-cf13a96cd892.js [681/10000] status=ok obs=fe9fc289c3ff coverage=+0/32/38 time=2ms
  RUN js-fuzzer-function-8a3820bf6e52.js [682/10000] md5=8a3820bf6e52dcab1a0437ab7872cf6a bytes=153 template=function origin=seed:tests/corpus/regressions/scope-compressed-closure-params.test.js
 PASS js-fuzzer-function-8a3820bf6e52.js [682/10000] status=ok obs=a87ff679a2f3 coverage=+0/32/38 time=2ms
  RUN js-fuzzer-array-object-28591928af0f.js [683/10000] md5=28591928af0f61c6bb3fd35bcb850120 bytes=133 template=array-object origin=seed:tests/corpus/runtime/arrays-objects-methods.test.js
 PASS js-fuzzer-array-object-28591928af0f.js [683/10000] status=ok obs=c74d97b01eae coverage=+0/32/38 time=2ms
  RUN js-fuzzer-closure-27591241eba9.js [684/10000] md5=27591241eba978d29c9543bc2f2d353b bytes=184 template=closure origin=seed:tests/corpus/runtime/block-scopes.test.js
 PASS js-fuzzer-closure-27591241eba9.js [684/10000] status=ok obs=1c383cd30b7c coverage=+0/32/38 time=2ms
  RUN js-fuzzer-corpus-a64e83c2f849.js [685/10000] md5=a64e83c2f84925dca8985eabe963ee21 bytes=179 template=corpus origin=tests/corpus/runtime/class-fields-static-methods.test.js
 PASS js-fuzzer-corpus-a64e83c2f849.js [685/10000] status=ok obs=8f14e45fceea coverage=+0/32/38 time=3ms
  RUN js-fuzzer-loop-f495ca2fc638.js [686/10000] md5=f495ca2fc6389f933578fc501f5b1465 bytes=81 template=loop origin=seed:tests/corpus/runtime/classes-and-objects.test.js
 PASS js-fuzzer-loop-f495ca2fc638.js [686/10000] status=ok obs=c4ca4238a0b9 coverage=+0/32/38 time=2ms
  RUN js-fuzzer-boundary-7f379f781f4f.js [687/10000] md5=7f379f781f4f9844733fb0f4c5d8aa15 bytes=114 template=boundary origin=boundary:-1
 PASS js-fuzzer-boundary-7f379f781f4f.js [687/10000] status=ok obs=6bb61e3b7bce coverage=+0/32/38 time=2ms
  RUN js-fuzzer-class-c0844991889f.js [688/10000] md5=c0844991889f03308712cd6bc6b7c31c bytes=101 template=class origin=seed:tests/corpus/runtime/closures-read-captured-values.test.js
 PASS js-fuzzer-class-c0844991889f.js [688/10000] status=ok obs=70efdf2ec9b0 coverage=+0/32/38 time=2ms
  RUN js-fuzzer-arithmetic-257e07463691.js [689/10000] md5=257e07463691f499e9c8211360ae85e3 bytes=85 template=arithmetic origin=seed:tests/corpus/runtime/exceptions-and-nullish.test.js
 PASS js-fuzzer-arithmetic-257e07463691.js [689/10000] status=ok obs=2a38a4a9316c coverage=+0/32/38 time=1ms
  RUN js-fuzzer-function-0b0d1f5ee746.js [690/10000] md5=0b0d1f5ee746281ffbedfb7f7f4c45bc bytes=153 template=function origin=seed:tests/corpus/runtime/functions-closures-and-arrows.test.js
 PASS js-fuzzer-function-0b0d1f5ee746.js [690/10000] status=ok obs=e4da3b7fbbce coverage=+0/32/38 time=2ms
  RUN js-fuzzer-array-object-28591928af0f.js [691/10000] md5=28591928af0f61c6bb3fd35bcb850120 bytes=133 template=array-object origin=seed:tests/corpus/runtime/lexical-shadowing.test.js
 PASS js-fuzzer-array-object-28591928af0f.js [691/10000] status=ok obs=c74d97b01eae coverage=+0/32/38 time=2ms
  RUN js-fuzzer-closure-d2f08418df20.js [692/10000] md5=d2f08418df201a1137e443be1db56f56 bytes=184 template=closure origin=seed:tests/corpus/runtime/modules-export.test.js
 PASS js-fuzzer-closure-d2f08418df20.js [692/10000] status=ok obs=d82c8d1619ad coverage=+0/32/38 time=1ms
  RUN js-fuzzer-block-scope-9e4782b43fd1.js [693/10000] md5=9e4782b43fd166fd159be156661cfecd bytes=114 template=block-scope origin=seed:tests/corpus/runtime/nested-try-finally.test.js
 PASS js-fuzzer-block-scope-9e4782b43fd1.js [693/10000] status=ok obs=a97da629b098 coverage=+0/32/38 time=2ms
  RUN js-fuzzer-corpus-89e900fcb72f.js [694/10000] md5=89e900fcb72ff838bfe9a13ae091363f bytes=228 template=corpus origin=tests/corpus/syntax/control-flow-and-operators.test.js
 PASS js-fuzzer-corpus-89e900fcb72f.js [694/10000] status=ok obs=aab3238922bc coverage=+0/32/38 time=2ms
  RUN js-fuzzer-try-catch-a4e2330c4919.js [695/10000] md5=a4e2330c49196805169dbf8449e466fa bytes=110 template=try-catch origin=seed:tests/corpus/syntax/logical-unary-nullish.test.js
 PASS js-fuzzer-try-catch-a4e2330c4919.js [695/10000] status=ok obs=3c59dc048e88 coverage=+0/32/38 time=2ms
  RUN js-fuzzer-class-f454a055ed5d.js [696/10000] md5=f454a055ed5dc800cb1ab66abc7a01de bytes=100 template=class origin=seed:tests/corpus/syntax/object-destructure-and-members.test.js
 PASS js-fuzzer-class-f454a055ed5d.js [696/10000] status=ok obs=a87ff679a2f3 coverage=+0/32/38 time=2ms
  RUN js-fuzzer-arithmetic-f6f21b79b61e.js [697/10000] md5=f6f21b79b61e6df8d987e832b17c6b71 bytes=85 template=arithmetic origin=seed:tests/corpus/syntax/switch-do-while-sequence.test.js
 PASS js-fuzzer-arithmetic-f6f21b79b61e.js [697/10000] status=ok obs=093f65e080a2 coverage=+0/32/38 time=1ms
  RUN js-fuzzer-function-3c5d7cd75696.js [698/10000] md5=3c5d7cd75696cd405bd2fe4a10121d7f bytes=153 template=function origin=seed:tests/corpus/syntax/template-array-destructure.test.js
 PASS js-fuzzer-function-3c5d7cd75696.js [698/10000] status=ok obs=c20ad4d76fe9 coverage=+0/32/38 time=2ms
  RUN js-fuzzer-array-object-e9957e57b802.js [699/10000] md5=e9957e57b8029b0ab7a42a4b96d6e7b6 bytes=133 template=array-object origin=seed:tests/corpus/syntax/typescript-assertions.test.ts
 PASS js-fuzzer-array-object-e9957e57b802.js [699/10000] status=ok obs=e4da3b7fbbce coverage=+0/32/38 time=2ms
  RUN js-fuzzer-closure-46c0df446262.js [700/10000] md5=46c0df446262ff8cd9766c9447c0270b bytes=185 template=closure origin=seed:tests/corpus/syntax/typescript-non-null-satisfies.test.ts
 PASS js-fuzzer-closure-46c0df446262.js [700/10000] status=ok obs=14bfa6bb1487 coverage=+0/32/38 time=2ms
  RUN js-fuzzer-boundary-4bea2a6e0cb0.js [701/10000] md5=4bea2a6e0cb0c7bb0b29e5b5d44112d8 bytes=128 template=boundary origin=boundary:9007199254740991
 PASS js-fuzzer-boundary-4bea2a6e0cb0.js [701/10000] status=ok obs=dc9a0d67a31d coverage=+0/32/38 time=1ms
  RUN js-fuzzer-loop-d35707ad0bf7.js [702/10000] md5=d35707ad0bf74148f671ad8943998af6 bytes=81 template=loop origin=seed:tests/corpus/fixtures/state-machine-workflow.test.js
 PASS js-fuzzer-loop-d35707ad0bf7.js [702/10000] status=ok obs=9bf31c7ff062 coverage=+0/32/38 time=2ms
  RUN js-fuzzer-corpus-f722388c7961.js [703/10000] md5=f722388c7961d2a0288508c35f28a5f8 bytes=96 template=corpus origin=tests/corpus/fixtures/vue-script-workflow.test.vue
 PASS js-fuzzer-corpus-f722388c7961.js [703/10000] status=ok obs=6512bd43d9ca coverage=+0/32/38 time=1ms
  RUN js-fuzzer-class-6736c24444bc.js [704/10000] md5=6736c24444bc6ff151b05a9a974ae4d5 bytes=100 template=class origin=seed:tests/corpus/obfuscation/constant-tag-mix.test.js
 PASS js-fuzzer-class-6736c24444bc.js [704/10000] status=ok obs=45c48cce2e2d coverage=+0/32/38 time=2ms
  RUN js-fuzzer-arithmetic-6af9ea905fbf.js [705/10000] md5=6af9ea905fbf755cee29bafd7924d0c2 bytes=84 template=arithmetic origin=seed:tests/corpus/obfuscation/extern-slot-permutation.test.js
 PASS js-fuzzer-arithmetic-6af9ea905fbf.js [705/10000] status=ok obs=4c56ff4ce4aa coverage=+0/32/38 time=2ms
  RUN js-fuzzer-function-f9a15ede1a13.js [706/10000] md5=f9a15ede1a136ec60ae593fd7d4d8635 bytes=153 template=function origin=seed:tests/corpus/obfuscation/externs-console.test.js
 PASS js-fuzzer-function-f9a15ede1a13.js [706/10000] status=ok obs=d3d9446802a4 coverage=+0/32/38 time=2ms
  RUN js-fuzzer-array-object-b22632f6b171.js [707/10000] md5=b22632f6b171b3070ee0c17613263561 bytes=133 template=array-object origin=seed:tests/corpus/obfuscation/seed-sensitive-functions.test.js
 PASS js-fuzzer-array-object-b22632f6b171.js [707/10000] status=ok obs=c20ad4d76fe9 coverage=+0/32/38 time=1ms
  RUN js-fuzzer-boundary-4b188851088a.js [708/10000] md5=4b188851088a18b5b5e1424320aec545 bytes=122 template=boundary origin=boundary:2147483647
 PASS js-fuzzer-boundary-4b188851088a.js [708/10000] status=ok obs=c588c0a459f4 coverage=+0/32/38 time=2ms
  RUN js-fuzzer-block-scope-cdd8b51c02d7.js [709/10000] md5=cdd8b51c02d709abe874e8214b24cf71 bytes=114 template=block-scope origin=seed:tests/corpus/regressions/multiple-functions-fib-add.test.js
 PASS js-fuzzer-block-scope-cdd8b51c02d7.js [709/10000] status=ok obs=2723d092b638 coverage=+0/32/38 time=2ms
  RUN js-fuzzer-loop-b88258462a8d.js [710/10000] md5=b88258462a8d880f8b0e459fa23b2536 bytes=81 template=loop origin=seed:tests/corpus/regressions/scope-compressed-closure-params.test.js
 PASS js-fuzzer-loop-b88258462a8d.js [710/10000] status=ok obs=3c59dc048e88 coverage=+0/32/38 time=1ms
  RUN js-fuzzer-try-catch-7fa76a80e531.js [711/10000] md5=7fa76a80e531298b12538ca11d858f94 bytes=110 template=try-catch origin=seed:tests/corpus/runtime/arrays-objects-methods.test.js
 PASS js-fuzzer-try-catch-7fa76a80e531.js [711/10000] status=ok obs=6ea9ab1baa0e coverage=+0/32/38 time=2ms
  RUN js-fuzzer-corpus-8b78ba7912c5.js [712/10000] md5=8b78ba7912c51f6cf304b65c6ebdb2e3 bytes=289 template=corpus origin=tests/corpus/runtime/block-scopes.test.js
 PASS js-fuzzer-corpus-8b78ba7912c5.js [712/10000] status=ok obs=37693cfc7480 coverage=+0/32/38 time=2ms
  RUN js-fuzzer-arithmetic-1734a12f8135.js [713/10000] md5=1734a12f8135a73d3ff508335c04647c bytes=85 template=arithmetic origin=seed:tests/corpus/runtime/class-fields-static-methods.test.js
 PASS js-fuzzer-arithmetic-1734a12f8135.js [713/10000] status=ok obs=02e74f10e032 coverage=+0/32/38 time=1ms
  RUN js-fuzzer-function-c6a41e639682.js [714/10000] md5=c6a41e6396823bcfa91e05b3a10b01c0 bytes=153 template=function origin=seed:tests/corpus/runtime/classes-and-objects.test.js
 PASS js-fuzzer-function-c6a41e639682.js [714/10000] status=ok obs=1f0e3dad9990 coverage=+0/32/38 time=2ms
  RUN js-fuzzer-boundary-85faf3787c26.js [715/10000] md5=85faf3787c26ca3bad9215a544873988 bytes=113 template=boundary origin=boundary:2
 PASS js-fuzzer-boundary-85faf3787c26.js [715/10000] status=ok obs=c81e728d9d4c coverage=+0/32/38 time=2ms
  RUN js-fuzzer-closure-38774dcc83b9.js [716/10000] md5=38774dcc83b922ad124699abbcde192c bytes=183 template=closure origin=seed:tests/corpus/runtime/closures-read-captured-values.test.js
 PASS js-fuzzer-closure-38774dcc83b9.js [716/10000] status=ok obs=182be0c5cdcd coverage=+0/32/38 time=2ms
  RUN js-fuzzer-block-scope-056e31486d60.js [717/10000] md5=056e31486d6076b39b9b6454f54dba4b bytes=114 template=block-scope origin=seed:tests/corpus/runtime/exceptions-and-nullish.test.js
 PASS js-fuzzer-block-scope-056e31486d60.js [717/10000] status=ok obs=a97da629b098 coverage=+0/32/38 time=2ms
  RUN js-fuzzer-loop-bbf1d7a15d8d.js [718/10000] md5=bbf1d7a15d8dd015402d75c0e0108b5f bytes=81 template=loop origin=seed:tests/corpus/runtime/functions-closures-and-arrows.test.js
 PASS js-fuzzer-loop-bbf1d7a15d8d.js [718/10000] status=ok obs=1679091c5a88 coverage=+0/32/38 time=1ms
  RUN js-fuzzer-try-catch-8d9c7d254dda.js [719/10000] md5=8d9c7d254ddaafdc283e844d5d9a6231 bytes=109 template=try-catch origin=seed:tests/corpus/runtime/lexical-shadowing.test.js
 PASS js-fuzzer-try-catch-8d9c7d254dda.js [719/10000] status=ok obs=a87ff679a2f3 coverage=+0/32/38 time=2ms
  RUN js-fuzzer-class-7c36fc3c0ad4.js [720/10000] md5=7c36fc3c0ad4461d5dbbcd7afdfb6b5c bytes=101 template=class origin=seed:tests/corpus/runtime/modules-export.test.js
 PASS js-fuzzer-class-7c36fc3c0ad4.js [720/10000] status=ok obs=d3d9446802a4 coverage=+0/32/38 time=1ms
  RUN js-fuzzer-corpus-c557f8da2a9d.js [721/10000] md5=c557f8da2a9d2904c70dca50c3eeb50e bytes=191 template=corpus origin=tests/corpus/runtime/nested-try-finally.test.js
 PASS js-fuzzer-corpus-c557f8da2a9d.js [721/10000] status=ok obs=8f14e45fceea coverage=+0/32/38 time=2ms
  RUN js-fuzzer-boundary-ccde2dac26f6.js [722/10000] md5=ccde2dac26f6d3fd46c3698825685fe3 bytes=113 template=boundary origin=boundary:1
 PASS js-fuzzer-boundary-ccde2dac26f6.js [722/10000] status=ok obs=c4ca4238a0b9 coverage=+0/32/38 time=1ms
  RUN js-fuzzer-array-object-61ff514e1d44.js [723/10000] md5=61ff514e1d44a79b384039ac11295d7a bytes=133 template=array-object origin=seed:tests/corpus/syntax/logical-unary-nullish.test.js
 PASS js-fuzzer-array-object-61ff514e1d44.js [723/10000] status=ok obs=c51ce410c124 coverage=+0/32/38 time=1ms
  RUN js-fuzzer-closure-26e9fa969e84.js [724/10000] md5=26e9fa969e8413b3048c343a21f218ef bytes=184 template=closure origin=seed:tests/corpus/syntax/object-destructure-and-members.test.js
 PASS js-fuzzer-closure-26e9fa969e84.js [724/10000] status=ok obs=d82c8d1619ad coverage=+0/32/38 time=2ms
  RUN js-fuzzer-block-scope-58f9e3de3887.js [725/10000] md5=58f9e3de38876b109c415b07da76f87c bytes=114 template=block-scope origin=seed:tests/corpus/syntax/switch-do-while-sequence.test.js
 PASS js-fuzzer-block-scope-58f9e3de3887.js [725/10000] status=ok obs=c9e1074f5b3f coverage=+0/32/38 time=2ms
  RUN js-fuzzer-loop-d35707ad0bf7.js [726/10000] md5=d35707ad0bf74148f671ad8943998af6 bytes=81 template=loop origin=seed:tests/corpus/syntax/template-array-destructure.test.js
 PASS js-fuzzer-loop-d35707ad0bf7.js [726/10000] status=ok obs=9bf31c7ff062 coverage=+0/32/38 time=2ms
  RUN js-fuzzer-try-catch-ecee5cf418be.js [727/10000] md5=ecee5cf418beff71c62f1aeee5aa3045 bytes=109 template=try-catch origin=seed:tests/corpus/syntax/typescript-assertions.test.ts
 PASS js-fuzzer-try-catch-ecee5cf418be.js [727/10000] status=ok obs=45c48cce2e2d coverage=+0/32/38 time=1ms
  RUN js-fuzzer-class-3b630e2d834a.js [728/10000] md5=3b630e2d834a95a01ee75571f8bc0075 bytes=101 template=class origin=seed:tests/corpus/syntax/typescript-non-null-satisfies.test.ts
 PASS js-fuzzer-class-3b630e2d834a.js [728/10000] status=ok obs=6512bd43d9ca coverage=+0/32/38 time=2ms
  RUN js-fuzzer-boundary-e62759fbe8d3.js [729/10000] md5=e62759fbe8d36ad2cfb89a0f8bac18b9 bytes=129 template=boundary origin=boundary:-9007199254740991
 PASS js-fuzzer-boundary-e62759fbe8d3.js [729/10000] status=ok obs=b3f3a95848f6 coverage=+0/32/38 time=2ms
  RUN js-fuzzer-corpus-ab8ca4f8757c.js [730/10000] md5=ab8ca4f8757c6165b29cd6a662edad93 bytes=450 template=corpus origin=tests/corpus/fixtures/state-machine-workflow.test.js
 PASS js-fuzzer-corpus-ab8ca4f8757c.js [730/10000] status=ok obs=b9f49c580664 coverage=+0/32/38 time=2ms
  RUN js-fuzzer-array-object-cae7f065764b.js [731/10000] md5=cae7f065764b7f1982e7fdaa2df2df46 bytes=133 template=array-object origin=seed:tests/corpus/fixtures/vue-script-workflow.test.vue
 PASS js-fuzzer-array-object-cae7f065764b.js [731/10000] status=ok obs=e4da3b7fbbce coverage=+0/32/38 time=1ms
  RUN js-fuzzer-closure-b2e4951fb97f.js [732/10000] md5=b2e4951fb97f49232ba40ce421e670e9 bytes=183 template=closure origin=seed:tests/corpus/obfuscation/constant-tag-mix.test.js
 PASS js-fuzzer-closure-b2e4951fb97f.js [732/10000] status=ok obs=6ea9ab1baa0e coverage=+0/32/38 time=2ms
  RUN js-fuzzer-block-scope-bdee2ca933f4.js [733/10000] md5=bdee2ca933f4d75f33d7f05fede856cb bytes=114 template=block-scope origin=seed:tests/corpus/obfuscation/extern-slot-permutation.test.js
 PASS js-fuzzer-block-scope-bdee2ca933f4.js [733/10000] status=ok obs=a3c65c297427 coverage=+0/32/38 time=2ms
  RUN js-fuzzer-loop-54e460cecf5c.js [734/10000] md5=54e460cecf5c05dfcffaa3b2e5f57445 bytes=81 template=loop origin=seed:tests/corpus/obfuscation/externs-console.test.js
 PASS js-fuzzer-loop-54e460cecf5c.js [734/10000] status=ok obs=d3d9446802a4 coverage=+0/32/38 time=1ms
  RUN js-fuzzer-try-catch-4a24aaf1e66a.js [735/10000] md5=4a24aaf1e66a8b823f90ea06221a0572 bytes=110 template=try-catch origin=seed:tests/corpus/obfuscation/seed-sensitive-functions.test.js
 PASS js-fuzzer-try-catch-4a24aaf1e66a.js [735/10000] status=ok obs=d67d8ab4f4c1 coverage=+0/32/38 time=2ms
  RUN js-fuzzer-boundary-56f451fe2902.js [736/10000] md5=56f451fe2902341a3a470031c46238b3 bytes=123 template=boundary origin=boundary:-2147483648
 PASS js-fuzzer-boundary-56f451fe2902.js [736/10000] status=ok obs=034ff5946105 coverage=+0/32/38 time=2ms
  RUN js-fuzzer-arithmetic-6d2537118b80.js [737/10000] md5=6d2537118b807588b3fb5ca646666db0 bytes=85 template=arithmetic origin=seed:tests/corpus/regressions/multiple-functions-fib-add.test.js
 PASS js-fuzzer-arithmetic-6d2537118b80.js [737/10000] status=ok obs=06409663226a coverage=+0/32/38 time=1ms
  RUN js-fuzzer-function-ba7ea055d439.js [738/10000] md5=ba7ea055d4397ffca213251195491d86 bytes=153 template=function origin=seed:tests/corpus/regressions/scope-compressed-closure-params.test.js
 PASS js-fuzzer-function-ba7ea055d439.js [738/10000] status=ok obs=8f14e45fceea coverage=+0/32/38 time=2ms
  RUN js-fuzzer-corpus-a07012429fce.js [739/10000] md5=a07012429fce4b4d7c8af42f445f70b9 bytes=163 template=corpus origin=tests/corpus/runtime/arrays-objects-methods.test.js
 PASS js-fuzzer-corpus-a07012429fce.js [739/10000] status=ok obs=c51ce410c124 coverage=+0/32/38 time=2ms
  RUN js-fuzzer-closure-911e01b990c1.js [740/10000] md5=911e01b990c1059fb9e06171adb544eb bytes=184 template=closure origin=seed:tests/corpus/runtime/block-scopes.test.js
 PASS js-fuzzer-closure-911e01b990c1.js [740/10000] status=ok obs=72b32a1f754b coverage=+0/32/38 time=1ms
  RUN js-fuzzer-block-scope-1d9ab3767cf1.js [741/10000] md5=1d9ab3767cf148e891fa70372f1cba06 bytes=114 template=block-scope origin=seed:tests/corpus/runtime/class-fields-static-methods.test.js
 PASS js-fuzzer-block-scope-1d9ab3767cf1.js [741/10000] status=ok obs=65b9eea6e1cc coverage=+0/32/38 time=2ms
  RUN js-fuzzer-loop-b88258462a8d.js [742/10000] md5=b88258462a8d880f8b0e459fa23b2536 bytes=81 template=loop origin=seed:tests/corpus/runtime/classes-and-objects.test.js
 PASS js-fuzzer-loop-b88258462a8d.js [742/10000] status=ok obs=3c59dc048e88 coverage=+0/32/38 time=2ms
  RUN js-fuzzer-boundary-db03eeac3914.js [743/10000] md5=db03eeac3914e8f0a7bfea9eefe9f0de bytes=114 template=boundary origin=boundary:-2
 PASS js-fuzzer-boundary-db03eeac3914.js [743/10000] status=ok obs=5d7b9adcbe1c coverage=+0/32/38 time=1ms
  RUN js-fuzzer-class-b1e3642c0208.js [744/10000] md5=b1e3642c0208992266fb21668a536292 bytes=100 template=class origin=seed:tests/corpus/runtime/closures-read-captured-values.test.js
 PASS js-fuzzer-class-b1e3642c0208.js [744/10000] status=ok obs=c9f0f895fb98 coverage=+0/32/38 time=2ms
  RUN js-fuzzer-arithmetic-18a5ce544f46.js [745/10000] md5=18a5ce544f4649159404469a488b5392 bytes=85 template=arithmetic origin=seed:tests/corpus/runtime/exceptions-and-nullish.test.js
 PASS js-fuzzer-arithmetic-18a5ce544f46.js [745/10000] status=ok obs=58238e9ae2dd coverage=+0/32/38 time=2ms
  RUN js-fuzzer-function-66ad482026b9.js [746/10000] md5=66ad482026b9df67ec5d25c1cce4c653 bytes=153 template=function origin=seed:tests/corpus/runtime/functions-closures-and-arrows.test.js
 PASS js-fuzzer-function-66ad482026b9.js [746/10000] status=ok obs=6512bd43d9ca coverage=+0/32/38 time=2ms
  RUN js-fuzzer-array-object-82f1a093bf9b.js [747/10000] md5=82f1a093bf9b2d6a4a6b65d89ac60455 bytes=133 template=array-object origin=seed:tests/corpus/runtime/lexical-shadowing.test.js
 PASS js-fuzzer-array-object-82f1a093bf9b.js [747/10000] status=ok obs=d3d9446802a4 coverage=+0/32/38 time=2ms
  RUN js-fuzzer-corpus-4131d841163b.js [748/10000] md5=4131d841163b79e192bca9d4fc683c54 bytes=58 template=corpus origin=tests/corpus/runtime/modules-export.test.js
 PASS js-fuzzer-corpus-4131d841163b.js [748/10000] status=ok obs=8f14e45fceea coverage=+0/32/38 time=2ms
  RUN js-fuzzer-block-scope-ebaed504d2d1.js [749/10000] md5=ebaed504d2d153868eb7bafedbfafd61 bytes=114 template=block-scope origin=seed:tests/corpus/runtime/nested-try-finally.test.js
 PASS js-fuzzer-block-scope-ebaed504d2d1.js [749/10000] status=ok obs=65b9eea6e1cc coverage=+0/32/38 time=1ms
  RUN js-fuzzer-boundary-7f379f781f4f.js [750/10000] md5=7f379f781f4f9844733fb0f4c5d8aa15 bytes=114 template=boundary origin=boundary:-1
 PASS js-fuzzer-boundary-7f379f781f4f.js [750/10000] status=ok obs=6bb61e3b7bce coverage=+0/32/38 time=2ms
  RUN js-fuzzer-try-catch-7b36a94abb6d.js [751/10000] md5=7b36a94abb6ddf002e9dd3f3d3a0cea5 bytes=110 template=try-catch origin=seed:tests/corpus/syntax/logical-unary-nullish.test.js
 PASS js-fuzzer-try-catch-7b36a94abb6d.js [751/10000] status=ok obs=37693cfc7480 coverage=+0/32/38 time=1ms
  RUN js-fuzzer-class-6736c24444bc.js [752/10000] md5=6736c24444bc6ff151b05a9a974ae4d5 bytes=100 template=class origin=seed:tests/corpus/syntax/object-destructure-and-members.test.js
 PASS js-fuzzer-class-6736c24444bc.js [752/10000] status=ok obs=45c48cce2e2d coverage=+0/32/38 time=2ms
  RUN js-fuzzer-arithmetic-6f61ef864ea6.js [753/10000] md5=6f61ef864ea631e960855b78995a44f0 bytes=83 template=arithmetic origin=seed:tests/corpus/syntax/switch-do-while-sequence.test.js
 PASS js-fuzzer-arithmetic-6f61ef864ea6.js [753/10000] status=ok obs=19ca14e7ea63 coverage=+0/32/38 time=2ms
  RUN js-fuzzer-function-3c5d7cd75696.js [754/10000] md5=3c5d7cd75696cd405bd2fe4a10121d7f bytes=153 template=function origin=seed:tests/corpus/syntax/template-array-destructure.test.js
 PASS js-fuzzer-function-3c5d7cd75696.js [754/10000] status=ok obs=c20ad4d76fe9 coverage=+0/32/38 time=2ms
  RUN js-fuzzer-array-object-6e793c6c748f.js [755/10000] md5=6e793c6c748fc0e9b4ab6037ba3dae74 bytes=133 template=array-object origin=seed:tests/corpus/syntax/typescript-assertions.test.ts
 PASS js-fuzzer-array-object-6e793c6c748f.js [755/10000] status=ok obs=aab3238922bc coverage=+0/32/38 time=1ms
  RUN js-fuzzer-closure-1475912fc762.js [756/10000] md5=1475912fc76226dd4432c5c2b296fcc2 bytes=185 template=closure origin=seed:tests/corpus/syntax/typescript-non-null-satisfies.test.ts
 PASS js-fuzzer-closure-1475912fc762.js [756/10000] status=ok obs=14bfa6bb1487 coverage=+0/32/38 time=2ms
  RUN js-fuzzer-corpus-797f152bf878.js [757/10000] md5=797f152bf878d5049066c6db6d2360b3 bytes=355 template=corpus origin=tests/corpus/fixtures/job-workflow.test.js
 PASS js-fuzzer-corpus-797f152bf878.js [757/10000] status=ok obs=b9de0628c8ec coverage=+0/32/38 time=2ms
  RUN js-fuzzer-loop-d35707ad0bf7.js [758/10000] md5=d35707ad0bf74148f671ad8943998af6 bytes=81 template=loop origin=seed:tests/corpus/fixtures/state-machine-workflow.test.js
 PASS js-fuzzer-loop-d35707ad0bf7.js [758/10000] status=ok obs=9bf31c7ff062 coverage=+0/32/38 time=2ms
  RUN js-fuzzer-try-catch-a173285175b8.js [759/10000] md5=a173285175b813cddca62eb427efafd5 bytes=110 template=try-catch origin=seed:tests/corpus/fixtures/vue-script-workflow.test.vue
 PASS js-fuzzer-try-catch-a173285175b8.js [759/10000] status=ok obs=9a1158154dfa coverage=+0/32/38 time=1ms
  RUN js-fuzzer-class-a35a4dd2f302.js [760/10000] md5=a35a4dd2f302fda9a0e8d6e2c980c283 bytes=101 template=class origin=seed:tests/corpus/obfuscation/constant-tag-mix.test.js
 PASS js-fuzzer-class-a35a4dd2f302.js [760/10000] status=ok obs=9bf31c7ff062 coverage=+0/32/38 time=2ms
  RUN js-fuzzer-arithmetic-e1605353ebdf.js [761/10000] md5=e1605353ebdf2dc5e2d0f44bf047e61b bytes=84 template=arithmetic origin=seed:tests/corpus/obfuscation/extern-slot-permutation.test.js
 PASS js-fuzzer-arithmetic-e1605353ebdf.js [761/10000] status=ok obs=7f6ffaa6bb0b coverage=+0/32/38 time=1ms
  RUN js-fuzzer-function-d9597d28535f.js [762/10000] md5=d9597d28535fd2b10f5ca10cf87a7bb6 bytes=153 template=function origin=seed:tests/corpus/obfuscation/externs-console.test.js
 PASS js-fuzzer-function-d9597d28535f.js [762/10000] status=ok obs=6f4922f45568 coverage=+0/32/38 time=2ms
  RUN js-fuzzer-array-object-197082a2eee5.js [763/10000] md5=197082a2eee5a749699224b6f957f384 bytes=133 template=array-object origin=seed:tests/corpus/obfuscation/seed-sensitive-functions.test.js
 PASS js-fuzzer-array-object-197082a2eee5.js [763/10000] status=ok obs=8f14e45fceea coverage=+0/32/38 time=2ms
  RUN js-fuzzer-boundary-4bea2a6e0cb0.js [764/10000] md5=4bea2a6e0cb0c7bb0b29e5b5d44112d8 bytes=128 template=boundary origin=boundary:9007199254740991
 PASS js-fuzzer-boundary-4bea2a6e0cb0.js [764/10000] status=ok obs=dc9a0d67a31d coverage=+0/32/38 time=2ms
  RUN js-fuzzer-block-scope-beaa8b6e15ee.js [765/10000] md5=beaa8b6e15ee05a9068ce5ff9c8afdb3 bytes=114 template=block-scope origin=seed:tests/corpus/regressions/multiple-functions-fib-add.test.js
 PASS js-fuzzer-block-scope-beaa8b6e15ee.js [765/10000] status=ok obs=38b3eff8baf5 coverage=+0/32/38 time=2ms
  RUN js-fuzzer-corpus-c28cfb056309.js [766/10000] md5=c28cfb056309f2a77f8bd9756b123c54 bytes=147 template=corpus origin=tests/corpus/regressions/scope-compressed-closure-params.test.js
 PASS js-fuzzer-corpus-c28cfb056309.js [766/10000] status=ok obs=c51ce410c124 coverage=+0/32/38 time=1ms
  RUN js-fuzzer-try-catch-c1605790c914.js [767/10000] md5=c1605790c914ae1743dc7ccc9c3b6fda bytes=110 template=try-catch origin=seed:tests/corpus/runtime/arrays-objects-methods.test.js
 PASS js-fuzzer-try-catch-c1605790c914.js [767/10000] status=ok obs=1c383cd30b7c coverage=+0/32/38 time=2ms
  RUN js-fuzzer-class-a35a4dd2f302.js [768/10000] md5=a35a4dd2f302fda9a0e8d6e2c980c283 bytes=101 template=class origin=seed:tests/corpus/runtime/block-scopes.test.js
 PASS js-fuzzer-class-a35a4dd2f302.js [768/10000] status=ok obs=9bf31c7ff062 coverage=+0/32/38 time=1ms
  RUN js-fuzzer-arithmetic-5d23da3e1360.js [769/10000] md5=5d23da3e136036e8307708955a5a453b bytes=85 template=arithmetic origin=seed:tests/corpus/runtime/class-fields-static-methods.test.js
 PASS js-fuzzer-arithmetic-5d23da3e1360.js [769/10000] status=ok obs=9b04d152845e coverage=+0/32/38 time=2ms
  RUN js-fuzzer-function-2a74733dc731.js [770/10000] md5=2a74733dc7313f8fa40f843496dd9ed4 bytes=153 template=function origin=seed:tests/corpus/runtime/classes-and-objects.test.js
 PASS js-fuzzer-function-2a74733dc731.js [770/10000] status=ok obs=45c48cce2e2d coverage=+0/32/38 time=2ms
  RUN js-fuzzer-boundary-86f8354fc6fd.js [771/10000] md5=86f8354fc6fd092b05683bbf230dc769 bytes=122 template=boundary origin=boundary:2147483647
 PASS js-fuzzer-boundary-86f8354fc6fd.js [771/10000] status=ok obs=c588c0a459f4 coverage=+0/32/38 time=1ms
  RUN js-fuzzer-closure-e49dcf873ed5.js [772/10000] md5=e49dcf873ed55f02b5559f33f59b4855 bytes=183 template=closure origin=seed:tests/corpus/runtime/closures-read-captured-values.test.js
 PASS js-fuzzer-closure-e49dcf873ed5.js [772/10000] status=ok obs=70efdf2ec9b0 coverage=+0/32/38 time=2ms
  RUN js-fuzzer-block-scope-3a77285250aa.js [773/10000] md5=3a77285250aa29f5a1dc2a7358d3473d bytes=114 template=block-scope origin=seed:tests/corpus/runtime/exceptions-and-nullish.test.js
 PASS js-fuzzer-block-scope-3a77285250aa.js [773/10000] status=ok obs=38b3eff8baf5 coverage=+0/32/38 time=1ms
  RUN js-fuzzer-loop-d35707ad0bf7.js [774/10000] md5=d35707ad0bf74148f671ad8943998af6 bytes=81 template=loop origin=seed:tests/corpus/runtime/functions-closures-and-arrows.test.js
 PASS js-fuzzer-loop-d35707ad0bf7.js [774/10000] status=ok obs=9bf31c7ff062 coverage=+0/32/38 time=1ms
  RUN js-fuzzer-corpus-463d4dee8a1f.js [775/10000] md5=463d4dee8a1f930fa8af57a704cacf3e bytes=232 template=corpus origin=tests/corpus/runtime/lexical-shadowing.test.js
 PASS js-fuzzer-corpus-463d4dee8a1f.js [775/10000] status=ok obs=c51ce410c124 coverage=+0/32/38 time=2ms
  RUN js-fuzzer-class-a35a4dd2f302.js [776/10000] md5=a35a4dd2f302fda9a0e8d6e2c980c283 bytes=101 template=class origin=seed:tests/corpus/runtime/modules-export.test.js
 PASS js-fuzzer-class-a35a4dd2f302.js [776/10000] status=ok obs=9bf31c7ff062 coverage=+0/32/38 time=2ms
  RUN js-fuzzer-arithmetic-0a1d071e171d.js [777/10000] md5=0a1d071e171d0e4bd7ddc9c730622dea bytes=84 template=arithmetic origin=seed:tests/corpus/runtime/nested-try-finally.test.js
 PASS js-fuzzer-arithmetic-0a1d071e171d.js [777/10000] status=ok obs=d67d8ab4f4c1 coverage=+0/32/38 time=1ms
  RUN js-fuzzer-boundary-85faf3787c26.js [778/10000] md5=85faf3787c26ca3bad9215a544873988 bytes=113 template=boundary origin=boundary:2
 PASS js-fuzzer-boundary-85faf3787c26.js [778/10000] status=ok obs=c81e728d9d4c coverage=+0/32/38 time=2ms
  RUN js-fuzzer-array-object-4eaae6308013.js [779/10000] md5=4eaae63080134004bdcfeb9ab644bfd0 bytes=133 template=array-object origin=seed:tests/corpus/syntax/logical-unary-nullish.test.js
 PASS js-fuzzer-array-object-4eaae6308013.js [779/10000] status=ok obs=6512bd43d9ca coverage=+0/32/38 time=1ms
  RUN js-fuzzer-closure-f75deb2015f7.js [780/10000] md5=f75deb2015f7014d0b8ce2c93426a43f bytes=185 template=closure origin=seed:tests/corpus/syntax/object-destructure-and-members.test.js
 PASS js-fuzzer-closure-f75deb2015f7.js [780/10000] status=ok obs=d1fe173d08e9 coverage=+0/32/38 time=2ms
  RUN js-fuzzer-block-scope-f877ae029493.js [781/10000] md5=f877ae0294938a62cf201f72c0ac662a bytes=114 template=block-scope origin=seed:tests/corpus/syntax/switch-do-while-sequence.test.js
 PASS js-fuzzer-block-scope-f877ae029493.js [781/10000] status=ok obs=38b3eff8baf5 coverage=+0/32/38 time=2ms
  RUN js-fuzzer-loop-55c7c905bffb.js [782/10000] md5=55c7c905bffb4bbbc4c8fb9b91df6ad8 bytes=81 template=loop origin=seed:tests/corpus/syntax/template-array-destructure.test.js
 PASS js-fuzzer-loop-55c7c905bffb.js [782/10000] status=ok obs=eccbc87e4b5c coverage=+0/32/38 time=1ms
  RUN js-fuzzer-try-catch-7fa76a80e531.js [783/10000] md5=7fa76a80e531298b12538ca11d858f94 bytes=110 template=try-catch origin=seed:tests/corpus/syntax/typescript-assertions.test.ts
 PASS js-fuzzer-try-catch-7fa76a80e531.js [783/10000] status=ok obs=6ea9ab1baa0e coverage=+0/32/38 time=2ms
  RUN js-fuzzer-corpus-e3eeaea0f8a2.js [784/10000] md5=e3eeaea0f8a2c5d5b650d4007cf78b4a bytes=104 template=corpus origin=tests/corpus/syntax/typescript-non-null-satisfies.test.ts
 PASS js-fuzzer-corpus-e3eeaea0f8a2.js [784/10000] status=ok obs=d3d9446802a4 coverage=+0/32/38 time=2ms
  RUN js-fuzzer-boundary-ccde2dac26f6.js [785/10000] md5=ccde2dac26f6d3fd46c3698825685fe3 bytes=113 template=boundary origin=boundary:1
 PASS js-fuzzer-boundary-ccde2dac26f6.js [785/10000] status=ok obs=c4ca4238a0b9 coverage=+0/32/38 time=1ms
  RUN js-fuzzer-function-297962b584b2.js [786/10000] md5=297962b584b2139723d9064b9ad0de50 bytes=153 template=function origin=seed:tests/corpus/fixtures/state-machine-workflow.test.js
 PASS js-fuzzer-function-297962b584b2.js [786/10000] status=ok obs=c81e728d9d4c coverage=+0/32/38 time=2ms
  RUN js-fuzzer-array-object-e592bf8496a7.js [787/10000] md5=e592bf8496a74e2251f610da2b157a13 bytes=133 template=array-object origin=seed:tests/corpus/fixtures/vue-script-workflow.test.vue
 PASS js-fuzzer-array-object-e592bf8496a7.js [787/10000] status=ok obs=6512bd43d9ca coverage=+0/32/38 time=2ms
  RUN js-fuzzer-closure-a641eaf3e1ca.js [788/10000] md5=a641eaf3e1ca79accfb48f344d237f8e bytes=184 template=closure origin=seed:tests/corpus/obfuscation/constant-tag-mix.test.js
 PASS js-fuzzer-closure-a641eaf3e1ca.js [788/10000] status=ok obs=7f39f8317fbd coverage=+0/32/38 time=2ms
  RUN js-fuzzer-block-scope-abe4791afcdb.js [789/10000] md5=abe4791afcdb021f11eb2a51d3daa235 bytes=114 template=block-scope origin=seed:tests/corpus/obfuscation/extern-slot-permutation.test.js
 PASS js-fuzzer-block-scope-abe4791afcdb.js [789/10000] status=ok obs=a3c65c297427 coverage=+0/32/38 time=1ms
  RUN js-fuzzer-loop-b88258462a8d.js [790/10000] md5=b88258462a8d880f8b0e459fa23b2536 bytes=81 template=loop origin=seed:tests/corpus/obfuscation/externs-console.test.js
 PASS js-fuzzer-loop-b88258462a8d.js [790/10000] status=ok obs=3c59dc048e88 coverage=+0/32/38 time=1ms
  RUN js-fuzzer-try-catch-8d9c7d254dda.js [791/10000] md5=8d9c7d254ddaafdc283e844d5d9a6231 bytes=109 template=try-catch origin=seed:tests/corpus/obfuscation/seed-sensitive-functions.test.js
 PASS js-fuzzer-try-catch-8d9c7d254dda.js [791/10000] status=ok obs=a87ff679a2f3 coverage=+0/32/38 time=2ms
  RUN js-fuzzer-boundary-235131a2d0d1.js [792/10000] md5=235131a2d0d184afe9327ca3bd456dde bytes=129 template=boundary origin=boundary:-9007199254740991
 PASS js-fuzzer-boundary-235131a2d0d1.js [792/10000] status=ok obs=b3f3a95848f6 coverage=+0/32/38 time=2ms
  RUN js-fuzzer-corpus-ad9ed8746461.js [793/10000] md5=ad9ed87464611c6dd81b04b3754c760c bytes=214 template=corpus origin=tests/corpus/regressions/multiple-functions-fib-add.test.js
 PASS js-fuzzer-corpus-ad9ed8746461.js [793/10000] status=ok obs=3c59dc048e88 coverage=+0/32/38 time=2ms
  RUN js-fuzzer-function-e04598e59cc1.js [794/10000] md5=e04598e59cc109c5f5c20638fe37a892 bytes=153 template=function origin=seed:tests/corpus/regressions/scope-compressed-closure-params.test.js
 PASS js-fuzzer-function-e04598e59cc1.js [794/10000] status=ok obs=d3d9446802a4 coverage=+0/32/38 time=2ms
  RUN js-fuzzer-array-object-06bed75fe860.js [795/10000] md5=06bed75fe8608dd7cf99c9fcb0805418 bytes=133 template=array-object origin=seed:tests/corpus/runtime/arrays-objects-methods.test.js
 PASS js-fuzzer-array-object-06bed75fe860.js [795/10000] status=ok obs=6f4922f45568 coverage=+0/32/38 time=2ms
  RUN js-fuzzer-closure-aeb4ba6df08e.js [796/10000] md5=aeb4ba6df08e6e5cd9a569be45a243b0 bytes=184 template=closure origin=seed:tests/corpus/runtime/block-scopes.test.js
 PASS js-fuzzer-closure-aeb4ba6df08e.js [796/10000] status=ok obs=17e62166fc85 coverage=+0/32/38 time=2ms
  RUN js-fuzzer-block-scope-c9036716ef90.js [797/10000] md5=c9036716ef90ee62936b6cdf496fd35c bytes=114 template=block-scope origin=seed:tests/corpus/runtime/class-fields-static-methods.test.js
 PASS js-fuzzer-block-scope-c9036716ef90.js [797/10000] status=ok obs=38b3eff8baf5 coverage=+0/32/38 time=1ms
  RUN js-fuzzer-loop-bbf1d7a15d8d.js [798/10000] md5=bbf1d7a15d8dd015402d75c0e0108b5f bytes=81 template=loop origin=seed:tests/corpus/runtime/classes-and-objects.test.js
 PASS js-fuzzer-loop-bbf1d7a15d8d.js [798/10000] status=ok obs=1679091c5a88 coverage=+0/32/38 time=2ms
  RUN js-fuzzer-boundary-205872a6e44c.js [799/10000] md5=205872a6e44c1ea0cf94554af934fb09 bytes=123 template=boundary origin=boundary:-2147483648
 PASS js-fuzzer-boundary-205872a6e44c.js [799/10000] status=ok obs=034ff5946105 coverage=+0/32/38 time=2ms
  RUN js-fuzzer-class-b1e3642c0208.js [800/10000] md5=b1e3642c0208992266fb21668a536292 bytes=100 template=class origin=seed:tests/corpus/runtime/closures-read-captured-values.test.js
 PASS js-fuzzer-class-b1e3642c0208.js [800/10000] status=ok obs=c9f0f895fb98 coverage=+0/32/38 time=1ms
  RUN js-fuzzer-arithmetic-65bf433da808.js [801/10000] md5=65bf433da8080fd680e586f8648d545a bytes=84 template=arithmetic origin=seed:tests/corpus/runtime/exceptions-and-nullish.test.js
 PASS js-fuzzer-arithmetic-65bf433da808.js [801/10000] status=ok obs=2b44928ae11f coverage=+0/32/38 time=2ms
  RUN js-fuzzer-corpus-72746d071c58.js [802/10000] md5=72746d071c58fadd9399bc8934c30553 bytes=197 template=corpus origin=tests/corpus/runtime/functions-closures-and-arrows.test.js
 PASS js-fuzzer-corpus-72746d071c58.js [802/10000] status=ok obs=c74d97b01eae coverage=+0/32/38 time=2ms
  RUN js-fuzzer-array-object-25f2369950e9.js [803/10000] md5=25f2369950e96aef0d197560013ed573 bytes=133 template=array-object origin=seed:tests/corpus/runtime/lexical-shadowing.test.js
 PASS js-fuzzer-array-object-25f2369950e9.js [803/10000] status=ok obs=6512bd43d9ca coverage=+0/32/38 time=2ms
  RUN js-fuzzer-closure-dfe8465fca48.js [804/10000] md5=dfe8465fca4823b5d6d32737657f830e bytes=184 template=closure origin=seed:tests/corpus/runtime/modules-export.test.js
 PASS js-fuzzer-closure-dfe8465fca48.js [804/10000] status=ok obs=fc490ca45c00 coverage=+0/32/38 time=1ms
  RUN js-fuzzer-block-scope-202b9f5a2bb9.js [805/10000] md5=202b9f5a2bb9374d6e306255f6f7b59d bytes=114 template=block-scope origin=seed:tests/corpus/runtime/nested-try-finally.test.js
 PASS js-fuzzer-block-scope-202b9f5a2bb9.js [805/10000] status=ok obs=a3c65c297427 coverage=+0/32/38 time=2ms
  RUN js-fuzzer-boundary-92df4f5b559a.js [806/10000] md5=92df4f5b559a550058b4133ffb629932 bytes=114 template=boundary origin=boundary:-2
 PASS js-fuzzer-boundary-92df4f5b559a.js [806/10000] status=ok obs=5d7b9adcbe1c coverage=+0/32/38 time=2ms
  RUN js-fuzzer-try-catch-e6a0f565fc4e.js [807/10000] md5=e6a0f565fc4ec95ea847cca573b5900c bytes=110 template=try-catch origin=seed:tests/corpus/syntax/logical-unary-nullish.test.js
 PASS js-fuzzer-try-catch-e6a0f565fc4e.js [807/10000] status=ok obs=33e75ff09dd6 coverage=+0/32/38 time=1ms
  RUN js-fuzzer-class-3b630e2d834a.js [808/10000] md5=3b630e2d834a95a01ee75571f8bc0075 bytes=101 template=class origin=seed:tests/corpus/syntax/object-destructure-and-members.test.js
 PASS js-fuzzer-class-3b630e2d834a.js [808/10000] status=ok obs=6512bd43d9ca coverage=+0/32/38 time=2ms
  RUN js-fuzzer-arithmetic-388a1a957be6.js [809/10000] md5=388a1a957be634d6ce25b71ba413f4a5 bytes=85 template=arithmetic origin=seed:tests/corpus/syntax/switch-do-while-sequence.test.js
 PASS js-fuzzer-arithmetic-388a1a957be6.js [809/10000] status=ok obs=f2217062e9a3 coverage=+0/32/38 time=1ms
  RUN js-fuzzer-function-7078b1558e88.js [810/10000] md5=7078b1558e88c84f2ce4ff32c844a13e bytes=153 template=function origin=seed:tests/corpus/syntax/template-array-destructure.test.js
 PASS js-fuzzer-function-7078b1558e88.js [810/10000] status=ok obs=1679091c5a88 coverage=+0/32/38 time=2ms
  RUN js-fuzzer-corpus-57a83a4b020d.js [811/10000] md5=57a83a4b020d4b85b42b0a3709f283ad bytes=130 template=corpus origin=tests/corpus/syntax/typescript-assertions.test.ts
 PASS js-fuzzer-corpus-57a83a4b020d.js [811/10000] status=ok obs=45c48cce2e2d coverage=+0/32/38 time=2ms
  RUN js-fuzzer-closure-fbd3de312c49.js [812/10000] md5=fbd3de312c49e2e25f8e0259c12a573a bytes=184 template=closure origin=seed:tests/corpus/syntax/typescript-non-null-satisfies.test.ts
 PASS js-fuzzer-closure-fbd3de312c49.js [812/10000] status=ok obs=d67d8ab4f4c1 coverage=+0/32/38 time=1ms
  RUN js-fuzzer-boundary-1024adcac0e5.js [813/10000] md5=1024adcac0e5cc9f99f478fa66dcc00c bytes=114 template=boundary origin=boundary:-1
 PASS js-fuzzer-boundary-1024adcac0e5.js [813/10000] status=ok obs=6bb61e3b7bce coverage=+0/32/38 time=2ms
  RUN js-fuzzer-loop-b88258462a8d.js [814/10000] md5=b88258462a8d880f8b0e459fa23b2536 bytes=81 template=loop origin=seed:tests/corpus/fixtures/state-machine-workflow.test.js
 PASS js-fuzzer-loop-b88258462a8d.js [814/10000] status=ok obs=3c59dc048e88 coverage=+0/32/38 time=2ms
  RUN js-fuzzer-try-catch-8a297d00e90e.js [815/10000] md5=8a297d00e90eb93174a6d6eeae5be951 bytes=110 template=try-catch origin=seed:tests/corpus/fixtures/vue-script-workflow.test.vue
 PASS js-fuzzer-try-catch-8a297d00e90e.js [815/10000] status=ok obs=98f137082101 coverage=+0/32/38 time=1ms
  RUN js-fuzzer-class-6736c24444bc.js [816/10000] md5=6736c24444bc6ff151b05a9a974ae4d5 bytes=100 template=class origin=seed:tests/corpus/obfuscation/constant-tag-mix.test.js
 PASS js-fuzzer-class-6736c24444bc.js [816/10000] status=ok obs=45c48cce2e2d coverage=+0/32/38 time=2ms
  RUN js-fuzzer-arithmetic-3e1d81fd4940.js [817/10000] md5=3e1d81fd494008e6657180fa81d8518a bytes=84 template=arithmetic origin=seed:tests/corpus/obfuscation/extern-slot-permutation.test.js
 PASS js-fuzzer-arithmetic-3e1d81fd4940.js [817/10000] status=ok obs=63dc7ed1010d coverage=+0/32/38 time=2ms
  RUN js-fuzzer-function-98e8c4d5dcc0.js [818/10000] md5=98e8c4d5dcc095fbcedf7527b98fd4fe bytes=153 template=function origin=seed:tests/corpus/obfuscation/externs-console.test.js
 PASS js-fuzzer-function-98e8c4d5dcc0.js [818/10000] status=ok obs=c9f0f895fb98 coverage=+0/32/38 time=1ms
  RUN js-fuzzer-array-object-c0ce0f88647c.js [819/10000] md5=c0ce0f88647c7f3841f06c93a60a01f7 bytes=133 template=array-object origin=seed:tests/corpus/obfuscation/seed-sensitive-functions.test.js
 PASS js-fuzzer-array-object-c0ce0f88647c.js [819/10000] status=ok obs=9bf31c7ff062 coverage=+0/32/38 time=2ms
  RUN js-fuzzer-corpus-79643e915862.js [820/10000] md5=79643e91586251700d34c0c65a0220da bytes=89 template=corpus origin=tests/corpus/regressions/destructuring-lowers-to-member.test.js
 PASS js-fuzzer-corpus-79643e915862.js [820/10000] status=ok obs=eccbc87e4b5c coverage=+0/32/38 time=2ms
  RUN js-fuzzer-block-scope-bf636b85262e.js [821/10000] md5=bf636b85262e6449faae7bd6852e9af3 bytes=114 template=block-scope origin=seed:tests/corpus/regressions/multiple-functions-fib-add.test.js
 PASS js-fuzzer-block-scope-bf636b85262e.js [821/10000] status=ok obs=c9e1074f5b3f coverage=+0/32/38 time=1ms
  RUN js-fuzzer-loop-f495ca2fc638.js [822/10000] md5=f495ca2fc6389f933578fc501f5b1465 bytes=81 template=loop origin=seed:tests/corpus/regressions/scope-compressed-closure-params.test.js
 PASS js-fuzzer-loop-f495ca2fc638.js [822/10000] status=ok obs=c4ca4238a0b9 coverage=+0/32/38 time=2ms
  RUN js-fuzzer-try-catch-56393ff77182.js [823/10000] md5=56393ff771824d567a8911f280bf7f9d bytes=110 template=try-catch origin=seed:tests/corpus/runtime/arrays-objects-methods.test.js
 PASS js-fuzzer-try-catch-56393ff77182.js [823/10000] status=ok obs=4e732ced3463 coverage=+0/32/38 time=2ms
  RUN js-fuzzer-class-ff7d9ca3da86.js [824/10000] md5=ff7d9ca3da86b49917ac34b4d48e8df9 bytes=101 template=class origin=seed:tests/corpus/runtime/block-scopes.test.js
 PASS js-fuzzer-class-ff7d9ca3da86.js [824/10000] status=ok obs=c20ad4d76fe9 coverage=+0/32/38 time=1ms
  RUN js-fuzzer-arithmetic-4a3f20a9197e.js [825/10000] md5=4a3f20a9197e1bf273fa0c8041dae0f7 bytes=84 template=arithmetic origin=seed:tests/corpus/runtime/class-fields-static-methods.test.js
 PASS js-fuzzer-arithmetic-4a3f20a9197e.js [825/10000] status=ok obs=9a1158154dfa coverage=+0/32/38 time=2ms
  RUN js-fuzzer-function-c472354a037a.js [826/10000] md5=c472354a037a48d197cd60b4e04af6e0 bytes=153 template=function origin=seed:tests/corpus/runtime/classes-and-objects.test.js
 PASS js-fuzzer-function-c472354a037a.js [826/10000] status=ok obs=02e74f10e032 coverage=+0/32/38 time=3ms
  RUN js-fuzzer-boundary-2b35f90895ea.js [827/10000] md5=2b35f90895ea85111e562e627044f919 bytes=128 template=boundary origin=boundary:9007199254740991
 PASS js-fuzzer-boundary-2b35f90895ea.js [827/10000] status=ok obs=8bfa9ad090fb coverage=+0/32/38 time=1ms
  RUN js-fuzzer-closure-557de75c1da4.js [828/10000] md5=557de75c1da49c2982837083e1ea9393 bytes=183 template=closure origin=seed:tests/corpus/runtime/closures-read-captured-values.test.js
 PASS js-fuzzer-closure-557de75c1da4.js [828/10000] status=ok obs=6ea9ab1baa0e coverage=+0/32/38 time=2ms
  RUN js-fuzzer-corpus-cf8fb96e8476.js [829/10000] md5=cf8fb96e8476c262b73583c86dd80821 bytes=178 template=corpus origin=tests/corpus/runtime/exceptions-and-nullish.test.js
 PASS js-fuzzer-corpus-cf8fb96e8476.js [829/10000] status=ok obs=24ed5e8718fc coverage=+0/32/38 time=2ms
  RUN js-fuzzer-loop-b88258462a8d.js [830/10000] md5=b88258462a8d880f8b0e459fa23b2536 bytes=81 template=loop origin=seed:tests/corpus/runtime/functions-closures-and-arrows.test.js
 PASS js-fuzzer-loop-b88258462a8d.js [830/10000] status=ok obs=3c59dc048e88 coverage=+0/32/38 time=1ms
  RUN js-fuzzer-try-catch-ce914b0cd471.js [831/10000] md5=ce914b0cd471f7c9ec83cbcd645ee9eb bytes=110 template=try-catch origin=seed:tests/corpus/runtime/lexical-shadowing.test.js
 PASS js-fuzzer-try-catch-ce914b0cd471.js [831/10000] status=ok obs=2838023a778d coverage=+0/32/38 time=2ms
  RUN js-fuzzer-class-1fb70654253d.js [832/10000] md5=1fb70654253d944404805630039f463c bytes=101 template=class origin=seed:tests/corpus/runtime/modules-export.test.js
 PASS js-fuzzer-class-1fb70654253d.js [832/10000] status=ok obs=c51ce410c124 coverage=+0/32/38 time=1ms
  RUN js-fuzzer-arithmetic-408881ff03e8.js [833/10000] md5=408881ff03e8312ddb6637c850bd13ca bytes=84 template=arithmetic origin=seed:tests/corpus/runtime/nested-try-finally.test.js
 PASS js-fuzzer-arithmetic-408881ff03e8.js [833/10000] status=ok obs=fe9fc289c3ff coverage=+0/32/38 time=2ms
  RUN js-fuzzer-boundary-4b188851088a.js [834/10000] md5=4b188851088a18b5b5e1424320aec545 bytes=122 template=boundary origin=boundary:2147483647
 PASS js-fuzzer-boundary-4b188851088a.js [834/10000] status=ok obs=c588c0a459f4 coverage=+0/32/38 time=2ms
  RUN js-fuzzer-array-object-b14d3e7f85f3.js [835/10000] md5=b14d3e7f85f34c3217976939dc9a9fc4 bytes=133 template=array-object origin=seed:tests/corpus/syntax/logical-unary-nullish.test.js
 PASS js-fuzzer-array-object-b14d3e7f85f3.js [835/10000] status=ok obs=70efdf2ec9b0 coverage=+0/32/38 time=1ms
  RUN js-fuzzer-closure-8062cdec265d.js [836/10000] md5=8062cdec265d081afc2b1b8c67f8d8dd bytes=184 template=closure origin=seed:tests/corpus/syntax/object-destructure-and-members.test.js
 PASS js-fuzzer-closure-8062cdec265d.js [836/10000] status=ok obs=fc490ca45c00 coverage=+0/32/38 time=2ms
  RUN js-fuzzer-block-scope-555932537451.js [837/10000] md5=555932537451052be68a084b1b7c5d9d bytes=114 template=block-scope origin=seed:tests/corpus/syntax/switch-do-while-sequence.test.js
 PASS js-fuzzer-block-scope-555932537451.js [837/10000] status=ok obs=f0935e4cd592 coverage=+0/32/38 time=2ms
  RUN js-fuzzer-corpus-ff388659a641.js [838/10000] md5=ff388659a6419d1e6e01ce4e7151a52e bytes=135 template=corpus origin=tests/corpus/syntax/template-array-destructure.test.js
 PASS js-fuzzer-corpus-ff388659a641.js [838/10000] status=ok obs=f61c9a8be43c coverage=+0/32/38 time=1ms
  RUN js-fuzzer-try-catch-ecde19ac059d.js [839/10000] md5=ecde19ac059dab5b524e2da1cfde28b0 bytes=110 template=try-catch origin=seed:tests/corpus/syntax/typescript-assertions.test.ts
 PASS js-fuzzer-try-catch-ecde19ac059d.js [839/10000] status=ok obs=f457c545a9de coverage=+0/32/38 time=2ms
  RUN js-fuzzer-class-a9875f561daf.js [840/10000] md5=a9875f561daf181d949c68fc070db0e0 bytes=101 template=class origin=seed:tests/corpus/syntax/typescript-non-null-satisfies.test.ts
 PASS js-fuzzer-class-a9875f561daf.js [840/10000] status=ok obs=aab3238922bc coverage=+0/32/38 time=2ms
  RUN js-fuzzer-boundary-85faf3787c26.js [841/10000] md5=85faf3787c26ca3bad9215a544873988 bytes=113 template=boundary origin=boundary:2
 PASS js-fuzzer-boundary-85faf3787c26.js [841/10000] status=ok obs=c81e728d9d4c coverage=+0/32/38 time=1ms
  RUN js-fuzzer-function-be199ff518ed.js [842/10000] md5=be199ff518edad2305aebc8ea703ea8f bytes=153 template=function origin=seed:tests/corpus/fixtures/state-machine-workflow.test.js
 PASS js-fuzzer-function-be199ff518ed.js [842/10000] status=ok obs=a87ff679a2f3 coverage=+0/32/38 time=2ms
  RUN js-fuzzer-array-object-6f9f685b14e1.js [843/10000] md5=6f9f685b14e11ecb8fdb3f9bbe575baa bytes=133 template=array-object origin=seed:tests/corpus/fixtures/vue-script-workflow.test.vue
 PASS js-fuzzer-array-object-6f9f685b14e1.js [843/10000] status=ok obs=98f137082101 coverage=+0/32/38 time=2ms
  RUN js-fuzzer-closure-aeb4ba6df08e.js [844/10000] md5=aeb4ba6df08e6e5cd9a569be45a243b0 bytes=184 template=closure origin=seed:tests/corpus/obfuscation/constant-tag-mix.test.js
 PASS js-fuzzer-closure-aeb4ba6df08e.js [844/10000] status=ok obs=17e62166fc85 coverage=+0/32/38 time=2ms
  RUN js-fuzzer-block-scope-a0b56fb999f4.js [845/10000] md5=a0b56fb999f4bb984544d4262e239b2c bytes=114 template=block-scope origin=seed:tests/corpus/obfuscation/extern-slot-permutation.test.js
 PASS js-fuzzer-block-scope-a0b56fb999f4.js [845/10000] status=ok obs=2723d092b638 coverage=+0/32/38 time=1ms
  RUN js-fuzzer-loop-55c7c905bffb.js [846/10000] md5=55c7c905bffb4bbbc4c8fb9b91df6ad8 bytes=81 template=loop origin=seed:tests/corpus/obfuscation/externs-console.test.js
 PASS js-fuzzer-loop-55c7c905bffb.js [846/10000] status=ok obs=eccbc87e4b5c coverage=+0/32/38 time=2ms
  RUN js-fuzzer-corpus-38ba19d9deb7.js [847/10000] md5=38ba19d9deb7566cc8a420c27ada3f21 bytes=136 template=corpus origin=tests/corpus/obfuscation/seed-sensitive-functions.test.js
 PASS js-fuzzer-corpus-38ba19d9deb7.js [847/10000] status=ok obs=a5bfc9e07964 coverage=+0/32/38 time=2ms
  RUN js-fuzzer-boundary-a6a77cc918cc.js [848/10000] md5=a6a77cc918cc479b04ccb7be2bd80dac bytes=113 template=boundary origin=boundary:1
 PASS js-fuzzer-boundary-a6a77cc918cc.js [848/10000] status=ok obs=c4ca4238a0b9 coverage=+0/32/38 time=2ms
  RUN js-fuzzer-arithmetic-fe4e26439b32.js [849/10000] md5=fe4e26439b328111d561bd3131bc083b bytes=85 template=arithmetic origin=seed:tests/corpus/regressions/multiple-functions-fib-add.test.js
 PASS js-fuzzer-arithmetic-fe4e26439b32.js [849/10000] status=ok obs=2a79ea27c279 coverage=+0/32/38 time=1ms
  RUN js-fuzzer-function-67a4a16b508e.js [850/10000] md5=67a4a16b508e8efc2a1fbbfc79004c7b bytes=153 template=function origin=seed:tests/corpus/regressions/scope-compressed-closure-params.test.js
 PASS js-fuzzer-function-67a4a16b508e.js [850/10000] status=ok obs=eccbc87e4b5c coverage=+0/32/38 time=2ms
  RUN js-fuzzer-array-object-fe36c89e21aa.js [851/10000] md5=fe36c89e21aa93cf9f4956b62db66bc5 bytes=133 template=array-object origin=seed:tests/corpus/runtime/arrays-objects-methods.test.js
 PASS js-fuzzer-array-object-fe36c89e21aa.js [851/10000] status=ok obs=45c48cce2e2d coverage=+0/32/38 time=2ms
  RUN js-fuzzer-closure-6fb8e7b946db.js [852/10000] md5=6fb8e7b946db08e5260aecf83a4010cd bytes=183 template=closure origin=seed:tests/corpus/runtime/block-scopes.test.js
 PASS js-fuzzer-closure-6fb8e7b946db.js [852/10000] status=ok obs=8e296a067a37 coverage=+0/32/38 time=2ms
  RUN js-fuzzer-block-scope-174fa4fc97e1.js [853/10000] md5=174fa4fc97e1645d7383ebda1e653a4c bytes=114 template=block-scope origin=seed:tests/corpus/runtime/class-fields-static-methods.test.js
 PASS js-fuzzer-block-scope-174fa4fc97e1.js [853/10000] status=ok obs=a3c65c297427 coverage=+0/32/38 time=2ms
  RUN js-fuzzer-loop-55c7c905bffb.js [854/10000] md5=55c7c905bffb4bbbc4c8fb9b91df6ad8 bytes=81 template=loop origin=seed:tests/corpus/runtime/classes-and-objects.test.js
 PASS js-fuzzer-loop-55c7c905bffb.js [854/10000] status=ok obs=eccbc87e4b5c coverage=+0/32/38 time=1ms
  RUN js-fuzzer-boundary-e62759fbe8d3.js [855/10000] md5=e62759fbe8d36ad2cfb89a0f8bac18b9 bytes=129 template=boundary origin=boundary:-9007199254740991
 PASS js-fuzzer-boundary-e62759fbe8d3.js [855/10000] status=ok obs=b3f3a95848f6 coverage=+0/32/38 time=2ms
  RUN js-fuzzer-corpus-08bc93bf5789.js [856/10000] md5=08bc93bf57897bc88ce7161fe56cd099 bytes=169 template=corpus origin=tests/corpus/runtime/closures-read-captured-values.test.js
 PASS js-fuzzer-corpus-08bc93bf5789.js [856/10000] status=ok obs=02e74f10e032 coverage=+0/32/38 time=1ms
  RUN js-fuzzer-arithmetic-9f1aed8016a8.js [857/10000] md5=9f1aed8016a87d0727ee3d7f81da7c8b bytes=85 template=arithmetic origin=seed:tests/corpus/runtime/exceptions-and-nullish.test.js
 PASS js-fuzzer-arithmetic-9f1aed8016a8.js [857/10000] status=ok obs=4c5bde74a8f1 coverage=+0/32/38 time=2ms
  RUN js-fuzzer-function-3e322d578629.js [858/10000] md5=3e322d5786297aab4fec4c2fa56a2542 bytes=153 template=function origin=seed:tests/corpus/runtime/functions-closures-and-arrows.test.js
 PASS js-fuzzer-function-3e322d578629.js [858/10000] status=ok obs=1679091c5a88 coverage=+0/32/38 time=2ms
  RUN js-fuzzer-array-object-8b0e4f6737a7.js [859/10000] md5=8b0e4f6737a71a70caaea3c349542d93 bytes=133 template=array-object origin=seed:tests/corpus/runtime/lexical-shadowing.test.js
 PASS js-fuzzer-array-object-8b0e4f6737a7.js [859/10000] status=ok obs=6f4922f45568 coverage=+0/32/38 time=1ms
  RUN js-fuzzer-closure-858d48de4ca2.js [860/10000] md5=858d48de4ca2c66dc369fe15bbb7dee6 bytes=183 template=closure origin=seed:tests/corpus/runtime/modules-export.test.js
 PASS js-fuzzer-closure-858d48de4ca2.js [860/10000] status=ok obs=45c48cce2e2d coverage=+0/32/38 time=2ms
  RUN js-fuzzer-block-scope-774c46a06926.js [861/10000] md5=774c46a069263654848e7fd39398a5f1 bytes=114 template=block-scope origin=seed:tests/corpus/runtime/nested-try-finally.test.js
 PASS js-fuzzer-block-scope-774c46a06926.js [861/10000] status=ok obs=ec8956637a99 coverage=+0/32/38 time=2ms
  RUN js-fuzzer-boundary-512d8e9b531d.js [862/10000] md5=512d8e9b531dd316e823325cc949e70e bytes=123 template=boundary origin=boundary:-2147483648
 PASS js-fuzzer-boundary-512d8e9b531d.js [862/10000] status=ok obs=034ff5946105 coverage=+0/32/38 time=2ms
  RUN js-fuzzer-try-catch-7b36a94abb6d.js [863/10000] md5=7b36a94abb6ddf002e9dd3f3d3a0cea5 bytes=110 template=try-catch origin=seed:tests/corpus/syntax/logical-unary-nullish.test.js
 PASS js-fuzzer-try-catch-7b36a94abb6d.js [863/10000] status=ok obs=37693cfc7480 coverage=+0/32/38 time=2ms
  RUN js-fuzzer-class-6736c24444bc.js [864/10000] md5=6736c24444bc6ff151b05a9a974ae4d5 bytes=100 template=class origin=seed:tests/corpus/syntax/object-destructure-and-members.test.js
 PASS js-fuzzer-class-6736c24444bc.js [864/10000] status=ok obs=45c48cce2e2d coverage=+0/32/38 time=1ms
  RUN js-fuzzer-corpus-2aed353a2d20.js [865/10000] md5=2aed353a2d200d64cbaf7beb40face20 bytes=275 template=corpus origin=tests/corpus/syntax/switch-do-while-sequence.test.js
 PASS js-fuzzer-corpus-2aed353a2d20.js [865/10000] status=ok obs=6f4922f45568 coverage=+0/32/38 time=3ms
  RUN js-fuzzer-function-53ef3ed61b76.js [866/10000] md5=53ef3ed61b76dc45be6c66e5b3206216 bytes=153 template=function origin=seed:tests/corpus/syntax/template-array-destructure.test.js
 PASS js-fuzzer-function-53ef3ed61b76.js [866/10000] status=ok obs=70efdf2ec9b0 coverage=+0/32/38 time=2ms
  RUN js-fuzzer-array-object-2227cf1ff567.js [867/10000] md5=2227cf1ff567c161d9392b776c3f843d bytes=133 template=array-object origin=seed:tests/corpus/syntax/typescript-assertions.test.ts
 PASS js-fuzzer-array-object-2227cf1ff567.js [867/10000] status=ok obs=45c48cce2e2d coverage=+0/32/38 time=1ms
  RUN js-fuzzer-closure-3c4474c1555e.js [868/10000] md5=3c4474c1555ee369e907a1d6ccc05ec6 bytes=184 template=closure origin=seed:tests/corpus/syntax/typescript-non-null-satisfies.test.ts
 PASS js-fuzzer-closure-3c4474c1555e.js [868/10000] status=ok obs=37693cfc7480 coverage=+0/32/38 time=2ms
  RUN js-fuzzer-boundary-6d89c3a838ae.js [869/10000] md5=6d89c3a838ae354bda64ec37ec2b63b1 bytes=114 template=boundary origin=boundary:-2
 PASS js-fuzzer-boundary-6d89c3a838ae.js [869/10000] status=ok obs=5d7b9adcbe1c coverage=+0/32/38 time=3ms
  RUN js-fuzzer-loop-bbf1d7a15d8d.js [870/10000] md5=bbf1d7a15d8dd015402d75c0e0108b5f bytes=81 template=loop origin=seed:tests/corpus/fixtures/state-machine-workflow.test.js
 PASS js-fuzzer-loop-bbf1d7a15d8d.js [870/10000] status=ok obs=1679091c5a88 coverage=+0/32/38 time=2ms
  RUN js-fuzzer-try-catch-ecde19ac059d.js [871/10000] md5=ecde19ac059dab5b524e2da1cfde28b0 bytes=110 template=try-catch origin=seed:tests/corpus/fixtures/vue-script-workflow.test.vue
 PASS js-fuzzer-try-catch-ecde19ac059d.js [871/10000] status=ok obs=f457c545a9de coverage=+0/32/38 time=2ms
  RUN js-fuzzer-class-d8979b510eb0.js [872/10000] md5=d8979b510eb085c9e0e846586f80f265 bytes=101 template=class origin=seed:tests/corpus/obfuscation/constant-tag-mix.test.js
 PASS js-fuzzer-class-d8979b510eb0.js [872/10000] status=ok obs=c74d97b01eae coverage=+0/32/38 time=1ms
  RUN js-fuzzer-arithmetic-0f87cf45cd3c.js [873/10000] md5=0f87cf45cd3c115ef859d648c4dde751 bytes=85 template=arithmetic origin=seed:tests/corpus/obfuscation/extern-slot-permutation.test.js
 PASS js-fuzzer-arithmetic-0f87cf45cd3c.js [873/10000] status=ok obs=32bb90e8976a coverage=+0/32/38 time=2ms
  RUN js-fuzzer-corpus-efd663ac427b.js [874/10000] md5=efd663ac427b5ca270b2f8b928c902bf bytes=112 template=corpus origin=tests/corpus/obfuscation/externs-console.test.js
 PASS js-fuzzer-corpus-efd663ac427b.js [874/10000] status=ok obs=d289993e39c8 coverage=+0/32/38 time=2ms
  RUN js-fuzzer-array-object-79af6a44b322.js [875/10000] md5=79af6a44b32288b89579eb6490ba6568 bytes=133 template=array-object origin=seed:tests/corpus/obfuscation/seed-sensitive-functions.test.js
 PASS js-fuzzer-array-object-79af6a44b322.js [875/10000] status=ok obs=c51ce410c124 coverage=+0/32/38 time=1ms
  RUN js-fuzzer-boundary-1024adcac0e5.js [876/10000] md5=1024adcac0e5cc9f99f478fa66dcc00c bytes=114 template=boundary origin=boundary:-1
 PASS js-fuzzer-boundary-1024adcac0e5.js [876/10000] status=ok obs=6bb61e3b7bce coverage=+0/32/38 time=2ms
  RUN js-fuzzer-block-scope-d6aeb654fc7a.js [877/10000] md5=d6aeb654fc7a91941c12584bd5c2929b bytes=114 template=block-scope origin=seed:tests/corpus/regressions/multiple-functions-fib-add.test.js
 PASS js-fuzzer-block-scope-d6aeb654fc7a.js [877/10000] status=ok obs=6974ce5ac660 coverage=+0/32/38 time=2ms
  RUN js-fuzzer-loop-f495ca2fc638.js [878/10000] md5=f495ca2fc6389f933578fc501f5b1465 bytes=81 template=loop origin=seed:tests/corpus/regressions/scope-compressed-closure-params.test.js
 PASS js-fuzzer-loop-f495ca2fc638.js [878/10000] status=ok obs=c4ca4238a0b9 coverage=+0/32/38 time=1ms
  RUN js-fuzzer-try-catch-8d9c7d254dda.js [879/10000] md5=8d9c7d254ddaafdc283e844d5d9a6231 bytes=109 template=try-catch origin=seed:tests/corpus/runtime/arrays-objects-methods.test.js
 PASS js-fuzzer-try-catch-8d9c7d254dda.js [879/10000] status=ok obs=a87ff679a2f3 coverage=+0/32/38 time=2ms
  RUN js-fuzzer-class-c0844991889f.js [880/10000] md5=c0844991889f03308712cd6bc6b7c31c bytes=101 template=class origin=seed:tests/corpus/runtime/block-scopes.test.js
 PASS js-fuzzer-class-c0844991889f.js [880/10000] status=ok obs=70efdf2ec9b0 coverage=+0/32/38 time=2ms
  RUN js-fuzzer-arithmetic-e5a95ee1ccc7.js [881/10000] md5=e5a95ee1ccc7bc7cffbbcbaeb1d4b77b bytes=84 template=arithmetic origin=seed:tests/corpus/runtime/class-fields-static-methods.test.js
 PASS js-fuzzer-arithmetic-e5a95ee1ccc7.js [881/10000] status=ok obs=4e732ced3463 coverage=+0/32/38 time=1ms
  RUN js-fuzzer-function-79bb4335938d.js [882/10000] md5=79bb4335938d82d557d11e6633b235d0 bytes=153 template=function origin=seed:tests/corpus/runtime/classes-and-objects.test.js
 PASS js-fuzzer-function-79bb4335938d.js [882/10000] status=ok obs=6512bd43d9ca coverage=+0/32/38 time=2ms
  RUN js-fuzzer-corpus-ddcb99247fc8.js [883/10000] md5=ddcb99247fc847c897b97c6bd6512b9f bytes=217 template=corpus origin=tests/corpus/runtime/closures-mutate-captured-bindings.test.js
 PASS js-fuzzer-corpus-ddcb99247fc8.js [883/10000] status=ok obs=e4da3b7fbbce coverage=+0/32/38 time=2ms
  RUN js-fuzzer-closure-5bf2fcff939f.js [884/10000] md5=5bf2fcff939f0feec5a622b2097dbbd2 bytes=183 template=closure origin=seed:tests/corpus/runtime/closures-read-captured-values.test.js
 PASS js-fuzzer-closure-5bf2fcff939f.js [884/10000] status=ok obs=45c48cce2e2d coverage=+0/32/38 time=1ms
  RUN js-fuzzer-block-scope-16ac37f9479a.js [885/10000] md5=16ac37f9479a83404389f15ef4293fd8 bytes=114 template=block-scope origin=seed:tests/corpus/runtime/exceptions-and-nullish.test.js
 PASS js-fuzzer-block-scope-16ac37f9479a.js [885/10000] status=ok obs=f0935e4cd592 coverage=+0/32/38 time=2ms
  RUN js-fuzzer-loop-d35707ad0bf7.js [886/10000] md5=d35707ad0bf74148f671ad8943998af6 bytes=81 template=loop origin=seed:tests/corpus/runtime/functions-closures-and-arrows.test.js
 PASS js-fuzzer-loop-d35707ad0bf7.js [886/10000] status=ok obs=9bf31c7ff062 coverage=+0/32/38 time=2ms
  RUN js-fuzzer-try-catch-394293a01c1f.js [887/10000] md5=394293a01c1f5412b61d69cb8738d61b bytes=110 template=try-catch origin=seed:tests/corpus/runtime/lexical-shadowing.test.js
 PASS js-fuzzer-try-catch-394293a01c1f.js [887/10000] status=ok obs=c74d97b01eae coverage=+0/32/38 time=1ms
  RUN js-fuzzer-class-47fbd3db5853.js [888/10000] md5=47fbd3db58539fc2e42627a4f3168c79 bytes=101 template=class origin=seed:tests/corpus/runtime/modules-export.test.js
 PASS js-fuzzer-class-47fbd3db5853.js [888/10000] status=ok obs=98f137082101 coverage=+0/32/38 time=2ms
  RUN js-fuzzer-arithmetic-fbf48f00832a.js [889/10000] md5=fbf48f00832a7cd6b44347b24f6bdd98 bytes=85 template=arithmetic origin=seed:tests/corpus/runtime/nested-try-finally.test.js
 PASS js-fuzzer-arithmetic-fbf48f00832a.js [889/10000] status=ok obs=6da9003b743b coverage=+0/32/38 time=2ms
  RUN js-fuzzer-boundary-2b35f90895ea.js [890/10000] md5=2b35f90895ea85111e562e627044f919 bytes=128 template=boundary origin=boundary:9007199254740991
 PASS js-fuzzer-boundary-2b35f90895ea.js [890/10000] status=ok obs=8bfa9ad090fb coverage=+0/32/38 time=1ms
  RUN js-fuzzer-array-object-7e9e4dbdf691.js [891/10000] md5=7e9e4dbdf6913b82d288650577d640bf bytes=133 template=array-object origin=seed:tests/corpus/syntax/logical-unary-nullish.test.js
 PASS js-fuzzer-array-object-7e9e4dbdf691.js [891/10000] status=ok obs=6512bd43d9ca coverage=+0/32/38 time=2ms
  RUN js-fuzzer-corpus-96ebdcb81273.js [892/10000] md5=96ebdcb81273f0e5e5778a6c70c94988 bytes=171 template=corpus origin=tests/corpus/syntax/object-destructure-and-members.test.js
 PASS js-fuzzer-corpus-96ebdcb81273.js [892/10000] status=ok obs=bfad8dfa12ed coverage=+0/32/38 time=2ms
  RUN js-fuzzer-block-scope-c359e2a72db2.js [893/10000] md5=c359e2a72db2be0cf03b8eeda102b704 bytes=114 template=block-scope origin=seed:tests/corpus/syntax/switch-do-while-sequence.test.js
 PASS js-fuzzer-block-scope-c359e2a72db2.js [893/10000] status=ok obs=c9e1074f5b3f coverage=+0/32/38 time=1ms
  RUN js-fuzzer-loop-d35707ad0bf7.js [894/10000] md5=d35707ad0bf74148f671ad8943998af6 bytes=81 template=loop origin=seed:tests/corpus/syntax/template-array-destructure.test.js
 PASS js-fuzzer-loop-d35707ad0bf7.js [894/10000] status=ok obs=9bf31c7ff062 coverage=+0/32/38 time=2ms
  RUN js-fuzzer-try-catch-7fa76a80e531.js [895/10000] md5=7fa76a80e531298b12538ca11d858f94 bytes=110 template=try-catch origin=seed:tests/corpus/syntax/typescript-assertions.test.ts
 PASS js-fuzzer-try-catch-7fa76a80e531.js [895/10000] status=ok obs=6ea9ab1baa0e coverage=+0/32/38 time=2ms
  RUN js-fuzzer-class-47fbd3db5853.js [896/10000] md5=47fbd3db58539fc2e42627a4f3168c79 bytes=101 template=class origin=seed:tests/corpus/syntax/typescript-non-null-satisfies.test.ts
 PASS js-fuzzer-class-47fbd3db5853.js [896/10000] status=ok obs=98f137082101 coverage=+0/32/38 time=1ms
  RUN js-fuzzer-boundary-ac080ee0add8.js [897/10000] md5=ac080ee0add8a3967f40d078a13e076b bytes=122 template=boundary origin=boundary:2147483647
 PASS js-fuzzer-boundary-ac080ee0add8.js [897/10000] status=ok obs=c588c0a459f4 coverage=+0/32/38 time=2ms
  RUN js-fuzzer-function-06471e1fced1.js [898/10000] md5=06471e1fced163f025e3f67e77c6ce04 bytes=153 template=function origin=seed:tests/corpus/fixtures/state-machine-workflow.test.js
 PASS js-fuzzer-function-06471e1fced1.js [898/10000] status=ok obs=45c48cce2e2d coverage=+0/32/38 time=2ms
  RUN js-fuzzer-array-object-38ffe032b4df.js [899/10000] md5=38ffe032b4df9c1651b6560623af6afd bytes=133 template=array-object origin=seed:tests/corpus/fixtures/vue-script-workflow.test.vue
 PASS js-fuzzer-array-object-38ffe032b4df.js [899/10000] status=ok obs=3c59dc048e88 coverage=+0/32/38 time=1ms
  RUN js-fuzzer-closure-c070c3623f33.js [900/10000] md5=c070c3623f33d19dbf6132bf4da0a9d0 bytes=184 template=closure origin=seed:tests/corpus/obfuscation/constant-tag-mix.test.js
 PASS js-fuzzer-closure-c070c3623f33.js [900/10000] status=ok obs=182be0c5cdcd coverage=+0/32/38 time=2ms
  RUN js-fuzzer-corpus-fe2d30a6e413.js [901/10000] md5=fe2d30a6e4139e7a8b52405bed737faa bytes=220 template=corpus origin=tests/corpus/obfuscation/extern-slot-permutation.test.js
 PASS js-fuzzer-corpus-fe2d30a6e413.js [901/10000] status=ok obs=c34c702d0256 coverage=+0/32/38 time=2ms
  RUN js-fuzzer-loop-54e460cecf5c.js [902/10000] md5=54e460cecf5c05dfcffaa3b2e5f57445 bytes=81 template=loop origin=seed:tests/corpus/obfuscation/externs-console.test.js
 PASS js-fuzzer-loop-54e460cecf5c.js [902/10000] status=ok obs=d3d9446802a4 coverage=+0/32/38 time=2ms
  RUN js-fuzzer-try-catch-136d1b3d4ffd.js [903/10000] md5=136d1b3d4ffdac816022c9faabe622ca bytes=110 template=try-catch origin=seed:tests/corpus/obfuscation/seed-sensitive-functions.test.js
 PASS js-fuzzer-try-catch-136d1b3d4ffd.js [903/10000] status=ok obs=9bf31c7ff062 coverage=+0/32/38 time=1ms
  RUN js-fuzzer-boundary-e33d9dc9cd6c.js [904/10000] md5=e33d9dc9cd6c84ec6ac6a01d1d18c4f2 bytes=113 template=boundary origin=boundary:2
 PASS js-fuzzer-boundary-e33d9dc9cd6c.js [904/10000] status=ok obs=c81e728d9d4c coverage=+0/32/38 time=2ms
  RUN js-fuzzer-arithmetic-b4bc76d4f712.js [905/10000] md5=b4bc76d4f71217b7798e2778846c48ef bytes=83 template=arithmetic origin=seed:tests/corpus/regressions/multiple-functions-fib-add.test.js
 PASS js-fuzzer-arithmetic-b4bc76d4f712.js [905/10000] status=ok obs=4e732ced3463 coverage=+0/32/38 time=1ms
  RUN js-fuzzer-function-1bdd3cdc8039.js [906/10000] md5=1bdd3cdc8039303572ffd714360b1f25 bytes=153 template=function origin=seed:tests/corpus/regressions/scope-compressed-closure-params.test.js
 PASS js-fuzzer-function-1bdd3cdc8039.js [906/10000] status=ok obs=37693cfc7480 coverage=+0/32/38 time=3ms
  RUN js-fuzzer-array-object-8cadec7a86d1.js [907/10000] md5=8cadec7a86d137e403b1b95a29c8897c bytes=133 template=array-object origin=seed:tests/corpus/runtime/arrays-objects-methods.test.js
 PASS js-fuzzer-array-object-8cadec7a86d1.js [907/10000] status=ok obs=aab3238922bc coverage=+0/32/38 time=1ms
  RUN js-fuzzer-closure-54bc7a18b5fa.js [908/10000] md5=54bc7a18b5fa82863a9fe12098c8cd27 bytes=184 template=closure origin=seed:tests/corpus/runtime/block-scopes.test.js
 PASS js-fuzzer-closure-54bc7a18b5fa.js [908/10000] status=ok obs=d82c8d1619ad coverage=+0/32/38 time=2ms
  RUN js-fuzzer-block-scope-8b9f5a7a09a4.js [909/10000] md5=8b9f5a7a09a4f79722da979182f2730c bytes=114 template=block-scope origin=seed:tests/corpus/runtime/class-fields-static-methods.test.js
 PASS js-fuzzer-block-scope-8b9f5a7a09a4.js [909/10000] status=ok obs=a97da629b098 coverage=+0/32/38 time=2ms
  RUN js-fuzzer-corpus-663bf83cd082.js [910/10000] md5=663bf83cd082bd221441dae6bbc85046 bytes=278 template=corpus origin=tests/corpus/runtime/classes-and-objects.test.js
 PASS js-fuzzer-corpus-663bf83cd082.js [910/10000] status=ok obs=6f4922f45568 coverage=+0/32/38 time=2ms
  RUN js-fuzzer-boundary-ccde2dac26f6.js [911/10000] md5=ccde2dac26f6d3fd46c3698825685fe3 bytes=113 template=boundary origin=boundary:1
 PASS js-fuzzer-boundary-ccde2dac26f6.js [911/10000] status=ok obs=c4ca4238a0b9 coverage=+0/32/38 time=1ms
  RUN js-fuzzer-class-587587295e00.js [912/10000] md5=587587295e0075a0a19c4572e53274fe bytes=101 template=class origin=seed:tests/corpus/runtime/closures-read-captured-values.test.js
 PASS js-fuzzer-class-587587295e00.js [912/10000] status=ok obs=1f0e3dad9990 coverage=+0/32/38 time=2ms
  RUN js-fuzzer-arithmetic-e9b7eff23f72.js [913/10000] md5=e9b7eff23f7266432e4c1d683da0500f bytes=85 template=arithmetic origin=seed:tests/corpus/runtime/exceptions-and-nullish.test.js
 PASS js-fuzzer-arithmetic-e9b7eff23f72.js [913/10000] status=ok obs=e2c0be24560d coverage=+0/32/38 time=1ms
  RUN js-fuzzer-function-831f4ac0cd0e.js [914/10000] md5=831f4ac0cd0ee5c472d5e3bccfaabf34 bytes=153 template=function origin=seed:tests/corpus/runtime/functions-closures-and-arrows.test.js
 PASS js-fuzzer-function-831f4ac0cd0e.js [914/10000] status=ok obs=c9f0f895fb98 coverage=+0/32/38 time=2ms
  RUN js-fuzzer-array-object-b9932fb4a2f6.js [915/10000] md5=b9932fb4a2f67c6a1629b1c69e7bb521 bytes=133 template=array-object origin=seed:tests/corpus/runtime/lexical-shadowing.test.js
 PASS js-fuzzer-array-object-b9932fb4a2f6.js [915/10000] status=ok obs=1f0e3dad9990 coverage=+0/32/38 time=2ms
  RUN js-fuzzer-closure-bcbbabcfd940.js [916/10000] md5=bcbbabcfd940cf1cc9d83803d9ab17c8 bytes=183 template=closure origin=seed:tests/corpus/runtime/modules-export.test.js
 PASS js-fuzzer-closure-bcbbabcfd940.js [916/10000] status=ok obs=c16a5320fa47 coverage=+0/32/38 time=1ms
  RUN js-fuzzer-block-scope-e315f4c12bc1.js [917/10000] md5=e315f4c12bc13b4f7f4a55f8bf99f422 bytes=115 template=block-scope origin=seed:tests/corpus/runtime/nested-try-finally.test.js
 PASS js-fuzzer-block-scope-e315f4c12bc1.js [917/10000] status=ok obs=5f93f983524d coverage=+0/32/38 time=2ms
  RUN js-fuzzer-boundary-235131a2d0d1.js [918/10000] md5=235131a2d0d184afe9327ca3bd456dde bytes=129 template=boundary origin=boundary:-9007199254740991
 PASS js-fuzzer-boundary-235131a2d0d1.js [918/10000] status=ok obs=b3f3a95848f6 coverage=+0/32/38 time=2ms
  RUN js-fuzzer-corpus-279b64032335.js [919/10000] md5=279b640323351a1b082b98b42d2a2d55 bytes=134 template=corpus origin=tests/corpus/syntax/logical-unary-nullish.test.js
 PASS js-fuzzer-corpus-279b64032335.js [919/10000] status=ok obs=45c48cce2e2d coverage=+0/32/38 time=1ms
  RUN js-fuzzer-class-587587295e00.js [920/10000] md5=587587295e0075a0a19c4572e53274fe bytes=101 template=class origin=seed:tests/corpus/syntax/object-destructure-and-members.test.js
 PASS js-fuzzer-class-587587295e00.js [920/10000] status=ok obs=1f0e3dad9990 coverage=+0/32/38 time=2ms
  RUN js-fuzzer-arithmetic-df58345e46bb.js [921/10000] md5=df58345e46bbfbc368462845403417ff bytes=84 template=arithmetic origin=seed:tests/corpus/syntax/switch-do-while-sequence.test.js
 PASS js-fuzzer-arithmetic-df58345e46bb.js [921/10000] status=ok obs=b6d767d2f8ed coverage=+0/32/38 time=2ms
  RUN js-fuzzer-function-53ef3ed61b76.js [922/10000] md5=53ef3ed61b76dc45be6c66e5b3206216 bytes=153 template=function origin=seed:tests/corpus/syntax/template-array-destructure.test.js
 PASS js-fuzzer-function-53ef3ed61b76.js [922/10000] status=ok obs=70efdf2ec9b0 coverage=+0/32/38 time=2ms
  RUN js-fuzzer-array-object-948a6d2a4283.js [923/10000] md5=948a6d2a4283ceaca0d3a5af6ab61519 bytes=133 template=array-object origin=seed:tests/corpus/syntax/typescript-assertions.test.ts
 PASS js-fuzzer-array-object-948a6d2a4283.js [923/10000] status=ok obs=c51ce410c124 coverage=+0/32/38 time=1ms
  RUN js-fuzzer-closure-ead8940d2d15.js [924/10000] md5=ead8940d2d15dfa8fad428e46baaedd0 bytes=184 template=closure origin=seed:tests/corpus/syntax/typescript-non-null-satisfies.test.ts
 PASS js-fuzzer-closure-ead8940d2d15.js [924/10000] status=ok obs=3416a75f4cea coverage=+0/32/38 time=2ms
  RUN js-fuzzer-boundary-512d8e9b531d.js [925/10000] md5=512d8e9b531dd316e823325cc949e70e bytes=123 template=boundary origin=boundary:-2147483648
 PASS js-fuzzer-boundary-512d8e9b531d.js [925/10000] status=ok obs=034ff5946105 coverage=+0/32/38 time=2ms
  RUN js-fuzzer-loop-f495ca2fc638.js [926/10000] md5=f495ca2fc6389f933578fc501f5b1465 bytes=81 template=loop origin=seed:tests/corpus/fixtures/state-machine-workflow.test.js
 PASS js-fuzzer-loop-f495ca2fc638.js [926/10000] status=ok obs=c4ca4238a0b9 coverage=+0/32/38 time=2ms
  RUN js-fuzzer-try-catch-e6a0f565fc4e.js [927/10000] md5=e6a0f565fc4ec95ea847cca573b5900c bytes=110 template=try-catch origin=seed:tests/corpus/fixtures/vue-script-workflow.test.vue
 PASS js-fuzzer-try-catch-e6a0f565fc4e.js [927/10000] status=ok obs=33e75ff09dd6 coverage=+0/32/38 time=1ms
  RUN js-fuzzer-corpus-f00ef18b0a17.js [928/10000] md5=f00ef18b0a172b2a2d9833f5b7fe94e2 bytes=199 template=corpus origin=tests/corpus/obfuscation/constant-tag-mix.test.js
 PASS js-fuzzer-corpus-f00ef18b0a17.js [928/10000] status=ok obs=e86823f38986 coverage=+0/32/38 time=2ms
  RUN js-fuzzer-arithmetic-b1fb55dc361b.js [929/10000] md5=b1fb55dc361bd4ffdf06b9fe00b85fac bytes=85 template=arithmetic origin=seed:tests/corpus/obfuscation/extern-slot-permutation.test.js
 PASS js-fuzzer-arithmetic-b1fb55dc361b.js [929/10000] status=ok obs=0a09c8844ba8 coverage=+0/32/38 time=2ms
  RUN js-fuzzer-function-98e8c4d5dcc0.js [930/10000] md5=98e8c4d5dcc095fbcedf7527b98fd4fe bytes=153 template=function origin=seed:tests/corpus/obfuscation/externs-console.test.js
 PASS js-fuzzer-function-98e8c4d5dcc0.js [930/10000] status=ok obs=c9f0f895fb98 coverage=+0/32/38 time=1ms
  RUN js-fuzzer-array-object-fe8b258a8f7d.js [931/10000] md5=fe8b258a8f7d0767ed84a773851bac70 bytes=133 template=array-object origin=seed:tests/corpus/obfuscation/seed-sensitive-functions.test.js
 PASS js-fuzzer-array-object-fe8b258a8f7d.js [931/10000] status=ok obs=aab3238922bc coverage=+0/32/38 time=1ms
  RUN js-fuzzer-boundary-92df4f5b559a.js [932/10000] md5=92df4f5b559a550058b4133ffb629932 bytes=114 template=boundary origin=boundary:-2
 PASS js-fuzzer-boundary-92df4f5b559a.js [932/10000] status=ok obs=5d7b9adcbe1c coverage=+0/32/38 time=2ms
  RUN js-fuzzer-block-scope-250010e390cc.js [933/10000] md5=250010e390ccf01ade8aa57381b7974e bytes=114 template=block-scope origin=seed:tests/corpus/regressions/multiple-functions-fib-add.test.js
 PASS js-fuzzer-block-scope-250010e390cc.js [933/10000] status=ok obs=ec8956637a99 coverage=+0/32/38 time=1ms
  RUN js-fuzzer-loop-d35707ad0bf7.js [934/10000] md5=d35707ad0bf74148f671ad8943998af6 bytes=81 template=loop origin=seed:tests/corpus/regressions/scope-compressed-closure-params.test.js
 PASS js-fuzzer-loop-d35707ad0bf7.js [934/10000] status=ok obs=9bf31c7ff062 coverage=+0/32/38 time=2ms
  RUN js-fuzzer-try-catch-949865ef2d04.js [935/10000] md5=949865ef2d045cce3ed2d503f7e03e63 bytes=110 template=try-catch origin=seed:tests/corpus/runtime/arrays-objects-methods.test.js
 PASS js-fuzzer-try-catch-949865ef2d04.js [935/10000] status=ok obs=6f4922f45568 coverage=+0/32/38 time=1ms
  RUN js-fuzzer-class-7c36fc3c0ad4.js [936/10000] md5=7c36fc3c0ad4461d5dbbcd7afdfb6b5c bytes=101 template=class origin=seed:tests/corpus/runtime/block-scopes.test.js
 PASS js-fuzzer-class-7c36fc3c0ad4.js [936/10000] status=ok obs=d3d9446802a4 coverage=+0/32/38 time=1ms
  RUN js-fuzzer-corpus-a64e83c2f849.js [937/10000] md5=a64e83c2f84925dca8985eabe963ee21 bytes=179 template=corpus origin=tests/corpus/runtime/class-fields-static-methods.test.js
 PASS js-fuzzer-corpus-a64e83c2f849.js [937/10000] status=ok obs=8f14e45fceea coverage=+0/32/38 time=2ms
  RUN js-fuzzer-function-79bb4335938d.js [938/10000] md5=79bb4335938d82d557d11e6633b235d0 bytes=153 template=function origin=seed:tests/corpus/runtime/classes-and-objects.test.js
 PASS js-fuzzer-function-79bb4335938d.js [938/10000] status=ok obs=6512bd43d9ca coverage=+0/32/38 time=2ms
  RUN js-fuzzer-boundary-3d1d4e90ebd9.js [939/10000] md5=3d1d4e90ebd99aad7ece59efc98f7563 bytes=114 template=boundary origin=boundary:-1
 PASS js-fuzzer-boundary-3d1d4e90ebd9.js [939/10000] status=ok obs=6bb61e3b7bce coverage=+0/32/38 time=1ms
  RUN js-fuzzer-closure-92f69f9d4ee8.js [940/10000] md5=92f69f9d4ee84fb064435b76310f1333 bytes=184 template=closure origin=seed:tests/corpus/runtime/closures-read-captured-values.test.js
 PASS js-fuzzer-closure-92f69f9d4ee8.js [940/10000] status=ok obs=c16a5320fa47 coverage=+0/32/38 time=2ms
  RUN js-fuzzer-block-scope-c9036716ef90.js [941/10000] md5=c9036716ef90ee62936b6cdf496fd35c bytes=114 template=block-scope origin=seed:tests/corpus/runtime/exceptions-and-nullish.test.js
 PASS js-fuzzer-block-scope-c9036716ef90.js [941/10000] status=ok obs=38b3eff8baf5 coverage=+0/32/38 time=2ms
  RUN js-fuzzer-loop-b88258462a8d.js [942/10000] md5=b88258462a8d880f8b0e459fa23b2536 bytes=81 template=loop origin=seed:tests/corpus/runtime/functions-closures-and-arrows.test.js
 PASS js-fuzzer-loop-b88258462a8d.js [942/10000] status=ok obs=3c59dc048e88 coverage=+0/32/38 time=1ms
  RUN js-fuzzer-try-catch-a4e2330c4919.js [943/10000] md5=a4e2330c49196805169dbf8449e466fa bytes=110 template=try-catch origin=seed:tests/corpus/runtime/lexical-shadowing.test.js
 PASS js-fuzzer-try-catch-a4e2330c4919.js [943/10000] status=ok obs=3c59dc048e88 coverage=+0/32/38 time=2ms
  RUN js-fuzzer-class-b1e3642c0208.js [944/10000] md5=b1e3642c0208992266fb21668a536292 bytes=100 template=class origin=seed:tests/corpus/runtime/modules-export.test.js
 PASS js-fuzzer-class-b1e3642c0208.js [944/10000] status=ok obs=c9f0f895fb98 coverage=+0/32/38 time=1ms
  RUN js-fuzzer-arithmetic-85069dcee6f5.js [945/10000] md5=85069dcee6f5a360060393d3975646cc bytes=85 template=arithmetic origin=seed:tests/corpus/runtime/nested-try-finally.test.js
 PASS js-fuzzer-arithmetic-85069dcee6f5.js [945/10000] status=ok obs=6c4b761a28b7 coverage=+0/32/38 time=2ms
  RUN js-fuzzer-corpus-89e900fcb72f.js [946/10000] md5=89e900fcb72ff838bfe9a13ae091363f bytes=228 template=corpus origin=tests/corpus/syntax/control-flow-and-operators.test.js
 PASS js-fuzzer-corpus-89e900fcb72f.js [946/10000] status=ok obs=aab3238922bc coverage=+0/32/38 time=2ms
  RUN js-fuzzer-array-object-e4e90f2b015d.js [947/10000] md5=e4e90f2b015da6984245c3b9f2df391c bytes=133 template=array-object origin=seed:tests/corpus/syntax/logical-unary-nullish.test.js
 PASS js-fuzzer-array-object-e4e90f2b015d.js [947/10000] status=ok obs=c20ad4d76fe9 coverage=+0/32/38 time=1ms
  RUN js-fuzzer-closure-629503ecfb22.js [948/10000] md5=629503ecfb22566333f53e116bc1e14e bytes=184 template=closure origin=seed:tests/corpus/syntax/object-destructure-and-members.test.js
 PASS js-fuzzer-closure-629503ecfb22.js [948/10000] status=ok obs=735b90b45681 coverage=+0/32/38 time=2ms
  RUN js-fuzzer-block-scope-652d7136841b.js [949/10000] md5=652d7136841be8a38febc4fcb4320341 bytes=114 template=block-scope origin=seed:tests/corpus/syntax/switch-do-while-sequence.test.js
 PASS js-fuzzer-block-scope-652d7136841b.js [949/10000] status=ok obs=f0935e4cd592 coverage=+0/32/38 time=2ms
  RUN js-fuzzer-loop-bbf1d7a15d8d.js [950/10000] md5=bbf1d7a15d8dd015402d75c0e0108b5f bytes=81 template=loop origin=seed:tests/corpus/syntax/template-array-destructure.test.js
 PASS js-fuzzer-loop-bbf1d7a15d8d.js [950/10000] status=ok obs=1679091c5a88 coverage=+0/32/38 time=1ms
  RUN js-fuzzer-try-catch-136d1b3d4ffd.js [951/10000] md5=136d1b3d4ffdac816022c9faabe622ca bytes=110 template=try-catch origin=seed:tests/corpus/syntax/typescript-assertions.test.ts
 PASS js-fuzzer-try-catch-136d1b3d4ffd.js [951/10000] status=ok obs=9bf31c7ff062 coverage=+0/32/38 time=2ms
  RUN js-fuzzer-class-587587295e00.js [952/10000] md5=587587295e0075a0a19c4572e53274fe bytes=101 template=class origin=seed:tests/corpus/syntax/typescript-non-null-satisfies.test.ts
 PASS js-fuzzer-class-587587295e00.js [952/10000] status=ok obs=1f0e3dad9990 coverage=+0/32/38 time=1ms
  RUN js-fuzzer-boundary-2b35f90895ea.js [953/10000] md5=2b35f90895ea85111e562e627044f919 bytes=128 template=boundary origin=boundary:9007199254740991
 PASS js-fuzzer-boundary-2b35f90895ea.js [953/10000] status=ok obs=8bfa9ad090fb coverage=+0/32/38 time=1ms
  RUN js-fuzzer-function-06471e1fced1.js [954/10000] md5=06471e1fced163f025e3f67e77c6ce04 bytes=153 template=function origin=seed:tests/corpus/fixtures/state-machine-workflow.test.js
 PASS js-fuzzer-function-06471e1fced1.js [954/10000] status=ok obs=45c48cce2e2d coverage=+0/32/38 time=2ms
  RUN js-fuzzer-corpus-f722388c7961.js [955/10000] md5=f722388c7961d2a0288508c35f28a5f8 bytes=96 template=corpus origin=tests/corpus/fixtures/vue-script-workflow.test.vue
 PASS js-fuzzer-corpus-f722388c7961.js [955/10000] status=ok obs=6512bd43d9ca coverage=+0/32/38 time=2ms
  RUN js-fuzzer-closure-47e8dc8d82bf.js [956/10000] md5=47e8dc8d82bf0b28b6346f0ca212f964 bytes=183 template=closure origin=seed:tests/corpus/obfuscation/constant-tag-mix.test.js
 PASS js-fuzzer-closure-47e8dc8d82bf.js [956/10000] status=ok obs=02e74f10e032 coverage=+0/32/38 time=1ms
  RUN js-fuzzer-block-scope-afb6dee4b2ec.js [957/10000] md5=afb6dee4b2ec9225553c3bff3995f1a9 bytes=114 template=block-scope origin=seed:tests/corpus/obfuscation/extern-slot-permutation.test.js
 PASS js-fuzzer-block-scope-afb6dee4b2ec.js [957/10000] status=ok obs=a97da629b098 coverage=+0/32/38 time=2ms
  RUN js-fuzzer-loop-b88258462a8d.js [958/10000] md5=b88258462a8d880f8b0e459fa23b2536 bytes=81 template=loop origin=seed:tests/corpus/obfuscation/externs-console.test.js
 PASS js-fuzzer-loop-b88258462a8d.js [958/10000] status=ok obs=3c59dc048e88 coverage=+0/32/38 time=2ms
  RUN js-fuzzer-try-catch-84bb82ab521c.js [959/10000] md5=84bb82ab521cc370007aca532f77c9e1 bytes=110 template=try-catch origin=seed:tests/corpus/obfuscation/seed-sensitive-functions.test.js
 PASS js-fuzzer-try-catch-84bb82ab521c.js [959/10000] status=ok obs=c16a5320fa47 coverage=+0/32/38 time=1ms
  RUN js-fuzzer-boundary-ac080ee0add8.js [960/10000] md5=ac080ee0add8a3967f40d078a13e076b bytes=122 template=boundary origin=boundary:2147483647
 PASS js-fuzzer-boundary-ac080ee0add8.js [960/10000] status=ok obs=c588c0a459f4 coverage=+0/32/38 time=2ms
  RUN js-fuzzer-arithmetic-01cf09497997.js [961/10000] md5=01cf094979970eee80c5c6d8587d6b3f bytes=85 template=arithmetic origin=seed:tests/corpus/regressions/multiple-functions-fib-add.test.js
 PASS js-fuzzer-arithmetic-01cf09497997.js [961/10000] status=ok obs=698d51a19d8a coverage=+0/32/38 time=2ms
  RUN js-fuzzer-function-8384e80192dc.js [962/10000] md5=8384e80192dc0232cf5e505b2f7d5501 bytes=153 template=function origin=seed:tests/corpus/regressions/scope-compressed-closure-params.test.js
 PASS js-fuzzer-function-8384e80192dc.js [962/10000] status=ok obs=e4da3b7fbbce coverage=+0/32/38 time=2ms
  RUN js-fuzzer-array-object-6a057bea7f6e.js [963/10000] md5=6a057bea7f6e37c8ad667f2d58d210db bytes=133 template=array-object origin=seed:tests/corpus/runtime/arrays-objects-methods.test.js
 PASS js-fuzzer-array-object-6a057bea7f6e.js [963/10000] status=ok obs=8f14e45fceea coverage=+0/32/38 time=1ms
  RUN js-fuzzer-corpus-8b78ba7912c5.js [964/10000] md5=8b78ba7912c51f6cf304b65c6ebdb2e3 bytes=289 template=corpus origin=tests/corpus/runtime/block-scopes.test.js
 PASS js-fuzzer-corpus-8b78ba7912c5.js [964/10000] status=ok obs=37693cfc7480 coverage=+0/32/38 time=2ms
  RUN js-fuzzer-block-scope-92fded31019c.js [965/10000] md5=92fded31019c366b63c0d84345739f9a bytes=114 template=block-scope origin=seed:tests/corpus/runtime/class-fields-static-methods.test.js
 PASS js-fuzzer-block-scope-92fded31019c.js [965/10000] status=ok obs=65b9eea6e1cc coverage=+0/32/38 time=2ms
  RUN js-fuzzer-loop-54e460cecf5c.js [966/10000] md5=54e460cecf5c05dfcffaa3b2e5f57445 bytes=81 template=loop origin=seed:tests/corpus/runtime/classes-and-objects.test.js
 PASS js-fuzzer-loop-54e460cecf5c.js [966/10000] status=ok obs=d3d9446802a4 coverage=+0/32/38 time=1ms
  RUN js-fuzzer-boundary-e33d9dc9cd6c.js [967/10000] md5=e33d9dc9cd6c84ec6ac6a01d1d18c4f2 bytes=113 template=boundary origin=boundary:2
 PASS js-fuzzer-boundary-e33d9dc9cd6c.js [967/10000] status=ok obs=c81e728d9d4c coverage=+0/32/38 time=2ms
  RUN js-fuzzer-class-587587295e00.js [968/10000] md5=587587295e0075a0a19c4572e53274fe bytes=101 template=class origin=seed:tests/corpus/runtime/closures-read-captured-values.test.js
 PASS js-fuzzer-class-587587295e00.js [968/10000] status=ok obs=1f0e3dad9990 coverage=+0/32/38 time=1ms
  RUN js-fuzzer-arithmetic-47ef5c48970e.js [969/10000] md5=47ef5c48970e026626cd8eeaa10afd99 bytes=85 template=arithmetic origin=seed:tests/corpus/runtime/exceptions-and-nullish.test.js
 PASS js-fuzzer-arithmetic-47ef5c48970e.js [969/10000] status=ok obs=66f041e16a60 coverage=+0/32/38 time=1ms
  RUN js-fuzzer-function-d3859b93eee1.js [970/10000] md5=d3859b93eee1f3bcfec0cda51c4d02bf bytes=153 template=function origin=seed:tests/corpus/runtime/functions-closures-and-arrows.test.js
 PASS js-fuzzer-function-d3859b93eee1.js [970/10000] status=ok obs=a87ff679a2f3 coverage=+0/32/38 time=2ms
  RUN js-fuzzer-array-object-9d227d45ad58.js [971/10000] md5=9d227d45ad589d3ec4b30f00d513d361 bytes=133 template=array-object origin=seed:tests/corpus/runtime/lexical-shadowing.test.js
 PASS js-fuzzer-array-object-9d227d45ad58.js [971/10000] status=ok obs=c74d97b01eae coverage=+0/32/38 time=2ms
  RUN js-fuzzer-closure-478db36f55ed.js [972/10000] md5=478db36f55ed45a7a14849a44c78790e bytes=183 template=closure origin=seed:tests/corpus/runtime/modules-export.test.js
 PASS js-fuzzer-closure-478db36f55ed.js [972/10000] status=ok obs=70efdf2ec9b0 coverage=+0/32/38 time=2ms
  RUN js-fuzzer-corpus-c557f8da2a9d.js [973/10000] md5=c557f8da2a9d2904c70dca50c3eeb50e bytes=191 template=corpus origin=tests/corpus/runtime/nested-try-finally.test.js
 PASS js-fuzzer-corpus-c557f8da2a9d.js [973/10000] status=ok obs=8f14e45fceea coverage=+0/32/38 time=1ms
  RUN js-fuzzer-boundary-ccde2dac26f6.js [974/10000] md5=ccde2dac26f6d3fd46c3698825685fe3 bytes=113 template=boundary origin=boundary:1
 PASS js-fuzzer-boundary-ccde2dac26f6.js [974/10000] status=ok obs=c4ca4238a0b9 coverage=+0/32/38 time=1ms
  RUN js-fuzzer-try-catch-081c74da6bdb.js [975/10000] md5=081c74da6bdbcec08ff71798dacff9f1 bytes=110 template=try-catch origin=seed:tests/corpus/syntax/logical-unary-nullish.test.js
 PASS js-fuzzer-try-catch-081c74da6bdb.js [975/10000] status=ok obs=6c8349cc7260 coverage=+0/32/38 time=2ms
  RUN js-fuzzer-class-47fbd3db5853.js [976/10000] md5=47fbd3db58539fc2e42627a4f3168c79 bytes=101 template=class origin=seed:tests/corpus/syntax/object-destructure-and-members.test.js
 PASS js-fuzzer-class-47fbd3db5853.js [976/10000] status=ok obs=98f137082101 coverage=+0/32/38 time=2ms
  RUN js-fuzzer-arithmetic-f7e45c98e2c4.js [977/10000] md5=f7e45c98e2c477afc26b92186e4ac4bb bytes=84 template=arithmetic origin=seed:tests/corpus/syntax/switch-do-while-sequence.test.js
 PASS js-fuzzer-arithmetic-f7e45c98e2c4.js [977/10000] status=ok obs=03afdbd66e79 coverage=+0/32/38 time=3ms
  RUN js-fuzzer-function-88a1a2ce9ecc.js [978/10000] md5=88a1a2ce9eccc8d7f1092c43da9e0b1f bytes=153 template=function origin=seed:tests/corpus/syntax/template-array-destructure.test.js
 PASS js-fuzzer-function-88a1a2ce9ecc.js [978/10000] status=ok obs=45c48cce2e2d coverage=+0/32/38 time=2ms
  RUN js-fuzzer-array-object-25a61a95b319.js [979/10000] md5=25a61a95b3193a0fe211cdd44555b964 bytes=133 template=array-object origin=seed:tests/corpus/syntax/typescript-assertions.test.ts
 PASS js-fuzzer-array-object-25a61a95b319.js [979/10000] status=ok obs=c51ce410c124 coverage=+0/32/38 time=2ms
  RUN js-fuzzer-closure-f88ede9fbfc3.js [980/10000] md5=f88ede9fbfc3ab4becb38fcb59420027 bytes=183 template=closure origin=seed:tests/corpus/syntax/typescript-non-null-satisfies.test.ts
 PASS js-fuzzer-closure-f88ede9fbfc3.js [980/10000] status=ok obs=c16a5320fa47 coverage=+0/32/38 time=2ms
  RUN js-fuzzer-boundary-6aec0a9b1ff4.js [981/10000] md5=6aec0a9b1ff4294bcfecb539ba7e660b bytes=129 template=boundary origin=boundary:-9007199254740991
 PASS js-fuzzer-boundary-6aec0a9b1ff4.js [981/10000] status=ok obs=b3f3a95848f6 coverage=+0/32/38 time=1ms
  RUN js-fuzzer-corpus-ab8ca4f8757c.js [982/10000] md5=ab8ca4f8757c6165b29cd6a662edad93 bytes=450 template=corpus origin=tests/corpus/fixtures/state-machine-workflow.test.js
 PASS js-fuzzer-corpus-ab8ca4f8757c.js [982/10000] status=ok obs=b9f49c580664 coverage=+0/32/38 time=2ms
  RUN js-fuzzer-try-catch-ecde19ac059d.js [983/10000] md5=ecde19ac059dab5b524e2da1cfde28b0 bytes=110 template=try-catch origin=seed:tests/corpus/fixtures/vue-script-workflow.test.vue
 PASS js-fuzzer-try-catch-ecde19ac059d.js [983/10000] status=ok obs=f457c545a9de coverage=+0/32/38 time=2ms
  RUN js-fuzzer-class-51ea152a707e.js [984/10000] md5=51ea152a707ed5422ab3e5b3ddb7fe43 bytes=100 template=class origin=seed:tests/corpus/obfuscation/constant-tag-mix.test.js
 PASS js-fuzzer-class-51ea152a707e.js [984/10000] status=ok obs=e4da3b7fbbce coverage=+0/32/38 time=2ms
  RUN js-fuzzer-arithmetic-811f5ccbfa3a.js [985/10000] md5=811f5ccbfa3ada20da35bd52cc521fef bytes=84 template=arithmetic origin=seed:tests/corpus/obfuscation/extern-slot-permutation.test.js
 PASS js-fuzzer-arithmetic-811f5ccbfa3a.js [985/10000] status=ok obs=c0c7c76d30bd coverage=+0/32/38 time=1ms
  RUN js-fuzzer-function-805986a3b478.js [986/10000] md5=805986a3b4784e72cf43592e25340692 bytes=153 template=function origin=seed:tests/corpus/obfuscation/externs-console.test.js
 PASS js-fuzzer-function-805986a3b478.js [986/10000] status=ok obs=c51ce410c124 coverage=+0/32/38 time=2ms
  RUN js-fuzzer-array-object-88fb76e4a268.js [987/10000] md5=88fb76e4a2680b7ea54fc134eb3e1359 bytes=133 template=array-object origin=seed:tests/corpus/obfuscation/seed-sensitive-functions.test.js
 PASS js-fuzzer-array-object-88fb76e4a268.js [987/10000] status=ok obs=c74d97b01eae coverage=+0/32/38 time=2ms
  RUN js-fuzzer-boundary-56f451fe2902.js [988/10000] md5=56f451fe2902341a3a470031c46238b3 bytes=123 template=boundary origin=boundary:-2147483648
 PASS js-fuzzer-boundary-56f451fe2902.js [988/10000] status=ok obs=034ff5946105 coverage=+0/32/38 time=2ms
  RUN js-fuzzer-block-scope-bea8b8cb7cd8.js [989/10000] md5=bea8b8cb7cd8e287e2d01cc6fb3c6f55 bytes=114 template=block-scope origin=seed:tests/corpus/regressions/multiple-functions-fib-add.test.js
 PASS js-fuzzer-block-scope-bea8b8cb7cd8.js [989/10000] status=ok obs=6974ce5ac660 coverage=+0/32/38 time=1ms
  RUN js-fuzzer-loop-d35707ad0bf7.js [990/10000] md5=d35707ad0bf74148f671ad8943998af6 bytes=81 template=loop origin=seed:tests/corpus/regressions/scope-compressed-closure-params.test.js
 PASS js-fuzzer-loop-d35707ad0bf7.js [990/10000] status=ok obs=9bf31c7ff062 coverage=+0/32/38 time=2ms
  RUN js-fuzzer-corpus-a07012429fce.js [991/10000] md5=a07012429fce4b4d7c8af42f445f70b9 bytes=163 template=corpus origin=tests/corpus/runtime/arrays-objects-methods.test.js
 PASS js-fuzzer-corpus-a07012429fce.js [991/10000] status=ok obs=c51ce410c124 coverage=+0/32/38 time=2ms
  RUN js-fuzzer-class-47fbd3db5853.js [992/10000] md5=47fbd3db58539fc2e42627a4f3168c79 bytes=101 template=class origin=seed:tests/corpus/runtime/block-scopes.test.js
 PASS js-fuzzer-class-47fbd3db5853.js [992/10000] status=ok obs=98f137082101 coverage=+0/32/38 time=1ms
  RUN js-fuzzer-arithmetic-92645e2d6b0d.js [993/10000] md5=92645e2d6b0d5dbdd6d5f9e0089ae5c8 bytes=84 template=arithmetic origin=seed:tests/corpus/runtime/class-fields-static-methods.test.js
 PASS js-fuzzer-arithmetic-92645e2d6b0d.js [993/10000] status=ok obs=c74d97b01eae coverage=+0/32/38 time=1ms
  RUN js-fuzzer-function-8c13c976bcff.js [994/10000] md5=8c13c976bcff676fd4a8e7119e7306e3 bytes=153 template=function origin=seed:tests/corpus/runtime/classes-and-objects.test.js
 PASS js-fuzzer-function-8c13c976bcff.js [994/10000] status=ok obs=aab3238922bc coverage=+0/32/38 time=3ms
  RUN js-fuzzer-boundary-db03eeac3914.js [995/10000] md5=db03eeac3914e8f0a7bfea9eefe9f0de bytes=114 template=boundary origin=boundary:-2
 PASS js-fuzzer-boundary-db03eeac3914.js [995/10000] status=ok obs=5d7b9adcbe1c coverage=+0/32/38 time=2ms
  RUN js-fuzzer-closure-1f061ddf9fab.js [996/10000] md5=1f061ddf9fab95292f2a33d9f74f19b5 bytes=184 template=closure origin=seed:tests/corpus/runtime/closures-read-captured-values.test.js
 PASS js-fuzzer-closure-1f061ddf9fab.js [996/10000] status=ok obs=14bfa6bb1487 coverage=+0/32/38 time=1ms
  RUN js-fuzzer-block-scope-0ea91d40905c.js [997/10000] md5=0ea91d40905c63c6839849e50aedb38a bytes=114 template=block-scope origin=seed:tests/corpus/runtime/exceptions-and-nullish.test.js
 PASS js-fuzzer-block-scope-0ea91d40905c.js [997/10000] status=ok obs=f0935e4cd592 coverage=+0/32/38 time=2ms
  RUN js-fuzzer-loop-55c7c905bffb.js [998/10000] md5=55c7c905bffb4bbbc4c8fb9b91df6ad8 bytes=81 template=loop origin=seed:tests/corpus/runtime/functions-closures-and-arrows.test.js
 PASS js-fuzzer-loop-55c7c905bffb.js [998/10000] status=ok obs=eccbc87e4b5c coverage=+0/32/38 time=2ms
  RUN js-fuzzer-try-catch-a4e2330c4919.js [999/10000] md5=a4e2330c49196805169dbf8449e466fa bytes=110 template=try-catch origin=seed:tests/corpus/runtime/lexical-shadowing.test.js
 PASS js-fuzzer-try-catch-a4e2330c4919.js [999/10000] status=ok obs=3c59dc048e88 coverage=+0/32/38 time=1ms
  RUN js-fuzzer-corpus-4131d841163b.js [1000/10000] md5=4131d841163b79e192bca9d4fc683c54 bytes=58 template=corpus origin=tests/corpus/runtime/modules-export.test.js
 PASS js-fuzzer-corpus-4131d841163b.js [1000/10000] status=ok obs=8f14e45fceea coverage=+0/32/38 time=2ms
  RUN js-fuzzer-arithmetic-d8a00accb507.js [1001/10000] md5=d8a00accb507ee5176f9db48078ba798 bytes=84 template=arithmetic origin=seed:tests/corpus/runtime/nested-try-finally.test.js
 PASS js-fuzzer-arithmetic-d8a00accb507.js [1001/10000] status=ok obs=93db85ed909c coverage=+0/32/38 time=1ms
  RUN js-fuzzer-boundary-61a9a82f5f08.js [1002/10000] md5=61a9a82f5f08bc177f13c805ba785d7d bytes=114 template=boundary origin=boundary:-1
 PASS js-fuzzer-boundary-61a9a82f5f08.js [1002/10000] status=ok obs=6bb61e3b7bce coverage=+0/32/38 time=1ms
  RUN js-fuzzer-array-object-13e1338477f1.js [1003/10000] md5=13e1338477f1e70b674d44600d2f9363 bytes=133 template=array-object origin=seed:tests/corpus/syntax/logical-unary-nullish.test.js
 PASS js-fuzzer-array-object-13e1338477f1.js [1003/10000] status=ok obs=70efdf2ec9b0 coverage=+0/32/38 time=2ms
  RUN js-fuzzer-closure-1e4bddd122cc.js [1004/10000] md5=1e4bddd122cce8469435c185cf019c5e bytes=184 template=closure origin=seed:tests/corpus/syntax/object-destructure-and-members.test.js
 PASS js-fuzzer-closure-1e4bddd122cc.js [1004/10000] status=ok obs=7f39f8317fbd coverage=+0/32/38 time=2ms
  RUN js-fuzzer-block-scope-860e21104a7a.js [1005/10000] md5=860e21104a7a4ed4d3b6822443e621df bytes=114 template=block-scope origin=seed:tests/corpus/syntax/switch-do-while-sequence.test.js
 PASS js-fuzzer-block-scope-860e21104a7a.js [1005/10000] status=ok obs=ec8956637a99 coverage=+0/32/38 time=1ms
  RUN js-fuzzer-loop-bbf1d7a15d8d.js [1006/10000] md5=bbf1d7a15d8dd015402d75c0e0108b5f bytes=81 template=loop origin=seed:tests/corpus/syntax/template-array-destructure.test.js
 PASS js-fuzzer-loop-bbf1d7a15d8d.js [1006/10000] status=ok obs=1679091c5a88 coverage=+0/32/38 time=3ms
  RUN js-fuzzer-try-catch-676dafc46859.js [1007/10000] md5=676dafc4685905581f3925e95c53669f bytes=110 template=try-catch origin=seed:tests/corpus/syntax/typescript-assertions.test.ts
 PASS js-fuzzer-try-catch-676dafc46859.js [1007/10000] status=ok obs=a5771bce93e2 coverage=+0/32/38 time=1ms
  RUN js-fuzzer-class-a35a4dd2f302.js [1008/10000] md5=a35a4dd2f302fda9a0e8d6e2c980c283 bytes=101 template=class origin=seed:tests/corpus/syntax/typescript-non-null-satisfies.test.ts
 PASS js-fuzzer-class-a35a4dd2f302.js [1008/10000] status=ok obs=9bf31c7ff062 coverage=+0/32/38 time=2ms
  RUN js-fuzzer-corpus-797f152bf878.js [1009/10000] md5=797f152bf878d5049066c6db6d2360b3 bytes=355 template=corpus origin=tests/corpus/fixtures/job-workflow.test.js
 PASS js-fuzzer-corpus-797f152bf878.js [1009/10000] status=ok obs=b9de0628c8ec coverage=+0/32/38 time=2ms
  RUN js-fuzzer-function-06471e1fced1.js [1010/10000] md5=06471e1fced163f025e3f67e77c6ce04 bytes=153 template=function origin=seed:tests/corpus/fixtures/state-machine-workflow.test.js
 PASS js-fuzzer-function-06471e1fced1.js [1010/10000] status=ok obs=45c48cce2e2d coverage=+0/32/38 time=2ms
  RUN js-fuzzer-array-object-f0149219533f.js [1011/10000] md5=f0149219533f3771cb603b35f8d975d8 bytes=133 template=array-object origin=seed:tests/corpus/fixtures/vue-script-workflow.test.vue
 PASS js-fuzzer-array-object-f0149219533f.js [1011/10000] status=ok obs=1679091c5a88 coverage=+0/32/38 time=1ms
  RUN js-fuzzer-closure-1c9109f1f16b.js [1012/10000] md5=1c9109f1f16b90e293fbc939ac646933 bytes=183 template=closure origin=seed:tests/corpus/obfuscation/constant-tag-mix.test.js
 PASS js-fuzzer-closure-1c9109f1f16b.js [1012/10000] status=ok obs=37693cfc7480 coverage=+0/32/38 time=2ms
  RUN js-fuzzer-block-scope-0302820b0ae8.js [1013/10000] md5=0302820b0ae8aefde6290aa22f61f26f bytes=114 template=block-scope origin=seed:tests/corpus/obfuscation/extern-slot-permutation.test.js
 PASS js-fuzzer-block-scope-0302820b0ae8.js [1013/10000] status=ok obs=65b9eea6e1cc coverage=+0/32/38 time=2ms
  RUN js-fuzzer-loop-d35707ad0bf7.js [1014/10000] md5=d35707ad0bf74148f671ad8943998af6 bytes=81 template=loop origin=seed:tests/corpus/obfuscation/externs-console.test.js
 PASS js-fuzzer-loop-d35707ad0bf7.js [1014/10000] status=ok obs=9bf31c7ff062 coverage=+0/32/38 time=3ms
  RUN js-fuzzer-try-catch-c1605790c914.js [1015/10000] md5=c1605790c914ae1743dc7ccc9c3b6fda bytes=110 template=try-catch origin=seed:tests/corpus/obfuscation/seed-sensitive-functions.test.js
 PASS js-fuzzer-try-catch-c1605790c914.js [1015/10000] status=ok obs=1c383cd30b7c coverage=+0/32/38 time=2ms
  RUN js-fuzzer-boundary-4bea2a6e0cb0.js [1016/10000] md5=4bea2a6e0cb0c7bb0b29e5b5d44112d8 bytes=128 template=boundary origin=boundary:9007199254740991
 PASS js-fuzzer-boundary-4bea2a6e0cb0.js [1016/10000] status=ok obs=dc9a0d67a31d coverage=+0/32/38 time=2ms
  RUN js-fuzzer-arithmetic-eb65d2fe24be.js [1017/10000] md5=eb65d2fe24bee4478e68d0890099e624 bytes=84 template=arithmetic origin=seed:tests/corpus/regressions/multiple-functions-fib-add.test.js
 PASS js-fuzzer-arithmetic-eb65d2fe24be.js [1017/10000] status=ok obs=0336dcbab05b coverage=+0/32/38 time=3ms
  RUN js-fuzzer-corpus-c28cfb056309.js [1018/10000] md5=c28cfb056309f2a77f8bd9756b123c54 bytes=147 template=corpus origin=tests/corpus/regressions/scope-compressed-closure-params.test.js
 PASS js-fuzzer-corpus-c28cfb056309.js [1018/10000] status=ok obs=c51ce410c124 coverage=+0/32/38 time=1ms
  RUN js-fuzzer-array-object-4360e24a7798.js [1019/10000] md5=4360e24a7798e8cc1b1616a18978ae5c bytes=133 template=array-object origin=seed:tests/corpus/runtime/arrays-objects-methods.test.js
 PASS js-fuzzer-array-object-4360e24a7798.js [1019/10000] status=ok obs=c51ce410c124 coverage=+0/32/38 time=2ms
  RUN js-fuzzer-closure-afcd8b3c7577.js [1020/10000] md5=afcd8b3c7577bff30d16bcbc5bf52c12 bytes=184 template=closure origin=seed:tests/corpus/runtime/block-scopes.test.js
 PASS js-fuzzer-closure-afcd8b3c7577.js [1020/10000] status=ok obs=093f65e080a2 coverage=+0/32/38 time=2ms
  RUN js-fuzzer-block-scope-d175622db4b2.js [1021/10000] md5=d175622db4b224d8baf843cc2e215ae0 bytes=114 template=block-scope origin=seed:tests/corpus/runtime/class-fields-static-methods.test.js
 PASS js-fuzzer-block-scope-d175622db4b2.js [1021/10000] status=ok obs=6974ce5ac660 coverage=+0/32/38 time=1ms
  RUN js-fuzzer-loop-f495ca2fc638.js [1022/10000] md5=f495ca2fc6389f933578fc501f5b1465 bytes=81 template=loop origin=seed:tests/corpus/runtime/classes-and-objects.test.js
 PASS js-fuzzer-loop-f495ca2fc638.js [1022/10000] status=ok obs=c4ca4238a0b9 coverage=+0/32/38 time=2ms
  RUN js-fuzzer-boundary-4b188851088a.js [1023/10000] md5=4b188851088a18b5b5e1424320aec545 bytes=122 template=boundary origin=boundary:2147483647
 PASS js-fuzzer-boundary-4b188851088a.js [1023/10000] status=ok obs=c588c0a459f4 coverage=+0/32/38 time=2ms
  RUN js-fuzzer-class-51ea152a707e.js [1024/10000] md5=51ea152a707ed5422ab3e5b3ddb7fe43 bytes=100 template=class origin=seed:tests/corpus/runtime/closures-read-captured-values.test.js
 PASS js-fuzzer-class-51ea152a707e.js [1024/10000] status=ok obs=e4da3b7fbbce coverage=+0/32/38 time=2ms
  RUN js-fuzzer-arithmetic-b4f72f3d7ecc.js [1025/10000] md5=b4f72f3d7ecc71cdf635395f7043817d bytes=84 template=arithmetic origin=seed:tests/corpus/runtime/exceptions-and-nullish.test.js
 PASS js-fuzzer-arithmetic-b4f72f3d7ecc.js [1025/10000] status=ok obs=b73ce398c39f coverage=+0/32/38 time=1ms
  RUN js-fuzzer-function-d3859b93eee1.js [1026/10000] md5=d3859b93eee1f3bcfec0cda51c4d02bf bytes=153 template=function origin=seed:tests/corpus/runtime/functions-closures-and-arrows.test.js
 PASS js-fuzzer-function-d3859b93eee1.js [1026/10000] status=ok obs=a87ff679a2f3 coverage=+0/32/38 time=2ms
  RUN js-fuzzer-corpus-463d4dee8a1f.js [1027/10000] md5=463d4dee8a1f930fa8af57a704cacf3e bytes=232 template=corpus origin=tests/corpus/runtime/lexical-shadowing.test.js
 PASS js-fuzzer-corpus-463d4dee8a1f.js [1027/10000] status=ok obs=c51ce410c124 coverage=+0/32/38 time=2ms
  RUN js-fuzzer-closure-620bdbe9e564.js [1028/10000] md5=620bdbe9e564b2c91448e36b99035d54 bytes=184 template=closure origin=seed:tests/corpus/runtime/modules-export.test.js
 PASS js-fuzzer-closure-620bdbe9e564.js [1028/10000] status=ok obs=093f65e080a2 coverage=+0/32/38 time=2ms
  RUN js-fuzzer-block-scope-122a40c4e345.js [1029/10000] md5=122a40c4e345dbd2a0a1a76431e4397d bytes=115 template=block-scope origin=seed:tests/corpus/runtime/nested-try-finally.test.js
 PASS js-fuzzer-block-scope-122a40c4e345.js [1029/10000] status=ok obs=5f93f983524d coverage=+0/32/38 time=1ms
  RUN js-fuzzer-boundary-221618e58a55.js [1030/10000] md5=221618e58a55537e4dc7530ef9f57aaf bytes=113 template=boundary origin=boundary:2
 PASS js-fuzzer-boundary-221618e58a55.js [1030/10000] status=ok obs=c81e728d9d4c coverage=+0/32/38 time=2ms
  RUN js-fuzzer-try-catch-14bcb064f014.js [1031/10000] md5=14bcb064f014dbe91c2010889dcaa2c0 bytes=110 template=try-catch origin=seed:tests/corpus/syntax/logical-unary-nullish.test.js
 PASS js-fuzzer-try-catch-14bcb064f014.js [1031/10000] status=ok obs=c0c7c76d30bd coverage=+0/32/38 time=2ms
  RUN js-fuzzer-class-d2b3669b495d.js [1032/10000] md5=d2b3669b495dd4792f9e1509f2bbf8a7 bytes=100 template=class origin=seed:tests/corpus/syntax/object-destructure-and-members.test.js
 PASS js-fuzzer-class-d2b3669b495d.js [1032/10000] status=ok obs=eccbc87e4b5c coverage=+0/32/38 time=1ms
  RUN js-fuzzer-arithmetic-9075c1698d17.js [1033/10000] md5=9075c1698d17ca53b18d929dd86d6756 bytes=84 template=arithmetic origin=seed:tests/corpus/syntax/switch-do-while-sequence.test.js
 PASS js-fuzzer-arithmetic-9075c1698d17.js [1033/10000] status=ok obs=6c4b761a28b7 coverage=+0/32/38 time=3ms
  RUN js-fuzzer-function-88a1a2ce9ecc.js [1034/10000] md5=88a1a2ce9eccc8d7f1092c43da9e0b1f bytes=153 template=function origin=seed:tests/corpus/syntax/template-array-destructure.test.js
 PASS js-fuzzer-function-88a1a2ce9ecc.js [1034/10000] status=ok obs=45c48cce2e2d coverage=+0/32/38 time=9ms
  RUN js-fuzzer-array-object-768971205651.js [1035/10000] md5=7689712056510fff56db3b2ab4242a44 bytes=133 template=array-object origin=seed:tests/corpus/syntax/typescript-assertions.test.ts
 PASS js-fuzzer-array-object-768971205651.js [1035/10000] status=ok obs=d3d9446802a4 coverage=+0/32/38 time=3ms
  RUN js-fuzzer-corpus-e3eeaea0f8a2.js [1036/10000] md5=e3eeaea0f8a2c5d5b650d4007cf78b4a bytes=104 template=corpus origin=tests/corpus/syntax/typescript-non-null-satisfies.test.ts
 PASS js-fuzzer-corpus-e3eeaea0f8a2.js [1036/10000] status=ok obs=d3d9446802a4 coverage=+0/32/38 time=16ms
  RUN js-fuzzer-boundary-3ca041277ff0.js [1037/10000] md5=3ca041277ff0c3edafc1a1dcaf120940 bytes=113 template=boundary origin=boundary:1
 PASS js-fuzzer-boundary-3ca041277ff0.js [1037/10000] status=ok obs=c4ca4238a0b9 coverage=+0/32/38 time=11ms
  RUN js-fuzzer-loop-bbf1d7a15d8d.js [1038/10000] md5=bbf1d7a15d8dd015402d75c0e0108b5f bytes=81 template=loop origin=seed:tests/corpus/fixtures/state-machine-workflow.test.js
 PASS js-fuzzer-loop-bbf1d7a15d8d.js [1038/10000] status=ok obs=1679091c5a88 coverage=+0/32/38 time=5ms
  RUN js-fuzzer-try-catch-83aeb7d5f114.js [1039/10000] md5=83aeb7d5f114f448e90b2f3e31e7a7e9 bytes=110 template=try-catch origin=seed:tests/corpus/fixtures/vue-script-workflow.test.vue
 PASS js-fuzzer-try-catch-83aeb7d5f114.js [1039/10000] status=ok obs=e369853df766 coverage=+0/32/38 time=4ms
  RUN js-fuzzer-class-3b630e2d834a.js [1040/10000] md5=3b630e2d834a95a01ee75571f8bc0075 bytes=101 template=class origin=seed:tests/corpus/obfuscation/constant-tag-mix.test.js
 PASS js-fuzzer-class-3b630e2d834a.js [1040/10000] status=ok obs=6512bd43d9ca coverage=+0/32/38 time=8ms
  RUN js-fuzzer-arithmetic-357afcb07820.js [1041/10000] md5=357afcb07820de361eae1c51c6b40d17 bytes=84 template=arithmetic origin=seed:tests/corpus/obfuscation/extern-slot-permutation.test.js
 PASS js-fuzzer-arithmetic-357afcb07820.js [1041/10000] status=ok obs=68d30a959472 coverage=+0/32/38 time=11ms
  RUN js-fuzzer-function-59a47c73ec30.js [1042/10000] md5=59a47c73ec3039d5b72e8af0d1e410de bytes=153 template=function origin=seed:tests/corpus/obfuscation/externs-console.test.js
 PASS js-fuzzer-function-59a47c73ec30.js [1042/10000] status=ok obs=8f14e45fceea coverage=+0/32/38 time=20ms
  RUN js-fuzzer-array-object-777c41645629.js [1043/10000] md5=777c41645629d03e9e403360e5f5c6bf bytes=133 template=array-object origin=seed:tests/corpus/obfuscation/seed-sensitive-functions.test.js
 PASS js-fuzzer-array-object-777c41645629.js [1043/10000] status=ok obs=8f14e45fceea coverage=+0/32/38 time=6ms
  RUN js-fuzzer-boundary-e62759fbe8d3.js [1044/10000] md5=e62759fbe8d36ad2cfb89a0f8bac18b9 bytes=129 template=boundary origin=boundary:-9007199254740991
 PASS js-fuzzer-boundary-e62759fbe8d3.js [1044/10000] status=ok obs=b3f3a95848f6 coverage=+0/32/38 time=13ms
  RUN js-fuzzer-corpus-ad9ed8746461.js [1045/10000] md5=ad9ed87464611c6dd81b04b3754c760c bytes=214 template=corpus origin=tests/corpus/regressions/multiple-functions-fib-add.test.js
 PASS js-fuzzer-corpus-ad9ed8746461.js [1045/10000] status=ok obs=3c59dc048e88 coverage=+0/32/38 time=14ms
  RUN js-fuzzer-loop-54e460cecf5c.js [1046/10000] md5=54e460cecf5c05dfcffaa3b2e5f57445 bytes=81 template=loop origin=seed:tests/corpus/regressions/scope-compressed-closure-params.test.js
 PASS js-fuzzer-loop-54e460cecf5c.js [1046/10000] status=ok obs=d3d9446802a4 coverage=+0/32/38 time=7ms
  RUN js-fuzzer-try-catch-7fa76a80e531.js [1047/10000] md5=7fa76a80e531298b12538ca11d858f94 bytes=110 template=try-catch origin=seed:tests/corpus/runtime/arrays-objects-methods.test.js
 PASS js-fuzzer-try-catch-7fa76a80e531.js [1047/10000] status=ok obs=6ea9ab1baa0e coverage=+0/32/38 time=14ms
  RUN js-fuzzer-class-d8979b510eb0.js [1048/10000] md5=d8979b510eb085c9e0e846586f80f265 bytes=101 template=class origin=seed:tests/corpus/runtime/block-scopes.test.js
 PASS js-fuzzer-class-d8979b510eb0.js [1048/10000] status=ok obs=c74d97b01eae coverage=+0/32/38 time=2ms
  RUN js-fuzzer-arithmetic-c82c166fd703.js [1049/10000] md5=c82c166fd703c78df0c212a90e9bc918 bytes=83 template=arithmetic origin=seed:tests/corpus/runtime/class-fields-static-methods.test.js
 PASS js-fuzzer-arithmetic-c82c166fd703.js [1049/10000] status=ok obs=aab3238922bc coverage=+0/32/38 time=5ms
  RUN js-fuzzer-function-c472354a037a.js [1050/10000] md5=c472354a037a48d197cd60b4e04af6e0 bytes=153 template=function origin=seed:tests/corpus/runtime/classes-and-objects.test.js
 PASS js-fuzzer-function-c472354a037a.js [1050/10000] status=ok obs=02e74f10e032 coverage=+0/32/38 time=15ms
  RUN js-fuzzer-boundary-4b8e58e2bd3b.js [1051/10000] md5=4b8e58e2bd3bc437f093fe0ab13ce109 bytes=123 template=boundary origin=boundary:-2147483648
 PASS js-fuzzer-boundary-4b8e58e2bd3b.js [1051/10000] status=ok obs=034ff5946105 coverage=+0/32/38 time=6ms
  RUN js-fuzzer-closure-eababbba025e.js [1052/10000] md5=eababbba025eb352a5f04b0291a06d6e bytes=184 template=closure origin=seed:tests/corpus/runtime/closures-read-captured-values.test.js
 PASS js-fuzzer-closure-eababbba025e.js [1052/10000] status=ok obs=2838023a778d coverage=+0/32/38 time=4ms
  RUN js-fuzzer-block-scope-2cb2723f44be.js [1053/10000] md5=2cb2723f44be25f61e9dce7dd06b7265 bytes=114 template=block-scope origin=seed:tests/corpus/runtime/exceptions-and-nullish.test.js
 PASS js-fuzzer-block-scope-2cb2723f44be.js [1053/10000] status=ok obs=f0935e4cd592 coverage=+0/32/38 time=5ms
  RUN js-fuzzer-corpus-72746d071c58.js [1054/10000] md5=72746d071c58fadd9399bc8934c30553 bytes=197 template=corpus origin=tests/corpus/runtime/functions-closures-and-arrows.test.js
 PASS js-fuzzer-corpus-72746d071c58.js [1054/10000] status=ok obs=c74d97b01eae coverage=+0/32/38 time=5ms
  RUN js-fuzzer-try-catch-70fffa3518b3.js [1055/10000] md5=70fffa3518b3cd8f92c92fd09e60ecbc bytes=110 template=try-catch origin=seed:tests/corpus/runtime/lexical-shadowing.test.js
 PASS js-fuzzer-try-catch-70fffa3518b3.js [1055/10000] status=ok obs=a5bfc9e07964 coverage=+0/32/38 time=5ms
  RUN js-fuzzer-class-d8979b510eb0.js [1056/10000] md5=d8979b510eb085c9e0e846586f80f265 bytes=101 template=class origin=seed:tests/corpus/runtime/modules-export.test.js
 PASS js-fuzzer-class-d8979b510eb0.js [1056/10000] status=ok obs=c74d97b01eae coverage=+0/32/38 time=3ms
  RUN js-fuzzer-arithmetic-3eadcc8c8e0d.js [1057/10000] md5=3eadcc8c8e0d5ca419ea40496a9a5183 bytes=84 template=arithmetic origin=seed:tests/corpus/runtime/nested-try-finally.test.js
 PASS js-fuzzer-arithmetic-3eadcc8c8e0d.js [1057/10000] status=ok obs=33e75ff09dd6 coverage=+0/32/38 time=4ms
  RUN js-fuzzer-boundary-db03eeac3914.js [1058/10000] md5=db03eeac3914e8f0a7bfea9eefe9f0de bytes=114 template=boundary origin=boundary:-2
 PASS js-fuzzer-boundary-db03eeac3914.js [1058/10000] status=ok obs=5d7b9adcbe1c coverage=+0/32/38 time=3ms
  RUN js-fuzzer-array-object-e972ef0c6827.js [1059/10000] md5=e972ef0c6827e6552972f7f35394c6e8 bytes=133 template=array-object origin=seed:tests/corpus/syntax/logical-unary-nullish.test.js
 PASS js-fuzzer-array-object-e972ef0c6827.js [1059/10000] status=ok obs=c51ce410c124 coverage=+0/32/38 time=3ms
  RUN js-fuzzer-closure-54bc7a18b5fa.js [1060/10000] md5=54bc7a18b5fa82863a9fe12098c8cd27 bytes=184 template=closure origin=seed:tests/corpus/syntax/object-destructure-and-members.test.js
 PASS js-fuzzer-closure-54bc7a18b5fa.js [1060/10000] status=ok obs=d82c8d1619ad coverage=+0/32/38 time=3ms
  RUN js-fuzzer-block-scope-d8df7d1b46d0.js [1061/10000] md5=d8df7d1b46d0804e1af6eb67e0b78b16 bytes=114 template=block-scope origin=seed:tests/corpus/syntax/switch-do-while-sequence.test.js
 PASS js-fuzzer-block-scope-d8df7d1b46d0.js [1061/10000] status=ok obs=f0935e4cd592 coverage=+0/32/38 time=3ms
  RUN js-fuzzer-loop-f495ca2fc638.js [1062/10000] md5=f495ca2fc6389f933578fc501f5b1465 bytes=81 template=loop origin=seed:tests/corpus/syntax/template-array-destructure.test.js
 PASS js-fuzzer-loop-f495ca2fc638.js [1062/10000] status=ok obs=c4ca4238a0b9 coverage=+0/32/38 time=2ms
  RUN js-fuzzer-corpus-57a83a4b020d.js [1063/10000] md5=57a83a4b020d4b85b42b0a3709f283ad bytes=130 template=corpus origin=tests/corpus/syntax/typescript-assertions.test.ts
 PASS js-fuzzer-corpus-57a83a4b020d.js [1063/10000] status=ok obs=45c48cce2e2d coverage=+0/32/38 time=3ms
  RUN js-fuzzer-class-587587295e00.js [1064/10000] md5=587587295e0075a0a19c4572e53274fe bytes=101 template=class origin=seed:tests/corpus/syntax/typescript-non-null-satisfies.test.ts
 PASS js-fuzzer-class-587587295e00.js [1064/10000] status=ok obs=1f0e3dad9990 coverage=+0/32/38 time=4ms
  RUN js-fuzzer-boundary-3d1d4e90ebd9.js [1065/10000] md5=3d1d4e90ebd99aad7ece59efc98f7563 bytes=114 template=boundary origin=boundary:-1
 PASS js-fuzzer-boundary-3d1d4e90ebd9.js [1065/10000] status=ok obs=6bb61e3b7bce coverage=+0/32/38 time=4ms
  RUN js-fuzzer-function-06471e1fced1.js [1066/10000] md5=06471e1fced163f025e3f67e77c6ce04 bytes=153 template=function origin=seed:tests/corpus/fixtures/state-machine-workflow.test.js
 PASS js-fuzzer-function-06471e1fced1.js [1066/10000] status=ok obs=45c48cce2e2d coverage=+0/32/38 time=4ms
  RUN js-fuzzer-array-object-04c0a6f423c4.js [1067/10000] md5=04c0a6f423c40993a581ff2850f6b026 bytes=133 template=array-object origin=seed:tests/corpus/fixtures/vue-script-workflow.test.vue
 PASS js-fuzzer-array-object-04c0a6f423c4.js [1067/10000] status=ok obs=c51ce410c124 coverage=+0/32/38 time=3ms
  RUN js-fuzzer-closure-ac15bfbc5a57.js [1068/10000] md5=ac15bfbc5a5735aaa69b4ed297870079 bytes=183 template=closure origin=seed:tests/corpus/obfuscation/constant-tag-mix.test.js
 PASS js-fuzzer-closure-ac15bfbc5a57.js [1068/10000] status=ok obs=37693cfc7480 coverage=+0/32/38 time=6ms
  RUN js-fuzzer-block-scope-fdb149116902.js [1069/10000] md5=fdb14911690224a339347d7ee6dc6351 bytes=114 template=block-scope origin=seed:tests/corpus/obfuscation/extern-slot-permutation.test.js
 PASS js-fuzzer-block-scope-fdb149116902.js [1069/10000] status=ok obs=f0935e4cd592 coverage=+0/32/38 time=7ms
  RUN js-fuzzer-loop-55c7c905bffb.js [1070/10000] md5=55c7c905bffb4bbbc4c8fb9b91df6ad8 bytes=81 template=loop origin=seed:tests/corpus/obfuscation/externs-console.test.js
 PASS js-fuzzer-loop-55c7c905bffb.js [1070/10000] status=ok obs=eccbc87e4b5c coverage=+0/32/38 time=14ms
  RUN js-fuzzer-try-catch-a173285175b8.js [1071/10000] md5=a173285175b813cddca62eb427efafd5 bytes=110 template=try-catch origin=seed:tests/corpus/obfuscation/seed-sensitive-functions.test.js
 PASS js-fuzzer-try-catch-a173285175b8.js [1071/10000] status=ok obs=9a1158154dfa coverage=+0/32/38 time=3ms
  RUN js-fuzzer-corpus-79643e915862.js [1072/10000] md5=79643e91586251700d34c0c65a0220da bytes=89 template=corpus origin=tests/corpus/regressions/destructuring-lowers-to-member.test.js
 PASS js-fuzzer-corpus-79643e915862.js [1072/10000] status=ok obs=eccbc87e4b5c coverage=+0/32/38 time=4ms
  RUN js-fuzzer-arithmetic-7a769b00f857.js [1073/10000] md5=7a769b00f8573ce19967a1735077a586 bytes=85 template=arithmetic origin=seed:tests/corpus/regressions/multiple-functions-fib-add.test.js
 PASS js-fuzzer-arithmetic-7a769b00f857.js [1073/10000] status=ok obs=8f8551796779 coverage=+0/32/38 time=3ms
  RUN js-fuzzer-function-8384e80192dc.js [1074/10000] md5=8384e80192dc0232cf5e505b2f7d5501 bytes=153 template=function origin=seed:tests/corpus/regressions/scope-compressed-closure-params.test.js
 PASS js-fuzzer-function-8384e80192dc.js [1074/10000] status=ok obs=e4da3b7fbbce coverage=+0/32/38 time=5ms
  RUN js-fuzzer-array-object-05e383c1f076.js [1075/10000] md5=05e383c1f0768ac52d66fe0bc4838cd9 bytes=133 template=array-object origin=seed:tests/corpus/runtime/arrays-objects-methods.test.js
 PASS js-fuzzer-array-object-05e383c1f076.js [1075/10000] status=ok obs=aab3238922bc coverage=+0/32/38 time=8ms
  RUN js-fuzzer-closure-51403da8d7e9.js [1076/10000] md5=51403da8d7e928c8a625069187db801e bytes=183 template=closure origin=seed:tests/corpus/runtime/block-scopes.test.js
 PASS js-fuzzer-closure-51403da8d7e9.js [1076/10000] status=ok obs=8e296a067a37 coverage=+0/32/38 time=6ms
  RUN js-fuzzer-block-scope-147cf17f3cbb.js [1077/10000] md5=147cf17f3cbb5c30886492372159c1c8 bytes=114 template=block-scope origin=seed:tests/corpus/runtime/class-fields-static-methods.test.js
 PASS js-fuzzer-block-scope-147cf17f3cbb.js [1077/10000] status=ok obs=6974ce5ac660 coverage=+0/32/38 time=2ms
  RUN js-fuzzer-loop-55c7c905bffb.js [1078/10000] md5=55c7c905bffb4bbbc4c8fb9b91df6ad8 bytes=81 template=loop origin=seed:tests/corpus/runtime/classes-and-objects.test.js
 PASS js-fuzzer-loop-55c7c905bffb.js [1078/10000] status=ok obs=eccbc87e4b5c coverage=+0/32/38 time=4ms
  RUN js-fuzzer-boundary-6330cdecf02f.js [1079/10000] md5=6330cdecf02f68328876d88213acc2ac bytes=128 template=boundary origin=boundary:9007199254740991
 PASS js-fuzzer-boundary-6330cdecf02f.js [1079/10000] status=ok obs=8bfa9ad090fb coverage=+0/32/38 time=3ms
  RUN js-fuzzer-class-c0844991889f.js [1080/10000] md5=c0844991889f03308712cd6bc6b7c31c bytes=101 template=class origin=seed:tests/corpus/runtime/closures-read-captured-values.test.js
 PASS js-fuzzer-class-c0844991889f.js [1080/10000] status=ok obs=70efdf2ec9b0 coverage=+0/32/38 time=4ms
  RUN js-fuzzer-corpus-cf8fb96e8476.js [1081/10000] md5=cf8fb96e8476c262b73583c86dd80821 bytes=178 template=corpus origin=tests/corpus/runtime/exceptions-and-nullish.test.js
 PASS js-fuzzer-corpus-cf8fb96e8476.js [1081/10000] status=ok obs=24ed5e8718fc coverage=+0/32/38 time=4ms
  RUN js-fuzzer-function-3e322d578629.js [1082/10000] md5=3e322d5786297aab4fec4c2fa56a2542 bytes=153 template=function origin=seed:tests/corpus/runtime/functions-closures-and-arrows.test.js
 PASS js-fuzzer-function-3e322d578629.js [1082/10000] status=ok obs=1679091c5a88 coverage=+0/32/38 time=4ms
  RUN js-fuzzer-array-object-81227aec48e1.js [1083/10000] md5=81227aec48e1e74099a250b30eb9b52d bytes=133 template=array-object origin=seed:tests/corpus/runtime/lexical-shadowing.test.js
 PASS js-fuzzer-array-object-81227aec48e1.js [1083/10000] status=ok obs=8f14e45fceea coverage=+0/32/38 time=2ms
  RUN js-fuzzer-closure-5c5797a814b8.js [1084/10000] md5=5c5797a814b8b1cefd7ba99080426918 bytes=184 template=closure origin=seed:tests/corpus/runtime/modules-export.test.js
 PASS js-fuzzer-closure-5c5797a814b8.js [1084/10000] status=ok obs=17e62166fc85 coverage=+0/32/38 time=3ms
  RUN js-fuzzer-block-scope-2d241bc04b81.js [1085/10000] md5=2d241bc04b81ff536710e4bb73cdb7c7 bytes=114 template=block-scope origin=seed:tests/corpus/runtime/nested-try-finally.test.js
 PASS js-fuzzer-block-scope-2d241bc04b81.js [1085/10000] status=ok obs=38b3eff8baf5 coverage=+0/32/38 time=3ms
  RUN js-fuzzer-boundary-ac080ee0add8.js [1086/10000] md5=ac080ee0add8a3967f40d078a13e076b bytes=122 template=boundary origin=boundary:2147483647
 PASS js-fuzzer-boundary-ac080ee0add8.js [1086/10000] status=ok obs=c588c0a459f4 coverage=+0/32/38 time=3ms
  RUN js-fuzzer-try-catch-a4e2330c4919.js [1087/10000] md5=a4e2330c49196805169dbf8449e466fa bytes=110 template=try-catch origin=seed:tests/corpus/syntax/logical-unary-nullish.test.js
 PASS js-fuzzer-try-catch-a4e2330c4919.js [1087/10000] status=ok obs=3c59dc048e88 coverage=+0/32/38 time=3ms
  RUN js-fuzzer-class-b1e3642c0208.js [1088/10000] md5=b1e3642c0208992266fb21668a536292 bytes=100 template=class origin=seed:tests/corpus/syntax/object-destructure-and-members.test.js
 PASS js-fuzzer-class-b1e3642c0208.js [1088/10000] status=ok obs=c9f0f895fb98 coverage=+0/32/38 time=8ms
  RUN js-fuzzer-arithmetic-ef4e5a7b1f4a.js [1089/10000] md5=ef4e5a7b1f4ace5a454dab1ec3b31274 bytes=83 template=arithmetic origin=seed:tests/corpus/syntax/switch-do-while-sequence.test.js
 PASS js-fuzzer-arithmetic-ef4e5a7b1f4a.js [1089/10000] status=ok obs=ea5d2f1c4608 coverage=+0/32/38 time=4ms
  RUN js-fuzzer-corpus-ff388659a641.js [1090/10000] md5=ff388659a6419d1e6e01ce4e7151a52e bytes=135 template=corpus origin=tests/corpus/syntax/template-array-destructure.test.js
 PASS js-fuzzer-corpus-ff388659a641.js [1090/10000] status=ok obs=f61c9a8be43c coverage=+0/32/38 time=3ms
  RUN js-fuzzer-array-object-ec0cdc9de751.js [1091/10000] md5=ec0cdc9de7519e4071eb3e14e2c36291 bytes=133 template=array-object origin=seed:tests/corpus/syntax/typescript-assertions.test.ts
 PASS js-fuzzer-array-object-ec0cdc9de751.js [1091/10000] status=ok obs=c20ad4d76fe9 coverage=+0/32/38 time=3ms
  RUN js-fuzzer-closure-7653a6213a16.js [1092/10000] md5=7653a6213a166a1e08619e71a6cdac16 bytes=184 template=closure origin=seed:tests/corpus/syntax/typescript-non-null-satisfies.test.ts
 PASS js-fuzzer-closure-7653a6213a16.js [1092/10000] status=ok obs=d82c8d1619ad coverage=+0/32/38 time=6ms
  RUN js-fuzzer-boundary-e33d9dc9cd6c.js [1093/10000] md5=e33d9dc9cd6c84ec6ac6a01d1d18c4f2 bytes=113 template=boundary origin=boundary:2
 PASS js-fuzzer-boundary-e33d9dc9cd6c.js [1093/10000] status=ok obs=c81e728d9d4c coverage=+0/32/38 time=6ms
  RUN js-fuzzer-loop-d35707ad0bf7.js [1094/10000] md5=d35707ad0bf74148f671ad8943998af6 bytes=81 template=loop origin=seed:tests/corpus/fixtures/state-machine-workflow.test.js
 PASS js-fuzzer-loop-d35707ad0bf7.js [1094/10000] status=ok obs=9bf31c7ff062 coverage=+0/32/38 time=5ms
  RUN js-fuzzer-try-catch-6c711f8bb184.js [1095/10000] md5=6c711f8bb184c228d8b20d70b1aabb73 bytes=109 template=try-catch origin=seed:tests/corpus/fixtures/vue-script-workflow.test.vue
 PASS js-fuzzer-try-catch-6c711f8bb184.js [1095/10000] status=ok obs=1679091c5a88 coverage=+0/32/38 time=5ms
  RUN js-fuzzer-class-b1e3642c0208.js [1096/10000] md5=b1e3642c0208992266fb21668a536292 bytes=100 template=class origin=seed:tests/corpus/obfuscation/constant-tag-mix.test.js
 PASS js-fuzzer-class-b1e3642c0208.js [1096/10000] status=ok obs=c9f0f895fb98 coverage=+0/32/38 time=3ms
  RUN js-fuzzer-arithmetic-13c4d8ca25ef.js [1097/10000] md5=13c4d8ca25efce70f9b63520d3366d94 bytes=84 template=arithmetic origin=seed:tests/corpus/obfuscation/extern-slot-permutation.test.js
 PASS js-fuzzer-arithmetic-13c4d8ca25ef.js [1097/10000] status=ok obs=d09bf41544a3 coverage=+0/32/38 time=3ms
  RUN js-fuzzer-function-59a47c73ec30.js [1098/10000] md5=59a47c73ec3039d5b72e8af0d1e410de bytes=153 template=function origin=seed:tests/corpus/obfuscation/externs-console.test.js
 PASS js-fuzzer-function-59a47c73ec30.js [1098/10000] status=ok obs=8f14e45fceea coverage=+0/32/38 time=4ms
  RUN js-fuzzer-corpus-38ba19d9deb7.js [1099/10000] md5=38ba19d9deb7566cc8a420c27ada3f21 bytes=136 template=corpus origin=tests/corpus/obfuscation/seed-sensitive-functions.test.js
 PASS js-fuzzer-corpus-38ba19d9deb7.js [1099/10000] status=ok obs=a5bfc9e07964 coverage=+0/32/38 time=5ms
  RUN js-fuzzer-boundary-2f35f880f964.js [1100/10000] md5=2f35f880f96468b375c4e71feba05308 bytes=113 template=boundary origin=boundary:1
 PASS js-fuzzer-boundary-2f35f880f964.js [1100/10000] status=ok obs=c4ca4238a0b9 coverage=+0/32/38 time=5ms
  RUN js-fuzzer-block-scope-ebaed504d2d1.js [1101/10000] md5=ebaed504d2d153868eb7bafedbfafd61 bytes=114 template=block-scope origin=seed:tests/corpus/regressions/multiple-functions-fib-add.test.js
 PASS js-fuzzer-block-scope-ebaed504d2d1.js [1101/10000] status=ok obs=65b9eea6e1cc coverage=+0/32/38 time=5ms
  RUN js-fuzzer-loop-bbf1d7a15d8d.js [1102/10000] md5=bbf1d7a15d8dd015402d75c0e0108b5f bytes=81 template=loop origin=seed:tests/corpus/regressions/scope-compressed-closure-params.test.js
 PASS js-fuzzer-loop-bbf1d7a15d8d.js [1102/10000] status=ok obs=1679091c5a88 coverage=+0/32/38 time=5ms
  RUN js-fuzzer-try-catch-8eb6765f66fd.js [1103/10000] md5=8eb6765f66fd409e223a9383e9857a4c bytes=109 template=try-catch origin=seed:tests/corpus/runtime/arrays-objects-methods.test.js
 PASS js-fuzzer-try-catch-8eb6765f66fd.js [1103/10000] status=ok obs=6512bd43d9ca coverage=+0/32/38 time=5ms
  RUN js-fuzzer-class-3b630e2d834a.js [1104/10000] md5=3b630e2d834a95a01ee75571f8bc0075 bytes=101 template=class origin=seed:tests/corpus/runtime/block-scopes.test.js
 PASS js-fuzzer-class-3b630e2d834a.js [1104/10000] status=ok obs=6512bd43d9ca coverage=+0/32/38 time=3ms
  RUN js-fuzzer-arithmetic-78d72b25da14.js [1105/10000] md5=78d72b25da14d4adc42c1beb3cb9f226 bytes=84 template=arithmetic origin=seed:tests/corpus/runtime/class-fields-static-methods.test.js
 PASS js-fuzzer-arithmetic-78d72b25da14.js [1105/10000] status=ok obs=5fd0b37cd7db coverage=+0/32/38 time=6ms
  RUN js-fuzzer-function-f172d914fe2f.js [1106/10000] md5=f172d914fe2f2d124fd9ee51d2714545 bytes=153 template=function origin=seed:tests/corpus/runtime/classes-and-objects.test.js
 PASS js-fuzzer-function-f172d914fe2f.js [1106/10000] status=ok obs=c9f0f895fb98 coverage=+0/32/38 time=4ms
  RUN js-fuzzer-boundary-e62759fbe8d3.js [1107/10000] md5=e62759fbe8d36ad2cfb89a0f8bac18b9 bytes=129 template=boundary origin=boundary:-9007199254740991
 PASS js-fuzzer-boundary-e62759fbe8d3.js [1107/10000] status=ok obs=b3f3a95848f6 coverage=+0/32/38 time=5ms
  RUN js-fuzzer-corpus-08bc93bf5789.js [1108/10000] md5=08bc93bf57897bc88ce7161fe56cd099 bytes=169 template=corpus origin=tests/corpus/runtime/closures-read-captured-values.test.js
 PASS js-fuzzer-corpus-08bc93bf5789.js [1108/10000] status=ok obs=02e74f10e032 coverage=+0/32/38 time=3ms
  RUN js-fuzzer-block-scope-b85ecadef581.js [1109/10000] md5=b85ecadef581053d14250d27c33151bf bytes=114 template=block-scope origin=seed:tests/corpus/runtime/exceptions-and-nullish.test.js
 PASS js-fuzzer-block-scope-b85ecadef581.js [1109/10000] status=ok obs=c9e1074f5b3f coverage=+0/32/38 time=2ms
  RUN js-fuzzer-loop-bbf1d7a15d8d.js [1110/10000] md5=bbf1d7a15d8dd015402d75c0e0108b5f bytes=81 template=loop origin=seed:tests/corpus/runtime/functions-closures-and-arrows.test.js
 PASS js-fuzzer-loop-bbf1d7a15d8d.js [1110/10000] status=ok obs=1679091c5a88 coverage=+0/32/38 time=3ms
  RUN js-fuzzer-try-catch-10b006553cce.js [1111/10000] md5=10b006553cced3afac446c8e96bc0d8a bytes=110 template=try-catch origin=seed:tests/corpus/runtime/lexical-shadowing.test.js
 PASS js-fuzzer-try-catch-10b006553cce.js [1111/10000] status=ok obs=8e296a067a37 coverage=+0/32/38 time=4ms
  RUN js-fuzzer-class-c0844991889f.js [1112/10000] md5=c0844991889f03308712cd6bc6b7c31c bytes=101 template=class origin=seed:tests/corpus/runtime/modules-export.test.js
 PASS js-fuzzer-class-c0844991889f.js [1112/10000] status=ok obs=70efdf2ec9b0 coverage=+0/32/38 time=3ms
  RUN js-fuzzer-arithmetic-9df25ca33114.js [1113/10000] md5=9df25ca3311451e778dd3c96ac6a5ced bytes=84 template=arithmetic origin=seed:tests/corpus/runtime/nested-try-finally.test.js
 PASS js-fuzzer-arithmetic-9df25ca33114.js [1113/10000] status=ok obs=9f61408e3afb coverage=+0/32/38 time=2ms
  RUN js-fuzzer-boundary-56f451fe2902.js [1114/10000] md5=56f451fe2902341a3a470031c46238b3 bytes=123 template=boundary origin=boundary:-2147483648
 PASS js-fuzzer-boundary-56f451fe2902.js [1114/10000] status=ok obs=034ff5946105 coverage=+0/32/38 time=4ms
  RUN js-fuzzer-array-object-a1e5eba52c3f.js [1115/10000] md5=a1e5eba52c3f65e433e61a2ef787b710 bytes=133 template=array-object origin=seed:tests/corpus/syntax/logical-unary-nullish.test.js
 PASS js-fuzzer-array-object-a1e5eba52c3f.js [1115/10000] status=ok obs=c74d97b01eae coverage=+0/32/38 time=3ms
  RUN js-fuzzer-closure-223595a17309.js [1116/10000] md5=223595a17309d75b877da90d83d2f6e3 bytes=184 template=closure origin=seed:tests/corpus/syntax/object-destructure-and-members.test.js
 PASS js-fuzzer-closure-223595a17309.js [1116/10000] status=ok obs=1c383cd30b7c coverage=+0/32/38 time=3ms
  RUN js-fuzzer-corpus-2aed353a2d20.js [1117/10000] md5=2aed353a2d200d64cbaf7beb40face20 bytes=275 template=corpus origin=tests/corpus/syntax/switch-do-while-sequence.test.js
 PASS js-fuzzer-corpus-2aed353a2d20.js [1117/10000] status=ok obs=6f4922f45568 coverage=+0/32/38 time=4ms
  RUN js-fuzzer-loop-f495ca2fc638.js [1118/10000] md5=f495ca2fc6389f933578fc501f5b1465 bytes=81 template=loop origin=seed:tests/corpus/syntax/template-array-destructure.test.js
 PASS js-fuzzer-loop-f495ca2fc638.js [1118/10000] status=ok obs=c4ca4238a0b9 coverage=+0/32/38 time=3ms
  RUN js-fuzzer-try-catch-7fa76a80e531.js [1119/10000] md5=7fa76a80e531298b12538ca11d858f94 bytes=110 template=try-catch origin=seed:tests/corpus/syntax/typescript-assertions.test.ts
 PASS js-fuzzer-try-catch-7fa76a80e531.js [1119/10000] status=ok obs=6ea9ab1baa0e coverage=+0/32/38 time=2ms
  RUN js-fuzzer-class-a35a4dd2f302.js [1120/10000] md5=a35a4dd2f302fda9a0e8d6e2c980c283 bytes=101 template=class origin=seed:tests/corpus/syntax/typescript-non-null-satisfies.test.ts
 PASS js-fuzzer-class-a35a4dd2f302.js [1120/10000] status=ok obs=9bf31c7ff062 coverage=+0/32/38 time=3ms
  RUN js-fuzzer-boundary-db03eeac3914.js [1121/10000] md5=db03eeac3914e8f0a7bfea9eefe9f0de bytes=114 template=boundary origin=boundary:-2
 PASS js-fuzzer-boundary-db03eeac3914.js [1121/10000] status=ok obs=5d7b9adcbe1c coverage=+0/32/38 time=3ms
  RUN js-fuzzer-function-297962b584b2.js [1122/10000] md5=297962b584b2139723d9064b9ad0de50 bytes=153 template=function origin=seed:tests/corpus/fixtures/state-machine-workflow.test.js
 PASS js-fuzzer-function-297962b584b2.js [1122/10000] status=ok obs=c81e728d9d4c coverage=+0/32/38 time=3ms
  RUN js-fuzzer-array-object-60963a3bb517.js [1123/10000] md5=60963a3bb517f687363160b7f1ba1602 bytes=133 template=array-object origin=seed:tests/corpus/fixtures/vue-script-workflow.test.vue
 PASS js-fuzzer-array-object-60963a3bb517.js [1123/10000] status=ok obs=9bf31c7ff062 coverage=+0/32/38 time=2ms
  RUN js-fuzzer-closure-8cf99f000395.js [1124/10000] md5=8cf99f000395191c99329144e3d48985 bytes=184 template=closure origin=seed:tests/corpus/obfuscation/constant-tag-mix.test.js
 PASS js-fuzzer-closure-8cf99f000395.js [1124/10000] status=ok obs=d2ddea18f006 coverage=+0/32/38 time=3ms
  RUN js-fuzzer-block-scope-cdd8b51c02d7.js [1125/10000] md5=cdd8b51c02d709abe874e8214b24cf71 bytes=114 template=block-scope origin=seed:tests/corpus/obfuscation/extern-slot-permutation.test.js
 PASS js-fuzzer-block-scope-cdd8b51c02d7.js [1125/10000] status=ok obs=2723d092b638 coverage=+0/32/38 time=5ms
  RUN js-fuzzer-corpus-efd663ac427b.js [1126/10000] md5=efd663ac427b5ca270b2f8b928c902bf bytes=112 template=corpus origin=tests/corpus/obfuscation/externs-console.test.js
 PASS js-fuzzer-corpus-efd663ac427b.js [1126/10000] status=ok obs=d289993e39c8 coverage=+0/32/38 time=4ms
  RUN js-fuzzer-try-catch-78409afcd812.js [1127/10000] md5=78409afcd812e57d07238a91d9d67ddf bytes=110 template=try-catch origin=seed:tests/corpus/obfuscation/seed-sensitive-functions.test.js
 PASS js-fuzzer-try-catch-78409afcd812.js [1127/10000] status=ok obs=17e62166fc85 coverage=+0/32/38 time=2ms
  RUN js-fuzzer-boundary-3d1d4e90ebd9.js [1128/10000] md5=3d1d4e90ebd99aad7ece59efc98f7563 bytes=114 template=boundary origin=boundary:-1
 PASS js-fuzzer-boundary-3d1d4e90ebd9.js [1128/10000] status=ok obs=6bb61e3b7bce coverage=+0/32/38 time=3ms
  RUN js-fuzzer-arithmetic-b0518fda5119.js [1129/10000] md5=b0518fda5119c0e24cc10e255130ec74 bytes=84 template=arithmetic origin=seed:tests/corpus/regressions/multiple-functions-fib-add.test.js
 PASS js-fuzzer-arithmetic-b0518fda5119.js [1129/10000] status=ok obs=d09bf41544a3 coverage=+0/32/38 time=4ms
  RUN js-fuzzer-function-9a24649f1cae.js [1130/10000] md5=9a24649f1caec2a9716934902cbac103 bytes=153 template=function origin=seed:tests/corpus/regressions/scope-compressed-closure-params.test.js
 PASS js-fuzzer-function-9a24649f1cae.js [1130/10000] status=ok obs=9bf31c7ff062 coverage=+0/32/38 time=4ms
  RUN js-fuzzer-array-object-1a62f006bf3e.js [1131/10000] md5=1a62f006bf3ef75648892038ccfe4664 bytes=133 template=array-object origin=seed:tests/corpus/runtime/arrays-objects-methods.test.js
 PASS js-fuzzer-array-object-1a62f006bf3e.js [1131/10000] status=ok obs=aab3238922bc coverage=+0/32/38 time=4ms
  RUN js-fuzzer-closure-aa01ac7a3542.js [1132/10000] md5=aa01ac7a3542fa545909718ba7cf75aa bytes=184 template=closure origin=seed:tests/corpus/runtime/block-scopes.test.js
 PASS js-fuzzer-closure-aa01ac7a3542.js [1132/10000] status=ok obs=e2c420d928d4 coverage=+0/32/38 time=3ms
  RUN js-fuzzer-block-scope-f43d79d837fe.js [1133/10000] md5=f43d79d837fe16df019f7fe4650eb100 bytes=114 template=block-scope origin=seed:tests/corpus/runtime/class-fields-static-methods.test.js
 PASS js-fuzzer-block-scope-f43d79d837fe.js [1133/10000] status=ok obs=6974ce5ac660 coverage=+0/32/38 time=3ms
  RUN js-fuzzer-loop-d35707ad0bf7.js [1134/10000] md5=d35707ad0bf74148f671ad8943998af6 bytes=81 template=loop origin=seed:tests/corpus/runtime/classes-and-objects.test.js
 PASS js-fuzzer-loop-d35707ad0bf7.js [1134/10000] status=ok obs=9bf31c7ff062 coverage=+0/32/38 time=3ms
  RUN js-fuzzer-corpus-ddcb99247fc8.js [1135/10000] md5=ddcb99247fc847c897b97c6bd6512b9f bytes=217 template=corpus origin=tests/corpus/runtime/closures-mutate-captured-bindings.test.js
 PASS js-fuzzer-corpus-ddcb99247fc8.js [1135/10000] status=ok obs=e4da3b7fbbce coverage=+0/32/38 time=4ms
  RUN js-fuzzer-class-f454a055ed5d.js [1136/10000] md5=f454a055ed5dc800cb1ab66abc7a01de bytes=100 template=class origin=seed:tests/corpus/runtime/closures-read-captured-values.test.js
 PASS js-fuzzer-class-f454a055ed5d.js [1136/10000] status=ok obs=a87ff679a2f3 coverage=+0/32/38 time=4ms
  RUN js-fuzzer-arithmetic-60369aaf69a3.js [1137/10000] md5=60369aaf69a3dc10ea31061825beff32 bytes=85 template=arithmetic origin=seed:tests/corpus/runtime/exceptions-and-nullish.test.js
 PASS js-fuzzer-arithmetic-60369aaf69a3.js [1137/10000] status=ok obs=705f21728346 coverage=+0/32/38 time=2ms
  RUN js-fuzzer-function-3e322d578629.js [1138/10000] md5=3e322d5786297aab4fec4c2fa56a2542 bytes=153 template=function origin=seed:tests/corpus/runtime/functions-closures-and-arrows.test.js
 PASS js-fuzzer-function-3e322d578629.js [1138/10000] status=ok obs=1679091c5a88 coverage=+0/32/38 time=3ms
  RUN js-fuzzer-array-object-d82de09a1604.js [1139/10000] md5=d82de09a16042c3034476c25b895e6e8 bytes=133 template=array-object origin=seed:tests/corpus/runtime/lexical-shadowing.test.js
 PASS js-fuzzer-array-object-d82de09a1604.js [1139/10000] status=ok obs=d3d9446802a4 coverage=+0/32/38 time=4ms
  RUN js-fuzzer-closure-81da91d3c290.js [1140/10000] md5=81da91d3c290009603e75839057a7cff bytes=184 template=closure origin=seed:tests/corpus/runtime/modules-export.test.js
 PASS js-fuzzer-closure-81da91d3c290.js [1140/10000] status=ok obs=67c6a1e7ce56 coverage=+0/32/38 time=5ms
  RUN js-fuzzer-block-scope-07f18117f78f.js [1141/10000] md5=07f18117f78f57cbdcf4267b9fd9100c bytes=114 template=block-scope origin=seed:tests/corpus/runtime/nested-try-finally.test.js
 PASS js-fuzzer-block-scope-07f18117f78f.js [1141/10000] status=ok obs=65b9eea6e1cc coverage=+0/32/38 time=4ms
  RUN js-fuzzer-boundary-2b35f90895ea.js [1142/10000] md5=2b35f90895ea85111e562e627044f919 bytes=128 template=boundary origin=boundary:9007199254740991
 PASS js-fuzzer-boundary-2b35f90895ea.js [1142/10000] status=ok obs=8bfa9ad090fb coverage=+0/32/38 time=3ms
  RUN js-fuzzer-try-catch-ee30a401530f.js [1143/10000] md5=ee30a401530f819cbc5581e8feb5d305 bytes=110 template=try-catch origin=seed:tests/corpus/syntax/logical-unary-nullish.test.js
 PASS js-fuzzer-try-catch-ee30a401530f.js [1143/10000] status=ok obs=182be0c5cdcd coverage=+0/32/38 time=4ms
  RUN js-fuzzer-corpus-96ebdcb81273.js [1144/10000] md5=96ebdcb81273f0e5e5778a6c70c94988 bytes=171 template=corpus origin=tests/corpus/syntax/object-destructure-and-members.test.js
 PASS js-fuzzer-corpus-96ebdcb81273.js [1144/10000] status=ok obs=bfad8dfa12ed coverage=+0/32/38 time=3ms
  RUN js-fuzzer-arithmetic-8f08da61b6c5.js [1145/10000] md5=8f08da61b6c5855a17dc1841812aa8ea bytes=86 template=arithmetic origin=seed:tests/corpus/syntax/switch-do-while-sequence.test.js
 PASS js-fuzzer-arithmetic-8f08da61b6c5.js [1145/10000] status=ok obs=94f6d7e04a4d coverage=+0/32/38 time=2ms
  RUN js-fuzzer-function-3dca9339a683.js [1146/10000] md5=3dca9339a6831946d3c5250be8e34eee bytes=153 template=function origin=seed:tests/corpus/syntax/template-array-destructure.test.js
 PASS js-fuzzer-function-3dca9339a683.js [1146/10000] status=ok obs=e4da3b7fbbce coverage=+0/32/38 time=5ms
  RUN js-fuzzer-array-object-0408125a03d3.js [1147/10000] md5=0408125a03d375b42636e38028af39c3 bytes=133 template=array-object origin=seed:tests/corpus/syntax/typescript-assertions.test.ts
 PASS js-fuzzer-array-object-0408125a03d3.js [1147/10000] status=ok obs=8f14e45fceea coverage=+0/32/38 time=7ms
  RUN js-fuzzer-closure-762d541467e5.js [1148/10000] md5=762d541467e5977d1d862b0336559e92 bytes=183 template=closure origin=seed:tests/corpus/syntax/typescript-non-null-satisfies.test.ts
 PASS js-fuzzer-closure-762d541467e5.js [1148/10000] status=ok obs=70efdf2ec9b0 coverage=+0/32/38 time=3ms
  RUN js-fuzzer-boundary-86f8354fc6fd.js [1149/10000] md5=86f8354fc6fd092b05683bbf230dc769 bytes=122 template=boundary origin=boundary:2147483647
 PASS js-fuzzer-boundary-86f8354fc6fd.js [1149/10000] status=ok obs=c588c0a459f4 coverage=+0/32/38 time=2ms
  RUN js-fuzzer-loop-f495ca2fc638.js [1150/10000] md5=f495ca2fc6389f933578fc501f5b1465 bytes=81 template=loop origin=seed:tests/corpus/fixtures/state-machine-workflow.test.js
 PASS js-fuzzer-loop-f495ca2fc638.js [1150/10000] status=ok obs=c4ca4238a0b9 coverage=+0/32/38 time=4ms
  RUN js-fuzzer-try-catch-85daf11db7ec.js [1151/10000] md5=85daf11db7ec5f71a0e05a86a536d94d bytes=110 template=try-catch origin=seed:tests/corpus/fixtures/vue-script-workflow.test.vue
 PASS js-fuzzer-try-catch-85daf11db7ec.js [1151/10000] status=ok obs=f7177163c833 coverage=+0/32/38 time=2ms
  RUN js-fuzzer-class-c0844991889f.js [1152/10000] md5=c0844991889f03308712cd6bc6b7c31c bytes=101 template=class origin=seed:tests/corpus/obfuscation/constant-tag-mix.test.js
 PASS js-fuzzer-class-c0844991889f.js [1152/10000] status=ok obs=70efdf2ec9b0 coverage=+0/32/38 time=3ms
  RUN js-fuzzer-corpus-fe2d30a6e413.js [1153/10000] md5=fe2d30a6e4139e7a8b52405bed737faa bytes=220 template=corpus origin=tests/corpus/obfuscation/extern-slot-permutation.test.js
 PASS js-fuzzer-corpus-fe2d30a6e413.js [1153/10000] status=ok obs=c34c702d0256 coverage=+0/32/38 time=3ms
  RUN js-fuzzer-function-59a47c73ec30.js [1154/10000] md5=59a47c73ec3039d5b72e8af0d1e410de bytes=153 template=function origin=seed:tests/corpus/obfuscation/externs-console.test.js
 PASS js-fuzzer-function-59a47c73ec30.js [1154/10000] status=ok obs=8f14e45fceea coverage=+0/32/38 time=2ms
  RUN js-fuzzer-array-object-2a37765ceff9.js [1155/10000] md5=2a37765ceff96b503677840d2747b599 bytes=133 template=array-object origin=seed:tests/corpus/obfuscation/seed-sensitive-functions.test.js
 PASS js-fuzzer-array-object-2a37765ceff9.js [1155/10000] status=ok obs=9bf31c7ff062 coverage=+0/32/38 time=2ms
  RUN js-fuzzer-boundary-85faf3787c26.js [1156/10000] md5=85faf3787c26ca3bad9215a544873988 bytes=113 template=boundary origin=boundary:2
 PASS js-fuzzer-boundary-85faf3787c26.js [1156/10000] status=ok obs=c81e728d9d4c coverage=+0/32/38 time=3ms
  RUN js-fuzzer-block-scope-17e58dbd255d.js [1157/10000] md5=17e58dbd255d5d20dba9bd2d8839fd75 bytes=114 template=block-scope origin=seed:tests/corpus/regressions/multiple-functions-fib-add.test.js
 PASS js-fuzzer-block-scope-17e58dbd255d.js [1157/10000] status=ok obs=f0935e4cd592 coverage=+0/32/38 time=2ms
  RUN js-fuzzer-loop-b88258462a8d.js [1158/10000] md5=b88258462a8d880f8b0e459fa23b2536 bytes=81 template=loop origin=seed:tests/corpus/regressions/scope-compressed-closure-params.test.js
 PASS js-fuzzer-loop-b88258462a8d.js [1158/10000] status=ok obs=3c59dc048e88 coverage=+0/32/38 time=2ms
  RUN js-fuzzer-try-catch-8a297d00e90e.js [1159/10000] md5=8a297d00e90eb93174a6d6eeae5be951 bytes=110 template=try-catch origin=seed:tests/corpus/runtime/arrays-objects-methods.test.js
 PASS js-fuzzer-try-catch-8a297d00e90e.js [1159/10000] status=ok obs=98f137082101 coverage=+0/32/38 time=3ms
  RUN js-fuzzer-class-a365d1a76b7b.js [1160/10000] md5=a365d1a76b7b0d4310621afa7caac433 bytes=100 template=class origin=seed:tests/corpus/runtime/block-scopes.test.js
 PASS js-fuzzer-class-a365d1a76b7b.js [1160/10000] status=ok obs=8f14e45fceea coverage=+0/32/38 time=2ms
  RUN js-fuzzer-arithmetic-dfb59862c8c1.js [1161/10000] md5=dfb59862c8c1d984686a333bc0508bc8 bytes=84 template=arithmetic origin=seed:tests/corpus/runtime/class-fields-static-methods.test.js
 PASS js-fuzzer-arithmetic-dfb59862c8c1.js [1161/10000] status=ok obs=33e75ff09dd6 coverage=+0/32/38 time=2ms
  RUN js-fuzzer-corpus-663bf83cd082.js [1162/10000] md5=663bf83cd082bd221441dae6bbc85046 bytes=278 template=corpus origin=tests/corpus/runtime/classes-and-objects.test.js
 PASS js-fuzzer-corpus-663bf83cd082.js [1162/10000] status=ok obs=6f4922f45568 coverage=+0/32/38 time=2ms
  RUN js-fuzzer-boundary-3ca041277ff0.js [1163/10000] md5=3ca041277ff0c3edafc1a1dcaf120940 bytes=113 template=boundary origin=boundary:1
 PASS js-fuzzer-boundary-3ca041277ff0.js [1163/10000] status=ok obs=c4ca4238a0b9 coverage=+0/32/38 time=3ms
  RUN js-fuzzer-closure-fdf4494b5941.js [1164/10000] md5=fdf4494b5941c318e5afb185b7b02590 bytes=184 template=closure origin=seed:tests/corpus/runtime/closures-read-captured-values.test.js
 PASS js-fuzzer-closure-fdf4494b5941.js [1164/10000] status=ok obs=735b90b45681 coverage=+0/32/38 time=2ms
  RUN js-fuzzer-block-scope-1d6b190ceb7d.js [1165/10000] md5=1d6b190ceb7d9fb926a1e1646ae8a1f6 bytes=115 template=block-scope origin=seed:tests/corpus/runtime/exceptions-and-nullish.test.js
 PASS js-fuzzer-block-scope-1d6b190ceb7d.js [1165/10000] status=ok obs=5f93f983524d coverage=+0/32/38 time=2ms
  RUN js-fuzzer-loop-55c7c905bffb.js [1166/10000] md5=55c7c905bffb4bbbc4c8fb9b91df6ad8 bytes=81 template=loop origin=seed:tests/corpus/runtime/functions-closures-and-arrows.test.js
 PASS js-fuzzer-loop-55c7c905bffb.js [1166/10000] status=ok obs=eccbc87e4b5c coverage=+0/32/38 time=2ms
  RUN js-fuzzer-try-catch-b442aa263f12.js [1167/10000] md5=b442aa263f129fb627b483e77db700ad bytes=110 template=try-catch origin=seed:tests/corpus/runtime/lexical-shadowing.test.js
 PASS js-fuzzer-try-catch-b442aa263f12.js [1167/10000] status=ok obs=c20ad4d76fe9 coverage=+0/32/38 time=2ms
  RUN js-fuzzer-class-f454a055ed5d.js [1168/10000] md5=f454a055ed5dc800cb1ab66abc7a01de bytes=100 template=class origin=seed:tests/corpus/runtime/modules-export.test.js
 PASS js-fuzzer-class-f454a055ed5d.js [1168/10000] status=ok obs=a87ff679a2f3 coverage=+0/32/38 time=3ms
  RUN js-fuzzer-arithmetic-ae34e3f9fd63.js [1169/10000] md5=ae34e3f9fd63ce85e8f6465891016ec4 bytes=84 template=arithmetic origin=seed:tests/corpus/runtime/nested-try-finally.test.js
 PASS js-fuzzer-arithmetic-ae34e3f9fd63.js [1169/10000] status=ok obs=da4fb5c6e93e coverage=+0/32/38 time=4ms
  RUN js-fuzzer-boundary-6aec0a9b1ff4.js [1170/10000] md5=6aec0a9b1ff4294bcfecb539ba7e660b bytes=129 template=boundary origin=boundary:-9007199254740991
 PASS js-fuzzer-boundary-6aec0a9b1ff4.js [1170/10000] status=ok obs=b3f3a95848f6 coverage=+0/32/38 time=3ms
  RUN js-fuzzer-corpus-279b64032335.js [1171/10000] md5=279b640323351a1b082b98b42d2a2d55 bytes=134 template=corpus origin=tests/corpus/syntax/logical-unary-nullish.test.js
 PASS js-fuzzer-corpus-279b64032335.js [1171/10000] status=ok obs=45c48cce2e2d coverage=+0/32/38 time=1ms
  RUN js-fuzzer-closure-fbd3de312c49.js [1172/10000] md5=fbd3de312c49e2e25f8e0259c12a573a bytes=184 template=closure origin=seed:tests/corpus/syntax/object-destructure-and-members.test.js
 PASS js-fuzzer-closure-fbd3de312c49.js [1172/10000] status=ok obs=d67d8ab4f4c1 coverage=+0/32/38 time=2ms
  RUN js-fuzzer-block-scope-67a2775c8141.js [1173/10000] md5=67a2775c81411ef9d88f1748b3ac836d bytes=114 template=block-scope origin=seed:tests/corpus/syntax/switch-do-while-sequence.test.js
 PASS js-fuzzer-block-scope-67a2775c8141.js [1173/10000] status=ok obs=65b9eea6e1cc coverage=+0/32/38 time=2ms
  RUN js-fuzzer-loop-d35707ad0bf7.js [1174/10000] md5=d35707ad0bf74148f671ad8943998af6 bytes=81 template=loop origin=seed:tests/corpus/syntax/template-array-destructure.test.js
 PASS js-fuzzer-loop-d35707ad0bf7.js [1174/10000] status=ok obs=9bf31c7ff062 coverage=+0/32/38 time=3ms
  RUN js-fuzzer-try-catch-47becaf372c3.js [1175/10000] md5=47becaf372c34523cd2fbacf2b53d016 bytes=110 template=try-catch origin=seed:tests/corpus/syntax/typescript-assertions.test.ts
 PASS js-fuzzer-try-catch-47becaf372c3.js [1175/10000] status=ok obs=02e74f10e032 coverage=+0/32/38 time=3ms
  RUN js-fuzzer-class-1fb70654253d.js [1176/10000] md5=1fb70654253d944404805630039f463c bytes=101 template=class origin=seed:tests/corpus/syntax/typescript-non-null-satisfies.test.ts
 PASS js-fuzzer-class-1fb70654253d.js [1176/10000] status=ok obs=c51ce410c124 coverage=+0/32/38 time=1ms
  RUN js-fuzzer-boundary-512d8e9b531d.js [1177/10000] md5=512d8e9b531dd316e823325cc949e70e bytes=123 template=boundary origin=boundary:-2147483648
 PASS js-fuzzer-boundary-512d8e9b531d.js [1177/10000] status=ok obs=034ff5946105 coverage=+0/32/38 time=1ms
  RUN js-fuzzer-function-134a85d12098.js [1178/10000] md5=134a85d120985077bd24a3a53ac64560 bytes=153 template=function origin=seed:tests/corpus/fixtures/state-machine-workflow.test.js
 PASS js-fuzzer-function-134a85d12098.js [1178/10000] status=ok obs=1679091c5a88 coverage=+0/32/38 time=2ms
  RUN js-fuzzer-array-object-da2d8cd900ee.js [1179/10000] md5=da2d8cd900ee405157caa6196bdeb828 bytes=133 template=array-object origin=seed:tests/corpus/fixtures/vue-script-workflow.test.vue
 PASS js-fuzzer-array-object-da2d8cd900ee.js [1179/10000] status=ok obs=6512bd43d9ca coverage=+0/32/38 time=2ms
  RUN js-fuzzer-corpus-f00ef18b0a17.js [1180/10000] md5=f00ef18b0a172b2a2d9833f5b7fe94e2 bytes=199 template=corpus origin=tests/corpus/obfuscation/constant-tag-mix.test.js
 PASS js-fuzzer-corpus-f00ef18b0a17.js [1180/10000] status=ok obs=e86823f38986 coverage=+0/32/38 time=2ms
  RUN js-fuzzer-block-scope-592cce677ffc.js [1181/10000] md5=592cce677ffc23a91cff1cbffbb25225 bytes=114 template=block-scope origin=seed:tests/corpus/obfuscation/extern-slot-permutation.test.js
 PASS js-fuzzer-block-scope-592cce677ffc.js [1181/10000] status=ok obs=6974ce5ac660 coverage=+0/32/38 time=2ms
  RUN js-fuzzer-loop-55c7c905bffb.js [1182/10000] md5=55c7c905bffb4bbbc4c8fb9b91df6ad8 bytes=81 template=loop origin=seed:tests/corpus/obfuscation/externs-console.test.js
 PASS js-fuzzer-loop-55c7c905bffb.js [1182/10000] status=ok obs=eccbc87e4b5c coverage=+0/32/38 time=2ms
  RUN js-fuzzer-try-catch-6c711f8bb184.js [1183/10000] md5=6c711f8bb184c228d8b20d70b1aabb73 bytes=109 template=try-catch origin=seed:tests/corpus/obfuscation/seed-sensitive-functions.test.js
 PASS js-fuzzer-try-catch-6c711f8bb184.js [1183/10000] status=ok obs=1679091c5a88 coverage=+0/32/38 time=1ms
  RUN js-fuzzer-boundary-db03eeac3914.js [1184/10000] md5=db03eeac3914e8f0a7bfea9eefe9f0de bytes=114 template=boundary origin=boundary:-2
 PASS js-fuzzer-boundary-db03eeac3914.js [1184/10000] status=ok obs=5d7b9adcbe1c coverage=+0/32/38 time=2ms
  RUN js-fuzzer-arithmetic-bc8d68091ad2.js [1185/10000] md5=bc8d68091ad22ba4b2af72b5f1fb776e bytes=85 template=arithmetic origin=seed:tests/corpus/regressions/multiple-functions-fib-add.test.js
 PASS js-fuzzer-arithmetic-bc8d68091ad2.js [1185/10000] status=ok obs=44f683a84163 coverage=+0/32/38 time=2ms
  RUN js-fuzzer-function-ba7ea055d439.js [1186/10000] md5=ba7ea055d4397ffca213251195491d86 bytes=153 template=function origin=seed:tests/corpus/regressions/scope-compressed-closure-params.test.js
 PASS js-fuzzer-function-ba7ea055d439.js [1186/10000] status=ok obs=8f14e45fceea coverage=+0/32/38 time=2ms
  RUN js-fuzzer-array-object-47797561d6aa.js [1187/10000] md5=47797561d6aa0965baab77d781b38008 bytes=133 template=array-object origin=seed:tests/corpus/runtime/arrays-objects-methods.test.js
 PASS js-fuzzer-array-object-47797561d6aa.js [1187/10000] status=ok obs=c20ad4d76fe9 coverage=+0/32/38 time=1ms
  RUN js-fuzzer-closure-61d7fd307b30.js [1188/10000] md5=61d7fd307b30d6d8b58eefdce1471036 bytes=185 template=closure origin=seed:tests/corpus/runtime/block-scopes.test.js
 PASS js-fuzzer-closure-61d7fd307b30.js [1188/10000] status=ok obs=d09bf41544a3 coverage=+0/32/38 time=2ms
  RUN js-fuzzer-corpus-a64e83c2f849.js [1189/10000] md5=a64e83c2f84925dca8985eabe963ee21 bytes=179 template=corpus origin=tests/corpus/runtime/class-fields-static-methods.test.js
 PASS js-fuzzer-corpus-a64e83c2f849.js [1189/10000] status=ok obs=8f14e45fceea coverage=+0/32/38 time=2ms
  RUN js-fuzzer-loop-f495ca2fc638.js [1190/10000] md5=f495ca2fc6389f933578fc501f5b1465 bytes=81 template=loop origin=seed:tests/corpus/runtime/classes-and-objects.test.js
 PASS js-fuzzer-loop-f495ca2fc638.js [1190/10000] status=ok obs=c4ca4238a0b9 coverage=+0/32/38 time=1ms
  RUN js-fuzzer-boundary-3d1d4e90ebd9.js [1191/10000] md5=3d1d4e90ebd99aad7ece59efc98f7563 bytes=114 template=boundary origin=boundary:-1
 PASS js-fuzzer-boundary-3d1d4e90ebd9.js [1191/10000] status=ok obs=6bb61e3b7bce coverage=+0/32/38 time=2ms
  RUN js-fuzzer-class-f454a055ed5d.js [1192/10000] md5=f454a055ed5dc800cb1ab66abc7a01de bytes=100 template=class origin=seed:tests/corpus/runtime/closures-read-captured-values.test.js
 PASS js-fuzzer-class-f454a055ed5d.js [1192/10000] status=ok obs=a87ff679a2f3 coverage=+0/32/38 time=2ms
  RUN js-fuzzer-arithmetic-7f99b8df7ad3.js [1193/10000] md5=7f99b8df7ad3c4f72988c383aef92880 bytes=84 template=arithmetic origin=seed:tests/corpus/runtime/exceptions-and-nullish.test.js
 PASS js-fuzzer-arithmetic-7f99b8df7ad3.js [1193/10000] status=ok obs=35f4a8d465e6 coverage=+0/32/38 time=1ms
  RUN js-fuzzer-function-d3859b93eee1.js [1194/10000] md5=d3859b93eee1f3bcfec0cda51c4d02bf bytes=153 template=function origin=seed:tests/corpus/runtime/functions-closures-and-arrows.test.js
 PASS js-fuzzer-function-d3859b93eee1.js [1194/10000] status=ok obs=a87ff679a2f3 coverage=+0/32/38 time=1ms
  RUN js-fuzzer-array-object-08152533cb33.js [1195/10000] md5=08152533cb3369baff6e20662a4565e4 bytes=133 template=array-object origin=seed:tests/corpus/runtime/lexical-shadowing.test.js
 PASS js-fuzzer-array-object-08152533cb33.js [1195/10000] status=ok obs=aab3238922bc coverage=+0/32/38 time=2ms
  RUN js-fuzzer-closure-81fc84ae85f0.js [1196/10000] md5=81fc84ae85f09d04b8c853013a55ae6a bytes=183 template=closure origin=seed:tests/corpus/runtime/modules-export.test.js
 PASS js-fuzzer-closure-81fc84ae85f0.js [1196/10000] status=ok obs=02e74f10e032 coverage=+0/32/38 time=2ms
  RUN js-fuzzer-block-scope-fc8a84ed6b55.js [1197/10000] md5=fc8a84ed6b55ab021d7ca999eea70faa bytes=114 template=block-scope origin=seed:tests/corpus/runtime/nested-try-finally.test.js
 PASS js-fuzzer-block-scope-fc8a84ed6b55.js [1197/10000] status=ok obs=6974ce5ac660 coverage=+0/32/38 time=1ms
  RUN js-fuzzer-corpus-89e900fcb72f.js [1198/10000] md5=89e900fcb72ff838bfe9a13ae091363f bytes=228 template=corpus origin=tests/corpus/syntax/control-flow-and-operators.test.js
 PASS js-fuzzer-corpus-89e900fcb72f.js [1198/10000] status=ok obs=aab3238922bc coverage=+0/32/38 time=2ms
  RUN js-fuzzer-try-catch-18b0b31fe014.js [1199/10000] md5=18b0b31fe014e787990869dd8a5ff18b bytes=110 template=try-catch origin=seed:tests/corpus/syntax/logical-unary-nullish.test.js
 PASS js-fuzzer-try-catch-18b0b31fe014.js [1199/10000] status=ok obs=aab3238922bc coverage=+0/32/38 time=2ms
  RUN js-fuzzer-class-f454a055ed5d.js [1200/10000] md5=f454a055ed5dc800cb1ab66abc7a01de bytes=100 template=class origin=seed:tests/corpus/syntax/object-destructure-and-members.test.js
 PASS js-fuzzer-class-f454a055ed5d.js [1200/10000] status=ok obs=a87ff679a2f3 coverage=+0/32/38 time=1ms
  RUN js-fuzzer-arithmetic-abb3fd114f2f.js [1201/10000] md5=abb3fd114f2f210ef8ce6ab503c703f1 bytes=85 template=arithmetic origin=seed:tests/corpus/syntax/switch-do-while-sequence.test.js
 PASS js-fuzzer-arithmetic-abb3fd114f2f.js [1201/10000] status=ok obs=1385974ed590 coverage=+0/32/38 time=2ms
  RUN js-fuzzer-function-ced1d0daab2e.js [1202/10000] md5=ced1d0daab2e23fdcfec672d899d9739 bytes=153 template=function origin=seed:tests/corpus/syntax/template-array-destructure.test.js
 PASS js-fuzzer-function-ced1d0daab2e.js [1202/10000] status=ok obs=8e296a067a37 coverage=+0/32/38 time=3ms
  RUN js-fuzzer-array-object-ea46a302cf9e.js [1203/10000] md5=ea46a302cf9e138433f61c6e4e9b1d21 bytes=133 template=array-object origin=seed:tests/corpus/syntax/typescript-assertions.test.ts
 PASS js-fuzzer-array-object-ea46a302cf9e.js [1203/10000] status=ok obs=45c48cce2e2d coverage=+0/32/38 time=1ms
  RUN js-fuzzer-closure-f554636b7b72.js [1204/10000] md5=f554636b7b728fc30798f03a545cb883 bytes=184 template=closure origin=seed:tests/corpus/syntax/typescript-non-null-satisfies.test.ts
 PASS js-fuzzer-closure-f554636b7b72.js [1204/10000] status=ok obs=d67d8ab4f4c1 coverage=+0/32/38 time=2ms
  RUN js-fuzzer-boundary-4bea2a6e0cb0.js [1205/10000] md5=4bea2a6e0cb0c7bb0b29e5b5d44112d8 bytes=128 template=boundary origin=boundary:9007199254740991
 PASS js-fuzzer-boundary-4bea2a6e0cb0.js [1205/10000] status=ok obs=dc9a0d67a31d coverage=+0/32/38 time=2ms
  RUN js-fuzzer-loop-d35707ad0bf7.js [1206/10000] md5=d35707ad0bf74148f671ad8943998af6 bytes=81 template=loop origin=seed:tests/corpus/fixtures/state-machine-workflow.test.js
 PASS js-fuzzer-loop-d35707ad0bf7.js [1206/10000] status=ok obs=9bf31c7ff062 coverage=+0/32/38 time=1ms
  RUN js-fuzzer-corpus-f722388c7961.js [1207/10000] md5=f722388c7961d2a0288508c35f28a5f8 bytes=96 template=corpus origin=tests/corpus/fixtures/vue-script-workflow.test.vue
 PASS js-fuzzer-corpus-f722388c7961.js [1207/10000] status=ok obs=6512bd43d9ca coverage=+0/32/38 time=2ms
  RUN js-fuzzer-class-a365d1a76b7b.js [1208/10000] md5=a365d1a76b7b0d4310621afa7caac433 bytes=100 template=class origin=seed:tests/corpus/obfuscation/constant-tag-mix.test.js
 PASS js-fuzzer-class-a365d1a76b7b.js [1208/10000] status=ok obs=8f14e45fceea coverage=+0/32/38 time=1ms
  RUN js-fuzzer-arithmetic-cd2a0e9d352e.js [1209/10000] md5=cd2a0e9d352e77d9f4ca2a6d1e40da74 bytes=84 template=arithmetic origin=seed:tests/corpus/obfuscation/extern-slot-permutation.test.js
 PASS js-fuzzer-arithmetic-cd2a0e9d352e.js [1209/10000] status=ok obs=06409663226a coverage=+0/32/38 time=2ms
  RUN js-fuzzer-function-d9597d28535f.js [1210/10000] md5=d9597d28535fd2b10f5ca10cf87a7bb6 bytes=153 template=function origin=seed:tests/corpus/obfuscation/externs-console.test.js
 PASS js-fuzzer-function-d9597d28535f.js [1210/10000] status=ok obs=6f4922f45568 coverage=+0/32/38 time=2ms
  RUN js-fuzzer-array-object-1a2dad2f5047.js [1211/10000] md5=1a2dad2f50476a55622f6546b2bcce90 bytes=133 template=array-object origin=seed:tests/corpus/obfuscation/seed-sensitive-functions.test.js
 PASS js-fuzzer-array-object-1a2dad2f5047.js [1211/10000] status=ok obs=d3d9446802a4 coverage=+0/32/38 time=2ms
  RUN js-fuzzer-boundary-4b188851088a.js [1212/10000] md5=4b188851088a18b5b5e1424320aec545 bytes=122 template=boundary origin=boundary:2147483647
 PASS js-fuzzer-boundary-4b188851088a.js [1212/10000] status=ok obs=c588c0a459f4 coverage=+0/32/38 time=1ms
  RUN js-fuzzer-block-scope-174fa4fc97e1.js [1213/10000] md5=174fa4fc97e1645d7383ebda1e653a4c bytes=114 template=block-scope origin=seed:tests/corpus/regressions/multiple-functions-fib-add.test.js
 PASS js-fuzzer-block-scope-174fa4fc97e1.js [1213/10000] status=ok obs=a3c65c297427 coverage=+0/32/38 time=1ms
  RUN js-fuzzer-loop-d35707ad0bf7.js [1214/10000] md5=d35707ad0bf74148f671ad8943998af6 bytes=81 template=loop origin=seed:tests/corpus/regressions/scope-compressed-closure-params.test.js
 PASS js-fuzzer-loop-d35707ad0bf7.js [1214/10000] status=ok obs=9bf31c7ff062 coverage=+0/32/38 time=2ms
  RUN js-fuzzer-try-catch-84bb82ab521c.js [1215/10000] md5=84bb82ab521cc370007aca532f77c9e1 bytes=110 template=try-catch origin=seed:tests/corpus/runtime/arrays-objects-methods.test.js
 PASS js-fuzzer-try-catch-84bb82ab521c.js [1215/10000] status=ok obs=c16a5320fa47 coverage=+0/32/38 time=1ms
  RUN js-fuzzer-corpus-8b78ba7912c5.js [1216/10000] md5=8b78ba7912c51f6cf304b65c6ebdb2e3 bytes=289 template=corpus origin=tests/corpus/runtime/block-scopes.test.js
 PASS js-fuzzer-corpus-8b78ba7912c5.js [1216/10000] status=ok obs=37693cfc7480 coverage=+0/32/38 time=2ms
  RUN js-fuzzer-arithmetic-758ded230312.js [1217/10000] md5=758ded2303121aca4ee9b468be65a902 bytes=84 template=arithmetic origin=seed:tests/corpus/runtime/class-fields-static-methods.test.js
 PASS js-fuzzer-arithmetic-758ded230312.js [1217/10000] status=ok obs=069059b7ef84 coverage=+0/32/38 time=2ms
  RUN js-fuzzer-function-f172d914fe2f.js [1218/10000] md5=f172d914fe2f2d124fd9ee51d2714545 bytes=153 template=function origin=seed:tests/corpus/runtime/classes-and-objects.test.js
 PASS js-fuzzer-function-f172d914fe2f.js [1218/10000] status=ok obs=c9f0f895fb98 coverage=+0/32/38 time=2ms
  RUN js-fuzzer-boundary-14a05a816d97.js [1219/10000] md5=14a05a816d975afa7654eb06610350d0 bytes=113 template=boundary origin=boundary:2
 PASS js-fuzzer-boundary-14a05a816d97.js [1219/10000] status=ok obs=c81e728d9d4c coverage=+0/32/38 time=1ms
  RUN js-fuzzer-closure-c85b2c9cf353.js [1220/10000] md5=c85b2c9cf3533711dc9700256d96a829 bytes=183 template=closure origin=seed:tests/corpus/runtime/closures-read-captured-values.test.js
 PASS js-fuzzer-closure-c85b2c9cf353.js [1220/10000] status=ok obs=3c59dc048e88 coverage=+0/32/38 time=2ms
  RUN js-fuzzer-block-scope-8aaa483675b3.js [1221/10000] md5=8aaa483675b368db5813ee90004aac25 bytes=114 template=block-scope origin=seed:tests/corpus/runtime/exceptions-and-nullish.test.js
 PASS js-fuzzer-block-scope-8aaa483675b3.js [1221/10000] status=ok obs=6974ce5ac660 coverage=+0/32/38 time=2ms
  RUN js-fuzzer-loop-f495ca2fc638.js [1222/10000] md5=f495ca2fc6389f933578fc501f5b1465 bytes=81 template=loop origin=seed:tests/corpus/runtime/functions-closures-and-arrows.test.js
 PASS js-fuzzer-loop-f495ca2fc638.js [1222/10000] status=ok obs=c4ca4238a0b9 coverage=+0/32/38 time=2ms
  RUN js-fuzzer-try-catch-8eb6765f66fd.js [1223/10000] md5=8eb6765f66fd409e223a9383e9857a4c bytes=109 template=try-catch origin=seed:tests/corpus/runtime/lexical-shadowing.test.js
 PASS js-fuzzer-try-catch-8eb6765f66fd.js [1223/10000] status=ok obs=6512bd43d9ca coverage=+0/32/38 time=1ms
  RUN js-fuzzer-class-769274f77fa6.js [1224/10000] md5=769274f77fa62254ce7e0eb0e3adf7f1 bytes=100 template=class origin=seed:tests/corpus/runtime/modules-export.test.js
 PASS js-fuzzer-class-769274f77fa6.js [1224/10000] status=ok obs=c4ca4238a0b9 coverage=+0/32/38 time=2ms
  RUN js-fuzzer-corpus-c557f8da2a9d.js [1225/10000] md5=c557f8da2a9d2904c70dca50c3eeb50e bytes=191 template=corpus origin=tests/corpus/runtime/nested-try-finally.test.js
 PASS js-fuzzer-corpus-c557f8da2a9d.js [1225/10000] status=ok obs=8f14e45fceea coverage=+0/32/38 time=1ms
  RUN js-fuzzer-boundary-ccde2dac26f6.js [1226/10000] md5=ccde2dac26f6d3fd46c3698825685fe3 bytes=113 template=boundary origin=boundary:1
 PASS js-fuzzer-boundary-ccde2dac26f6.js [1226/10000] status=ok obs=c4ca4238a0b9 coverage=+0/32/38 time=1ms
  RUN js-fuzzer-array-object-88fb76e4a268.js [1227/10000] md5=88fb76e4a2680b7ea54fc134eb3e1359 bytes=133 template=array-object origin=seed:tests/corpus/syntax/logical-unary-nullish.test.js
 PASS js-fuzzer-array-object-88fb76e4a268.js [1227/10000] status=ok obs=c74d97b01eae coverage=+0/32/38 time=2ms
  RUN js-fuzzer-closure-72b4f45bb276.js [1228/10000] md5=72b4f45bb276de5a43bf41985860eded bytes=184 template=closure origin=seed:tests/corpus/syntax/object-destructure-and-members.test.js
 PASS js-fuzzer-closure-72b4f45bb276.js [1228/10000] status=ok obs=e2c420d928d4 coverage=+0/32/38 time=1ms
  RUN js-fuzzer-block-scope-6afbd590aa11.js [1229/10000] md5=6afbd590aa11b6bf62fcef714f76bcda bytes=114 template=block-scope origin=seed:tests/corpus/syntax/switch-do-while-sequence.test.js
 PASS js-fuzzer-block-scope-6afbd590aa11.js [1229/10000] status=ok obs=6974ce5ac660 coverage=+0/32/38 time=2ms
  RUN js-fuzzer-loop-55c7c905bffb.js [1230/10000] md5=55c7c905bffb4bbbc4c8fb9b91df6ad8 bytes=81 template=loop origin=seed:tests/corpus/syntax/template-array-destructure.test.js
 PASS js-fuzzer-loop-55c7c905bffb.js [1230/10000] status=ok obs=eccbc87e4b5c coverage=+0/32/38 time=2ms
  RUN js-fuzzer-try-catch-0db921dfa62d.js [1231/10000] md5=0db921dfa62dbbfd21889addc9a83362 bytes=110 template=try-catch origin=seed:tests/corpus/syntax/typescript-assertions.test.ts
 PASS js-fuzzer-try-catch-0db921dfa62d.js [1231/10000] status=ok obs=34173cb38f07 coverage=+0/32/38 time=1ms
  RUN js-fuzzer-class-a365d1a76b7b.js [1232/10000] md5=a365d1a76b7b0d4310621afa7caac433 bytes=100 template=class origin=seed:tests/corpus/syntax/typescript-non-null-satisfies.test.ts
 PASS js-fuzzer-class-a365d1a76b7b.js [1232/10000] status=ok obs=8f14e45fceea coverage=+0/32/38 time=2ms
  RUN js-fuzzer-boundary-235131a2d0d1.js [1233/10000] md5=235131a2d0d184afe9327ca3bd456dde bytes=129 template=boundary origin=boundary:-9007199254740991
 PASS js-fuzzer-boundary-235131a2d0d1.js [1233/10000] status=ok obs=b3f3a95848f6 coverage=+0/32/38 time=1ms
  RUN js-fuzzer-corpus-ab8ca4f8757c.js [1234/10000] md5=ab8ca4f8757c6165b29cd6a662edad93 bytes=450 template=corpus origin=tests/corpus/fixtures/state-machine-workflow.test.js
 PASS js-fuzzer-corpus-ab8ca4f8757c.js [1234/10000] status=ok obs=b9f49c580664 coverage=+0/32/38 time=1ms
  RUN js-fuzzer-array-object-4b7327d03a54.js [1235/10000] md5=4b7327d03a541fbf7b988e30336a52bf bytes=133 template=array-object origin=seed:tests/corpus/fixtures/vue-script-workflow.test.vue
 PASS js-fuzzer-array-object-4b7327d03a54.js [1235/10000] status=ok obs=6512bd43d9ca coverage=+0/32/38 time=1ms
  RUN js-fuzzer-closure-b8932a890e99.js [1236/10000] md5=b8932a890e99d0be8d5769e2167a36c3 bytes=185 template=closure origin=seed:tests/corpus/obfuscation/constant-tag-mix.test.js
 PASS js-fuzzer-closure-b8932a890e99.js [1236/10000] status=ok obs=43ec517d68b6 coverage=+0/32/38 time=2ms
  RUN js-fuzzer-block-scope-311be2c58659.js [1237/10000] md5=311be2c58659ae2ad03e69ef08c4beb9 bytes=115 template=block-scope origin=seed:tests/corpus/obfuscation/extern-slot-permutation.test.js
 PASS js-fuzzer-block-scope-311be2c58659.js [1237/10000] status=ok obs=5f93f983524d coverage=+0/32/38 time=1ms
  RUN js-fuzzer-loop-b88258462a8d.js [1238/10000] md5=b88258462a8d880f8b0e459fa23b2536 bytes=81 template=loop origin=seed:tests/corpus/obfuscation/externs-console.test.js
 PASS js-fuzzer-loop-b88258462a8d.js [1238/10000] status=ok obs=3c59dc048e88 coverage=+0/32/38 time=2ms
  RUN js-fuzzer-try-catch-8d9c7d254dda.js [1239/10000] md5=8d9c7d254ddaafdc283e844d5d9a6231 bytes=109 template=try-catch origin=seed:tests/corpus/obfuscation/seed-sensitive-functions.test.js
 PASS js-fuzzer-try-catch-8d9c7d254dda.js [1239/10000] status=ok obs=a87ff679a2f3 coverage=+0/32/38 time=2ms
  RUN js-fuzzer-boundary-56f451fe2902.js [1240/10000] md5=56f451fe2902341a3a470031c46238b3 bytes=123 template=boundary origin=boundary:-2147483648
 PASS js-fuzzer-boundary-56f451fe2902.js [1240/10000] status=ok obs=034ff5946105 coverage=+0/32/38 time=1ms
  RUN js-fuzzer-arithmetic-0b88bae894fc.js [1241/10000] md5=0b88bae894fc263392c586877e520caa bytes=84 template=arithmetic origin=seed:tests/corpus/regressions/multiple-functions-fib-add.test.js
 PASS js-fuzzer-arithmetic-0b88bae894fc.js [1241/10000] status=ok obs=a3c65c297427 coverage=+0/32/38 time=2ms
  RUN js-fuzzer-function-8a3820bf6e52.js [1242/10000] md5=8a3820bf6e52dcab1a0437ab7872cf6a bytes=153 template=function origin=seed:tests/corpus/regressions/scope-compressed-closure-params.test.js
 PASS js-fuzzer-function-8a3820bf6e52.js [1242/10000] status=ok obs=a87ff679a2f3 coverage=+0/32/38 time=2ms
  RUN js-fuzzer-corpus-a07012429fce.js [1243/10000] md5=a07012429fce4b4d7c8af42f445f70b9 bytes=163 template=corpus origin=tests/corpus/runtime/arrays-objects-methods.test.js
 PASS js-fuzzer-corpus-a07012429fce.js [1243/10000] status=ok obs=c51ce410c124 coverage=+0/32/38 time=2ms
  RUN js-fuzzer-closure-9b6a1b1ec482.js [1244/10000] md5=9b6a1b1ec48268d10bf09009ef7b43be bytes=185 template=closure origin=seed:tests/corpus/runtime/block-scopes.test.js
 PASS js-fuzzer-closure-9b6a1b1ec482.js [1244/10000] status=ok obs=b53b3a3d6ab9 coverage=+0/32/38 time=1ms
  RUN js-fuzzer-block-scope-1aea42ff83c7.js [1245/10000] md5=1aea42ff83c7426f6beafa17777ff418 bytes=114 template=block-scope origin=seed:tests/corpus/runtime/class-fields-static-methods.test.js
 PASS js-fuzzer-block-scope-1aea42ff83c7.js [1245/10000] status=ok obs=a3c65c297427 coverage=+0/32/38 time=2ms
  RUN js-fuzzer-loop-bbf1d7a15d8d.js [1246/10000] md5=bbf1d7a15d8dd015402d75c0e0108b5f bytes=81 template=loop origin=seed:tests/corpus/runtime/classes-and-objects.test.js
 PASS js-fuzzer-loop-bbf1d7a15d8d.js [1246/10000] status=ok obs=1679091c5a88 coverage=+0/32/38 time=1ms
  RUN js-fuzzer-boundary-6d89c3a838ae.js [1247/10000] md5=6d89c3a838ae354bda64ec37ec2b63b1 bytes=114 template=boundary origin=boundary:-2
 PASS js-fuzzer-boundary-6d89c3a838ae.js [1247/10000] status=ok obs=5d7b9adcbe1c coverage=+0/32/38 time=2ms
  RUN js-fuzzer-class-587587295e00.js [1248/10000] md5=587587295e0075a0a19c4572e53274fe bytes=101 template=class origin=seed:tests/corpus/runtime/closures-read-captured-values.test.js
 PASS js-fuzzer-class-587587295e00.js [1248/10000] status=ok obs=1f0e3dad9990 coverage=+0/32/38 time=2ms
  RUN js-fuzzer-arithmetic-ecfcc3d14719.js [1249/10000] md5=ecfcc3d14719f713d5476873140f5033 bytes=85 template=arithmetic origin=seed:tests/corpus/runtime/exceptions-and-nullish.test.js
 PASS js-fuzzer-arithmetic-ecfcc3d14719.js [1249/10000] status=ok obs=7f39f8317fbd coverage=+0/32/38 time=1ms
  RUN js-fuzzer-function-d3859b93eee1.js [1250/10000] md5=d3859b93eee1f3bcfec0cda51c4d02bf bytes=153 template=function origin=seed:tests/corpus/runtime/functions-closures-and-arrows.test.js
 PASS js-fuzzer-function-d3859b93eee1.js [1250/10000] status=ok obs=a87ff679a2f3 coverage=+0/32/38 time=2ms
  RUN js-fuzzer-array-object-3b264a34b7fe.js [1251/10000] md5=3b264a34b7febb683e249e64b49e5c97 bytes=133 template=array-object origin=seed:tests/corpus/runtime/lexical-shadowing.test.js
 PASS js-fuzzer-array-object-3b264a34b7fe.js [1251/10000] status=ok obs=aab3238922bc coverage=+0/32/38 time=1ms
  RUN js-fuzzer-corpus-4131d841163b.js [1252/10000] md5=4131d841163b79e192bca9d4fc683c54 bytes=58 template=corpus origin=tests/corpus/runtime/modules-export.test.js
 PASS js-fuzzer-corpus-4131d841163b.js [1252/10000] status=ok obs=8f14e45fceea coverage=+0/32/38 time=1ms
  RUN js-fuzzer-block-scope-c54c93e141bc.js [1253/10000] md5=c54c93e141bc8ee7724d1c13ebb51f74 bytes=114 template=block-scope origin=seed:tests/corpus/runtime/nested-try-finally.test.js
 PASS js-fuzzer-block-scope-c54c93e141bc.js [1253/10000] status=ok obs=ec8956637a99 coverage=+0/32/38 time=2ms
  RUN js-fuzzer-boundary-1024adcac0e5.js [1254/10000] md5=1024adcac0e5cc9f99f478fa66dcc00c bytes=114 template=boundary origin=boundary:-1
 PASS js-fuzzer-boundary-1024adcac0e5.js [1254/10000] status=ok obs=6bb61e3b7bce coverage=+0/32/38 time=1ms
  RUN js-fuzzer-try-catch-85daf11db7ec.js [1255/10000] md5=85daf11db7ec5f71a0e05a86a536d94d bytes=110 template=try-catch origin=seed:tests/corpus/syntax/logical-unary-nullish.test.js
 PASS js-fuzzer-try-catch-85daf11db7ec.js [1255/10000] status=ok obs=f7177163c833 coverage=+0/32/38 time=2ms
  RUN js-fuzzer-class-3b630e2d834a.js [1256/10000] md5=3b630e2d834a95a01ee75571f8bc0075 bytes=101 template=class origin=seed:tests/corpus/syntax/object-destructure-and-members.test.js
 PASS js-fuzzer-class-3b630e2d834a.js [1256/10000] status=ok obs=6512bd43d9ca coverage=+0/32/38 time=2ms
  RUN js-fuzzer-arithmetic-18ab4de513fd.js [1257/10000] md5=18ab4de513fdc486d34a75b3fb17fc8a bytes=85 template=arithmetic origin=seed:tests/corpus/syntax/switch-do-while-sequence.test.js
 PASS js-fuzzer-arithmetic-18ab4de513fd.js [1257/10000] status=ok obs=9766527f2b5d coverage=+0/32/38 time=1ms
  RUN js-fuzzer-function-88a1a2ce9ecc.js [1258/10000] md5=88a1a2ce9eccc8d7f1092c43da9e0b1f bytes=153 template=function origin=seed:tests/corpus/syntax/template-array-destructure.test.js
 PASS js-fuzzer-function-88a1a2ce9ecc.js [1258/10000] status=ok obs=45c48cce2e2d coverage=+0/32/38 time=2ms
  RUN js-fuzzer-array-object-d59bab2e923e.js [1259/10000] md5=d59bab2e923e56ad0862492fce083fae bytes=133 template=array-object origin=seed:tests/corpus/syntax/typescript-assertions.test.ts
 PASS js-fuzzer-array-object-d59bab2e923e.js [1259/10000] status=ok obs=1f0e3dad9990 coverage=+0/32/38 time=2ms
  RUN js-fuzzer-closure-92f69f9d4ee8.js [1260/10000] md5=92f69f9d4ee84fb064435b76310f1333 bytes=184 template=closure origin=seed:tests/corpus/syntax/typescript-non-null-satisfies.test.ts
 PASS js-fuzzer-closure-92f69f9d4ee8.js [1260/10000] status=ok obs=c16a5320fa47 coverage=+0/32/38 time=1ms
  RUN js-fuzzer-corpus-797f152bf878.js [1261/10000] md5=797f152bf878d5049066c6db6d2360b3 bytes=355 template=corpus origin=tests/corpus/fixtures/job-workflow.test.js
 PASS js-fuzzer-corpus-797f152bf878.js [1261/10000] status=ok obs=b9de0628c8ec coverage=+0/32/38 time=2ms
  RUN js-fuzzer-loop-54e460cecf5c.js [1262/10000] md5=54e460cecf5c05dfcffaa3b2e5f57445 bytes=81 template=loop origin=seed:tests/corpus/fixtures/state-machine-workflow.test.js
 PASS js-fuzzer-loop-54e460cecf5c.js [1262/10000] status=ok obs=d3d9446802a4 coverage=+0/32/38 time=2ms
  RUN js-fuzzer-try-catch-8031e9fbb6ce.js [1263/10000] md5=8031e9fbb6ce9336eae93af8638d05b3 bytes=110 template=try-catch origin=seed:tests/corpus/fixtures/vue-script-workflow.test.vue
 PASS js-fuzzer-try-catch-8031e9fbb6ce.js [1263/10000] status=ok obs=a1d0c6e83f02 coverage=+0/32/38 time=2ms
  RUN js-fuzzer-class-a35a4dd2f302.js [1264/10000] md5=a35a4dd2f302fda9a0e8d6e2c980c283 bytes=101 template=class origin=seed:tests/corpus/obfuscation/constant-tag-mix.test.js
 PASS js-fuzzer-class-a35a4dd2f302.js [1264/10000] status=ok obs=9bf31c7ff062 coverage=+0/32/38 time=1ms
  RUN js-fuzzer-arithmetic-d4dd773fde41.js [1265/10000] md5=d4dd773fde417248d6d5bab0add8662b bytes=85 template=arithmetic origin=seed:tests/corpus/obfuscation/extern-slot-permutation.test.js
 PASS js-fuzzer-arithmetic-d4dd773fde41.js [1265/10000] status=ok obs=182be0c5cdcd coverage=+0/32/38 time=2ms
  RUN js-fuzzer-function-f9a15ede1a13.js [1266/10000] md5=f9a15ede1a136ec60ae593fd7d4d8635 bytes=153 template=function origin=seed:tests/corpus/obfuscation/externs-console.test.js
 PASS js-fuzzer-function-f9a15ede1a13.js [1266/10000] status=ok obs=d3d9446802a4 coverage=+0/32/38 time=2ms
  RUN js-fuzzer-array-object-a1ce5891772b.js [1267/10000] md5=a1ce5891772becf76d309998f3c345fa bytes=133 template=array-object origin=seed:tests/corpus/obfuscation/seed-sensitive-functions.test.js
 PASS js-fuzzer-array-object-a1ce5891772b.js [1267/10000] status=ok obs=d3d9446802a4 coverage=+0/32/38 time=1ms
  RUN js-fuzzer-boundary-6330cdecf02f.js [1268/10000] md5=6330cdecf02f68328876d88213acc2ac bytes=128 template=boundary origin=boundary:9007199254740991
 PASS js-fuzzer-boundary-6330cdecf02f.js [1268/10000] status=ok obs=8bfa9ad090fb coverage=+0/32/38 time=2ms
  RUN js-fuzzer-block-scope-f5604b68889a.js [1269/10000] md5=f5604b68889a8927f6b1b388f02368aa bytes=115 template=block-scope origin=seed:tests/corpus/regressions/multiple-functions-fib-add.test.js
 PASS js-fuzzer-block-scope-f5604b68889a.js [1269/10000] status=ok obs=5f93f983524d coverage=+0/32/38 time=1ms
  RUN js-fuzzer-corpus-c28cfb056309.js [1270/10000] md5=c28cfb056309f2a77f8bd9756b123c54 bytes=147 template=corpus origin=tests/corpus/regressions/scope-compressed-closure-params.test.js
 PASS js-fuzzer-corpus-c28cfb056309.js [1270/10000] status=ok obs=c51ce410c124 coverage=+0/32/38 time=2ms
  RUN js-fuzzer-try-catch-ee30a401530f.js [1271/10000] md5=ee30a401530f819cbc5581e8feb5d305 bytes=110 template=try-catch origin=seed:tests/corpus/runtime/arrays-objects-methods.test.js
 PASS js-fuzzer-try-catch-ee30a401530f.js [1271/10000] status=ok obs=182be0c5cdcd coverage=+0/32/38 time=2ms
  RUN js-fuzzer-class-b901915e3eda.js [1272/10000] md5=b901915e3eda1a96f77dcec9fff681b5 bytes=100 template=class origin=seed:tests/corpus/runtime/block-scopes.test.js
 PASS js-fuzzer-class-b901915e3eda.js [1272/10000] status=ok obs=c81e728d9d4c coverage=+0/32/38 time=2ms
  RUN js-fuzzer-arithmetic-fbdceff20019.js [1273/10000] md5=fbdceff20019f9c22df80c228dfb742a bytes=85 template=arithmetic origin=seed:tests/corpus/runtime/class-fields-static-methods.test.js
 PASS js-fuzzer-arithmetic-fbdceff20019.js [1273/10000] status=ok obs=b6d767d2f8ed coverage=+0/32/38 time=1ms
  RUN js-fuzzer-function-8c13c976bcff.js [1274/10000] md5=8c13c976bcff676fd4a8e7119e7306e3 bytes=153 template=function origin=seed:tests/corpus/runtime/classes-and-objects.test.js
 PASS js-fuzzer-function-8c13c976bcff.js [1274/10000] status=ok obs=aab3238922bc coverage=+0/32/38 time=2ms
  RUN js-fuzzer-boundary-5c12d757f0dd.js [1275/10000] md5=5c12d757f0ddd5c6b1207b14fb1e8d0c bytes=122 template=boundary origin=boundary:2147483647
 PASS js-fuzzer-boundary-5c12d757f0dd.js [1275/10000] status=ok obs=c588c0a459f4 coverage=+0/32/38 time=2ms
  RUN js-fuzzer-closure-7653a6213a16.js [1276/10000] md5=7653a6213a166a1e08619e71a6cdac16 bytes=184 template=closure origin=seed:tests/corpus/runtime/closures-read-captured-values.test.js
 PASS js-fuzzer-closure-7653a6213a16.js [1276/10000] status=ok obs=d82c8d1619ad coverage=+0/32/38 time=1ms
  RUN js-fuzzer-block-scope-16ac37f9479a.js [1277/10000] md5=16ac37f9479a83404389f15ef4293fd8 bytes=114 template=block-scope origin=seed:tests/corpus/runtime/exceptions-and-nullish.test.js
 PASS js-fuzzer-block-scope-16ac37f9479a.js [1277/10000] status=ok obs=f0935e4cd592 coverage=+0/32/38 time=2ms
  RUN js-fuzzer-loop-bbf1d7a15d8d.js [1278/10000] md5=bbf1d7a15d8dd015402d75c0e0108b5f bytes=81 template=loop origin=seed:tests/corpus/runtime/functions-closures-and-arrows.test.js
 PASS js-fuzzer-loop-bbf1d7a15d8d.js [1278/10000] status=ok obs=1679091c5a88 coverage=+0/32/38 time=2ms
  RUN js-fuzzer-corpus-463d4dee8a1f.js [1279/10000] md5=463d4dee8a1f930fa8af57a704cacf3e bytes=232 template=corpus origin=tests/corpus/runtime/lexical-shadowing.test.js
 PASS js-fuzzer-corpus-463d4dee8a1f.js [1279/10000] status=ok obs=c51ce410c124 coverage=+0/32/38 time=1ms
  RUN js-fuzzer-class-6736c24444bc.js [1280/10000] md5=6736c24444bc6ff151b05a9a974ae4d5 bytes=100 template=class origin=seed:tests/corpus/runtime/modules-export.test.js
 PASS js-fuzzer-class-6736c24444bc.js [1280/10000] status=ok obs=45c48cce2e2d coverage=+0/32/38 time=2ms
  RUN js-fuzzer-arithmetic-77024243463a.js [1281/10000] md5=77024243463a538b817c1a7a207d377f bytes=84 template=arithmetic origin=seed:tests/corpus/runtime/nested-try-finally.test.js
 PASS js-fuzzer-arithmetic-77024243463a.js [1281/10000] status=ok obs=e2c420d928d4 coverage=+0/32/38 time=1ms
  RUN js-fuzzer-boundary-221618e58a55.js [1282/10000] md5=221618e58a55537e4dc7530ef9f57aaf bytes=113 template=boundary origin=boundary:2
 PASS js-fuzzer-boundary-221618e58a55.js [1282/10000] status=ok obs=c81e728d9d4c coverage=+0/32/38 time=2ms
  RUN js-fuzzer-array-object-c345bbae2540.js [1283/10000] md5=c345bbae2540870d39aeade5f1fcc86c bytes=133 template=array-object origin=seed:tests/corpus/syntax/logical-unary-nullish.test.js
 PASS js-fuzzer-array-object-c345bbae2540.js [1283/10000] status=ok obs=6f4922f45568 coverage=+0/32/38 time=2ms
  RUN js-fuzzer-closure-e6766693ea21.js [1284/10000] md5=e6766693ea211273f3bc539992c7198b bytes=183 template=closure origin=seed:tests/corpus/syntax/object-destructure-and-members.test.js
 PASS js-fuzzer-closure-e6766693ea21.js [1284/10000] status=ok obs=a5bfc9e07964 coverage=+0/32/38 time=1ms
  RUN js-fuzzer-block-scope-32ac216b7324.js [1285/10000] md5=32ac216b7324d05afa8a5e5ef1ba6b62 bytes=114 template=block-scope origin=seed:tests/corpus/syntax/switch-do-while-sequence.test.js
 PASS js-fuzzer-block-scope-32ac216b7324.js [1285/10000] status=ok obs=38b3eff8baf5 coverage=+0/32/38 time=1ms
  RUN js-fuzzer-loop-f495ca2fc638.js [1286/10000] md5=f495ca2fc6389f933578fc501f5b1465 bytes=81 template=loop origin=seed:tests/corpus/syntax/template-array-destructure.test.js
 PASS js-fuzzer-loop-f495ca2fc638.js [1286/10000] status=ok obs=c4ca4238a0b9 coverage=+0/32/38 time=2ms
  RUN js-fuzzer-try-catch-0db921dfa62d.js [1287/10000] md5=0db921dfa62dbbfd21889addc9a83362 bytes=110 template=try-catch origin=seed:tests/corpus/syntax/typescript-assertions.test.ts
 PASS js-fuzzer-try-catch-0db921dfa62d.js [1287/10000] status=ok obs=34173cb38f07 coverage=+0/32/38 time=1ms
  RUN js-fuzzer-corpus-e3eeaea0f8a2.js [1288/10000] md5=e3eeaea0f8a2c5d5b650d4007cf78b4a bytes=104 template=corpus origin=tests/corpus/syntax/typescript-non-null-satisfies.test.ts
 PASS js-fuzzer-corpus-e3eeaea0f8a2.js [1288/10000] status=ok obs=d3d9446802a4 coverage=+0/32/38 time=2ms
  RUN js-fuzzer-boundary-ccde2dac26f6.js [1289/10000] md5=ccde2dac26f6d3fd46c3698825685fe3 bytes=113 template=boundary origin=boundary:1
 PASS js-fuzzer-boundary-ccde2dac26f6.js [1289/10000] status=ok obs=c4ca4238a0b9 coverage=+0/32/38 time=1ms
  RUN js-fuzzer-function-be199ff518ed.js [1290/10000] md5=be199ff518edad2305aebc8ea703ea8f bytes=153 template=function origin=seed:tests/corpus/fixtures/state-machine-workflow.test.js
 PASS js-fuzzer-function-be199ff518ed.js [1290/10000] status=ok obs=a87ff679a2f3 coverage=+0/32/38 time=2ms
  RUN js-fuzzer-array-object-0717dd78ed28.js [1291/10000] md5=0717dd78ed283e90d0f982a737d252bf bytes=133 template=array-object origin=seed:tests/corpus/fixtures/vue-script-workflow.test.vue
 PASS js-fuzzer-array-object-0717dd78ed28.js [1291/10000] status=ok obs=c51ce410c124 coverage=+0/32/38 time=2ms
  RUN js-fuzzer-closure-f8120a73d357.js [1292/10000] md5=f8120a73d357bb57b8c9a9aa2e5f177f bytes=183 template=closure origin=seed:tests/corpus/obfuscation/constant-tag-mix.test.js
 PASS js-fuzzer-closure-f8120a73d357.js [1292/10000] status=ok obs=1f0e3dad9990 coverage=+0/32/38 time=1ms
  RUN js-fuzzer-block-scope-cdd47be217da.js [1293/10000] md5=cdd47be217daa8bea34ddd53f13ef990 bytes=114 template=block-scope origin=seed:tests/corpus/obfuscation/extern-slot-permutation.test.js
 PASS js-fuzzer-block-scope-cdd47be217da.js [1293/10000] status=ok obs=c9e1074f5b3f coverage=+0/32/38 time=1ms
  RUN js-fuzzer-loop-55c7c905bffb.js [1294/10000] md5=55c7c905bffb4bbbc4c8fb9b91df6ad8 bytes=81 template=loop origin=seed:tests/corpus/obfuscation/externs-console.test.js
 PASS js-fuzzer-loop-55c7c905bffb.js [1294/10000] status=ok obs=eccbc87e4b5c coverage=+0/32/38 time=2ms
  RUN js-fuzzer-try-catch-40520a1b7956.js [1295/10000] md5=40520a1b7956f57804d753ea77e1e468 bytes=110 template=try-catch origin=seed:tests/corpus/obfuscation/seed-sensitive-functions.test.js
 PASS js-fuzzer-try-catch-40520a1b7956.js [1295/10000] status=ok obs=70efdf2ec9b0 coverage=+0/32/38 time=1ms
  RUN js-fuzzer-boundary-6aec0a9b1ff4.js [1296/10000] md5=6aec0a9b1ff4294bcfecb539ba7e660b bytes=129 template=boundary origin=boundary:-9007199254740991
 PASS js-fuzzer-boundary-6aec0a9b1ff4.js [1296/10000] status=ok obs=b3f3a95848f6 coverage=+0/32/38 time=2ms
  RUN js-fuzzer-corpus-ad9ed8746461.js [1297/10000] md5=ad9ed87464611c6dd81b04b3754c760c bytes=214 template=corpus origin=tests/corpus/regressions/multiple-functions-fib-add.test.js
 PASS js-fuzzer-corpus-ad9ed8746461.js [1297/10000] status=ok obs=3c59dc048e88 coverage=+0/32/38 time=2ms
  RUN js-fuzzer-function-67a4a16b508e.js [1298/10000] md5=67a4a16b508e8efc2a1fbbfc79004c7b bytes=153 template=function origin=seed:tests/corpus/regressions/scope-compressed-closure-params.test.js
 PASS js-fuzzer-function-67a4a16b508e.js [1298/10000] status=ok obs=eccbc87e4b5c coverage=+0/32/38 time=2ms
  RUN js-fuzzer-array-object-3b0e31defd36.js [1299/10000] md5=3b0e31defd367851bd78f8d339c0e84e bytes=133 template=array-object origin=seed:tests/corpus/runtime/arrays-objects-methods.test.js
 PASS js-fuzzer-array-object-3b0e31defd36.js [1299/10000] status=ok obs=45c48cce2e2d coverage=+0/32/38 time=2ms
  RUN js-fuzzer-closure-d9673e634583.js [1300/10000] md5=d9673e63458344245be42fa319fae63d bytes=185 template=closure origin=seed:tests/corpus/runtime/block-scopes.test.js
 PASS js-fuzzer-closure-d9673e634583.js [1300/10000] status=ok obs=fc490ca45c00 coverage=+0/32/38 time=1ms
  RUN js-fuzzer-block-scope-10430c6f962a.js [1301/10000] md5=10430c6f962a4db4653b711f73826914 bytes=114 template=block-scope origin=seed:tests/corpus/runtime/class-fields-static-methods.test.js
 PASS js-fuzzer-block-scope-10430c6f962a.js [1301/10000] status=ok obs=65b9eea6e1cc coverage=+0/32/38 time=2ms
  RUN js-fuzzer-loop-54e460cecf5c.js [1302/10000] md5=54e460cecf5c05dfcffaa3b2e5f57445 bytes=81 template=loop origin=seed:tests/corpus/runtime/classes-and-objects.test.js
 PASS js-fuzzer-loop-54e460cecf5c.js [1302/10000] status=ok obs=d3d9446802a4 coverage=+0/32/38 time=2ms
  RUN js-fuzzer-boundary-56f451fe2902.js [1303/10000] md5=56f451fe2902341a3a470031c46238b3 bytes=123 template=boundary origin=boundary:-2147483648
 PASS js-fuzzer-boundary-56f451fe2902.js [1303/10000] status=ok obs=034ff5946105 coverage=+0/32/38 time=1ms
  RUN js-fuzzer-class-d8979b510eb0.js [1304/10000] md5=d8979b510eb085c9e0e846586f80f265 bytes=101 template=class origin=seed:tests/corpus/runtime/closures-read-captured-values.test.js
 PASS js-fuzzer-class-d8979b510eb0.js [1304/10000] status=ok obs=c74d97b01eae coverage=+0/32/38 time=2ms
  RUN js-fuzzer-arithmetic-e0fb19edba47.js [1305/10000] md5=e0fb19edba47a16c0c600f330c85c121 bytes=85 template=arithmetic origin=seed:tests/corpus/runtime/exceptions-and-nullish.test.js
 PASS js-fuzzer-arithmetic-e0fb19edba47.js [1305/10000] status=ok obs=76dc611d6eba coverage=+0/32/38 time=2ms
  RUN js-fuzzer-corpus-72746d071c58.js [1306/10000] md5=72746d071c58fadd9399bc8934c30553 bytes=197 template=corpus origin=tests/corpus/runtime/functions-closures-and-arrows.test.js
 PASS js-fuzzer-corpus-72746d071c58.js [1306/10000] status=ok obs=c74d97b01eae coverage=+0/32/38 time=1ms
  RUN js-fuzzer-array-object-fb999e03b21a.js [1307/10000] md5=fb999e03b21a12b275cdb8f3f695c917 bytes=133 template=array-object origin=seed:tests/corpus/runtime/lexical-shadowing.test.js
 PASS js-fuzzer-array-object-fb999e03b21a.js [1307/10000] status=ok obs=aab3238922bc coverage=+0/32/38 time=2ms
  RUN js-fuzzer-closure-b7ed14c32c9b.js [1308/10000] md5=b7ed14c32c9bbeb7176c201ccf10300e bytes=183 template=closure origin=seed:tests/corpus/runtime/modules-export.test.js
 PASS js-fuzzer-closure-b7ed14c32c9b.js [1308/10000] status=ok obs=8f14e45fceea coverage=+0/32/38 time=2ms
  RUN js-fuzzer-block-scope-abe4791afcdb.js [1309/10000] md5=abe4791afcdb021f11eb2a51d3daa235 bytes=114 template=block-scope origin=seed:tests/corpus/runtime/nested-try-finally.test.js
 PASS js-fuzzer-block-scope-abe4791afcdb.js [1309/10000] status=ok obs=a3c65c297427 coverage=+0/32/38 time=1ms
  RUN js-fuzzer-boundary-4ae25cb2e150.js [1310/10000] md5=4ae25cb2e15083bfca9f6b81b3f9f24b bytes=114 template=boundary origin=boundary:-2
 PASS js-fuzzer-boundary-4ae25cb2e150.js [1310/10000] status=ok obs=5d7b9adcbe1c coverage=+0/32/38 time=2ms
  RUN js-fuzzer-try-catch-684f084d24b8.js [1311/10000] md5=684f084d24b8db7c12c5b7b39189e1fb bytes=110 template=try-catch origin=seed:tests/corpus/syntax/logical-unary-nullish.test.js
 PASS js-fuzzer-try-catch-684f084d24b8.js [1311/10000] status=ok obs=3416a75f4cea coverage=+0/32/38 time=2ms
  RUN js-fuzzer-class-b901915e3eda.js [1312/10000] md5=b901915e3eda1a96f77dcec9fff681b5 bytes=100 template=class origin=seed:tests/corpus/syntax/object-destructure-and-members.test.js
 PASS js-fuzzer-class-b901915e3eda.js [1312/10000] status=ok obs=c81e728d9d4c coverage=+0/32/38 time=1ms
  RUN js-fuzzer-arithmetic-05e583dd485d.js [1313/10000] md5=05e583dd485d80cb150b84203be17b19 bytes=84 template=arithmetic origin=seed:tests/corpus/syntax/switch-do-while-sequence.test.js
 PASS js-fuzzer-arithmetic-05e583dd485d.js [1313/10000] status=ok obs=d645920e395f coverage=+0/32/38 time=2ms
  RUN js-fuzzer-function-7078b1558e88.js [1314/10000] md5=7078b1558e88c84f2ce4ff32c844a13e bytes=153 template=function origin=seed:tests/corpus/syntax/template-array-destructure.test.js
 PASS js-fuzzer-function-7078b1558e88.js [1314/10000] status=ok obs=1679091c5a88 coverage=+0/32/38 time=2ms
  RUN js-fuzzer-corpus-57a83a4b020d.js [1315/10000] md5=57a83a4b020d4b85b42b0a3709f283ad bytes=130 template=corpus origin=tests/corpus/syntax/typescript-assertions.test.ts
 PASS js-fuzzer-corpus-57a83a4b020d.js [1315/10000] status=ok obs=45c48cce2e2d coverage=+0/32/38 time=1ms
  RUN js-fuzzer-closure-73abde9223c3.js [1316/10000] md5=73abde9223c36253abce96856e05ce93 bytes=184 template=closure origin=seed:tests/corpus/syntax/typescript-non-null-satisfies.test.ts
 PASS js-fuzzer-closure-73abde9223c3.js [1316/10000] status=ok obs=67c6a1e7ce56 coverage=+0/32/38 time=2ms
  RUN js-fuzzer-boundary-7f379f781f4f.js [1317/10000] md5=7f379f781f4f9844733fb0f4c5d8aa15 bytes=114 template=boundary origin=boundary:-1
 PASS js-fuzzer-boundary-7f379f781f4f.js [1317/10000] status=ok obs=6bb61e3b7bce coverage=+0/32/38 time=1ms
  RUN js-fuzzer-loop-d35707ad0bf7.js [1318/10000] md5=d35707ad0bf74148f671ad8943998af6 bytes=81 template=loop origin=seed:tests/corpus/fixtures/state-machine-workflow.test.js
 PASS js-fuzzer-loop-d35707ad0bf7.js [1318/10000] status=ok obs=9bf31c7ff062 coverage=+0/32/38 time=2ms
  RUN js-fuzzer-try-catch-14bcb064f014.js [1319/10000] md5=14bcb064f014dbe91c2010889dcaa2c0 bytes=110 template=try-catch origin=seed:tests/corpus/fixtures/vue-script-workflow.test.vue
 PASS js-fuzzer-try-catch-14bcb064f014.js [1319/10000] status=ok obs=c0c7c76d30bd coverage=+0/32/38 time=2ms
  RUN js-fuzzer-class-ff7d9ca3da86.js [1320/10000] md5=ff7d9ca3da86b49917ac34b4d48e8df9 bytes=101 template=class origin=seed:tests/corpus/obfuscation/constant-tag-mix.test.js
 PASS js-fuzzer-class-ff7d9ca3da86.js [1320/10000] status=ok obs=c20ad4d76fe9 coverage=+0/32/38 time=1ms
  RUN js-fuzzer-arithmetic-a3b5355e4042.js [1321/10000] md5=a3b5355e4042046c3314911fe4fc76fb bytes=84 template=arithmetic origin=seed:tests/corpus/obfuscation/extern-slot-permutation.test.js
 PASS js-fuzzer-arithmetic-a3b5355e4042.js [1321/10000] status=ok obs=2a38a4a9316c coverage=+0/32/38 time=2ms
  RUN js-fuzzer-function-98e8c4d5dcc0.js [1322/10000] md5=98e8c4d5dcc095fbcedf7527b98fd4fe bytes=153 template=function origin=seed:tests/corpus/obfuscation/externs-console.test.js
 PASS js-fuzzer-function-98e8c4d5dcc0.js [1322/10000] status=ok obs=c9f0f895fb98 coverage=+0/32/38 time=2ms
  RUN js-fuzzer-array-object-c7a77682c29b.js [1323/10000] md5=c7a77682c29bf0ae4003e938d8374073 bytes=133 template=array-object origin=seed:tests/corpus/obfuscation/seed-sensitive-functions.test.js
 PASS js-fuzzer-array-object-c7a77682c29b.js [1323/10000] status=ok obs=c20ad4d76fe9 coverage=+0/32/38 time=1ms
  RUN js-fuzzer-corpus-79643e915862.js [1324/10000] md5=79643e91586251700d34c0c65a0220da bytes=89 template=corpus origin=tests/corpus/regressions/destructuring-lowers-to-member.test.js
 PASS js-fuzzer-corpus-79643e915862.js [1324/10000] status=ok obs=eccbc87e4b5c coverage=+0/32/38 time=2ms
  RUN js-fuzzer-block-scope-c2c63e91e186.js [1325/10000] md5=c2c63e91e186252922a08e53abdbe3a5 bytes=115 template=block-scope origin=seed:tests/corpus/regressions/multiple-functions-fib-add.test.js
 PASS js-fuzzer-block-scope-c2c63e91e186.js [1325/10000] status=ok obs=5f93f983524d coverage=+0/32/38 time=1ms
  RUN js-fuzzer-loop-bbf1d7a15d8d.js [1326/10000] md5=bbf1d7a15d8dd015402d75c0e0108b5f bytes=81 template=loop origin=seed:tests/corpus/regressions/scope-compressed-closure-params.test.js
 PASS js-fuzzer-loop-bbf1d7a15d8d.js [1326/10000] status=ok obs=1679091c5a88 coverage=+0/32/38 time=2ms
  RUN js-fuzzer-try-catch-f24fba189d45.js [1327/10000] md5=f24fba189d4541ce9d4809156ecb450c bytes=110 template=try-catch origin=seed:tests/corpus/runtime/arrays-objects-methods.test.js
 PASS js-fuzzer-try-catch-f24fba189d45.js [1327/10000] status=ok obs=1ff1de774005 coverage=+0/32/38 time=2ms
  RUN js-fuzzer-class-7c36fc3c0ad4.js [1328/10000] md5=7c36fc3c0ad4461d5dbbcd7afdfb6b5c bytes=101 template=class origin=seed:tests/corpus/runtime/block-scopes.test.js
 PASS js-fuzzer-class-7c36fc3c0ad4.js [1328/10000] status=ok obs=d3d9446802a4 coverage=+0/32/38 time=1ms
  RUN js-fuzzer-arithmetic-f3ddf5334f1f.js [1329/10000] md5=f3ddf5334f1f4d603e4964c345db37c2 bytes=83 template=arithmetic origin=seed:tests/corpus/runtime/class-fields-static-methods.test.js
 PASS js-fuzzer-arithmetic-f3ddf5334f1f.js [1329/10000] status=ok obs=c8ffe9a587b1 coverage=+0/32/38 time=2ms
  RUN js-fuzzer-function-cb7d7d91d83d.js [1330/10000] md5=cb7d7d91d83d165500656240f14cd1fc bytes=153 template=function origin=seed:tests/corpus/runtime/classes-and-objects.test.js
 PASS js-fuzzer-function-cb7d7d91d83d.js [1330/10000] status=ok obs=8f14e45fceea coverage=+0/32/38 time=1ms
  RUN js-fuzzer-boundary-2b35f90895ea.js [1331/10000] md5=2b35f90895ea85111e562e627044f919 bytes=128 template=boundary origin=boundary:9007199254740991
 PASS js-fuzzer-boundary-2b35f90895ea.js [1331/10000] status=ok obs=8bfa9ad090fb coverage=+0/32/38 time=2ms
  RUN js-fuzzer-closure-ea0ca0ef04a1.js [1332/10000] md5=ea0ca0ef04a1ad5612e42b16666a0ffe bytes=184 template=closure origin=seed:tests/corpus/runtime/closures-read-captured-values.test.js
 PASS js-fuzzer-closure-ea0ca0ef04a1.js [1332/10000] status=ok obs=6ea9ab1baa0e coverage=+0/32/38 time=2ms
  RUN js-fuzzer-corpus-cf8fb96e8476.js [1333/10000] md5=cf8fb96e8476c262b73583c86dd80821 bytes=178 template=corpus origin=tests/corpus/runtime/exceptions-and-nullish.test.js
 PASS js-fuzzer-corpus-cf8fb96e8476.js [1333/10000] status=ok obs=24ed5e8718fc coverage=+0/32/38 time=1ms
  RUN js-fuzzer-loop-bbf1d7a15d8d.js [1334/10000] md5=bbf1d7a15d8dd015402d75c0e0108b5f bytes=81 template=loop origin=seed:tests/corpus/runtime/functions-closures-and-arrows.test.js
 PASS js-fuzzer-loop-bbf1d7a15d8d.js [1334/10000] status=ok obs=1679091c5a88 coverage=+0/32/38 time=2ms
  RUN js-fuzzer-try-catch-4a24aaf1e66a.js [1335/10000] md5=4a24aaf1e66a8b823f90ea06221a0572 bytes=110 template=try-catch origin=seed:tests/corpus/runtime/lexical-shadowing.test.js
 PASS js-fuzzer-try-catch-4a24aaf1e66a.js [1335/10000] status=ok obs=d67d8ab4f4c1 coverage=+0/32/38 time=2ms
  RUN js-fuzzer-class-6736c24444bc.js [1336/10000] md5=6736c24444bc6ff151b05a9a974ae4d5 bytes=100 template=class origin=seed:tests/corpus/runtime/modules-export.test.js
 PASS js-fuzzer-class-6736c24444bc.js [1336/10000] status=ok obs=45c48cce2e2d coverage=+0/32/38 time=1ms
  RUN js-fuzzer-arithmetic-94995555c190.js [1337/10000] md5=94995555c190da3a64896427c21c81a8 bytes=84 template=arithmetic origin=seed:tests/corpus/runtime/nested-try-finally.test.js
 PASS js-fuzzer-arithmetic-94995555c190.js [1337/10000] status=ok obs=c45147dee729 coverage=+0/32/38 time=2ms
  RUN js-fuzzer-boundary-ac080ee0add8.js [1338/10000] md5=ac080ee0add8a3967f40d078a13e076b bytes=122 template=boundary origin=boundary:2147483647
 PASS js-fuzzer-boundary-ac080ee0add8.js [1338/10000] status=ok obs=c588c0a459f4 coverage=+0/32/38 time=1ms
  RUN js-fuzzer-array-object-666617d7ef1c.js [1339/10000] md5=666617d7ef1c7c55a609706a39e015ff bytes=133 template=array-object origin=seed:tests/corpus/syntax/logical-unary-nullish.test.js
 PASS js-fuzzer-array-object-666617d7ef1c.js [1339/10000] status=ok obs=c74d97b01eae coverage=+0/32/38 time=2ms
  RUN js-fuzzer-closure-f51523796550.js [1340/10000] md5=f51523796550de105bfcd1357f0148fe bytes=183 template=closure origin=seed:tests/corpus/syntax/object-destructure-and-members.test.js
 PASS js-fuzzer-closure-f51523796550.js [1340/10000] status=ok obs=02e74f10e032 coverage=+0/32/38 time=2ms
  RUN js-fuzzer-block-scope-457ab2a38efb.js [1341/10000] md5=457ab2a38efb9670e933edf492eb7c27 bytes=114 template=block-scope origin=seed:tests/corpus/syntax/switch-do-while-sequence.test.js
 PASS js-fuzzer-block-scope-457ab2a38efb.js [1341/10000] status=ok obs=65b9eea6e1cc coverage=+0/32/38 time=1ms
  RUN js-fuzzer-corpus-ff388659a641.js [1342/10000] md5=ff388659a6419d1e6e01ce4e7151a52e bytes=135 template=corpus origin=tests/corpus/syntax/template-array-destructure.test.js
 PASS js-fuzzer-corpus-ff388659a641.js [1342/10000] status=ok obs=f61c9a8be43c coverage=+0/32/38 time=2ms
  RUN js-fuzzer-try-catch-83aeb7d5f114.js [1343/10000] md5=83aeb7d5f114f448e90b2f3e31e7a7e9 bytes=110 template=try-catch origin=seed:tests/corpus/syntax/typescript-assertions.test.ts
 PASS js-fuzzer-try-catch-83aeb7d5f114.js [1343/10000] status=ok obs=e369853df766 coverage=+0/32/38 time=2ms
  RUN js-fuzzer-class-a35a4dd2f302.js [1344/10000] md5=a35a4dd2f302fda9a0e8d6e2c980c283 bytes=101 template=class origin=seed:tests/corpus/syntax/typescript-non-null-satisfies.test.ts
 PASS js-fuzzer-class-a35a4dd2f302.js [1344/10000] status=ok obs=9bf31c7ff062 coverage=+0/32/38 time=1ms
  RUN js-fuzzer-boundary-14a05a816d97.js [1345/10000] md5=14a05a816d975afa7654eb06610350d0 bytes=113 template=boundary origin=boundary:2
 PASS js-fuzzer-boundary-14a05a816d97.js [1345/10000] status=ok obs=c81e728d9d4c coverage=+0/32/38 time=2ms
  RUN js-fuzzer-function-be199ff518ed.js [1346/10000] md5=be199ff518edad2305aebc8ea703ea8f bytes=153 template=function origin=seed:tests/corpus/fixtures/state-machine-workflow.test.js
 PASS js-fuzzer-function-be199ff518ed.js [1346/10000] status=ok obs=a87ff679a2f3 coverage=+0/32/38 time=2ms
  RUN js-fuzzer-array-object-a92ac840643b.js [1347/10000] md5=a92ac840643b4eeff100d214dfde0891 bytes=133 template=array-object origin=seed:tests/corpus/fixtures/vue-script-workflow.test.vue
 PASS js-fuzzer-array-object-a92ac840643b.js [1347/10000] status=ok obs=c51ce410c124 coverage=+0/32/38 time=1ms
  RUN js-fuzzer-closure-a44f6e079f72.js [1348/10000] md5=a44f6e079f72c5ca044334b5ad15c646 bytes=184 template=closure origin=seed:tests/corpus/obfuscation/constant-tag-mix.test.js
 PASS js-fuzzer-closure-a44f6e079f72.js [1348/10000] status=ok obs=2838023a778d coverage=+0/32/38 time=2ms
  RUN js-fuzzer-block-scope-592cce677ffc.js [1349/10000] md5=592cce677ffc23a91cff1cbffbb25225 bytes=114 template=block-scope origin=seed:tests/corpus/obfuscation/extern-slot-permutation.test.js
 PASS js-fuzzer-block-scope-592cce677ffc.js [1349/10000] status=ok obs=6974ce5ac660 coverage=+0/32/38 time=2ms
  RUN js-fuzzer-loop-bbf1d7a15d8d.js [1350/10000] md5=bbf1d7a15d8dd015402d75c0e0108b5f bytes=81 template=loop origin=seed:tests/corpus/obfuscation/externs-console.test.js
 PASS js-fuzzer-loop-bbf1d7a15d8d.js [1350/10000] status=ok obs=1679091c5a88 coverage=+0/32/38 time=1ms
  RUN js-fuzzer-corpus-38ba19d9deb7.js [1351/10000] md5=38ba19d9deb7566cc8a420c27ada3f21 bytes=136 template=corpus origin=tests/corpus/obfuscation/seed-sensitive-functions.test.js
 PASS js-fuzzer-corpus-38ba19d9deb7.js [1351/10000] status=ok obs=a5bfc9e07964 coverage=+0/32/38 time=2ms
  RUN js-fuzzer-boundary-a6a77cc918cc.js [1352/10000] md5=a6a77cc918cc479b04ccb7be2bd80dac bytes=113 template=boundary origin=boundary:1
 PASS js-fuzzer-boundary-a6a77cc918cc.js [1352/10000] status=ok obs=c4ca4238a0b9 coverage=+0/32/38 time=1ms
  RUN js-fuzzer-arithmetic-886f424f4111.js [1353/10000] md5=886f424f4111998042dd363217bdeb83 bytes=84 template=arithmetic origin=seed:tests/corpus/regressions/multiple-functions-fib-add.test.js
 PASS js-fuzzer-arithmetic-886f424f4111.js [1353/10000] status=ok obs=d82c8d1619ad coverage=+0/32/38 time=2ms
  RUN js-fuzzer-function-9a24649f1cae.js [1354/10000] md5=9a24649f1caec2a9716934902cbac103 bytes=153 template=function origin=seed:tests/corpus/regressions/scope-compressed-closure-params.test.js
 PASS js-fuzzer-function-9a24649f1cae.js [1354/10000] status=ok obs=9bf31c7ff062 coverage=+0/32/38 time=2ms
  RUN js-fuzzer-array-object-af8301d2f397.js [1355/10000] md5=af8301d2f397ffaf959161e1d7e3643e bytes=133 template=array-object origin=seed:tests/corpus/runtime/arrays-objects-methods.test.js
 PASS js-fuzzer-array-object-af8301d2f397.js [1355/10000] status=ok obs=c9f0f895fb98 coverage=+0/32/38 time=2ms
  RUN js-fuzzer-closure-f4ef0e79ea3a.js [1356/10000] md5=f4ef0e79ea3a45f0a7cc6e77d0fe2fda bytes=183 template=closure origin=seed:tests/corpus/runtime/block-scopes.test.js
 PASS js-fuzzer-closure-f4ef0e79ea3a.js [1356/10000] status=ok obs=8e296a067a37 coverage=+0/32/38 time=2ms
  RUN js-fuzzer-block-scope-9d04571cdd31.js [1357/10000] md5=9d04571cdd314c55cb5d670f68383a18 bytes=114 template=block-scope origin=seed:tests/corpus/runtime/class-fields-static-methods.test.js
 PASS js-fuzzer-block-scope-9d04571cdd31.js [1357/10000] status=ok obs=38b3eff8baf5 coverage=+0/32/38 time=1ms
  RUN js-fuzzer-loop-d35707ad0bf7.js [1358/10000] md5=d35707ad0bf74148f671ad8943998af6 bytes=81 template=loop origin=seed:tests/corpus/runtime/classes-and-objects.test.js
 PASS js-fuzzer-loop-d35707ad0bf7.js [1358/10000] status=ok obs=9bf31c7ff062 coverage=+0/32/38 time=2ms
  RUN js-fuzzer-boundary-e62759fbe8d3.js [1359/10000] md5=e62759fbe8d36ad2cfb89a0f8bac18b9 bytes=129 template=boundary origin=boundary:-9007199254740991
 PASS js-fuzzer-boundary-e62759fbe8d3.js [1359/10000] status=ok obs=b3f3a95848f6 coverage=+0/32/38 time=1ms
  RUN js-fuzzer-corpus-08bc93bf5789.js [1360/10000] md5=08bc93bf57897bc88ce7161fe56cd099 bytes=169 template=corpus origin=tests/corpus/runtime/closures-read-captured-values.test.js
 PASS js-fuzzer-corpus-08bc93bf5789.js [1360/10000] status=ok obs=02e74f10e032 coverage=+0/32/38 time=2ms
  RUN js-fuzzer-arithmetic-36813e03783e.js [1361/10000] md5=36813e03783ef565b2d5bff34fd4e633 bytes=84 template=arithmetic origin=seed:tests/corpus/runtime/exceptions-and-nullish.test.js
 PASS js-fuzzer-arithmetic-36813e03783e.js [1361/10000] status=ok obs=6c4b761a28b7 coverage=+0/32/38 time=2ms
  RUN js-fuzzer-function-8a44cf2ceed5.js [1362/10000] md5=8a44cf2ceed595d9f22254a99d394b8c bytes=153 template=function origin=seed:tests/corpus/runtime/functions-closures-and-arrows.test.js
 PASS js-fuzzer-function-8a44cf2ceed5.js [1362/10000] status=ok obs=1ff1de774005 coverage=+0/32/38 time=2ms
  RUN js-fuzzer-array-object-120932f1dbe0.js [1363/10000] md5=120932f1dbe0bc1c5bc7e0060dccdcba bytes=133 template=array-object origin=seed:tests/corpus/runtime/lexical-shadowing.test.js
 PASS js-fuzzer-array-object-120932f1dbe0.js [1363/10000] status=ok obs=8f14e45fceea coverage=+0/32/38 time=2ms
  RUN js-fuzzer-closure-0dfbc9aef89d.js [1364/10000] md5=0dfbc9aef89dfd46d3110606d771058a bytes=184 template=closure origin=seed:tests/corpus/runtime/modules-export.test.js
 PASS js-fuzzer-closure-0dfbc9aef89d.js [1364/10000] status=ok obs=d2ddea18f006 coverage=+0/32/38 time=2ms
  RUN js-fuzzer-block-scope-e3231a7a656b.js [1365/10000] md5=e3231a7a656be8eb499090ebcb867bc7 bytes=114 template=block-scope origin=seed:tests/corpus/runtime/nested-try-finally.test.js
 PASS js-fuzzer-block-scope-e3231a7a656b.js [1365/10000] status=ok obs=ec8956637a99 coverage=+0/32/38 time=2ms
  RUN js-fuzzer-boundary-56f451fe2902.js [1366/10000] md5=56f451fe2902341a3a470031c46238b3 bytes=123 template=boundary origin=boundary:-2147483648
 PASS js-fuzzer-boundary-56f451fe2902.js [1366/10000] status=ok obs=034ff5946105 coverage=+0/32/38 time=2ms
  RUN js-fuzzer-try-catch-dd0b1ef9b53e.js [1367/10000] md5=dd0b1ef9b53e3ee92bf7cc86c8d4101e bytes=110 template=try-catch origin=seed:tests/corpus/syntax/logical-unary-nullish.test.js
 PASS js-fuzzer-try-catch-dd0b1ef9b53e.js [1367/10000] status=ok obs=642e92efb794 coverage=+0/32/38 time=2ms
  RUN js-fuzzer-class-a9875f561daf.js [1368/10000] md5=a9875f561daf181d949c68fc070db0e0 bytes=101 template=class origin=seed:tests/corpus/syntax/object-destructure-and-members.test.js
 PASS js-fuzzer-class-a9875f561daf.js [1368/10000] status=ok obs=aab3238922bc coverage=+0/32/38 time=2ms
  RUN js-fuzzer-corpus-2aed353a2d20.js [1369/10000] md5=2aed353a2d200d64cbaf7beb40face20 bytes=275 template=corpus origin=tests/corpus/syntax/switch-do-while-sequence.test.js
 PASS js-fuzzer-corpus-2aed353a2d20.js [1369/10000] status=ok obs=6f4922f45568 coverage=+0/32/38 time=2ms
  RUN js-fuzzer-function-53ef3ed61b76.js [1370/10000] md5=53ef3ed61b76dc45be6c66e5b3206216 bytes=153 template=function origin=seed:tests/corpus/syntax/template-array-destructure.test.js
 PASS js-fuzzer-function-53ef3ed61b76.js [1370/10000] status=ok obs=70efdf2ec9b0 coverage=+0/32/38 time=2ms
  RUN js-fuzzer-array-object-e7dcefb8115e.js [1371/10000] md5=e7dcefb8115e90ae2bef4230006e3032 bytes=133 template=array-object origin=seed:tests/corpus/syntax/typescript-assertions.test.ts
 PASS js-fuzzer-array-object-e7dcefb8115e.js [1371/10000] status=ok obs=c9f0f895fb98 coverage=+0/32/38 time=2ms
  RUN js-fuzzer-closure-0ddc14b91322.js [1372/10000] md5=0ddc14b91322135f08bac0ab051ab6cc bytes=184 template=closure origin=seed:tests/corpus/syntax/typescript-non-null-satisfies.test.ts
 PASS js-fuzzer-closure-0ddc14b91322.js [1372/10000] status=ok obs=735b90b45681 coverage=+0/32/38 time=2ms
  RUN js-fuzzer-boundary-db03eeac3914.js [1373/10000] md5=db03eeac3914e8f0a7bfea9eefe9f0de bytes=114 template=boundary origin=boundary:-2
 PASS js-fuzzer-boundary-db03eeac3914.js [1373/10000] status=ok obs=5d7b9adcbe1c coverage=+0/32/38 time=2ms
  RUN js-fuzzer-loop-55c7c905bffb.js [1374/10000] md5=55c7c905bffb4bbbc4c8fb9b91df6ad8 bytes=81 template=loop origin=seed:tests/corpus/fixtures/state-machine-workflow.test.js
 PASS js-fuzzer-loop-55c7c905bffb.js [1374/10000] status=ok obs=eccbc87e4b5c coverage=+0/32/38 time=2ms
  RUN js-fuzzer-try-catch-14bcb064f014.js [1375/10000] md5=14bcb064f014dbe91c2010889dcaa2c0 bytes=110 template=try-catch origin=seed:tests/corpus/fixtures/vue-script-workflow.test.vue
 PASS js-fuzzer-try-catch-14bcb064f014.js [1375/10000] status=ok obs=c0c7c76d30bd coverage=+0/32/38 time=2ms
  RUN js-fuzzer-class-47fbd3db5853.js [1376/10000] md5=47fbd3db58539fc2e42627a4f3168c79 bytes=101 template=class origin=seed:tests/corpus/obfuscation/constant-tag-mix.test.js
 PASS js-fuzzer-class-47fbd3db5853.js [1376/10000] status=ok obs=98f137082101 coverage=+0/32/38 time=2ms
  RUN js-fuzzer-arithmetic-f0d3cdee1bd8.js [1377/10000] md5=f0d3cdee1bd803d2312769f7f2eaa5a3 bytes=83 template=arithmetic origin=seed:tests/corpus/obfuscation/extern-slot-permutation.test.js
 PASS js-fuzzer-arithmetic-f0d3cdee1bd8.js [1377/10000] status=ok obs=e2ef524fbf3d coverage=+0/32/38 time=1ms
  RUN js-fuzzer-corpus-efd663ac427b.js [1378/10000] md5=efd663ac427b5ca270b2f8b928c902bf bytes=112 template=corpus origin=tests/corpus/obfuscation/externs-console.test.js
 PASS js-fuzzer-corpus-efd663ac427b.js [1378/10000] status=ok obs=d289993e39c8 coverage=+0/32/38 time=3ms
  RUN js-fuzzer-array-object-e7dcefb8115e.js [1379/10000] md5=e7dcefb8115e90ae2bef4230006e3032 bytes=133 template=array-object origin=seed:tests/corpus/obfuscation/seed-sensitive-functions.test.js
 PASS js-fuzzer-array-object-e7dcefb8115e.js [1379/10000] status=ok obs=c9f0f895fb98 coverage=+0/32/38 time=2ms
  RUN js-fuzzer-boundary-7f379f781f4f.js [1380/10000] md5=7f379f781f4f9844733fb0f4c5d8aa15 bytes=114 template=boundary origin=boundary:-1
 PASS js-fuzzer-boundary-7f379f781f4f.js [1380/10000] status=ok obs=6bb61e3b7bce coverage=+0/32/38 time=2ms
  RUN js-fuzzer-block-scope-9d4d69844277.js [1381/10000] md5=9d4d69844277eda0e679045a91f2bcf9 bytes=114 template=block-scope origin=seed:tests/corpus/regressions/multiple-functions-fib-add.test.js
 PASS js-fuzzer-block-scope-9d4d69844277.js [1381/10000] status=ok obs=38b3eff8baf5 coverage=+0/32/38 time=1ms
  RUN js-fuzzer-loop-d35707ad0bf7.js [1382/10000] md5=d35707ad0bf74148f671ad8943998af6 bytes=81 template=loop origin=seed:tests/corpus/regressions/scope-compressed-closure-params.test.js
 PASS js-fuzzer-loop-d35707ad0bf7.js [1382/10000] status=ok obs=9bf31c7ff062 coverage=+0/32/38 time=1ms
  RUN js-fuzzer-try-catch-47becaf372c3.js [1383/10000] md5=47becaf372c34523cd2fbacf2b53d016 bytes=110 template=try-catch origin=seed:tests/corpus/runtime/arrays-objects-methods.test.js
 PASS js-fuzzer-try-catch-47becaf372c3.js [1383/10000] status=ok obs=02e74f10e032 coverage=+0/32/38 time=2ms
  RUN js-fuzzer-class-f454a055ed5d.js [1384/10000] md5=f454a055ed5dc800cb1ab66abc7a01de bytes=100 template=class origin=seed:tests/corpus/runtime/block-scopes.test.js
 PASS js-fuzzer-class-f454a055ed5d.js [1384/10000] status=ok obs=a87ff679a2f3 coverage=+0/32/38 time=2ms
  RUN js-fuzzer-arithmetic-3f9789a161f8.js [1385/10000] md5=3f9789a161f840ec94da7eefa188b8b4 bytes=85 template=arithmetic origin=seed:tests/corpus/runtime/class-fields-static-methods.test.js
 PASS js-fuzzer-arithmetic-3f9789a161f8.js [1385/10000] status=ok obs=9b04d152845e coverage=+0/32/38 time=2ms
  RUN js-fuzzer-function-cb7d7d91d83d.js [1386/10000] md5=cb7d7d91d83d165500656240f14cd1fc bytes=153 template=function origin=seed:tests/corpus/runtime/classes-and-objects.test.js
 PASS js-fuzzer-function-cb7d7d91d83d.js [1386/10000] status=ok obs=8f14e45fceea coverage=+0/32/38 time=2ms
  RUN js-fuzzer-corpus-ddcb99247fc8.js [1387/10000] md5=ddcb99247fc847c897b97c6bd6512b9f bytes=217 template=corpus origin=tests/corpus/runtime/closures-mutate-captured-bindings.test.js
 PASS js-fuzzer-corpus-ddcb99247fc8.js [1387/10000] status=ok obs=e4da3b7fbbce coverage=+0/32/38 time=1ms
  RUN js-fuzzer-closure-fa0fcb364d99.js [1388/10000] md5=fa0fcb364d99d720f22a1312ad36b702 bytes=184 template=closure origin=seed:tests/corpus/runtime/closures-read-captured-values.test.js
 PASS js-fuzzer-closure-fa0fcb364d99.js [1388/10000] status=ok obs=72b32a1f754b coverage=+0/32/38 time=2ms
  RUN js-fuzzer-block-scope-0e2f1ddd0627.js [1389/10000] md5=0e2f1ddd0627f4a9c4a62578b5531929 bytes=114 template=block-scope origin=seed:tests/corpus/runtime/exceptions-and-nullish.test.js
 PASS js-fuzzer-block-scope-0e2f1ddd0627.js [1389/10000] status=ok obs=2723d092b638 coverage=+0/32/38 time=2ms
  RUN js-fuzzer-loop-b88258462a8d.js [1390/10000] md5=b88258462a8d880f8b0e459fa23b2536 bytes=81 template=loop origin=seed:tests/corpus/runtime/functions-closures-and-arrows.test.js
 PASS js-fuzzer-loop-b88258462a8d.js [1390/10000] status=ok obs=3c59dc048e88 coverage=+0/32/38 time=2ms
  RUN js-fuzzer-try-catch-83aeb7d5f114.js [1391/10000] md5=83aeb7d5f114f448e90b2f3e31e7a7e9 bytes=110 template=try-catch origin=seed:tests/corpus/runtime/lexical-shadowing.test.js
 PASS js-fuzzer-try-catch-83aeb7d5f114.js [1391/10000] status=ok obs=e369853df766 coverage=+0/32/38 time=1ms
  RUN js-fuzzer-class-47fbd3db5853.js [1392/10000] md5=47fbd3db58539fc2e42627a4f3168c79 bytes=101 template=class origin=seed:tests/corpus/runtime/modules-export.test.js
 PASS js-fuzzer-class-47fbd3db5853.js [1392/10000] status=ok obs=98f137082101 coverage=+0/32/38 time=2ms
  RUN js-fuzzer-arithmetic-0b8d4ccef3ba.js [1393/10000] md5=0b8d4ccef3bae12f06035aba11761adf bytes=83 template=arithmetic origin=seed:tests/corpus/runtime/nested-try-finally.test.js
 PASS js-fuzzer-arithmetic-0b8d4ccef3ba.js [1393/10000] status=ok obs=6512bd43d9ca coverage=+0/32/38 time=2ms
  RUN js-fuzzer-boundary-6330cdecf02f.js [1394/10000] md5=6330cdecf02f68328876d88213acc2ac bytes=128 template=boundary origin=boundary:9007199254740991
 PASS js-fuzzer-boundary-6330cdecf02f.js [1394/10000] status=ok obs=8bfa9ad090fb coverage=+0/32/38 time=1ms
  RUN js-fuzzer-array-object-f37fc1203557.js [1395/10000] md5=f37fc12035574118cc33c793ddee7e21 bytes=133 template=array-object origin=seed:tests/corpus/syntax/logical-unary-nullish.test.js
 PASS js-fuzzer-array-object-f37fc1203557.js [1395/10000] status=ok obs=c9f0f895fb98 coverage=+0/32/38 time=2ms
  RUN js-fuzzer-corpus-96ebdcb81273.js [1396/10000] md5=96ebdcb81273f0e5e5778a6c70c94988 bytes=171 template=corpus origin=tests/corpus/syntax/object-destructure-and-members.test.js
 PASS js-fuzzer-corpus-96ebdcb81273.js [1396/10000] status=ok obs=bfad8dfa12ed coverage=+0/32/38 time=2ms
  RUN js-fuzzer-block-scope-9d04571cdd31.js [1397/10000] md5=9d04571cdd314c55cb5d670f68383a18 bytes=114 template=block-scope origin=seed:tests/corpus/syntax/switch-do-while-sequence.test.js
 PASS js-fuzzer-block-scope-9d04571cdd31.js [1397/10000] status=ok obs=38b3eff8baf5 coverage=+0/32/38 time=3ms
  RUN js-fuzzer-loop-54e460cecf5c.js [1398/10000] md5=54e460cecf5c05dfcffaa3b2e5f57445 bytes=81 template=loop origin=seed:tests/corpus/syntax/template-array-destructure.test.js
 PASS js-fuzzer-loop-54e460cecf5c.js [1398/10000] status=ok obs=d3d9446802a4 coverage=+0/32/38 time=2ms
  RUN js-fuzzer-try-catch-394293a01c1f.js [1399/10000] md5=394293a01c1f5412b61d69cb8738d61b bytes=110 template=try-catch origin=seed:tests/corpus/syntax/typescript-assertions.test.ts
 PASS js-fuzzer-try-catch-394293a01c1f.js [1399/10000] status=ok obs=c74d97b01eae coverage=+0/32/38 time=2ms
  RUN js-fuzzer-class-a9875f561daf.js [1400/10000] md5=a9875f561daf181d949c68fc070db0e0 bytes=101 template=class origin=seed:tests/corpus/syntax/typescript-non-null-satisfies.test.ts
 PASS js-fuzzer-class-a9875f561daf.js [1400/10000] status=ok obs=aab3238922bc coverage=+0/32/38 time=2ms
  RUN js-fuzzer-boundary-4b188851088a.js [1401/10000] md5=4b188851088a18b5b5e1424320aec545 bytes=122 template=boundary origin=boundary:2147483647
 PASS js-fuzzer-boundary-4b188851088a.js [1401/10000] status=ok obs=c588c0a459f4 coverage=+0/32/38 time=2ms
  RUN js-fuzzer-function-4b9684ea9e29.js [1402/10000] md5=4b9684ea9e291ddb6515f98bf0c93905 bytes=153 template=function origin=seed:tests/corpus/fixtures/state-machine-workflow.test.js
 PASS js-fuzzer-function-4b9684ea9e29.js [1402/10000] status=ok obs=eccbc87e4b5c coverage=+0/32/38 time=1ms
  RUN js-fuzzer-array-object-c03082474ff4.js [1403/10000] md5=c03082474ff4270f1794ed7418dac4a7 bytes=133 template=array-object origin=seed:tests/corpus/fixtures/vue-script-workflow.test.vue
 PASS js-fuzzer-array-object-c03082474ff4.js [1403/10000] status=ok obs=6512bd43d9ca coverage=+0/32/38 time=2ms
  RUN js-fuzzer-closure-f21886a4d058.js [1404/10000] md5=f21886a4d058e3a0eec77a1bf32722ec bytes=184 template=closure origin=seed:tests/corpus/obfuscation/constant-tag-mix.test.js
 PASS js-fuzzer-closure-f21886a4d058.js [1404/10000] status=ok obs=d82c8d1619ad coverage=+0/32/38 time=2ms
  RUN js-fuzzer-corpus-fe2d30a6e413.js [1405/10000] md5=fe2d30a6e4139e7a8b52405bed737faa bytes=220 template=corpus origin=tests/corpus/obfuscation/extern-slot-permutation.test.js
 PASS js-fuzzer-corpus-fe2d30a6e413.js [1405/10000] status=ok obs=c34c702d0256 coverage=+0/32/38 time=2ms
  RUN js-fuzzer-loop-b88258462a8d.js [1406/10000] md5=b88258462a8d880f8b0e459fa23b2536 bytes=81 template=loop origin=seed:tests/corpus/obfuscation/externs-console.test.js
 PASS js-fuzzer-loop-b88258462a8d.js [1406/10000] status=ok obs=3c59dc048e88 coverage=+0/32/38 time=2ms
  RUN js-fuzzer-try-catch-6c711f8bb184.js [1407/10000] md5=6c711f8bb184c228d8b20d70b1aabb73 bytes=109 template=try-catch origin=seed:tests/corpus/obfuscation/seed-sensitive-functions.test.js
 PASS js-fuzzer-try-catch-6c711f8bb184.js [1407/10000] status=ok obs=1679091c5a88 coverage=+0/32/38 time=1ms
  RUN js-fuzzer-boundary-85faf3787c26.js [1408/10000] md5=85faf3787c26ca3bad9215a544873988 bytes=113 template=boundary origin=boundary:2
 PASS js-fuzzer-boundary-85faf3787c26.js [1408/10000] status=ok obs=c81e728d9d4c coverage=+0/32/38 time=2ms
  RUN js-fuzzer-arithmetic-35c9464486c2.js [1409/10000] md5=35c9464486c2d95d4bf2928a543d62c7 bytes=84 template=arithmetic origin=seed:tests/corpus/regressions/multiple-functions-fib-add.test.js
 PASS js-fuzzer-arithmetic-35c9464486c2.js [1409/10000] status=ok obs=82aa4b0af34c coverage=+0/32/38 time=1ms
  RUN js-fuzzer-function-67a4a16b508e.js [1410/10000] md5=67a4a16b508e8efc2a1fbbfc79004c7b bytes=153 template=function origin=seed:tests/corpus/regressions/scope-compressed-closure-params.test.js
 PASS js-fuzzer-function-67a4a16b508e.js [1410/10000] status=ok obs=eccbc87e4b5c coverage=+0/32/38 time=2ms
  RUN js-fuzzer-array-object-7cec20ecb3ea.js [1411/10000] md5=7cec20ecb3ea9a52151211aa1d2052b9 bytes=133 template=array-object origin=seed:tests/corpus/runtime/arrays-objects-methods.test.js
 PASS js-fuzzer-array-object-7cec20ecb3ea.js [1411/10000] status=ok obs=9bf31c7ff062 coverage=+0/32/38 time=1ms
  RUN js-fuzzer-closure-46c0df446262.js [1412/10000] md5=46c0df446262ff8cd9766c9447c0270b bytes=185 template=closure origin=seed:tests/corpus/runtime/block-scopes.test.js
 PASS js-fuzzer-closure-46c0df446262.js [1412/10000] status=ok obs=14bfa6bb1487 coverage=+0/32/38 time=2ms
  RUN js-fuzzer-block-scope-32ac216b7324.js [1413/10000] md5=32ac216b7324d05afa8a5e5ef1ba6b62 bytes=114 template=block-scope origin=seed:tests/corpus/runtime/class-fields-static-methods.test.js
 PASS js-fuzzer-block-scope-32ac216b7324.js [1413/10000] status=ok obs=38b3eff8baf5 coverage=+0/32/38 time=2ms
  RUN js-fuzzer-corpus-663bf83cd082.js [1414/10000] md5=663bf83cd082bd221441dae6bbc85046 bytes=278 template=corpus origin=tests/corpus/runtime/classes-and-objects.test.js
 PASS js-fuzzer-corpus-663bf83cd082.js [1414/10000] status=ok obs=6f4922f45568 coverage=+0/32/38 time=1ms
  RUN js-fuzzer-boundary-3ca041277ff0.js [1415/10000] md5=3ca041277ff0c3edafc1a1dcaf120940 bytes=113 template=boundary origin=boundary:1
 PASS js-fuzzer-boundary-3ca041277ff0.js [1415/10000] status=ok obs=c4ca4238a0b9 coverage=+0/32/38 time=2ms
  RUN js-fuzzer-class-a35a4dd2f302.js [1416/10000] md5=a35a4dd2f302fda9a0e8d6e2c980c283 bytes=101 template=class origin=seed:tests/corpus/runtime/closures-read-captured-values.test.js
 PASS js-fuzzer-class-a35a4dd2f302.js [1416/10000] status=ok obs=9bf31c7ff062 coverage=+0/32/38 time=1ms
  RUN js-fuzzer-arithmetic-08b22b16cbe7.js [1417/10000] md5=08b22b16cbe7ef08f657b1c46cb82912 bytes=83 template=arithmetic origin=seed:tests/corpus/runtime/exceptions-and-nullish.test.js
 PASS js-fuzzer-arithmetic-08b22b16cbe7.js [1417/10000] status=ok obs=5ef059938ba7 coverage=+0/32/38 time=2ms
  RUN js-fuzzer-function-8a44cf2ceed5.js [1418/10000] md5=8a44cf2ceed595d9f22254a99d394b8c bytes=153 template=function origin=seed:tests/corpus/runtime/functions-closures-and-arrows.test.js
 PASS js-fuzzer-function-8a44cf2ceed5.js [1418/10000] status=ok obs=1ff1de774005 coverage=+0/32/38 time=3ms
  RUN js-fuzzer-array-object-06bed75fe860.js [1419/10000] md5=06bed75fe8608dd7cf99c9fcb0805418 bytes=133 template=array-object origin=seed:tests/corpus/runtime/lexical-shadowing.test.js
 PASS js-fuzzer-array-object-06bed75fe860.js [1419/10000] status=ok obs=6f4922f45568 coverage=+0/32/38 time=1ms
  RUN js-fuzzer-closure-4a49aa0a08a3.js [1420/10000] md5=4a49aa0a08a34a87008cfcd869316d61 bytes=183 template=closure origin=seed:tests/corpus/runtime/modules-export.test.js
 PASS js-fuzzer-closure-4a49aa0a08a3.js [1420/10000] status=ok obs=3c59dc048e88 coverage=+0/32/38 time=2ms
  RUN js-fuzzer-block-scope-d175622db4b2.js [1421/10000] md5=d175622db4b224d8baf843cc2e215ae0 bytes=114 template=block-scope origin=seed:tests/corpus/runtime/nested-try-finally.test.js
 PASS js-fuzzer-block-scope-d175622db4b2.js [1421/10000] status=ok obs=6974ce5ac660 coverage=+0/32/38 time=2ms
  RUN js-fuzzer-boundary-6aec0a9b1ff4.js [1422/10000] md5=6aec0a9b1ff4294bcfecb539ba7e660b bytes=129 template=boundary origin=boundary:-9007199254740991
 PASS js-fuzzer-boundary-6aec0a9b1ff4.js [1422/10000] status=ok obs=b3f3a95848f6 coverage=+0/32/38 time=1ms
  RUN js-fuzzer-corpus-279b64032335.js [1423/10000] md5=279b640323351a1b082b98b42d2a2d55 bytes=134 template=corpus origin=tests/corpus/syntax/logical-unary-nullish.test.js
 PASS js-fuzzer-corpus-279b64032335.js [1423/10000] status=ok obs=45c48cce2e2d coverage=+0/32/38 time=2ms
  RUN js-fuzzer-class-a365d1a76b7b.js [1424/10000] md5=a365d1a76b7b0d4310621afa7caac433 bytes=100 template=class origin=seed:tests/corpus/syntax/object-destructure-and-members.test.js
 PASS js-fuzzer-class-a365d1a76b7b.js [1424/10000] status=ok obs=8f14e45fceea coverage=+0/32/38 time=1ms
  RUN js-fuzzer-arithmetic-90ec2d4636a9.js [1425/10000] md5=90ec2d4636a934c197ad4597aef1bf15 bytes=84 template=arithmetic origin=seed:tests/corpus/syntax/switch-do-while-sequence.test.js
 PASS js-fuzzer-arithmetic-90ec2d4636a9.js [1425/10000] status=ok obs=fbd7939d6749 coverage=+0/32/38 time=2ms
  RUN js-fuzzer-function-ced1d0daab2e.js [1426/10000] md5=ced1d0daab2e23fdcfec672d899d9739 bytes=153 template=function origin=seed:tests/corpus/syntax/template-array-destructure.test.js
 PASS js-fuzzer-function-ced1d0daab2e.js [1426/10000] status=ok obs=8e296a067a37 coverage=+0/32/38 time=2ms
  RUN js-fuzzer-array-object-c9272432613a.js [1427/10000] md5=c9272432613a082ba0b24698498e0649 bytes=133 template=array-object origin=seed:tests/corpus/syntax/typescript-assertions.test.ts
 PASS js-fuzzer-array-object-c9272432613a.js [1427/10000] status=ok obs=c9f0f895fb98 coverage=+0/32/38 time=2ms
  RUN js-fuzzer-closure-402ab56c065b.js [1428/10000] md5=402ab56c065bcb0260e64be61e58b3ab bytes=184 template=closure origin=seed:tests/corpus/syntax/typescript-non-null-satisfies.test.ts
 PASS js-fuzzer-closure-402ab56c065b.js [1428/10000] status=ok obs=f457c545a9de coverage=+0/32/38 time=1ms
  RUN js-fuzzer-boundary-56f451fe2902.js [1429/10000] md5=56f451fe2902341a3a470031c46238b3 bytes=123 template=boundary origin=boundary:-2147483648
 PASS js-fuzzer-boundary-56f451fe2902.js [1429/10000] status=ok obs=034ff5946105 coverage=+0/32/38 time=2ms
  RUN js-fuzzer-loop-55c7c905bffb.js [1430/10000] md5=55c7c905bffb4bbbc4c8fb9b91df6ad8 bytes=81 template=loop origin=seed:tests/corpus/fixtures/state-machine-workflow.test.js
 PASS js-fuzzer-loop-55c7c905bffb.js [1430/10000] status=ok obs=eccbc87e4b5c coverage=+0/32/38 time=2ms
  RUN js-fuzzer-try-catch-b442aa263f12.js [1431/10000] md5=b442aa263f129fb627b483e77db700ad bytes=110 template=try-catch origin=seed:tests/corpus/fixtures/vue-script-workflow.test.vue
 PASS js-fuzzer-try-catch-b442aa263f12.js [1431/10000] status=ok obs=c20ad4d76fe9 coverage=+0/32/38 time=1ms
  RUN js-fuzzer-corpus-f00ef18b0a17.js [1432/10000] md5=f00ef18b0a172b2a2d9833f5b7fe94e2 bytes=199 template=corpus origin=tests/corpus/obfuscation/constant-tag-mix.test.js
 PASS js-fuzzer-corpus-f00ef18b0a17.js [1432/10000] status=ok obs=e86823f38986 coverage=+0/32/38 time=2ms
  RUN js-fuzzer-arithmetic-bc9a96083c41.js [1433/10000] md5=bc9a96083c41324c17793f32aaf42217 bytes=83 template=arithmetic origin=seed:tests/corpus/obfuscation/extern-slot-permutation.test.js
 PASS js-fuzzer-arithmetic-bc9a96083c41.js [1433/10000] status=ok obs=aab3238922bc coverage=+0/32/38 time=1ms
  RUN js-fuzzer-function-805986a3b478.js [1434/10000] md5=805986a3b4784e72cf43592e25340692 bytes=153 template=function origin=seed:tests/corpus/obfuscation/externs-console.test.js
 PASS js-fuzzer-function-805986a3b478.js [1434/10000] status=ok obs=c51ce410c124 coverage=+0/32/38 time=2ms
  RUN js-fuzzer-array-object-7c235db9b994.js [1435/10000] md5=7c235db9b994cb7dc5c4190b17bc6cec bytes=133 template=array-object origin=seed:tests/corpus/obfuscation/seed-sensitive-functions.test.js
 PASS js-fuzzer-array-object-7c235db9b994.js [1435/10000] status=ok obs=70efdf2ec9b0 coverage=+0/32/38 time=2ms
  RUN js-fuzzer-boundary-92df4f5b559a.js [1436/10000] md5=92df4f5b559a550058b4133ffb629932 bytes=114 template=boundary origin=boundary:-2
 PASS js-fuzzer-boundary-92df4f5b559a.js [1436/10000] status=ok obs=5d7b9adcbe1c coverage=+0/32/38 time=2ms
  RUN js-fuzzer-block-scope-718bfc054c61.js [1437/10000] md5=718bfc054c612231e7c0ff47c22e7aaf bytes=114 template=block-scope origin=seed:tests/corpus/regressions/multiple-functions-fib-add.test.js
 PASS js-fuzzer-block-scope-718bfc054c61.js [1437/10000] status=ok obs=38b3eff8baf5 coverage=+0/32/38 time=1ms
  RUN js-fuzzer-loop-b88258462a8d.js [1438/10000] md5=b88258462a8d880f8b0e459fa23b2536 bytes=81 template=loop origin=seed:tests/corpus/regressions/scope-compressed-closure-params.test.js
 PASS js-fuzzer-loop-b88258462a8d.js [1438/10000] status=ok obs=3c59dc048e88 coverage=+0/32/38 time=2ms
  RUN js-fuzzer-try-catch-8031e9fbb6ce.js [1439/10000] md5=8031e9fbb6ce9336eae93af8638d05b3 bytes=110 template=try-catch origin=seed:tests/corpus/runtime/arrays-objects-methods.test.js
 PASS js-fuzzer-try-catch-8031e9fbb6ce.js [1439/10000] status=ok obs=a1d0c6e83f02 coverage=+0/32/38 time=1ms
  RUN js-fuzzer-class-a365d1a76b7b.js [1440/10000] md5=a365d1a76b7b0d4310621afa7caac433 bytes=100 template=class origin=seed:tests/corpus/runtime/block-scopes.test.js
 PASS js-fuzzer-class-a365d1a76b7b.js [1440/10000] status=ok obs=8f14e45fceea coverage=+0/32/38 time=2ms
  RUN js-fuzzer-corpus-a64e83c2f849.js [1441/10000] md5=a64e83c2f84925dca8985eabe963ee21 bytes=179 template=corpus origin=tests/corpus/runtime/class-fields-static-methods.test.js
 PASS js-fuzzer-corpus-a64e83c2f849.js [1441/10000] status=ok obs=8f14e45fceea coverage=+0/32/38 time=2ms
  RUN js-fuzzer-function-c6a41e639682.js [1442/10000] md5=c6a41e6396823bcfa91e05b3a10b01c0 bytes=153 template=function origin=seed:tests/corpus/runtime/classes-and-objects.test.js
 PASS js-fuzzer-function-c6a41e639682.js [1442/10000] status=ok obs=1f0e3dad9990 coverage=+0/32/38 time=2ms
  RUN js-fuzzer-boundary-3d1d4e90ebd9.js [1443/10000] md5=3d1d4e90ebd99aad7ece59efc98f7563 bytes=114 template=boundary origin=boundary:-1
 PASS js-fuzzer-boundary-3d1d4e90ebd9.js [1443/10000] status=ok obs=6bb61e3b7bce coverage=+0/32/38 time=1ms
  RUN js-fuzzer-closure-a968ba7833a4.js [1444/10000] md5=a968ba7833a4986ac8fe9cc84cc7ad00 bytes=184 template=closure origin=seed:tests/corpus/runtime/closures-read-captured-values.test.js
 PASS js-fuzzer-closure-a968ba7833a4.js [1444/10000] status=ok obs=d09bf41544a3 coverage=+0/32/38 time=2ms
  RUN js-fuzzer-block-scope-efa94059669e.js [1445/10000] md5=efa94059669e708dced2bf48488d1856 bytes=114 template=block-scope origin=seed:tests/corpus/runtime/exceptions-and-nullish.test.js
 PASS js-fuzzer-block-scope-efa94059669e.js [1445/10000] status=ok obs=a97da629b098 coverage=+0/32/38 time=2ms
  RUN js-fuzzer-loop-bbf1d7a15d8d.js [1446/10000] md5=bbf1d7a15d8dd015402d75c0e0108b5f bytes=81 template=loop origin=seed:tests/corpus/runtime/functions-closures-and-arrows.test.js
 PASS js-fuzzer-loop-bbf1d7a15d8d.js [1446/10000] status=ok obs=1679091c5a88 coverage=+0/32/38 time=3ms
  RUN js-fuzzer-try-catch-60965d400692.js [1447/10000] md5=60965d4006920d781586aecbf04b3493 bytes=110 template=try-catch origin=seed:tests/corpus/runtime/lexical-shadowing.test.js
 PASS js-fuzzer-try-catch-60965d400692.js [1447/10000] status=ok obs=1f0e3dad9990 coverage=+0/32/38 time=8ms
  RUN js-fuzzer-class-c0844991889f.js [1448/10000] md5=c0844991889f03308712cd6bc6b7c31c bytes=101 template=class origin=seed:tests/corpus/runtime/modules-export.test.js
 PASS js-fuzzer-class-c0844991889f.js [1448/10000] status=ok obs=70efdf2ec9b0 coverage=+0/32/38 time=4ms
  RUN js-fuzzer-arithmetic-9824bd26848e.js [1449/10000] md5=9824bd26848e8f5974cefc493f4c46c8 bytes=83 template=arithmetic origin=seed:tests/corpus/runtime/nested-try-finally.test.js
 PASS js-fuzzer-arithmetic-9824bd26848e.js [1449/10000] status=ok obs=2838023a778d coverage=+0/32/38 time=6ms
  RUN js-fuzzer-corpus-89e900fcb72f.js [1450/10000] md5=89e900fcb72ff838bfe9a13ae091363f bytes=228 template=corpus origin=tests/corpus/syntax/control-flow-and-operators.test.js
 PASS js-fuzzer-corpus-89e900fcb72f.js [1450/10000] status=ok obs=aab3238922bc coverage=+0/32/38 time=11ms
  RUN js-fuzzer-array-object-fb64055c4c12.js [1451/10000] md5=fb64055c4c12599faaf627c8111afd81 bytes=133 template=array-object origin=seed:tests/corpus/syntax/logical-unary-nullish.test.js
 PASS js-fuzzer-array-object-fb64055c4c12.js [1451/10000] status=ok obs=9bf31c7ff062 coverage=+0/32/38 time=5ms
  RUN js-fuzzer-closure-0574a35434cf.js [1452/10000] md5=0574a35434cf603777d262932fdc4b87 bytes=185 template=closure origin=seed:tests/corpus/syntax/object-destructure-and-members.test.js
 PASS js-fuzzer-closure-0574a35434cf.js [1452/10000] status=ok obs=e2c420d928d4 coverage=+0/32/38 time=12ms
  RUN js-fuzzer-block-scope-58f9e3de3887.js [1453/10000] md5=58f9e3de38876b109c415b07da76f87c bytes=114 template=block-scope origin=seed:tests/corpus/syntax/switch-do-while-sequence.test.js
 PASS js-fuzzer-block-scope-58f9e3de3887.js [1453/10000] status=ok obs=c9e1074f5b3f coverage=+0/32/38 time=5ms
  RUN js-fuzzer-loop-b88258462a8d.js [1454/10000] md5=b88258462a8d880f8b0e459fa23b2536 bytes=81 template=loop origin=seed:tests/corpus/syntax/template-array-destructure.test.js
 PASS js-fuzzer-loop-b88258462a8d.js [1454/10000] status=ok obs=3c59dc048e88 coverage=+0/32/38 time=9ms
  RUN js-fuzzer-try-catch-8a297d00e90e.js [1455/10000] md5=8a297d00e90eb93174a6d6eeae5be951 bytes=110 template=try-catch origin=seed:tests/corpus/syntax/typescript-assertions.test.ts
 PASS js-fuzzer-try-catch-8a297d00e90e.js [1455/10000] status=ok obs=98f137082101 coverage=+0/32/38 time=11ms
  RUN js-fuzzer-class-a35a4dd2f302.js [1456/10000] md5=a35a4dd2f302fda9a0e8d6e2c980c283 bytes=101 template=class origin=seed:tests/corpus/syntax/typescript-non-null-satisfies.test.ts
 PASS js-fuzzer-class-a35a4dd2f302.js [1456/10000] status=ok obs=9bf31c7ff062 coverage=+0/32/38 time=12ms
  RUN js-fuzzer-boundary-83aee5cf07de.js [1457/10000] md5=83aee5cf07deb9d5ce59aec8aff7a227 bytes=128 template=boundary origin=boundary:9007199254740991
 PASS js-fuzzer-boundary-83aee5cf07de.js [1457/10000] status=ok obs=8bfa9ad090fb coverage=+0/32/38 time=12ms
  RUN js-fuzzer-function-06471e1fced1.js [1458/10000] md5=06471e1fced163f025e3f67e77c6ce04 bytes=153 template=function origin=seed:tests/corpus/fixtures/state-machine-workflow.test.js
 PASS js-fuzzer-function-06471e1fced1.js [1458/10000] status=ok obs=45c48cce2e2d coverage=+0/32/38 time=11ms
  RUN js-fuzzer-corpus-f722388c7961.js [1459/10000] md5=f722388c7961d2a0288508c35f28a5f8 bytes=96 template=corpus origin=tests/corpus/fixtures/vue-script-workflow.test.vue
 PASS js-fuzzer-corpus-f722388c7961.js [1459/10000] status=ok obs=6512bd43d9ca coverage=+0/32/38 time=24ms
  RUN js-fuzzer-closure-f2b77fd73bf0.js [1460/10000] md5=f2b77fd73bf0b501dc7369940b9cc2f7 bytes=185 template=closure origin=seed:tests/corpus/obfuscation/constant-tag-mix.test.js
 PASS js-fuzzer-closure-f2b77fd73bf0.js [1460/10000] status=ok obs=28dd2c7955ce coverage=+0/32/38 time=54ms
  RUN js-fuzzer-block-scope-f10771fc8d16.js [1461/10000] md5=f10771fc8d167d816a462bb3854d8e2a bytes=114 template=block-scope origin=seed:tests/corpus/obfuscation/extern-slot-permutation.test.js
 PASS js-fuzzer-block-scope-f10771fc8d16.js [1461/10000] status=ok obs=65b9eea6e1cc coverage=+0/32/38 time=2ms
  RUN js-fuzzer-loop-f495ca2fc638.js [1462/10000] md5=f495ca2fc6389f933578fc501f5b1465 bytes=81 template=loop origin=seed:tests/corpus/obfuscation/externs-console.test.js
 PASS js-fuzzer-loop-f495ca2fc638.js [1462/10000] status=ok obs=c4ca4238a0b9 coverage=+0/32/38 time=3ms
  RUN js-fuzzer-try-catch-c1605790c914.js [1463/10000] md5=c1605790c914ae1743dc7ccc9c3b6fda bytes=110 template=try-catch origin=seed:tests/corpus/obfuscation/seed-sensitive-functions.test.js
 PASS js-fuzzer-try-catch-c1605790c914.js [1463/10000] status=ok obs=1c383cd30b7c coverage=+0/32/38 time=4ms
  RUN js-fuzzer-boundary-ac080ee0add8.js [1464/10000] md5=ac080ee0add8a3967f40d078a13e076b bytes=122 template=boundary origin=boundary:2147483647
 PASS js-fuzzer-boundary-ac080ee0add8.js [1464/10000] status=ok obs=c588c0a459f4 coverage=+0/32/38 time=2ms
  RUN js-fuzzer-arithmetic-615c39a86d33.js [1465/10000] md5=615c39a86d3355354ea42a4bc1b7539d bytes=85 template=arithmetic origin=seed:tests/corpus/regressions/multiple-functions-fib-add.test.js
 PASS js-fuzzer-arithmetic-615c39a86d33.js [1465/10000] status=ok obs=7e7757b1e12a coverage=+0/32/38 time=2ms
  RUN js-fuzzer-function-ba7ea055d439.js [1466/10000] md5=ba7ea055d4397ffca213251195491d86 bytes=153 template=function origin=seed:tests/corpus/regressions/scope-compressed-closure-params.test.js
 PASS js-fuzzer-function-ba7ea055d439.js [1466/10000] status=ok obs=8f14e45fceea coverage=+0/32/38 time=2ms
  RUN js-fuzzer-array-object-e3033fed0840.js [1467/10000] md5=e3033fed0840ee80705f46fc94e6c1df bytes=133 template=array-object origin=seed:tests/corpus/runtime/arrays-objects-methods.test.js
 PASS js-fuzzer-array-object-e3033fed0840.js [1467/10000] status=ok obs=9bf31c7ff062 coverage=+0/32/38 time=2ms
  RUN js-fuzzer-corpus-8b78ba7912c5.js [1468/10000] md5=8b78ba7912c51f6cf304b65c6ebdb2e3 bytes=289 template=corpus origin=tests/corpus/runtime/block-scopes.test.js
 PASS js-fuzzer-corpus-8b78ba7912c5.js [1468/10000] status=ok obs=37693cfc7480 coverage=+0/32/38 time=2ms
  RUN js-fuzzer-block-scope-10430c6f962a.js [1469/10000] md5=10430c6f962a4db4653b711f73826914 bytes=114 template=block-scope origin=seed:tests/corpus/runtime/class-fields-static-methods.test.js
 PASS js-fuzzer-block-scope-10430c6f962a.js [1469/10000] status=ok obs=65b9eea6e1cc coverage=+0/32/38 time=14ms
  RUN js-fuzzer-loop-f495ca2fc638.js [1470/10000] md5=f495ca2fc6389f933578fc501f5b1465 bytes=81 template=loop origin=seed:tests/corpus/runtime/classes-and-objects.test.js
 PASS js-fuzzer-loop-f495ca2fc638.js [1470/10000] status=ok obs=c4ca4238a0b9 coverage=+0/32/38 time=4ms
  RUN js-fuzzer-boundary-e33d9dc9cd6c.js [1471/10000] md5=e33d9dc9cd6c84ec6ac6a01d1d18c4f2 bytes=113 template=boundary origin=boundary:2
 PASS js-fuzzer-boundary-e33d9dc9cd6c.js [1471/10000] status=ok obs=c81e728d9d4c coverage=+0/32/38 time=6ms
  RUN js-fuzzer-class-b1e3642c0208.js [1472/10000] md5=b1e3642c0208992266fb21668a536292 bytes=100 template=class origin=seed:tests/corpus/runtime/closures-read-captured-values.test.js
 PASS js-fuzzer-class-b1e3642c0208.js [1472/10000] status=ok obs=c9f0f895fb98 coverage=+0/32/38 time=3ms
  RUN js-fuzzer-arithmetic-59db17897490.js [1473/10000] md5=59db17897490c82edf690a20ae8a9f19 bytes=83 template=arithmetic origin=seed:tests/corpus/runtime/exceptions-and-nullish.test.js
 PASS js-fuzzer-arithmetic-59db17897490.js [1473/10000] status=ok obs=d82c8d1619ad coverage=+0/32/38 time=1ms
  RUN js-fuzzer-function-66ad482026b9.js [1474/10000] md5=66ad482026b9df67ec5d25c1cce4c653 bytes=153 template=function origin=seed:tests/corpus/runtime/functions-closures-and-arrows.test.js
 PASS js-fuzzer-function-66ad482026b9.js [1474/10000] status=ok obs=6512bd43d9ca coverage=+0/32/38 time=5ms
  RUN js-fuzzer-array-object-4c7e060bb2ea.js [1475/10000] md5=4c7e060bb2ea46c29afee9e1367e7c8d bytes=133 template=array-object origin=seed:tests/corpus/runtime/lexical-shadowing.test.js
 PASS js-fuzzer-array-object-4c7e060bb2ea.js [1475/10000] status=ok obs=d3d9446802a4 coverage=+0/32/38 time=3ms
  RUN js-fuzzer-closure-b970a7be0312.js [1476/10000] md5=b970a7be031244400f531cb4b970ecc8 bytes=184 template=closure origin=seed:tests/corpus/runtime/modules-export.test.js
 PASS js-fuzzer-closure-b970a7be0312.js [1476/10000] status=ok obs=02e74f10e032 coverage=+0/32/38 time=3ms
  RUN js-fuzzer-corpus-c557f8da2a9d.js [1477/10000] md5=c557f8da2a9d2904c70dca50c3eeb50e bytes=191 template=corpus origin=tests/corpus/runtime/nested-try-finally.test.js
 PASS js-fuzzer-corpus-c557f8da2a9d.js [1477/10000] status=ok obs=8f14e45fceea coverage=+0/32/38 time=2ms
  RUN js-fuzzer-boundary-2f35f880f964.js [1478/10000] md5=2f35f880f96468b375c4e71feba05308 bytes=113 template=boundary origin=boundary:1
 PASS js-fuzzer-boundary-2f35f880f964.js [1478/10000] status=ok obs=c4ca4238a0b9 coverage=+0/32/38 time=3ms
  RUN js-fuzzer-try-catch-42a4cfadce42.js [1479/10000] md5=42a4cfadce4239139aa1e7114c2e99a2 bytes=110 template=try-catch origin=seed:tests/corpus/syntax/logical-unary-nullish.test.js
 PASS js-fuzzer-try-catch-42a4cfadce42.js [1479/10000] status=ok obs=19ca14e7ea63 coverage=+0/32/38 time=2ms
  RUN js-fuzzer-class-7c36fc3c0ad4.js [1480/10000] md5=7c36fc3c0ad4461d5dbbcd7afdfb6b5c bytes=101 template=class origin=seed:tests/corpus/syntax/object-destructure-and-members.test.js
 PASS js-fuzzer-class-7c36fc3c0ad4.js [1480/10000] status=ok obs=d3d9446802a4 coverage=+0/32/38 time=2ms
  RUN js-fuzzer-arithmetic-b19514cbfb7e.js [1481/10000] md5=b19514cbfb7e1332c230b2e46cd92121 bytes=85 template=arithmetic origin=seed:tests/corpus/syntax/switch-do-while-sequence.test.js
 PASS js-fuzzer-arithmetic-b19514cbfb7e.js [1481/10000] status=ok obs=6a9aeddfc689 coverage=+0/32/38 time=1ms
  RUN js-fuzzer-function-3c5d7cd75696.js [1482/10000] md5=3c5d7cd75696cd405bd2fe4a10121d7f bytes=153 template=function origin=seed:tests/corpus/syntax/template-array-destructure.test.js
 PASS js-fuzzer-function-3c5d7cd75696.js [1482/10000] status=ok obs=c20ad4d76fe9 coverage=+0/32/38 time=3ms
  RUN js-fuzzer-array-object-e35b26c7977e.js [1483/10000] md5=e35b26c7977e9b568e4b165c7971a850 bytes=133 template=array-object origin=seed:tests/corpus/syntax/typescript-assertions.test.ts
 PASS js-fuzzer-array-object-e35b26c7977e.js [1483/10000] status=ok obs=c51ce410c124 coverage=+0/32/38 time=2ms
  RUN js-fuzzer-closure-2cc5094ed803.js [1484/10000] md5=2cc5094ed8038532adb80128bac76016 bytes=184 template=closure origin=seed:tests/corpus/syntax/typescript-non-null-satisfies.test.ts
 PASS js-fuzzer-closure-2cc5094ed803.js [1484/10000] status=ok obs=6c8349cc7260 coverage=+0/32/38 time=1ms
  RUN js-fuzzer-boundary-37492c99ff33.js [1485/10000] md5=37492c99ff33e9d5e09e0b8e84ba785a bytes=129 template=boundary origin=boundary:-9007199254740991
 PASS js-fuzzer-boundary-37492c99ff33.js [1485/10000] status=ok obs=b3f3a95848f6 coverage=+0/32/38 time=1ms
  RUN js-fuzzer-corpus-ab8ca4f8757c.js [1486/10000] md5=ab8ca4f8757c6165b29cd6a662edad93 bytes=450 template=corpus origin=tests/corpus/fixtures/state-machine-workflow.test.js
 PASS js-fuzzer-corpus-ab8ca4f8757c.js [1486/10000] status=ok obs=b9f49c580664 coverage=+0/32/38 time=2ms
  RUN js-fuzzer-try-catch-ce914b0cd471.js [1487/10000] md5=ce914b0cd471f7c9ec83cbcd645ee9eb bytes=110 template=try-catch origin=seed:tests/corpus/fixtures/vue-script-workflow.test.vue
 PASS js-fuzzer-try-catch-ce914b0cd471.js [1487/10000] status=ok obs=2838023a778d coverage=+0/32/38 time=2ms
  RUN js-fuzzer-class-ff7d9ca3da86.js [1488/10000] md5=ff7d9ca3da86b49917ac34b4d48e8df9 bytes=101 template=class origin=seed:tests/corpus/obfuscation/constant-tag-mix.test.js
 PASS js-fuzzer-class-ff7d9ca3da86.js [1488/10000] status=ok obs=c20ad4d76fe9 coverage=+0/32/38 time=2ms
  RUN js-fuzzer-arithmetic-a2811787c0b3.js [1489/10000] md5=a2811787c0b3d18fcd0e94a79d51cddb bytes=85 template=arithmetic origin=seed:tests/corpus/obfuscation/extern-slot-permutation.test.js
 PASS js-fuzzer-arithmetic-a2811787c0b3.js [1489/10000] status=ok obs=4c56ff4ce4aa coverage=+0/32/38 time=1ms
  RUN js-fuzzer-function-e38b8374b652.js [1490/10000] md5=e38b8374b65234ab6d6009c7a43720d9 bytes=153 template=function origin=seed:tests/corpus/obfuscation/externs-console.test.js
 PASS js-fuzzer-function-e38b8374b652.js [1490/10000] status=ok obs=1679091c5a88 coverage=+0/32/38 time=2ms
  RUN js-fuzzer-array-object-f0e1bd3a5358.js [1491/10000] md5=f0e1bd3a5358851105a70d2b684927fd bytes=133 template=array-object origin=seed:tests/corpus/obfuscation/seed-sensitive-functions.test.js
 PASS js-fuzzer-array-object-f0e1bd3a5358.js [1491/10000] status=ok obs=aab3238922bc coverage=+0/32/38 time=2ms
  RUN js-fuzzer-boundary-512d8e9b531d.js [1492/10000] md5=512d8e9b531dd316e823325cc949e70e bytes=123 template=boundary origin=boundary:-2147483648
 PASS js-fuzzer-boundary-512d8e9b531d.js [1492/10000] status=ok obs=034ff5946105 coverage=+0/32/38 time=2ms
  RUN js-fuzzer-block-scope-05d7f393387e.js [1493/10000] md5=05d7f393387e49ed48ee4ca7d01d714c bytes=114 template=block-scope origin=seed:tests/corpus/regressions/multiple-functions-fib-add.test.js
 PASS js-fuzzer-block-scope-05d7f393387e.js [1493/10000] status=ok obs=6974ce5ac660 coverage=+0/32/38 time=1ms
  RUN js-fuzzer-loop-54e460cecf5c.js [1494/10000] md5=54e460cecf5c05dfcffaa3b2e5f57445 bytes=81 template=loop origin=seed:tests/corpus/regressions/scope-compressed-closure-params.test.js
 PASS js-fuzzer-loop-54e460cecf5c.js [1494/10000] status=ok obs=d3d9446802a4 coverage=+0/32/38 time=2ms
  RUN js-fuzzer-corpus-a07012429fce.js [1495/10000] md5=a07012429fce4b4d7c8af42f445f70b9 bytes=163 template=corpus origin=tests/corpus/runtime/arrays-objects-methods.test.js
 PASS js-fuzzer-corpus-a07012429fce.js [1495/10000] status=ok obs=c51ce410c124 coverage=+0/32/38 time=2ms
  RUN js-fuzzer-class-51ea152a707e.js [1496/10000] md5=51ea152a707ed5422ab3e5b3ddb7fe43 bytes=100 template=class origin=seed:tests/corpus/runtime/block-scopes.test.js
 PASS js-fuzzer-class-51ea152a707e.js [1496/10000] status=ok obs=e4da3b7fbbce coverage=+0/32/38 time=2ms
  RUN js-fuzzer-arithmetic-f909540a40ef.js [1497/10000] md5=f909540a40efeadb32aefded7d3f2c0e bytes=84 template=arithmetic origin=seed:tests/corpus/runtime/class-fields-static-methods.test.js
 PASS js-fuzzer-arithmetic-f909540a40ef.js [1497/10000] status=ok obs=149e9677a598 coverage=+0/32/38 time=1ms
  RUN js-fuzzer-function-2a74733dc731.js [1498/10000] md5=2a74733dc7313f8fa40f843496dd9ed4 bytes=153 template=function origin=seed:tests/corpus/runtime/classes-and-objects.test.js
 PASS js-fuzzer-function-2a74733dc731.js [1498/10000] status=ok obs=45c48cce2e2d coverage=+0/32/38 time=2ms
  RUN js-fuzzer-boundary-4ae25cb2e150.js [1499/10000] md5=4ae25cb2e15083bfca9f6b81b3f9f24b bytes=114 template=boundary origin=boundary:-2
 PASS js-fuzzer-boundary-4ae25cb2e150.js [1499/10000] status=ok obs=5d7b9adcbe1c coverage=+0/32/38 time=2ms
  RUN js-fuzzer-closure-ead8940d2d15.js [1500/10000] md5=ead8940d2d15dfa8fad428e46baaedd0 bytes=184 template=closure origin=seed:tests/corpus/runtime/closures-read-captured-values.test.js
 PASS js-fuzzer-closure-ead8940d2d15.js [1500/10000] status=ok obs=3416a75f4cea coverage=+0/32/38 time=1ms
  RUN js-fuzzer-block-scope-2f4bb21655e1.js [1501/10000] md5=2f4bb21655e1a9ad90390460575f34bf bytes=114 template=block-scope origin=seed:tests/corpus/runtime/exceptions-and-nullish.test.js
 PASS js-fuzzer-block-scope-2f4bb21655e1.js [1501/10000] status=ok obs=2723d092b638 coverage=+0/32/38 time=2ms
  RUN js-fuzzer-loop-d35707ad0bf7.js [1502/10000] md5=d35707ad0bf74148f671ad8943998af6 bytes=81 template=loop origin=seed:tests/corpus/runtime/functions-closures-and-arrows.test.js
 PASS js-fuzzer-loop-d35707ad0bf7.js [1502/10000] status=ok obs=9bf31c7ff062 coverage=+0/32/38 time=2ms
  RUN js-fuzzer-try-catch-47becaf372c3.js [1503/10000] md5=47becaf372c34523cd2fbacf2b53d016 bytes=110 template=try-catch origin=seed:tests/corpus/runtime/lexical-shadowing.test.js
 PASS js-fuzzer-try-catch-47becaf372c3.js [1503/10000] status=ok obs=02e74f10e032 coverage=+0/32/38 time=2ms
  RUN js-fuzzer-corpus-4131d841163b.js [1504/10000] md5=4131d841163b79e192bca9d4fc683c54 bytes=58 template=corpus origin=tests/corpus/runtime/modules-export.test.js
 PASS js-fuzzer-corpus-4131d841163b.js [1504/10000] status=ok obs=8f14e45fceea coverage=+0/32/38 time=1ms
  RUN js-fuzzer-arithmetic-6415a78666e3.js [1505/10000] md5=6415a78666e3dcd718020c34232deb8c bytes=85 template=arithmetic origin=seed:tests/corpus/runtime/nested-try-finally.test.js
 PASS js-fuzzer-arithmetic-6415a78666e3.js [1505/10000] status=ok obs=6c8349cc7260 coverage=+0/32/38 time=2ms
  RUN js-fuzzer-boundary-1024adcac0e5.js [1506/10000] md5=1024adcac0e5cc9f99f478fa66dcc00c bytes=114 template=boundary origin=boundary:-1
 PASS js-fuzzer-boundary-1024adcac0e5.js [1506/10000] status=ok obs=6bb61e3b7bce coverage=+0/32/38 time=2ms
  RUN js-fuzzer-array-object-3e386ab83d45.js [1507/10000] md5=3e386ab83d45e037c1c76db09e1b54a6 bytes=133 template=array-object origin=seed:tests/corpus/syntax/logical-unary-nullish.test.js
 PASS js-fuzzer-array-object-3e386ab83d45.js [1507/10000] status=ok obs=d3d9446802a4 coverage=+0/32/38 time=1ms
  RUN js-fuzzer-closure-47e8dc8d82bf.js [1508/10000] md5=47e8dc8d82bf0b28b6346f0ca212f964 bytes=183 template=closure origin=seed:tests/corpus/syntax/object-destructure-and-members.test.js
 PASS js-fuzzer-closure-47e8dc8d82bf.js [1508/10000] status=ok obs=02e74f10e032 coverage=+0/32/38 time=1ms
  RUN js-fuzzer-block-scope-1073ed1396de.js [1509/10000] md5=1073ed1396de16d82a40aa7d9e53a37c bytes=114 template=block-scope origin=seed:tests/corpus/syntax/switch-do-while-sequence.test.js
 PASS js-fuzzer-block-scope-1073ed1396de.js [1509/10000] status=ok obs=a97da629b098 coverage=+0/32/38 time=2ms
  RUN js-fuzzer-loop-b88258462a8d.js [1510/10000] md5=b88258462a8d880f8b0e459fa23b2536 bytes=81 template=loop origin=seed:tests/corpus/syntax/template-array-destructure.test.js
 PASS js-fuzzer-loop-b88258462a8d.js [1510/10000] status=ok obs=3c59dc048e88 coverage=+0/32/38 time=2ms
  RUN js-fuzzer-try-catch-84bb82ab521c.js [1511/10000] md5=84bb82ab521cc370007aca532f77c9e1 bytes=110 template=try-catch origin=seed:tests/corpus/syntax/typescript-assertions.test.ts
 PASS js-fuzzer-try-catch-84bb82ab521c.js [1511/10000] status=ok obs=c16a5320fa47 coverage=+0/32/38 time=1ms
  RUN js-fuzzer-class-5baf4bed5db4.js [1512/10000] md5=5baf4bed5db4f8205173226efc8fff73 bytes=101 template=class origin=seed:tests/corpus/syntax/typescript-non-null-satisfies.test.ts
 PASS js-fuzzer-class-5baf4bed5db4.js [1512/10000] status=ok obs=6f4922f45568 coverage=+0/32/38 time=2ms
  RUN js-fuzzer-corpus-797f152bf878.js [1513/10000] md5=797f152bf878d5049066c6db6d2360b3 bytes=355 template=corpus origin=tests/corpus/fixtures/job-workflow.test.js
 PASS js-fuzzer-corpus-797f152bf878.js [1513/10000] status=ok obs=b9de0628c8ec coverage=+0/32/38 time=2ms
  RUN js-fuzzer-function-288d473b3a74.js [1514/10000] md5=288d473b3a7495d967aff826da7d201e bytes=153 template=function origin=seed:tests/corpus/fixtures/state-machine-workflow.test.js
 PASS js-fuzzer-function-288d473b3a74.js [1514/10000] status=ok obs=aab3238922bc coverage=+0/32/38 time=2ms
  RUN js-fuzzer-array-object-b4e5b0f7c489.js [1515/10000] md5=b4e5b0f7c4898636a4c2d1376bf8e374 bytes=133 template=array-object origin=seed:tests/corpus/fixtures/vue-script-workflow.test.vue
 PASS js-fuzzer-array-object-b4e5b0f7c489.js [1515/10000] status=ok obs=6f4922f45568 coverage=+0/32/38 time=2ms
  RUN js-fuzzer-closure-9febab6f9169.js [1516/10000] md5=9febab6f9169e771d562ad583c654e81 bytes=184 template=closure origin=seed:tests/corpus/obfuscation/constant-tag-mix.test.js
 PASS js-fuzzer-closure-9febab6f9169.js [1516/10000] status=ok obs=72b32a1f754b coverage=+0/32/38 time=2ms
  RUN js-fuzzer-block-scope-7a5d1b473a05.js [1517/10000] md5=7a5d1b473a0529714feb630e51e69a3d bytes=114 template=block-scope origin=seed:tests/corpus/obfuscation/extern-slot-permutation.test.js
 PASS js-fuzzer-block-scope-7a5d1b473a05.js [1517/10000] status=ok obs=2723d092b638 coverage=+0/32/38 time=1ms
  RUN js-fuzzer-loop-55c7c905bffb.js [1518/10000] md5=55c7c905bffb4bbbc4c8fb9b91df6ad8 bytes=81 template=loop origin=seed:tests/corpus/obfuscation/externs-console.test.js
 PASS js-fuzzer-loop-55c7c905bffb.js [1518/10000] status=ok obs=eccbc87e4b5c coverage=+0/32/38 time=2ms
  RUN js-fuzzer-try-catch-6c711f8bb184.js [1519/10000] md5=6c711f8bb184c228d8b20d70b1aabb73 bytes=109 template=try-catch origin=seed:tests/corpus/obfuscation/seed-sensitive-functions.test.js
 PASS js-fuzzer-try-catch-6c711f8bb184.js [1519/10000] status=ok obs=1679091c5a88 coverage=+0/32/38 time=1ms
  RUN js-fuzzer-boundary-4bea2a6e0cb0.js [1520/10000] md5=4bea2a6e0cb0c7bb0b29e5b5d44112d8 bytes=128 template=boundary origin=boundary:9007199254740991
 PASS js-fuzzer-boundary-4bea2a6e0cb0.js [1520/10000] status=ok obs=dc9a0d67a31d coverage=+0/32/38 time=2ms
  RUN js-fuzzer-arithmetic-582de1362aab.js [1521/10000] md5=582de1362aab248cb005c8b53717eccf bytes=83 template=arithmetic origin=seed:tests/corpus/regressions/multiple-functions-fib-add.test.js
 PASS js-fuzzer-arithmetic-582de1362aab.js [1521/10000] status=ok obs=c9f0f895fb98 coverage=+0/32/38 time=2ms
  RUN js-fuzzer-corpus-c28cfb056309.js [1522/10000] md5=c28cfb056309f2a77f8bd9756b123c54 bytes=147 template=corpus origin=tests/corpus/regressions/scope-compressed-closure-params.test.js
 PASS js-fuzzer-corpus-c28cfb056309.js [1522/10000] status=ok obs=c51ce410c124 coverage=+0/32/38 time=1ms
  RUN js-fuzzer-array-object-3b4718143d2a.js [1523/10000] md5=3b4718143d2adada9ac6940420ca669f bytes=133 template=array-object origin=seed:tests/corpus/runtime/arrays-objects-methods.test.js
 PASS js-fuzzer-array-object-3b4718143d2a.js [1523/10000] status=ok obs=9bf31c7ff062 coverage=+0/32/38 time=2ms
  RUN js-fuzzer-closure-a44f6e079f72.js [1524/10000] md5=a44f6e079f72c5ca044334b5ad15c646 bytes=184 template=closure origin=seed:tests/corpus/runtime/block-scopes.test.js
 PASS js-fuzzer-closure-a44f6e079f72.js [1524/10000] status=ok obs=2838023a778d coverage=+0/32/38 time=2ms
  RUN js-fuzzer-block-scope-fc8a84ed6b55.js [1525/10000] md5=fc8a84ed6b55ab021d7ca999eea70faa bytes=114 template=block-scope origin=seed:tests/corpus/runtime/class-fields-static-methods.test.js
 PASS js-fuzzer-block-scope-fc8a84ed6b55.js [1525/10000] status=ok obs=6974ce5ac660 coverage=+0/32/38 time=1ms
  RUN js-fuzzer-loop-d35707ad0bf7.js [1526/10000] md5=d35707ad0bf74148f671ad8943998af6 bytes=81 template=loop origin=seed:tests/corpus/runtime/classes-and-objects.test.js
 PASS js-fuzzer-loop-d35707ad0bf7.js [1526/10000] status=ok obs=9bf31c7ff062 coverage=+0/32/38 time=2ms
  RUN js-fuzzer-boundary-5c12d757f0dd.js [1527/10000] md5=5c12d757f0ddd5c6b1207b14fb1e8d0c bytes=122 template=boundary origin=boundary:2147483647
 PASS js-fuzzer-boundary-5c12d757f0dd.js [1527/10000] status=ok obs=c588c0a459f4 coverage=+0/32/38 time=1ms
  RUN js-fuzzer-class-769274f77fa6.js [1528/10000] md5=769274f77fa62254ce7e0eb0e3adf7f1 bytes=100 template=class origin=seed:tests/corpus/runtime/closures-read-captured-values.test.js
 PASS js-fuzzer-class-769274f77fa6.js [1528/10000] status=ok obs=c4ca4238a0b9 coverage=+0/32/38 time=1ms
  RUN js-fuzzer-arithmetic-c56cb6a4c939.js [1529/10000] md5=c56cb6a4c9394fe4e72bbb0d2e04450d bytes=85 template=arithmetic origin=seed:tests/corpus/runtime/exceptions-and-nullish.test.js
 PASS js-fuzzer-arithmetic-c56cb6a4c939.js [1529/10000] status=ok obs=e165421110ba coverage=+0/32/38 time=2ms
  RUN js-fuzzer-function-0b0d1f5ee746.js [1530/10000] md5=0b0d1f5ee746281ffbedfb7f7f4c45bc bytes=153 template=function origin=seed:tests/corpus/runtime/functions-closures-and-arrows.test.js
 PASS js-fuzzer-function-0b0d1f5ee746.js [1530/10000] status=ok obs=e4da3b7fbbce coverage=+0/32/38 time=1ms
  RUN js-fuzzer-corpus-463d4dee8a1f.js [1531/10000] md5=463d4dee8a1f930fa8af57a704cacf3e bytes=232 template=corpus origin=tests/corpus/runtime/lexical-shadowing.test.js
 PASS js-fuzzer-corpus-463d4dee8a1f.js [1531/10000] status=ok obs=c51ce410c124 coverage=+0/32/38 time=2ms
  RUN js-fuzzer-closure-e35a9afc1f38.js [1532/10000] md5=e35a9afc1f3848c33ca6902ffed045ca bytes=184 template=closure origin=seed:tests/corpus/runtime/modules-export.test.js
 PASS js-fuzzer-closure-e35a9afc1f38.js [1532/10000] status=ok obs=6ea9ab1baa0e coverage=+0/32/38 time=2ms
  RUN js-fuzzer-block-scope-aa99f3b15079.js [1533/10000] md5=aa99f3b1507939a1697583e3c7532b7e bytes=114 template=block-scope origin=seed:tests/corpus/runtime/nested-try-finally.test.js
 PASS js-fuzzer-block-scope-aa99f3b15079.js [1533/10000] status=ok obs=38b3eff8baf5 coverage=+0/32/38 time=1ms
  RUN js-fuzzer-boundary-e33d9dc9cd6c.js [1534/10000] md5=e33d9dc9cd6c84ec6ac6a01d1d18c4f2 bytes=113 template=boundary origin=boundary:2
 PASS js-fuzzer-boundary-e33d9dc9cd6c.js [1534/10000] status=ok obs=c81e728d9d4c coverage=+0/32/38 time=1ms
  RUN js-fuzzer-try-catch-40520a1b7956.js [1535/10000] md5=40520a1b7956f57804d753ea77e1e468 bytes=110 template=try-catch origin=seed:tests/corpus/syntax/logical-unary-nullish.test.js
 PASS js-fuzzer-try-catch-40520a1b7956.js [1535/10000] status=ok obs=70efdf2ec9b0 coverage=+0/32/38 time=2ms
  RUN js-fuzzer-class-c6bbe0a63455.js [1536/10000] md5=c6bbe0a634559d18fa82cf0c9a421610 bytes=100 template=class origin=seed:tests/corpus/syntax/object-destructure-and-members.test.js
 PASS js-fuzzer-class-c6bbe0a63455.js [1536/10000] status=ok obs=1679091c5a88 coverage=+0/32/38 time=1ms
  RUN js-fuzzer-arithmetic-9c28a3677923.js [1537/10000] md5=9c28a367792315d92333d67b4ce3458a bytes=84 template=arithmetic origin=seed:tests/corpus/syntax/switch-do-while-sequence.test.js
 PASS js-fuzzer-arithmetic-9c28a3677923.js [1537/10000] status=ok obs=37693cfc7480 coverage=+0/32/38 time=2ms
  RUN js-fuzzer-function-1d370c2e7126.js [1538/10000] md5=1d370c2e7126a84b090ad6eed5468375 bytes=153 template=function origin=seed:tests/corpus/syntax/template-array-destructure.test.js
 PASS js-fuzzer-function-1d370c2e7126.js [1538/10000] status=ok obs=8f14e45fceea coverage=+0/32/38 time=2ms
  RUN js-fuzzer-array-object-9234a987cee6.js [1539/10000] md5=9234a987cee6ccd43a7b5a16e0939788 bytes=133 template=array-object origin=seed:tests/corpus/syntax/typescript-assertions.test.ts
 PASS js-fuzzer-array-object-9234a987cee6.js [1539/10000] status=ok obs=c20ad4d76fe9 coverage=+0/32/38 time=1ms
  RUN js-fuzzer-corpus-e3eeaea0f8a2.js [1540/10000] md5=e3eeaea0f8a2c5d5b650d4007cf78b4a bytes=104 template=corpus origin=tests/corpus/syntax/typescript-non-null-satisfies.test.ts
 PASS js-fuzzer-corpus-e3eeaea0f8a2.js [1540/10000] status=ok obs=d3d9446802a4 coverage=+0/32/38 time=2ms
  RUN js-fuzzer-boundary-a6a77cc918cc.js [1541/10000] md5=a6a77cc918cc479b04ccb7be2bd80dac bytes=113 template=boundary origin=boundary:1
 PASS js-fuzzer-boundary-a6a77cc918cc.js [1541/10000] status=ok obs=c4ca4238a0b9 coverage=+0/32/38 time=1ms
  RUN js-fuzzer-loop-f495ca2fc638.js [1542/10000] md5=f495ca2fc6389f933578fc501f5b1465 bytes=81 template=loop origin=seed:tests/corpus/fixtures/state-machine-workflow.test.js
 PASS js-fuzzer-loop-f495ca2fc638.js [1542/10000] status=ok obs=c4ca4238a0b9 coverage=+0/32/38 time=2ms
  RUN js-fuzzer-try-catch-0db921dfa62d.js [1543/10000] md5=0db921dfa62dbbfd21889addc9a83362 bytes=110 template=try-catch origin=seed:tests/corpus/fixtures/vue-script-workflow.test.vue
 PASS js-fuzzer-try-catch-0db921dfa62d.js [1543/10000] status=ok obs=34173cb38f07 coverage=+0/32/38 time=2ms
  RUN js-fuzzer-class-c6bbe0a63455.js [1544/10000] md5=c6bbe0a634559d18fa82cf0c9a421610 bytes=100 template=class origin=seed:tests/corpus/obfuscation/constant-tag-mix.test.js
 PASS js-fuzzer-class-c6bbe0a63455.js [1544/10000] status=ok obs=1679091c5a88 coverage=+0/32/38 time=1ms
  RUN js-fuzzer-arithmetic-eebffc72376e.js [1545/10000] md5=eebffc72376e04f8c76e564e381eedfa bytes=85 template=arithmetic origin=seed:tests/corpus/obfuscation/extern-slot-permutation.test.js
 PASS js-fuzzer-arithmetic-eebffc72376e.js [1545/10000] status=ok obs=757b505cfd34 coverage=+0/32/38 time=2ms
  RUN js-fuzzer-function-805986a3b478.js [1546/10000] md5=805986a3b4784e72cf43592e25340692 bytes=153 template=function origin=seed:tests/corpus/obfuscation/externs-console.test.js
 PASS js-fuzzer-function-805986a3b478.js [1546/10000] status=ok obs=c51ce410c124 coverage=+0/32/38 time=2ms
  RUN js-fuzzer-array-object-55fd048493e6.js [1547/10000] md5=55fd048493e630719b27175e08c29108 bytes=133 template=array-object origin=seed:tests/corpus/obfuscation/seed-sensitive-functions.test.js
 PASS js-fuzzer-array-object-55fd048493e6.js [1547/10000] status=ok obs=6512bd43d9ca coverage=+0/32/38 time=2ms
  RUN js-fuzzer-boundary-235131a2d0d1.js [1548/10000] md5=235131a2d0d184afe9327ca3bd456dde bytes=129 template=boundary origin=boundary:-9007199254740991
 PASS js-fuzzer-boundary-235131a2d0d1.js [1548/10000] status=ok obs=b3f3a95848f6 coverage=+0/32/38 time=1ms
  RUN js-fuzzer-corpus-ad9ed8746461.js [1549/10000] md5=ad9ed87464611c6dd81b04b3754c760c bytes=214 template=corpus origin=tests/corpus/regressions/multiple-functions-fib-add.test.js
 PASS js-fuzzer-corpus-ad9ed8746461.js [1549/10000] status=ok obs=3c59dc048e88 coverage=+0/32/38 time=2ms
  RUN js-fuzzer-loop-f495ca2fc638.js [1550/10000] md5=f495ca2fc6389f933578fc501f5b1465 bytes=81 template=loop origin=seed:tests/corpus/regressions/scope-compressed-closure-params.test.js
 PASS js-fuzzer-loop-f495ca2fc638.js [1550/10000] status=ok obs=c4ca4238a0b9 coverage=+0/32/38 time=2ms
  RUN js-fuzzer-try-catch-e6fdc2579e78.js [1551/10000] md5=e6fdc2579e7880bc0b759de7af5133ab bytes=110 template=try-catch origin=seed:tests/corpus/runtime/arrays-objects-methods.test.js
 PASS js-fuzzer-try-catch-e6fdc2579e78.js [1551/10000] status=ok obs=d645920e395f coverage=+0/32/38 time=2ms
  RUN js-fuzzer-class-6736c24444bc.js [1552/10000] md5=6736c24444bc6ff151b05a9a974ae4d5 bytes=100 template=class origin=seed:tests/corpus/runtime/block-scopes.test.js
 PASS js-fuzzer-class-6736c24444bc.js [1552/10000] status=ok obs=45c48cce2e2d coverage=+0/32/38 time=1ms
  RUN js-fuzzer-arithmetic-8d18e59e38e9.js [1553/10000] md5=8d18e59e38e90f4569f8eed6742b85a0 bytes=84 template=arithmetic origin=seed:tests/corpus/runtime/class-fields-static-methods.test.js
 PASS js-fuzzer-arithmetic-8d18e59e38e9.js [1553/10000] status=ok obs=202cb962ac59 coverage=+0/32/38 time=2ms
  RUN js-fuzzer-function-c6a41e639682.js [1554/10000] md5=c6a41e6396823bcfa91e05b3a10b01c0 bytes=153 template=function origin=seed:tests/corpus/runtime/classes-and-objects.test.js
 PASS js-fuzzer-function-c6a41e639682.js [1554/10000] status=ok obs=1f0e3dad9990 coverage=+0/32/38 time=2ms
  RUN js-fuzzer-boundary-4b8e58e2bd3b.js [1555/10000] md5=4b8e58e2bd3bc437f093fe0ab13ce109 bytes=123 template=boundary origin=boundary:-2147483648
 PASS js-fuzzer-boundary-4b8e58e2bd3b.js [1555/10000] status=ok obs=034ff5946105 coverage=+0/32/38 time=2ms
  RUN js-fuzzer-closure-5c5797a814b8.js [1556/10000] md5=5c5797a814b8b1cefd7ba99080426918 bytes=184 template=closure origin=seed:tests/corpus/runtime/closures-read-captured-values.test.js
 PASS js-fuzzer-closure-5c5797a814b8.js [1556/10000] status=ok obs=17e62166fc85 coverage=+0/32/38 time=1ms
  RUN js-fuzzer-block-scope-2c106c78ce4e.js [1557/10000] md5=2c106c78ce4ef362749d975b855914fc bytes=114 template=block-scope origin=seed:tests/corpus/runtime/exceptions-and-nullish.test.js
 PASS js-fuzzer-block-scope-2c106c78ce4e.js [1557/10000] status=ok obs=f0935e4cd592 coverage=+0/32/38 time=2ms
  RUN js-fuzzer-corpus-72746d071c58.js [1558/10000] md5=72746d071c58fadd9399bc8934c30553 bytes=197 template=corpus origin=tests/corpus/runtime/functions-closures-and-arrows.test.js
 PASS js-fuzzer-corpus-72746d071c58.js [1558/10000] status=ok obs=c74d97b01eae coverage=+0/32/38 time=1ms
  RUN js-fuzzer-try-catch-7b36a94abb6d.js [1559/10000] md5=7b36a94abb6ddf002e9dd3f3d3a0cea5 bytes=110 template=try-catch origin=seed:tests/corpus/runtime/lexical-shadowing.test.js
 PASS js-fuzzer-try-catch-7b36a94abb6d.js [1559/10000] status=ok obs=37693cfc7480 coverage=+0/32/38 time=2ms
  RUN js-fuzzer-class-f454a055ed5d.js [1560/10000] md5=f454a055ed5dc800cb1ab66abc7a01de bytes=100 template=class origin=seed:tests/corpus/runtime/modules-export.test.js
 PASS js-fuzzer-class-f454a055ed5d.js [1560/10000] status=ok obs=a87ff679a2f3 coverage=+0/32/38 time=2ms
  RUN js-fuzzer-arithmetic-e6f904466c0d.js [1561/10000] md5=e6f904466c0db6aad552d5dd54fd5ceb bytes=85 template=arithmetic origin=seed:tests/corpus/runtime/nested-try-finally.test.js
 PASS js-fuzzer-arithmetic-e6f904466c0d.js [1561/10000] status=ok obs=f4b9ec30ad9f coverage=+0/32/38 time=1ms
  RUN js-fuzzer-boundary-db03eeac3914.js [1562/10000] md5=db03eeac3914e8f0a7bfea9eefe9f0de bytes=114 template=boundary origin=boundary:-2
 PASS js-fuzzer-boundary-db03eeac3914.js [1562/10000] status=ok obs=5d7b9adcbe1c coverage=+0/32/38 time=2ms
  RUN js-fuzzer-array-object-86982a7e8c6e.js [1563/10000] md5=86982a7e8c6eb9274579a67145b33810 bytes=133 template=array-object origin=seed:tests/corpus/syntax/logical-unary-nullish.test.js
 PASS js-fuzzer-array-object-86982a7e8c6e.js [1563/10000] status=ok obs=9bf31c7ff062 coverage=+0/32/38 time=2ms
  RUN js-fuzzer-closure-17108fa81f0f.js [1564/10000] md5=17108fa81f0f7931eecfe20051f4c7bd bytes=185 template=closure origin=seed:tests/corpus/syntax/object-destructure-and-members.test.js
 PASS js-fuzzer-closure-17108fa81f0f.js [1564/10000] status=ok obs=f457c545a9de coverage=+0/32/38 time=1ms
  RUN js-fuzzer-block-scope-68ad47dc8d29.js [1565/10000] md5=68ad47dc8d2906bb27b26726cd015a43 bytes=114 template=block-scope origin=seed:tests/corpus/syntax/switch-do-while-sequence.test.js
 PASS js-fuzzer-block-scope-68ad47dc8d29.js [1565/10000] status=ok obs=f0935e4cd592 coverage=+0/32/38 time=2ms
  RUN js-fuzzer-loop-55c7c905bffb.js [1566/10000] md5=55c7c905bffb4bbbc4c8fb9b91df6ad8 bytes=81 template=loop origin=seed:tests/corpus/syntax/template-array-destructure.test.js
 PASS js-fuzzer-loop-55c7c905bffb.js [1566/10000] status=ok obs=eccbc87e4b5c coverage=+0/32/38 time=1ms
  RUN js-fuzzer-corpus-57a83a4b020d.js [1567/10000] md5=57a83a4b020d4b85b42b0a3709f283ad bytes=130 template=corpus origin=tests/corpus/syntax/typescript-assertions.test.ts
 PASS js-fuzzer-corpus-57a83a4b020d.js [1567/10000] status=ok obs=45c48cce2e2d coverage=+0/32/38 time=2ms
  RUN js-fuzzer-class-d2b3669b495d.js [1568/10000] md5=d2b3669b495dd4792f9e1509f2bbf8a7 bytes=100 template=class origin=seed:tests/corpus/syntax/typescript-non-null-satisfies.test.ts
 PASS js-fuzzer-class-d2b3669b495d.js [1568/10000] status=ok obs=eccbc87e4b5c coverage=+0/32/38 time=2ms
  RUN js-fuzzer-boundary-3d1d4e90ebd9.js [1569/10000] md5=3d1d4e90ebd99aad7ece59efc98f7563 bytes=114 template=boundary origin=boundary:-1
 PASS js-fuzzer-boundary-3d1d4e90ebd9.js [1569/10000] status=ok obs=6bb61e3b7bce coverage=+0/32/38 time=1ms
  RUN js-fuzzer-function-288d473b3a74.js [1570/10000] md5=288d473b3a7495d967aff826da7d201e bytes=153 template=function origin=seed:tests/corpus/fixtures/state-machine-workflow.test.js
 PASS js-fuzzer-function-288d473b3a74.js [1570/10000] status=ok obs=aab3238922bc coverage=+0/32/38 time=2ms
  RUN js-fuzzer-array-object-b1bbed78c128.js [1571/10000] md5=b1bbed78c128c8a4d721816113d320b1 bytes=133 template=array-object origin=seed:tests/corpus/fixtures/vue-script-workflow.test.vue
 PASS js-fuzzer-array-object-b1bbed78c128.js [1571/10000] status=ok obs=c74d97b01eae coverage=+0/32/38 time=2ms
  RUN js-fuzzer-closure-7f04c6fb9c73.js [1572/10000] md5=7f04c6fb9c739505f1f484dd19d8932d bytes=183 template=closure origin=seed:tests/corpus/obfuscation/constant-tag-mix.test.js
 PASS js-fuzzer-closure-7f04c6fb9c73.js [1572/10000] status=ok obs=1c383cd30b7c coverage=+0/32/38 time=2ms
  RUN js-fuzzer-block-scope-f43d79d837fe.js [1573/10000] md5=f43d79d837fe16df019f7fe4650eb100 bytes=114 template=block-scope origin=seed:tests/corpus/obfuscation/extern-slot-permutation.test.js
 PASS js-fuzzer-block-scope-f43d79d837fe.js [1573/10000] status=ok obs=6974ce5ac660 coverage=+0/32/38 time=1ms
  RUN js-fuzzer-loop-f495ca2fc638.js [1574/10000] md5=f495ca2fc6389f933578fc501f5b1465 bytes=81 template=loop origin=seed:tests/corpus/obfuscation/externs-console.test.js
 PASS js-fuzzer-loop-f495ca2fc638.js [1574/10000] status=ok obs=c4ca4238a0b9 coverage=+0/32/38 time=2ms
  RUN js-fuzzer-try-catch-70fffa3518b3.js [1575/10000] md5=70fffa3518b3cd8f92c92fd09e60ecbc bytes=110 template=try-catch origin=seed:tests/corpus/obfuscation/seed-sensitive-functions.test.js
 PASS js-fuzzer-try-catch-70fffa3518b3.js [1575/10000] status=ok obs=a5bfc9e07964 coverage=+0/32/38 time=2ms
  RUN js-fuzzer-corpus-79643e915862.js [1576/10000] md5=79643e91586251700d34c0c65a0220da bytes=89 template=corpus origin=tests/corpus/regressions/destructuring-lowers-to-member.test.js
 PASS js-fuzzer-corpus-79643e915862.js [1576/10000] status=ok obs=eccbc87e4b5c coverage=+0/32/38 time=1ms
  RUN js-fuzzer-arithmetic-f1f90aeadd24.js [1577/10000] md5=f1f90aeadd24a2f1d61820653f2193e7 bytes=84 template=arithmetic origin=seed:tests/corpus/regressions/multiple-functions-fib-add.test.js
 PASS js-fuzzer-arithmetic-f1f90aeadd24.js [1577/10000] status=ok obs=ac627ab1ccbd coverage=+0/32/38 time=2ms
  RUN js-fuzzer-function-8384e80192dc.js [1578/10000] md5=8384e80192dc0232cf5e505b2f7d5501 bytes=153 template=function origin=seed:tests/corpus/regressions/scope-compressed-closure-params.test.js
 PASS js-fuzzer-function-8384e80192dc.js [1578/10000] status=ok obs=e4da3b7fbbce coverage=+0/32/38 time=2ms
  RUN js-fuzzer-array-object-340c9121fe4a.js [1579/10000] md5=340c9121fe4a7c6fd79f20c480a55855 bytes=133 template=array-object origin=seed:tests/corpus/runtime/arrays-objects-methods.test.js
 PASS js-fuzzer-array-object-340c9121fe4a.js [1579/10000] status=ok obs=45c48cce2e2d coverage=+0/32/38 time=1ms
  RUN js-fuzzer-closure-8723969a0600.js [1580/10000] md5=8723969a0600cc1431e156c431152e89 bytes=184 template=closure origin=seed:tests/corpus/runtime/block-scopes.test.js
 PASS js-fuzzer-closure-8723969a0600.js [1580/10000] status=ok obs=6c8349cc7260 coverage=+0/32/38 time=2ms
  RUN js-fuzzer-block-scope-cf2d0d5b674a.js [1581/10000] md5=cf2d0d5b674aedb72b348cd8e4680fc5 bytes=114 template=block-scope origin=seed:tests/corpus/runtime/class-fields-static-methods.test.js
 PASS js-fuzzer-block-scope-cf2d0d5b674a.js [1581/10000] status=ok obs=2723d092b638 coverage=+0/32/38 time=1ms
  RUN js-fuzzer-loop-d35707ad0bf7.js [1582/10000] md5=d35707ad0bf74148f671ad8943998af6 bytes=81 template=loop origin=seed:tests/corpus/runtime/classes-and-objects.test.js
 PASS js-fuzzer-loop-d35707ad0bf7.js [1582/10000] status=ok obs=9bf31c7ff062 coverage=+0/32/38 time=2ms
  RUN js-fuzzer-boundary-6330cdecf02f.js [1583/10000] md5=6330cdecf02f68328876d88213acc2ac bytes=128 template=boundary origin=boundary:9007199254740991
 PASS js-fuzzer-boundary-6330cdecf02f.js [1583/10000] status=ok obs=8bfa9ad090fb coverage=+0/32/38 time=2ms
  RUN js-fuzzer-class-47fbd3db5853.js [1584/10000] md5=47fbd3db58539fc2e42627a4f3168c79 bytes=101 template=class origin=seed:tests/corpus/runtime/closures-read-captured-values.test.js
 PASS js-fuzzer-class-47fbd3db5853.js [1584/10000] status=ok obs=98f137082101 coverage=+0/32/38 time=1ms
  RUN js-fuzzer-corpus-cf8fb96e8476.js [1585/10000] md5=cf8fb96e8476c262b73583c86dd80821 bytes=178 template=corpus origin=tests/corpus/runtime/exceptions-and-nullish.test.js
 PASS js-fuzzer-corpus-cf8fb96e8476.js [1585/10000] status=ok obs=24ed5e8718fc coverage=+0/32/38 time=2ms
  RUN js-fuzzer-function-84b6f0564867.js [1586/10000] md5=84b6f05648673d1e7da8df04c8cbab23 bytes=153 template=function origin=seed:tests/corpus/runtime/functions-closures-and-arrows.test.js
 PASS js-fuzzer-function-84b6f0564867.js [1586/10000] status=ok obs=c74d97b01eae coverage=+0/32/38 time=2ms
  RUN js-fuzzer-array-object-60963a3bb517.js [1587/10000] md5=60963a3bb517f687363160b7f1ba1602 bytes=133 template=array-object origin=seed:tests/corpus/runtime/lexical-shadowing.test.js
 PASS js-fuzzer-array-object-60963a3bb517.js [1587/10000] status=ok obs=9bf31c7ff062 coverage=+0/32/38 time=2ms
  RUN js-fuzzer-closure-ebb7f06a02b7.js [1588/10000] md5=ebb7f06a02b709bac77ef47fca784a69 bytes=184 template=closure origin=seed:tests/corpus/runtime/modules-export.test.js
 PASS js-fuzzer-closure-ebb7f06a02b7.js [1588/10000] status=ok obs=f457c545a9de coverage=+0/32/38 time=1ms
  RUN js-fuzzer-block-scope-6417f2589c9c.js [1589/10000] md5=6417f2589c9c44f5c51f1205a1099af9 bytes=115 template=block-scope origin=seed:tests/corpus/runtime/nested-try-finally.test.js
 PASS js-fuzzer-block-scope-6417f2589c9c.js [1589/10000] status=ok obs=5f93f983524d coverage=+0/32/38 time=2ms
  RUN js-fuzzer-boundary-4b188851088a.js [1590/10000] md5=4b188851088a18b5b5e1424320aec545 bytes=122 template=boundary origin=boundary:2147483647
 PASS js-fuzzer-boundary-4b188851088a.js [1590/10000] status=ok obs=c588c0a459f4 coverage=+0/32/38 time=1ms
  RUN js-fuzzer-try-catch-14bcb064f014.js [1591/10000] md5=14bcb064f014dbe91c2010889dcaa2c0 bytes=110 template=try-catch origin=seed:tests/corpus/syntax/logical-unary-nullish.test.js
 PASS js-fuzzer-try-catch-14bcb064f014.js [1591/10000] status=ok obs=c0c7c76d30bd coverage=+0/32/38 time=2ms
  RUN js-fuzzer-class-5baf4bed5db4.js [1592/10000] md5=5baf4bed5db4f8205173226efc8fff73 bytes=101 template=class origin=seed:tests/corpus/syntax/object-destructure-and-members.test.js
 PASS js-fuzzer-class-5baf4bed5db4.js [1592/10000] status=ok obs=6f4922f45568 coverage=+0/32/38 time=2ms
  RUN js-fuzzer-arithmetic-bb0ed9fbb6d6.js [1593/10000] md5=bb0ed9fbb6d62c36ae2a9194bcb4fc3f bytes=83 template=arithmetic origin=seed:tests/corpus/syntax/switch-do-while-sequence.test.js
 PASS js-fuzzer-arithmetic-bb0ed9fbb6d6.js [1593/10000] status=ok obs=03afdbd66e79 coverage=+0/32/38 time=1ms
  RUN js-fuzzer-corpus-ff388659a641.js [1594/10000] md5=ff388659a6419d1e6e01ce4e7151a52e bytes=135 template=corpus origin=tests/corpus/syntax/template-array-destructure.test.js
 PASS js-fuzzer-corpus-ff388659a641.js [1594/10000] status=ok obs=f61c9a8be43c coverage=+0/32/38 time=2ms
  RUN js-fuzzer-array-object-cae7f065764b.js [1595/10000] md5=cae7f065764b7f1982e7fdaa2df2df46 bytes=133 template=array-object origin=seed:tests/corpus/syntax/typescript-assertions.test.ts
 PASS js-fuzzer-array-object-cae7f065764b.js [1595/10000] status=ok obs=e4da3b7fbbce coverage=+0/32/38 time=2ms
  RUN js-fuzzer-closure-90b47d44312e.js [1596/10000] md5=90b47d44312ed94693b0786b64e6f27b bytes=184 template=closure origin=seed:tests/corpus/syntax/typescript-non-null-satisfies.test.ts
 PASS js-fuzzer-closure-90b47d44312e.js [1596/10000] status=ok obs=d09bf41544a3 coverage=+0/32/38 time=1ms
  RUN js-fuzzer-boundary-221618e58a55.js [1597/10000] md5=221618e58a55537e4dc7530ef9f57aaf bytes=113 template=boundary origin=boundary:2
 PASS js-fuzzer-boundary-221618e58a55.js [1597/10000] status=ok obs=c81e728d9d4c coverage=+0/32/38 time=2ms
  RUN js-fuzzer-loop-55c7c905bffb.js [1598/10000] md5=55c7c905bffb4bbbc4c8fb9b91df6ad8 bytes=81 template=loop origin=seed:tests/corpus/fixtures/state-machine-workflow.test.js
 PASS js-fuzzer-loop-55c7c905bffb.js [1598/10000] status=ok obs=eccbc87e4b5c coverage=+0/32/38 time=1ms
  RUN js-fuzzer-try-catch-42a4cfadce42.js [1599/10000] md5=42a4cfadce4239139aa1e7114c2e99a2 bytes=110 template=try-catch origin=seed:tests/corpus/fixtures/vue-script-workflow.test.vue
 PASS js-fuzzer-try-catch-42a4cfadce42.js [1599/10000] status=ok obs=19ca14e7ea63 coverage=+0/32/38 time=2ms
  RUN js-fuzzer-class-b901915e3eda.js [1600/10000] md5=b901915e3eda1a96f77dcec9fff681b5 bytes=100 template=class origin=seed:tests/corpus/obfuscation/constant-tag-mix.test.js
 PASS js-fuzzer-class-b901915e3eda.js [1600/10000] status=ok obs=c81e728d9d4c coverage=+0/32/38 time=2ms
  RUN js-fuzzer-arithmetic-857b536a103a.js [1601/10000] md5=857b536a103af6e398bd95dc6b265336 bytes=84 template=arithmetic origin=seed:tests/corpus/obfuscation/extern-slot-permutation.test.js
 PASS js-fuzzer-arithmetic-857b536a103a.js [1601/10000] status=ok obs=735b90b45681 coverage=+0/32/38 time=2ms
  RUN js-fuzzer-function-d9597d28535f.js [1602/10000] md5=d9597d28535fd2b10f5ca10cf87a7bb6 bytes=153 template=function origin=seed:tests/corpus/obfuscation/externs-console.test.js
 PASS js-fuzzer-function-d9597d28535f.js [1602/10000] status=ok obs=6f4922f45568 coverage=+0/32/38 time=3ms
  RUN js-fuzzer-corpus-38ba19d9deb7.js [1603/10000] md5=38ba19d9deb7566cc8a420c27ada3f21 bytes=136 template=corpus origin=tests/corpus/obfuscation/seed-sensitive-functions.test.js
 PASS js-fuzzer-corpus-38ba19d9deb7.js [1603/10000] status=ok obs=a5bfc9e07964 coverage=+0/32/38 time=1ms
  RUN js-fuzzer-boundary-ccde2dac26f6.js [1604/10000] md5=ccde2dac26f6d3fd46c3698825685fe3 bytes=113 template=boundary origin=boundary:1
 PASS js-fuzzer-boundary-ccde2dac26f6.js [1604/10000] status=ok obs=c4ca4238a0b9 coverage=+0/32/38 time=2ms
  RUN js-fuzzer-block-scope-c6c6dc9d4752.js [1605/10000] md5=c6c6dc9d47525217323991cffcd77b98 bytes=114 template=block-scope origin=seed:tests/corpus/regressions/multiple-functions-fib-add.test.js
 PASS js-fuzzer-block-scope-c6c6dc9d4752.js [1605/10000] status=ok obs=c9e1074f5b3f coverage=+0/32/38 time=2ms
  RUN js-fuzzer-loop-54e460cecf5c.js [1606/10000] md5=54e460cecf5c05dfcffaa3b2e5f57445 bytes=81 template=loop origin=seed:tests/corpus/regressions/scope-compressed-closure-params.test.js
 PASS js-fuzzer-loop-54e460cecf5c.js [1606/10000] status=ok obs=d3d9446802a4 coverage=+0/32/38 time=1ms
  RUN js-fuzzer-try-catch-18b0b31fe014.js [1607/10000] md5=18b0b31fe014e787990869dd8a5ff18b bytes=110 template=try-catch origin=seed:tests/corpus/runtime/arrays-objects-methods.test.js
 PASS js-fuzzer-try-catch-18b0b31fe014.js [1607/10000] status=ok obs=aab3238922bc coverage=+0/32/38 time=2ms
  RUN js-fuzzer-class-a35a4dd2f302.js [1608/10000] md5=a35a4dd2f302fda9a0e8d6e2c980c283 bytes=101 template=class origin=seed:tests/corpus/runtime/block-scopes.test.js
 PASS js-fuzzer-class-a35a4dd2f302.js [1608/10000] status=ok obs=9bf31c7ff062 coverage=+0/32/38 time=1ms
  RUN js-fuzzer-arithmetic-8073288acd71.js [1609/10000] md5=8073288acd718008be835d2a8c23076f bytes=83 template=arithmetic origin=seed:tests/corpus/runtime/class-fields-static-methods.test.js
 PASS js-fuzzer-arithmetic-8073288acd71.js [1609/10000] status=ok obs=a87ff679a2f3 coverage=+0/32/38 time=2ms
  RUN js-fuzzer-function-2a74733dc731.js [1610/10000] md5=2a74733dc7313f8fa40f843496dd9ed4 bytes=153 template=function origin=seed:tests/corpus/runtime/classes-and-objects.test.js
 PASS js-fuzzer-function-2a74733dc731.js [1610/10000] status=ok obs=45c48cce2e2d coverage=+0/32/38 time=2ms
  RUN js-fuzzer-boundary-6aec0a9b1ff4.js [1611/10000] md5=6aec0a9b1ff4294bcfecb539ba7e660b bytes=129 template=boundary origin=boundary:-9007199254740991
 PASS js-fuzzer-boundary-6aec0a9b1ff4.js [1611/10000] status=ok obs=b3f3a95848f6 coverage=+0/32/38 time=1ms
  RUN js-fuzzer-corpus-08bc93bf5789.js [1612/10000] md5=08bc93bf57897bc88ce7161fe56cd099 bytes=169 template=corpus origin=tests/corpus/runtime/closures-read-captured-values.test.js
 PASS js-fuzzer-corpus-08bc93bf5789.js [1612/10000] status=ok obs=02e74f10e032 coverage=+0/32/38 time=1ms
  RUN js-fuzzer-block-scope-16ac37f9479a.js [1613/10000] md5=16ac37f9479a83404389f15ef4293fd8 bytes=114 template=block-scope origin=seed:tests/corpus/runtime/exceptions-and-nullish.test.js
 PASS js-fuzzer-block-scope-16ac37f9479a.js [1613/10000] status=ok obs=f0935e4cd592 coverage=+0/32/38 time=2ms
  RUN js-fuzzer-loop-d35707ad0bf7.js [1614/10000] md5=d35707ad0bf74148f671ad8943998af6 bytes=81 template=loop origin=seed:tests/corpus/runtime/functions-closures-and-arrows.test.js
 PASS js-fuzzer-loop-d35707ad0bf7.js [1614/10000] status=ok obs=9bf31c7ff062 coverage=+0/32/38 time=1ms
  RUN js-fuzzer-try-catch-081c74da6bdb.js [1615/10000] md5=081c74da6bdbcec08ff71798dacff9f1 bytes=110 template=try-catch origin=seed:tests/corpus/runtime/lexical-shadowing.test.js
 PASS js-fuzzer-try-catch-081c74da6bdb.js [1615/10000] status=ok obs=6c8349cc7260 coverage=+0/32/38 time=2ms
  RUN js-fuzzer-class-a9875f561daf.js [1616/10000] md5=a9875f561daf181d949c68fc070db0e0 bytes=101 template=class origin=seed:tests/corpus/runtime/modules-export.test.js
 PASS js-fuzzer-class-a9875f561daf.js [1616/10000] status=ok obs=aab3238922bc coverage=+0/32/38 time=1ms
  RUN js-fuzzer-arithmetic-23cb6b07c3d2.js [1617/10000] md5=23cb6b07c3d2e12cf0eda53fbff97688 bytes=84 template=arithmetic origin=seed:tests/corpus/runtime/nested-try-finally.test.js
 PASS js-fuzzer-arithmetic-23cb6b07c3d2.js [1617/10000] status=ok obs=38b3eff8baf5 coverage=+0/32/38 time=2ms
  RUN js-fuzzer-boundary-512d8e9b531d.js [1618/10000] md5=512d8e9b531dd316e823325cc949e70e bytes=123 template=boundary origin=boundary:-2147483648
 PASS js-fuzzer-boundary-512d8e9b531d.js [1618/10000] status=ok obs=034ff5946105 coverage=+0/32/38 time=2ms
  RUN js-fuzzer-array-object-25dac035e48e.js [1619/10000] md5=25dac035e48ed993fe3791f164fa1483 bytes=133 template=array-object origin=seed:tests/corpus/syntax/logical-unary-nullish.test.js
 PASS js-fuzzer-array-object-25dac035e48e.js [1619/10000] status=ok obs=9bf31c7ff062 coverage=+0/32/38 time=1ms
  RUN js-fuzzer-closure-f7b3a7dfc4f5.js [1620/10000] md5=f7b3a7dfc4f5cf4b4545beff44b89761 bytes=184 template=closure origin=seed:tests/corpus/syntax/object-destructure-and-members.test.js
 PASS js-fuzzer-closure-f7b3a7dfc4f5.js [1620/10000] status=ok obs=1c383cd30b7c coverage=+0/32/38 time=2ms
  RUN js-fuzzer-corpus-2aed353a2d20.js [1621/10000] md5=2aed353a2d200d64cbaf7beb40face20 bytes=275 template=corpus origin=tests/corpus/syntax/switch-do-while-sequence.test.js
 PASS js-fuzzer-corpus-2aed353a2d20.js [1621/10000] status=ok obs=6f4922f45568 coverage=+0/32/38 time=2ms
  RUN js-fuzzer-loop-55c7c905bffb.js [1622/10000] md5=55c7c905bffb4bbbc4c8fb9b91df6ad8 bytes=81 template=loop origin=seed:tests/corpus/syntax/template-array-destructure.test.js
 PASS js-fuzzer-loop-55c7c905bffb.js [1622/10000] status=ok obs=eccbc87e4b5c coverage=+0/32/38 time=1ms
  RUN js-fuzzer-try-catch-ce914b0cd471.js [1623/10000] md5=ce914b0cd471f7c9ec83cbcd645ee9eb bytes=110 template=try-catch origin=seed:tests/corpus/syntax/typescript-assertions.test.ts
 PASS js-fuzzer-try-catch-ce914b0cd471.js [1623/10000] status=ok obs=2838023a778d coverage=+0/32/38 time=2ms
  RUN js-fuzzer-class-c6bbe0a63455.js [1624/10000] md5=c6bbe0a634559d18fa82cf0c9a421610 bytes=100 template=class origin=seed:tests/corpus/syntax/typescript-non-null-satisfies.test.ts
 PASS js-fuzzer-class-c6bbe0a63455.js [1624/10000] status=ok obs=1679091c5a88 coverage=+0/32/38 time=2ms
  RUN js-fuzzer-boundary-92df4f5b559a.js [1625/10000] md5=92df4f5b559a550058b4133ffb629932 bytes=114 template=boundary origin=boundary:-2
 PASS js-fuzzer-boundary-92df4f5b559a.js [1625/10000] status=ok obs=5d7b9adcbe1c coverage=+0/32/38 time=1ms
  RUN js-fuzzer-function-4b9684ea9e29.js [1626/10000] md5=4b9684ea9e291ddb6515f98bf0c93905 bytes=153 template=function origin=seed:tests/corpus/fixtures/state-machine-workflow.test.js
 PASS js-fuzzer-function-4b9684ea9e29.js [1626/10000] status=ok obs=eccbc87e4b5c coverage=+0/32/38 time=2ms
  RUN js-fuzzer-array-object-938206236a40.js [1627/10000] md5=938206236a40745156fc652157b7ace4 bytes=133 template=array-object origin=seed:tests/corpus/fixtures/vue-script-workflow.test.vue
 PASS js-fuzzer-array-object-938206236a40.js [1627/10000] status=ok obs=70efdf2ec9b0 coverage=+0/32/38 time=2ms
  RUN js-fuzzer-closure-7f0fcef8a5f6.js [1628/10000] md5=7f0fcef8a5f63a8f16cf40bcfecc2308 bytes=185 template=closure origin=seed:tests/corpus/obfuscation/constant-tag-mix.test.js
 PASS js-fuzzer-closure-7f0fcef8a5f6.js [1628/10000] status=ok obs=67c6a1e7ce56 coverage=+0/32/38 time=1ms
  RUN js-fuzzer-block-scope-d175622db4b2.js [1629/10000] md5=d175622db4b224d8baf843cc2e215ae0 bytes=114 template=block-scope origin=seed:tests/corpus/obfuscation/extern-slot-permutation.test.js
 PASS js-fuzzer-block-scope-d175622db4b2.js [1629/10000] status=ok obs=6974ce5ac660 coverage=+0/32/38 time=2ms
  RUN js-fuzzer-corpus-efd663ac427b.js [1630/10000] md5=efd663ac427b5ca270b2f8b928c902bf bytes=112 template=corpus origin=tests/corpus/obfuscation/externs-console.test.js
 PASS js-fuzzer-corpus-efd663ac427b.js [1630/10000] status=ok obs=d289993e39c8 coverage=+0/32/38 time=2ms
  RUN js-fuzzer-try-catch-ee30a401530f.js [1631/10000] md5=ee30a401530f819cbc5581e8feb5d305 bytes=110 template=try-catch origin=seed:tests/corpus/obfuscation/seed-sensitive-functions.test.js
 PASS js-fuzzer-try-catch-ee30a401530f.js [1631/10000] status=ok obs=182be0c5cdcd coverage=+0/32/38 time=1ms
  RUN js-fuzzer-boundary-3d1d4e90ebd9.js [1632/10000] md5=3d1d4e90ebd99aad7ece59efc98f7563 bytes=114 template=boundary origin=boundary:-1
 PASS js-fuzzer-boundary-3d1d4e90ebd9.js [1632/10000] status=ok obs=6bb61e3b7bce coverage=+0/32/38 time=2ms
  RUN js-fuzzer-arithmetic-c8db40a7ae3c.js [1633/10000] md5=c8db40a7ae3cbfc22f6f3283a7096859 bytes=83 template=arithmetic origin=seed:tests/corpus/regressions/multiple-functions-fib-add.test.js
 PASS js-fuzzer-arithmetic-c8db40a7ae3c.js [1633/10000] status=ok obs=093f65e080a2 coverage=+0/32/38 time=1ms
  RUN js-fuzzer-function-e04598e59cc1.js [1634/10000] md5=e04598e59cc109c5f5c20638fe37a892 bytes=153 template=function origin=seed:tests/corpus/regressions/scope-compressed-closure-params.test.js
 PASS js-fuzzer-function-e04598e59cc1.js [1634/10000] status=ok obs=d3d9446802a4 coverage=+0/32/38 time=2ms
  RUN js-fuzzer-array-object-a244dfafd79f.js [1635/10000] md5=a244dfafd79f91934c043392410aad67 bytes=133 template=array-object origin=seed:tests/corpus/runtime/arrays-objects-methods.test.js
 PASS js-fuzzer-array-object-a244dfafd79f.js [1635/10000] status=ok obs=70efdf2ec9b0 coverage=+0/32/38 time=2ms
  RUN js-fuzzer-closure-184fc41094c3.js [1636/10000] md5=184fc41094c31f1c7fae6cee6d9cf7e4 bytes=184 template=closure origin=seed:tests/corpus/runtime/block-scopes.test.js
 PASS js-fuzzer-closure-184fc41094c3.js [1636/10000] status=ok obs=67c6a1e7ce56 coverage=+0/32/38 time=2ms
  RUN js-fuzzer-block-scope-202b9f5a2bb9.js [1637/10000] md5=202b9f5a2bb9374d6e306255f6f7b59d bytes=114 template=block-scope origin=seed:tests/corpus/runtime/class-fields-static-methods.test.js
 PASS js-fuzzer-block-scope-202b9f5a2bb9.js [1637/10000] status=ok obs=a3c65c297427 coverage=+0/32/38 time=1ms
  RUN js-fuzzer-loop-b88258462a8d.js [1638/10000] md5=b88258462a8d880f8b0e459fa23b2536 bytes=81 template=loop origin=seed:tests/corpus/runtime/classes-and-objects.test.js
 PASS js-fuzzer-loop-b88258462a8d.js [1638/10000] status=ok obs=3c59dc048e88 coverage=+0/32/38 time=2ms
  RUN js-fuzzer-corpus-ddcb99247fc8.js [1639/10000] md5=ddcb99247fc847c897b97c6bd6512b9f bytes=217 template=corpus origin=tests/corpus/runtime/closures-mutate-captured-bindings.test.js
 PASS js-fuzzer-corpus-ddcb99247fc8.js [1639/10000] status=ok obs=e4da3b7fbbce coverage=+0/32/38 time=1ms
  RUN js-fuzzer-class-c6bbe0a63455.js [1640/10000] md5=c6bbe0a634559d18fa82cf0c9a421610 bytes=100 template=class origin=seed:tests/corpus/runtime/closures-read-captured-values.test.js
 PASS js-fuzzer-class-c6bbe0a63455.js [1640/10000] status=ok obs=1679091c5a88 coverage=+0/32/38 time=1ms
  RUN js-fuzzer-arithmetic-a72c31ecbe47.js [1641/10000] md5=a72c31ecbe477a37cb812dc4b44d5a00 bytes=83 template=arithmetic origin=seed:tests/corpus/runtime/exceptions-and-nullish.test.js
 PASS js-fuzzer-arithmetic-a72c31ecbe47.js [1641/10000] status=ok obs=d67d8ab4f4c1 coverage=+0/32/38 time=2ms
  RUN js-fuzzer-function-8a44cf2ceed5.js [1642/10000] md5=8a44cf2ceed595d9f22254a99d394b8c bytes=153 template=function origin=seed:tests/corpus/runtime/functions-closures-and-arrows.test.js
 PASS js-fuzzer-function-8a44cf2ceed5.js [1642/10000] status=ok obs=1ff1de774005 coverage=+0/32/38 time=2ms
  RUN js-fuzzer-array-object-14a51c8d2759.js [1643/10000] md5=14a51c8d27598184476357e095636514 bytes=133 template=array-object origin=seed:tests/corpus/runtime/lexical-shadowing.test.js
 PASS js-fuzzer-array-object-14a51c8d2759.js [1643/10000] status=ok obs=d3d9446802a4 coverage=+0/32/38 time=2ms
  RUN js-fuzzer-closure-d8b8ba3564a6.js [1644/10000] md5=d8b8ba3564a609b9904a864892bfaaee bytes=185 template=closure origin=seed:tests/corpus/runtime/modules-export.test.js
 PASS js-fuzzer-closure-d8b8ba3564a6.js [1644/10000] status=ok obs=03afdbd66e79 coverage=+0/32/38 time=2ms
  RUN js-fuzzer-block-scope-b85ecadef581.js [1645/10000] md5=b85ecadef581053d14250d27c33151bf bytes=114 template=block-scope origin=seed:tests/corpus/runtime/nested-try-finally.test.js
 PASS js-fuzzer-block-scope-b85ecadef581.js [1645/10000] status=ok obs=c9e1074f5b3f coverage=+0/32/38 time=1ms
  RUN js-fuzzer-boundary-6330cdecf02f.js [1646/10000] md5=6330cdecf02f68328876d88213acc2ac bytes=128 template=boundary origin=boundary:9007199254740991
 PASS js-fuzzer-boundary-6330cdecf02f.js [1646/10000] status=ok obs=8bfa9ad090fb coverage=+0/32/38 time=2ms
  RUN js-fuzzer-try-catch-47becaf372c3.js [1647/10000] md5=47becaf372c34523cd2fbacf2b53d016 bytes=110 template=try-catch origin=seed:tests/corpus/syntax/logical-unary-nullish.test.js
 PASS js-fuzzer-try-catch-47becaf372c3.js [1647/10000] status=ok obs=02e74f10e032 coverage=+0/32/38 time=2ms
  RUN js-fuzzer-corpus-96ebdcb81273.js [1648/10000] md5=96ebdcb81273f0e5e5778a6c70c94988 bytes=171 template=corpus origin=tests/corpus/syntax/object-destructure-and-members.test.js
 PASS js-fuzzer-corpus-96ebdcb81273.js [1648/10000] status=ok obs=bfad8dfa12ed coverage=+0/32/38 time=1ms
  RUN js-fuzzer-arithmetic-d3b14fe899a6.js [1649/10000] md5=d3b14fe899a6a40ac2d8ced051a6a521 bytes=84 template=arithmetic origin=seed:tests/corpus/syntax/switch-do-while-sequence.test.js
 PASS js-fuzzer-arithmetic-d3b14fe899a6.js [1649/10000] status=ok obs=0f28b5d49b30 coverage=+0/32/38 time=2ms
  RUN js-fuzzer-function-1d370c2e7126.js [1650/10000] md5=1d370c2e7126a84b090ad6eed5468375 bytes=153 template=function origin=seed:tests/corpus/syntax/template-array-destructure.test.js
 PASS js-fuzzer-function-1d370c2e7126.js [1650/10000] status=ok obs=8f14e45fceea coverage=+0/32/38 time=2ms
  RUN js-fuzzer-array-object-385608b59609.js [1651/10000] md5=385608b59609f4ef835c431c2c712a32 bytes=133 template=array-object origin=seed:tests/corpus/syntax/typescript-assertions.test.ts
 PASS js-fuzzer-array-object-385608b59609.js [1651/10000] status=ok obs=8f14e45fceea coverage=+0/32/38 time=2ms
  RUN js-fuzzer-closure-fd1eab5337ad.js [1652/10000] md5=fd1eab5337ad16fd194395712bc39c6f bytes=184 template=closure origin=seed:tests/corpus/syntax/typescript-non-null-satisfies.test.ts
 PASS js-fuzzer-closure-fd1eab5337ad.js [1652/10000] status=ok obs=f457c545a9de coverage=+0/32/38 time=2ms
  RUN js-fuzzer-boundary-86f8354fc6fd.js [1653/10000] md5=86f8354fc6fd092b05683bbf230dc769 bytes=122 template=boundary origin=boundary:2147483647
 PASS js-fuzzer-boundary-86f8354fc6fd.js [1653/10000] status=ok obs=c588c0a459f4 coverage=+0/32/38 time=1ms
  RUN js-fuzzer-loop-f495ca2fc638.js [1654/10000] md5=f495ca2fc6389f933578fc501f5b1465 bytes=81 template=loop origin=seed:tests/corpus/fixtures/state-machine-workflow.test.js
 PASS js-fuzzer-loop-f495ca2fc638.js [1654/10000] status=ok obs=c4ca4238a0b9 coverage=+0/32/38 time=2ms
  RUN js-fuzzer-try-catch-49469dc3bbde.js [1655/10000] md5=49469dc3bbdee70291dead76d4352702 bytes=109 template=try-catch origin=seed:tests/corpus/fixtures/vue-script-workflow.test.vue
 PASS js-fuzzer-try-catch-49469dc3bbde.js [1655/10000] status=ok obs=d3d9446802a4 coverage=+0/32/38 time=1ms
  RUN js-fuzzer-class-ff7d9ca3da86.js [1656/10000] md5=ff7d9ca3da86b49917ac34b4d48e8df9 bytes=101 template=class origin=seed:tests/corpus/obfuscation/constant-tag-mix.test.js
 PASS js-fuzzer-class-ff7d9ca3da86.js [1656/10000] status=ok obs=c20ad4d76fe9 coverage=+0/32/38 time=2ms
  RUN js-fuzzer-corpus-fe2d30a6e413.js [1657/10000] md5=fe2d30a6e4139e7a8b52405bed737faa bytes=220 template=corpus origin=tests/corpus/obfuscation/extern-slot-permutation.test.js
 PASS js-fuzzer-corpus-fe2d30a6e413.js [1657/10000] status=ok obs=c34c702d0256 coverage=+0/32/38 time=2ms
  RUN js-fuzzer-function-805986a3b478.js [1658/10000] md5=805986a3b4784e72cf43592e25340692 bytes=153 template=function origin=seed:tests/corpus/obfuscation/externs-console.test.js
 PASS js-fuzzer-function-805986a3b478.js [1658/10000] status=ok obs=c51ce410c124 coverage=+0/32/38 time=2ms
  RUN js-fuzzer-array-object-2e7952b32605.js [1659/10000] md5=2e7952b32605ccf3d55894933b50d8c2 bytes=133 template=array-object origin=seed:tests/corpus/obfuscation/seed-sensitive-functions.test.js
 PASS js-fuzzer-array-object-2e7952b32605.js [1659/10000] status=ok obs=d3d9446802a4 coverage=+0/32/38 time=1ms
  RUN js-fuzzer-boundary-85faf3787c26.js [1660/10000] md5=85faf3787c26ca3bad9215a544873988 bytes=113 template=boundary origin=boundary:2
 PASS js-fuzzer-boundary-85faf3787c26.js [1660/10000] status=ok obs=c81e728d9d4c coverage=+0/32/38 time=2ms
  RUN js-fuzzer-block-scope-b4cb7d6315fe.js [1661/10000] md5=b4cb7d6315fe90190d450fc6ab63ddbf bytes=114 template=block-scope origin=seed:tests/corpus/regressions/multiple-functions-fib-add.test.js
 PASS js-fuzzer-block-scope-b4cb7d6315fe.js [1661/10000] status=ok obs=2723d092b638 coverage=+0/32/38 time=2ms
  RUN js-fuzzer-loop-55c7c905bffb.js [1662/10000] md5=55c7c905bffb4bbbc4c8fb9b91df6ad8 bytes=81 template=loop origin=seed:tests/corpus/regressions/scope-compressed-closure-params.test.js
 PASS js-fuzzer-loop-55c7c905bffb.js [1662/10000] status=ok obs=eccbc87e4b5c coverage=+0/32/38 time=1ms
  RUN js-fuzzer-try-catch-ecee5cf418be.js [1663/10000] md5=ecee5cf418beff71c62f1aeee5aa3045 bytes=109 template=try-catch origin=seed:tests/corpus/runtime/arrays-objects-methods.test.js
 PASS js-fuzzer-try-catch-ecee5cf418be.js [1663/10000] status=ok obs=45c48cce2e2d coverage=+0/32/38 time=2ms
  RUN js-fuzzer-class-c0844991889f.js [1664/10000] md5=c0844991889f03308712cd6bc6b7c31c bytes=101 template=class origin=seed:tests/corpus/runtime/block-scopes.test.js
 PASS js-fuzzer-class-c0844991889f.js [1664/10000] status=ok obs=70efdf2ec9b0 coverage=+0/32/38 time=1ms
  RUN js-fuzzer-arithmetic-a06f11408da8.js [1665/10000] md5=a06f11408da80ab9beac23eb40137243 bytes=83 template=arithmetic origin=seed:tests/corpus/runtime/class-fields-static-methods.test.js
 PASS js-fuzzer-arithmetic-a06f11408da8.js [1665/10000] status=ok obs=c51ce410c124 coverage=+0/32/38 time=2ms
  RUN js-fuzzer-corpus-663bf83cd082.js [1666/10000] md5=663bf83cd082bd221441dae6bbc85046 bytes=278 template=corpus origin=tests/corpus/runtime/classes-and-objects.test.js
 PASS js-fuzzer-corpus-663bf83cd082.js [1666/10000] status=ok obs=6f4922f45568 coverage=+0/32/38 time=2ms
  RUN js-fuzzer-boundary-2f35f880f964.js [1667/10000] md5=2f35f880f96468b375c4e71feba05308 bytes=113 template=boundary origin=boundary:1
 PASS js-fuzzer-boundary-2f35f880f964.js [1667/10000] status=ok obs=c4ca4238a0b9 coverage=+0/32/38 time=1ms
  RUN js-fuzzer-closure-d9673e634583.js [1668/10000] md5=d9673e63458344245be42fa319fae63d bytes=185 template=closure origin=seed:tests/corpus/runtime/closures-read-captured-values.test.js
 PASS js-fuzzer-closure-d9673e634583.js [1668/10000] status=ok obs=fc490ca45c00 coverage=+0/32/38 time=2ms
  RUN js-fuzzer-block-scope-5d14e55e65b6.js [1669/10000] md5=5d14e55e65b6c22946ddcf2f918ac8f9 bytes=114 template=block-scope origin=seed:tests/corpus/runtime/exceptions-and-nullish.test.js
 PASS js-fuzzer-block-scope-5d14e55e65b6.js [1669/10000] status=ok obs=ec8956637a99 coverage=+0/32/38 time=2ms
  RUN js-fuzzer-loop-55c7c905bffb.js [1670/10000] md5=55c7c905bffb4bbbc4c8fb9b91df6ad8 bytes=81 template=loop origin=seed:tests/corpus/runtime/functions-closures-and-arrows.test.js
 PASS js-fuzzer-loop-55c7c905bffb.js [1670/10000] status=ok obs=eccbc87e4b5c coverage=+0/32/38 time=1ms
  RUN js-fuzzer-try-catch-e6fdc2579e78.js [1671/10000] md5=e6fdc2579e7880bc0b759de7af5133ab bytes=110 template=try-catch origin=seed:tests/corpus/runtime/lexical-shadowing.test.js
 PASS js-fuzzer-try-catch-e6fdc2579e78.js [1671/10000] status=ok obs=d645920e395f coverage=+0/32/38 time=2ms
  RUN js-fuzzer-class-7c36fc3c0ad4.js [1672/10000] md5=7c36fc3c0ad4461d5dbbcd7afdfb6b5c bytes=101 template=class origin=seed:tests/corpus/runtime/modules-export.test.js
 PASS js-fuzzer-class-7c36fc3c0ad4.js [1672/10000] status=ok obs=d3d9446802a4 coverage=+0/32/38 time=2ms
  RUN js-fuzzer-arithmetic-b226a98cfbef.js [1673/10000] md5=b226a98cfbefcab73e5ded3219b225ce bytes=84 template=arithmetic origin=seed:tests/corpus/runtime/nested-try-finally.test.js
 PASS js-fuzzer-arithmetic-b226a98cfbef.js [1673/10000] status=ok obs=577ef1154f32 coverage=+0/32/38 time=1ms
  RUN js-fuzzer-boundary-235131a2d0d1.js [1674/10000] md5=235131a2d0d184afe9327ca3bd456dde bytes=129 template=boundary origin=boundary:-9007199254740991
 PASS js-fuzzer-boundary-235131a2d0d1.js [1674/10000] status=ok obs=b3f3a95848f6 coverage=+0/32/38 time=2ms
  RUN js-fuzzer-corpus-279b64032335.js [1675/10000] md5=279b640323351a1b082b98b42d2a2d55 bytes=134 template=corpus origin=tests/corpus/syntax/logical-unary-nullish.test.js
 PASS js-fuzzer-corpus-279b64032335.js [1675/10000] status=ok obs=45c48cce2e2d coverage=+0/32/38 time=1ms
  RUN js-fuzzer-closure-3150ca80a488.js [1676/10000] md5=3150ca80a488567df3f26e8883b397bf bytes=184 template=closure origin=seed:tests/corpus/syntax/object-destructure-and-members.test.js
 PASS js-fuzzer-closure-3150ca80a488.js [1676/10000] status=ok obs=b53b3a3d6ab9 coverage=+0/32/38 time=2ms
  RUN js-fuzzer-block-scope-9929c6e8a974.js [1677/10000] md5=9929c6e8a974fc51fc8c5155b52f5f75 bytes=114 template=block-scope origin=seed:tests/corpus/syntax/switch-do-while-sequence.test.js
 PASS js-fuzzer-block-scope-9929c6e8a974.js [1677/10000] status=ok obs=c9e1074f5b3f coverage=+0/32/38 time=2ms
  RUN js-fuzzer-loop-54e460cecf5c.js [1678/10000] md5=54e460cecf5c05dfcffaa3b2e5f57445 bytes=81 template=loop origin=seed:tests/corpus/syntax/template-array-destructure.test.js
 PASS js-fuzzer-loop-54e460cecf5c.js [1678/10000] status=ok obs=d3d9446802a4 coverage=+0/32/38 time=2ms
  RUN js-fuzzer-try-catch-e6a0f565fc4e.js [1679/10000] md5=e6a0f565fc4ec95ea847cca573b5900c bytes=110 template=try-catch origin=seed:tests/corpus/syntax/typescript-assertions.test.ts
 PASS js-fuzzer-try-catch-e6a0f565fc4e.js [1679/10000] status=ok obs=33e75ff09dd6 coverage=+0/32/38 time=1ms
  RUN js-fuzzer-class-47fbd3db5853.js [1680/10000] md5=47fbd3db58539fc2e42627a4f3168c79 bytes=101 template=class origin=seed:tests/corpus/syntax/typescript-non-null-satisfies.test.ts
 PASS js-fuzzer-class-47fbd3db5853.js [1680/10000] status=ok obs=98f137082101 coverage=+0/32/38 time=2ms
  RUN js-fuzzer-boundary-512d8e9b531d.js [1681/10000] md5=512d8e9b531dd316e823325cc949e70e bytes=123 template=boundary origin=boundary:-2147483648
 PASS js-fuzzer-boundary-512d8e9b531d.js [1681/10000] status=ok obs=034ff5946105 coverage=+0/32/38 time=1ms
  RUN js-fuzzer-function-17ab2ee95112.js [1682/10000] md5=17ab2ee95112b813f54b3d07b24c1dbd bytes=153 template=function origin=seed:tests/corpus/fixtures/state-machine-workflow.test.js
 PASS js-fuzzer-function-17ab2ee95112.js [1682/10000] status=ok obs=b6d767d2f8ed coverage=+0/32/38 time=3ms
  RUN js-fuzzer-array-object-a1e5eba52c3f.js [1683/10000] md5=a1e5eba52c3f65e433e61a2ef787b710 bytes=133 template=array-object origin=seed:tests/corpus/fixtures/vue-script-workflow.test.vue
 PASS js-fuzzer-array-object-a1e5eba52c3f.js [1683/10000] status=ok obs=c74d97b01eae coverage=+0/32/38 time=1ms
  RUN js-fuzzer-corpus-f00ef18b0a17.js [1684/10000] md5=f00ef18b0a172b2a2d9833f5b7fe94e2 bytes=199 template=corpus origin=tests/corpus/obfuscation/constant-tag-mix.test.js
 PASS js-fuzzer-corpus-f00ef18b0a17.js [1684/10000] status=ok obs=e86823f38986 coverage=+0/32/38 time=2ms
  RUN js-fuzzer-block-scope-7fc664287876.js [1685/10000] md5=7fc6642878767985ab6325f8fdf02946 bytes=114 template=block-scope origin=seed:tests/corpus/obfuscation/extern-slot-permutation.test.js
 PASS js-fuzzer-block-scope-7fc664287876.js [1685/10000] status=ok obs=a3c65c297427 coverage=+0/32/38 time=2ms
  RUN js-fuzzer-loop-d35707ad0bf7.js [1686/10000] md5=d35707ad0bf74148f671ad8943998af6 bytes=81 template=loop origin=seed:tests/corpus/obfuscation/externs-console.test.js
 PASS js-fuzzer-loop-d35707ad0bf7.js [1686/10000] status=ok obs=9bf31c7ff062 coverage=+0/32/38 time=1ms
  RUN js-fuzzer-try-catch-40520a1b7956.js [1687/10000] md5=40520a1b7956f57804d753ea77e1e468 bytes=110 template=try-catch origin=seed:tests/corpus/obfuscation/seed-sensitive-functions.test.js
 PASS js-fuzzer-try-catch-40520a1b7956.js [1687/10000] status=ok obs=70efdf2ec9b0 coverage=+0/32/38 time=2ms
  RUN js-fuzzer-boundary-92df4f5b559a.js [1688/10000] md5=92df4f5b559a550058b4133ffb629932 bytes=114 template=boundary origin=boundary:-2
 PASS js-fuzzer-boundary-92df4f5b559a.js [1688/10000] status=ok obs=5d7b9adcbe1c coverage=+0/32/38 time=1ms
  RUN js-fuzzer-arithmetic-9212e1aa5652.js [1689/10000] md5=9212e1aa56525d75968f34df3804dd6a bytes=84 template=arithmetic origin=seed:tests/corpus/regressions/multiple-functions-fib-add.test.js
 PASS js-fuzzer-arithmetic-9212e1aa5652.js [1689/10000] status=ok obs=3988c7f88ebc coverage=+0/32/38 time=2ms
  RUN js-fuzzer-function-ba7ea055d439.js [1690/10000] md5=ba7ea055d4397ffca213251195491d86 bytes=153 template=function origin=seed:tests/corpus/regressions/scope-compressed-closure-params.test.js
 PASS js-fuzzer-function-ba7ea055d439.js [1690/10000] status=ok obs=8f14e45fceea coverage=+0/32/38 time=2ms
  RUN js-fuzzer-array-object-1b700fd131a5.js [1691/10000] md5=1b700fd131a5af8734f95ea18c2ca035 bytes=133 template=array-object origin=seed:tests/corpus/runtime/arrays-objects-methods.test.js
 PASS js-fuzzer-array-object-1b700fd131a5.js [1691/10000] status=ok obs=c51ce410c124 coverage=+0/32/38 time=2ms
  RUN js-fuzzer-closure-c070c3623f33.js [1692/10000] md5=c070c3623f33d19dbf6132bf4da0a9d0 bytes=184 template=closure origin=seed:tests/corpus/runtime/block-scopes.test.js
 PASS js-fuzzer-closure-c070c3623f33.js [1692/10000] status=ok obs=182be0c5cdcd coverage=+0/32/38 time=1ms
  RUN js-fuzzer-corpus-a64e83c2f849.js [1693/10000] md5=a64e83c2f84925dca8985eabe963ee21 bytes=179 template=corpus origin=tests/corpus/runtime/class-fields-static-methods.test.js
 PASS js-fuzzer-corpus-a64e83c2f849.js [1693/10000] status=ok obs=8f14e45fceea coverage=+0/32/38 time=2ms
  RUN js-fuzzer-loop-54e460cecf5c.js [1694/10000] md5=54e460cecf5c05dfcffaa3b2e5f57445 bytes=81 template=loop origin=seed:tests/corpus/runtime/classes-and-objects.test.js
 PASS js-fuzzer-loop-54e460cecf5c.js [1694/10000] status=ok obs=d3d9446802a4 coverage=+0/32/38 time=2ms
  RUN js-fuzzer-boundary-7f379f781f4f.js [1695/10000] md5=7f379f781f4f9844733fb0f4c5d8aa15 bytes=114 template=boundary origin=boundary:-1
 PASS js-fuzzer-boundary-7f379f781f4f.js [1695/10000] status=ok obs=6bb61e3b7bce coverage=+0/32/38 time=1ms
  RUN js-fuzzer-class-a365d1a76b7b.js [1696/10000] md5=a365d1a76b7b0d4310621afa7caac433 bytes=100 template=class origin=seed:tests/corpus/runtime/closures-read-captured-values.test.js
 PASS js-fuzzer-class-a365d1a76b7b.js [1696/10000] status=ok obs=8f14e45fceea coverage=+0/32/38 time=2ms
  RUN js-fuzzer-arithmetic-d6c78fad024b.js [1697/10000] md5=d6c78fad024ba4823d941047d4a44691 bytes=85 template=arithmetic origin=seed:tests/corpus/runtime/exceptions-and-nullish.test.js
 PASS js-fuzzer-arithmetic-d6c78fad024b.js [1697/10000] status=ok obs=96da2f590cd7 coverage=+0/32/38 time=1ms
  RUN js-fuzzer-function-3e322d578629.js [1698/10000] md5=3e322d5786297aab4fec4c2fa56a2542 bytes=153 template=function origin=seed:tests/corpus/runtime/functions-closures-and-arrows.test.js
 PASS js-fuzzer-function-3e322d578629.js [1698/10000] status=ok obs=1679091c5a88 coverage=+0/32/38 time=2ms
  RUN js-fuzzer-array-object-835fdbfca0d1.js [1699/10000] md5=835fdbfca0d127cd9d968a4dc647ad0f bytes=133 template=array-object origin=seed:tests/corpus/runtime/lexical-shadowing.test.js
 PASS js-fuzzer-array-object-835fdbfca0d1.js [1699/10000] status=ok obs=aab3238922bc coverage=+0/32/38 time=2ms
  RUN js-fuzzer-closure-43fa8bece5dc.js [1700/10000] md5=43fa8bece5dcadac657150fa96c933d9 bytes=184 template=closure origin=seed:tests/corpus/runtime/modules-export.test.js
 PASS js-fuzzer-closure-43fa8bece5dc.js [1700/10000] status=ok obs=02e74f10e032 coverage=+0/32/38 time=1ms
  RUN js-fuzzer-block-scope-81ca0cfe74d9.js [1701/10000] md5=81ca0cfe74d9ffb22aa3c0c8e9d9e407 bytes=115 template=block-scope origin=seed:tests/corpus/runtime/nested-try-finally.test.js
 PASS js-fuzzer-block-scope-81ca0cfe74d9.js [1701/10000] status=ok obs=5f93f983524d coverage=+0/32/38 time=2ms
  RUN js-fuzzer-corpus-89e900fcb72f.js [1702/10000] md5=89e900fcb72ff838bfe9a13ae091363f bytes=228 template=corpus origin=tests/corpus/syntax/control-flow-and-operators.test.js
 PASS js-fuzzer-corpus-89e900fcb72f.js [1702/10000] status=ok obs=aab3238922bc coverage=+0/32/38 time=2ms
  RUN js-fuzzer-try-catch-8a297d00e90e.js [1703/10000] md5=8a297d00e90eb93174a6d6eeae5be951 bytes=110 template=try-catch origin=seed:tests/corpus/syntax/logical-unary-nullish.test.js
 PASS js-fuzzer-try-catch-8a297d00e90e.js [1703/10000] status=ok obs=98f137082101 coverage=+0/32/38 time=1ms
  RUN js-fuzzer-class-47fbd3db5853.js [1704/10000] md5=47fbd3db58539fc2e42627a4f3168c79 bytes=101 template=class origin=seed:tests/corpus/syntax/object-destructure-and-members.test.js
 PASS js-fuzzer-class-47fbd3db5853.js [1704/10000] status=ok obs=98f137082101 coverage=+0/32/38 time=2ms
  RUN js-fuzzer-arithmetic-1ad3a5ce852e.js [1705/10000] md5=1ad3a5ce852ed2f2db6549e3431df3e1 bytes=84 template=arithmetic origin=seed:tests/corpus/syntax/switch-do-while-sequence.test.js
 PASS js-fuzzer-arithmetic-1ad3a5ce852e.js [1705/10000] status=ok obs=37693cfc7480 coverage=+0/32/38 time=1ms
  RUN js-fuzzer-function-1d370c2e7126.js [1706/10000] md5=1d370c2e7126a84b090ad6eed5468375 bytes=153 template=function origin=seed:tests/corpus/syntax/template-array-destructure.test.js
 PASS js-fuzzer-function-1d370c2e7126.js [1706/10000] status=ok obs=8f14e45fceea coverage=+0/32/38 time=1ms
  RUN js-fuzzer-array-object-aff77ade5cad.js [1707/10000] md5=aff77ade5cad2d5de7851597e4bbcf44 bytes=133 template=array-object origin=seed:tests/corpus/syntax/typescript-assertions.test.ts
 PASS js-fuzzer-array-object-aff77ade5cad.js [1707/10000] status=ok obs=6f4922f45568 coverage=+0/32/38 time=2ms
  RUN js-fuzzer-closure-f48fb35836a2.js [1708/10000] md5=f48fb35836a2c27531ab3f695d8d8be5 bytes=184 template=closure origin=seed:tests/corpus/syntax/typescript-non-null-satisfies.test.ts
 PASS js-fuzzer-closure-f48fb35836a2.js [1708/10000] status=ok obs=17e62166fc85 coverage=+0/32/38 time=1ms
  RUN js-fuzzer-boundary-2b35f90895ea.js [1709/10000] md5=2b35f90895ea85111e562e627044f919 bytes=128 template=boundary origin=boundary:9007199254740991
 PASS js-fuzzer-boundary-2b35f90895ea.js [1709/10000] status=ok obs=8bfa9ad090fb coverage=+0/32/38 time=1ms
  RUN js-fuzzer-loop-54e460cecf5c.js [1710/10000] md5=54e460cecf5c05dfcffaa3b2e5f57445 bytes=81 template=loop origin=seed:tests/corpus/fixtures/state-machine-workflow.test.js
 PASS js-fuzzer-loop-54e460cecf5c.js [1710/10000] status=ok obs=d3d9446802a4 coverage=+0/32/38 time=2ms
  RUN js-fuzzer-corpus-f722388c7961.js [1711/10000] md5=f722388c7961d2a0288508c35f28a5f8 bytes=96 template=corpus origin=tests/corpus/fixtures/vue-script-workflow.test.vue
 PASS js-fuzzer-corpus-f722388c7961.js [1711/10000] status=ok obs=6512bd43d9ca coverage=+0/32/38 time=1ms
  RUN js-fuzzer-class-b901915e3eda.js [1712/10000] md5=b901915e3eda1a96f77dcec9fff681b5 bytes=100 template=class origin=seed:tests/corpus/obfuscation/constant-tag-mix.test.js
 PASS js-fuzzer-class-b901915e3eda.js [1712/10000] status=ok obs=c81e728d9d4c coverage=+0/32/38 time=2ms
  RUN js-fuzzer-arithmetic-3ddb6ff94cf1.js [1713/10000] md5=3ddb6ff94cf10f9d721b7919b8c2fde1 bytes=85 template=arithmetic origin=seed:tests/corpus/obfuscation/extern-slot-permutation.test.js
 PASS js-fuzzer-arithmetic-3ddb6ff94cf1.js [1713/10000] status=ok obs=01161aaa0b6d coverage=+0/32/38 time=1ms
  RUN js-fuzzer-function-e38b8374b652.js [1714/10000] md5=e38b8374b65234ab6d6009c7a43720d9 bytes=153 template=function origin=seed:tests/corpus/obfuscation/externs-console.test.js
 PASS js-fuzzer-function-e38b8374b652.js [1714/10000] status=ok obs=1679091c5a88 coverage=+0/32/38 time=2ms
  RUN js-fuzzer-array-object-e7dd652c7dab.js [1715/10000] md5=e7dd652c7dab83ff82b31ccb86b07842 bytes=133 template=array-object origin=seed:tests/corpus/obfuscation/seed-sensitive-functions.test.js
 PASS js-fuzzer-array-object-e7dd652c7dab.js [1715/10000] status=ok obs=70efdf2ec9b0 coverage=+0/32/38 time=2ms
  RUN js-fuzzer-boundary-5c12d757f0dd.js [1716/10000] md5=5c12d757f0ddd5c6b1207b14fb1e8d0c bytes=122 template=boundary origin=boundary:2147483647
 PASS js-fuzzer-boundary-5c12d757f0dd.js [1716/10000] status=ok obs=c588c0a459f4 coverage=+0/32/38 time=1ms
  RUN js-fuzzer-block-scope-bc0e6e638c42.js [1717/10000] md5=bc0e6e638c42d0e5f0ca421e2d343582 bytes=114 template=block-scope origin=seed:tests/corpus/regressions/multiple-functions-fib-add.test.js
 PASS js-fuzzer-block-scope-bc0e6e638c42.js [1717/10000] status=ok obs=2723d092b638 coverage=+0/32/38 time=2ms
  RUN js-fuzzer-loop-55c7c905bffb.js [1718/10000] md5=55c7c905bffb4bbbc4c8fb9b91df6ad8 bytes=81 template=loop origin=seed:tests/corpus/regressions/scope-compressed-closure-params.test.js
 PASS js-fuzzer-loop-55c7c905bffb.js [1718/10000] status=ok obs=eccbc87e4b5c coverage=+0/32/38 time=2ms
  RUN js-fuzzer-try-catch-7cb82b9a3fc9.js [1719/10000] md5=7cb82b9a3fc9743b17b967ebeeaab91b bytes=110 template=try-catch origin=seed:tests/corpus/runtime/arrays-objects-methods.test.js
 PASS js-fuzzer-try-catch-7cb82b9a3fc9.js [1719/10000] status=ok obs=b6d767d2f8ed coverage=+0/32/38 time=1ms
  RUN js-fuzzer-corpus-8b78ba7912c5.js [1720/10000] md5=8b78ba7912c51f6cf304b65c6ebdb2e3 bytes=289 template=corpus origin=tests/corpus/runtime/block-scopes.test.js
 PASS js-fuzzer-corpus-8b78ba7912c5.js [1720/10000] status=ok obs=37693cfc7480 coverage=+0/32/38 time=2ms
  RUN js-fuzzer-arithmetic-beb9ae674e69.js [1721/10000] md5=beb9ae674e693f12308b921153e5dfb5 bytes=84 template=arithmetic origin=seed:tests/corpus/runtime/class-fields-static-methods.test.js
 PASS js-fuzzer-arithmetic-beb9ae674e69.js [1721/10000] status=ok obs=a5771bce93e2 coverage=+0/32/38 time=2ms
  RUN js-fuzzer-function-f172d914fe2f.js [1722/10000] md5=f172d914fe2f2d124fd9ee51d2714545 bytes=153 template=function origin=seed:tests/corpus/runtime/classes-and-objects.test.js
 PASS js-fuzzer-function-f172d914fe2f.js [1722/10000] status=ok obs=c9f0f895fb98 coverage=+0/32/38 time=1ms
  RUN js-fuzzer-boundary-85faf3787c26.js [1723/10000] md5=85faf3787c26ca3bad9215a544873988 bytes=113 template=boundary origin=boundary:2
 PASS js-fuzzer-boundary-85faf3787c26.js [1723/10000] status=ok obs=c81e728d9d4c coverage=+0/32/38 time=2ms
  RUN js-fuzzer-closure-fe3a0e2b7a07.js [1724/10000] md5=fe3a0e2b7a079135b85ba11458593d51 bytes=183 template=closure origin=seed:tests/corpus/runtime/closures-read-captured-values.test.js
 PASS js-fuzzer-closure-fe3a0e2b7a07.js [1724/10000] status=ok obs=182be0c5cdcd coverage=+0/32/38 time=2ms
  RUN js-fuzzer-block-scope-8b9f5a7a09a4.js [1725/10000] md5=8b9f5a7a09a4f79722da979182f2730c bytes=114 template=block-scope origin=seed:tests/corpus/runtime/exceptions-and-nullish.test.js
 PASS js-fuzzer-block-scope-8b9f5a7a09a4.js [1725/10000] status=ok obs=a97da629b098 coverage=+0/32/38 time=1ms
  RUN js-fuzzer-loop-f495ca2fc638.js [1726/10000] md5=f495ca2fc6389f933578fc501f5b1465 bytes=81 template=loop origin=seed:tests/corpus/runtime/functions-closures-and-arrows.test.js
 PASS js-fuzzer-loop-f495ca2fc638.js [1726/10000] status=ok obs=c4ca4238a0b9 coverage=+0/32/38 time=2ms
  RUN js-fuzzer-try-catch-c5263a4b0fbd.js [1727/10000] md5=c5263a4b0fbd119742a040447111f34b bytes=109 template=try-catch origin=seed:tests/corpus/runtime/lexical-shadowing.test.js
 PASS js-fuzzer-try-catch-c5263a4b0fbd.js [1727/10000] status=ok obs=8f14e45fceea coverage=+0/32/38 time=1ms
  RUN js-fuzzer-class-d2b3669b495d.js [1728/10000] md5=d2b3669b495dd4792f9e1509f2bbf8a7 bytes=100 template=class origin=seed:tests/corpus/runtime/modules-export.test.js
 PASS js-fuzzer-class-d2b3669b495d.js [1728/10000] status=ok obs=eccbc87e4b5c coverage=+0/32/38 time=2ms
  RUN js-fuzzer-corpus-c557f8da2a9d.js [1729/10000] md5=c557f8da2a9d2904c70dca50c3eeb50e bytes=191 template=corpus origin=tests/corpus/runtime/nested-try-finally.test.js
 PASS js-fuzzer-corpus-c557f8da2a9d.js [1729/10000] status=ok obs=8f14e45fceea coverage=+0/32/38 time=2ms
  RUN js-fuzzer-boundary-a6a77cc918cc.js [1730/10000] md5=a6a77cc918cc479b04ccb7be2bd80dac bytes=113 template=boundary origin=boundary:1
 PASS js-fuzzer-boundary-a6a77cc918cc.js [1730/10000] status=ok obs=c4ca4238a0b9 coverage=+0/32/38 time=1ms
  RUN js-fuzzer-array-object-676e624448d5.js [1731/10000] md5=676e624448d5a2d4e41a54970e4ca084 bytes=133 template=array-object origin=seed:tests/corpus/syntax/logical-unary-nullish.test.js
 PASS js-fuzzer-array-object-676e624448d5.js [1731/10000] status=ok obs=c51ce410c124 coverage=+0/32/38 time=2ms
  RUN js-fuzzer-closure-a52e44fc41ea.js [1732/10000] md5=a52e44fc41ea2bf0469d1c19ee21047b bytes=184 template=closure origin=seed:tests/corpus/syntax/object-destructure-and-members.test.js
 PASS js-fuzzer-closure-a52e44fc41ea.js [1732/10000] status=ok obs=735b90b45681 coverage=+0/32/38 time=2ms
  RUN js-fuzzer-block-scope-c63543f997c3.js [1733/10000] md5=c63543f997c36488ec75fbd01eca5496 bytes=114 template=block-scope origin=seed:tests/corpus/syntax/switch-do-while-sequence.test.js
 PASS js-fuzzer-block-scope-c63543f997c3.js [1733/10000] status=ok obs=ec8956637a99 coverage=+0/32/38 time=1ms
  RUN js-fuzzer-loop-bbf1d7a15d8d.js [1734/10000] md5=bbf1d7a15d8dd015402d75c0e0108b5f bytes=81 template=loop origin=seed:tests/corpus/syntax/template-array-destructure.test.js
 PASS js-fuzzer-loop-bbf1d7a15d8d.js [1734/10000] status=ok obs=1679091c5a88 coverage=+0/32/38 time=2ms
  RUN js-fuzzer-try-catch-83aeb7d5f114.js [1735/10000] md5=83aeb7d5f114f448e90b2f3e31e7a7e9 bytes=110 template=try-catch origin=seed:tests/corpus/syntax/typescript-assertions.test.ts
 PASS js-fuzzer-try-catch-83aeb7d5f114.js [1735/10000] status=ok obs=e369853df766 coverage=+0/32/38 time=1ms
  RUN js-fuzzer-class-3b630e2d834a.js [1736/10000] md5=3b630e2d834a95a01ee75571f8bc0075 bytes=101 template=class origin=seed:tests/corpus/syntax/typescript-non-null-satisfies.test.ts
 PASS js-fuzzer-class-3b630e2d834a.js [1736/10000] status=ok obs=6512bd43d9ca coverage=+0/32/38 time=1ms
  RUN js-fuzzer-boundary-6aec0a9b1ff4.js [1737/10000] md5=6aec0a9b1ff4294bcfecb539ba7e660b bytes=129 template=boundary origin=boundary:-9007199254740991
 PASS js-fuzzer-boundary-6aec0a9b1ff4.js [1737/10000] status=ok obs=b3f3a95848f6 coverage=+0/32/38 time=2ms
  RUN js-fuzzer-corpus-ab8ca4f8757c.js [1738/10000] md5=ab8ca4f8757c6165b29cd6a662edad93 bytes=450 template=corpus origin=tests/corpus/fixtures/state-machine-workflow.test.js
 PASS js-fuzzer-corpus-ab8ca4f8757c.js [1738/10000] status=ok obs=b9f49c580664 coverage=+0/32/38 time=2ms
  RUN js-fuzzer-array-object-94430209fd82.js [1739/10000] md5=94430209fd8287c528e8c3fad73f30db bytes=133 template=array-object origin=seed:tests/corpus/fixtures/vue-script-workflow.test.vue
 PASS js-fuzzer-array-object-94430209fd82.js [1739/10000] status=ok obs=c51ce410c124 coverage=+0/32/38 time=1ms
  RUN js-fuzzer-closure-3c4474c1555e.js [1740/10000] md5=3c4474c1555ee369e907a1d6ccc05ec6 bytes=184 template=closure origin=seed:tests/corpus/obfuscation/constant-tag-mix.test.js
 PASS js-fuzzer-closure-3c4474c1555e.js [1740/10000] status=ok obs=37693cfc7480 coverage=+0/32/38 time=2ms
  RUN js-fuzzer-block-scope-69416eacfa80.js [1741/10000] md5=69416eacfa80d4cc39f9ef48aa81ecf4 bytes=114 template=block-scope origin=seed:tests/corpus/obfuscation/extern-slot-permutation.test.js
 PASS js-fuzzer-block-scope-69416eacfa80.js [1741/10000] status=ok obs=a3c65c297427 coverage=+0/32/38 time=2ms
  RUN js-fuzzer-loop-bbf1d7a15d8d.js [1742/10000] md5=bbf1d7a15d8dd015402d75c0e0108b5f bytes=81 template=loop origin=seed:tests/corpus/obfuscation/externs-console.test.js
 PASS js-fuzzer-loop-bbf1d7a15d8d.js [1742/10000] status=ok obs=1679091c5a88 coverage=+0/32/38 time=1ms
  RUN js-fuzzer-try-catch-394293a01c1f.js [1743/10000] md5=394293a01c1f5412b61d69cb8738d61b bytes=110 template=try-catch origin=seed:tests/corpus/obfuscation/seed-sensitive-functions.test.js
 PASS js-fuzzer-try-catch-394293a01c1f.js [1743/10000] status=ok obs=c74d97b01eae coverage=+0/32/38 time=2ms
  RUN js-fuzzer-boundary-205872a6e44c.js [1744/10000] md5=205872a6e44c1ea0cf94554af934fb09 bytes=123 template=boundary origin=boundary:-2147483648
 PASS js-fuzzer-boundary-205872a6e44c.js [1744/10000] status=ok obs=034ff5946105 coverage=+0/32/38 time=2ms
  RUN js-fuzzer-arithmetic-f6592037d1fd.js [1745/10000] md5=f6592037d1fdcca2c5161f9a233ac275 bytes=84 template=arithmetic origin=seed:tests/corpus/regressions/multiple-functions-fib-add.test.js
 PASS js-fuzzer-arithmetic-f6592037d1fd.js [1745/10000] status=ok obs=eae27d77ca20 coverage=+0/32/38 time=1ms
  RUN js-fuzzer-function-1bdd3cdc8039.js [1746/10000] md5=1bdd3cdc8039303572ffd714360b1f25 bytes=153 template=function origin=seed:tests/corpus/regressions/scope-compressed-closure-params.test.js
 PASS js-fuzzer-function-1bdd3cdc8039.js [1746/10000] status=ok obs=37693cfc7480 coverage=+0/32/38 time=2ms
  RUN js-fuzzer-corpus-a07012429fce.js [1747/10000] md5=a07012429fce4b4d7c8af42f445f70b9 bytes=163 template=corpus origin=tests/corpus/runtime/arrays-objects-methods.test.js
 PASS js-fuzzer-corpus-a07012429fce.js [1747/10000] status=ok obs=c51ce410c124 coverage=+0/32/38 time=2ms
  RUN js-fuzzer-closure-762d541467e5.js [1748/10000] md5=762d541467e5977d1d862b0336559e92 bytes=183 template=closure origin=seed:tests/corpus/runtime/block-scopes.test.js
 PASS js-fuzzer-closure-762d541467e5.js [1748/10000] status=ok obs=70efdf2ec9b0 coverage=+0/32/38 time=2ms
  RUN js-fuzzer-block-scope-1073ed1396de.js [1749/10000] md5=1073ed1396de16d82a40aa7d9e53a37c bytes=114 template=block-scope origin=seed:tests/corpus/runtime/class-fields-static-methods.test.js
 PASS js-fuzzer-block-scope-1073ed1396de.js [1749/10000] status=ok obs=a97da629b098 coverage=+0/32/38 time=1ms
  RUN js-fuzzer-loop-55c7c905bffb.js [1750/10000] md5=55c7c905bffb4bbbc4c8fb9b91df6ad8 bytes=81 template=loop origin=seed:tests/corpus/runtime/classes-and-objects.test.js
 PASS js-fuzzer-loop-55c7c905bffb.js [1750/10000] status=ok obs=eccbc87e4b5c coverage=+0/32/38 time=2ms
  RUN js-fuzzer-boundary-6d89c3a838ae.js [1751/10000] md5=6d89c3a838ae354bda64ec37ec2b63b1 bytes=114 template=boundary origin=boundary:-2
 PASS js-fuzzer-boundary-6d89c3a838ae.js [1751/10000] status=ok obs=5d7b9adcbe1c coverage=+0/32/38 time=2ms
  RUN js-fuzzer-class-51ea152a707e.js [1752/10000] md5=51ea152a707ed5422ab3e5b3ddb7fe43 bytes=100 template=class origin=seed:tests/corpus/runtime/closures-read-captured-values.test.js
 PASS js-fuzzer-class-51ea152a707e.js [1752/10000] status=ok obs=e4da3b7fbbce coverage=+0/32/38 time=1ms
  RUN js-fuzzer-arithmetic-7ce5676504eb.js [1753/10000] md5=7ce5676504ebda950c91c3a2783451a1 bytes=83 template=arithmetic origin=seed:tests/corpus/runtime/exceptions-and-nullish.test.js
 PASS js-fuzzer-arithmetic-7ce5676504eb.js [1753/10000] status=ok obs=02e74f10e032 coverage=+0/32/38 time=2ms
  RUN js-fuzzer-function-8a44cf2ceed5.js [1754/10000] md5=8a44cf2ceed595d9f22254a99d394b8c bytes=153 template=function origin=seed:tests/corpus/runtime/functions-closures-and-arrows.test.js
 PASS js-fuzzer-function-8a44cf2ceed5.js [1754/10000] status=ok obs=1ff1de774005 coverage=+0/32/38 time=2ms
  RUN js-fuzzer-array-object-1ff3b4aa01a0.js [1755/10000] md5=1ff3b4aa01a037f5139a1c45ba9bbac8 bytes=133 template=array-object origin=seed:tests/corpus/runtime/lexical-shadowing.test.js
 PASS js-fuzzer-array-object-1ff3b4aa01a0.js [1755/10000] status=ok obs=d3d9446802a4 coverage=+0/32/38 time=2ms
  RUN js-fuzzer-corpus-4131d841163b.js [1756/10000] md5=4131d841163b79e192bca9d4fc683c54 bytes=58 template=corpus origin=tests/corpus/runtime/modules-export.test.js
 PASS js-fuzzer-corpus-4131d841163b.js [1756/10000] status=ok obs=8f14e45fceea coverage=+0/32/38 time=1ms
  RUN js-fuzzer-block-scope-53cd7c53dcef.js [1757/10000] md5=53cd7c53dceff32e4732b28209c6bef1 bytes=114 template=block-scope origin=seed:tests/corpus/runtime/nested-try-finally.test.js
 PASS js-fuzzer-block-scope-53cd7c53dcef.js [1757/10000] status=ok obs=6974ce5ac660 coverage=+0/32/38 time=2ms
  RUN js-fuzzer-boundary-1024adcac0e5.js [1758/10000] md5=1024adcac0e5cc9f99f478fa66dcc00c bytes=114 template=boundary origin=boundary:-1
 PASS js-fuzzer-boundary-1024adcac0e5.js [1758/10000] status=ok obs=6bb61e3b7bce coverage=+0/32/38 time=2ms
  RUN js-fuzzer-try-catch-78409afcd812.js [1759/10000] md5=78409afcd812e57d07238a91d9d67ddf bytes=110 template=try-catch origin=seed:tests/corpus/syntax/logical-unary-nullish.test.js
 PASS js-fuzzer-try-catch-78409afcd812.js [1759/10000] status=ok obs=17e62166fc85 coverage=+0/32/38 time=1ms
  RUN js-fuzzer-class-d2b3669b495d.js [1760/10000] md5=d2b3669b495dd4792f9e1509f2bbf8a7 bytes=100 template=class origin=seed:tests/corpus/syntax/object-destructure-and-members.test.js
 PASS js-fuzzer-class-d2b3669b495d.js [1760/10000] status=ok obs=eccbc87e4b5c coverage=+0/32/38 time=2ms
  RUN js-fuzzer-arithmetic-bcd353582b18.js [1761/10000] md5=bcd353582b181df9daa473b2d5287eff bytes=84 template=arithmetic origin=seed:tests/corpus/syntax/switch-do-while-sequence.test.js
 PASS js-fuzzer-arithmetic-bcd353582b18.js [1761/10000] status=ok obs=a5bfc9e07964 coverage=+0/32/38 time=1ms
  RUN js-fuzzer-function-ced1d0daab2e.js [1762/10000] md5=ced1d0daab2e23fdcfec672d899d9739 bytes=153 template=function origin=seed:tests/corpus/syntax/template-array-destructure.test.js
 PASS js-fuzzer-function-ced1d0daab2e.js [1762/10000] status=ok obs=8e296a067a37 coverage=+0/32/38 time=3ms
  RUN js-fuzzer-array-object-6b074eda9017.js [1763/10000] md5=6b074eda9017bf419cfb684874ba8d14 bytes=133 template=array-object origin=seed:tests/corpus/syntax/typescript-assertions.test.ts
 PASS js-fuzzer-array-object-6b074eda9017.js [1763/10000] status=ok obs=6512bd43d9ca coverage=+0/32/38 time=1ms
  RUN js-fuzzer-closure-2635deb534af.js [1764/10000] md5=2635deb534affd449984982e6e167945 bytes=183 template=closure origin=seed:tests/corpus/syntax/typescript-non-null-satisfies.test.ts
 PASS js-fuzzer-closure-2635deb534af.js [1764/10000] status=ok obs=c16a5320fa47 coverage=+0/32/38 time=2ms
  RUN js-fuzzer-corpus-797f152bf878.js [1765/10000] md5=797f152bf878d5049066c6db6d2360b3 bytes=355 template=corpus origin=tests/corpus/fixtures/job-workflow.test.js
 PASS js-fuzzer-corpus-797f152bf878.js [1765/10000] status=ok obs=b9de0628c8ec coverage=+0/32/38 time=2ms
  RUN js-fuzzer-loop-b88258462a8d.js [1766/10000] md5=b88258462a8d880f8b0e459fa23b2536 bytes=81 template=loop origin=seed:tests/corpus/fixtures/state-machine-workflow.test.js
 PASS js-fuzzer-loop-b88258462a8d.js [1766/10000] status=ok obs=3c59dc048e88 coverage=+0/32/38 time=1ms
  RUN js-fuzzer-try-catch-84bb82ab521c.js [1767/10000] md5=84bb82ab521cc370007aca532f77c9e1 bytes=110 template=try-catch origin=seed:tests/corpus/fixtures/vue-script-workflow.test.vue
 PASS js-fuzzer-try-catch-84bb82ab521c.js [1767/10000] status=ok obs=c16a5320fa47 coverage=+0/32/38 time=2ms
  RUN js-fuzzer-class-c0844991889f.js [1768/10000] md5=c0844991889f03308712cd6bc6b7c31c bytes=101 template=class origin=seed:tests/corpus/obfuscation/constant-tag-mix.test.js
 PASS js-fuzzer-class-c0844991889f.js [1768/10000] status=ok obs=70efdf2ec9b0 coverage=+0/32/38 time=2ms
  RUN js-fuzzer-arithmetic-412688c67d10.js [1769/10000] md5=412688c67d104d9599693af92cda2624 bytes=84 template=arithmetic origin=seed:tests/corpus/obfuscation/extern-slot-permutation.test.js
 PASS js-fuzzer-arithmetic-412688c67d10.js [1769/10000] status=ok obs=ed3d2c21991e coverage=+0/32/38 time=1ms
  RUN js-fuzzer-function-e38b8374b652.js [1770/10000] md5=e38b8374b65234ab6d6009c7a43720d9 bytes=153 template=function origin=seed:tests/corpus/obfuscation/externs-console.test.js
 PASS js-fuzzer-function-e38b8374b652.js [1770/10000] status=ok obs=1679091c5a88 coverage=+0/32/38 time=2ms
  RUN js-fuzzer-array-object-4738ce33b47e.js [1771/10000] md5=4738ce33b47e96c356a0398dfb513670 bytes=133 template=array-object origin=seed:tests/corpus/obfuscation/seed-sensitive-functions.test.js
 PASS js-fuzzer-array-object-4738ce33b47e.js [1771/10000] status=ok obs=c51ce410c124 coverage=+0/32/38 time=2ms
  RUN js-fuzzer-boundary-2b35f90895ea.js [1772/10000] md5=2b35f90895ea85111e562e627044f919 bytes=128 template=boundary origin=boundary:9007199254740991
 PASS js-fuzzer-boundary-2b35f90895ea.js [1772/10000] status=ok obs=8bfa9ad090fb coverage=+0/32/38 time=1ms
  RUN js-fuzzer-block-scope-34346bbd8abb.js [1773/10000] md5=34346bbd8abbdb7c56603c92b2706d32 bytes=114 template=block-scope origin=seed:tests/corpus/regressions/multiple-functions-fib-add.test.js
 PASS js-fuzzer-block-scope-34346bbd8abb.js [1773/10000] status=ok obs=ec8956637a99 coverage=+0/32/38 time=2ms
  RUN js-fuzzer-corpus-c28cfb056309.js [1774/10000] md5=c28cfb056309f2a77f8bd9756b123c54 bytes=147 template=corpus origin=tests/corpus/regressions/scope-compressed-closure-params.test.js
 PASS js-fuzzer-corpus-c28cfb056309.js [1774/10000] status=ok obs=c51ce410c124 coverage=+0/32/38 time=1ms
  RUN js-fuzzer-try-catch-78409afcd812.js [1775/10000] md5=78409afcd812e57d07238a91d9d67ddf bytes=110 template=try-catch origin=seed:tests/corpus/runtime/arrays-objects-methods.test.js
 PASS js-fuzzer-try-catch-78409afcd812.js [1775/10000] status=ok obs=17e62166fc85 coverage=+0/32/38 time=1ms
  RUN js-fuzzer-class-b1e3642c0208.js [1776/10000] md5=b1e3642c0208992266fb21668a536292 bytes=100 template=class origin=seed:tests/corpus/runtime/block-scopes.test.js
 PASS js-fuzzer-class-b1e3642c0208.js [1776/10000] status=ok obs=c9f0f895fb98 coverage=+0/32/38 time=2ms
  RUN js-fuzzer-arithmetic-dc24474f2335.js [1777/10000] md5=dc24474f23358a874c1a3820f767262f bytes=84 template=arithmetic origin=seed:tests/corpus/runtime/class-fields-static-methods.test.js
 PASS js-fuzzer-arithmetic-dc24474f2335.js [1777/10000] status=ok obs=d1fe173d08e9 coverage=+0/32/38 time=1ms
  RUN js-fuzzer-function-2a74733dc731.js [1778/10000] md5=2a74733dc7313f8fa40f843496dd9ed4 bytes=153 template=function origin=seed:tests/corpus/runtime/classes-and-objects.test.js
 PASS js-fuzzer-function-2a74733dc731.js [1778/10000] status=ok obs=45c48cce2e2d coverage=+0/32/38 time=2ms
  RUN js-fuzzer-boundary-ac080ee0add8.js [1779/10000] md5=ac080ee0add8a3967f40d078a13e076b bytes=122 template=boundary origin=boundary:2147483647
 PASS js-fuzzer-boundary-ac080ee0add8.js [1779/10000] status=ok obs=c588c0a459f4 coverage=+0/32/38 time=2ms
  RUN js-fuzzer-closure-552b7bf42ae8.js [1780/10000] md5=552b7bf42ae8fadb55aeda6afd3df32c bytes=184 template=closure origin=seed:tests/corpus/runtime/closures-read-captured-values.test.js
 PASS js-fuzzer-closure-552b7bf42ae8.js [1780/10000] status=ok obs=fc490ca45c00 coverage=+0/32/38 time=1ms
  RUN js-fuzzer-block-scope-c6c6dc9d4752.js [1781/10000] md5=c6c6dc9d47525217323991cffcd77b98 bytes=114 template=block-scope origin=seed:tests/corpus/runtime/exceptions-and-nullish.test.js
 PASS js-fuzzer-block-scope-c6c6dc9d4752.js [1781/10000] status=ok obs=c9e1074f5b3f coverage=+0/32/38 time=2ms
  RUN js-fuzzer-loop-54e460cecf5c.js [1782/10000] md5=54e460cecf5c05dfcffaa3b2e5f57445 bytes=81 template=loop origin=seed:tests/corpus/runtime/functions-closures-and-arrows.test.js
 PASS js-fuzzer-loop-54e460cecf5c.js [1782/10000] status=ok obs=d3d9446802a4 coverage=+0/32/38 time=2ms
  RUN js-fuzzer-corpus-463d4dee8a1f.js [1783/10000] md5=463d4dee8a1f930fa8af57a704cacf3e bytes=232 template=corpus origin=tests/corpus/runtime/lexical-shadowing.test.js
 PASS js-fuzzer-corpus-463d4dee8a1f.js [1783/10000] status=ok obs=c51ce410c124 coverage=+0/32/38 time=1ms
  RUN js-fuzzer-class-6736c24444bc.js [1784/10000] md5=6736c24444bc6ff151b05a9a974ae4d5 bytes=100 template=class origin=seed:tests/corpus/runtime/modules-export.test.js
 PASS js-fuzzer-class-6736c24444bc.js [1784/10000] status=ok obs=45c48cce2e2d coverage=+0/32/38 time=2ms
  RUN js-fuzzer-arithmetic-6e4a3f2d891f.js [1785/10000] md5=6e4a3f2d891f39cae53f0e8afedccb47 bytes=85 template=arithmetic origin=seed:tests/corpus/runtime/nested-try-finally.test.js
 PASS js-fuzzer-arithmetic-6e4a3f2d891f.js [1785/10000] status=ok obs=57aeee35c982 coverage=+0/32/38 time=1ms
  RUN js-fuzzer-boundary-e33d9dc9cd6c.js [1786/10000] md5=e33d9dc9cd6c84ec6ac6a01d1d18c4f2 bytes=113 template=boundary origin=boundary:2
 PASS js-fuzzer-boundary-e33d9dc9cd6c.js [1786/10000] status=ok obs=c81e728d9d4c coverage=+0/32/38 time=1ms
  RUN js-fuzzer-array-object-9807f5366d5a.js [1787/10000] md5=9807f5366d5a5d098e5f84e274f125ba bytes=133 template=array-object origin=seed:tests/corpus/syntax/logical-unary-nullish.test.js
 PASS js-fuzzer-array-object-9807f5366d5a.js [1787/10000] status=ok obs=aab3238922bc coverage=+0/32/38 time=2ms
  RUN js-fuzzer-closure-b69e01191560.js [1788/10000] md5=b69e01191560aa1b1660926decdbe016 bytes=185 template=closure origin=seed:tests/corpus/syntax/object-destructure-and-members.test.js
 PASS js-fuzzer-closure-b69e01191560.js [1788/10000] status=ok obs=6c8349cc7260 coverage=+0/32/38 time=1ms
  RUN js-fuzzer-block-scope-521b3e3723d2.js [1789/10000] md5=521b3e3723d2c6d75529bfe53ce67ca8 bytes=114 template=block-scope origin=seed:tests/corpus/syntax/switch-do-while-sequence.test.js
 PASS js-fuzzer-block-scope-521b3e3723d2.js [1789/10000] status=ok obs=ec8956637a99 coverage=+0/32/38 time=2ms
  RUN js-fuzzer-loop-bbf1d7a15d8d.js [1790/10000] md5=bbf1d7a15d8dd015402d75c0e0108b5f bytes=81 template=loop origin=seed:tests/corpus/syntax/template-array-destructure.test.js
 PASS js-fuzzer-loop-bbf1d7a15d8d.js [1790/10000] status=ok obs=1679091c5a88 coverage=+0/32/38 time=1ms
  RUN js-fuzzer-try-catch-47becaf372c3.js [1791/10000] md5=47becaf372c34523cd2fbacf2b53d016 bytes=110 template=try-catch origin=seed:tests/corpus/syntax/typescript-assertions.test.ts
 PASS js-fuzzer-try-catch-47becaf372c3.js [1791/10000] status=ok obs=02e74f10e032 coverage=+0/32/38 time=2ms
  RUN js-fuzzer-corpus-e3eeaea0f8a2.js [1792/10000] md5=e3eeaea0f8a2c5d5b650d4007cf78b4a bytes=104 template=corpus origin=tests/corpus/syntax/typescript-non-null-satisfies.test.ts
 PASS js-fuzzer-corpus-e3eeaea0f8a2.js [1792/10000] status=ok obs=d3d9446802a4 coverage=+0/32/38 time=2ms
  RUN js-fuzzer-boundary-a6a77cc918cc.js [1793/10000] md5=a6a77cc918cc479b04ccb7be2bd80dac bytes=113 template=boundary origin=boundary:1
 PASS js-fuzzer-boundary-a6a77cc918cc.js [1793/10000] status=ok obs=c4ca4238a0b9 coverage=+0/32/38 time=1ms
  RUN js-fuzzer-function-4b9684ea9e29.js [1794/10000] md5=4b9684ea9e291ddb6515f98bf0c93905 bytes=153 template=function origin=seed:tests/corpus/fixtures/state-machine-workflow.test.js
 PASS js-fuzzer-function-4b9684ea9e29.js [1794/10000] status=ok obs=eccbc87e4b5c coverage=+0/32/38 time=2ms
  RUN js-fuzzer-array-object-0fbd72b725b3.js [1795/10000] md5=0fbd72b725b30044c4108ebe9ca87e01 bytes=133 template=array-object origin=seed:tests/corpus/fixtures/vue-script-workflow.test.vue
 PASS js-fuzzer-array-object-0fbd72b725b3.js [1795/10000] status=ok obs=c9f0f895fb98 coverage=+0/32/38 time=2ms
  RUN js-fuzzer-closure-0f0fb7b0f0a2.js [1796/10000] md5=0f0fb7b0f0a265a362ed041068a519c2 bytes=184 template=closure origin=seed:tests/corpus/obfuscation/constant-tag-mix.test.js
 PASS js-fuzzer-closure-0f0fb7b0f0a2.js [1796/10000] status=ok obs=6ea9ab1baa0e coverage=+0/32/38 time=1ms
  RUN js-fuzzer-block-scope-a55cb70fe1d5.js [1797/10000] md5=a55cb70fe1d5b8feb9210d1a4de7e588 bytes=114 template=block-scope origin=seed:tests/corpus/obfuscation/extern-slot-permutation.test.js
 PASS js-fuzzer-block-scope-a55cb70fe1d5.js [1797/10000] status=ok obs=c9e1074f5b3f coverage=+0/32/38 time=2ms
  RUN js-fuzzer-loop-b88258462a8d.js [1798/10000] md5=b88258462a8d880f8b0e459fa23b2536 bytes=81 template=loop origin=seed:tests/corpus/obfuscation/externs-console.test.js
 PASS js-fuzzer-loop-b88258462a8d.js [1798/10000] status=ok obs=3c59dc048e88 coverage=+0/32/38 time=1ms
  RUN js-fuzzer-try-catch-02a6aedaa978.js [1799/10000] md5=02a6aedaa97879d59ffd66c80df1d065 bytes=109 template=try-catch origin=seed:tests/corpus/obfuscation/seed-sensitive-functions.test.js
 PASS js-fuzzer-try-catch-02a6aedaa978.js [1799/10000] status=ok obs=e4da3b7fbbce coverage=+0/32/38 time=2ms
  RUN js-fuzzer-boundary-235131a2d0d1.js [1800/10000] md5=235131a2d0d184afe9327ca3bd456dde bytes=129 template=boundary origin=boundary:-9007199254740991
 PASS js-fuzzer-boundary-235131a2d0d1.js [1800/10000] status=ok obs=b3f3a95848f6 coverage=+0/32/38 time=2ms
  RUN js-fuzzer-corpus-ad9ed8746461.js [1801/10000] md5=ad9ed87464611c6dd81b04b3754c760c bytes=214 template=corpus origin=tests/corpus/regressions/multiple-functions-fib-add.test.js
 PASS js-fuzzer-corpus-ad9ed8746461.js [1801/10000] status=ok obs=3c59dc048e88 coverage=+0/32/38 time=2ms
  RUN js-fuzzer-function-ba7ea055d439.js [1802/10000] md5=ba7ea055d4397ffca213251195491d86 bytes=153 template=function origin=seed:tests/corpus/regressions/scope-compressed-closure-params.test.js
 PASS js-fuzzer-function-ba7ea055d439.js [1802/10000] status=ok obs=8f14e45fceea coverage=+0/32/38 time=2ms
  RUN js-fuzzer-array-object-b6a1e8811d95.js [1803/10000] md5=b6a1e8811d95662140ca5e11bffc1fd5 bytes=133 template=array-object origin=seed:tests/corpus/runtime/arrays-objects-methods.test.js
 PASS js-fuzzer-array-object-b6a1e8811d95.js [1803/10000] status=ok obs=1679091c5a88 coverage=+0/32/38 time=2ms
  RUN js-fuzzer-closure-356273d10e9c.js [1804/10000] md5=356273d10e9c4bdaf88b72241f0cc351 bytes=184 template=closure origin=seed:tests/corpus/runtime/block-scopes.test.js
 PASS js-fuzzer-closure-356273d10e9c.js [1804/10000] status=ok obs=7f39f8317fbd coverage=+0/32/38 time=1ms
  RUN js-fuzzer-block-scope-278e1355754c.js [1805/10000] md5=278e1355754cd4ed42a12b75127f78a4 bytes=114 template=block-scope origin=seed:tests/corpus/runtime/class-fields-static-methods.test.js
 PASS js-fuzzer-block-scope-278e1355754c.js [1805/10000] status=ok obs=a97da629b098 coverage=+0/32/38 time=1ms
  RUN js-fuzzer-loop-d35707ad0bf7.js [1806/10000] md5=d35707ad0bf74148f671ad8943998af6 bytes=81 template=loop origin=seed:tests/corpus/runtime/classes-and-objects.test.js
 PASS js-fuzzer-loop-d35707ad0bf7.js [1806/10000] status=ok obs=9bf31c7ff062 coverage=+0/32/38 time=2ms
  RUN js-fuzzer-boundary-205872a6e44c.js [1807/10000] md5=205872a6e44c1ea0cf94554af934fb09 bytes=123 template=boundary origin=boundary:-2147483648
 PASS js-fuzzer-boundary-205872a6e44c.js [1807/10000] status=ok obs=034ff5946105 coverage=+0/32/38 time=1ms
  RUN js-fuzzer-class-a35a4dd2f302.js [1808/10000] md5=a35a4dd2f302fda9a0e8d6e2c980c283 bytes=101 template=class origin=seed:tests/corpus/runtime/closures-read-captured-values.test.js
 PASS js-fuzzer-class-a35a4dd2f302.js [1808/10000] status=ok obs=9bf31c7ff062 coverage=+0/32/38 time=2ms
  RUN js-fuzzer-arithmetic-35f361878e79.js [1809/10000] md5=35f361878e79df196be100a2b3fb085b bytes=85 template=arithmetic origin=seed:tests/corpus/runtime/exceptions-and-nullish.test.js
 PASS js-fuzzer-arithmetic-35f361878e79.js [1809/10000] status=ok obs=45fbc6d3e05e coverage=+0/32/38 time=2ms
  RUN js-fuzzer-corpus-72746d071c58.js [1810/10000] md5=72746d071c58fadd9399bc8934c30553 bytes=197 template=corpus origin=tests/corpus/runtime/functions-closures-and-arrows.test.js
 PASS js-fuzzer-corpus-72746d071c58.js [1810/10000] status=ok obs=c74d97b01eae coverage=+0/32/38 time=1ms
  RUN js-fuzzer-array-object-58fe441afbd4.js [1811/10000] md5=58fe441afbd494c65ce93b3dcf0d2e0d bytes=133 template=array-object origin=seed:tests/corpus/runtime/lexical-shadowing.test.js
 PASS js-fuzzer-array-object-58fe441afbd4.js [1811/10000] status=ok obs=6f4922f45568 coverage=+0/32/38 time=2ms
  RUN js-fuzzer-closure-0d6fde1f31b8.js [1812/10000] md5=0d6fde1f31b85426bed3ac1e80720d67 bytes=184 template=closure origin=seed:tests/corpus/runtime/modules-export.test.js
 PASS js-fuzzer-closure-0d6fde1f31b8.js [1812/10000] status=ok obs=a5bfc9e07964 coverage=+0/32/38 time=2ms
  RUN js-fuzzer-block-scope-189a154b2a8c.js [1813/10000] md5=189a154b2a8c69df7c7931b59dffde25 bytes=114 template=block-scope origin=seed:tests/corpus/runtime/nested-try-finally.test.js
 PASS js-fuzzer-block-scope-189a154b2a8c.js [1813/10000] status=ok obs=6974ce5ac660 coverage=+0/32/38 time=1ms
  RUN js-fuzzer-boundary-6d89c3a838ae.js [1814/10000] md5=6d89c3a838ae354bda64ec37ec2b63b1 bytes=114 template=boundary origin=boundary:-2
 PASS js-fuzzer-boundary-6d89c3a838ae.js [1814/10000] status=ok obs=5d7b9adcbe1c coverage=+0/32/38 time=2ms
  RUN js-fuzzer-try-catch-8031e9fbb6ce.js [1815/10000] md5=8031e9fbb6ce9336eae93af8638d05b3 bytes=110 template=try-catch origin=seed:tests/corpus/syntax/logical-unary-nullish.test.js
 PASS js-fuzzer-try-catch-8031e9fbb6ce.js [1815/10000] status=ok obs=a1d0c6e83f02 coverage=+0/32/38 time=1ms
  RUN js-fuzzer-class-769274f77fa6.js [1816/10000] md5=769274f77fa62254ce7e0eb0e3adf7f1 bytes=100 template=class origin=seed:tests/corpus/syntax/object-destructure-and-members.test.js
 PASS js-fuzzer-class-769274f77fa6.js [1816/10000] status=ok obs=c4ca4238a0b9 coverage=+0/32/38 time=2ms
  RUN js-fuzzer-arithmetic-88a126e93dfe.js [1817/10000] md5=88a126e93dfefab8cff4844905f0c040 bytes=84 template=arithmetic origin=seed:tests/corpus/syntax/switch-do-while-sequence.test.js
 PASS js-fuzzer-arithmetic-88a126e93dfe.js [1817/10000] status=ok obs=e96ed478dab8 coverage=+0/32/38 time=1ms
  RUN js-fuzzer-function-53ef3ed61b76.js [1818/10000] md5=53ef3ed61b76dc45be6c66e5b3206216 bytes=153 template=function origin=seed:tests/corpus/syntax/template-array-destructure.test.js
 PASS js-fuzzer-function-53ef3ed61b76.js [1818/10000] status=ok obs=70efdf2ec9b0 coverage=+0/32/38 time=2ms
  RUN js-fuzzer-corpus-57a83a4b020d.js [1819/10000] md5=57a83a4b020d4b85b42b0a3709f283ad bytes=130 template=corpus origin=tests/corpus/syntax/typescript-assertions.test.ts
 PASS js-fuzzer-corpus-57a83a4b020d.js [1819/10000] status=ok obs=45c48cce2e2d coverage=+0/32/38 time=2ms
  RUN js-fuzzer-closure-29e68e76f867.js [1820/10000] md5=29e68e76f867dc0cde73cb89c924d016 bytes=185 template=closure origin=seed:tests/corpus/syntax/typescript-non-null-satisfies.test.ts
 PASS js-fuzzer-closure-29e68e76f867.js [1820/10000] status=ok obs=3416a75f4cea coverage=+0/32/38 time=2ms
  RUN js-fuzzer-boundary-61a9a82f5f08.js [1821/10000] md5=61a9a82f5f08bc177f13c805ba785d7d bytes=114 template=boundary origin=boundary:-1
 PASS js-fuzzer-boundary-61a9a82f5f08.js [1821/10000] status=ok obs=6bb61e3b7bce coverage=+0/32/38 time=1ms
  RUN js-fuzzer-loop-f495ca2fc638.js [1822/10000] md5=f495ca2fc6389f933578fc501f5b1465 bytes=81 template=loop origin=seed:tests/corpus/fixtures/state-machine-workflow.test.js
 PASS js-fuzzer-loop-f495ca2fc638.js [1822/10000] status=ok obs=c4ca4238a0b9 coverage=+0/32/38 time=2ms
  RUN js-fuzzer-try-catch-49469dc3bbde.js [1823/10000] md5=49469dc3bbdee70291dead76d4352702 bytes=109 template=try-catch origin=seed:tests/corpus/fixtures/vue-script-workflow.test.vue
 PASS js-fuzzer-try-catch-49469dc3bbde.js [1823/10000] status=ok obs=d3d9446802a4 coverage=+0/32/38 time=2ms
  RUN js-fuzzer-class-47fbd3db5853.js [1824/10000] md5=47fbd3db58539fc2e42627a4f3168c79 bytes=101 template=class origin=seed:tests/corpus/obfuscation/constant-tag-mix.test.js
 PASS js-fuzzer-class-47fbd3db5853.js [1824/10000] status=ok obs=98f137082101 coverage=+0/32/38 time=1ms
  RUN js-fuzzer-arithmetic-655021c8f483.js [1825/10000] md5=655021c8f4836f1add23ebbe3851a98d bytes=84 template=arithmetic origin=seed:tests/corpus/obfuscation/extern-slot-permutation.test.js
 PASS js-fuzzer-arithmetic-655021c8f483.js [1825/10000] status=ok obs=1f0e3dad9990 coverage=+0/32/38 time=2ms
  RUN js-fuzzer-function-e38b8374b652.js [1826/10000] md5=e38b8374b65234ab6d6009c7a43720d9 bytes=153 template=function origin=seed:tests/corpus/obfuscation/externs-console.test.js
 PASS js-fuzzer-function-e38b8374b652.js [1826/10000] status=ok obs=1679091c5a88 coverage=+0/32/38 time=1ms
  RUN js-fuzzer-array-object-0fbd72b725b3.js [1827/10000] md5=0fbd72b725b30044c4108ebe9ca87e01 bytes=133 template=array-object origin=seed:tests/corpus/obfuscation/seed-sensitive-functions.test.js
 PASS js-fuzzer-array-object-0fbd72b725b3.js [1827/10000] status=ok obs=c9f0f895fb98 coverage=+0/32/38 time=1ms
  RUN js-fuzzer-corpus-79643e915862.js [1828/10000] md5=79643e91586251700d34c0c65a0220da bytes=89 template=corpus origin=tests/corpus/regressions/destructuring-lowers-to-member.test.js
 PASS js-fuzzer-corpus-79643e915862.js [1828/10000] status=ok obs=eccbc87e4b5c coverage=+0/32/38 time=2ms
  RUN js-fuzzer-block-scope-cdbf5f7a5e45.js [1829/10000] md5=cdbf5f7a5e4556604c53c617bae60283 bytes=115 template=block-scope origin=seed:tests/corpus/regressions/multiple-functions-fib-add.test.js
 PASS js-fuzzer-block-scope-cdbf5f7a5e45.js [1829/10000] status=ok obs=5f93f983524d coverage=+0/32/38 time=1ms
  RUN js-fuzzer-loop-55c7c905bffb.js [1830/10000] md5=55c7c905bffb4bbbc4c8fb9b91df6ad8 bytes=81 template=loop origin=seed:tests/corpus/regressions/scope-compressed-closure-params.test.js
 PASS js-fuzzer-loop-55c7c905bffb.js [1830/10000] status=ok obs=eccbc87e4b5c coverage=+0/32/38 time=2ms
  RUN js-fuzzer-try-catch-6c711f8bb184.js [1831/10000] md5=6c711f8bb184c228d8b20d70b1aabb73 bytes=109 template=try-catch origin=seed:tests/corpus/runtime/arrays-objects-methods.test.js
 PASS js-fuzzer-try-catch-6c711f8bb184.js [1831/10000] status=ok obs=1679091c5a88 coverage=+0/32/38 time=1ms
  RUN js-fuzzer-class-d2b3669b495d.js [1832/10000] md5=d2b3669b495dd4792f9e1509f2bbf8a7 bytes=100 template=class origin=seed:tests/corpus/runtime/block-scopes.test.js
 PASS js-fuzzer-class-d2b3669b495d.js [1832/10000] status=ok obs=eccbc87e4b5c coverage=+0/32/38 time=2ms
  RUN js-fuzzer-arithmetic-1241d662117f.js [1833/10000] md5=1241d662117f16fff8677cceafe807d7 bytes=84 template=arithmetic origin=seed:tests/corpus/runtime/class-fields-static-methods.test.js
 PASS js-fuzzer-arithmetic-1241d662117f.js [1833/10000] status=ok obs=da4fb5c6e93e coverage=+0/32/38 time=2ms
  RUN js-fuzzer-function-cb7d7d91d83d.js [1834/10000] md5=cb7d7d91d83d165500656240f14cd1fc bytes=153 template=function origin=seed:tests/corpus/runtime/classes-and-objects.test.js
 PASS js-fuzzer-function-cb7d7d91d83d.js [1834/10000] status=ok obs=8f14e45fceea coverage=+0/32/38 time=1ms
  RUN js-fuzzer-boundary-6330cdecf02f.js [1835/10000] md5=6330cdecf02f68328876d88213acc2ac bytes=128 template=boundary origin=boundary:9007199254740991
 PASS js-fuzzer-boundary-6330cdecf02f.js [1835/10000] status=ok obs=8bfa9ad090fb coverage=+0/32/38 time=2ms
  RUN js-fuzzer-closure-a1698204e7b7.js [1836/10000] md5=a1698204e7b775352d66f436356d8852 bytes=184 template=closure origin=seed:tests/corpus/runtime/closures-read-captured-values.test.js
 PASS js-fuzzer-closure-a1698204e7b7.js [1836/10000] status=ok obs=182be0c5cdcd coverage=+0/32/38 time=2ms
  RUN js-fuzzer-corpus-cf8fb96e8476.js [1837/10000] md5=cf8fb96e8476c262b73583c86dd80821 bytes=178 template=corpus origin=tests/corpus/runtime/exceptions-and-nullish.test.js
 PASS js-fuzzer-corpus-cf8fb96e8476.js [1837/10000] status=ok obs=24ed5e8718fc coverage=+0/32/38 time=1ms
  RUN js-fuzzer-loop-54e460cecf5c.js [1838/10000] md5=54e460cecf5c05dfcffaa3b2e5f57445 bytes=81 template=loop origin=seed:tests/corpus/runtime/functions-closures-and-arrows.test.js
 PASS js-fuzzer-loop-54e460cecf5c.js [1838/10000] status=ok obs=d3d9446802a4 coverage=+0/32/38 time=2ms
  RUN js-fuzzer-try-catch-8a297d00e90e.js [1839/10000] md5=8a297d00e90eb93174a6d6eeae5be951 bytes=110 template=try-catch origin=seed:tests/corpus/runtime/lexical-shadowing.test.js
 PASS js-fuzzer-try-catch-8a297d00e90e.js [1839/10000] status=ok obs=98f137082101 coverage=+0/32/38 time=1ms
  RUN js-fuzzer-class-1fb70654253d.js [1840/10000] md5=1fb70654253d944404805630039f463c bytes=101 template=class origin=seed:tests/corpus/runtime/modules-export.test.js
 PASS js-fuzzer-class-1fb70654253d.js [1840/10000] status=ok obs=c51ce410c124 coverage=+0/32/38 time=2ms
  RUN js-fuzzer-arithmetic-4c02b1aed550.js [1841/10000] md5=4c02b1aed550ba008775bf888c1f94ef bytes=84 template=arithmetic origin=seed:tests/corpus/runtime/nested-try-finally.test.js
 PASS js-fuzzer-arithmetic-4c02b1aed550.js [1841/10000] status=ok obs=a3f390d88e4c coverage=+0/32/38 time=1ms
  RUN js-fuzzer-boundary-86f8354fc6fd.js [1842/10000] md5=86f8354fc6fd092b05683bbf230dc769 bytes=122 template=boundary origin=boundary:2147483647
 PASS js-fuzzer-boundary-86f8354fc6fd.js [1842/10000] status=ok obs=c588c0a459f4 coverage=+0/32/38 time=2ms
  RUN js-fuzzer-array-object-e8b1c43be2de.js [1843/10000] md5=e8b1c43be2de4282dd75ba77f64abde2 bytes=133 template=array-object origin=seed:tests/corpus/syntax/logical-unary-nullish.test.js
 PASS js-fuzzer-array-object-e8b1c43be2de.js [1843/10000] status=ok obs=d3d9446802a4 coverage=+0/32/38 time=2ms
  RUN js-fuzzer-closure-130d68f2af12.js [1844/10000] md5=130d68f2af123ea24f5885d673918281 bytes=184 template=closure origin=seed:tests/corpus/syntax/object-destructure-and-members.test.js
 PASS js-fuzzer-closure-130d68f2af12.js [1844/10000] status=ok obs=1c383cd30b7c coverage=+0/32/38 time=1ms
  RUN js-fuzzer-block-scope-37f71b65fb23.js [1845/10000] md5=37f71b65fb23cedffe5906d14cbefdd7 bytes=114 template=block-scope origin=seed:tests/corpus/syntax/switch-do-while-sequence.test.js
 PASS js-fuzzer-block-scope-37f71b65fb23.js [1845/10000] status=ok obs=2723d092b638 coverage=+0/32/38 time=2ms
  RUN js-fuzzer-corpus-ff388659a641.js [1846/10000] md5=ff388659a6419d1e6e01ce4e7151a52e bytes=135 template=corpus origin=tests/corpus/syntax/template-array-destructure.test.js
 PASS js-fuzzer-corpus-ff388659a641.js [1846/10000] status=ok obs=f61c9a8be43c coverage=+0/32/38 time=2ms
  RUN js-fuzzer-try-catch-081c74da6bdb.js [1847/10000] md5=081c74da6bdbcec08ff71798dacff9f1 bytes=110 template=try-catch origin=seed:tests/corpus/syntax/typescript-assertions.test.ts
 PASS js-fuzzer-try-catch-081c74da6bdb.js [1847/10000] status=ok obs=6c8349cc7260 coverage=+0/32/38 time=1ms
  RUN js-fuzzer-class-769274f77fa6.js [1848/10000] md5=769274f77fa62254ce7e0eb0e3adf7f1 bytes=100 template=class origin=seed:tests/corpus/syntax/typescript-non-null-satisfies.test.ts
 PASS js-fuzzer-class-769274f77fa6.js [1848/10000] status=ok obs=c4ca4238a0b9 coverage=+0/32/38 time=2ms
  RUN js-fuzzer-boundary-14a05a816d97.js [1849/10000] md5=14a05a816d975afa7654eb06610350d0 bytes=113 template=boundary origin=boundary:2
 PASS js-fuzzer-boundary-14a05a816d97.js [1849/10000] status=ok obs=c81e728d9d4c coverage=+0/32/38 time=1ms
  RUN js-fuzzer-function-17ab2ee95112.js [1850/10000] md5=17ab2ee95112b813f54b3d07b24c1dbd bytes=153 template=function origin=seed:tests/corpus/fixtures/state-machine-workflow.test.js
 PASS js-fuzzer-function-17ab2ee95112.js [1850/10000] status=ok obs=b6d767d2f8ed coverage=+0/32/38 time=3ms
  RUN js-fuzzer-array-object-aff727f21cd7.js [1851/10000] md5=aff727f21cd7bf172dc07f8c950f8407 bytes=133 template=array-object origin=seed:tests/corpus/fixtures/vue-script-workflow.test.vue
 PASS js-fuzzer-array-object-aff727f21cd7.js [1851/10000] status=ok obs=8f14e45fceea coverage=+0/32/38 time=1ms
  RUN js-fuzzer-closure-fc6967720cd5.js [1852/10000] md5=fc6967720cd5a97a9e10edb29c0c5f64 bytes=184 template=closure origin=seed:tests/corpus/obfuscation/constant-tag-mix.test.js
 PASS js-fuzzer-closure-fc6967720cd5.js [1852/10000] status=ok obs=c16a5320fa47 coverage=+0/32/38 time=2ms
  RUN js-fuzzer-block-scope-bc0e6e638c42.js [1853/10000] md5=bc0e6e638c42d0e5f0ca421e2d343582 bytes=114 template=block-scope origin=seed:tests/corpus/obfuscation/extern-slot-permutation.test.js
 PASS js-fuzzer-block-scope-bc0e6e638c42.js [1853/10000] status=ok obs=2723d092b638 coverage=+0/32/38 time=2ms
  RUN js-fuzzer-loop-55c7c905bffb.js [1854/10000] md5=55c7c905bffb4bbbc4c8fb9b91df6ad8 bytes=81 template=loop origin=seed:tests/corpus/obfuscation/externs-console.test.js
 PASS js-fuzzer-loop-55c7c905bffb.js [1854/10000] status=ok obs=eccbc87e4b5c coverage=+0/32/38 time=1ms
  RUN js-fuzzer-corpus-38ba19d9deb7.js [1855/10000] md5=38ba19d9deb7566cc8a420c27ada3f21 bytes=136 template=corpus origin=tests/corpus/obfuscation/seed-sensitive-functions.test.js
 PASS js-fuzzer-corpus-38ba19d9deb7.js [1855/10000] status=ok obs=a5bfc9e07964 coverage=+0/32/38 time=2ms
  RUN js-fuzzer-boundary-2f35f880f964.js [1856/10000] md5=2f35f880f96468b375c4e71feba05308 bytes=113 template=boundary origin=boundary:1
 PASS js-fuzzer-boundary-2f35f880f964.js [1856/10000] status=ok obs=c4ca4238a0b9 coverage=+0/32/38 time=2ms
  RUN js-fuzzer-arithmetic-91e83004bca6.js [1857/10000] md5=91e83004bca6fa9a92a1f39abedf660c bytes=83 template=arithmetic origin=seed:tests/corpus/regressions/multiple-functions-fib-add.test.js
 PASS js-fuzzer-arithmetic-91e83004bca6.js [1857/10000] status=ok obs=6512bd43d9ca coverage=+0/32/38 time=1ms
  RUN js-fuzzer-function-9a24649f1cae.js [1858/10000] md5=9a24649f1caec2a9716934902cbac103 bytes=153 template=function origin=seed:tests/corpus/regressions/scope-compressed-closure-params.test.js
 PASS js-fuzzer-function-9a24649f1cae.js [1858/10000] status=ok obs=9bf31c7ff062 coverage=+0/32/38 time=2ms
  RUN js-fuzzer-array-object-9726b4a69539.js [1859/10000] md5=9726b4a695398796ac8e4e654f90f94d bytes=133 template=array-object origin=seed:tests/corpus/runtime/arrays-objects-methods.test.js
 PASS js-fuzzer-array-object-9726b4a69539.js [1859/10000] status=ok obs=6512bd43d9ca coverage=+0/32/38 time=2ms
  RUN js-fuzzer-closure-d3d4cdb8565b.js [1860/10000] md5=d3d4cdb8565b3e7769273baa0f89c863 bytes=183 template=closure origin=seed:tests/corpus/runtime/block-scopes.test.js
 PASS js-fuzzer-closure-d3d4cdb8565b.js [1860/10000] status=ok obs=e4da3b7fbbce coverage=+0/32/38 time=2ms
  RUN js-fuzzer-block-scope-080bd5d06140.js [1861/10000] md5=080bd5d06140a29fbd1527c29333c5c8 bytes=114 template=block-scope origin=seed:tests/corpus/runtime/class-fields-static-methods.test.js
 PASS js-fuzzer-block-scope-080bd5d06140.js [1861/10000] status=ok obs=c9e1074f5b3f coverage=+0/32/38 time=2ms
  RUN js-fuzzer-loop-55c7c905bffb.js [1862/10000] md5=55c7c905bffb4bbbc4c8fb9b91df6ad8 bytes=81 template=loop origin=seed:tests/corpus/runtime/classes-and-objects.test.js
 PASS js-fuzzer-loop-55c7c905bffb.js [1862/10000] status=ok obs=eccbc87e4b5c coverage=+0/32/38 time=1ms
  RUN js-fuzzer-boundary-e62759fbe8d3.js [1863/10000] md5=e62759fbe8d36ad2cfb89a0f8bac18b9 bytes=129 template=boundary origin=boundary:-9007199254740991
 PASS js-fuzzer-boundary-e62759fbe8d3.js [1863/10000] status=ok obs=b3f3a95848f6 coverage=+0/32/38 time=2ms
  RUN js-fuzzer-corpus-08bc93bf5789.js [1864/10000] md5=08bc93bf57897bc88ce7161fe56cd099 bytes=169 template=corpus origin=tests/corpus/runtime/closures-read-captured-values.test.js
 PASS js-fuzzer-corpus-08bc93bf5789.js [1864/10000] status=ok obs=02e74f10e032 coverage=+0/32/38 time=1ms
  RUN js-fuzzer-arithmetic-47c048eaa282.js [1865/10000] md5=47c048eaa282af58580e404625188cb3 bytes=83 template=arithmetic origin=seed:tests/corpus/runtime/exceptions-and-nullish.test.js
 PASS js-fuzzer-arithmetic-47c048eaa282.js [1865/10000] status=ok obs=68d30a959472 coverage=+0/32/38 time=2ms
  RUN js-fuzzer-function-d3859b93eee1.js [1866/10000] md5=d3859b93eee1f3bcfec0cda51c4d02bf bytes=153 template=function origin=seed:tests/corpus/runtime/functions-closures-and-arrows.test.js
 PASS js-fuzzer-function-d3859b93eee1.js [1866/10000] status=ok obs=a87ff679a2f3 coverage=+0/32/38 time=2ms
  RUN js-fuzzer-array-object-0ab92fb69ec6.js [1867/10000] md5=0ab92fb69ec64ed254d384204d296471 bytes=133 template=array-object origin=seed:tests/corpus/runtime/lexical-shadowing.test.js
 PASS js-fuzzer-array-object-0ab92fb69ec6.js [1867/10000] status=ok obs=1679091c5a88 coverage=+0/32/38 time=1ms
  RUN js-fuzzer-closure-71cc813f8760.js [1868/10000] md5=71cc813f87604c07caf975556695ade7 bytes=185 template=closure origin=seed:tests/corpus/runtime/modules-export.test.js
 PASS js-fuzzer-closure-71cc813f8760.js [1868/10000] status=ok obs=fe9fc289c3ff coverage=+0/32/38 time=2ms
  RUN js-fuzzer-block-scope-6e86f1693252.js [1869/10000] md5=6e86f169325214da2b271b09cc491de1 bytes=114 template=block-scope origin=seed:tests/corpus/runtime/nested-try-finally.test.js
 PASS js-fuzzer-block-scope-6e86f1693252.js [1869/10000] status=ok obs=f0935e4cd592 coverage=+0/32/38 time=2ms
  RUN js-fuzzer-boundary-4b8e58e2bd3b.js [1870/10000] md5=4b8e58e2bd3bc437f093fe0ab13ce109 bytes=123 template=boundary origin=boundary:-2147483648
 PASS js-fuzzer-boundary-4b8e58e2bd3b.js [1870/10000] status=ok obs=034ff5946105 coverage=+0/32/38 time=1ms
  RUN js-fuzzer-try-catch-8d9c7d254dda.js [1871/10000] md5=8d9c7d254ddaafdc283e844d5d9a6231 bytes=109 template=try-catch origin=seed:tests/corpus/syntax/logical-unary-nullish.test.js
 PASS js-fuzzer-try-catch-8d9c7d254dda.js [1871/10000] status=ok obs=a87ff679a2f3 coverage=+0/32/38 time=2ms
  RUN js-fuzzer-class-a9875f561daf.js [1872/10000] md5=a9875f561daf181d949c68fc070db0e0 bytes=101 template=class origin=seed:tests/corpus/syntax/object-destructure-and-members.test.js
 PASS js-fuzzer-class-a9875f561daf.js [1872/10000] status=ok obs=aab3238922bc coverage=+0/32/38 time=2ms
  RUN js-fuzzer-corpus-2aed353a2d20.js [1873/10000] md5=2aed353a2d200d64cbaf7beb40face20 bytes=275 template=corpus origin=tests/corpus/syntax/switch-do-while-sequence.test.js
 PASS js-fuzzer-corpus-2aed353a2d20.js [1873/10000] status=ok obs=6f4922f45568 coverage=+0/32/38 time=1ms
  RUN js-fuzzer-function-3dca9339a683.js [1874/10000] md5=3dca9339a6831946d3c5250be8e34eee bytes=153 template=function origin=seed:tests/corpus/syntax/template-array-destructure.test.js
 PASS js-fuzzer-function-3dca9339a683.js [1874/10000] status=ok obs=e4da3b7fbbce coverage=+0/32/38 time=2ms
  RUN js-fuzzer-array-object-7a155c967f39.js [1875/10000] md5=7a155c967f39745fc0c2592e2f709eec bytes=133 template=array-object origin=seed:tests/corpus/syntax/typescript-assertions.test.ts
 PASS js-fuzzer-array-object-7a155c967f39.js [1875/10000] status=ok obs=aab3238922bc coverage=+0/32/38 time=2ms
  RUN js-fuzzer-closure-e78e0958f4c9.js [1876/10000] md5=e78e0958f4c9b04ef0c882378b354e3e bytes=185 template=closure origin=seed:tests/corpus/syntax/typescript-non-null-satisfies.test.ts
 PASS js-fuzzer-closure-e78e0958f4c9.js [1876/10000] status=ok obs=2838023a778d coverage=+0/32/38 time=2ms
  RUN js-fuzzer-boundary-db03eeac3914.js [1877/10000] md5=db03eeac3914e8f0a7bfea9eefe9f0de bytes=114 template=boundary origin=boundary:-2
 PASS js-fuzzer-boundary-db03eeac3914.js [1877/10000] status=ok obs=5d7b9adcbe1c coverage=+0/32/38 time=1ms
  RUN js-fuzzer-loop-b88258462a8d.js [1878/10000] md5=b88258462a8d880f8b0e459fa23b2536 bytes=81 template=loop origin=seed:tests/corpus/fixtures/state-machine-workflow.test.js
 PASS js-fuzzer-loop-b88258462a8d.js [1878/10000] status=ok obs=3c59dc048e88 coverage=+0/32/38 time=2ms
  RUN js-fuzzer-try-catch-136d1b3d4ffd.js [1879/10000] md5=136d1b3d4ffdac816022c9faabe622ca bytes=110 template=try-catch origin=seed:tests/corpus/fixtures/vue-script-workflow.test.vue
 PASS js-fuzzer-try-catch-136d1b3d4ffd.js [1879/10000] status=ok obs=9bf31c7ff062 coverage=+0/32/38 time=2ms
  RUN js-fuzzer-class-b901915e3eda.js [1880/10000] md5=b901915e3eda1a96f77dcec9fff681b5 bytes=100 template=class origin=seed:tests/corpus/obfuscation/constant-tag-mix.test.js
 PASS js-fuzzer-class-b901915e3eda.js [1880/10000] status=ok obs=c81e728d9d4c coverage=+0/32/38 time=1ms
  RUN js-fuzzer-arithmetic-f52d524e71fe.js [1881/10000] md5=f52d524e71fe06d6e7aaa7f57c489e76 bytes=84 template=arithmetic origin=seed:tests/corpus/obfuscation/extern-slot-permutation.test.js
 PASS js-fuzzer-arithmetic-f52d524e71fe.js [1881/10000] status=ok obs=069059b7ef84 coverage=+0/32/38 time=2ms
  RUN js-fuzzer-corpus-efd663ac427b.js [1882/10000] md5=efd663ac427b5ca270b2f8b928c902bf bytes=112 template=corpus origin=tests/corpus/obfuscation/externs-console.test.js
 PASS js-fuzzer-corpus-efd663ac427b.js [1882/10000] status=ok obs=d289993e39c8 coverage=+0/32/38 time=2ms
  RUN js-fuzzer-array-object-88583e19d465.js [1883/10000] md5=88583e19d465ad74a248215e1bc5236a bytes=133 template=array-object origin=seed:tests/corpus/obfuscation/seed-sensitive-functions.test.js
 PASS js-fuzzer-array-object-88583e19d465.js [1883/10000] status=ok obs=c20ad4d76fe9 coverage=+0/32/38 time=1ms
  RUN js-fuzzer-boundary-61a9a82f5f08.js [1884/10000] md5=61a9a82f5f08bc177f13c805ba785d7d bytes=114 template=boundary origin=boundary:-1
 PASS js-fuzzer-boundary-61a9a82f5f08.js [1884/10000] status=ok obs=6bb61e3b7bce coverage=+0/32/38 time=2ms
  RUN js-fuzzer-block-scope-f10771fc8d16.js [1885/10000] md5=f10771fc8d167d816a462bb3854d8e2a bytes=114 template=block-scope origin=seed:tests/corpus/regressions/multiple-functions-fib-add.test.js
 PASS js-fuzzer-block-scope-f10771fc8d16.js [1885/10000] status=ok obs=65b9eea6e1cc coverage=+0/32/38 time=2ms
  RUN js-fuzzer-loop-55c7c905bffb.js [1886/10000] md5=55c7c905bffb4bbbc4c8fb9b91df6ad8 bytes=81 template=loop origin=seed:tests/corpus/regressions/scope-compressed-closure-params.test.js
 PASS js-fuzzer-loop-55c7c905bffb.js [1886/10000] status=ok obs=eccbc87e4b5c coverage=+0/32/38 time=1ms
  RUN js-fuzzer-try-catch-a4e2330c4919.js [1887/10000] md5=a4e2330c49196805169dbf8449e466fa bytes=110 template=try-catch origin=seed:tests/corpus/runtime/arrays-objects-methods.test.js
 PASS js-fuzzer-try-catch-a4e2330c4919.js [1887/10000] status=ok obs=3c59dc048e88 coverage=+0/32/38 time=2ms
  RUN js-fuzzer-class-1fb70654253d.js [1888/10000] md5=1fb70654253d944404805630039f463c bytes=101 template=class origin=seed:tests/corpus/runtime/block-scopes.test.js
 PASS js-fuzzer-class-1fb70654253d.js [1888/10000] status=ok obs=c51ce410c124 coverage=+0/32/38 time=1ms
  RUN js-fuzzer-arithmetic-2bca6926e337.js [1889/10000] md5=2bca6926e337f4afb52a5beb79caf942 bytes=83 template=arithmetic origin=seed:tests/corpus/runtime/class-fields-static-methods.test.js
 PASS js-fuzzer-arithmetic-2bca6926e337.js [1889/10000] status=ok obs=1f0e3dad9990 coverage=+0/32/38 time=1ms
  RUN js-fuzzer-function-79bb4335938d.js [1890/10000] md5=79bb4335938d82d557d11e6633b235d0 bytes=153 template=function origin=seed:tests/corpus/runtime/classes-and-objects.test.js
 PASS js-fuzzer-function-79bb4335938d.js [1890/10000] status=ok obs=6512bd43d9ca coverage=+0/32/38 time=2ms
  RUN js-fuzzer-corpus-ddcb99247fc8.js [1891/10000] md5=ddcb99247fc847c897b97c6bd6512b9f bytes=217 template=corpus origin=tests/corpus/runtime/closures-mutate-captured-bindings.test.js
 PASS js-fuzzer-corpus-ddcb99247fc8.js [1891/10000] status=ok obs=e4da3b7fbbce coverage=+0/32/38 time=2ms
  RUN js-fuzzer-closure-a7290ab1433b.js [1892/10000] md5=a7290ab1433b0718bda6603ed58614be bytes=184 template=closure origin=seed:tests/corpus/runtime/closures-read-captured-values.test.js
 PASS js-fuzzer-closure-a7290ab1433b.js [1892/10000] status=ok obs=f457c545a9de coverage=+0/32/38 time=2ms
  RUN js-fuzzer-block-scope-cdbf5f7a5e45.js [1893/10000] md5=cdbf5f7a5e4556604c53c617bae60283 bytes=115 template=block-scope origin=seed:tests/corpus/runtime/exceptions-and-nullish.test.js
 PASS js-fuzzer-block-scope-cdbf5f7a5e45.js [1893/10000] status=ok obs=5f93f983524d coverage=+0/32/38 time=2ms
  RUN js-fuzzer-loop-bbf1d7a15d8d.js [1894/10000] md5=bbf1d7a15d8dd015402d75c0e0108b5f bytes=81 template=loop origin=seed:tests/corpus/runtime/functions-closures-and-arrows.test.js
 PASS js-fuzzer-loop-bbf1d7a15d8d.js [1894/10000] status=ok obs=1679091c5a88 coverage=+0/32/38 time=1ms
  RUN js-fuzzer-try-catch-7b36a94abb6d.js [1895/10000] md5=7b36a94abb6ddf002e9dd3f3d3a0cea5 bytes=110 template=try-catch origin=seed:tests/corpus/runtime/lexical-shadowing.test.js
 PASS js-fuzzer-try-catch-7b36a94abb6d.js [1895/10000] status=ok obs=37693cfc7480 coverage=+0/32/38 time=2ms
  RUN js-fuzzer-class-a35a4dd2f302.js [1896/10000] md5=a35a4dd2f302fda9a0e8d6e2c980c283 bytes=101 template=class origin=seed:tests/corpus/runtime/modules-export.test.js
 PASS js-fuzzer-class-a35a4dd2f302.js [1896/10000] status=ok obs=9bf31c7ff062 coverage=+0/32/38 time=2ms
  RUN js-fuzzer-arithmetic-46ddd3782c1c.js [1897/10000] md5=46ddd3782c1c1b7a7121e7f7e836364b bytes=84 template=arithmetic origin=seed:tests/corpus/runtime/nested-try-finally.test.js
 PASS js-fuzzer-arithmetic-46ddd3782c1c.js [1897/10000] status=ok obs=93db85ed909c coverage=+0/32/38 time=5ms
  RUN js-fuzzer-boundary-4bea2a6e0cb0.js [1898/10000] md5=4bea2a6e0cb0c7bb0b29e5b5d44112d8 bytes=128 template=boundary origin=boundary:9007199254740991
 PASS js-fuzzer-boundary-4bea2a6e0cb0.js [1898/10000] status=ok obs=dc9a0d67a31d coverage=+0/32/38 time=6ms
  RUN js-fuzzer-array-object-aaa85fc9b4ba.js [1899/10000] md5=aaa85fc9b4badffd398c5f8902321d83 bytes=133 template=array-object origin=seed:tests/corpus/syntax/logical-unary-nullish.test.js
 PASS js-fuzzer-array-object-aaa85fc9b4ba.js [1899/10000] status=ok obs=c74d97b01eae coverage=+0/32/38 time=8ms
  RUN js-fuzzer-corpus-96ebdcb81273.js [1900/10000] md5=96ebdcb81273f0e5e5778a6c70c94988 bytes=171 template=corpus origin=tests/corpus/syntax/object-destructure-and-members.test.js
 PASS js-fuzzer-corpus-96ebdcb81273.js [1900/10000] status=ok obs=bfad8dfa12ed coverage=+0/32/38 time=2ms
  RUN js-fuzzer-block-scope-0c46317176e8.js [1901/10000] md5=0c46317176e854b8247f7e6459f04d02 bytes=114 template=block-scope origin=seed:tests/corpus/syntax/switch-do-while-sequence.test.js
 PASS js-fuzzer-block-scope-0c46317176e8.js [1901/10000] status=ok obs=38b3eff8baf5 coverage=+0/32/38 time=4ms
  RUN js-fuzzer-loop-55c7c905bffb.js [1902/10000] md5=55c7c905bffb4bbbc4c8fb9b91df6ad8 bytes=81 template=loop origin=seed:tests/corpus/syntax/template-array-destructure.test.js
 PASS js-fuzzer-loop-55c7c905bffb.js [1902/10000] status=ok obs=eccbc87e4b5c coverage=+0/32/38 time=2ms
  RUN js-fuzzer-try-catch-676dafc46859.js [1903/10000] md5=676dafc4685905581f3925e95c53669f bytes=110 template=try-catch origin=seed:tests/corpus/syntax/typescript-assertions.test.ts
 PASS js-fuzzer-try-catch-676dafc46859.js [1903/10000] status=ok obs=a5771bce93e2 coverage=+0/32/38 time=2ms
  RUN js-fuzzer-class-ff7d9ca3da86.js [1904/10000] md5=ff7d9ca3da86b49917ac34b4d48e8df9 bytes=101 template=class origin=seed:tests/corpus/syntax/typescript-non-null-satisfies.test.ts
 PASS js-fuzzer-class-ff7d9ca3da86.js [1904/10000] status=ok obs=c20ad4d76fe9 coverage=+0/32/38 time=2ms
  RUN js-fuzzer-boundary-4b188851088a.js [1905/10000] md5=4b188851088a18b5b5e1424320aec545 bytes=122 template=boundary origin=boundary:2147483647
 PASS js-fuzzer-boundary-4b188851088a.js [1905/10000] status=ok obs=c588c0a459f4 coverage=+0/32/38 time=2ms
  RUN js-fuzzer-function-17ab2ee95112.js [1906/10000] md5=17ab2ee95112b813f54b3d07b24c1dbd bytes=153 template=function origin=seed:tests/corpus/fixtures/state-machine-workflow.test.js
 PASS js-fuzzer-function-17ab2ee95112.js [1906/10000] status=ok obs=b6d767d2f8ed coverage=+0/32/38 time=2ms
  RUN js-fuzzer-array-object-7b1bea005c9f.js [1907/10000] md5=7b1bea005c9fb79dc556f7258bfce397 bytes=133 template=array-object origin=seed:tests/corpus/fixtures/vue-script-workflow.test.vue
 PASS js-fuzzer-array-object-7b1bea005c9f.js [1907/10000] status=ok obs=d3d9446802a4 coverage=+0/32/38 time=2ms
  RUN js-fuzzer-closure-29e68e76f867.js [1908/10000] md5=29e68e76f867dc0cde73cb89c924d016 bytes=185 template=closure origin=seed:tests/corpus/obfuscation/constant-tag-mix.test.js
 PASS js-fuzzer-closure-29e68e76f867.js [1908/10000] status=ok obs=3416a75f4cea coverage=+0/32/38 time=2ms
  RUN js-fuzzer-corpus-fe2d30a6e413.js [1909/10000] md5=fe2d30a6e4139e7a8b52405bed737faa bytes=220 template=corpus origin=tests/corpus/obfuscation/extern-slot-permutation.test.js
 PASS js-fuzzer-corpus-fe2d30a6e413.js [1909/10000] status=ok obs=c34c702d0256 coverage=+0/32/38 time=2ms
  RUN js-fuzzer-loop-55c7c905bffb.js [1910/10000] md5=55c7c905bffb4bbbc4c8fb9b91df6ad8 bytes=81 template=loop origin=seed:tests/corpus/obfuscation/externs-console.test.js
 PASS js-fuzzer-loop-55c7c905bffb.js [1910/10000] status=ok obs=eccbc87e4b5c coverage=+0/32/38 time=2ms
  RUN js-fuzzer-try-catch-ecde19ac059d.js [1911/10000] md5=ecde19ac059dab5b524e2da1cfde28b0 bytes=110 template=try-catch origin=seed:tests/corpus/obfuscation/seed-sensitive-functions.test.js
 PASS js-fuzzer-try-catch-ecde19ac059d.js [1911/10000] status=ok obs=f457c545a9de coverage=+0/32/38 time=2ms
  RUN js-fuzzer-boundary-14a05a816d97.js [1912/10000] md5=14a05a816d975afa7654eb06610350d0 bytes=113 template=boundary origin=boundary:2
 PASS js-fuzzer-boundary-14a05a816d97.js [1912/10000] status=ok obs=c81e728d9d4c coverage=+0/32/38 time=1ms
  RUN js-fuzzer-arithmetic-4defaf058268.js [1913/10000] md5=4defaf058268a294dc6b0a5574971c60 bytes=84 template=arithmetic origin=seed:tests/corpus/regressions/multiple-functions-fib-add.test.js
 PASS js-fuzzer-arithmetic-4defaf058268.js [1913/10000] status=ok obs=d9d4f495e875 coverage=+0/32/38 time=2ms
  RUN js-fuzzer-function-e04598e59cc1.js [1914/10000] md5=e04598e59cc109c5f5c20638fe37a892 bytes=153 template=function origin=seed:tests/corpus/regressions/scope-compressed-closure-params.test.js
 PASS js-fuzzer-function-e04598e59cc1.js [1914/10000] status=ok obs=d3d9446802a4 coverage=+0/32/38 time=2ms
  RUN js-fuzzer-array-object-63602104fe7e.js [1915/10000] md5=63602104fe7e3037f1937115de41d77a bytes=133 template=array-object origin=seed:tests/corpus/runtime/arrays-objects-methods.test.js
 PASS js-fuzzer-array-object-63602104fe7e.js [1915/10000] status=ok obs=c51ce410c124 coverage=+0/32/38 time=2ms
  RUN js-fuzzer-closure-81da91d3c290.js [1916/10000] md5=81da91d3c290009603e75839057a7cff bytes=184 template=closure origin=seed:tests/corpus/runtime/block-scopes.test.js
 PASS js-fuzzer-closure-81da91d3c290.js [1916/10000] status=ok obs=67c6a1e7ce56 coverage=+0/32/38 time=2ms
  RUN js-fuzzer-block-scope-fcd01903f38a.js [1917/10000] md5=fcd01903f38aa111dee5ffd68bea2f1a bytes=114 template=block-scope origin=seed:tests/corpus/runtime/class-fields-static-methods.test.js
 PASS js-fuzzer-block-scope-fcd01903f38a.js [1917/10000] status=ok obs=f0935e4cd592 coverage=+0/32/38 time=2ms
  RUN js-fuzzer-corpus-663bf83cd082.js [1918/10000] md5=663bf83cd082bd221441dae6bbc85046 bytes=278 template=corpus origin=tests/corpus/runtime/classes-and-objects.test.js
 PASS js-fuzzer-corpus-663bf83cd082.js [1918/10000] status=ok obs=6f4922f45568 coverage=+0/32/38 time=2ms
  RUN js-fuzzer-boundary-2f35f880f964.js [1919/10000] md5=2f35f880f96468b375c4e71feba05308 bytes=113 template=boundary origin=boundary:1
 PASS js-fuzzer-boundary-2f35f880f964.js [1919/10000] status=ok obs=c4ca4238a0b9 coverage=+0/32/38 time=2ms
  RUN js-fuzzer-class-47fbd3db5853.js [1920/10000] md5=47fbd3db58539fc2e42627a4f3168c79 bytes=101 template=class origin=seed:tests/corpus/runtime/closures-read-captured-values.test.js
 PASS js-fuzzer-class-47fbd3db5853.js [1920/10000] status=ok obs=98f137082101 coverage=+0/32/38 time=2ms
  RUN js-fuzzer-arithmetic-ee8178cc745b.js [1921/10000] md5=ee8178cc745b490dceaf6b8201efaf6b bytes=84 template=arithmetic origin=seed:tests/corpus/runtime/exceptions-and-nullish.test.js
 PASS js-fuzzer-arithmetic-ee8178cc745b.js [1921/10000] status=ok obs=3416a75f4cea coverage=+0/32/38 time=1ms
  RUN js-fuzzer-function-84b6f0564867.js [1922/10000] md5=84b6f05648673d1e7da8df04c8cbab23 bytes=153 template=function origin=seed:tests/corpus/runtime/functions-closures-and-arrows.test.js
 PASS js-fuzzer-function-84b6f0564867.js [1922/10000] status=ok obs=c74d97b01eae coverage=+0/32/38 time=2ms
  RUN js-fuzzer-array-object-46c4e79dede5.js [1923/10000] md5=46c4e79dede5bc7612af8c2785796fc6 bytes=133 template=array-object origin=seed:tests/corpus/runtime/lexical-shadowing.test.js
 PASS js-fuzzer-array-object-46c4e79dede5.js [1923/10000] status=ok obs=3c59dc048e88 coverage=+0/32/38 time=2ms
  RUN js-fuzzer-closure-3150ca80a488.js [1924/10000] md5=3150ca80a488567df3f26e8883b397bf bytes=184 template=closure origin=seed:tests/corpus/runtime/modules-export.test.js
 PASS js-fuzzer-closure-3150ca80a488.js [1924/10000] status=ok obs=b53b3a3d6ab9 coverage=+0/32/38 time=2ms
  RUN js-fuzzer-block-scope-122a40c4e345.js [1925/10000] md5=122a40c4e345dbd2a0a1a76431e4397d bytes=115 template=block-scope origin=seed:tests/corpus/runtime/nested-try-finally.test.js
 PASS js-fuzzer-block-scope-122a40c4e345.js [1925/10000] status=ok obs=5f93f983524d coverage=+0/32/38 time=2ms
  RUN js-fuzzer-boundary-37492c99ff33.js [1926/10000] md5=37492c99ff33e9d5e09e0b8e84ba785a bytes=129 template=boundary origin=boundary:-9007199254740991
 PASS js-fuzzer-boundary-37492c99ff33.js [1926/10000] status=ok obs=b3f3a95848f6 coverage=+0/32/38 time=1ms
  RUN js-fuzzer-corpus-279b64032335.js [1927/10000] md5=279b640323351a1b082b98b42d2a2d55 bytes=134 template=corpus origin=tests/corpus/syntax/logical-unary-nullish.test.js
 PASS js-fuzzer-corpus-279b64032335.js [1927/10000] status=ok obs=45c48cce2e2d coverage=+0/32/38 time=2ms
  RUN js-fuzzer-class-d8979b510eb0.js [1928/10000] md5=d8979b510eb085c9e0e846586f80f265 bytes=101 template=class origin=seed:tests/corpus/syntax/object-destructure-and-members.test.js
 PASS js-fuzzer-class-d8979b510eb0.js [1928/10000] status=ok obs=c74d97b01eae coverage=+0/32/38 time=2ms
  RUN js-fuzzer-arithmetic-38475a4f519d.js [1929/10000] md5=38475a4f519dcbe164193d11a7759e4c bytes=83 template=arithmetic origin=seed:tests/corpus/syntax/switch-do-while-sequence.test.js
 PASS js-fuzzer-arithmetic-38475a4f519d.js [1929/10000] status=ok obs=6512bd43d9ca coverage=+0/32/38 time=2ms
  RUN js-fuzzer-function-88a1a2ce9ecc.js [1930/10000] md5=88a1a2ce9eccc8d7f1092c43da9e0b1f bytes=153 template=function origin=seed:tests/corpus/syntax/template-array-destructure.test.js
 PASS js-fuzzer-function-88a1a2ce9ecc.js [1930/10000] status=ok obs=45c48cce2e2d coverage=+0/32/38 time=2ms
  RUN js-fuzzer-array-object-8cadec7a86d1.js [1931/10000] md5=8cadec7a86d137e403b1b95a29c8897c bytes=133 template=array-object origin=seed:tests/corpus/syntax/typescript-assertions.test.ts
 PASS js-fuzzer-array-object-8cadec7a86d1.js [1931/10000] status=ok obs=aab3238922bc coverage=+0/32/38 time=2ms
  RUN js-fuzzer-closure-b1cf6c3cc065.js [1932/10000] md5=b1cf6c3cc0657043375f599ceb8408c7 bytes=184 template=closure origin=seed:tests/corpus/syntax/typescript-non-null-satisfies.test.ts
 PASS js-fuzzer-closure-b1cf6c3cc065.js [1932/10000] status=ok obs=3416a75f4cea coverage=+0/32/38 time=2ms
  RUN js-fuzzer-boundary-56f451fe2902.js [1933/10000] md5=56f451fe2902341a3a470031c46238b3 bytes=123 template=boundary origin=boundary:-2147483648
 PASS js-fuzzer-boundary-56f451fe2902.js [1933/10000] status=ok obs=034ff5946105 coverage=+0/32/38 time=1ms
  RUN js-fuzzer-loop-b88258462a8d.js [1934/10000] md5=b88258462a8d880f8b0e459fa23b2536 bytes=81 template=loop origin=seed:tests/corpus/fixtures/state-machine-workflow.test.js
 PASS js-fuzzer-loop-b88258462a8d.js [1934/10000] status=ok obs=3c59dc048e88 coverage=+0/32/38 time=2ms
  RUN js-fuzzer-try-catch-e6a0f565fc4e.js [1935/10000] md5=e6a0f565fc4ec95ea847cca573b5900c bytes=110 template=try-catch origin=seed:tests/corpus/fixtures/vue-script-workflow.test.vue
 PASS js-fuzzer-try-catch-e6a0f565fc4e.js [1935/10000] status=ok obs=33e75ff09dd6 coverage=+0/32/38 time=2ms
  RUN js-fuzzer-corpus-f00ef18b0a17.js [1936/10000] md5=f00ef18b0a172b2a2d9833f5b7fe94e2 bytes=199 template=corpus origin=tests/corpus/obfuscation/constant-tag-mix.test.js
 PASS js-fuzzer-corpus-f00ef18b0a17.js [1936/10000] status=ok obs=e86823f38986 coverage=+0/32/38 time=2ms
  RUN js-fuzzer-arithmetic-f6e348147ab0.js [1937/10000] md5=f6e348147ab0afa697cbe789bb376166 bytes=85 template=arithmetic origin=seed:tests/corpus/obfuscation/extern-slot-permutation.test.js
 PASS js-fuzzer-arithmetic-f6e348147ab0.js [1937/10000] status=ok obs=2b24d495052a coverage=+0/32/38 time=2ms
  RUN js-fuzzer-function-d9597d28535f.js [1938/10000] md5=d9597d28535fd2b10f5ca10cf87a7bb6 bytes=153 template=function origin=seed:tests/corpus/obfuscation/externs-console.test.js
 PASS js-fuzzer-function-d9597d28535f.js [1938/10000] status=ok obs=6f4922f45568 coverage=+0/32/38 time=3ms
  RUN js-fuzzer-array-object-29349f1ea60d.js [1939/10000] md5=29349f1ea60d15aaa3890b87f03e85d8 bytes=133 template=array-object origin=seed:tests/corpus/obfuscation/seed-sensitive-functions.test.js
 PASS js-fuzzer-array-object-29349f1ea60d.js [1939/10000] status=ok obs=c51ce410c124 coverage=+0/32/38 time=3ms
  RUN js-fuzzer-boundary-92df4f5b559a.js [1940/10000] md5=92df4f5b559a550058b4133ffb629932 bytes=114 template=boundary origin=boundary:-2
 PASS js-fuzzer-boundary-92df4f5b559a.js [1940/10000] status=ok obs=5d7b9adcbe1c coverage=+0/32/38 time=3ms
  RUN js-fuzzer-block-scope-4c9f5e6cb6bd.js [1941/10000] md5=4c9f5e6cb6bd75e0cfebd2c1f936a7c2 bytes=114 template=block-scope origin=seed:tests/corpus/regressions/multiple-functions-fib-add.test.js
 PASS js-fuzzer-block-scope-4c9f5e6cb6bd.js [1941/10000] status=ok obs=a97da629b098 coverage=+0/32/38 time=2ms
  RUN js-fuzzer-loop-d35707ad0bf7.js [1942/10000] md5=d35707ad0bf74148f671ad8943998af6 bytes=81 template=loop origin=seed:tests/corpus/regressions/scope-compressed-closure-params.test.js
 PASS js-fuzzer-loop-d35707ad0bf7.js [1942/10000] status=ok obs=9bf31c7ff062 coverage=+0/32/38 time=4ms
  RUN js-fuzzer-try-catch-dd0b1ef9b53e.js [1943/10000] md5=dd0b1ef9b53e3ee92bf7cc86c8d4101e bytes=110 template=try-catch origin=seed:tests/corpus/runtime/arrays-objects-methods.test.js
 PASS js-fuzzer-try-catch-dd0b1ef9b53e.js [1943/10000] status=ok obs=642e92efb794 coverage=+0/32/38 time=2ms
  RUN js-fuzzer-class-769274f77fa6.js [1944/10000] md5=769274f77fa62254ce7e0eb0e3adf7f1 bytes=100 template=class origin=seed:tests/corpus/runtime/block-scopes.test.js
 PASS js-fuzzer-class-769274f77fa6.js [1944/10000] status=ok obs=c4ca4238a0b9 coverage=+0/32/38 time=2ms
  RUN js-fuzzer-corpus-a64e83c2f849.js [1945/10000] md5=a64e83c2f84925dca8985eabe963ee21 bytes=179 template=corpus origin=tests/corpus/runtime/class-fields-static-methods.test.js
 PASS js-fuzzer-corpus-a64e83c2f849.js [1945/10000] status=ok obs=8f14e45fceea coverage=+0/32/38 time=1ms
  RUN js-fuzzer-function-c472354a037a.js [1946/10000] md5=c472354a037a48d197cd60b4e04af6e0 bytes=153 template=function origin=seed:tests/corpus/runtime/classes-and-objects.test.js
 PASS js-fuzzer-function-c472354a037a.js [1946/10000] status=ok obs=02e74f10e032 coverage=+0/32/38 time=3ms
  RUN js-fuzzer-boundary-1024adcac0e5.js [1947/10000] md5=1024adcac0e5cc9f99f478fa66dcc00c bytes=114 template=boundary origin=boundary:-1
 PASS js-fuzzer-boundary-1024adcac0e5.js [1947/10000] status=ok obs=6bb61e3b7bce coverage=+0/32/38 time=2ms
  RUN js-fuzzer-closure-2ee8f03a560c.js [1948/10000] md5=2ee8f03a560c19360aa68fd84b425b08 bytes=185 template=closure origin=seed:tests/corpus/runtime/closures-read-captured-values.test.js
 PASS js-fuzzer-closure-2ee8f03a560c.js [1948/10000] status=ok obs=72b32a1f754b coverage=+0/32/38 time=3ms
  RUN js-fuzzer-block-scope-05d7f393387e.js [1949/10000] md5=05d7f393387e49ed48ee4ca7d01d714c bytes=114 template=block-scope origin=seed:tests/corpus/runtime/exceptions-and-nullish.test.js
 PASS js-fuzzer-block-scope-05d7f393387e.js [1949/10000] status=ok obs=6974ce5ac660 coverage=+0/32/38 time=2ms
  RUN js-fuzzer-loop-bbf1d7a15d8d.js [1950/10000] md5=bbf1d7a15d8dd015402d75c0e0108b5f bytes=81 template=loop origin=seed:tests/corpus/runtime/functions-closures-and-arrows.test.js
 PASS js-fuzzer-loop-bbf1d7a15d8d.js [1950/10000] status=ok obs=1679091c5a88 coverage=+0/32/38 time=2ms
  RUN js-fuzzer-try-catch-f24fba189d45.js [1951/10000] md5=f24fba189d4541ce9d4809156ecb450c bytes=110 template=try-catch origin=seed:tests/corpus/runtime/lexical-shadowing.test.js
 PASS js-fuzzer-try-catch-f24fba189d45.js [1951/10000] status=ok obs=1ff1de774005 coverage=+0/32/38 time=2ms
  RUN js-fuzzer-class-769274f77fa6.js [1952/10000] md5=769274f77fa62254ce7e0eb0e3adf7f1 bytes=100 template=class origin=seed:tests/corpus/runtime/modules-export.test.js
 PASS js-fuzzer-class-769274f77fa6.js [1952/10000] status=ok obs=c4ca4238a0b9 coverage=+0/32/38 time=2ms
  RUN js-fuzzer-arithmetic-f126b2200c74.js [1953/10000] md5=f126b2200c743189a69eef5913b130a2 bytes=84 template=arithmetic origin=seed:tests/corpus/runtime/nested-try-finally.test.js
 PASS js-fuzzer-arithmetic-f126b2200c74.js [1953/10000] status=ok obs=1ff1de774005 coverage=+0/32/38 time=1ms
  RUN js-fuzzer-corpus-89e900fcb72f.js [1954/10000] md5=89e900fcb72ff838bfe9a13ae091363f bytes=228 template=corpus origin=tests/corpus/syntax/control-flow-and-operators.test.js
 PASS js-fuzzer-corpus-89e900fcb72f.js [1954/10000] status=ok obs=aab3238922bc coverage=+0/32/38 time=2ms
  RUN js-fuzzer-array-object-032b49a71cc0.js [1955/10000] md5=032b49a71cc0a0827bd293eceda176be bytes=133 template=array-object origin=seed:tests/corpus/syntax/logical-unary-nullish.test.js
 PASS js-fuzzer-array-object-032b49a71cc0.js [1955/10000] status=ok obs=9bf31c7ff062 coverage=+0/32/38 time=1ms
  RUN js-fuzzer-closure-f21886a4d058.js [1956/10000] md5=f21886a4d058e3a0eec77a1bf32722ec bytes=184 template=closure origin=seed:tests/corpus/syntax/object-destructure-and-members.test.js
 PASS js-fuzzer-closure-f21886a4d058.js [1956/10000] status=ok obs=d82c8d1619ad coverage=+0/32/38 time=3ms
  RUN js-fuzzer-block-scope-d8df7d1b46d0.js [1957/10000] md5=d8df7d1b46d0804e1af6eb67e0b78b16 bytes=114 template=block-scope origin=seed:tests/corpus/syntax/switch-do-while-sequence.test.js
 PASS js-fuzzer-block-scope-d8df7d1b46d0.js [1957/10000] status=ok obs=f0935e4cd592 coverage=+0/32/38 time=3ms
  RUN js-fuzzer-loop-55c7c905bffb.js [1958/10000] md5=55c7c905bffb4bbbc4c8fb9b91df6ad8 bytes=81 template=loop origin=seed:tests/corpus/syntax/template-array-destructure.test.js
 PASS js-fuzzer-loop-55c7c905bffb.js [1958/10000] status=ok obs=eccbc87e4b5c coverage=+0/32/38 time=2ms
  RUN js-fuzzer-try-catch-676dafc46859.js [1959/10000] md5=676dafc4685905581f3925e95c53669f bytes=110 template=try-catch origin=seed:tests/corpus/syntax/typescript-assertions.test.ts
 PASS js-fuzzer-try-catch-676dafc46859.js [1959/10000] status=ok obs=a5771bce93e2 coverage=+0/32/38 time=2ms
  RUN js-fuzzer-class-c0844991889f.js [1960/10000] md5=c0844991889f03308712cd6bc6b7c31c bytes=101 template=class origin=seed:tests/corpus/syntax/typescript-non-null-satisfies.test.ts
 PASS js-fuzzer-class-c0844991889f.js [1960/10000] status=ok obs=70efdf2ec9b0 coverage=+0/32/38 time=1ms
  RUN js-fuzzer-boundary-4bea2a6e0cb0.js [1961/10000] md5=4bea2a6e0cb0c7bb0b29e5b5d44112d8 bytes=128 template=boundary origin=boundary:9007199254740991
 PASS js-fuzzer-boundary-4bea2a6e0cb0.js [1961/10000] status=ok obs=dc9a0d67a31d coverage=+0/32/38 time=2ms
  RUN js-fuzzer-function-134a85d12098.js [1962/10000] md5=134a85d120985077bd24a3a53ac64560 bytes=153 template=function origin=seed:tests/corpus/fixtures/state-machine-workflow.test.js
 PASS js-fuzzer-function-134a85d12098.js [1962/10000] status=ok obs=1679091c5a88 coverage=+0/32/38 time=2ms
  RUN js-fuzzer-corpus-f722388c7961.js [1963/10000] md5=f722388c7961d2a0288508c35f28a5f8 bytes=96 template=corpus origin=tests/corpus/fixtures/vue-script-workflow.test.vue
 PASS js-fuzzer-corpus-f722388c7961.js [1963/10000] status=ok obs=6512bd43d9ca coverage=+0/32/38 time=2ms
  RUN js-fuzzer-closure-84553f6d7ef5.js [1964/10000] md5=84553f6d7ef5c7447dc954193831d248 bytes=184 template=closure origin=seed:tests/corpus/obfuscation/constant-tag-mix.test.js
 PASS js-fuzzer-closure-84553f6d7ef5.js [1964/10000] status=ok obs=03afdbd66e79 coverage=+0/32/38 time=2ms
  RUN js-fuzzer-block-scope-2f4bb21655e1.js [1965/10000] md5=2f4bb21655e1a9ad90390460575f34bf bytes=114 template=block-scope origin=seed:tests/corpus/obfuscation/extern-slot-permutation.test.js
 PASS js-fuzzer-block-scope-2f4bb21655e1.js [1965/10000] status=ok obs=2723d092b638 coverage=+0/32/38 time=2ms
  RUN js-fuzzer-loop-54e460cecf5c.js [1966/10000] md5=54e460cecf5c05dfcffaa3b2e5f57445 bytes=81 template=loop origin=seed:tests/corpus/obfuscation/externs-console.test.js
 PASS js-fuzzer-loop-54e460cecf5c.js [1966/10000] status=ok obs=d3d9446802a4 coverage=+0/32/38 time=2ms
  RUN js-fuzzer-try-catch-ce914b0cd471.js [1967/10000] md5=ce914b0cd471f7c9ec83cbcd645ee9eb bytes=110 template=try-catch origin=seed:tests/corpus/obfuscation/seed-sensitive-functions.test.js
 PASS js-fuzzer-try-catch-ce914b0cd471.js [1967/10000] status=ok obs=2838023a778d coverage=+0/32/38 time=1ms
  RUN js-fuzzer-boundary-ac080ee0add8.js [1968/10000] md5=ac080ee0add8a3967f40d078a13e076b bytes=122 template=boundary origin=boundary:2147483647
 PASS js-fuzzer-boundary-ac080ee0add8.js [1968/10000] status=ok obs=c588c0a459f4 coverage=+0/32/38 time=2ms
  RUN js-fuzzer-arithmetic-8637efde5bcd.js [1969/10000] md5=8637efde5bcd609ccacc9c04e5321e7b bytes=84 template=arithmetic origin=seed:tests/corpus/regressions/multiple-functions-fib-add.test.js
 PASS js-fuzzer-arithmetic-8637efde5bcd.js [1969/10000] status=ok obs=a97da629b098 coverage=+0/32/38 time=2ms
  RUN js-fuzzer-function-e04598e59cc1.js [1970/10000] md5=e04598e59cc109c5f5c20638fe37a892 bytes=153 template=function origin=seed:tests/corpus/regressions/scope-compressed-closure-params.test.js
 PASS js-fuzzer-function-e04598e59cc1.js [1970/10000] status=ok obs=d3d9446802a4 coverage=+0/32/38 time=2ms
  RUN js-fuzzer-array-object-0d9a87b8bdc1.js [1971/10000] md5=0d9a87b8bdc1b5e3a5a6f6e55b771928 bytes=133 template=array-object origin=seed:tests/corpus/runtime/arrays-objects-methods.test.js
 PASS js-fuzzer-array-object-0d9a87b8bdc1.js [1971/10000] status=ok obs=70efdf2ec9b0 coverage=+0/32/38 time=2ms
  RUN js-fuzzer-corpus-8b78ba7912c5.js [1972/10000] md5=8b78ba7912c51f6cf304b65c6ebdb2e3 bytes=289 template=corpus origin=tests/corpus/runtime/block-scopes.test.js
 PASS js-fuzzer-corpus-8b78ba7912c5.js [1972/10000] status=ok obs=37693cfc7480 coverage=+0/32/38 time=3ms
  RUN js-fuzzer-block-scope-c359e2a72db2.js [1973/10000] md5=c359e2a72db2be0cf03b8eeda102b704 bytes=114 template=block-scope origin=seed:tests/corpus/runtime/class-fields-static-methods.test.js
 PASS js-fuzzer-block-scope-c359e2a72db2.js [1973/10000] status=ok obs=c9e1074f5b3f coverage=+0/32/38 time=2ms
  RUN js-fuzzer-loop-bbf1d7a15d8d.js [1974/10000] md5=bbf1d7a15d8dd015402d75c0e0108b5f bytes=81 template=loop origin=seed:tests/corpus/runtime/classes-and-objects.test.js
 PASS js-fuzzer-loop-bbf1d7a15d8d.js [1974/10000] status=ok obs=1679091c5a88 coverage=+0/32/38 time=2ms
  RUN js-fuzzer-boundary-14a05a816d97.js [1975/10000] md5=14a05a816d975afa7654eb06610350d0 bytes=113 template=boundary origin=boundary:2
 PASS js-fuzzer-boundary-14a05a816d97.js [1975/10000] status=ok obs=c81e728d9d4c coverage=+0/32/38 time=8ms
  RUN js-fuzzer-class-a35a4dd2f302.js [1976/10000] md5=a35a4dd2f302fda9a0e8d6e2c980c283 bytes=101 template=class origin=seed:tests/corpus/runtime/closures-read-captured-values.test.js
 PASS js-fuzzer-class-a35a4dd2f302.js [1976/10000] status=ok obs=9bf31c7ff062 coverage=+0/32/38 time=2ms
  RUN js-fuzzer-arithmetic-751ae14c5be1.js [1977/10000] md5=751ae14c5be17168ca1da16453293c73 bytes=84 template=arithmetic origin=seed:tests/corpus/runtime/exceptions-and-nullish.test.js
 PASS js-fuzzer-arithmetic-751ae14c5be1.js [1977/10000] status=ok obs=ea5d2f1c4608 coverage=+0/32/38 time=3ms
  RUN js-fuzzer-function-8a44cf2ceed5.js [1978/10000] md5=8a44cf2ceed595d9f22254a99d394b8c bytes=153 template=function origin=seed:tests/corpus/runtime/functions-closures-and-arrows.test.js
 PASS js-fuzzer-function-8a44cf2ceed5.js [1978/10000] status=ok obs=1ff1de774005 coverage=+0/32/38 time=4ms
  RUN js-fuzzer-array-object-00ab9bedc97a.js [1979/10000] md5=00ab9bedc97ab1d2fa12240e289fa83f bytes=133 template=array-object origin=seed:tests/corpus/runtime/lexical-shadowing.test.js
 PASS js-fuzzer-array-object-00ab9bedc97a.js [1979/10000] status=ok obs=6512bd43d9ca coverage=+0/32/38 time=2ms
  RUN js-fuzzer-closure-ddf4fbe61d25.js [1980/10000] md5=ddf4fbe61d25f765b50f70d929a0cae7 bytes=184 template=closure origin=seed:tests/corpus/runtime/modules-export.test.js
 PASS js-fuzzer-closure-ddf4fbe61d25.js [1980/10000] status=ok obs=b53b3a3d6ab9 coverage=+0/32/38 time=2ms
  RUN js-fuzzer-corpus-c557f8da2a9d.js [1981/10000] md5=c557f8da2a9d2904c70dca50c3eeb50e bytes=191 template=corpus origin=tests/corpus/runtime/nested-try-finally.test.js
 PASS js-fuzzer-corpus-c557f8da2a9d.js [1981/10000] status=ok obs=8f14e45fceea coverage=+0/32/38 time=3ms
  RUN js-fuzzer-boundary-3ca041277ff0.js [1982/10000] md5=3ca041277ff0c3edafc1a1dcaf120940 bytes=113 template=boundary origin=boundary:1
 PASS js-fuzzer-boundary-3ca041277ff0.js [1982/10000] status=ok obs=c4ca4238a0b9 coverage=+0/32/38 time=3ms
  RUN js-fuzzer-try-catch-47becaf372c3.js [1983/10000] md5=47becaf372c34523cd2fbacf2b53d016 bytes=110 template=try-catch origin=seed:tests/corpus/syntax/logical-unary-nullish.test.js
 PASS js-fuzzer-try-catch-47becaf372c3.js [1983/10000] status=ok obs=02e74f10e032 coverage=+0/32/38 time=3ms
  RUN js-fuzzer-class-1fb70654253d.js [1984/10000] md5=1fb70654253d944404805630039f463c bytes=101 template=class origin=seed:tests/corpus/syntax/object-destructure-and-members.test.js
 PASS js-fuzzer-class-1fb70654253d.js [1984/10000] status=ok obs=c51ce410c124 coverage=+0/32/38 time=3ms
  RUN js-fuzzer-arithmetic-86b1f3e3c4f7.js [1985/10000] md5=86b1f3e3c4f7eb31613bd23bdfea0e6d bytes=84 template=arithmetic origin=seed:tests/corpus/syntax/switch-do-while-sequence.test.js
 PASS js-fuzzer-arithmetic-86b1f3e3c4f7.js [1985/10000] status=ok obs=7f6ffaa6bb0b coverage=+0/32/38 time=2ms
  RUN js-fuzzer-function-88a1a2ce9ecc.js [1986/10000] md5=88a1a2ce9eccc8d7f1092c43da9e0b1f bytes=153 template=function origin=seed:tests/corpus/syntax/template-array-destructure.test.js
 PASS js-fuzzer-function-88a1a2ce9ecc.js [1986/10000] status=ok obs=45c48cce2e2d coverage=+0/32/38 time=2ms
  RUN js-fuzzer-array-object-086996cf00ad.js [1987/10000] md5=086996cf00adcf967a2573f7ea20c9e3 bytes=133 template=array-object origin=seed:tests/corpus/syntax/typescript-assertions.test.ts
 PASS js-fuzzer-array-object-086996cf00ad.js [1987/10000] status=ok obs=98f137082101 coverage=+0/32/38 time=3ms
  RUN js-fuzzer-closure-fe3a0e2b7a07.js [1988/10000] md5=fe3a0e2b7a079135b85ba11458593d51 bytes=183 template=closure origin=seed:tests/corpus/syntax/typescript-non-null-satisfies.test.ts
 PASS js-fuzzer-closure-fe3a0e2b7a07.js [1988/10000] status=ok obs=182be0c5cdcd coverage=+0/32/38 time=3ms
  RUN js-fuzzer-boundary-235131a2d0d1.js [1989/10000] md5=235131a2d0d184afe9327ca3bd456dde bytes=129 template=boundary origin=boundary:-9007199254740991
 PASS js-fuzzer-boundary-235131a2d0d1.js [1989/10000] status=ok obs=b3f3a95848f6 coverage=+0/32/38 time=3ms
  RUN js-fuzzer-corpus-ab8ca4f8757c.js [1990/10000] md5=ab8ca4f8757c6165b29cd6a662edad93 bytes=450 template=corpus origin=tests/corpus/fixtures/state-machine-workflow.test.js
 PASS js-fuzzer-corpus-ab8ca4f8757c.js [1990/10000] status=ok obs=b9f49c580664 coverage=+0/32/38 time=3ms
  RUN js-fuzzer-try-catch-7b36a94abb6d.js [1991/10000] md5=7b36a94abb6ddf002e9dd3f3d3a0cea5 bytes=110 template=try-catch origin=seed:tests/corpus/fixtures/vue-script-workflow.test.vue
 PASS js-fuzzer-try-catch-7b36a94abb6d.js [1991/10000] status=ok obs=37693cfc7480 coverage=+0/32/38 time=2ms
  RUN js-fuzzer-class-b901915e3eda.js [1992/10000] md5=b901915e3eda1a96f77dcec9fff681b5 bytes=100 template=class origin=seed:tests/corpus/obfuscation/constant-tag-mix.test.js
 PASS js-fuzzer-class-b901915e3eda.js [1992/10000] status=ok obs=c81e728d9d4c coverage=+0/32/38 time=2ms
  RUN js-fuzzer-arithmetic-1a526c29cff8.js [1993/10000] md5=1a526c29cff84dea92a42939990d6df3 bytes=85 template=arithmetic origin=seed:tests/corpus/obfuscation/extern-slot-permutation.test.js
 PASS js-fuzzer-arithmetic-1a526c29cff8.js [1993/10000] status=ok obs=577ef1154f32 coverage=+0/32/38 time=1ms
  RUN js-fuzzer-function-98e8c4d5dcc0.js [1994/10000] md5=98e8c4d5dcc095fbcedf7527b98fd4fe bytes=153 template=function origin=seed:tests/corpus/obfuscation/externs-console.test.js
 PASS js-fuzzer-function-98e8c4d5dcc0.js [1994/10000] status=ok obs=c9f0f895fb98 coverage=+0/32/38 time=2ms
  RUN js-fuzzer-array-object-841cc522418f.js [1995/10000] md5=841cc522418fe6c18f306261ebc40055 bytes=133 template=array-object origin=seed:tests/corpus/obfuscation/seed-sensitive-functions.test.js
 PASS js-fuzzer-array-object-841cc522418f.js [1995/10000] status=ok obs=1f0e3dad9990 coverage=+0/32/38 time=3ms
  RUN js-fuzzer-boundary-512d8e9b531d.js [1996/10000] md5=512d8e9b531dd316e823325cc949e70e bytes=123 template=boundary origin=boundary:-2147483648
 PASS js-fuzzer-boundary-512d8e9b531d.js [1996/10000] status=ok obs=034ff5946105 coverage=+0/32/38 time=1ms
  RUN js-fuzzer-block-scope-0d959b955ab6.js [1997/10000] md5=0d959b955ab696f224dd11a7efe26948 bytes=114 template=block-scope origin=seed:tests/corpus/regressions/multiple-functions-fib-add.test.js
 PASS js-fuzzer-block-scope-0d959b955ab6.js [1997/10000] status=ok obs=65b9eea6e1cc coverage=+0/32/38 time=2ms
  RUN js-fuzzer-loop-f495ca2fc638.js [1998/10000] md5=f495ca2fc6389f933578fc501f5b1465 bytes=81 template=loop origin=seed:tests/corpus/regressions/scope-compressed-closure-params.test.js
 PASS js-fuzzer-loop-f495ca2fc638.js [1998/10000] status=ok obs=c4ca4238a0b9 coverage=+0/32/38 time=1ms
  RUN js-fuzzer-corpus-a07012429fce.js [1999/10000] md5=a07012429fce4b4d7c8af42f445f70b9 bytes=163 template=corpus origin=tests/corpus/runtime/arrays-objects-methods.test.js
 PASS js-fuzzer-corpus-a07012429fce.js [1999/10000] status=ok obs=c51ce410c124 coverage=+0/32/38 time=2ms
  RUN js-fuzzer-class-587587295e00.js [2000/10000] md5=587587295e0075a0a19c4572e53274fe bytes=101 template=class origin=seed:tests/corpus/runtime/block-scopes.test.js
 PASS js-fuzzer-class-587587295e00.js [2000/10000] status=ok obs=1f0e3dad9990 coverage=+0/32/38 time=2ms
  RUN js-fuzzer-arithmetic-e30972071b84.js [2001/10000] md5=e30972071b849b2e123b5755fc9bf113 bytes=84 template=arithmetic origin=seed:tests/corpus/runtime/class-fields-static-methods.test.js
 PASS js-fuzzer-arithmetic-e30972071b84.js [2001/10000] status=ok obs=0336dcbab05b coverage=+0/32/38 time=2ms
  RUN js-fuzzer-function-79bb4335938d.js [2002/10000] md5=79bb4335938d82d557d11e6633b235d0 bytes=153 template=function origin=seed:tests/corpus/runtime/classes-and-objects.test.js
 PASS js-fuzzer-function-79bb4335938d.js [2002/10000] status=ok obs=6512bd43d9ca coverage=+0/32/38 time=2ms
  RUN js-fuzzer-boundary-6d89c3a838ae.js [2003/10000] md5=6d89c3a838ae354bda64ec37ec2b63b1 bytes=114 template=boundary origin=boundary:-2
 PASS js-fuzzer-boundary-6d89c3a838ae.js [2003/10000] status=ok obs=5d7b9adcbe1c coverage=+0/32/38 time=5ms
  RUN js-fuzzer-closure-5c2fdee9f6a0.js [2004/10000] md5=5c2fdee9f6a0617d39a14617c90cf53a bytes=184 template=closure origin=seed:tests/corpus/runtime/closures-read-captured-values.test.js
 PASS js-fuzzer-closure-5c2fdee9f6a0.js [2004/10000] status=ok obs=6c8349cc7260 coverage=+0/32/38 time=3ms
  RUN js-fuzzer-block-scope-6417f2589c9c.js [2005/10000] md5=6417f2589c9c44f5c51f1205a1099af9 bytes=115 template=block-scope origin=seed:tests/corpus/runtime/exceptions-and-nullish.test.js
 PASS js-fuzzer-block-scope-6417f2589c9c.js [2005/10000] status=ok obs=5f93f983524d coverage=+0/32/38 time=1ms
  RUN js-fuzzer-loop-d35707ad0bf7.js [2006/10000] md5=d35707ad0bf74148f671ad8943998af6 bytes=81 template=loop origin=seed:tests/corpus/runtime/functions-closures-and-arrows.test.js
 PASS js-fuzzer-loop-d35707ad0bf7.js [2006/10000] status=ok obs=9bf31c7ff062 coverage=+0/32/38 time=2ms
  RUN js-fuzzer-try-catch-14bcb064f014.js [2007/10000] md5=14bcb064f014dbe91c2010889dcaa2c0 bytes=110 template=try-catch origin=seed:tests/corpus/runtime/lexical-shadowing.test.js
 PASS js-fuzzer-try-catch-14bcb064f014.js [2007/10000] status=ok obs=c0c7c76d30bd coverage=+0/32/38 time=2ms
  RUN js-fuzzer-corpus-4131d841163b.js [2008/10000] md5=4131d841163b79e192bca9d4fc683c54 bytes=58 template=corpus origin=tests/corpus/runtime/modules-export.test.js
 PASS js-fuzzer-corpus-4131d841163b.js [2008/10000] status=ok obs=8f14e45fceea coverage=+0/32/38 time=1ms
  RUN js-fuzzer-arithmetic-a1d9b25b8bb8.js [2009/10000] md5=a1d9b25b8bb8aa6a1dca75f219565d27 bytes=85 template=arithmetic origin=seed:tests/corpus/runtime/nested-try-finally.test.js
 PASS js-fuzzer-arithmetic-a1d9b25b8bb8.js [2009/10000] status=ok obs=31fefc0e570c coverage=+0/32/38 time=2ms
  RUN js-fuzzer-boundary-7f379f781f4f.js [2010/10000] md5=7f379f781f4f9844733fb0f4c5d8aa15 bytes=114 template=boundary origin=boundary:-1
 PASS js-fuzzer-boundary-7f379f781f4f.js [2010/10000] status=ok obs=6bb61e3b7bce coverage=+0/32/38 time=2ms
  RUN js-fuzzer-array-object-e9a0e2168e66.js [2011/10000] md5=e9a0e2168e66acdd414d8d5064e38e7b bytes=133 template=array-object origin=seed:tests/corpus/syntax/logical-unary-nullish.test.js
 PASS js-fuzzer-array-object-e9a0e2168e66.js [2011/10000] status=ok obs=45c48cce2e2d coverage=+0/32/38 time=3ms
  RUN js-fuzzer-closure-522439ce87cc.js [2012/10000] md5=522439ce87ccb9c70620376be248e5a6 bytes=184 template=closure origin=seed:tests/corpus/syntax/object-destructure-and-members.test.js
 PASS js-fuzzer-closure-522439ce87cc.js [2012/10000] status=ok obs=3416a75f4cea coverage=+0/32/38 time=2ms
  RUN js-fuzzer-block-scope-f43d79d837fe.js [2013/10000] md5=f43d79d837fe16df019f7fe4650eb100 bytes=114 template=block-scope origin=seed:tests/corpus/syntax/switch-do-while-sequence.test.js
 PASS js-fuzzer-block-scope-f43d79d837fe.js [2013/10000] status=ok obs=6974ce5ac660 coverage=+0/32/38 time=2ms
  RUN js-fuzzer-loop-55c7c905bffb.js [2014/10000] md5=55c7c905bffb4bbbc4c8fb9b91df6ad8 bytes=81 template=loop origin=seed:tests/corpus/syntax/template-array-destructure.test.js
 PASS js-fuzzer-loop-55c7c905bffb.js [2014/10000] status=ok obs=eccbc87e4b5c coverage=+0/32/38 time=2ms
  RUN js-fuzzer-try-catch-8a297d00e90e.js [2015/10000] md5=8a297d00e90eb93174a6d6eeae5be951 bytes=110 template=try-catch origin=seed:tests/corpus/syntax/typescript-assertions.test.ts
 PASS js-fuzzer-try-catch-8a297d00e90e.js [2015/10000] status=ok obs=98f137082101 coverage=+0/32/38 time=1ms
  RUN js-fuzzer-class-7c36fc3c0ad4.js [2016/10000] md5=7c36fc3c0ad4461d5dbbcd7afdfb6b5c bytes=101 template=class origin=seed:tests/corpus/syntax/typescript-non-null-satisfies.test.ts
 PASS js-fuzzer-class-7c36fc3c0ad4.js [2016/10000] status=ok obs=d3d9446802a4 coverage=+0/32/38 time=2ms
  RUN js-fuzzer-corpus-797f152bf878.js [2017/10000] md5=797f152bf878d5049066c6db6d2360b3 bytes=355 template=corpus origin=tests/corpus/fixtures/job-workflow.test.js
 PASS js-fuzzer-corpus-797f152bf878.js [2017/10000] status=ok obs=b9de0628c8ec coverage=+0/32/38 time=2ms
  RUN js-fuzzer-function-4b9684ea9e29.js [2018/10000] md5=4b9684ea9e291ddb6515f98bf0c93905 bytes=153 template=function origin=seed:tests/corpus/fixtures/state-machine-workflow.test.js
 PASS js-fuzzer-function-4b9684ea9e29.js [2018/10000] status=ok obs=eccbc87e4b5c coverage=+0/32/38 time=4ms
  RUN js-fuzzer-array-object-8f47ce99545b.js [2019/10000] md5=8f47ce99545bd5edec34a59307701d66 bytes=133 template=array-object origin=seed:tests/corpus/fixtures/vue-script-workflow.test.vue
 PASS js-fuzzer-array-object-8f47ce99545b.js [2019/10000] status=ok obs=9bf31c7ff062 coverage=+0/32/38 time=2ms
  RUN js-fuzzer-closure-31c86a109bc0.js [2020/10000] md5=31c86a109bc0cc5bf40d51eb3da7b3c3 bytes=184 template=closure origin=seed:tests/corpus/obfuscation/constant-tag-mix.test.js
 PASS js-fuzzer-closure-31c86a109bc0.js [2020/10000] status=ok obs=fc490ca45c00 coverage=+0/32/38 time=2ms
  RUN js-fuzzer-block-scope-250010e390cc.js [2021/10000] md5=250010e390ccf01ade8aa57381b7974e bytes=114 template=block-scope origin=seed:tests/corpus/obfuscation/extern-slot-permutation.test.js
 PASS js-fuzzer-block-scope-250010e390cc.js [2021/10000] status=ok obs=ec8956637a99 coverage=+0/32/38 time=2ms
  RUN js-fuzzer-loop-bbf1d7a15d8d.js [2022/10000] md5=bbf1d7a15d8dd015402d75c0e0108b5f bytes=81 template=loop origin=seed:tests/corpus/obfuscation/externs-console.test.js
 PASS js-fuzzer-loop-bbf1d7a15d8d.js [2022/10000] status=ok obs=1679091c5a88 coverage=+0/32/38 time=2ms
  RUN js-fuzzer-try-catch-8eb6765f66fd.js [2023/10000] md5=8eb6765f66fd409e223a9383e9857a4c bytes=109 template=try-catch origin=seed:tests/corpus/obfuscation/seed-sensitive-functions.test.js
 PASS js-fuzzer-try-catch-8eb6765f66fd.js [2023/10000] status=ok obs=6512bd43d9ca coverage=+0/32/38 time=4ms
  RUN js-fuzzer-boundary-6330cdecf02f.js [2024/10000] md5=6330cdecf02f68328876d88213acc2ac bytes=128 template=boundary origin=boundary:9007199254740991
 PASS js-fuzzer-boundary-6330cdecf02f.js [2024/10000] status=ok obs=8bfa9ad090fb coverage=+0/32/38 time=3ms
  RUN js-fuzzer-arithmetic-071373fb4052.js [2025/10000] md5=071373fb40526994270d63bdee4d50f3 bytes=84 template=arithmetic origin=seed:tests/corpus/regressions/multiple-functions-fib-add.test.js
 PASS js-fuzzer-arithmetic-071373fb4052.js [2025/10000] status=ok obs=ac627ab1ccbd coverage=+0/32/38 time=2ms
  RUN js-fuzzer-corpus-c28cfb056309.js [2026/10000] md5=c28cfb056309f2a77f8bd9756b123c54 bytes=147 template=corpus origin=tests/corpus/regressions/scope-compressed-closure-params.test.js
 PASS js-fuzzer-corpus-c28cfb056309.js [2026/10000] status=ok obs=c51ce410c124 coverage=+0/32/38 time=2ms
  RUN js-fuzzer-array-object-85e272cae599.js [2027/10000] md5=85e272cae5997a721a59d34557d21c1f bytes=133 template=array-object origin=seed:tests/corpus/runtime/arrays-objects-methods.test.js
 PASS js-fuzzer-array-object-85e272cae599.js [2027/10000] status=ok obs=6512bd43d9ca coverage=+0/32/38 time=2ms
  RUN js-fuzzer-closure-44f8d475e7b4.js [2028/10000] md5=44f8d475e7b469fd29ee336b3bad8e0e bytes=185 template=closure origin=seed:tests/corpus/runtime/block-scopes.test.js
 PASS js-fuzzer-closure-44f8d475e7b4.js [2028/10000] status=ok obs=6c8349cc7260 coverage=+0/32/38 time=2ms
  RUN js-fuzzer-block-scope-bc0e6e638c42.js [2029/10000] md5=bc0e6e638c42d0e5f0ca421e2d343582 bytes=114 template=block-scope origin=seed:tests/corpus/runtime/class-fields-static-methods.test.js
 PASS js-fuzzer-block-scope-bc0e6e638c42.js [2029/10000] status=ok obs=2723d092b638 coverage=+0/32/38 time=2ms
  RUN js-fuzzer-loop-f495ca2fc638.js [2030/10000] md5=f495ca2fc6389f933578fc501f5b1465 bytes=81 template=loop origin=seed:tests/corpus/runtime/classes-and-objects.test.js
 PASS js-fuzzer-loop-f495ca2fc638.js [2030/10000] status=ok obs=c4ca4238a0b9 coverage=+0/32/38 time=2ms
  RUN js-fuzzer-boundary-ac080ee0add8.js [2031/10000] md5=ac080ee0add8a3967f40d078a13e076b bytes=122 template=boundary origin=boundary:2147483647
 PASS js-fuzzer-boundary-ac080ee0add8.js [2031/10000] status=ok obs=c588c0a459f4 coverage=+0/32/38 time=1ms
  RUN js-fuzzer-class-7c36fc3c0ad4.js [2032/10000] md5=7c36fc3c0ad4461d5dbbcd7afdfb6b5c bytes=101 template=class origin=seed:tests/corpus/runtime/closures-read-captured-values.test.js
 PASS js-fuzzer-class-7c36fc3c0ad4.js [2032/10000] status=ok obs=d3d9446802a4 coverage=+0/32/38 time=2ms
  RUN js-fuzzer-arithmetic-59dbd48a5c3d.js [2033/10000] md5=59dbd48a5c3d92d3d9700d64b5fd5f0f bytes=84 template=arithmetic origin=seed:tests/corpus/runtime/exceptions-and-nullish.test.js
 PASS js-fuzzer-arithmetic-59dbd48a5c3d.js [2033/10000] status=ok obs=06409663226a coverage=+0/32/38 time=5ms
  RUN js-fuzzer-function-66ad482026b9.js [2034/10000] md5=66ad482026b9df67ec5d25c1cce4c653 bytes=153 template=function origin=seed:tests/corpus/runtime/functions-closures-and-arrows.test.js
 PASS js-fuzzer-function-66ad482026b9.js [2034/10000] status=ok obs=6512bd43d9ca coverage=+0/32/38 time=4ms
  RUN js-fuzzer-corpus-463d4dee8a1f.js [2035/10000] md5=463d4dee8a1f930fa8af57a704cacf3e bytes=232 template=corpus origin=tests/corpus/runtime/lexical-shadowing.test.js
 PASS js-fuzzer-corpus-463d4dee8a1f.js [2035/10000] status=ok obs=c51ce410c124 coverage=+0/32/38 time=3ms
  RUN js-fuzzer-closure-9479932d301a.js [2036/10000] md5=9479932d301a94f4a3a7b9eb7ac7be96 bytes=183 template=closure origin=seed:tests/corpus/runtime/modules-export.test.js
 PASS js-fuzzer-closure-9479932d301a.js [2036/10000] status=ok obs=3c59dc048e88 coverage=+0/32/38 time=2ms
  RUN js-fuzzer-block-scope-1aea42ff83c7.js [2037/10000] md5=1aea42ff83c7426f6beafa17777ff418 bytes=114 template=block-scope origin=seed:tests/corpus/runtime/nested-try-finally.test.js
 PASS js-fuzzer-block-scope-1aea42ff83c7.js [2037/10000] status=ok obs=a3c65c297427 coverage=+0/32/38 time=2ms
  RUN js-fuzzer-boundary-221618e58a55.js [2038/10000] md5=221618e58a55537e4dc7530ef9f57aaf bytes=113 template=boundary origin=boundary:2
 PASS js-fuzzer-boundary-221618e58a55.js [2038/10000] status=ok obs=c81e728d9d4c coverage=+0/32/38 time=2ms
  RUN js-fuzzer-try-catch-8d9c7d254dda.js [2039/10000] md5=8d9c7d254ddaafdc283e844d5d9a6231 bytes=109 template=try-catch origin=seed:tests/corpus/syntax/logical-unary-nullish.test.js
 PASS js-fuzzer-try-catch-8d9c7d254dda.js [2039/10000] status=ok obs=a87ff679a2f3 coverage=+0/32/38 time=2ms
  RUN js-fuzzer-class-587587295e00.js [2040/10000] md5=587587295e0075a0a19c4572e53274fe bytes=101 template=class origin=seed:tests/corpus/syntax/object-destructure-and-members.test.js
 PASS js-fuzzer-class-587587295e00.js [2040/10000] status=ok obs=1f0e3dad9990 coverage=+0/32/38 time=2ms
  RUN js-fuzzer-arithmetic-a3b4f315b5cb.js [2041/10000] md5=a3b4f315b5cbd98d844afa1b9bf659cb bytes=84 template=arithmetic origin=seed:tests/corpus/syntax/switch-do-while-sequence.test.js
 PASS js-fuzzer-arithmetic-a3b4f315b5cb.js [2041/10000] status=ok obs=e2c420d928d4 coverage=+0/32/38 time=4ms
  RUN js-fuzzer-function-7078b1558e88.js [2042/10000] md5=7078b1558e88c84f2ce4ff32c844a13e bytes=153 template=function origin=seed:tests/corpus/syntax/template-array-destructure.test.js
 PASS js-fuzzer-function-7078b1558e88.js [2042/10000] status=ok obs=1679091c5a88 coverage=+0/32/38 time=4ms
  RUN js-fuzzer-array-object-a82711ac7367.js [2043/10000] md5=a82711ac73677991f901a0daead19962 bytes=133 template=array-object origin=seed:tests/corpus/syntax/typescript-assertions.test.ts
 PASS js-fuzzer-array-object-a82711ac7367.js [2043/10000] status=ok obs=8f14e45fceea coverage=+0/32/38 time=1ms
  RUN js-fuzzer-corpus-e3eeaea0f8a2.js [2044/10000] md5=e3eeaea0f8a2c5d5b650d4007cf78b4a bytes=104 template=corpus origin=tests/corpus/syntax/typescript-non-null-satisfies.test.ts
 PASS js-fuzzer-corpus-e3eeaea0f8a2.js [2044/10000] status=ok obs=d3d9446802a4 coverage=+0/32/38 time=1ms
  RUN js-fuzzer-boundary-3ca041277ff0.js [2045/10000] md5=3ca041277ff0c3edafc1a1dcaf120940 bytes=113 template=boundary origin=boundary:1
 PASS js-fuzzer-boundary-3ca041277ff0.js [2045/10000] status=ok obs=c4ca4238a0b9 coverage=+0/32/38 time=2ms
  RUN js-fuzzer-loop-b88258462a8d.js [2046/10000] md5=b88258462a8d880f8b0e459fa23b2536 bytes=81 template=loop origin=seed:tests/corpus/fixtures/state-machine-workflow.test.js
 PASS js-fuzzer-loop-b88258462a8d.js [2046/10000] status=ok obs=3c59dc048e88 coverage=+0/32/38 time=2ms
  RUN js-fuzzer-try-catch-0db921dfa62d.js [2047/10000] md5=0db921dfa62dbbfd21889addc9a83362 bytes=110 template=try-catch origin=seed:tests/corpus/fixtures/vue-script-workflow.test.vue
 PASS js-fuzzer-try-catch-0db921dfa62d.js [2047/10000] status=ok obs=34173cb38f07 coverage=+0/32/38 time=1ms
  RUN js-fuzzer-class-a35a4dd2f302.js [2048/10000] md5=a35a4dd2f302fda9a0e8d6e2c980c283 bytes=101 template=class origin=seed:tests/corpus/obfuscation/constant-tag-mix.test.js
 PASS js-fuzzer-class-a35a4dd2f302.js [2048/10000] status=ok obs=9bf31c7ff062 coverage=+0/32/38 time=4ms
  RUN js-fuzzer-arithmetic-0e9754887881.js [2049/10000] md5=0e9754887881db3dacab17fad2e59b58 bytes=85 template=arithmetic origin=seed:tests/corpus/obfuscation/extern-slot-permutation.test.js
 PASS js-fuzzer-arithmetic-0e9754887881.js [2049/10000] status=ok obs=f340f1b1f65b coverage=+0/32/38 time=2ms
  RUN js-fuzzer-function-f9a15ede1a13.js [2050/10000] md5=f9a15ede1a136ec60ae593fd7d4d8635 bytes=153 template=function origin=seed:tests/corpus/obfuscation/externs-console.test.js
 PASS js-fuzzer-function-f9a15ede1a13.js [2050/10000] status=ok obs=d3d9446802a4 coverage=+0/32/38 time=2ms
  RUN js-fuzzer-array-object-e7dcefb8115e.js [2051/10000] md5=e7dcefb8115e90ae2bef4230006e3032 bytes=133 template=array-object origin=seed:tests/corpus/obfuscation/seed-sensitive-functions.test.js
 PASS js-fuzzer-array-object-e7dcefb8115e.js [2051/10000] status=ok obs=c9f0f895fb98 coverage=+0/32/38 time=1ms
  RUN js-fuzzer-boundary-235131a2d0d1.js [2052/10000] md5=235131a2d0d184afe9327ca3bd456dde bytes=129 template=boundary origin=boundary:-9007199254740991
 PASS js-fuzzer-boundary-235131a2d0d1.js [2052/10000] status=ok obs=b3f3a95848f6 coverage=+0/32/38 time=2ms
  RUN js-fuzzer-corpus-ad9ed8746461.js [2053/10000] md5=ad9ed87464611c6dd81b04b3754c760c bytes=214 template=corpus origin=tests/corpus/regressions/multiple-functions-fib-add.test.js
 PASS js-fuzzer-corpus-ad9ed8746461.js [2053/10000] status=ok obs=3c59dc048e88 coverage=+0/32/38 time=3ms
  RUN js-fuzzer-loop-b88258462a8d.js [2054/10000] md5=b88258462a8d880f8b0e459fa23b2536 bytes=81 template=loop origin=seed:tests/corpus/regressions/scope-compressed-closure-params.test.js
 PASS js-fuzzer-loop-b88258462a8d.js [2054/10000] status=ok obs=3c59dc048e88 coverage=+0/32/38 time=1ms
  RUN js-fuzzer-try-catch-84bb82ab521c.js [2055/10000] md5=84bb82ab521cc370007aca532f77c9e1 bytes=110 template=try-catch origin=seed:tests/corpus/runtime/arrays-objects-methods.test.js
 PASS js-fuzzer-try-catch-84bb82ab521c.js [2055/10000] status=ok obs=c16a5320fa47 coverage=+0/32/38 time=2ms
  RUN js-fuzzer-class-b1e3642c0208.js [2056/10000] md5=b1e3642c0208992266fb21668a536292 bytes=100 template=class origin=seed:tests/corpus/runtime/block-scopes.test.js
 PASS js-fuzzer-class-b1e3642c0208.js [2056/10000] status=ok obs=c9f0f895fb98 coverage=+0/32/38 time=2ms
  RUN js-fuzzer-arithmetic-21df90f76ca2.js [2057/10000] md5=21df90f76ca2ca49300f08229712c086 bytes=85 template=arithmetic origin=seed:tests/corpus/runtime/class-fields-static-methods.test.js
 PASS js-fuzzer-arithmetic-21df90f76ca2.js [2057/10000] status=ok obs=e56954b4f634 coverage=+0/32/38 time=2ms
  RUN js-fuzzer-function-f172d914fe2f.js [2058/10000] md5=f172d914fe2f2d124fd9ee51d2714545 bytes=153 template=function origin=seed:tests/corpus/runtime/classes-and-objects.test.js
 PASS js-fuzzer-function-f172d914fe2f.js [2058/10000] status=ok obs=c9f0f895fb98 coverage=+0/32/38 time=2ms
  RUN js-fuzzer-boundary-4b8e58e2bd3b.js [2059/10000] md5=4b8e58e2bd3bc437f093fe0ab13ce109 bytes=123 template=boundary origin=boundary:-2147483648
 PASS js-fuzzer-boundary-4b8e58e2bd3b.js [2059/10000] status=ok obs=034ff5946105 coverage=+0/32/38 time=2ms
  RUN js-fuzzer-closure-7ea8d5fb2094.js [2060/10000] md5=7ea8d5fb2094d1a53148451a19b786b4 bytes=184 template=closure origin=seed:tests/corpus/runtime/closures-read-captured-values.test.js
 PASS js-fuzzer-closure-7ea8d5fb2094.js [2060/10000] status=ok obs=7f39f8317fbd coverage=+0/32/38 time=2ms
  RUN js-fuzzer-block-scope-10430c6f962a.js [2061/10000] md5=10430c6f962a4db4653b711f73826914 bytes=114 template=block-scope origin=seed:tests/corpus/runtime/exceptions-and-nullish.test.js
 PASS js-fuzzer-block-scope-10430c6f962a.js [2061/10000] status=ok obs=65b9eea6e1cc coverage=+0/32/38 time=1ms
  RUN js-fuzzer-corpus-72746d071c58.js [2062/10000] md5=72746d071c58fadd9399bc8934c30553 bytes=197 template=corpus origin=tests/corpus/runtime/functions-closures-and-arrows.test.js
 PASS js-fuzzer-corpus-72746d071c58.js [2062/10000] status=ok obs=c74d97b01eae coverage=+0/32/38 time=2ms
  RUN js-fuzzer-try-catch-c5263a4b0fbd.js [2063/10000] md5=c5263a4b0fbd119742a040447111f34b bytes=109 template=try-catch origin=seed:tests/corpus/runtime/lexical-shadowing.test.js
 PASS js-fuzzer-try-catch-c5263a4b0fbd.js [2063/10000] status=ok obs=8f14e45fceea coverage=+0/32/38 time=2ms
  RUN js-fuzzer-class-5baf4bed5db4.js [2064/10000] md5=5baf4bed5db4f8205173226efc8fff73 bytes=101 template=class origin=seed:tests/corpus/runtime/modules-export.test.js
 PASS js-fuzzer-class-5baf4bed5db4.js [2064/10000] status=ok obs=6f4922f45568 coverage=+0/32/38 time=2ms
  RUN js-fuzzer-arithmetic-022d8546649d.js [2065/10000] md5=022d8546649da6bf92a377eec13b8fad bytes=85 template=arithmetic origin=seed:tests/corpus/runtime/nested-try-finally.test.js
 PASS js-fuzzer-arithmetic-022d8546649d.js [2065/10000] status=ok obs=060ad9248994 coverage=+0/32/38 time=2ms
  RUN js-fuzzer-boundary-4ae25cb2e150.js [2066/10000] md5=4ae25cb2e15083bfca9f6b81b3f9f24b bytes=114 template=boundary origin=boundary:-2
 PASS js-fuzzer-boundary-4ae25cb2e150.js [2066/10000] status=ok obs=5d7b9adcbe1c coverage=+0/32/38 time=2ms
  RUN js-fuzzer-array-object-58bd9755ac71.js [2067/10000] md5=58bd9755ac7153f7dcabfdad2ecfc61c bytes=133 template=array-object origin=seed:tests/corpus/syntax/logical-unary-nullish.test.js
 PASS js-fuzzer-array-object-58bd9755ac71.js [2067/10000] status=ok obs=c51ce410c124 coverage=+0/32/38 time=2ms
  RUN js-fuzzer-closure-4c1a855941d6.js [2068/10000] md5=4c1a855941d65d0a24bdb3da0b49fd65 bytes=185 template=closure origin=seed:tests/corpus/syntax/object-destructure-and-members.test.js
 PASS js-fuzzer-closure-4c1a855941d6.js [2068/10000] status=ok obs=17e62166fc85 coverage=+0/32/38 time=2ms
  RUN js-fuzzer-block-scope-07f18117f78f.js [2069/10000] md5=07f18117f78f57cbdcf4267b9fd9100c bytes=114 template=block-scope origin=seed:tests/corpus/syntax/switch-do-while-sequence.test.js
 PASS js-fuzzer-block-scope-07f18117f78f.js [2069/10000] status=ok obs=65b9eea6e1cc coverage=+0/32/38 time=2ms
  RUN js-fuzzer-loop-d35707ad0bf7.js [2070/10000] md5=d35707ad0bf74148f671ad8943998af6 bytes=81 template=loop origin=seed:tests/corpus/syntax/template-array-destructure.test.js
 PASS js-fuzzer-loop-d35707ad0bf7.js [2070/10000] status=ok obs=9bf31c7ff062 coverage=+0/32/38 time=5ms
  RUN js-fuzzer-corpus-57a83a4b020d.js [2071/10000] md5=57a83a4b020d4b85b42b0a3709f283ad bytes=130 template=corpus origin=tests/corpus/syntax/typescript-assertions.test.ts
 PASS js-fuzzer-corpus-57a83a4b020d.js [2071/10000] status=ok obs=45c48cce2e2d coverage=+0/32/38 time=3ms
  RUN js-fuzzer-class-5baf4bed5db4.js [2072/10000] md5=5baf4bed5db4f8205173226efc8fff73 bytes=101 template=class origin=seed:tests/corpus/syntax/typescript-non-null-satisfies.test.ts
 PASS js-fuzzer-class-5baf4bed5db4.js [2072/10000] status=ok obs=6f4922f45568 coverage=+0/32/38 time=3ms
  RUN js-fuzzer-boundary-3d1d4e90ebd9.js [2073/10000] md5=3d1d4e90ebd99aad7ece59efc98f7563 bytes=114 template=boundary origin=boundary:-1
 PASS js-fuzzer-boundary-3d1d4e90ebd9.js [2073/10000] status=ok obs=6bb61e3b7bce coverage=+0/32/38 time=2ms
  RUN js-fuzzer-function-288d473b3a74.js [2074/10000] md5=288d473b3a7495d967aff826da7d201e bytes=153 template=function origin=seed:tests/corpus/fixtures/state-machine-workflow.test.js
 PASS js-fuzzer-function-288d473b3a74.js [2074/10000] status=ok obs=aab3238922bc coverage=+0/32/38 time=2ms
  RUN js-fuzzer-array-object-938206236a40.js [2075/10000] md5=938206236a40745156fc652157b7ace4 bytes=133 template=array-object origin=seed:tests/corpus/fixtures/vue-script-workflow.test.vue
 PASS js-fuzzer-array-object-938206236a40.js [2075/10000] status=ok obs=70efdf2ec9b0 coverage=+0/32/38 time=2ms
  RUN js-fuzzer-closure-85690de51ff6.js [2076/10000] md5=85690de51ff67441c681fddbd0c60269 bytes=183 template=closure origin=seed:tests/corpus/obfuscation/constant-tag-mix.test.js
 PASS js-fuzzer-closure-85690de51ff6.js [2076/10000] status=ok obs=37693cfc7480 coverage=+0/32/38 time=2ms
  RUN js-fuzzer-block-scope-cf2d0d5b674a.js [2077/10000] md5=cf2d0d5b674aedb72b348cd8e4680fc5 bytes=114 template=block-scope origin=seed:tests/corpus/obfuscation/extern-slot-permutation.test.js
 PASS js-fuzzer-block-scope-cf2d0d5b674a.js [2077/10000] status=ok obs=2723d092b638 coverage=+0/32/38 time=2ms
  RUN js-fuzzer-loop-55c7c905bffb.js [2078/10000] md5=55c7c905bffb4bbbc4c8fb9b91df6ad8 bytes=81 template=loop origin=seed:tests/corpus/obfuscation/externs-console.test.js
 PASS js-fuzzer-loop-55c7c905bffb.js [2078/10000] status=ok obs=eccbc87e4b5c coverage=+0/32/38 time=1ms
  RUN js-fuzzer-try-catch-70fffa3518b3.js [2079/10000] md5=70fffa3518b3cd8f92c92fd09e60ecbc bytes=110 template=try-catch origin=seed:tests/corpus/obfuscation/seed-sensitive-functions.test.js
 PASS js-fuzzer-try-catch-70fffa3518b3.js [2079/10000] status=ok obs=a5bfc9e07964 coverage=+0/32/38 time=3ms
  RUN js-fuzzer-corpus-79643e915862.js [2080/10000] md5=79643e91586251700d34c0c65a0220da bytes=89 template=corpus origin=tests/corpus/regressions/destructuring-lowers-to-member.test.js
 PASS js-fuzzer-corpus-79643e915862.js [2080/10000] status=ok obs=eccbc87e4b5c coverage=+0/32/38 time=2ms
  RUN js-fuzzer-arithmetic-7131c8255bbb.js [2081/10000] md5=7131c8255bbbe30db13037c17ea1fdb1 bytes=85 template=arithmetic origin=seed:tests/corpus/regressions/multiple-functions-fib-add.test.js
 PASS js-fuzzer-arithmetic-7131c8255bbb.js [2081/10000] status=ok obs=2723d092b638 coverage=+0/32/38 time=2ms
  RUN js-fuzzer-function-ba7ea055d439.js [2082/10000] md5=ba7ea055d4397ffca213251195491d86 bytes=153 template=function origin=seed:tests/corpus/regressions/scope-compressed-closure-params.test.js
 PASS js-fuzzer-function-ba7ea055d439.js [2082/10000] status=ok obs=8f14e45fceea coverage=+0/32/38 time=2ms
  RUN js-fuzzer-array-object-f0149219533f.js [2083/10000] md5=f0149219533f3771cb603b35f8d975d8 bytes=133 template=array-object origin=seed:tests/corpus/runtime/arrays-objects-methods.test.js
 PASS js-fuzzer-array-object-f0149219533f.js [2083/10000] status=ok obs=1679091c5a88 coverage=+0/32/38 time=2ms
  RUN js-fuzzer-closure-fdf4494b5941.js [2084/10000] md5=fdf4494b5941c318e5afb185b7b02590 bytes=184 template=closure origin=seed:tests/corpus/runtime/block-scopes.test.js
 PASS js-fuzzer-closure-fdf4494b5941.js [2084/10000] status=ok obs=735b90b45681 coverage=+0/32/38 time=2ms
  RUN js-fuzzer-block-scope-e75f812a30d7.js [2085/10000] md5=e75f812a30d74855b33a6109922aae9f bytes=114 template=block-scope origin=seed:tests/corpus/runtime/class-fields-static-methods.test.js
 PASS js-fuzzer-block-scope-e75f812a30d7.js [2085/10000] status=ok obs=65b9eea6e1cc coverage=+0/32/38 time=2ms
  RUN js-fuzzer-loop-b88258462a8d.js [2086/10000] md5=b88258462a8d880f8b0e459fa23b2536 bytes=81 template=loop origin=seed:tests/corpus/runtime/classes-and-objects.test.js
 PASS js-fuzzer-loop-b88258462a8d.js [2086/10000] status=ok obs=3c59dc048e88 coverage=+0/32/38 time=3ms
  RUN js-fuzzer-boundary-2b35f90895ea.js [2087/10000] md5=2b35f90895ea85111e562e627044f919 bytes=128 template=boundary origin=boundary:9007199254740991
 PASS js-fuzzer-boundary-2b35f90895ea.js [2087/10000] status=ok obs=8bfa9ad090fb coverage=+0/32/38 time=1ms
  RUN js-fuzzer-class-1fb70654253d.js [2088/10000] md5=1fb70654253d944404805630039f463c bytes=101 template=class origin=seed:tests/corpus/runtime/closures-read-captured-values.test.js
 PASS js-fuzzer-class-1fb70654253d.js [2088/10000] status=ok obs=c51ce410c124 coverage=+0/32/38 time=2ms
  RUN js-fuzzer-corpus-cf8fb96e8476.js [2089/10000] md5=cf8fb96e8476c262b73583c86dd80821 bytes=178 template=corpus origin=tests/corpus/runtime/exceptions-and-nullish.test.js
 PASS js-fuzzer-corpus-cf8fb96e8476.js [2089/10000] status=ok obs=24ed5e8718fc coverage=+0/32/38 time=2ms
  RUN js-fuzzer-function-831f4ac0cd0e.js [2090/10000] md5=831f4ac0cd0ee5c472d5e3bccfaabf34 bytes=153 template=function origin=seed:tests/corpus/runtime/functions-closures-and-arrows.test.js
 PASS js-fuzzer-function-831f4ac0cd0e.js [2090/10000] status=ok obs=c9f0f895fb98 coverage=+0/32/38 time=2ms
  RUN js-fuzzer-array-object-624c21123812.js [2091/10000] md5=624c21123812e041cbf3c1bddc3e1779 bytes=133 template=array-object origin=seed:tests/corpus/runtime/lexical-shadowing.test.js
 PASS js-fuzzer-array-object-624c21123812.js [2091/10000] status=ok obs=9bf31c7ff062 coverage=+0/32/38 time=1ms
  RUN js-fuzzer-closure-c85b2c9cf353.js [2092/10000] md5=c85b2c9cf3533711dc9700256d96a829 bytes=183 template=closure origin=seed:tests/corpus/runtime/modules-export.test.js
 PASS js-fuzzer-closure-c85b2c9cf353.js [2092/10000] status=ok obs=3c59dc048e88 coverage=+0/32/38 time=2ms
  RUN js-fuzzer-block-scope-654da4f66cd2.js [2093/10000] md5=654da4f66cd283db628a26cffa0b8c34 bytes=115 template=block-scope origin=seed:tests/corpus/runtime/nested-try-finally.test.js
 PASS js-fuzzer-block-scope-654da4f66cd2.js [2093/10000] status=ok obs=5f93f983524d coverage=+0/32/38 time=2ms
  RUN js-fuzzer-boundary-5c12d757f0dd.js [2094/10000] md5=5c12d757f0ddd5c6b1207b14fb1e8d0c bytes=122 template=boundary origin=boundary:2147483647
 PASS js-fuzzer-boundary-5c12d757f0dd.js [2094/10000] status=ok obs=c588c0a459f4 coverage=+0/32/38 time=1ms
  RUN js-fuzzer-try-catch-60965d400692.js [2095/10000] md5=60965d4006920d781586aecbf04b3493 bytes=110 template=try-catch origin=seed:tests/corpus/syntax/logical-unary-nullish.test.js
 PASS js-fuzzer-try-catch-60965d400692.js [2095/10000] status=ok obs=1f0e3dad9990 coverage=+0/32/38 time=2ms
  RUN js-fuzzer-class-b901915e3eda.js [2096/10000] md5=b901915e3eda1a96f77dcec9fff681b5 bytes=100 template=class origin=seed:tests/corpus/syntax/object-destructure-and-members.test.js
 PASS js-fuzzer-class-b901915e3eda.js [2096/10000] status=ok obs=c81e728d9d4c coverage=+0/32/38 time=6ms
  RUN js-fuzzer-arithmetic-0a348674a8d7.js [2097/10000] md5=0a348674a8d7bf5d61640bb58d4521e6 bytes=84 template=arithmetic origin=seed:tests/corpus/syntax/switch-do-while-sequence.test.js
 PASS js-fuzzer-arithmetic-0a348674a8d7.js [2097/10000] status=ok obs=1d7f7abc18fc coverage=+0/32/38 time=4ms
  RUN js-fuzzer-corpus-ff388659a641.js [2098/10000] md5=ff388659a6419d1e6e01ce4e7151a52e bytes=135 template=corpus origin=tests/corpus/syntax/template-array-destructure.test.js
 PASS js-fuzzer-corpus-ff388659a641.js [2098/10000] status=ok obs=f61c9a8be43c coverage=+0/32/38 time=3ms
  RUN js-fuzzer-array-object-73ea9efa6713.js [2099/10000] md5=73ea9efa6713db7bb1026337f0176b05 bytes=133 template=array-object origin=seed:tests/corpus/syntax/typescript-assertions.test.ts
 PASS js-fuzzer-array-object-73ea9efa6713.js [2099/10000] status=ok obs=6512bd43d9ca coverage=+0/32/38 time=2ms
  RUN js-fuzzer-closure-7f0fcef8a5f6.js [2100/10000] md5=7f0fcef8a5f63a8f16cf40bcfecc2308 bytes=185 template=closure origin=seed:tests/corpus/syntax/typescript-non-null-satisfies.test.ts
 PASS js-fuzzer-closure-7f0fcef8a5f6.js [2100/10000] status=ok obs=67c6a1e7ce56 coverage=+0/32/38 time=2ms
  RUN js-fuzzer-boundary-85faf3787c26.js [2101/10000] md5=85faf3787c26ca3bad9215a544873988 bytes=113 template=boundary origin=boundary:2
 PASS js-fuzzer-boundary-85faf3787c26.js [2101/10000] status=ok obs=c81e728d9d4c coverage=+0/32/38 time=2ms
  RUN js-fuzzer-loop-54e460cecf5c.js [2102/10000] md5=54e460cecf5c05dfcffaa3b2e5f57445 bytes=81 template=loop origin=seed:tests/corpus/fixtures/state-machine-workflow.test.js
 PASS js-fuzzer-loop-54e460cecf5c.js [2102/10000] status=ok obs=d3d9446802a4 coverage=+0/32/38 time=2ms
  RUN js-fuzzer-try-catch-13abe4d24a2d.js [2103/10000] md5=13abe4d24a2dd7935e11d59d61044cdc bytes=109 template=try-catch origin=seed:tests/corpus/fixtures/vue-script-workflow.test.vue
 PASS js-fuzzer-try-catch-13abe4d24a2d.js [2103/10000] status=ok obs=c9f0f895fb98 coverage=+0/32/38 time=2ms
  RUN js-fuzzer-class-6736c24444bc.js [2104/10000] md5=6736c24444bc6ff151b05a9a974ae4d5 bytes=100 template=class origin=seed:tests/corpus/obfuscation/constant-tag-mix.test.js
 PASS js-fuzzer-class-6736c24444bc.js [2104/10000] status=ok obs=45c48cce2e2d coverage=+0/32/38 time=1ms
  RUN js-fuzzer-arithmetic-54216be65251.js [2105/10000] md5=54216be652515700fd08aafdae8f7d3e bytes=85 template=arithmetic origin=seed:tests/corpus/obfuscation/extern-slot-permutation.test.js
 PASS js-fuzzer-arithmetic-54216be65251.js [2105/10000] status=ok obs=e2c420d928d4 coverage=+0/32/38 time=2ms
  RUN js-fuzzer-function-f9a15ede1a13.js [2106/10000] md5=f9a15ede1a136ec60ae593fd7d4d8635 bytes=153 template=function origin=seed:tests/corpus/obfuscation/externs-console.test.js
 PASS js-fuzzer-function-f9a15ede1a13.js [2106/10000] status=ok obs=d3d9446802a4 coverage=+0/32/38 time=2ms
  RUN js-fuzzer-corpus-38ba19d9deb7.js [2107/10000] md5=38ba19d9deb7566cc8a420c27ada3f21 bytes=136 template=corpus origin=tests/corpus/obfuscation/seed-sensitive-functions.test.js
 PASS js-fuzzer-corpus-38ba19d9deb7.js [2107/10000] status=ok obs=a5bfc9e07964 coverage=+0/32/38 time=2ms
  RUN js-fuzzer-boundary-2f35f880f964.js [2108/10000] md5=2f35f880f96468b375c4e71feba05308 bytes=113 template=boundary origin=boundary:1
 PASS js-fuzzer-boundary-2f35f880f964.js [2108/10000] status=ok obs=c4ca4238a0b9 coverage=+0/32/38 time=1ms
  RUN js-fuzzer-block-scope-8aaa483675b3.js [2109/10000] md5=8aaa483675b368db5813ee90004aac25 bytes=114 template=block-scope origin=seed:tests/corpus/regressions/multiple-functions-fib-add.test.js
 PASS js-fuzzer-block-scope-8aaa483675b3.js [2109/10000] status=ok obs=6974ce5ac660 coverage=+0/32/38 time=2ms
  RUN js-fuzzer-loop-54e460cecf5c.js [2110/10000] md5=54e460cecf5c05dfcffaa3b2e5f57445 bytes=81 template=loop origin=seed:tests/corpus/regressions/scope-compressed-closure-params.test.js
 PASS js-fuzzer-loop-54e460cecf5c.js [2110/10000] status=ok obs=d3d9446802a4 coverage=+0/32/38 time=3ms
  RUN js-fuzzer-try-catch-14bcb064f014.js [2111/10000] md5=14bcb064f014dbe91c2010889dcaa2c0 bytes=110 template=try-catch origin=seed:tests/corpus/runtime/arrays-objects-methods.test.js
 PASS js-fuzzer-try-catch-14bcb064f014.js [2111/10000] status=ok obs=c0c7c76d30bd coverage=+0/32/38 time=2ms
  RUN js-fuzzer-class-587587295e00.js [2112/10000] md5=587587295e0075a0a19c4572e53274fe bytes=101 template=class origin=seed:tests/corpus/runtime/block-scopes.test.js
 PASS js-fuzzer-class-587587295e00.js [2112/10000] status=ok obs=1f0e3dad9990 coverage=+0/32/38 time=2ms
  RUN js-fuzzer-arithmetic-3173358f279c.js [2113/10000] md5=3173358f279ce539b8d44d8ae496a2ca bytes=83 template=arithmetic origin=seed:tests/corpus/runtime/class-fields-static-methods.test.js
 PASS js-fuzzer-arithmetic-3173358f279c.js [2113/10000] status=ok obs=c20ad4d76fe9 coverage=+0/32/38 time=1ms
  RUN js-fuzzer-function-cb7d7d91d83d.js [2114/10000] md5=cb7d7d91d83d165500656240f14cd1fc bytes=153 template=function origin=seed:tests/corpus/runtime/classes-and-objects.test.js
 PASS js-fuzzer-function-cb7d7d91d83d.js [2114/10000] status=ok obs=8f14e45fceea coverage=+0/32/38 time=1ms
  RUN js-fuzzer-boundary-235131a2d0d1.js [2115/10000] md5=235131a2d0d184afe9327ca3bd456dde bytes=129 template=boundary origin=boundary:-9007199254740991
 PASS js-fuzzer-boundary-235131a2d0d1.js [2115/10000] status=ok obs=b3f3a95848f6 coverage=+0/32/38 time=2ms
  RUN js-fuzzer-corpus-08bc93bf5789.js [2116/10000] md5=08bc93bf57897bc88ce7161fe56cd099 bytes=169 template=corpus origin=tests/corpus/runtime/closures-read-captured-values.test.js
 PASS js-fuzzer-corpus-08bc93bf5789.js [2116/10000] status=ok obs=02e74f10e032 coverage=+0/32/38 time=2ms
  RUN js-fuzzer-block-scope-860e21104a7a.js [2117/10000] md5=860e21104a7a4ed4d3b6822443e621df bytes=114 template=block-scope origin=seed:tests/corpus/runtime/exceptions-and-nullish.test.js
 PASS js-fuzzer-block-scope-860e21104a7a.js [2117/10000] status=ok obs=ec8956637a99 coverage=+0/32/38 time=3ms
  RUN js-fuzzer-loop-b88258462a8d.js [2118/10000] md5=b88258462a8d880f8b0e459fa23b2536 bytes=81 template=loop origin=seed:tests/corpus/runtime/functions-closures-and-arrows.test.js
 PASS js-fuzzer-loop-b88258462a8d.js [2118/10000] status=ok obs=3c59dc048e88 coverage=+0/32/38 time=3ms
  RUN js-fuzzer-try-catch-a173285175b8.js [2119/10000] md5=a173285175b813cddca62eb427efafd5 bytes=110 template=try-catch origin=seed:tests/corpus/runtime/lexical-shadowing.test.js
 PASS js-fuzzer-try-catch-a173285175b8.js [2119/10000] status=ok obs=9a1158154dfa coverage=+0/32/38 time=1ms
  RUN js-fuzzer-class-a365d1a76b7b.js [2120/10000] md5=a365d1a76b7b0d4310621afa7caac433 bytes=100 template=class origin=seed:tests/corpus/runtime/modules-export.test.js
 PASS js-fuzzer-class-a365d1a76b7b.js [2120/10000] status=ok obs=8f14e45fceea coverage=+0/32/38 time=3ms
  RUN js-fuzzer-arithmetic-94468b8d5f76.js [2121/10000] md5=94468b8d5f7693f96d39482410ad18fc bytes=85 template=arithmetic origin=seed:tests/corpus/runtime/nested-try-finally.test.js
 PASS js-fuzzer-arithmetic-94468b8d5f76.js [2121/10000] status=ok obs=289dff07669d coverage=+0/32/38 time=2ms
  RUN js-fuzzer-boundary-4b8e58e2bd3b.js [2122/10000] md5=4b8e58e2bd3bc437f093fe0ab13ce109 bytes=123 template=boundary origin=boundary:-2147483648
 PASS js-fuzzer-boundary-4b8e58e2bd3b.js [2122/10000] status=ok obs=034ff5946105 coverage=+0/32/38 time=2ms
  RUN js-fuzzer-array-object-8a1e9a13f2f0.js [2123/10000] md5=8a1e9a13f2f0c7ad0eda70af8ba60bc9 bytes=133 template=array-object origin=seed:tests/corpus/syntax/logical-unary-nullish.test.js
 PASS js-fuzzer-array-object-8a1e9a13f2f0.js [2123/10000] status=ok obs=70efdf2ec9b0 coverage=+0/32/38 time=1ms
  RUN js-fuzzer-closure-96763299b510.js [2124/10000] md5=96763299b51016dadfa0705e605fb542 bytes=184 template=closure origin=seed:tests/corpus/syntax/object-destructure-and-members.test.js
 PASS js-fuzzer-closure-96763299b510.js [2124/10000] status=ok obs=d67d8ab4f4c1 coverage=+0/32/38 time=2ms
  RUN js-fuzzer-corpus-2aed353a2d20.js [2125/10000] md5=2aed353a2d200d64cbaf7beb40face20 bytes=275 template=corpus origin=tests/corpus/syntax/switch-do-while-sequence.test.js
 PASS js-fuzzer-corpus-2aed353a2d20.js [2125/10000] status=ok obs=6f4922f45568 coverage=+0/32/38 time=3ms
  RUN js-fuzzer-loop-55c7c905bffb.js [2126/10000] md5=55c7c905bffb4bbbc4c8fb9b91df6ad8 bytes=81 template=loop origin=seed:tests/corpus/syntax/template-array-destructure.test.js
 PASS js-fuzzer-loop-55c7c905bffb.js [2126/10000] status=ok obs=eccbc87e4b5c coverage=+0/32/38 time=3ms
  RUN js-fuzzer-try-catch-398077b2e1d6.js [2127/10000] md5=398077b2e1d6a50d953f7a907c7a061d bytes=110 template=try-catch origin=seed:tests/corpus/syntax/typescript-assertions.test.ts
 PASS js-fuzzer-try-catch-398077b2e1d6.js [2127/10000] status=ok obs=6364d3f0f495 coverage=+0/32/38 time=2ms
  RUN js-fuzzer-class-51ea152a707e.js [2128/10000] md5=51ea152a707ed5422ab3e5b3ddb7fe43 bytes=100 template=class origin=seed:tests/corpus/syntax/typescript-non-null-satisfies.test.ts
 PASS js-fuzzer-class-51ea152a707e.js [2128/10000] status=ok obs=e4da3b7fbbce coverage=+0/32/38 time=2ms
  RUN js-fuzzer-boundary-92df4f5b559a.js [2129/10000] md5=92df4f5b559a550058b4133ffb629932 bytes=114 template=boundary origin=boundary:-2
 PASS js-fuzzer-boundary-92df4f5b559a.js [2129/10000] status=ok obs=5d7b9adcbe1c coverage=+0/32/38 time=2ms
  RUN js-fuzzer-function-134a85d12098.js [2130/10000] md5=134a85d120985077bd24a3a53ac64560 bytes=153 template=function origin=seed:tests/corpus/fixtures/state-machine-workflow.test.js
 PASS js-fuzzer-function-134a85d12098.js [2130/10000] status=ok obs=1679091c5a88 coverage=+0/32/38 time=1ms
  RUN js-fuzzer-array-object-1ff3b4aa01a0.js [2131/10000] md5=1ff3b4aa01a037f5139a1c45ba9bbac8 bytes=133 template=array-object origin=seed:tests/corpus/fixtures/vue-script-workflow.test.vue
 PASS js-fuzzer-array-object-1ff3b4aa01a0.js [2131/10000] status=ok obs=d3d9446802a4 coverage=+0/32/38 time=1ms
  RUN js-fuzzer-closure-e9ae63c28762.js [2132/10000] md5=e9ae63c287623e1add8ca7df5d88d59c bytes=184 template=closure origin=seed:tests/corpus/obfuscation/constant-tag-mix.test.js
 PASS js-fuzzer-closure-e9ae63c28762.js [2132/10000] status=ok obs=b53b3a3d6ab9 coverage=+0/32/38 time=2ms
  RUN js-fuzzer-block-scope-7fc664287876.js [2133/10000] md5=7fc6642878767985ab6325f8fdf02946 bytes=114 template=block-scope origin=seed:tests/corpus/obfuscation/extern-slot-permutation.test.js
 PASS js-fuzzer-block-scope-7fc664287876.js [2133/10000] status=ok obs=a3c65c297427 coverage=+0/32/38 time=3ms
  RUN js-fuzzer-corpus-efd663ac427b.js [2134/10000] md5=efd663ac427b5ca270b2f8b928c902bf bytes=112 template=corpus origin=tests/corpus/obfuscation/externs-console.test.js
 PASS js-fuzzer-corpus-efd663ac427b.js [2134/10000] status=ok obs=d289993e39c8 coverage=+0/32/38 time=2ms
  RUN js-fuzzer-try-catch-02a6aedaa978.js [2135/10000] md5=02a6aedaa97879d59ffd66c80df1d065 bytes=109 template=try-catch origin=seed:tests/corpus/obfuscation/seed-sensitive-functions.test.js
 PASS js-fuzzer-try-catch-02a6aedaa978.js [2135/10000] status=ok obs=e4da3b7fbbce coverage=+0/32/38 time=1ms
  RUN js-fuzzer-boundary-3d1d4e90ebd9.js [2136/10000] md5=3d1d4e90ebd99aad7ece59efc98f7563 bytes=114 template=boundary origin=boundary:-1
 PASS js-fuzzer-boundary-3d1d4e90ebd9.js [2136/10000] status=ok obs=6bb61e3b7bce coverage=+0/32/38 time=2ms
  RUN js-fuzzer-arithmetic-973edb38d8d2.js [2137/10000] md5=973edb38d8d25ad4cb7fbe89e8141b28 bytes=85 template=arithmetic origin=seed:tests/corpus/regressions/multiple-functions-fib-add.test.js
 PASS js-fuzzer-arithmetic-973edb38d8d2.js [2137/10000] status=ok obs=3988c7f88ebc coverage=+0/32/38 time=2ms
  RUN js-fuzzer-function-67a4a16b508e.js [2138/10000] md5=67a4a16b508e8efc2a1fbbfc79004c7b bytes=153 template=function origin=seed:tests/corpus/regressions/scope-compressed-closure-params.test.js
 PASS js-fuzzer-function-67a4a16b508e.js [2138/10000] status=ok obs=eccbc87e4b5c coverage=+0/32/38 time=2ms
  RUN js-fuzzer-array-object-ecd8d363b884.js [2139/10000] md5=ecd8d363b88466350e0f5f37b10df841 bytes=133 template=array-object origin=seed:tests/corpus/runtime/arrays-objects-methods.test.js
 PASS js-fuzzer-array-object-ecd8d363b884.js [2139/10000] status=ok obs=c20ad4d76fe9 coverage=+0/32/38 time=1ms
  RUN js-fuzzer-closure-8998d61c7527.js [2140/10000] md5=8998d61c752711dda145b02c4376e516 bytes=184 template=closure origin=seed:tests/corpus/runtime/block-scopes.test.js
 PASS js-fuzzer-closure-8998d61c7527.js [2140/10000] status=ok obs=b53b3a3d6ab9 coverage=+0/32/38 time=2ms
  RUN js-fuzzer-block-scope-c63543f997c3.js [2141/10000] md5=c63543f997c36488ec75fbd01eca5496 bytes=114 template=block-scope origin=seed:tests/corpus/runtime/class-fields-static-methods.test.js
 PASS js-fuzzer-block-scope-c63543f997c3.js [2141/10000] status=ok obs=ec8956637a99 coverage=+0/32/38 time=2ms
  RUN js-fuzzer-loop-54e460cecf5c.js [2142/10000] md5=54e460cecf5c05dfcffaa3b2e5f57445 bytes=81 template=loop origin=seed:tests/corpus/runtime/classes-and-objects.test.js
 PASS js-fuzzer-loop-54e460cecf5c.js [2142/10000] status=ok obs=d3d9446802a4 coverage=+0/32/38 time=3ms
  RUN js-fuzzer-corpus-ddcb99247fc8.js [2143/10000] md5=ddcb99247fc847c897b97c6bd6512b9f bytes=217 template=corpus origin=tests/corpus/runtime/closures-mutate-captured-bindings.test.js
 PASS js-fuzzer-corpus-ddcb99247fc8.js [2143/10000] status=ok obs=e4da3b7fbbce coverage=+0/32/38 time=2ms
  RUN js-fuzzer-class-6736c24444bc.js [2144/10000] md5=6736c24444bc6ff151b05a9a974ae4d5 bytes=100 template=class origin=seed:tests/corpus/runtime/closures-read-captured-values.test.js
 PASS js-fuzzer-class-6736c24444bc.js [2144/10000] status=ok obs=45c48cce2e2d coverage=+0/32/38 time=2ms
  RUN js-fuzzer-arithmetic-dad28edbfd8d.js [2145/10000] md5=dad28edbfd8df5af2d2cc1cb5c6ce2de bytes=84 template=arithmetic origin=seed:tests/corpus/runtime/exceptions-and-nullish.test.js
 PASS js-fuzzer-arithmetic-dad28edbfd8d.js [2145/10000] status=ok obs=72b32a1f754b coverage=+0/32/38 time=2ms
  RUN js-fuzzer-function-8a44cf2ceed5.js [2146/10000] md5=8a44cf2ceed595d9f22254a99d394b8c bytes=153 template=function origin=seed:tests/corpus/runtime/functions-closures-and-arrows.test.js
 PASS js-fuzzer-function-8a44cf2ceed5.js [2146/10000] status=ok obs=1ff1de774005 coverage=+0/32/38 time=2ms
  RUN js-fuzzer-array-object-3b2a77d1c693.js [2147/10000] md5=3b2a77d1c693c3d8a35e5d0f994c10a5 bytes=133 template=array-object origin=seed:tests/corpus/runtime/lexical-shadowing.test.js
 PASS js-fuzzer-array-object-3b2a77d1c693.js [2147/10000] status=ok obs=6512bd43d9ca coverage=+0/32/38 time=2ms
  RUN js-fuzzer-closure-38774dcc83b9.js [2148/10000] md5=38774dcc83b922ad124699abbcde192c bytes=183 template=closure origin=seed:tests/corpus/runtime/modules-export.test.js
 PASS js-fuzzer-closure-38774dcc83b9.js [2148/10000] status=ok obs=182be0c5cdcd coverage=+0/32/38 time=1ms
  RUN js-fuzzer-block-scope-81ca0cfe74d9.js [2149/10000] md5=81ca0cfe74d9ffb22aa3c0c8e9d9e407 bytes=115 template=block-scope origin=seed:tests/corpus/runtime/nested-try-finally.test.js
 PASS js-fuzzer-block-scope-81ca0cfe74d9.js [2149/10000] status=ok obs=5f93f983524d coverage=+0/32/38 time=8ms
  RUN js-fuzzer-boundary-4bea2a6e0cb0.js [2150/10000] md5=4bea2a6e0cb0c7bb0b29e5b5d44112d8 bytes=128 template=boundary origin=boundary:9007199254740991
 PASS js-fuzzer-boundary-4bea2a6e0cb0.js [2150/10000] status=ok obs=dc9a0d67a31d coverage=+0/32/38 time=2ms
  RUN js-fuzzer-try-catch-7cb82b9a3fc9.js [2151/10000] md5=7cb82b9a3fc9743b17b967ebeeaab91b bytes=110 template=try-catch origin=seed:tests/corpus/syntax/logical-unary-nullish.test.js
 PASS js-fuzzer-try-catch-7cb82b9a3fc9.js [2151/10000] status=ok obs=b6d767d2f8ed coverage=+0/32/38 time=3ms
  RUN js-fuzzer-corpus-96ebdcb81273.js [2152/10000] md5=96ebdcb81273f0e5e5778a6c70c94988 bytes=171 template=corpus origin=tests/corpus/syntax/object-destructure-and-members.test.js
 PASS js-fuzzer-corpus-96ebdcb81273.js [2152/10000] status=ok obs=bfad8dfa12ed coverage=+0/32/38 time=2ms
  RUN js-fuzzer-arithmetic-06902abda806.js [2153/10000] md5=06902abda806855784b38acaedfb74a4 bytes=84 template=arithmetic origin=seed:tests/corpus/syntax/switch-do-while-sequence.test.js
 PASS js-fuzzer-arithmetic-06902abda806.js [2153/10000] status=ok obs=b73ce398c39f coverage=+0/32/38 time=1ms
  RUN js-fuzzer-function-7078b1558e88.js [2154/10000] md5=7078b1558e88c84f2ce4ff32c844a13e bytes=153 template=function origin=seed:tests/corpus/syntax/template-array-destructure.test.js
 PASS js-fuzzer-function-7078b1558e88.js [2154/10000] status=ok obs=1679091c5a88 coverage=+0/32/38 time=2ms
  RUN js-fuzzer-array-object-5548fc6fd98b.js [2155/10000] md5=5548fc6fd98be7f4259100f03e915e0c bytes=133 template=array-object origin=seed:tests/corpus/syntax/typescript-assertions.test.ts
 PASS js-fuzzer-array-object-5548fc6fd98b.js [2155/10000] status=ok obs=c74d97b01eae coverage=+0/32/38 time=2ms
  RUN js-fuzzer-closure-21beddabec93.js [2156/10000] md5=21beddabec9302170cf9a8410a8f79a0 bytes=183 template=closure origin=seed:tests/corpus/syntax/typescript-non-null-satisfies.test.ts
 PASS js-fuzzer-closure-21beddabec93.js [2156/10000] status=ok obs=9bf31c7ff062 coverage=+0/32/38 time=2ms
  RUN js-fuzzer-boundary-86f8354fc6fd.js [2157/10000] md5=86f8354fc6fd092b05683bbf230dc769 bytes=122 template=boundary origin=boundary:2147483647
 PASS js-fuzzer-boundary-86f8354fc6fd.js [2157/10000] status=ok obs=c588c0a459f4 coverage=+0/32/38 time=2ms
  RUN js-fuzzer-loop-b88258462a8d.js [2158/10000] md5=b88258462a8d880f8b0e459fa23b2536 bytes=81 template=loop origin=seed:tests/corpus/fixtures/state-machine-workflow.test.js
 PASS js-fuzzer-loop-b88258462a8d.js [2158/10000] status=ok obs=3c59dc048e88 coverage=+0/32/38 time=2ms
  RUN js-fuzzer-try-catch-10b006553cce.js [2159/10000] md5=10b006553cced3afac446c8e96bc0d8a bytes=110 template=try-catch origin=seed:tests/corpus/fixtures/vue-script-workflow.test.vue
 PASS js-fuzzer-try-catch-10b006553cce.js [2159/10000] status=ok obs=8e296a067a37 coverage=+0/32/38 time=1ms
  RUN js-fuzzer-class-587587295e00.js [2160/10000] md5=587587295e0075a0a19c4572e53274fe bytes=101 template=class origin=seed:tests/corpus/obfuscation/constant-tag-mix.test.js
 PASS js-fuzzer-class-587587295e00.js [2160/10000] status=ok obs=1f0e3dad9990 coverage=+0/32/38 time=2ms
  RUN js-fuzzer-corpus-fe2d30a6e413.js [2161/10000] md5=fe2d30a6e4139e7a8b52405bed737faa bytes=220 template=corpus origin=tests/corpus/obfuscation/extern-slot-permutation.test.js
 PASS js-fuzzer-corpus-fe2d30a6e413.js [2161/10000] status=ok obs=c34c702d0256 coverage=+0/32/38 time=2ms
  RUN js-fuzzer-function-e38b8374b652.js [2162/10000] md5=e38b8374b65234ab6d6009c7a43720d9 bytes=153 template=function origin=seed:tests/corpus/obfuscation/externs-console.test.js
 PASS js-fuzzer-function-e38b8374b652.js [2162/10000] status=ok obs=1679091c5a88 coverage=+0/32/38 time=2ms
  RUN js-fuzzer-array-object-cb908d6d4b1a.js [2163/10000] md5=cb908d6d4b1a51d771b7c16eb392459c bytes=133 template=array-object origin=seed:tests/corpus/obfuscation/seed-sensitive-functions.test.js
 PASS js-fuzzer-array-object-cb908d6d4b1a.js [2163/10000] status=ok obs=9bf31c7ff062 coverage=+0/32/38 time=2ms
  RUN js-fuzzer-boundary-e33d9dc9cd6c.js [2164/10000] md5=e33d9dc9cd6c84ec6ac6a01d1d18c4f2 bytes=113 template=boundary origin=boundary:2
 PASS js-fuzzer-boundary-e33d9dc9cd6c.js [2164/10000] status=ok obs=c81e728d9d4c coverage=+0/32/38 time=2ms
  RUN js-fuzzer-block-scope-17eb1bee1dd2.js [2165/10000] md5=17eb1bee1dd2edb19a46b1e6ba44a522 bytes=114 template=block-scope origin=seed:tests/corpus/regressions/multiple-functions-fib-add.test.js
 PASS js-fuzzer-block-scope-17eb1bee1dd2.js [2165/10000] status=ok obs=38b3eff8baf5 coverage=+0/32/38 time=1ms
  RUN js-fuzzer-loop-54e460cecf5c.js [2166/10000] md5=54e460cecf5c05dfcffaa3b2e5f57445 bytes=81 template=loop origin=seed:tests/corpus/regressions/scope-compressed-closure-params.test.js
 PASS js-fuzzer-loop-54e460cecf5c.js [2166/10000] status=ok obs=d3d9446802a4 coverage=+0/32/38 time=2ms
  RUN js-fuzzer-try-catch-14bcb064f014.js [2167/10000] md5=14bcb064f014dbe91c2010889dcaa2c0 bytes=110 template=try-catch origin=seed:tests/corpus/runtime/arrays-objects-methods.test.js
 PASS js-fuzzer-try-catch-14bcb064f014.js [2167/10000] status=ok obs=c0c7c76d30bd coverage=+0/32/38 time=1ms
  RUN js-fuzzer-class-d8979b510eb0.js [2168/10000] md5=d8979b510eb085c9e0e846586f80f265 bytes=101 template=class origin=seed:tests/corpus/runtime/block-scopes.test.js
 PASS js-fuzzer-class-d8979b510eb0.js [2168/10000] status=ok obs=c74d97b01eae coverage=+0/32/38 time=2ms
  RUN js-fuzzer-arithmetic-1cfa374260fb.js [2169/10000] md5=1cfa374260fb66c123a39e3562481707 bytes=84 template=arithmetic origin=seed:tests/corpus/runtime/class-fields-static-methods.test.js
 PASS js-fuzzer-arithmetic-1cfa374260fb.js [2169/10000] status=ok obs=03afdbd66e79 coverage=+0/32/38 time=2ms
  RUN js-fuzzer-corpus-663bf83cd082.js [2170/10000] md5=663bf83cd082bd221441dae6bbc85046 bytes=278 template=corpus origin=tests/corpus/runtime/classes-and-objects.test.js
 PASS js-fuzzer-corpus-663bf83cd082.js [2170/10000] status=ok obs=6f4922f45568 coverage=+0/32/38 time=2ms
  RUN js-fuzzer-boundary-3ca041277ff0.js [2171/10000] md5=3ca041277ff0c3edafc1a1dcaf120940 bytes=113 template=boundary origin=boundary:1
 PASS js-fuzzer-boundary-3ca041277ff0.js [2171/10000] status=ok obs=c4ca4238a0b9 coverage=+0/32/38 time=2ms
  RUN js-fuzzer-closure-b9f1298bca55.js [2172/10000] md5=b9f1298bca55575e7ec0ffbaead69334 bytes=184 template=closure origin=seed:tests/corpus/runtime/closures-read-captured-values.test.js
 PASS js-fuzzer-closure-b9f1298bca55.js [2172/10000] status=ok obs=a5bfc9e07964 coverage=+0/32/38 time=1ms
  RUN js-fuzzer-block-scope-816d3eb6ad9f.js [2173/10000] md5=816d3eb6ad9fdc4ff093e4c7f4dd11be bytes=114 template=block-scope origin=seed:tests/corpus/runtime/exceptions-and-nullish.test.js
 PASS js-fuzzer-block-scope-816d3eb6ad9f.js [2173/10000] status=ok obs=f0935e4cd592 coverage=+0/32/38 time=2ms
  RUN js-fuzzer-loop-bbf1d7a15d8d.js [2174/10000] md5=bbf1d7a15d8dd015402d75c0e0108b5f bytes=81 template=loop origin=seed:tests/corpus/runtime/functions-closures-and-arrows.test.js
 PASS js-fuzzer-loop-bbf1d7a15d8d.js [2174/10000] status=ok obs=1679091c5a88 coverage=+0/32/38 time=3ms
  RUN js-fuzzer-try-catch-ecde19ac059d.js [2175/10000] md5=ecde19ac059dab5b524e2da1cfde28b0 bytes=110 template=try-catch origin=seed:tests/corpus/runtime/lexical-shadowing.test.js
 PASS js-fuzzer-try-catch-ecde19ac059d.js [2175/10000] status=ok obs=f457c545a9de coverage=+0/32/38 time=1ms
  RUN js-fuzzer-class-c6bbe0a63455.js [2176/10000] md5=c6bbe0a634559d18fa82cf0c9a421610 bytes=100 template=class origin=seed:tests/corpus/runtime/modules-export.test.js
 PASS js-fuzzer-class-c6bbe0a63455.js [2176/10000] status=ok obs=1679091c5a88 coverage=+0/32/38 time=2ms
  RUN js-fuzzer-arithmetic-40daf070f9ff.js [2177/10000] md5=40daf070f9fffa734b0bc8e15db34e99 bytes=83 template=arithmetic origin=seed:tests/corpus/runtime/nested-try-finally.test.js
 PASS js-fuzzer-arithmetic-40daf070f9ff.js [2177/10000] status=ok obs=093f65e080a2 coverage=+0/32/38 time=2ms
  RUN js-fuzzer-boundary-e62759fbe8d3.js [2178/10000] md5=e62759fbe8d36ad2cfb89a0f8bac18b9 bytes=129 template=boundary origin=boundary:-9007199254740991
 PASS js-fuzzer-boundary-e62759fbe8d3.js [2178/10000] status=ok obs=b3f3a95848f6 coverage=+0/32/38 time=1ms
  RUN js-fuzzer-corpus-279b64032335.js [2179/10000] md5=279b640323351a1b082b98b42d2a2d55 bytes=134 template=corpus origin=tests/corpus/syntax/logical-unary-nullish.test.js
 PASS js-fuzzer-corpus-279b64032335.js [2179/10000] status=ok obs=45c48cce2e2d coverage=+0/32/38 time=2ms
  RUN js-fuzzer-closure-ac1b0be3299a.js [2180/10000] md5=ac1b0be3299a0d78b1150042cdb93d73 bytes=184 template=closure origin=seed:tests/corpus/syntax/object-destructure-and-members.test.js
 PASS js-fuzzer-closure-ac1b0be3299a.js [2180/10000] status=ok obs=17e62166fc85 coverage=+0/32/38 time=1ms
  RUN js-fuzzer-block-scope-5951239be5d3.js [2181/10000] md5=5951239be5d370f7e12ed89cd6c868b1 bytes=114 template=block-scope origin=seed:tests/corpus/syntax/switch-do-while-sequence.test.js
 PASS js-fuzzer-block-scope-5951239be5d3.js [2181/10000] status=ok obs=2723d092b638 coverage=+0/32/38 time=2ms
  RUN js-fuzzer-loop-54e460cecf5c.js [2182/10000] md5=54e460cecf5c05dfcffaa3b2e5f57445 bytes=81 template=loop origin=seed:tests/corpus/syntax/template-array-destructure.test.js
 PASS js-fuzzer-loop-54e460cecf5c.js [2182/10000] status=ok obs=d3d9446802a4 coverage=+0/32/38 time=2ms
  RUN js-fuzzer-try-catch-136d1b3d4ffd.js [2183/10000] md5=136d1b3d4ffdac816022c9faabe622ca bytes=110 template=try-catch origin=seed:tests/corpus/syntax/typescript-assertions.test.ts
 PASS js-fuzzer-try-catch-136d1b3d4ffd.js [2183/10000] status=ok obs=9bf31c7ff062 coverage=+0/32/38 time=2ms
  RUN js-fuzzer-class-d2b3669b495d.js [2184/10000] md5=d2b3669b495dd4792f9e1509f2bbf8a7 bytes=100 template=class origin=seed:tests/corpus/syntax/typescript-non-null-satisfies.test.ts
 PASS js-fuzzer-class-d2b3669b495d.js [2184/10000] status=ok obs=eccbc87e4b5c coverage=+0/32/38 time=2ms
  RUN js-fuzzer-boundary-512d8e9b531d.js [2185/10000] md5=512d8e9b531dd316e823325cc949e70e bytes=123 template=boundary origin=boundary:-2147483648
 PASS js-fuzzer-boundary-512d8e9b531d.js [2185/10000] status=ok obs=034ff5946105 coverage=+0/32/38 time=2ms
  RUN js-fuzzer-function-06471e1fced1.js [2186/10000] md5=06471e1fced163f025e3f67e77c6ce04 bytes=153 template=function origin=seed:tests/corpus/fixtures/state-machine-workflow.test.js
 PASS js-fuzzer-function-06471e1fced1.js [2186/10000] status=ok obs=45c48cce2e2d coverage=+0/32/38 time=2ms
  RUN js-fuzzer-array-object-e4e90f2b015d.js [2187/10000] md5=e4e90f2b015da6984245c3b9f2df391c bytes=133 template=array-object origin=seed:tests/corpus/fixtures/vue-script-workflow.test.vue
 PASS js-fuzzer-array-object-e4e90f2b015d.js [2187/10000] status=ok obs=c20ad4d76fe9 coverage=+0/32/38 time=2ms
  RUN js-fuzzer-corpus-f00ef18b0a17.js [2188/10000] md5=f00ef18b0a172b2a2d9833f5b7fe94e2 bytes=199 template=corpus origin=tests/corpus/obfuscation/constant-tag-mix.test.js
 PASS js-fuzzer-corpus-f00ef18b0a17.js [2188/10000] status=ok obs=e86823f38986 coverage=+0/32/38 time=2ms
  RUN js-fuzzer-block-scope-37f71b65fb23.js [2189/10000] md5=37f71b65fb23cedffe5906d14cbefdd7 bytes=114 template=block-scope origin=seed:tests/corpus/obfuscation/extern-slot-permutation.test.js
 PASS js-fuzzer-block-scope-37f71b65fb23.js [2189/10000] status=ok obs=2723d092b638 coverage=+0/32/38 time=1ms
  RUN js-fuzzer-loop-55c7c905bffb.js [2190/10000] md5=55c7c905bffb4bbbc4c8fb9b91df6ad8 bytes=81 template=loop origin=seed:tests/corpus/obfuscation/externs-console.test.js
 PASS js-fuzzer-loop-55c7c905bffb.js [2190/10000] status=ok obs=eccbc87e4b5c coverage=+0/32/38 time=2ms
  RUN js-fuzzer-try-catch-14bcb064f014.js [2191/10000] md5=14bcb064f014dbe91c2010889dcaa2c0 bytes=110 template=try-catch origin=seed:tests/corpus/obfuscation/seed-sensitive-functions.test.js
 PASS js-fuzzer-try-catch-14bcb064f014.js [2191/10000] status=ok obs=c0c7c76d30bd coverage=+0/32/38 time=2ms
  RUN js-fuzzer-boundary-6d89c3a838ae.js [2192/10000] md5=6d89c3a838ae354bda64ec37ec2b63b1 bytes=114 template=boundary origin=boundary:-2
 PASS js-fuzzer-boundary-6d89c3a838ae.js [2192/10000] status=ok obs=5d7b9adcbe1c coverage=+0/32/38 time=3ms
  RUN js-fuzzer-arithmetic-eb801b4c6e4f.js [2193/10000] md5=eb801b4c6e4ff528233cdfca7969b3c7 bytes=84 template=arithmetic origin=seed:tests/corpus/regressions/multiple-functions-fib-add.test.js
 PASS js-fuzzer-arithmetic-eb801b4c6e4f.js [2193/10000] status=ok obs=45fbc6d3e05e coverage=+0/32/38 time=2ms
  RUN js-fuzzer-function-8384e80192dc.js [2194/10000] md5=8384e80192dc0232cf5e505b2f7d5501 bytes=153 template=function origin=seed:tests/corpus/regressions/scope-compressed-closure-params.test.js
 PASS js-fuzzer-function-8384e80192dc.js [2194/10000] status=ok obs=e4da3b7fbbce coverage=+0/32/38 time=1ms
  RUN js-fuzzer-array-object-1a39fb1703bf.js [2195/10000] md5=1a39fb1703bf2a8ee5f4e9eb15cb84f9 bytes=133 template=array-object origin=seed:tests/corpus/runtime/arrays-objects-methods.test.js
 PASS js-fuzzer-array-object-1a39fb1703bf.js [2195/10000] status=ok obs=9bf31c7ff062 coverage=+0/32/38 time=2ms
  RUN js-fuzzer-closure-190622f1b8fa.js [2196/10000] md5=190622f1b8fa9e7991a5d869a6c78ee0 bytes=185 template=closure origin=seed:tests/corpus/runtime/block-scopes.test.js
 PASS js-fuzzer-closure-190622f1b8fa.js [2196/10000] status=ok obs=14bfa6bb1487 coverage=+0/32/38 time=2ms
  RUN js-fuzzer-corpus-a64e83c2f849.js [2197/10000] md5=a64e83c2f84925dca8985eabe963ee21 bytes=179 template=corpus origin=tests/corpus/runtime/class-fields-static-methods.test.js
 PASS js-fuzzer-corpus-a64e83c2f849.js [2197/10000] status=ok obs=8f14e45fceea coverage=+0/32/38 time=2ms
  RUN js-fuzzer-loop-54e460cecf5c.js [2198/10000] md5=54e460cecf5c05dfcffaa3b2e5f57445 bytes=81 template=loop origin=seed:tests/corpus/runtime/classes-and-objects.test.js
 PASS js-fuzzer-loop-54e460cecf5c.js [2198/10000] status=ok obs=d3d9446802a4 coverage=+0/32/38 time=1ms
  RUN js-fuzzer-boundary-7f379f781f4f.js [2199/10000] md5=7f379f781f4f9844733fb0f4c5d8aa15 bytes=114 template=boundary origin=boundary:-1
 PASS js-fuzzer-boundary-7f379f781f4f.js [2199/10000] status=ok obs=6bb61e3b7bce coverage=+0/32/38 time=2ms
  RUN js-fuzzer-class-ff7d9ca3da86.js [2200/10000] md5=ff7d9ca3da86b49917ac34b4d48e8df9 bytes=101 template=class origin=seed:tests/corpus/runtime/closures-read-captured-values.test.js
 PASS js-fuzzer-class-ff7d9ca3da86.js [2200/10000] status=ok obs=c20ad4d76fe9 coverage=+0/32/38 time=2ms
  RUN js-fuzzer-arithmetic-442fde502a89.js [2201/10000] md5=442fde502a899a4369e7ee88162e7f7e bytes=84 template=arithmetic origin=seed:tests/corpus/runtime/exceptions-and-nullish.test.js
 PASS js-fuzzer-arithmetic-442fde502a89.js [2201/10000] status=ok obs=35f4a8d465e6 coverage=+0/32/38 time=2ms
  RUN js-fuzzer-function-8a44cf2ceed5.js [2202/10000] md5=8a44cf2ceed595d9f22254a99d394b8c bytes=153 template=function origin=seed:tests/corpus/runtime/functions-closures-and-arrows.test.js
 PASS js-fuzzer-function-8a44cf2ceed5.js [2202/10000] status=ok obs=1ff1de774005 coverage=+0/32/38 time=3ms
  RUN js-fuzzer-array-object-af8301d2f397.js [2203/10000] md5=af8301d2f397ffaf959161e1d7e3643e bytes=133 template=array-object origin=seed:tests/corpus/runtime/lexical-shadowing.test.js
 PASS js-fuzzer-array-object-af8301d2f397.js [2203/10000] status=ok obs=c9f0f895fb98 coverage=+0/32/38 time=1ms
  RUN js-fuzzer-closure-fc6967720cd5.js [2204/10000] md5=fc6967720cd5a97a9e10edb29c0c5f64 bytes=184 template=closure origin=seed:tests/corpus/runtime/modules-export.test.js
 PASS js-fuzzer-closure-fc6967720cd5.js [2204/10000] status=ok obs=c16a5320fa47 coverage=+0/32/38 time=2ms
  RUN js-fuzzer-block-scope-37f71b65fb23.js [2205/10000] md5=37f71b65fb23cedffe5906d14cbefdd7 bytes=114 template=block-scope origin=seed:tests/corpus/runtime/nested-try-finally.test.js
 PASS js-fuzzer-block-scope-37f71b65fb23.js [2205/10000] status=ok obs=2723d092b638 coverage=+0/32/38 time=2ms
  RUN js-fuzzer-corpus-89e900fcb72f.js [2206/10000] md5=89e900fcb72ff838bfe9a13ae091363f bytes=228 template=corpus origin=tests/corpus/syntax/control-flow-and-operators.test.js
 PASS js-fuzzer-corpus-89e900fcb72f.js [2206/10000] status=ok obs=aab3238922bc coverage=+0/32/38 time=2ms
  RUN js-fuzzer-try-catch-a173285175b8.js [2207/10000] md5=a173285175b813cddca62eb427efafd5 bytes=110 template=try-catch origin=seed:tests/corpus/syntax/logical-unary-nullish.test.js
 PASS js-fuzzer-try-catch-a173285175b8.js [2207/10000] status=ok obs=9a1158154dfa coverage=+0/32/38 time=4ms
  RUN js-fuzzer-class-f454a055ed5d.js [2208/10000] md5=f454a055ed5dc800cb1ab66abc7a01de bytes=100 template=class origin=seed:tests/corpus/syntax/object-destructure-and-members.test.js
 PASS js-fuzzer-class-f454a055ed5d.js [2208/10000] status=ok obs=a87ff679a2f3 coverage=+0/32/38 time=3ms
  RUN js-fuzzer-arithmetic-b0201a689fb4.js [2209/10000] md5=b0201a689fb453035106a75c72752c6e bytes=85 template=arithmetic origin=seed:tests/corpus/syntax/switch-do-while-sequence.test.js
 PASS js-fuzzer-arithmetic-b0201a689fb4.js [2209/10000] status=ok obs=6364d3f0f495 coverage=+0/32/38 time=5ms
  RUN js-fuzzer-function-88a1a2ce9ecc.js [2210/10000] md5=88a1a2ce9eccc8d7f1092c43da9e0b1f bytes=153 template=function origin=seed:tests/corpus/syntax/template-array-destructure.test.js
 PASS js-fuzzer-function-88a1a2ce9ecc.js [2210/10000] status=ok obs=45c48cce2e2d coverage=+0/32/38 time=3ms
  RUN js-fuzzer-array-object-d5319b3d38f1.js [2211/10000] md5=d5319b3d38f1e533328fa627a1a6f0ac bytes=133 template=array-object origin=seed:tests/corpus/syntax/typescript-assertions.test.ts
 PASS js-fuzzer-array-object-d5319b3d38f1.js [2211/10000] status=ok obs=c20ad4d76fe9 coverage=+0/32/38 time=3ms
  RUN js-fuzzer-closure-02734c80d55c.js [2212/10000] md5=02734c80d55cf06c00f55bb26992c800 bytes=184 template=closure origin=seed:tests/corpus/syntax/typescript-non-null-satisfies.test.ts
 PASS js-fuzzer-closure-02734c80d55c.js [2212/10000] status=ok obs=2838023a778d coverage=+0/32/38 time=4ms
  RUN js-fuzzer-boundary-83aee5cf07de.js [2213/10000] md5=83aee5cf07deb9d5ce59aec8aff7a227 bytes=128 template=boundary origin=boundary:9007199254740991
 PASS js-fuzzer-boundary-83aee5cf07de.js [2213/10000] status=ok obs=8bfa9ad090fb coverage=+0/32/38 time=2ms
  RUN js-fuzzer-loop-55c7c905bffb.js [2214/10000] md5=55c7c905bffb4bbbc4c8fb9b91df6ad8 bytes=81 template=loop origin=seed:tests/corpus/fixtures/state-machine-workflow.test.js
 PASS js-fuzzer-loop-55c7c905bffb.js [2214/10000] status=ok obs=eccbc87e4b5c coverage=+0/32/38 time=2ms
  RUN js-fuzzer-corpus-f722388c7961.js [2215/10000] md5=f722388c7961d2a0288508c35f28a5f8 bytes=96 template=corpus origin=tests/corpus/fixtures/vue-script-workflow.test.vue
 PASS js-fuzzer-corpus-f722388c7961.js [2215/10000] status=ok obs=6512bd43d9ca coverage=+0/32/38 time=1ms
  RUN js-fuzzer-class-a365d1a76b7b.js [2216/10000] md5=a365d1a76b7b0d4310621afa7caac433 bytes=100 template=class origin=seed:tests/corpus/obfuscation/constant-tag-mix.test.js
 PASS js-fuzzer-class-a365d1a76b7b.js [2216/10000] status=ok obs=8f14e45fceea coverage=+0/32/38 time=1ms
  RUN js-fuzzer-arithmetic-4722181fd9d2.js [2217/10000] md5=4722181fd9d21905a58475ec224a8512 bytes=84 template=arithmetic origin=seed:tests/corpus/obfuscation/extern-slot-permutation.test.js
 PASS js-fuzzer-arithmetic-4722181fd9d2.js [2217/10000] status=ok obs=f7177163c833 coverage=+0/32/38 time=2ms
  RUN js-fuzzer-function-59a47c73ec30.js [2218/10000] md5=59a47c73ec3039d5b72e8af0d1e410de bytes=153 template=function origin=seed:tests/corpus/obfuscation/externs-console.test.js
 PASS js-fuzzer-function-59a47c73ec30.js [2218/10000] status=ok obs=8f14e45fceea coverage=+0/32/38 time=2ms
  RUN js-fuzzer-array-object-814e0e73b4e9.js [2219/10000] md5=814e0e73b4e94aba7aab19c90326d05e bytes=133 template=array-object origin=seed:tests/corpus/obfuscation/seed-sensitive-functions.test.js
 PASS js-fuzzer-array-object-814e0e73b4e9.js [2219/10000] status=ok obs=70efdf2ec9b0 coverage=+0/32/38 time=3ms
  RUN js-fuzzer-boundary-ac080ee0add8.js [2220/10000] md5=ac080ee0add8a3967f40d078a13e076b bytes=122 template=boundary origin=boundary:2147483647
 PASS js-fuzzer-boundary-ac080ee0add8.js [2220/10000] status=ok obs=c588c0a459f4 coverage=+0/32/38 time=2ms
  RUN js-fuzzer-block-scope-c0d3e0044de4.js [2221/10000] md5=c0d3e0044de4095924c3679950dbac2a bytes=114 template=block-scope origin=seed:tests/corpus/regressions/multiple-functions-fib-add.test.js
 PASS js-fuzzer-block-scope-c0d3e0044de4.js [2221/10000] status=ok obs=ec8956637a99 coverage=+0/32/38 time=2ms
  RUN js-fuzzer-loop-55c7c905bffb.js [2222/10000] md5=55c7c905bffb4bbbc4c8fb9b91df6ad8 bytes=81 template=loop origin=seed:tests/corpus/regressions/scope-compressed-closure-params.test.js
 PASS js-fuzzer-loop-55c7c905bffb.js [2222/10000] status=ok obs=eccbc87e4b5c coverage=+0/32/38 time=2ms
  RUN js-fuzzer-try-catch-8eb6765f66fd.js [2223/10000] md5=8eb6765f66fd409e223a9383e9857a4c bytes=109 template=try-catch origin=seed:tests/corpus/runtime/arrays-objects-methods.test.js
 PASS js-fuzzer-try-catch-8eb6765f66fd.js [2223/10000] status=ok obs=6512bd43d9ca coverage=+0/32/38 time=1ms
  RUN js-fuzzer-corpus-8b78ba7912c5.js [2224/10000] md5=8b78ba7912c51f6cf304b65c6ebdb2e3 bytes=289 template=corpus origin=tests/corpus/runtime/block-scopes.test.js
 PASS js-fuzzer-corpus-8b78ba7912c5.js [2224/10000] status=ok obs=37693cfc7480 coverage=+0/32/38 time=2ms
  RUN js-fuzzer-arithmetic-a3599d62a5eb.js [2225/10000] md5=a3599d62a5ebd8e580c76b9efb916967 bytes=84 template=arithmetic origin=seed:tests/corpus/runtime/class-fields-static-methods.test.js
 PASS js-fuzzer-arithmetic-a3599d62a5eb.js [2225/10000] status=ok obs=bd4c9ab730f5 coverage=+0/32/38 time=2ms
  RUN js-fuzzer-function-79bb4335938d.js [2226/10000] md5=79bb4335938d82d557d11e6633b235d0 bytes=153 template=function origin=seed:tests/corpus/runtime/classes-and-objects.test.js
 PASS js-fuzzer-function-79bb4335938d.js [2226/10000] status=ok obs=6512bd43d9ca coverage=+0/32/38 time=2ms
  RUN js-fuzzer-boundary-14a05a816d97.js [2227/10000] md5=14a05a816d975afa7654eb06610350d0 bytes=113 template=boundary origin=boundary:2
 PASS js-fuzzer-boundary-14a05a816d97.js [2227/10000] status=ok obs=c81e728d9d4c coverage=+0/32/38 time=1ms
  RUN js-fuzzer-closure-7273c0c143f6.js [2228/10000] md5=7273c0c143f642649555430f2ef2928d bytes=184 template=closure origin=seed:tests/corpus/runtime/closures-read-captured-values.test.js
 PASS js-fuzzer-closure-7273c0c143f6.js [2228/10000] status=ok obs=d1fe173d08e9 coverage=+0/32/38 time=3ms
  RUN js-fuzzer-block-scope-8b79233a7c16.js [2229/10000] md5=8b79233a7c166fb0d6cb362ea16c5af0 bytes=114 template=block-scope origin=seed:tests/corpus/runtime/exceptions-and-nullish.test.js
 PASS js-fuzzer-block-scope-8b79233a7c16.js [2229/10000] status=ok obs=2723d092b638 coverage=+0/32/38 time=2ms
  RUN js-fuzzer-loop-54e460cecf5c.js [2230/10000] md5=54e460cecf5c05dfcffaa3b2e5f57445 bytes=81 template=loop origin=seed:tests/corpus/runtime/functions-closures-and-arrows.test.js
 PASS js-fuzzer-loop-54e460cecf5c.js [2230/10000] status=ok obs=d3d9446802a4 coverage=+0/32/38 time=3ms
  RUN js-fuzzer-try-catch-ecde19ac059d.js [2231/10000] md5=ecde19ac059dab5b524e2da1cfde28b0 bytes=110 template=try-catch origin=seed:tests/corpus/runtime/lexical-shadowing.test.js
 PASS js-fuzzer-try-catch-ecde19ac059d.js [2231/10000] status=ok obs=f457c545a9de coverage=+0/32/38 time=1ms
  RUN js-fuzzer-class-47fbd3db5853.js [2232/10000] md5=47fbd3db58539fc2e42627a4f3168c79 bytes=101 template=class origin=seed:tests/corpus/runtime/modules-export.test.js
 PASS js-fuzzer-class-47fbd3db5853.js [2232/10000] status=ok obs=98f137082101 coverage=+0/32/38 time=2ms
  RUN js-fuzzer-corpus-c557f8da2a9d.js [2233/10000] md5=c557f8da2a9d2904c70dca50c3eeb50e bytes=191 template=corpus origin=tests/corpus/runtime/nested-try-finally.test.js
 PASS js-fuzzer-corpus-c557f8da2a9d.js [2233/10000] status=ok obs=8f14e45fceea coverage=+0/32/38 time=2ms
  RUN js-fuzzer-boundary-ccde2dac26f6.js [2234/10000] md5=ccde2dac26f6d3fd46c3698825685fe3 bytes=113 template=boundary origin=boundary:1
 PASS js-fuzzer-boundary-ccde2dac26f6.js [2234/10000] status=ok obs=c4ca4238a0b9 coverage=+0/32/38 time=1ms
  RUN js-fuzzer-array-object-60677e15ba83.js [2235/10000] md5=60677e15ba83bc851d8d7f6d3d3f45d5 bytes=133 template=array-object origin=seed:tests/corpus/syntax/logical-unary-nullish.test.js
 PASS js-fuzzer-array-object-60677e15ba83.js [2235/10000] status=ok obs=6512bd43d9ca coverage=+0/32/38 time=2ms
  RUN js-fuzzer-closure-27591241eba9.js [2236/10000] md5=27591241eba978d29c9543bc2f2d353b bytes=184 template=closure origin=seed:tests/corpus/syntax/object-destructure-and-members.test.js
 PASS js-fuzzer-closure-27591241eba9.js [2236/10000] status=ok obs=1c383cd30b7c coverage=+0/32/38 time=4ms
  RUN js-fuzzer-block-scope-17eb1bee1dd2.js [2237/10000] md5=17eb1bee1dd2edb19a46b1e6ba44a522 bytes=114 template=block-scope origin=seed:tests/corpus/syntax/switch-do-while-sequence.test.js
 PASS js-fuzzer-block-scope-17eb1bee1dd2.js [2237/10000] status=ok obs=38b3eff8baf5 coverage=+0/32/38 time=2ms
  RUN js-fuzzer-loop-54e460cecf5c.js [2238/10000] md5=54e460cecf5c05dfcffaa3b2e5f57445 bytes=81 template=loop origin=seed:tests/corpus/syntax/template-array-destructure.test.js
 PASS js-fuzzer-loop-54e460cecf5c.js [2238/10000] status=ok obs=d3d9446802a4 coverage=+0/32/38 time=2ms
  RUN js-fuzzer-try-catch-f457fe0c144d.js [2239/10000] md5=f457fe0c144d86e31ce7ae86f7f5c357 bytes=110 template=try-catch origin=seed:tests/corpus/syntax/typescript-assertions.test.ts
 PASS js-fuzzer-try-catch-f457fe0c144d.js [2239/10000] status=ok obs=67c6a1e7ce56 coverage=+0/32/38 time=2ms
  RUN js-fuzzer-class-b901915e3eda.js [2240/10000] md5=b901915e3eda1a96f77dcec9fff681b5 bytes=100 template=class origin=seed:tests/corpus/syntax/typescript-non-null-satisfies.test.ts
 PASS js-fuzzer-class-b901915e3eda.js [2240/10000] status=ok obs=c81e728d9d4c coverage=+0/32/38 time=1ms
  RUN js-fuzzer-boundary-37492c99ff33.js [2241/10000] md5=37492c99ff33e9d5e09e0b8e84ba785a bytes=129 template=boundary origin=boundary:-9007199254740991
 PASS js-fuzzer-boundary-37492c99ff33.js [2241/10000] status=ok obs=b3f3a95848f6 coverage=+0/32/38 time=2ms
  RUN js-fuzzer-corpus-ab8ca4f8757c.js [2242/10000] md5=ab8ca4f8757c6165b29cd6a662edad93 bytes=450 template=corpus origin=tests/corpus/fixtures/state-machine-workflow.test.js
 PASS js-fuzzer-corpus-ab8ca4f8757c.js [2242/10000] status=ok obs=b9f49c580664 coverage=+0/32/38 time=2ms
  RUN js-fuzzer-array-object-7a155c967f39.js [2243/10000] md5=7a155c967f39745fc0c2592e2f709eec bytes=133 template=array-object origin=seed:tests/corpus/fixtures/vue-script-workflow.test.vue
 PASS js-fuzzer-array-object-7a155c967f39.js [2243/10000] status=ok obs=aab3238922bc coverage=+0/32/38 time=2ms
  RUN js-fuzzer-closure-0433f215e162.js [2244/10000] md5=0433f215e1625ddace637edd9786774b bytes=185 template=closure origin=seed:tests/corpus/obfuscation/constant-tag-mix.test.js
 PASS js-fuzzer-closure-0433f215e162.js [2244/10000] status=ok obs=6c8349cc7260 coverage=+0/32/38 time=2ms
  RUN js-fuzzer-block-scope-94e52644855f.js [2245/10000] md5=94e52644855fafeeb23684aa653d5db5 bytes=114 template=block-scope origin=seed:tests/corpus/obfuscation/extern-slot-permutation.test.js
 PASS js-fuzzer-block-scope-94e52644855f.js [2245/10000] status=ok obs=2723d092b638 coverage=+0/32/38 time=2ms
  RUN js-fuzzer-loop-d35707ad0bf7.js [2246/10000] md5=d35707ad0bf74148f671ad8943998af6 bytes=81 template=loop origin=seed:tests/corpus/obfuscation/externs-console.test.js
 PASS js-fuzzer-loop-d35707ad0bf7.js [2246/10000] status=ok obs=9bf31c7ff062 coverage=+0/32/38 time=2ms
  RUN js-fuzzer-try-catch-70fffa3518b3.js [2247/10000] md5=70fffa3518b3cd8f92c92fd09e60ecbc bytes=110 template=try-catch origin=seed:tests/corpus/obfuscation/seed-sensitive-functions.test.js
 PASS js-fuzzer-try-catch-70fffa3518b3.js [2247/10000] status=ok obs=a5bfc9e07964 coverage=+0/32/38 time=8ms
  RUN js-fuzzer-boundary-205872a6e44c.js [2248/10000] md5=205872a6e44c1ea0cf94554af934fb09 bytes=123 template=boundary origin=boundary:-2147483648
 PASS js-fuzzer-boundary-205872a6e44c.js [2248/10000] status=ok obs=034ff5946105 coverage=+0/32/38 time=5ms
  RUN js-fuzzer-arithmetic-860a6dbc2dbe.js [2249/10000] md5=860a6dbc2dbe6d34726a1d450ade818a bytes=83 template=arithmetic origin=seed:tests/corpus/regressions/multiple-functions-fib-add.test.js
 PASS js-fuzzer-arithmetic-860a6dbc2dbe.js [2249/10000] status=ok obs=9bf31c7ff062 coverage=+0/32/38 time=4ms
  RUN js-fuzzer-function-9a24649f1cae.js [2250/10000] md5=9a24649f1caec2a9716934902cbac103 bytes=153 template=function origin=seed:tests/corpus/regressions/scope-compressed-closure-params.test.js
 PASS js-fuzzer-function-9a24649f1cae.js [2250/10000] status=ok obs=9bf31c7ff062 coverage=+0/32/38 time=3ms
  RUN js-fuzzer-corpus-a07012429fce.js [2251/10000] md5=a07012429fce4b4d7c8af42f445f70b9 bytes=163 template=corpus origin=tests/corpus/runtime/arrays-objects-methods.test.js
 PASS js-fuzzer-corpus-a07012429fce.js [2251/10000] status=ok obs=c51ce410c124 coverage=+0/32/38 time=2ms
  RUN js-fuzzer-closure-a0412f0b1aaa.js [2252/10000] md5=a0412f0b1aaab85bfdac366750d26be9 bytes=184 template=closure origin=seed:tests/corpus/runtime/block-scopes.test.js
 PASS js-fuzzer-closure-a0412f0b1aaa.js [2252/10000] status=ok obs=67c6a1e7ce56 coverage=+0/32/38 time=2ms
  RUN js-fuzzer-block-scope-2cb2723f44be.js [2253/10000] md5=2cb2723f44be25f61e9dce7dd06b7265 bytes=114 template=block-scope origin=seed:tests/corpus/runtime/class-fields-static-methods.test.js
 PASS js-fuzzer-block-scope-2cb2723f44be.js [2253/10000] status=ok obs=f0935e4cd592 coverage=+0/32/38 time=2ms
  RUN js-fuzzer-loop-55c7c905bffb.js [2254/10000] md5=55c7c905bffb4bbbc4c8fb9b91df6ad8 bytes=81 template=loop origin=seed:tests/corpus/runtime/classes-and-objects.test.js
 PASS js-fuzzer-loop-55c7c905bffb.js [2254/10000] status=ok obs=eccbc87e4b5c coverage=+0/32/38 time=2ms
  RUN js-fuzzer-boundary-4ae25cb2e150.js [2255/10000] md5=4ae25cb2e15083bfca9f6b81b3f9f24b bytes=114 template=boundary origin=boundary:-2
 PASS js-fuzzer-boundary-4ae25cb2e150.js [2255/10000] status=ok obs=5d7b9adcbe1c coverage=+0/32/38 time=2ms
  RUN js-fuzzer-class-f454a055ed5d.js [2256/10000] md5=f454a055ed5dc800cb1ab66abc7a01de bytes=100 template=class origin=seed:tests/corpus/runtime/closures-read-captured-values.test.js
 PASS js-fuzzer-class-f454a055ed5d.js [2256/10000] status=ok obs=a87ff679a2f3 coverage=+0/32/38 time=2ms
  RUN js-fuzzer-arithmetic-2c55ca13f9cd.js [2257/10000] md5=2c55ca13f9cdf8ab3a6f97297e9e6a60 bytes=85 template=arithmetic origin=seed:tests/corpus/runtime/exceptions-and-nullish.test.js
 PASS js-fuzzer-arithmetic-2c55ca13f9cd.js [2257/10000] status=ok obs=ef0d3930a7b6 coverage=+0/32/38 time=2ms
  RUN js-fuzzer-function-66ad482026b9.js [2258/10000] md5=66ad482026b9df67ec5d25c1cce4c653 bytes=153 template=function origin=seed:tests/corpus/runtime/functions-closures-and-arrows.test.js
 PASS js-fuzzer-function-66ad482026b9.js [2258/10000] status=ok obs=6512bd43d9ca coverage=+0/32/38 time=2ms
  RUN js-fuzzer-array-object-a2bb297739b4.js [2259/10000] md5=a2bb297739b4b753d38844c11ab48034 bytes=133 template=array-object origin=seed:tests/corpus/runtime/lexical-shadowing.test.js
 PASS js-fuzzer-array-object-a2bb297739b4.js [2259/10000] status=ok obs=c51ce410c124 coverage=+0/32/38 time=2ms
  RUN js-fuzzer-corpus-4131d841163b.js [2260/10000] md5=4131d841163b79e192bca9d4fc683c54 bytes=58 template=corpus origin=tests/corpus/runtime/modules-export.test.js
 PASS js-fuzzer-corpus-4131d841163b.js [2260/10000] status=ok obs=8f14e45fceea coverage=+0/32/38 time=1ms
  RUN js-fuzzer-block-scope-16ac37f9479a.js [2261/10000] md5=16ac37f9479a83404389f15ef4293fd8 bytes=114 template=block-scope origin=seed:tests/corpus/runtime/nested-try-finally.test.js
 PASS js-fuzzer-block-scope-16ac37f9479a.js [2261/10000] status=ok obs=f0935e4cd592 coverage=+0/32/38 time=2ms
  RUN js-fuzzer-boundary-61a9a82f5f08.js [2262/10000] md5=61a9a82f5f08bc177f13c805ba785d7d bytes=114 template=boundary origin=boundary:-1
 PASS js-fuzzer-boundary-61a9a82f5f08.js [2262/10000] status=ok obs=6bb61e3b7bce coverage=+0/32/38 time=1ms
  RUN js-fuzzer-try-catch-10b006553cce.js [2263/10000] md5=10b006553cced3afac446c8e96bc0d8a bytes=110 template=try-catch origin=seed:tests/corpus/syntax/logical-unary-nullish.test.js
 PASS js-fuzzer-try-catch-10b006553cce.js [2263/10000] status=ok obs=8e296a067a37 coverage=+0/32/38 time=2ms
  RUN js-fuzzer-class-a9875f561daf.js [2264/10000] md5=a9875f561daf181d949c68fc070db0e0 bytes=101 template=class origin=seed:tests/corpus/syntax/object-destructure-and-members.test.js
 PASS js-fuzzer-class-a9875f561daf.js [2264/10000] status=ok obs=aab3238922bc coverage=+0/32/38 time=2ms
  RUN js-fuzzer-arithmetic-e5205e371878.js [2265/10000] md5=e5205e3718789515573394ac9b00756d bytes=84 template=arithmetic origin=seed:tests/corpus/syntax/switch-do-while-sequence.test.js
 PASS js-fuzzer-arithmetic-e5205e371878.js [2265/10000] status=ok obs=f4b9ec30ad9f coverage=+0/32/38 time=3ms
  RUN js-fuzzer-function-3c5d7cd75696.js [2266/10000] md5=3c5d7cd75696cd405bd2fe4a10121d7f bytes=153 template=function origin=seed:tests/corpus/syntax/template-array-destructure.test.js
 PASS js-fuzzer-function-3c5d7cd75696.js [2266/10000] status=ok obs=c20ad4d76fe9 coverage=+0/32/38 time=3ms
  RUN js-fuzzer-array-object-7fcfdbafc8e6.js [2267/10000] md5=7fcfdbafc8e64f18b6eb47187353acce bytes=133 template=array-object origin=seed:tests/corpus/syntax/typescript-assertions.test.ts
 PASS js-fuzzer-array-object-7fcfdbafc8e6.js [2267/10000] status=ok obs=45c48cce2e2d coverage=+0/32/38 time=1ms
  RUN js-fuzzer-closure-4c1a855941d6.js [2268/10000] md5=4c1a855941d65d0a24bdb3da0b49fd65 bytes=185 template=closure origin=seed:tests/corpus/syntax/typescript-non-null-satisfies.test.ts
 PASS js-fuzzer-closure-4c1a855941d6.js [2268/10000] status=ok obs=17e62166fc85 coverage=+0/32/38 time=2ms
  RUN js-fuzzer-corpus-797f152bf878.js [2269/10000] md5=797f152bf878d5049066c6db6d2360b3 bytes=355 template=corpus origin=tests/corpus/fixtures/job-workflow.test.js
 PASS js-fuzzer-corpus-797f152bf878.js [2269/10000] status=ok obs=b9de0628c8ec coverage=+0/32/38 time=2ms
  RUN js-fuzzer-loop-f495ca2fc638.js [2270/10000] md5=f495ca2fc6389f933578fc501f5b1465 bytes=81 template=loop origin=seed:tests/corpus/fixtures/state-machine-workflow.test.js
 PASS js-fuzzer-loop-f495ca2fc638.js [2270/10000] status=ok obs=c4ca4238a0b9 coverage=+0/32/38 time=2ms
  RUN js-fuzzer-try-catch-ee30a401530f.js [2271/10000] md5=ee30a401530f819cbc5581e8feb5d305 bytes=110 template=try-catch origin=seed:tests/corpus/fixtures/vue-script-workflow.test.vue
 PASS js-fuzzer-try-catch-ee30a401530f.js [2271/10000] status=ok obs=182be0c5cdcd coverage=+0/32/38 time=2ms
  RUN js-fuzzer-class-a365d1a76b7b.js [2272/10000] md5=a365d1a76b7b0d4310621afa7caac433 bytes=100 template=class origin=seed:tests/corpus/obfuscation/constant-tag-mix.test.js
 PASS js-fuzzer-class-a365d1a76b7b.js [2272/10000] status=ok obs=8f14e45fceea coverage=+0/32/38 time=3ms
  RUN js-fuzzer-arithmetic-6068c1faf1dc.js [2273/10000] md5=6068c1faf1dcb240534f2965127e8787 bytes=85 template=arithmetic origin=seed:tests/corpus/obfuscation/extern-slot-permutation.test.js
 PASS js-fuzzer-arithmetic-6068c1faf1dc.js [2273/10000] status=ok obs=cfa0860e83a4 coverage=+0/32/38 time=2ms
  RUN js-fuzzer-function-e38b8374b652.js [2274/10000] md5=e38b8374b65234ab6d6009c7a43720d9 bytes=153 template=function origin=seed:tests/corpus/obfuscation/externs-console.test.js
 PASS js-fuzzer-function-e38b8374b652.js [2274/10000] status=ok obs=1679091c5a88 coverage=+0/32/38 time=2ms
  RUN js-fuzzer-array-object-f5de7f459a31.js [2275/10000] md5=f5de7f459a3136ebe99dd62d3e9524ec bytes=133 template=array-object origin=seed:tests/corpus/obfuscation/seed-sensitive-functions.test.js
 PASS js-fuzzer-array-object-f5de7f459a31.js [2275/10000] status=ok obs=aab3238922bc coverage=+0/32/38 time=2ms
  RUN js-fuzzer-boundary-4bea2a6e0cb0.js [2276/10000] md5=4bea2a6e0cb0c7bb0b29e5b5d44112d8 bytes=128 template=boundary origin=boundary:9007199254740991
 PASS js-fuzzer-boundary-4bea2a6e0cb0.js [2276/10000] status=ok obs=dc9a0d67a31d coverage=+0/32/38 time=2ms
  RUN js-fuzzer-block-scope-92fded31019c.js [2277/10000] md5=92fded31019c366b63c0d84345739f9a bytes=114 template=block-scope origin=seed:tests/corpus/regressions/multiple-functions-fib-add.test.js
 PASS js-fuzzer-block-scope-92fded31019c.js [2277/10000] status=ok obs=65b9eea6e1cc coverage=+0/32/38 time=1ms
  RUN js-fuzzer-corpus-c28cfb056309.js [2278/10000] md5=c28cfb056309f2a77f8bd9756b123c54 bytes=147 template=corpus origin=tests/corpus/regressions/scope-compressed-closure-params.test.js
 PASS js-fuzzer-corpus-c28cfb056309.js [2278/10000] status=ok obs=c51ce410c124 coverage=+0/32/38 time=2ms
  RUN js-fuzzer-try-catch-56393ff77182.js [2279/10000] md5=56393ff771824d567a8911f280bf7f9d bytes=110 template=try-catch origin=seed:tests/corpus/runtime/arrays-objects-methods.test.js
 PASS js-fuzzer-try-catch-56393ff77182.js [2279/10000] status=ok obs=4e732ced3463 coverage=+0/32/38 time=3ms
  RUN js-fuzzer-class-c6bbe0a63455.js [2280/10000] md5=c6bbe0a634559d18fa82cf0c9a421610 bytes=100 template=class origin=seed:tests/corpus/runtime/block-scopes.test.js
 PASS js-fuzzer-class-c6bbe0a63455.js [2280/10000] status=ok obs=1679091c5a88 coverage=+0/32/38 time=3ms
  RUN js-fuzzer-arithmetic-16d32302effa.js [2281/10000] md5=16d32302effac4ede643c087fe4d812b bytes=83 template=arithmetic origin=seed:tests/corpus/runtime/class-fields-static-methods.test.js
 PASS js-fuzzer-arithmetic-16d32302effa.js [2281/10000] status=ok obs=9f61408e3afb coverage=+0/32/38 time=3ms
  RUN js-fuzzer-function-cb7d7d91d83d.js [2282/10000] md5=cb7d7d91d83d165500656240f14cd1fc bytes=153 template=function origin=seed:tests/corpus/runtime/classes-and-objects.test.js
 PASS js-fuzzer-function-cb7d7d91d83d.js [2282/10000] status=ok obs=8f14e45fceea coverage=+0/32/38 time=2ms
  RUN js-fuzzer-boundary-4b188851088a.js [2283/10000] md5=4b188851088a18b5b5e1424320aec545 bytes=122 template=boundary origin=boundary:2147483647
 PASS js-fuzzer-boundary-4b188851088a.js [2283/10000] status=ok obs=c588c0a459f4 coverage=+0/32/38 time=2ms
  RUN js-fuzzer-closure-a8654e5a303a.js [2284/10000] md5=a8654e5a303a455ffe538054b7512ebe bytes=184 template=closure origin=seed:tests/corpus/runtime/closures-read-captured-values.test.js
 PASS js-fuzzer-closure-a8654e5a303a.js [2284/10000] status=ok obs=17e62166fc85 coverage=+0/32/38 time=2ms
  RUN js-fuzzer-block-scope-147cf17f3cbb.js [2285/10000] md5=147cf17f3cbb5c30886492372159c1c8 bytes=114 template=block-scope origin=seed:tests/corpus/runtime/exceptions-and-nullish.test.js
 PASS js-fuzzer-block-scope-147cf17f3cbb.js [2285/10000] status=ok obs=6974ce5ac660 coverage=+0/32/38 time=1ms
  RUN js-fuzzer-loop-55c7c905bffb.js [2286/10000] md5=55c7c905bffb4bbbc4c8fb9b91df6ad8 bytes=81 template=loop origin=seed:tests/corpus/runtime/functions-closures-and-arrows.test.js
 PASS js-fuzzer-loop-55c7c905bffb.js [2286/10000] status=ok obs=eccbc87e4b5c coverage=+0/32/38 time=2ms
  RUN js-fuzzer-corpus-463d4dee8a1f.js [2287/10000] md5=463d4dee8a1f930fa8af57a704cacf3e bytes=232 template=corpus origin=tests/corpus/runtime/lexical-shadowing.test.js
 PASS js-fuzzer-corpus-463d4dee8a1f.js [2287/10000] status=ok obs=c51ce410c124 coverage=+0/32/38 time=2ms
  RUN js-fuzzer-class-a9875f561daf.js [2288/10000] md5=a9875f561daf181d949c68fc070db0e0 bytes=101 template=class origin=seed:tests/corpus/runtime/modules-export.test.js
 PASS js-fuzzer-class-a9875f561daf.js [2288/10000] status=ok obs=aab3238922bc coverage=+0/32/38 time=2ms
  RUN js-fuzzer-arithmetic-7b315c66ec1a.js [2289/10000] md5=7b315c66ec1afff5534784af5da56381 bytes=85 template=arithmetic origin=seed:tests/corpus/runtime/nested-try-finally.test.js
 PASS js-fuzzer-arithmetic-7b315c66ec1a.js [2289/10000] status=ok obs=bf8229696f7a coverage=+0/32/38 time=2ms
  RUN js-fuzzer-boundary-e33d9dc9cd6c.js [2290/10000] md5=e33d9dc9cd6c84ec6ac6a01d1d18c4f2 bytes=113 template=boundary origin=boundary:2
 PASS js-fuzzer-boundary-e33d9dc9cd6c.js [2290/10000] status=ok obs=c81e728d9d4c coverage=+0/32/38 time=1ms
  RUN js-fuzzer-array-object-f0e1bd3a5358.js [2291/10000] md5=f0e1bd3a5358851105a70d2b684927fd bytes=133 template=array-object origin=seed:tests/corpus/syntax/logical-unary-nullish.test.js
 PASS js-fuzzer-array-object-f0e1bd3a5358.js [2291/10000] status=ok obs=aab3238922bc coverage=+0/32/38 time=2ms
  RUN js-fuzzer-closure-9479932d301a.js [2292/10000] md5=9479932d301a94f4a3a7b9eb7ac7be96 bytes=183 template=closure origin=seed:tests/corpus/syntax/object-destructure-and-members.test.js
 PASS js-fuzzer-closure-9479932d301a.js [2292/10000] status=ok obs=3c59dc048e88 coverage=+0/32/38 time=2ms
  RUN js-fuzzer-block-scope-718bfc054c61.js [2293/10000] md5=718bfc054c612231e7c0ff47c22e7aaf bytes=114 template=block-scope origin=seed:tests/corpus/syntax/switch-do-while-sequence.test.js
 PASS js-fuzzer-block-scope-718bfc054c61.js [2293/10000] status=ok obs=38b3eff8baf5 coverage=+0/32/38 time=2ms
  RUN js-fuzzer-loop-f495ca2fc638.js [2294/10000] md5=f495ca2fc6389f933578fc501f5b1465 bytes=81 template=loop origin=seed:tests/corpus/syntax/template-array-destructure.test.js
 PASS js-fuzzer-loop-f495ca2fc638.js [2294/10000] status=ok obs=c4ca4238a0b9 coverage=+0/32/38 time=1ms
  RUN js-fuzzer-try-catch-ecee5cf418be.js [2295/10000] md5=ecee5cf418beff71c62f1aeee5aa3045 bytes=109 template=try-catch origin=seed:tests/corpus/syntax/typescript-assertions.test.ts
 PASS js-fuzzer-try-catch-ecee5cf418be.js [2295/10000] status=ok obs=45c48cce2e2d coverage=+0/32/38 time=2ms
  RUN js-fuzzer-corpus-e3eeaea0f8a2.js [2296/10000] md5=e3eeaea0f8a2c5d5b650d4007cf78b4a bytes=104 template=corpus origin=tests/corpus/syntax/typescript-non-null-satisfies.test.ts
 PASS js-fuzzer-corpus-e3eeaea0f8a2.js [2296/10000] status=ok obs=d3d9446802a4 coverage=+0/32/38 time=4ms
  RUN js-fuzzer-boundary-2f35f880f964.js [2297/10000] md5=2f35f880f96468b375c4e71feba05308 bytes=113 template=boundary origin=boundary:1
 PASS js-fuzzer-boundary-2f35f880f964.js [2297/10000] status=ok obs=c4ca4238a0b9 coverage=+0/32/38 time=2ms
  RUN js-fuzzer-function-4b9684ea9e29.js [2298/10000] md5=4b9684ea9e291ddb6515f98bf0c93905 bytes=153 template=function origin=seed:tests/corpus/fixtures/state-machine-workflow.test.js
 PASS js-fuzzer-function-4b9684ea9e29.js [2298/10000] status=ok obs=eccbc87e4b5c coverage=+0/32/38 time=2ms
  RUN js-fuzzer-array-object-e188a0cc31ad.js [2299/10000] md5=e188a0cc31ad791ca29c4c0f98c79a37 bytes=133 template=array-object origin=seed:tests/corpus/fixtures/vue-script-workflow.test.vue
 PASS js-fuzzer-array-object-e188a0cc31ad.js [2299/10000] status=ok obs=c51ce410c124 coverage=+0/32/38 time=2ms
  RUN js-fuzzer-closure-79b12ac260a8.js [2300/10000] md5=79b12ac260a8d3469ce187aa4f430cb0 bytes=184 template=closure origin=seed:tests/corpus/obfuscation/constant-tag-mix.test.js
 PASS js-fuzzer-closure-79b12ac260a8.js [2300/10000] status=ok obs=d67d8ab4f4c1 coverage=+0/32/38 time=2ms
  RUN js-fuzzer-block-scope-0bf9efa9abd6.js [2301/10000] md5=0bf9efa9abd6cc8bda396d1dec35840f bytes=114 template=block-scope origin=seed:tests/corpus/obfuscation/extern-slot-permutation.test.js
 PASS js-fuzzer-block-scope-0bf9efa9abd6.js [2301/10000] status=ok obs=38b3eff8baf5 coverage=+0/32/38 time=1ms
  RUN js-fuzzer-loop-bbf1d7a15d8d.js [2302/10000] md5=bbf1d7a15d8dd015402d75c0e0108b5f bytes=81 template=loop origin=seed:tests/corpus/obfuscation/externs-console.test.js
 PASS js-fuzzer-loop-bbf1d7a15d8d.js [2302/10000] status=ok obs=1679091c5a88 coverage=+0/32/38 time=2ms
  RUN js-fuzzer-try-catch-18b0b31fe014.js [2303/10000] md5=18b0b31fe014e787990869dd8a5ff18b bytes=110 template=try-catch origin=seed:tests/corpus/obfuscation/seed-sensitive-functions.test.js
 PASS js-fuzzer-try-catch-18b0b31fe014.js [2303/10000] status=ok obs=aab3238922bc coverage=+0/32/38 time=2ms
  RUN js-fuzzer-boundary-e62759fbe8d3.js [2304/10000] md5=e62759fbe8d36ad2cfb89a0f8bac18b9 bytes=129 template=boundary origin=boundary:-9007199254740991
 PASS js-fuzzer-boundary-e62759fbe8d3.js [2304/10000] status=ok obs=b3f3a95848f6 coverage=+0/32/38 time=2ms
  RUN js-fuzzer-corpus-ad9ed8746461.js [2305/10000] md5=ad9ed87464611c6dd81b04b3754c760c bytes=214 template=corpus origin=tests/corpus/regressions/multiple-functions-fib-add.test.js
 PASS js-fuzzer-corpus-ad9ed8746461.js [2305/10000] status=ok obs=3c59dc048e88 coverage=+0/32/38 time=2ms
  RUN js-fuzzer-function-67a4a16b508e.js [2306/10000] md5=67a4a16b508e8efc2a1fbbfc79004c7b bytes=153 template=function origin=seed:tests/corpus/regressions/scope-compressed-closure-params.test.js
 PASS js-fuzzer-function-67a4a16b508e.js [2306/10000] status=ok obs=eccbc87e4b5c coverage=+0/32/38 time=7ms
  RUN js-fuzzer-array-object-447dddf94684.js [2307/10000] md5=447dddf94684956bf28e3eb41af9224d bytes=133 template=array-object origin=seed:tests/corpus/runtime/arrays-objects-methods.test.js
 PASS js-fuzzer-array-object-447dddf94684.js [2307/10000] status=ok obs=c51ce410c124 coverage=+0/32/38 time=5ms
  RUN js-fuzzer-closure-d8b8ba3564a6.js [2308/10000] md5=d8b8ba3564a609b9904a864892bfaaee bytes=185 template=closure origin=seed:tests/corpus/runtime/block-scopes.test.js
 PASS js-fuzzer-closure-d8b8ba3564a6.js [2308/10000] status=ok obs=03afdbd66e79 coverage=+0/32/38 time=4ms
  RUN js-fuzzer-block-scope-28451b696e95.js [2309/10000] md5=28451b696e955d73172358244fc51400 bytes=114 template=block-scope origin=seed:tests/corpus/runtime/class-fields-static-methods.test.js
 PASS js-fuzzer-block-scope-28451b696e95.js [2309/10000] status=ok obs=c9e1074f5b3f coverage=+0/32/38 time=4ms
  RUN js-fuzzer-loop-bbf1d7a15d8d.js [2310/10000] md5=bbf1d7a15d8dd015402d75c0e0108b5f bytes=81 template=loop origin=seed:tests/corpus/runtime/classes-and-objects.test.js
 PASS js-fuzzer-loop-bbf1d7a15d8d.js [2310/10000] status=ok obs=1679091c5a88 coverage=+0/32/38 time=2ms
  RUN js-fuzzer-boundary-4b8e58e2bd3b.js [2311/10000] md5=4b8e58e2bd3bc437f093fe0ab13ce109 bytes=123 template=boundary origin=boundary:-2147483648
 PASS js-fuzzer-boundary-4b8e58e2bd3b.js [2311/10000] status=ok obs=034ff5946105 coverage=+0/32/38 time=2ms
  RUN js-fuzzer-class-587587295e00.js [2312/10000] md5=587587295e0075a0a19c4572e53274fe bytes=101 template=class origin=seed:tests/corpus/runtime/closures-read-captured-values.test.js
 PASS js-fuzzer-class-587587295e00.js [2312/10000] status=ok obs=1f0e3dad9990 coverage=+0/32/38 time=1ms
  RUN js-fuzzer-arithmetic-cf8106bd6d17.js [2313/10000] md5=cf8106bd6d17d4d060f0c94aeaed69b7 bytes=83 template=arithmetic origin=seed:tests/corpus/runtime/exceptions-and-nullish.test.js
 PASS js-fuzzer-arithmetic-cf8106bd6d17.js [2313/10000] status=ok obs=7f6ffaa6bb0b coverage=+0/32/38 time=2ms
  RUN js-fuzzer-corpus-72746d071c58.js [2314/10000] md5=72746d071c58fadd9399bc8934c30553 bytes=197 template=corpus origin=tests/corpus/runtime/functions-closures-and-arrows.test.js
 PASS js-fuzzer-corpus-72746d071c58.js [2314/10000] status=ok obs=c74d97b01eae coverage=+0/32/38 time=2ms
  RUN js-fuzzer-array-object-04e94abcf2c2.js [2315/10000] md5=04e94abcf2c28323c99582c3ad6855b8 bytes=133 template=array-object origin=seed:tests/corpus/runtime/lexical-shadowing.test.js
 PASS js-fuzzer-array-object-04e94abcf2c2.js [2315/10000] status=ok obs=45c48cce2e2d coverage=+0/32/38 time=1ms
  RUN js-fuzzer-closure-44f8d475e7b4.js [2316/10000] md5=44f8d475e7b469fd29ee336b3bad8e0e bytes=185 template=closure origin=seed:tests/corpus/runtime/modules-export.test.js
 PASS js-fuzzer-closure-44f8d475e7b4.js [2316/10000] status=ok obs=6c8349cc7260 coverage=+0/32/38 time=60ms
  RUN js-fuzzer-block-scope-6e86f1693252.js [2317/10000] md5=6e86f169325214da2b271b09cc491de1 bytes=114 template=block-scope origin=seed:tests/corpus/runtime/nested-try-finally.test.js
 PASS js-fuzzer-block-scope-6e86f1693252.js [2317/10000] status=ok obs=f0935e4cd592 coverage=+0/32/38 time=30ms
  RUN js-fuzzer-boundary-4ae25cb2e150.js [2318/10000] md5=4ae25cb2e15083bfca9f6b81b3f9f24b bytes=114 template=boundary origin=boundary:-2
 PASS js-fuzzer-boundary-4ae25cb2e150.js [2318/10000] status=ok obs=5d7b9adcbe1c coverage=+0/32/38 time=2ms
  RUN js-fuzzer-try-catch-40520a1b7956.js [2319/10000] md5=40520a1b7956f57804d753ea77e1e468 bytes=110 template=try-catch origin=seed:tests/corpus/syntax/logical-unary-nullish.test.js
 PASS js-fuzzer-try-catch-40520a1b7956.js [2319/10000] status=ok obs=70efdf2ec9b0 coverage=+0/32/38 time=2ms
  RUN js-fuzzer-class-47fbd3db5853.js [2320/10000] md5=47fbd3db58539fc2e42627a4f3168c79 bytes=101 template=class origin=seed:tests/corpus/syntax/object-destructure-and-members.test.js
 PASS js-fuzzer-class-47fbd3db5853.js [2320/10000] status=ok obs=98f137082101 coverage=+0/32/38 time=1ms
  RUN js-fuzzer-arithmetic-0d30fb97ea2d.js [2321/10000] md5=0d30fb97ea2d54a8f944060d69644b4b bytes=84 template=arithmetic origin=seed:tests/corpus/syntax/switch-do-while-sequence.test.js
 PASS js-fuzzer-arithmetic-0d30fb97ea2d.js [2321/10000] status=ok obs=7e7757b1e12a coverage=+0/32/38 time=2ms
  RUN js-fuzzer-function-1d370c2e7126.js [2322/10000] md5=1d370c2e7126a84b090ad6eed5468375 bytes=153 template=function origin=seed:tests/corpus/syntax/template-array-destructure.test.js
 PASS js-fuzzer-function-1d370c2e7126.js [2322/10000] status=ok obs=8f14e45fceea coverage=+0/32/38 time=4ms
  RUN js-fuzzer-corpus-57a83a4b020d.js [2323/10000] md5=57a83a4b020d4b85b42b0a3709f283ad bytes=130 template=corpus origin=tests/corpus/syntax/typescript-assertions.test.ts
 PASS js-fuzzer-corpus-57a83a4b020d.js [2323/10000] status=ok obs=45c48cce2e2d coverage=+0/32/38 time=4ms
  RUN js-fuzzer-closure-ac0a91b8373c.js [2324/10000] md5=ac0a91b8373c2d72e1b56509806a48cd bytes=185 template=closure origin=seed:tests/corpus/syntax/typescript-non-null-satisfies.test.ts
 PASS js-fuzzer-closure-ac0a91b8373c.js [2324/10000] status=ok obs=17e62166fc85 coverage=+0/32/38 time=3ms
  RUN js-fuzzer-boundary-1024adcac0e5.js [2325/10000] md5=1024adcac0e5cc9f99f478fa66dcc00c bytes=114 template=boundary origin=boundary:-1
 PASS js-fuzzer-boundary-1024adcac0e5.js [2325/10000] status=ok obs=6bb61e3b7bce coverage=+0/32/38 time=7ms
  RUN js-fuzzer-loop-55c7c905bffb.js [2326/10000] md5=55c7c905bffb4bbbc4c8fb9b91df6ad8 bytes=81 template=loop origin=seed:tests/corpus/fixtures/state-machine-workflow.test.js
 PASS js-fuzzer-loop-55c7c905bffb.js [2326/10000] status=ok obs=eccbc87e4b5c coverage=+0/32/38 time=2ms
  RUN js-fuzzer-try-catch-e92e59cfe8b3.js [2327/10000] md5=e92e59cfe8b3da295d2f9e96a4effe15 bytes=109 template=try-catch origin=seed:tests/corpus/fixtures/vue-script-workflow.test.vue
 PASS js-fuzzer-try-catch-e92e59cfe8b3.js [2327/10000] status=ok obs=eccbc87e4b5c coverage=+0/32/38 time=3ms
  RUN js-fuzzer-class-51ea152a707e.js [2328/10000] md5=51ea152a707ed5422ab3e5b3ddb7fe43 bytes=100 template=class origin=seed:tests/corpus/obfuscation/constant-tag-mix.test.js
 PASS js-fuzzer-class-51ea152a707e.js [2328/10000] status=ok obs=e4da3b7fbbce coverage=+0/32/38 time=2ms
  RUN js-fuzzer-arithmetic-ebcb8cfd8cac.js [2329/10000] md5=ebcb8cfd8cac678afcf7e4d2aa01b9ff bytes=85 template=arithmetic origin=seed:tests/corpus/obfuscation/extern-slot-permutation.test.js
 PASS js-fuzzer-arithmetic-ebcb8cfd8cac.js [2329/10000] status=ok obs=ec8ce6abb3e9 coverage=+0/32/38 time=2ms
  RUN js-fuzzer-function-d9597d28535f.js [2330/10000] md5=d9597d28535fd2b10f5ca10cf87a7bb6 bytes=153 template=function origin=seed:tests/corpus/obfuscation/externs-console.test.js
 PASS js-fuzzer-function-d9597d28535f.js [2330/10000] status=ok obs=6f4922f45568 coverage=+0/32/38 time=3ms
  RUN js-fuzzer-array-object-821e3dd8a312.js [2331/10000] md5=821e3dd8a312fbe6d87462a901799f6a bytes=133 template=array-object origin=seed:tests/corpus/obfuscation/seed-sensitive-functions.test.js
 PASS js-fuzzer-array-object-821e3dd8a312.js [2331/10000] status=ok obs=c20ad4d76fe9 coverage=+0/32/38 time=2ms
  RUN js-fuzzer-corpus-79643e915862.js [2332/10000] md5=79643e91586251700d34c0c65a0220da bytes=89 template=corpus origin=tests/corpus/regressions/destructuring-lowers-to-member.test.js
 PASS js-fuzzer-corpus-79643e915862.js [2332/10000] status=ok obs=eccbc87e4b5c coverage=+0/32/38 time=1ms
  RUN js-fuzzer-block-scope-5d14e55e65b6.js [2333/10000] md5=5d14e55e65b6c22946ddcf2f918ac8f9 bytes=114 template=block-scope origin=seed:tests/corpus/regressions/multiple-functions-fib-add.test.js
 PASS js-fuzzer-block-scope-5d14e55e65b6.js [2333/10000] status=ok obs=ec8956637a99 coverage=+0/32/38 time=2ms
  RUN js-fuzzer-loop-d35707ad0bf7.js [2334/10000] md5=d35707ad0bf74148f671ad8943998af6 bytes=81 template=loop origin=seed:tests/corpus/regressions/scope-compressed-closure-params.test.js
 PASS js-fuzzer-loop-d35707ad0bf7.js [2334/10000] status=ok obs=9bf31c7ff062 coverage=+0/32/38 time=2ms
  RUN js-fuzzer-try-catch-c1605790c914.js [2335/10000] md5=c1605790c914ae1743dc7ccc9c3b6fda bytes=110 template=try-catch origin=seed:tests/corpus/runtime/arrays-objects-methods.test.js
 PASS js-fuzzer-try-catch-c1605790c914.js [2335/10000] status=ok obs=1c383cd30b7c coverage=+0/32/38 time=2ms
  RUN js-fuzzer-class-a365d1a76b7b.js [2336/10000] md5=a365d1a76b7b0d4310621afa7caac433 bytes=100 template=class origin=seed:tests/corpus/runtime/block-scopes.test.js
 PASS js-fuzzer-class-a365d1a76b7b.js [2336/10000] status=ok obs=8f14e45fceea coverage=+0/32/38 time=2ms
  RUN js-fuzzer-arithmetic-0374718e7a9f.js [2337/10000] md5=0374718e7a9f0d62bc2a5ec13319859f bytes=84 template=arithmetic origin=seed:tests/corpus/runtime/class-fields-static-methods.test.js
 PASS js-fuzzer-arithmetic-0374718e7a9f.js [2337/10000] status=ok obs=9fc3d7152ba9 coverage=+0/32/38 time=2ms
  RUN js-fuzzer-function-79bb4335938d.js [2338/10000] md5=79bb4335938d82d557d11e6633b235d0 bytes=153 template=function origin=seed:tests/corpus/runtime/classes-and-objects.test.js
 PASS js-fuzzer-function-79bb4335938d.js [2338/10000] status=ok obs=6512bd43d9ca coverage=+0/32/38 time=2ms
  RUN js-fuzzer-boundary-2b35f90895ea.js [2339/10000] md5=2b35f90895ea85111e562e627044f919 bytes=128 template=boundary origin=boundary:9007199254740991
 PASS js-fuzzer-boundary-2b35f90895ea.js [2339/10000] status=ok obs=8bfa9ad090fb coverage=+0/32/38 time=1ms
  RUN js-fuzzer-closure-4a49aa0a08a3.js [2340/10000] md5=4a49aa0a08a34a87008cfcd869316d61 bytes=183 template=closure origin=seed:tests/corpus/runtime/closures-read-captured-values.test.js
 PASS js-fuzzer-closure-4a49aa0a08a3.js [2340/10000] status=ok obs=3c59dc048e88 coverage=+0/32/38 time=1ms
  RUN js-fuzzer-corpus-cf8fb96e8476.js [2341/10000] md5=cf8fb96e8476c262b73583c86dd80821 bytes=178 template=corpus origin=tests/corpus/runtime/exceptions-and-nullish.test.js
 PASS js-fuzzer-corpus-cf8fb96e8476.js [2341/10000] status=ok obs=24ed5e8718fc coverage=+0/32/38 time=2ms
  RUN js-fuzzer-loop-54e460cecf5c.js [2342/10000] md5=54e460cecf5c05dfcffaa3b2e5f57445 bytes=81 template=loop origin=seed:tests/corpus/runtime/functions-closures-and-arrows.test.js
 PASS js-fuzzer-loop-54e460cecf5c.js [2342/10000] status=ok obs=d3d9446802a4 coverage=+0/32/38 time=2ms
  RUN js-fuzzer-try-catch-7fa76a80e531.js [2343/10000] md5=7fa76a80e531298b12538ca11d858f94 bytes=110 template=try-catch origin=seed:tests/corpus/runtime/lexical-shadowing.test.js
 PASS js-fuzzer-try-catch-7fa76a80e531.js [2343/10000] status=ok obs=6ea9ab1baa0e coverage=+0/32/38 time=1ms
  RUN js-fuzzer-class-a9875f561daf.js [2344/10000] md5=a9875f561daf181d949c68fc070db0e0 bytes=101 template=class origin=seed:tests/corpus/runtime/modules-export.test.js
 PASS js-fuzzer-class-a9875f561daf.js [2344/10000] status=ok obs=aab3238922bc coverage=+0/32/38 time=2ms
  RUN js-fuzzer-arithmetic-6e4a3f2d891f.js [2345/10000] md5=6e4a3f2d891f39cae53f0e8afedccb47 bytes=85 template=arithmetic origin=seed:tests/corpus/runtime/nested-try-finally.test.js
 PASS js-fuzzer-arithmetic-6e4a3f2d891f.js [2345/10000] status=ok obs=57aeee35c982 coverage=+0/32/38 time=2ms
  RUN js-fuzzer-boundary-ac080ee0add8.js [2346/10000] md5=ac080ee0add8a3967f40d078a13e076b bytes=122 template=boundary origin=boundary:2147483647
 PASS js-fuzzer-boundary-ac080ee0add8.js [2346/10000] status=ok obs=c588c0a459f4 coverage=+0/32/38 time=3ms
  RUN js-fuzzer-array-object-de6eadbb56d8.js [2347/10000] md5=de6eadbb56d8e938372fd2d7da71e6db bytes=133 template=array-object origin=seed:tests/corpus/syntax/logical-unary-nullish.test.js
 PASS js-fuzzer-array-object-de6eadbb56d8.js [2347/10000] status=ok obs=1f0e3dad9990 coverage=+0/32/38 time=2ms
  RUN js-fuzzer-closure-84553f6d7ef5.js [2348/10000] md5=84553f6d7ef5c7447dc954193831d248 bytes=184 template=closure origin=seed:tests/corpus/syntax/object-destructure-and-members.test.js
 PASS js-fuzzer-closure-84553f6d7ef5.js [2348/10000] status=ok obs=03afdbd66e79 coverage=+0/32/38 time=2ms
  RUN js-fuzzer-block-scope-81ca0cfe74d9.js [2349/10000] md5=81ca0cfe74d9ffb22aa3c0c8e9d9e407 bytes=115 template=block-scope origin=seed:tests/corpus/syntax/switch-do-while-sequence.test.js
 PASS js-fuzzer-block-scope-81ca0cfe74d9.js [2349/10000] status=ok obs=5f93f983524d coverage=+0/32/38 time=2ms
  RUN js-fuzzer-corpus-ff388659a641.js [2350/10000] md5=ff388659a6419d1e6e01ce4e7151a52e bytes=135 template=corpus origin=tests/corpus/syntax/template-array-destructure.test.js
 PASS js-fuzzer-corpus-ff388659a641.js [2350/10000] status=ok obs=f61c9a8be43c coverage=+0/32/38 time=2ms
  RUN js-fuzzer-try-catch-c5263a4b0fbd.js [2351/10000] md5=c5263a4b0fbd119742a040447111f34b bytes=109 template=try-catch origin=seed:tests/corpus/syntax/typescript-assertions.test.ts
 PASS js-fuzzer-try-catch-c5263a4b0fbd.js [2351/10000] status=ok obs=8f14e45fceea coverage=+0/32/38 time=2ms
  RUN js-fuzzer-class-769274f77fa6.js [2352/10000] md5=769274f77fa62254ce7e0eb0e3adf7f1 bytes=100 template=class origin=seed:tests/corpus/syntax/typescript-non-null-satisfies.test.ts
 PASS js-fuzzer-class-769274f77fa6.js [2352/10000] status=ok obs=c4ca4238a0b9 coverage=+0/32/38 time=1ms
  RUN js-fuzzer-boundary-85faf3787c26.js [2353/10000] md5=85faf3787c26ca3bad9215a544873988 bytes=113 template=boundary origin=boundary:2
 PASS js-fuzzer-boundary-85faf3787c26.js [2353/10000] status=ok obs=c81e728d9d4c coverage=+0/32/38 time=3ms
  RUN js-fuzzer-function-17ab2ee95112.js [2354/10000] md5=17ab2ee95112b813f54b3d07b24c1dbd bytes=153 template=function origin=seed:tests/corpus/fixtures/state-machine-workflow.test.js
 PASS js-fuzzer-function-17ab2ee95112.js [2354/10000] status=ok obs=b6d767d2f8ed coverage=+0/32/38 time=2ms
  RUN js-fuzzer-array-object-4311c8c7319e.js [2355/10000] md5=4311c8c7319ee38d6f19b034fcd44bed bytes=133 template=array-object origin=seed:tests/corpus/fixtures/vue-script-workflow.test.vue
 PASS js-fuzzer-array-object-4311c8c7319e.js [2355/10000] status=ok obs=6f4922f45568 coverage=+0/32/38 time=3ms
  RUN js-fuzzer-closure-2c8623f98625.js [2356/10000] md5=2c8623f98625d789c4e2aae81865e430 bytes=183 template=closure origin=seed:tests/corpus/obfuscation/constant-tag-mix.test.js
 PASS js-fuzzer-closure-2c8623f98625.js [2356/10000] status=ok obs=c51ce410c124 coverage=+0/32/38 time=3ms
  RUN js-fuzzer-block-scope-ebaed504d2d1.js [2357/10000] md5=ebaed504d2d153868eb7bafedbfafd61 bytes=114 template=block-scope origin=seed:tests/corpus/obfuscation/extern-slot-permutation.test.js
 PASS js-fuzzer-block-scope-ebaed504d2d1.js [2357/10000] status=ok obs=65b9eea6e1cc coverage=+0/32/38 time=2ms
  RUN js-fuzzer-loop-bbf1d7a15d8d.js [2358/10000] md5=bbf1d7a15d8dd015402d75c0e0108b5f bytes=81 template=loop origin=seed:tests/corpus/obfuscation/externs-console.test.js
 PASS js-fuzzer-loop-bbf1d7a15d8d.js [2358/10000] status=ok obs=1679091c5a88 coverage=+0/32/38 time=2ms
  RUN js-fuzzer-corpus-38ba19d9deb7.js [2359/10000] md5=38ba19d9deb7566cc8a420c27ada3f21 bytes=136 template=corpus origin=tests/corpus/obfuscation/seed-sensitive-functions.test.js
 PASS js-fuzzer-corpus-38ba19d9deb7.js [2359/10000] status=ok obs=a5bfc9e07964 coverage=+0/32/38 time=3ms
  RUN js-fuzzer-boundary-ccde2dac26f6.js [2360/10000] md5=ccde2dac26f6d3fd46c3698825685fe3 bytes=113 template=boundary origin=boundary:1
 PASS js-fuzzer-boundary-ccde2dac26f6.js [2360/10000] status=ok obs=c4ca4238a0b9 coverage=+0/32/38 time=4ms
  RUN js-fuzzer-arithmetic-544fd0c98c87.js [2361/10000] md5=544fd0c98c8794891c6bdc9f1b0c78b7 bytes=85 template=arithmetic origin=seed:tests/corpus/regressions/multiple-functions-fib-add.test.js
 PASS js-fuzzer-arithmetic-544fd0c98c87.js [2361/10000] status=ok obs=6ea9ab1baa0e coverage=+0/32/38 time=2ms
  RUN js-fuzzer-function-67a4a16b508e.js [2362/10000] md5=67a4a16b508e8efc2a1fbbfc79004c7b bytes=153 template=function origin=seed:tests/corpus/regressions/scope-compressed-closure-params.test.js
 PASS js-fuzzer-function-67a4a16b508e.js [2362/10000] status=ok obs=eccbc87e4b5c coverage=+0/32/38 time=2ms
  RUN js-fuzzer-array-object-7ecd16057278.js [2363/10000] md5=7ecd1605727893e5cfa633fb4c298df8 bytes=133 template=array-object origin=seed:tests/corpus/runtime/arrays-objects-methods.test.js
 PASS js-fuzzer-array-object-7ecd16057278.js [2363/10000] status=ok obs=9bf31c7ff062 coverage=+0/32/38 time=2ms
  RUN js-fuzzer-closure-d4abc409419d.js [2364/10000] md5=d4abc409419d71f9de5c631a353fb9a6 bytes=184 template=closure origin=seed:tests/corpus/runtime/block-scopes.test.js
 PASS js-fuzzer-closure-d4abc409419d.js [2364/10000] status=ok obs=67c6a1e7ce56 coverage=+0/32/38 time=1ms
  RUN js-fuzzer-block-scope-88d562ca0bb3.js [2365/10000] md5=88d562ca0bb3e2b7d2d24cc5617fe200 bytes=114 template=block-scope origin=seed:tests/corpus/runtime/class-fields-static-methods.test.js
 PASS js-fuzzer-block-scope-88d562ca0bb3.js [2365/10000] status=ok obs=a3c65c297427 coverage=+0/32/38 time=1ms
  RUN js-fuzzer-loop-55c7c905bffb.js [2366/10000] md5=55c7c905bffb4bbbc4c8fb9b91df6ad8 bytes=81 template=loop origin=seed:tests/corpus/runtime/classes-and-objects.test.js
 PASS js-fuzzer-loop-55c7c905bffb.js [2366/10000] status=ok obs=eccbc87e4b5c coverage=+0/32/38 time=2ms
  RUN js-fuzzer-boundary-6aec0a9b1ff4.js [2367/10000] md5=6aec0a9b1ff4294bcfecb539ba7e660b bytes=129 template=boundary origin=boundary:-9007199254740991
 PASS js-fuzzer-boundary-6aec0a9b1ff4.js [2367/10000] status=ok obs=b3f3a95848f6 coverage=+0/32/38 time=3ms
  RUN js-fuzzer-corpus-08bc93bf5789.js [2368/10000] md5=08bc93bf57897bc88ce7161fe56cd099 bytes=169 template=corpus origin=tests/corpus/runtime/closures-read-captured-values.test.js
 PASS js-fuzzer-corpus-08bc93bf5789.js [2368/10000] status=ok obs=02e74f10e032 coverage=+0/32/38 time=2ms
  RUN js-fuzzer-arithmetic-c288d77c7811.js [2369/10000] md5=c288d77c781149119d1f92a2a50c2afc bytes=84 template=arithmetic origin=seed:tests/corpus/runtime/exceptions-and-nullish.test.js
 PASS js-fuzzer-arithmetic-c288d77c7811.js [2369/10000] status=ok obs=006f52e9102a coverage=+0/32/38 time=3ms
  RUN js-fuzzer-function-3e322d578629.js [2370/10000] md5=3e322d5786297aab4fec4c2fa56a2542 bytes=153 template=function origin=seed:tests/corpus/runtime/functions-closures-and-arrows.test.js
 PASS js-fuzzer-function-3e322d578629.js [2370/10000] status=ok obs=1679091c5a88 coverage=+0/32/38 time=4ms
  RUN js-fuzzer-array-object-457f779882c2.js [2371/10000] md5=457f779882c2432ce8d4a31fb85aa44d bytes=133 template=array-object origin=seed:tests/corpus/runtime/lexical-shadowing.test.js
 PASS js-fuzzer-array-object-457f779882c2.js [2371/10000] status=ok obs=c9f0f895fb98 coverage=+0/32/38 time=12ms
  RUN js-fuzzer-closure-afcd8b3c7577.js [2372/10000] md5=afcd8b3c7577bff30d16bcbc5bf52c12 bytes=184 template=closure origin=seed:tests/corpus/runtime/modules-export.test.js
 PASS js-fuzzer-closure-afcd8b3c7577.js [2372/10000] status=ok obs=093f65e080a2 coverage=+0/32/38 time=6ms
  RUN js-fuzzer-block-scope-cdd47be217da.js [2373/10000] md5=cdd47be217daa8bea34ddd53f13ef990 bytes=114 template=block-scope origin=seed:tests/corpus/runtime/nested-try-finally.test.js
 PASS js-fuzzer-block-scope-cdd47be217da.js [2373/10000] status=ok obs=c9e1074f5b3f coverage=+0/32/38 time=3ms
  RUN js-fuzzer-boundary-4b8e58e2bd3b.js [2374/10000] md5=4b8e58e2bd3bc437f093fe0ab13ce109 bytes=123 template=boundary origin=boundary:-2147483648
 PASS js-fuzzer-boundary-4b8e58e2bd3b.js [2374/10000] status=ok obs=034ff5946105 coverage=+0/32/38 time=2ms
  RUN js-fuzzer-try-catch-56393ff77182.js [2375/10000] md5=56393ff771824d567a8911f280bf7f9d bytes=110 template=try-catch origin=seed:tests/corpus/syntax/logical-unary-nullish.test.js
 PASS js-fuzzer-try-catch-56393ff77182.js [2375/10000] status=ok obs=4e732ced3463 coverage=+0/32/38 time=3ms
  RUN js-fuzzer-class-769274f77fa6.js [2376/10000] md5=769274f77fa62254ce7e0eb0e3adf7f1 bytes=100 template=class origin=seed:tests/corpus/syntax/object-destructure-and-members.test.js
 PASS js-fuzzer-class-769274f77fa6.js [2376/10000] status=ok obs=c4ca4238a0b9 coverage=+0/32/38 time=2ms
  RUN js-fuzzer-corpus-2aed353a2d20.js [2377/10000] md5=2aed353a2d200d64cbaf7beb40face20 bytes=275 template=corpus origin=tests/corpus/syntax/switch-do-while-sequence.test.js
 PASS js-fuzzer-corpus-2aed353a2d20.js [2377/10000] status=ok obs=6f4922f45568 coverage=+0/32/38 time=4ms
  RUN js-fuzzer-function-3c5d7cd75696.js [2378/10000] md5=3c5d7cd75696cd405bd2fe4a10121d7f bytes=153 template=function origin=seed:tests/corpus/syntax/template-array-destructure.test.js
 PASS js-fuzzer-function-3c5d7cd75696.js [2378/10000] status=ok obs=c20ad4d76fe9 coverage=+0/32/38 time=4ms
  RUN js-fuzzer-array-object-a6bc86c4b47e.js [2379/10000] md5=a6bc86c4b47e1398dad6eba17b1da525 bytes=133 template=array-object origin=seed:tests/corpus/syntax/typescript-assertions.test.ts
 PASS js-fuzzer-array-object-a6bc86c4b47e.js [2379/10000] status=ok obs=c20ad4d76fe9 coverage=+0/32/38 time=4ms
  RUN js-fuzzer-closure-c438e2dca4a1.js [2380/10000] md5=c438e2dca4a19810a5307decb51ba56f bytes=185 template=closure origin=seed:tests/corpus/syntax/typescript-non-null-satisfies.test.ts
 PASS js-fuzzer-closure-c438e2dca4a1.js [2380/10000] status=ok obs=28dd2c7955ce coverage=+0/32/38 time=5ms
  RUN js-fuzzer-boundary-92df4f5b559a.js [2381/10000] md5=92df4f5b559a550058b4133ffb629932 bytes=114 template=boundary origin=boundary:-2
 PASS js-fuzzer-boundary-92df4f5b559a.js [2381/10000] status=ok obs=5d7b9adcbe1c coverage=+0/32/38 time=1ms
  RUN js-fuzzer-loop-d35707ad0bf7.js [2382/10000] md5=d35707ad0bf74148f671ad8943998af6 bytes=81 template=loop origin=seed:tests/corpus/fixtures/state-machine-workflow.test.js
 PASS js-fuzzer-loop-d35707ad0bf7.js [2382/10000] status=ok obs=9bf31c7ff062 coverage=+0/32/38 time=2ms
  RUN js-fuzzer-try-catch-684f084d24b8.js [2383/10000] md5=684f084d24b8db7c12c5b7b39189e1fb bytes=110 template=try-catch origin=seed:tests/corpus/fixtures/vue-script-workflow.test.vue
 PASS js-fuzzer-try-catch-684f084d24b8.js [2383/10000] status=ok obs=3416a75f4cea coverage=+0/32/38 time=6ms
  RUN js-fuzzer-class-5baf4bed5db4.js [2384/10000] md5=5baf4bed5db4f8205173226efc8fff73 bytes=101 template=class origin=seed:tests/corpus/obfuscation/constant-tag-mix.test.js
 PASS js-fuzzer-class-5baf4bed5db4.js [2384/10000] status=ok obs=6f4922f45568 coverage=+0/32/38 time=5ms
  RUN js-fuzzer-arithmetic-59faa451d525.js [2385/10000] md5=59faa451d525d9e35325e5a4e1715660 bytes=83 template=arithmetic origin=seed:tests/corpus/obfuscation/extern-slot-permutation.test.js
 PASS js-fuzzer-arithmetic-59faa451d525.js [2385/10000] status=ok obs=c16a5320fa47 coverage=+0/32/38 time=3ms
  RUN js-fuzzer-corpus-efd663ac427b.js [2386/10000] md5=efd663ac427b5ca270b2f8b928c902bf bytes=112 template=corpus origin=tests/corpus/obfuscation/externs-console.test.js
 PASS js-fuzzer-corpus-efd663ac427b.js [2386/10000] status=ok obs=d289993e39c8 coverage=+0/32/38 time=2ms
  RUN js-fuzzer-array-object-086996cf00ad.js [2387/10000] md5=086996cf00adcf967a2573f7ea20c9e3 bytes=133 template=array-object origin=seed:tests/corpus/obfuscation/seed-sensitive-functions.test.js
 PASS js-fuzzer-array-object-086996cf00ad.js [2387/10000] status=ok obs=98f137082101 coverage=+0/32/38 time=4ms
  RUN js-fuzzer-boundary-61a9a82f5f08.js [2388/10000] md5=61a9a82f5f08bc177f13c805ba785d7d bytes=114 template=boundary origin=boundary:-1
 PASS js-fuzzer-boundary-61a9a82f5f08.js [2388/10000] status=ok obs=6bb61e3b7bce coverage=+0/32/38 time=4ms
  RUN js-fuzzer-block-scope-652d7136841b.js [2389/10000] md5=652d7136841be8a38febc4fcb4320341 bytes=114 template=block-scope origin=seed:tests/corpus/regressions/multiple-functions-fib-add.test.js
 PASS js-fuzzer-block-scope-652d7136841b.js [2389/10000] status=ok obs=f0935e4cd592 coverage=+0/32/38 time=4ms
  RUN js-fuzzer-loop-d35707ad0bf7.js [2390/10000] md5=d35707ad0bf74148f671ad8943998af6 bytes=81 template=loop origin=seed:tests/corpus/regressions/scope-compressed-closure-params.test.js
 PASS js-fuzzer-loop-d35707ad0bf7.js [2390/10000] status=ok obs=9bf31c7ff062 coverage=+0/32/38 time=2ms
  RUN js-fuzzer-try-catch-0db921dfa62d.js [2391/10000] md5=0db921dfa62dbbfd21889addc9a83362 bytes=110 template=try-catch origin=seed:tests/corpus/runtime/arrays-objects-methods.test.js
 PASS js-fuzzer-try-catch-0db921dfa62d.js [2391/10000] status=ok obs=34173cb38f07 coverage=+0/32/38 time=9ms
  RUN js-fuzzer-class-a35a4dd2f302.js [2392/10000] md5=a35a4dd2f302fda9a0e8d6e2c980c283 bytes=101 template=class origin=seed:tests/corpus/runtime/block-scopes.test.js
 PASS js-fuzzer-class-a35a4dd2f302.js [2392/10000] status=ok obs=9bf31c7ff062 coverage=+0/32/38 time=5ms
  RUN js-fuzzer-arithmetic-15a866b9b3f2.js [2393/10000] md5=15a866b9b3f2508b66b8c33a6b31d61a bytes=84 template=arithmetic origin=seed:tests/corpus/runtime/class-fields-static-methods.test.js
 PASS js-fuzzer-arithmetic-15a866b9b3f2.js [2393/10000] status=ok obs=f2217062e9a3 coverage=+0/32/38 time=5ms
  RUN js-fuzzer-function-79bb4335938d.js [2394/10000] md5=79bb4335938d82d557d11e6633b235d0 bytes=153 template=function origin=seed:tests/corpus/runtime/classes-and-objects.test.js
 PASS js-fuzzer-function-79bb4335938d.js [2394/10000] status=ok obs=6512bd43d9ca coverage=+0/32/38 time=1ms
  RUN js-fuzzer-corpus-ddcb99247fc8.js [2395/10000] md5=ddcb99247fc847c897b97c6bd6512b9f bytes=217 template=corpus origin=tests/corpus/runtime/closures-mutate-captured-bindings.test.js
 PASS js-fuzzer-corpus-ddcb99247fc8.js [2395/10000] status=ok obs=e4da3b7fbbce coverage=+0/32/38 time=4ms
  RUN js-fuzzer-closure-32a8ddffde70.js [2396/10000] md5=32a8ddffde709f3a7a4d74c4616eae77 bytes=184 template=closure origin=seed:tests/corpus/runtime/closures-read-captured-values.test.js
 PASS js-fuzzer-closure-32a8ddffde70.js [2396/10000] status=ok obs=d82c8d1619ad coverage=+0/32/38 time=3ms
  RUN js-fuzzer-block-scope-81ca0cfe74d9.js [2397/10000] md5=81ca0cfe74d9ffb22aa3c0c8e9d9e407 bytes=115 template=block-scope origin=seed:tests/corpus/runtime/exceptions-and-nullish.test.js
 PASS js-fuzzer-block-scope-81ca0cfe74d9.js [2397/10000] status=ok obs=5f93f983524d coverage=+0/32/38 time=2ms
  RUN js-fuzzer-loop-f495ca2fc638.js [2398/10000] md5=f495ca2fc6389f933578fc501f5b1465 bytes=81 template=loop origin=seed:tests/corpus/runtime/functions-closures-and-arrows.test.js
 PASS js-fuzzer-loop-f495ca2fc638.js [2398/10000] status=ok obs=c4ca4238a0b9 coverage=+0/32/38 time=3ms
  RUN js-fuzzer-try-catch-70fffa3518b3.js [2399/10000] md5=70fffa3518b3cd8f92c92fd09e60ecbc bytes=110 template=try-catch origin=seed:tests/corpus/runtime/lexical-shadowing.test.js
 PASS js-fuzzer-try-catch-70fffa3518b3.js [2399/10000] status=ok obs=a5bfc9e07964 coverage=+0/32/38 time=7ms
  RUN js-fuzzer-class-a365d1a76b7b.js [2400/10000] md5=a365d1a76b7b0d4310621afa7caac433 bytes=100 template=class origin=seed:tests/corpus/runtime/modules-export.test.js
 PASS js-fuzzer-class-a365d1a76b7b.js [2400/10000] status=ok obs=8f14e45fceea coverage=+0/32/38 time=2ms
  RUN js-fuzzer-arithmetic-296176a75d53.js [2401/10000] md5=296176a75d53194368bc37489704d04a bytes=83 template=arithmetic origin=seed:tests/corpus/runtime/nested-try-finally.test.js
 PASS js-fuzzer-arithmetic-296176a75d53.js [2401/10000] status=ok obs=43ec517d68b6 coverage=+0/32/38 time=2ms
  RUN js-fuzzer-boundary-4bea2a6e0cb0.js [2402/10000] md5=4bea2a6e0cb0c7bb0b29e5b5d44112d8 bytes=128 template=boundary origin=boundary:9007199254740991
 PASS js-fuzzer-boundary-4bea2a6e0cb0.js [2402/10000] status=ok obs=dc9a0d67a31d coverage=+0/32/38 time=2ms
  RUN js-fuzzer-array-object-47b604e193a6.js [2403/10000] md5=47b604e193a6902cf4018187a8ccfa87 bytes=133 template=array-object origin=seed:tests/corpus/syntax/logical-unary-nullish.test.js
 PASS js-fuzzer-array-object-47b604e193a6.js [2403/10000] status=ok obs=c20ad4d76fe9 coverage=+0/32/38 time=7ms
  RUN js-fuzzer-corpus-96ebdcb81273.js [2404/10000] md5=96ebdcb81273f0e5e5778a6c70c94988 bytes=171 template=corpus origin=tests/corpus/syntax/object-destructure-and-members.test.js
 PASS js-fuzzer-corpus-96ebdcb81273.js [2404/10000] status=ok obs=bfad8dfa12ed coverage=+0/32/38 time=3ms
  RUN js-fuzzer-block-scope-cd50a5c167d4.js [2405/10000] md5=cd50a5c167d4b7a5954d5dfaea8f1621 bytes=114 template=block-scope origin=seed:tests/corpus/syntax/switch-do-while-sequence.test.js
 PASS js-fuzzer-block-scope-cd50a5c167d4.js [2405/10000] status=ok obs=a97da629b098 coverage=+0/32/38 time=3ms
  RUN js-fuzzer-loop-b88258462a8d.js [2406/10000] md5=b88258462a8d880f8b0e459fa23b2536 bytes=81 template=loop origin=seed:tests/corpus/syntax/template-array-destructure.test.js
 PASS js-fuzzer-loop-b88258462a8d.js [2406/10000] status=ok obs=3c59dc048e88 coverage=+0/32/38 time=7ms
  RUN js-fuzzer-try-catch-8d9c7d254dda.js [2407/10000] md5=8d9c7d254ddaafdc283e844d5d9a6231 bytes=109 template=try-catch origin=seed:tests/corpus/syntax/typescript-assertions.test.ts
 PASS js-fuzzer-try-catch-8d9c7d254dda.js [2407/10000] status=ok obs=a87ff679a2f3 coverage=+0/32/38 time=7ms
  RUN js-fuzzer-class-769274f77fa6.js [2408/10000] md5=769274f77fa62254ce7e0eb0e3adf7f1 bytes=100 template=class origin=seed:tests/corpus/syntax/typescript-non-null-satisfies.test.ts
 PASS js-fuzzer-class-769274f77fa6.js [2408/10000] status=ok obs=c4ca4238a0b9 coverage=+0/32/38 time=4ms
  RUN js-fuzzer-boundary-5c12d757f0dd.js [2409/10000] md5=5c12d757f0ddd5c6b1207b14fb1e8d0c bytes=122 template=boundary origin=boundary:2147483647
 PASS js-fuzzer-boundary-5c12d757f0dd.js [2409/10000] status=ok obs=c588c0a459f4 coverage=+0/32/38 time=4ms
  RUN js-fuzzer-function-06471e1fced1.js [2410/10000] md5=06471e1fced163f025e3f67e77c6ce04 bytes=153 template=function origin=seed:tests/corpus/fixtures/state-machine-workflow.test.js
 PASS js-fuzzer-function-06471e1fced1.js [2410/10000] status=ok obs=45c48cce2e2d coverage=+0/32/38 time=4ms
  RUN js-fuzzer-array-object-723ca0e417fd.js [2411/10000] md5=723ca0e417fdb7a75783c80749d00ffa bytes=133 template=array-object origin=seed:tests/corpus/fixtures/vue-script-workflow.test.vue
 PASS js-fuzzer-array-object-723ca0e417fd.js [2411/10000] status=ok obs=1f0e3dad9990 coverage=+0/32/38 time=5ms
  RUN js-fuzzer-closure-3b10b0952ba2.js [2412/10000] md5=3b10b0952ba263d46a3c3a8b16a3410a bytes=183 template=closure origin=seed:tests/corpus/obfuscation/constant-tag-mix.test.js
 PASS js-fuzzer-closure-3b10b0952ba2.js [2412/10000] status=ok obs=1f0e3dad9990 coverage=+0/32/38 time=4ms
  RUN js-fuzzer-corpus-fe2d30a6e413.js [2413/10000] md5=fe2d30a6e4139e7a8b52405bed737faa bytes=220 template=corpus origin=tests/corpus/obfuscation/extern-slot-permutation.test.js
 PASS js-fuzzer-corpus-fe2d30a6e413.js [2413/10000] status=ok obs=c34c702d0256 coverage=+0/32/38 time=4ms
  RUN js-fuzzer-loop-b88258462a8d.js [2414/10000] md5=b88258462a8d880f8b0e459fa23b2536 bytes=81 template=loop origin=seed:tests/corpus/obfuscation/externs-console.test.js
 PASS js-fuzzer-loop-b88258462a8d.js [2414/10000] status=ok obs=3c59dc048e88 coverage=+0/32/38 time=4ms
  RUN js-fuzzer-try-catch-f457fe0c144d.js [2415/10000] md5=f457fe0c144d86e31ce7ae86f7f5c357 bytes=110 template=try-catch origin=seed:tests/corpus/obfuscation/seed-sensitive-functions.test.js
 PASS js-fuzzer-try-catch-f457fe0c144d.js [2415/10000] status=ok obs=67c6a1e7ce56 coverage=+0/32/38 time=12ms
  RUN js-fuzzer-boundary-85faf3787c26.js [2416/10000] md5=85faf3787c26ca3bad9215a544873988 bytes=113 template=boundary origin=boundary:2
 PASS js-fuzzer-boundary-85faf3787c26.js [2416/10000] status=ok obs=c81e728d9d4c coverage=+0/32/38 time=12ms
  RUN js-fuzzer-arithmetic-b9a5172059c5.js [2417/10000] md5=b9a5172059c5fa77ff78e0acbfc465a0 bytes=83 template=arithmetic origin=seed:tests/corpus/regressions/multiple-functions-fib-add.test.js
 PASS js-fuzzer-arithmetic-b9a5172059c5.js [2417/10000] status=ok obs=c74d97b01eae coverage=+0/32/38 time=2ms
  RUN js-fuzzer-function-ba7ea055d439.js [2418/10000] md5=ba7ea055d4397ffca213251195491d86 bytes=153 template=function origin=seed:tests/corpus/regressions/scope-compressed-closure-params.test.js
 PASS js-fuzzer-function-ba7ea055d439.js [2418/10000] status=ok obs=8f14e45fceea coverage=+0/32/38 time=3ms
  RUN js-fuzzer-array-object-fb64055c4c12.js [2419/10000] md5=fb64055c4c12599faaf627c8111afd81 bytes=133 template=array-object origin=seed:tests/corpus/runtime/arrays-objects-methods.test.js
 PASS js-fuzzer-array-object-fb64055c4c12.js [2419/10000] status=ok obs=9bf31c7ff062 coverage=+0/32/38 time=2ms
  RUN js-fuzzer-closure-a968ba7833a4.js [2420/10000] md5=a968ba7833a4986ac8fe9cc84cc7ad00 bytes=184 template=closure origin=seed:tests/corpus/runtime/block-scopes.test.js
 PASS js-fuzzer-closure-a968ba7833a4.js [2420/10000] status=ok obs=d09bf41544a3 coverage=+0/32/38 time=2ms
  RUN js-fuzzer-block-scope-f10771fc8d16.js [2421/10000] md5=f10771fc8d167d816a462bb3854d8e2a bytes=114 template=block-scope origin=seed:tests/corpus/runtime/class-fields-static-methods.test.js
 PASS js-fuzzer-block-scope-f10771fc8d16.js [2421/10000] status=ok obs=65b9eea6e1cc coverage=+0/32/38 time=2ms
  RUN js-fuzzer-corpus-663bf83cd082.js [2422/10000] md5=663bf83cd082bd221441dae6bbc85046 bytes=278 template=corpus origin=tests/corpus/runtime/classes-and-objects.test.js
 PASS js-fuzzer-corpus-663bf83cd082.js [2422/10000] status=ok obs=6f4922f45568 coverage=+0/32/38 time=2ms
  RUN js-fuzzer-boundary-ccde2dac26f6.js [2423/10000] md5=ccde2dac26f6d3fd46c3698825685fe3 bytes=113 template=boundary origin=boundary:1
 PASS js-fuzzer-boundary-ccde2dac26f6.js [2423/10000] status=ok obs=c4ca4238a0b9 coverage=+0/32/38 time=2ms
  RUN js-fuzzer-class-3b630e2d834a.js [2424/10000] md5=3b630e2d834a95a01ee75571f8bc0075 bytes=101 template=class origin=seed:tests/corpus/runtime/closures-read-captured-values.test.js
 PASS js-fuzzer-class-3b630e2d834a.js [2424/10000] status=ok obs=6512bd43d9ca coverage=+0/32/38 time=3ms
  RUN js-fuzzer-arithmetic-3c363021e0b1.js [2425/10000] md5=3c363021e0b1a68585989e6ffda35245 bytes=84 template=arithmetic origin=seed:tests/corpus/runtime/exceptions-and-nullish.test.js
 PASS js-fuzzer-arithmetic-3c363021e0b1.js [2425/10000] status=ok obs=5878a7ab84fb coverage=+0/32/38 time=2ms
  RUN js-fuzzer-function-d3859b93eee1.js [2426/10000] md5=d3859b93eee1f3bcfec0cda51c4d02bf bytes=153 template=function origin=seed:tests/corpus/runtime/functions-closures-and-arrows.test.js
 PASS js-fuzzer-function-d3859b93eee1.js [2426/10000] status=ok obs=a87ff679a2f3 coverage=+0/32/38 time=4ms
  RUN js-fuzzer-array-object-0c255229c350.js [2427/10000] md5=0c255229c35093caee0a1fb90b1761a6 bytes=133 template=array-object origin=seed:tests/corpus/runtime/lexical-shadowing.test.js
 PASS js-fuzzer-array-object-0c255229c350.js [2427/10000] status=ok obs=c74d97b01eae coverage=+0/32/38 time=2ms
  RUN js-fuzzer-closure-fe96cd83a11c.js [2428/10000] md5=fe96cd83a11cb6bc909da03552653567 bytes=184 template=closure origin=seed:tests/corpus/runtime/modules-export.test.js
 PASS js-fuzzer-closure-fe96cd83a11c.js [2428/10000] status=ok obs=3416a75f4cea coverage=+0/32/38 time=2ms
  RUN js-fuzzer-block-scope-b62e371863bf.js [2429/10000] md5=b62e371863bf34426090ab1d2827b73f bytes=114 template=block-scope origin=seed:tests/corpus/runtime/nested-try-finally.test.js
 PASS js-fuzzer-block-scope-b62e371863bf.js [2429/10000] status=ok obs=a97da629b098 coverage=+0/32/38 time=2ms
  RUN js-fuzzer-boundary-37492c99ff33.js [2430/10000] md5=37492c99ff33e9d5e09e0b8e84ba785a bytes=129 template=boundary origin=boundary:-9007199254740991
 PASS js-fuzzer-boundary-37492c99ff33.js [2430/10000] status=ok obs=b3f3a95848f6 coverage=+0/32/38 time=2ms
  RUN js-fuzzer-corpus-279b64032335.js [2431/10000] md5=279b640323351a1b082b98b42d2a2d55 bytes=134 template=corpus origin=tests/corpus/syntax/logical-unary-nullish.test.js
 PASS js-fuzzer-corpus-279b64032335.js [2431/10000] status=ok obs=45c48cce2e2d coverage=+0/32/38 time=1ms
  RUN js-fuzzer-class-47fbd3db5853.js [2432/10000] md5=47fbd3db58539fc2e42627a4f3168c79 bytes=101 template=class origin=seed:tests/corpus/syntax/object-destructure-and-members.test.js
 PASS js-fuzzer-class-47fbd3db5853.js [2432/10000] status=ok obs=98f137082101 coverage=+0/32/38 time=2ms
  RUN js-fuzzer-arithmetic-6969cb82d7de.js [2433/10000] md5=6969cb82d7de97295c30a1f9f4f5f218 bytes=85 template=arithmetic origin=seed:tests/corpus/syntax/switch-do-while-sequence.test.js
 PASS js-fuzzer-arithmetic-6969cb82d7de.js [2433/10000] status=ok obs=8f121ce07d74 coverage=+0/32/38 time=2ms
  RUN js-fuzzer-function-53ef3ed61b76.js [2434/10000] md5=53ef3ed61b76dc45be6c66e5b3206216 bytes=153 template=function origin=seed:tests/corpus/syntax/template-array-destructure.test.js
 PASS js-fuzzer-function-53ef3ed61b76.js [2434/10000] status=ok obs=70efdf2ec9b0 coverage=+0/32/38 time=2ms
  RUN js-fuzzer-array-object-21e4ab7bc8be.js [2435/10000] md5=21e4ab7bc8be0f91df609d6a43b583d9 bytes=133 template=array-object origin=seed:tests/corpus/syntax/typescript-assertions.test.ts
 PASS js-fuzzer-array-object-21e4ab7bc8be.js [2435/10000] status=ok obs=1f0e3dad9990 coverage=+0/32/38 time=2ms
  RUN js-fuzzer-closure-33390bfa265b.js [2436/10000] md5=33390bfa265b28d1a5d05d5e8240fd7e bytes=184 template=closure origin=seed:tests/corpus/syntax/typescript-non-null-satisfies.test.ts
 PASS js-fuzzer-closure-33390bfa265b.js [2436/10000] status=ok obs=2838023a778d coverage=+0/32/38 time=2ms
  RUN js-fuzzer-boundary-205872a6e44c.js [2437/10000] md5=205872a6e44c1ea0cf94554af934fb09 bytes=123 template=boundary origin=boundary:-2147483648
 PASS js-fuzzer-boundary-205872a6e44c.js [2437/10000] status=ok obs=034ff5946105 coverage=+0/32/38 time=1ms
  RUN js-fuzzer-loop-55c7c905bffb.js [2438/10000] md5=55c7c905bffb4bbbc4c8fb9b91df6ad8 bytes=81 template=loop origin=seed:tests/corpus/fixtures/state-machine-workflow.test.js
 PASS js-fuzzer-loop-55c7c905bffb.js [2438/10000] status=ok obs=eccbc87e4b5c coverage=+0/32/38 time=2ms
  RUN js-fuzzer-try-catch-84bb82ab521c.js [2439/10000] md5=84bb82ab521cc370007aca532f77c9e1 bytes=110 template=try-catch origin=seed:tests/corpus/fixtures/vue-script-workflow.test.vue
 PASS js-fuzzer-try-catch-84bb82ab521c.js [2439/10000] status=ok obs=c16a5320fa47 coverage=+0/32/38 time=2ms
  RUN js-fuzzer-corpus-f00ef18b0a17.js [2440/10000] md5=f00ef18b0a172b2a2d9833f5b7fe94e2 bytes=199 template=corpus origin=tests/corpus/obfuscation/constant-tag-mix.test.js
 PASS js-fuzzer-corpus-f00ef18b0a17.js [2440/10000] status=ok obs=e86823f38986 coverage=+0/32/38 time=2ms
  RUN js-fuzzer-arithmetic-486897d2cac2.js [2441/10000] md5=486897d2cac2f9b8e1643d83b83b54d3 bytes=85 template=arithmetic origin=seed:tests/corpus/obfuscation/extern-slot-permutation.test.js
 PASS js-fuzzer-arithmetic-486897d2cac2.js [2441/10000] status=ok obs=13fe9d84310e coverage=+0/32/38 time=1ms
  RUN js-fuzzer-function-f9a15ede1a13.js [2442/10000] md5=f9a15ede1a136ec60ae593fd7d4d8635 bytes=153 template=function origin=seed:tests/corpus/obfuscation/externs-console.test.js
 PASS js-fuzzer-function-f9a15ede1a13.js [2442/10000] status=ok obs=d3d9446802a4 coverage=+0/32/38 time=2ms
  RUN js-fuzzer-array-object-18bf20f9e08f.js [2443/10000] md5=18bf20f9e08f4336b517df52ac3f99fb bytes=133 template=array-object origin=seed:tests/corpus/obfuscation/seed-sensitive-functions.test.js
 PASS js-fuzzer-array-object-18bf20f9e08f.js [2443/10000] status=ok obs=70efdf2ec9b0 coverage=+0/32/38 time=2ms
  RUN js-fuzzer-boundary-6d89c3a838ae.js [2444/10000] md5=6d89c3a838ae354bda64ec37ec2b63b1 bytes=114 template=boundary origin=boundary:-2
 PASS js-fuzzer-boundary-6d89c3a838ae.js [2444/10000] status=ok obs=5d7b9adcbe1c coverage=+0/32/38 time=2ms
  RUN js-fuzzer-block-scope-abe4791afcdb.js [2445/10000] md5=abe4791afcdb021f11eb2a51d3daa235 bytes=114 template=block-scope origin=seed:tests/corpus/regressions/multiple-functions-fib-add.test.js
 PASS js-fuzzer-block-scope-abe4791afcdb.js [2445/10000] status=ok obs=a3c65c297427 coverage=+0/32/38 time=1ms
  RUN js-fuzzer-loop-bbf1d7a15d8d.js [2446/10000] md5=bbf1d7a15d8dd015402d75c0e0108b5f bytes=81 template=loop origin=seed:tests/corpus/regressions/scope-compressed-closure-params.test.js
 PASS js-fuzzer-loop-bbf1d7a15d8d.js [2446/10000] status=ok obs=1679091c5a88 coverage=+0/32/38 time=2ms
  RUN js-fuzzer-try-catch-83aeb7d5f114.js [2447/10000] md5=83aeb7d5f114f448e90b2f3e31e7a7e9 bytes=110 template=try-catch origin=seed:tests/corpus/runtime/arrays-objects-methods.test.js
 PASS js-fuzzer-try-catch-83aeb7d5f114.js [2447/10000] status=ok obs=e369853df766 coverage=+0/32/38 time=2ms
  RUN js-fuzzer-class-d2b3669b495d.js [2448/10000] md5=d2b3669b495dd4792f9e1509f2bbf8a7 bytes=100 template=class origin=seed:tests/corpus/runtime/block-scopes.test.js
 PASS js-fuzzer-class-d2b3669b495d.js [2448/10000] status=ok obs=eccbc87e4b5c coverage=+0/32/38 time=1ms
  RUN js-fuzzer-corpus-a64e83c2f849.js [2449/10000] md5=a64e83c2f84925dca8985eabe963ee21 bytes=179 template=corpus origin=tests/corpus/runtime/class-fields-static-methods.test.js
 PASS js-fuzzer-corpus-a64e83c2f849.js [2449/10000] status=ok obs=8f14e45fceea coverage=+0/32/38 time=2ms
  RUN js-fuzzer-function-f172d914fe2f.js [2450/10000] md5=f172d914fe2f2d124fd9ee51d2714545 bytes=153 template=function origin=seed:tests/corpus/runtime/classes-and-objects.test.js
 PASS js-fuzzer-function-f172d914fe2f.js [2450/10000] status=ok obs=c9f0f895fb98 coverage=+0/32/38 time=2ms
  RUN js-fuzzer-boundary-3d1d4e90ebd9.js [2451/10000] md5=3d1d4e90ebd99aad7ece59efc98f7563 bytes=114 template=boundary origin=boundary:-1
 PASS js-fuzzer-boundary-3d1d4e90ebd9.js [2451/10000] status=ok obs=6bb61e3b7bce coverage=+0/32/38 time=2ms
  RUN js-fuzzer-closure-962d4f1e2622.js [2452/10000] md5=962d4f1e262235e19adfa11e1769de5e bytes=185 template=closure origin=seed:tests/corpus/runtime/closures-read-captured-values.test.js
 PASS js-fuzzer-closure-962d4f1e2622.js [2452/10000] status=ok obs=2838023a778d coverage=+0/32/38 time=1ms
  RUN js-fuzzer-block-scope-9b5f2a61b064.js [2453/10000] md5=9b5f2a61b064984be8e4dedf9ba10531 bytes=114 template=block-scope origin=seed:tests/corpus/runtime/exceptions-and-nullish.test.js
 PASS js-fuzzer-block-scope-9b5f2a61b064.js [2453/10000] status=ok obs=a3c65c297427 coverage=+0/32/38 time=2ms
  RUN js-fuzzer-loop-54e460cecf5c.js [2454/10000] md5=54e460cecf5c05dfcffaa3b2e5f57445 bytes=81 template=loop origin=seed:tests/corpus/runtime/functions-closures-and-arrows.test.js
 PASS js-fuzzer-loop-54e460cecf5c.js [2454/10000] status=ok obs=d3d9446802a4 coverage=+0/32/38 time=2ms
  RUN js-fuzzer-try-catch-84bb82ab521c.js [2455/10000] md5=84bb82ab521cc370007aca532f77c9e1 bytes=110 template=try-catch origin=seed:tests/corpus/runtime/lexical-shadowing.test.js
 PASS js-fuzzer-try-catch-84bb82ab521c.js [2455/10000] status=ok obs=c16a5320fa47 coverage=+0/32/38 time=1ms
  RUN js-fuzzer-class-47fbd3db5853.js [2456/10000] md5=47fbd3db58539fc2e42627a4f3168c79 bytes=101 template=class origin=seed:tests/corpus/runtime/modules-export.test.js
 PASS js-fuzzer-class-47fbd3db5853.js [2456/10000] status=ok obs=98f137082101 coverage=+0/32/38 time=2ms
  RUN js-fuzzer-arithmetic-0d23ad5cec0f.js [2457/10000] md5=0d23ad5cec0fcbaae47b126044e71890 bytes=84 template=arithmetic origin=seed:tests/corpus/runtime/nested-try-finally.test.js
 PASS js-fuzzer-arithmetic-0d23ad5cec0f.js [2457/10000] status=ok obs=182be0c5cdcd coverage=+0/32/38 time=2ms
  RUN js-fuzzer-corpus-89e900fcb72f.js [2458/10000] md5=89e900fcb72ff838bfe9a13ae091363f bytes=228 template=corpus origin=tests/corpus/syntax/control-flow-and-operators.test.js
 PASS js-fuzzer-corpus-89e900fcb72f.js [2458/10000] status=ok obs=aab3238922bc coverage=+0/32/38 time=2ms
  RUN js-fuzzer-array-object-382cff2edc6d.js [2459/10000] md5=382cff2edc6d93bc1136ec1e0e0f613f bytes=133 template=array-object origin=seed:tests/corpus/syntax/logical-unary-nullish.test.js
 PASS js-fuzzer-array-object-382cff2edc6d.js [2459/10000] status=ok obs=aab3238922bc coverage=+0/32/38 time=2ms
  RUN js-fuzzer-closure-ac1b0be3299a.js [2460/10000] md5=ac1b0be3299a0d78b1150042cdb93d73 bytes=184 template=closure origin=seed:tests/corpus/syntax/object-destructure-and-members.test.js
 PASS js-fuzzer-closure-ac1b0be3299a.js [2460/10000] status=ok obs=17e62166fc85 coverage=+0/32/38 time=1ms
  RUN js-fuzzer-block-scope-40a5982cf768.js [2461/10000] md5=40a5982cf768ebd078e685651f781b85 bytes=114 template=block-scope origin=seed:tests/corpus/syntax/switch-do-while-sequence.test.js
 PASS js-fuzzer-block-scope-40a5982cf768.js [2461/10000] status=ok obs=ec8956637a99 coverage=+0/32/38 time=2ms
  RUN js-fuzzer-loop-54e460cecf5c.js [2462/10000] md5=54e460cecf5c05dfcffaa3b2e5f57445 bytes=81 template=loop origin=seed:tests/corpus/syntax/template-array-destructure.test.js
 PASS js-fuzzer-loop-54e460cecf5c.js [2462/10000] status=ok obs=d3d9446802a4 coverage=+0/32/38 time=2ms
  RUN js-fuzzer-try-catch-14bcb064f014.js [2463/10000] md5=14bcb064f014dbe91c2010889dcaa2c0 bytes=110 template=try-catch origin=seed:tests/corpus/syntax/typescript-assertions.test.ts
 PASS js-fuzzer-try-catch-14bcb064f014.js [2463/10000] status=ok obs=c0c7c76d30bd coverage=+0/32/38 time=1ms
  RUN js-fuzzer-class-a365d1a76b7b.js [2464/10000] md5=a365d1a76b7b0d4310621afa7caac433 bytes=100 template=class origin=seed:tests/corpus/syntax/typescript-non-null-satisfies.test.ts
 PASS js-fuzzer-class-a365d1a76b7b.js [2464/10000] status=ok obs=8f14e45fceea coverage=+0/32/38 time=2ms
  RUN js-fuzzer-boundary-2b35f90895ea.js [2465/10000] md5=2b35f90895ea85111e562e627044f919 bytes=128 template=boundary origin=boundary:9007199254740991
 PASS js-fuzzer-boundary-2b35f90895ea.js [2465/10000] status=ok obs=8bfa9ad090fb coverage=+0/32/38 time=1ms
  RUN js-fuzzer-function-297962b584b2.js [2466/10000] md5=297962b584b2139723d9064b9ad0de50 bytes=153 template=function origin=seed:tests/corpus/fixtures/state-machine-workflow.test.js
 PASS js-fuzzer-function-297962b584b2.js [2466/10000] status=ok obs=c81e728d9d4c coverage=+0/32/38 time=2ms
  RUN js-fuzzer-corpus-f722388c7961.js [2467/10000] md5=f722388c7961d2a0288508c35f28a5f8 bytes=96 template=corpus origin=tests/corpus/fixtures/vue-script-workflow.test.vue
 PASS js-fuzzer-corpus-f722388c7961.js [2467/10000] status=ok obs=6512bd43d9ca coverage=+0/32/38 time=2ms
  RUN js-fuzzer-closure-21beddabec93.js [2468/10000] md5=21beddabec9302170cf9a8410a8f79a0 bytes=183 template=closure origin=seed:tests/corpus/obfuscation/constant-tag-mix.test.js
 PASS js-fuzzer-closure-21beddabec93.js [2468/10000] status=ok obs=9bf31c7ff062 coverage=+0/32/38 time=2ms
  RUN js-fuzzer-block-scope-0e2f1ddd0627.js [2469/10000] md5=0e2f1ddd0627f4a9c4a62578b5531929 bytes=114 template=block-scope origin=seed:tests/corpus/obfuscation/extern-slot-permutation.test.js
 PASS js-fuzzer-block-scope-0e2f1ddd0627.js [2469/10000] status=ok obs=2723d092b638 coverage=+0/32/38 time=2ms
  RUN js-fuzzer-loop-bbf1d7a15d8d.js [2470/10000] md5=bbf1d7a15d8dd015402d75c0e0108b5f bytes=81 template=loop origin=seed:tests/corpus/obfuscation/externs-console.test.js
 PASS js-fuzzer-loop-bbf1d7a15d8d.js [2470/10000] status=ok obs=1679091c5a88 coverage=+0/32/38 time=1ms
  RUN js-fuzzer-try-catch-949865ef2d04.js [2471/10000] md5=949865ef2d045cce3ed2d503f7e03e63 bytes=110 template=try-catch origin=seed:tests/corpus/obfuscation/seed-sensitive-functions.test.js
 PASS js-fuzzer-try-catch-949865ef2d04.js [2471/10000] status=ok obs=6f4922f45568 coverage=+0/32/38 time=2ms
  RUN js-fuzzer-boundary-86f8354fc6fd.js [2472/10000] md5=86f8354fc6fd092b05683bbf230dc769 bytes=122 template=boundary origin=boundary:2147483647
 PASS js-fuzzer-boundary-86f8354fc6fd.js [2472/10000] status=ok obs=c588c0a459f4 coverage=+0/32/38 time=2ms
  RUN js-fuzzer-arithmetic-d481708ab2ad.js [2473/10000] md5=d481708ab2adfae2719f077b22ee744a bytes=84 template=arithmetic origin=seed:tests/corpus/regressions/multiple-functions-fib-add.test.js
 PASS js-fuzzer-arithmetic-d481708ab2ad.js [2473/10000] status=ok obs=26657d5ff902 coverage=+0/32/38 time=1ms
  RUN js-fuzzer-function-1bdd3cdc8039.js [2474/10000] md5=1bdd3cdc8039303572ffd714360b1f25 bytes=153 template=function origin=seed:tests/corpus/regressions/scope-compressed-closure-params.test.js
 PASS js-fuzzer-function-1bdd3cdc8039.js [2474/10000] status=ok obs=37693cfc7480 coverage=+0/32/38 time=3ms
  RUN js-fuzzer-array-object-85e272cae599.js [2475/10000] md5=85e272cae5997a721a59d34557d21c1f bytes=133 template=array-object origin=seed:tests/corpus/runtime/arrays-objects-methods.test.js
 PASS js-fuzzer-array-object-85e272cae599.js [2475/10000] status=ok obs=6512bd43d9ca coverage=+0/32/38 time=2ms
  RUN js-fuzzer-corpus-8b78ba7912c5.js [2476/10000] md5=8b78ba7912c51f6cf304b65c6ebdb2e3 bytes=289 template=corpus origin=tests/corpus/runtime/block-scopes.test.js
 PASS js-fuzzer-corpus-8b78ba7912c5.js [2476/10000] status=ok obs=37693cfc7480 coverage=+0/32/38 time=2ms
  RUN js-fuzzer-block-scope-4b457eeecddb.js [2477/10000] md5=4b457eeecddb6b0bd24e459f515190d8 bytes=114 template=block-scope origin=seed:tests/corpus/runtime/class-fields-static-methods.test.js
 PASS js-fuzzer-block-scope-4b457eeecddb.js [2477/10000] status=ok obs=2723d092b638 coverage=+0/32/38 time=2ms
  RUN js-fuzzer-loop-54e460cecf5c.js [2478/10000] md5=54e460cecf5c05dfcffaa3b2e5f57445 bytes=81 template=loop origin=seed:tests/corpus/runtime/classes-and-objects.test.js
 PASS js-fuzzer-loop-54e460cecf5c.js [2478/10000] status=ok obs=d3d9446802a4 coverage=+0/32/38 time=2ms
  RUN js-fuzzer-boundary-14a05a816d97.js [2479/10000] md5=14a05a816d975afa7654eb06610350d0 bytes=113 template=boundary origin=boundary:2
 PASS js-fuzzer-boundary-14a05a816d97.js [2479/10000] status=ok obs=c81e728d9d4c coverage=+0/32/38 time=2ms
  RUN js-fuzzer-class-6736c24444bc.js [2480/10000] md5=6736c24444bc6ff151b05a9a974ae4d5 bytes=100 template=class origin=seed:tests/corpus/runtime/closures-read-captured-values.test.js
 PASS js-fuzzer-class-6736c24444bc.js [2480/10000] status=ok obs=45c48cce2e2d coverage=+0/32/38 time=2ms
  RUN js-fuzzer-arithmetic-ad359d31346c.js [2481/10000] md5=ad359d31346c5cab6ec0b1e43f0492e7 bytes=85 template=arithmetic origin=seed:tests/corpus/runtime/exceptions-and-nullish.test.js
 PASS js-fuzzer-arithmetic-ad359d31346c.js [2481/10000] status=ok obs=f2217062e9a3 coverage=+0/32/38 time=2ms
  RUN js-fuzzer-function-0b0d1f5ee746.js [2482/10000] md5=0b0d1f5ee746281ffbedfb7f7f4c45bc bytes=153 template=function origin=seed:tests/corpus/runtime/functions-closures-and-arrows.test.js
 PASS js-fuzzer-function-0b0d1f5ee746.js [2482/10000] status=ok obs=e4da3b7fbbce coverage=+0/32/38 time=2ms
  RUN js-fuzzer-array-object-1b700fd131a5.js [2483/10000] md5=1b700fd131a5af8734f95ea18c2ca035 bytes=133 template=array-object origin=seed:tests/corpus/runtime/lexical-shadowing.test.js
 PASS js-fuzzer-array-object-1b700fd131a5.js [2483/10000] status=ok obs=c51ce410c124 coverage=+0/32/38 time=2ms
  RUN js-fuzzer-closure-a392587cefad.js [2484/10000] md5=a392587cefadebb87f0199c89f117b0a bytes=183 template=closure origin=seed:tests/corpus/runtime/modules-export.test.js
 PASS js-fuzzer-closure-a392587cefad.js [2484/10000] status=ok obs=182be0c5cdcd coverage=+0/32/38 time=2ms
  RUN js-fuzzer-corpus-c557f8da2a9d.js [2485/10000] md5=c557f8da2a9d2904c70dca50c3eeb50e bytes=191 template=corpus origin=tests/corpus/runtime/nested-try-finally.test.js
 PASS js-fuzzer-corpus-c557f8da2a9d.js [2485/10000] status=ok obs=8f14e45fceea coverage=+0/32/38 time=2ms
  RUN js-fuzzer-boundary-2f35f880f964.js [2486/10000] md5=2f35f880f96468b375c4e71feba05308 bytes=113 template=boundary origin=boundary:1
 PASS js-fuzzer-boundary-2f35f880f964.js [2486/10000] status=ok obs=c4ca4238a0b9 coverage=+0/32/38 time=2ms
  RUN js-fuzzer-try-catch-49469dc3bbde.js [2487/10000] md5=49469dc3bbdee70291dead76d4352702 bytes=109 template=try-catch origin=seed:tests/corpus/syntax/logical-unary-nullish.test.js
 PASS js-fuzzer-try-catch-49469dc3bbde.js [2487/10000] status=ok obs=d3d9446802a4 coverage=+0/32/38 time=1ms
  RUN js-fuzzer-class-f454a055ed5d.js [2488/10000] md5=f454a055ed5dc800cb1ab66abc7a01de bytes=100 template=class origin=seed:tests/corpus/syntax/object-destructure-and-members.test.js
 PASS js-fuzzer-class-f454a055ed5d.js [2488/10000] status=ok obs=a87ff679a2f3 coverage=+0/32/38 time=2ms
  RUN js-fuzzer-arithmetic-41efd3bee45c.js [2489/10000] md5=41efd3bee45ce7c4f07171c0bf6e8bf9 bytes=84 template=arithmetic origin=seed:tests/corpus/syntax/switch-do-while-sequence.test.js
 PASS js-fuzzer-arithmetic-41efd3bee45c.js [2489/10000] status=ok obs=68d30a959472 coverage=+0/32/38 time=1ms
  RUN js-fuzzer-function-3dca9339a683.js [2490/10000] md5=3dca9339a6831946d3c5250be8e34eee bytes=153 template=function origin=seed:tests/corpus/syntax/template-array-destructure.test.js
 PASS js-fuzzer-function-3dca9339a683.js [2490/10000] status=ok obs=e4da3b7fbbce coverage=+0/32/38 time=1ms
  RUN js-fuzzer-array-object-de6eadbb56d8.js [2491/10000] md5=de6eadbb56d8e938372fd2d7da71e6db bytes=133 template=array-object origin=seed:tests/corpus/syntax/typescript-assertions.test.ts
 PASS js-fuzzer-array-object-de6eadbb56d8.js [2491/10000] status=ok obs=1f0e3dad9990 coverage=+0/32/38 time=2ms
  RUN js-fuzzer-closure-03ab8f714117.js [2492/10000] md5=03ab8f7141176a2474988b3d913beb25 bytes=183 template=closure origin=seed:tests/corpus/syntax/typescript-non-null-satisfies.test.ts
 PASS js-fuzzer-closure-03ab8f714117.js [2492/10000] status=ok obs=3c59dc048e88 coverage=+0/32/38 time=2ms
  RUN js-fuzzer-boundary-6aec0a9b1ff4.js [2493/10000] md5=6aec0a9b1ff4294bcfecb539ba7e660b bytes=129 template=boundary origin=boundary:-9007199254740991
 PASS js-fuzzer-boundary-6aec0a9b1ff4.js [2493/10000] status=ok obs=b3f3a95848f6 coverage=+0/32/38 time=2ms
  RUN js-fuzzer-corpus-ab8ca4f8757c.js [2494/10000] md5=ab8ca4f8757c6165b29cd6a662edad93 bytes=450 template=corpus origin=tests/corpus/fixtures/state-machine-workflow.test.js
 PASS js-fuzzer-corpus-ab8ca4f8757c.js [2494/10000] status=ok obs=b9f49c580664 coverage=+0/32/38 time=2ms
  RUN js-fuzzer-try-catch-40520a1b7956.js [2495/10000] md5=40520a1b7956f57804d753ea77e1e468 bytes=110 template=try-catch origin=seed:tests/corpus/fixtures/vue-script-workflow.test.vue
 PASS js-fuzzer-try-catch-40520a1b7956.js [2495/10000] status=ok obs=70efdf2ec9b0 coverage=+0/32/38 time=2ms
  RUN js-fuzzer-class-3b630e2d834a.js [2496/10000] md5=3b630e2d834a95a01ee75571f8bc0075 bytes=101 template=class origin=seed:tests/corpus/obfuscation/constant-tag-mix.test.js
 PASS js-fuzzer-class-3b630e2d834a.js [2496/10000] status=ok obs=6512bd43d9ca coverage=+0/32/38 time=1ms
  RUN js-fuzzer-arithmetic-93a7aa44e356.js [2497/10000] md5=93a7aa44e3560751da8ece8eb9b3e0b1 bytes=84 template=arithmetic origin=seed:tests/corpus/obfuscation/extern-slot-permutation.test.js
 PASS js-fuzzer-arithmetic-93a7aa44e356.js [2497/10000] status=ok obs=28dd2c7955ce coverage=+0/32/38 time=2ms
  RUN js-fuzzer-function-98e8c4d5dcc0.js [2498/10000] md5=98e8c4d5dcc095fbcedf7527b98fd4fe bytes=153 template=function origin=seed:tests/corpus/obfuscation/externs-console.test.js
 PASS js-fuzzer-function-98e8c4d5dcc0.js [2498/10000] status=ok obs=c9f0f895fb98 coverage=+0/32/38 time=2ms
  RUN js-fuzzer-array-object-8883ee2d383c.js [2499/10000] md5=8883ee2d383ce9919f11ebd67032d4aa bytes=133 template=array-object origin=seed:tests/corpus/obfuscation/seed-sensitive-functions.test.js
 PASS js-fuzzer-array-object-8883ee2d383c.js [2499/10000] status=ok obs=d3d9446802a4 coverage=+0/32/38 time=1ms
  RUN js-fuzzer-boundary-205872a6e44c.js [2500/10000] md5=205872a6e44c1ea0cf94554af934fb09 bytes=123 template=boundary origin=boundary:-2147483648
 PASS js-fuzzer-boundary-205872a6e44c.js [2500/10000] status=ok obs=034ff5946105 coverage=+0/32/38 time=2ms
  RUN js-fuzzer-block-scope-741e2fdef7a8.js [2501/10000] md5=741e2fdef7a88eb9a4bedb77b8a949ae bytes=114 template=block-scope origin=seed:tests/corpus/regressions/multiple-functions-fib-add.test.js
 PASS js-fuzzer-block-scope-741e2fdef7a8.js [2501/10000] status=ok obs=65b9eea6e1cc coverage=+0/32/38 time=2ms
  RUN js-fuzzer-loop-55c7c905bffb.js [2502/10000] md5=55c7c905bffb4bbbc4c8fb9b91df6ad8 bytes=81 template=loop origin=seed:tests/corpus/regressions/scope-compressed-closure-params.test.js
 PASS js-fuzzer-loop-55c7c905bffb.js [2502/10000] status=ok obs=eccbc87e4b5c coverage=+0/32/38 time=2ms
  RUN js-fuzzer-corpus-a07012429fce.js [2503/10000] md5=a07012429fce4b4d7c8af42f445f70b9 bytes=163 template=corpus origin=tests/corpus/runtime/arrays-objects-methods.test.js
 PASS js-fuzzer-corpus-a07012429fce.js [2503/10000] status=ok obs=c51ce410c124 coverage=+0/32/38 time=1ms
  RUN js-fuzzer-class-6736c24444bc.js [2504/10000] md5=6736c24444bc6ff151b05a9a974ae4d5 bytes=100 template=class origin=seed:tests/corpus/runtime/block-scopes.test.js
 PASS js-fuzzer-class-6736c24444bc.js [2504/10000] status=ok obs=45c48cce2e2d coverage=+0/32/38 time=2ms
  RUN js-fuzzer-arithmetic-5cb5a9d5a151.js [2505/10000] md5=5cb5a9d5a151cbc8979051e33719ea18 bytes=85 template=arithmetic origin=seed:tests/corpus/runtime/class-fields-static-methods.test.js
 PASS js-fuzzer-arithmetic-5cb5a9d5a151.js [2505/10000] status=ok obs=c24cd76e1ce4 coverage=+0/32/38 time=2ms
  RUN js-fuzzer-function-cb7d7d91d83d.js [2506/10000] md5=cb7d7d91d83d165500656240f14cd1fc bytes=153 template=function origin=seed:tests/corpus/runtime/classes-and-objects.test.js
 PASS js-fuzzer-function-cb7d7d91d83d.js [2506/10000] status=ok obs=8f14e45fceea coverage=+0/32/38 time=2ms
  RUN js-fuzzer-boundary-92df4f5b559a.js [2507/10000] md5=92df4f5b559a550058b4133ffb629932 bytes=114 template=boundary origin=boundary:-2
 PASS js-fuzzer-boundary-92df4f5b559a.js [2507/10000] status=ok obs=5d7b9adcbe1c coverage=+0/32/38 time=1ms
  RUN js-fuzzer-closure-61d7fd307b30.js [2508/10000] md5=61d7fd307b30d6d8b58eefdce1471036 bytes=185 template=closure origin=seed:tests/corpus/runtime/closures-read-captured-values.test.js
 PASS js-fuzzer-closure-61d7fd307b30.js [2508/10000] status=ok obs=d09bf41544a3 coverage=+0/32/38 time=2ms
  RUN js-fuzzer-block-scope-8aaa483675b3.js [2509/10000] md5=8aaa483675b368db5813ee90004aac25 bytes=114 template=block-scope origin=seed:tests/corpus/runtime/exceptions-and-nullish.test.js
 PASS js-fuzzer-block-scope-8aaa483675b3.js [2509/10000] status=ok obs=6974ce5ac660 coverage=+0/32/38 time=1ms
  RUN js-fuzzer-loop-55c7c905bffb.js [2510/10000] md5=55c7c905bffb4bbbc4c8fb9b91df6ad8 bytes=81 template=loop origin=seed:tests/corpus/runtime/functions-closures-and-arrows.test.js
 PASS js-fuzzer-loop-55c7c905bffb.js [2510/10000] status=ok obs=eccbc87e4b5c coverage=+0/32/38 time=1ms
  RUN js-fuzzer-try-catch-676dafc46859.js [2511/10000] md5=676dafc4685905581f3925e95c53669f bytes=110 template=try-catch origin=seed:tests/corpus/runtime/lexical-shadowing.test.js
 PASS js-fuzzer-try-catch-676dafc46859.js [2511/10000] status=ok obs=a5771bce93e2 coverage=+0/32/38 time=2ms
  RUN js-fuzzer-corpus-4131d841163b.js [2512/10000] md5=4131d841163b79e192bca9d4fc683c54 bytes=58 template=corpus origin=tests/corpus/runtime/modules-export.test.js
 PASS js-fuzzer-corpus-4131d841163b.js [2512/10000] status=ok obs=8f14e45fceea coverage=+0/32/38 time=1ms
  RUN js-fuzzer-arithmetic-df473f523b38.js [2513/10000] md5=df473f523b38a715d4898cb33fd3120a bytes=84 template=arithmetic origin=seed:tests/corpus/runtime/nested-try-finally.test.js
 PASS js-fuzzer-arithmetic-df473f523b38.js [2513/10000] status=ok obs=ec5decca5ed3 coverage=+0/32/38 time=2ms
  RUN js-fuzzer-boundary-3d1d4e90ebd9.js [2514/10000] md5=3d1d4e90ebd99aad7ece59efc98f7563 bytes=114 template=boundary origin=boundary:-1
 PASS js-fuzzer-boundary-3d1d4e90ebd9.js [2514/10000] status=ok obs=6bb61e3b7bce coverage=+0/32/38 time=2ms
  RUN js-fuzzer-array-object-769cd8d5479b.js [2515/10000] md5=769cd8d5479bfda7238f3ed1881d6944 bytes=133 template=array-object origin=seed:tests/corpus/syntax/logical-unary-nullish.test.js
 PASS js-fuzzer-array-object-769cd8d5479b.js [2515/10000] status=ok obs=70efdf2ec9b0 coverage=+0/32/38 time=2ms
  RUN js-fuzzer-closure-21beddabec93.js [2516/10000] md5=21beddabec9302170cf9a8410a8f79a0 bytes=183 template=closure origin=seed:tests/corpus/syntax/object-destructure-and-members.test.js
 PASS js-fuzzer-closure-21beddabec93.js [2516/10000] status=ok obs=9bf31c7ff062 coverage=+0/32/38 time=1ms
  RUN js-fuzzer-block-scope-bdee2ca933f4.js [2517/10000] md5=bdee2ca933f4d75f33d7f05fede856cb bytes=114 template=block-scope origin=seed:tests/corpus/syntax/switch-do-while-sequence.test.js
 PASS js-fuzzer-block-scope-bdee2ca933f4.js [2517/10000] status=ok obs=a3c65c297427 coverage=+0/32/38 time=2ms
  RUN js-fuzzer-loop-b88258462a8d.js [2518/10000] md5=b88258462a8d880f8b0e459fa23b2536 bytes=81 template=loop origin=seed:tests/corpus/syntax/template-array-destructure.test.js
 PASS js-fuzzer-loop-b88258462a8d.js [2518/10000] status=ok obs=3c59dc048e88 coverage=+0/32/38 time=2ms
  RUN js-fuzzer-try-catch-f24fba189d45.js [2519/10000] md5=f24fba189d4541ce9d4809156ecb450c bytes=110 template=try-catch origin=seed:tests/corpus/syntax/typescript-assertions.test.ts
 PASS js-fuzzer-try-catch-f24fba189d45.js [2519/10000] status=ok obs=1ff1de774005 coverage=+0/32/38 time=1ms
  RUN js-fuzzer-class-b901915e3eda.js [2520/10000] md5=b901915e3eda1a96f77dcec9fff681b5 bytes=100 template=class origin=seed:tests/corpus/syntax/typescript-non-null-satisfies.test.ts
 PASS js-fuzzer-class-b901915e3eda.js [2520/10000] status=ok obs=c81e728d9d4c coverage=+0/32/38 time=2ms
  RUN js-fuzzer-corpus-797f152bf878.js [2521/10000] md5=797f152bf878d5049066c6db6d2360b3 bytes=355 template=corpus origin=tests/corpus/fixtures/job-workflow.test.js
 PASS js-fuzzer-corpus-797f152bf878.js [2521/10000] status=ok obs=b9de0628c8ec coverage=+0/32/38 time=2ms
  RUN js-fuzzer-function-06471e1fced1.js [2522/10000] md5=06471e1fced163f025e3f67e77c6ce04 bytes=153 template=function origin=seed:tests/corpus/fixtures/state-machine-workflow.test.js
 PASS js-fuzzer-function-06471e1fced1.js [2522/10000] status=ok obs=45c48cce2e2d coverage=+0/32/38 time=2ms
  RUN js-fuzzer-array-object-851e377110ac.js [2523/10000] md5=851e377110acc75beb8d9747bbaf246f bytes=133 template=array-object origin=seed:tests/corpus/fixtures/vue-script-workflow.test.vue
 PASS js-fuzzer-array-object-851e377110ac.js [2523/10000] status=ok obs=6512bd43d9ca coverage=+0/32/38 time=2ms
  RUN js-fuzzer-closure-9479932d301a.js [2524/10000] md5=9479932d301a94f4a3a7b9eb7ac7be96 bytes=183 template=closure origin=seed:tests/corpus/obfuscation/constant-tag-mix.test.js
 PASS js-fuzzer-closure-9479932d301a.js [2524/10000] status=ok obs=3c59dc048e88 coverage=+0/32/38 time=2ms
  RUN js-fuzzer-block-scope-5156504b8731.js [2525/10000] md5=5156504b873144dd54d24c94d4b589bb bytes=114 template=block-scope origin=seed:tests/corpus/obfuscation/extern-slot-permutation.test.js
 PASS js-fuzzer-block-scope-5156504b8731.js [2525/10000] status=ok obs=65b9eea6e1cc coverage=+0/32/38 time=1ms
  RUN js-fuzzer-loop-bbf1d7a15d8d.js [2526/10000] md5=bbf1d7a15d8dd015402d75c0e0108b5f bytes=81 template=loop origin=seed:tests/corpus/obfuscation/externs-console.test.js
 PASS js-fuzzer-loop-bbf1d7a15d8d.js [2526/10000] status=ok obs=1679091c5a88 coverage=+0/32/38 time=2ms
  RUN js-fuzzer-try-catch-394293a01c1f.js [2527/10000] md5=394293a01c1f5412b61d69cb8738d61b bytes=110 template=try-catch origin=seed:tests/corpus/obfuscation/seed-sensitive-functions.test.js
 PASS js-fuzzer-try-catch-394293a01c1f.js [2527/10000] status=ok obs=c74d97b01eae coverage=+0/32/38 time=2ms
  RUN js-fuzzer-boundary-2b35f90895ea.js [2528/10000] md5=2b35f90895ea85111e562e627044f919 bytes=128 template=boundary origin=boundary:9007199254740991
 PASS js-fuzzer-boundary-2b35f90895ea.js [2528/10000] status=ok obs=8bfa9ad090fb coverage=+0/32/38 time=1ms
  RUN js-fuzzer-arithmetic-475c20de8389.js [2529/10000] md5=475c20de838988853ae9ba713c685b80 bytes=83 template=arithmetic origin=seed:tests/corpus/regressions/multiple-functions-fib-add.test.js
 PASS js-fuzzer-arithmetic-475c20de8389.js [2529/10000] status=ok obs=7647966b7343 coverage=+0/32/38 time=2ms
  RUN js-fuzzer-corpus-c28cfb056309.js [2530/10000] md5=c28cfb056309f2a77f8bd9756b123c54 bytes=147 template=corpus origin=tests/corpus/regressions/scope-compressed-closure-params.test.js
 PASS js-fuzzer-corpus-c28cfb056309.js [2530/10000] status=ok obs=c51ce410c124 coverage=+0/32/38 time=1ms
  RUN js-fuzzer-array-object-46426ff6b8d5.js [2531/10000] md5=46426ff6b8d58883d416d761c7334566 bytes=133 template=array-object origin=seed:tests/corpus/runtime/arrays-objects-methods.test.js
 PASS js-fuzzer-array-object-46426ff6b8d5.js [2531/10000] status=ok obs=1f0e3dad9990 coverage=+0/32/38 time=2ms
  RUN js-fuzzer-closure-9d19a28bb725.js [2532/10000] md5=9d19a28bb7251ec08214da73c6aa9d72 bytes=184 template=closure origin=seed:tests/corpus/runtime/block-scopes.test.js
 PASS js-fuzzer-closure-9d19a28bb725.js [2532/10000] status=ok obs=b53b3a3d6ab9 coverage=+0/32/38 time=2ms
  RUN js-fuzzer-block-scope-8f840eb525e6.js [2533/10000] md5=8f840eb525e6e000702e158647a4de1c bytes=114 template=block-scope origin=seed:tests/corpus/runtime/class-fields-static-methods.test.js
 PASS js-fuzzer-block-scope-8f840eb525e6.js [2533/10000] status=ok obs=2723d092b638 coverage=+0/32/38 time=1ms
  RUN js-fuzzer-loop-55c7c905bffb.js [2534/10000] md5=55c7c905bffb4bbbc4c8fb9b91df6ad8 bytes=81 template=loop origin=seed:tests/corpus/runtime/classes-and-objects.test.js
 PASS js-fuzzer-loop-55c7c905bffb.js [2534/10000] status=ok obs=eccbc87e4b5c coverage=+0/32/38 time=2ms
  RUN js-fuzzer-boundary-5c12d757f0dd.js [2535/10000] md5=5c12d757f0ddd5c6b1207b14fb1e8d0c bytes=122 template=boundary origin=boundary:2147483647
 PASS js-fuzzer-boundary-5c12d757f0dd.js [2535/10000] status=ok obs=c588c0a459f4 coverage=+0/32/38 time=1ms
  RUN js-fuzzer-class-1fb70654253d.js [2536/10000] md5=1fb70654253d944404805630039f463c bytes=101 template=class origin=seed:tests/corpus/runtime/closures-read-captured-values.test.js
 PASS js-fuzzer-class-1fb70654253d.js [2536/10000] status=ok obs=c51ce410c124 coverage=+0/32/38 time=2ms
  RUN js-fuzzer-arithmetic-46d24dd453dd.js [2537/10000] md5=46d24dd453ddee187dda80eb2d3227de bytes=84 template=arithmetic origin=seed:tests/corpus/runtime/exceptions-and-nullish.test.js
 PASS js-fuzzer-arithmetic-46d24dd453dd.js [2537/10000] status=ok obs=698d51a19d8a coverage=+0/32/38 time=2ms
  RUN js-fuzzer-function-d3859b93eee1.js [2538/10000] md5=d3859b93eee1f3bcfec0cda51c4d02bf bytes=153 template=function origin=seed:tests/corpus/runtime/functions-closures-and-arrows.test.js
 PASS js-fuzzer-function-d3859b93eee1.js [2538/10000] status=ok obs=a87ff679a2f3 coverage=+0/32/38 time=1ms
  RUN js-fuzzer-corpus-463d4dee8a1f.js [2539/10000] md5=463d4dee8a1f930fa8af57a704cacf3e bytes=232 template=corpus origin=tests/corpus/runtime/lexical-shadowing.test.js
 PASS js-fuzzer-corpus-463d4dee8a1f.js [2539/10000] status=ok obs=c51ce410c124 coverage=+0/32/38 time=2ms
  RUN js-fuzzer-closure-947902ec8516.js [2540/10000] md5=947902ec85168edf47f32eee87e3c019 bytes=184 template=closure origin=seed:tests/corpus/runtime/modules-export.test.js
 PASS js-fuzzer-closure-947902ec8516.js [2540/10000] status=ok obs=02e74f10e032 coverage=+0/32/38 time=2ms
  RUN js-fuzzer-block-scope-6e86f1693252.js [2541/10000] md5=6e86f169325214da2b271b09cc491de1 bytes=114 template=block-scope origin=seed:tests/corpus/runtime/nested-try-finally.test.js
 PASS js-fuzzer-block-scope-6e86f1693252.js [2541/10000] status=ok obs=f0935e4cd592 coverage=+0/32/38 time=2ms
  RUN js-fuzzer-boundary-85faf3787c26.js [2542/10000] md5=85faf3787c26ca3bad9215a544873988 bytes=113 template=boundary origin=boundary:2
 PASS js-fuzzer-boundary-85faf3787c26.js [2542/10000] status=ok obs=c81e728d9d4c coverage=+0/32/38 time=1ms
  RUN js-fuzzer-try-catch-83aeb7d5f114.js [2543/10000] md5=83aeb7d5f114f448e90b2f3e31e7a7e9 bytes=110 template=try-catch origin=seed:tests/corpus/syntax/logical-unary-nullish.test.js
 PASS js-fuzzer-try-catch-83aeb7d5f114.js [2543/10000] status=ok obs=e369853df766 coverage=+0/32/38 time=2ms
  RUN js-fuzzer-class-c0844991889f.js [2544/10000] md5=c0844991889f03308712cd6bc6b7c31c bytes=101 template=class origin=seed:tests/corpus/syntax/object-destructure-and-members.test.js
 PASS js-fuzzer-class-c0844991889f.js [2544/10000] status=ok obs=70efdf2ec9b0 coverage=+0/32/38 time=1ms
  RUN js-fuzzer-arithmetic-fd87b3ce9254.js [2545/10000] md5=fd87b3ce9254a1f0ad37b45e31821b24 bytes=83 template=arithmetic origin=seed:tests/corpus/syntax/switch-do-while-sequence.test.js
 PASS js-fuzzer-arithmetic-fd87b3ce9254.js [2545/10000] status=ok obs=642e92efb794 coverage=+0/32/38 time=2ms
  RUN js-fuzzer-function-53ef3ed61b76.js [2546/10000] md5=53ef3ed61b76dc45be6c66e5b3206216 bytes=153 template=function origin=seed:tests/corpus/syntax/template-array-destructure.test.js
 PASS js-fuzzer-function-53ef3ed61b76.js [2546/10000] status=ok obs=70efdf2ec9b0 coverage=+0/32/38 time=2ms
  RUN js-fuzzer-array-object-5439fe15c6e8.js [2547/10000] md5=5439fe15c6e8529a85093fc5290139fa bytes=133 template=array-object origin=seed:tests/corpus/syntax/typescript-assertions.test.ts
 PASS js-fuzzer-array-object-5439fe15c6e8.js [2547/10000] status=ok obs=c9f0f895fb98 coverage=+0/32/38 time=2ms
  RUN js-fuzzer-corpus-e3eeaea0f8a2.js [2548/10000] md5=e3eeaea0f8a2c5d5b650d4007cf78b4a bytes=104 template=corpus origin=tests/corpus/syntax/typescript-non-null-satisfies.test.ts
 PASS js-fuzzer-corpus-e3eeaea0f8a2.js [2548/10000] status=ok obs=d3d9446802a4 coverage=+0/32/38 time=1ms
  RUN js-fuzzer-boundary-2f35f880f964.js [2549/10000] md5=2f35f880f96468b375c4e71feba05308 bytes=113 template=boundary origin=boundary:1
 PASS js-fuzzer-boundary-2f35f880f964.js [2549/10000] status=ok obs=c4ca4238a0b9 coverage=+0/32/38 time=2ms
  RUN js-fuzzer-loop-d35707ad0bf7.js [2550/10000] md5=d35707ad0bf74148f671ad8943998af6 bytes=81 template=loop origin=seed:tests/corpus/fixtures/state-machine-workflow.test.js
 PASS js-fuzzer-loop-d35707ad0bf7.js [2550/10000] status=ok obs=9bf31c7ff062 coverage=+0/32/38 time=1ms
  RUN js-fuzzer-try-catch-c5263a4b0fbd.js [2551/10000] md5=c5263a4b0fbd119742a040447111f34b bytes=109 template=try-catch origin=seed:tests/corpus/fixtures/vue-script-workflow.test.vue
 PASS js-fuzzer-try-catch-c5263a4b0fbd.js [2551/10000] status=ok obs=8f14e45fceea coverage=+0/32/38 time=2ms
  RUN js-fuzzer-class-7c36fc3c0ad4.js [2552/10000] md5=7c36fc3c0ad4461d5dbbcd7afdfb6b5c bytes=101 template=class origin=seed:tests/corpus/obfuscation/constant-tag-mix.test.js
 PASS js-fuzzer-class-7c36fc3c0ad4.js [2552/10000] status=ok obs=d3d9446802a4 coverage=+0/32/38 time=2ms
  RUN js-fuzzer-arithmetic-eeffd80cfb11.js [2553/10000] md5=eeffd80cfb115bb408c04134321b7f66 bytes=84 template=arithmetic origin=seed:tests/corpus/obfuscation/extern-slot-permutation.test.js
 PASS js-fuzzer-arithmetic-eeffd80cfb11.js [2553/10000] status=ok obs=d9d4f495e875 coverage=+0/32/38 time=1ms
  RUN js-fuzzer-function-21f30959172f.js [2554/10000] md5=21f30959172fc1289c7ff8ad630f96bf bytes=153 template=function origin=seed:tests/corpus/obfuscation/externs-console.test.js
 PASS js-fuzzer-function-21f30959172f.js [2554/10000] status=ok obs=4e732ced3463 coverage=+0/32/38 time=3ms
  RUN js-fuzzer-array-object-def5a461094d.js [2555/10000] md5=def5a461094df306c3165cc994daa819 bytes=133 template=array-object origin=seed:tests/corpus/obfuscation/seed-sensitive-functions.test.js
 PASS js-fuzzer-array-object-def5a461094d.js [2555/10000] status=ok obs=6f4922f45568 coverage=+0/32/38 time=1ms
  RUN js-fuzzer-boundary-37492c99ff33.js [2556/10000] md5=37492c99ff33e9d5e09e0b8e84ba785a bytes=129 template=boundary origin=boundary:-9007199254740991
 PASS js-fuzzer-boundary-37492c99ff33.js [2556/10000] status=ok obs=b3f3a95848f6 coverage=+0/32/38 time=2ms
  RUN js-fuzzer-corpus-ad9ed8746461.js [2557/10000] md5=ad9ed87464611c6dd81b04b3754c760c bytes=214 template=corpus origin=tests/corpus/regressions/multiple-functions-fib-add.test.js
 PASS js-fuzzer-corpus-ad9ed8746461.js [2557/10000] status=ok obs=3c59dc048e88 coverage=+0/32/38 time=2ms
  RUN js-fuzzer-loop-f495ca2fc638.js [2558/10000] md5=f495ca2fc6389f933578fc501f5b1465 bytes=81 template=loop origin=seed:tests/corpus/regressions/scope-compressed-closure-params.test.js
 PASS js-fuzzer-loop-f495ca2fc638.js [2558/10000] status=ok obs=c4ca4238a0b9 coverage=+0/32/38 time=2ms
  RUN js-fuzzer-try-catch-394293a01c1f.js [2559/10000] md5=394293a01c1f5412b61d69cb8738d61b bytes=110 template=try-catch origin=seed:tests/corpus/runtime/arrays-objects-methods.test.js
 PASS js-fuzzer-try-catch-394293a01c1f.js [2559/10000] status=ok obs=c74d97b01eae coverage=+0/32/38 time=1ms
  RUN js-fuzzer-class-6736c24444bc.js [2560/10000] md5=6736c24444bc6ff151b05a9a974ae4d5 bytes=100 template=class origin=seed:tests/corpus/runtime/block-scopes.test.js
 PASS js-fuzzer-class-6736c24444bc.js [2560/10000] status=ok obs=45c48cce2e2d coverage=+0/32/38 time=2ms
  RUN js-fuzzer-arithmetic-14a184848c33.js [2561/10000] md5=14a184848c339195acad508d7a8a8d5a bytes=84 template=arithmetic origin=seed:tests/corpus/runtime/class-fields-static-methods.test.js
 PASS js-fuzzer-arithmetic-14a184848c33.js [2561/10000] status=ok obs=98f137082101 coverage=+0/32/38 time=2ms
  RUN js-fuzzer-function-c472354a037a.js [2562/10000] md5=c472354a037a48d197cd60b4e04af6e0 bytes=153 template=function origin=seed:tests/corpus/runtime/classes-and-objects.test.js
 PASS js-fuzzer-function-c472354a037a.js [2562/10000] status=ok obs=02e74f10e032 coverage=+0/32/38 time=2ms
  RUN js-fuzzer-boundary-56f451fe2902.js [2563/10000] md5=56f451fe2902341a3a470031c46238b3 bytes=123 template=boundary origin=boundary:-2147483648
 PASS js-fuzzer-boundary-56f451fe2902.js [2563/10000] status=ok obs=034ff5946105 coverage=+0/32/38 time=2ms
  RUN js-fuzzer-closure-9923585e88ed.js [2564/10000] md5=9923585e88ed41db0a99075405547c65 bytes=184 template=closure origin=seed:tests/corpus/runtime/closures-read-captured-values.test.js
 PASS js-fuzzer-closure-9923585e88ed.js [2564/10000] status=ok obs=67c6a1e7ce56 coverage=+0/32/38 time=1ms
  RUN js-fuzzer-block-scope-250010e390cc.js [2565/10000] md5=250010e390ccf01ade8aa57381b7974e bytes=114 template=block-scope origin=seed:tests/corpus/runtime/exceptions-and-nullish.test.js
 PASS js-fuzzer-block-scope-250010e390cc.js [2565/10000] status=ok obs=ec8956637a99 coverage=+0/32/38 time=2ms
  RUN js-fuzzer-corpus-72746d071c58.js [2566/10000] md5=72746d071c58fadd9399bc8934c30553 bytes=197 template=corpus origin=tests/corpus/runtime/functions-closures-and-arrows.test.js
 PASS js-fuzzer-corpus-72746d071c58.js [2566/10000] status=ok obs=c74d97b01eae coverage=+0/32/38 time=2ms
  RUN js-fuzzer-try-catch-8d9c7d254dda.js [2567/10000] md5=8d9c7d254ddaafdc283e844d5d9a6231 bytes=109 template=try-catch origin=seed:tests/corpus/runtime/lexical-shadowing.test.js
 PASS js-fuzzer-try-catch-8d9c7d254dda.js [2567/10000] status=ok obs=a87ff679a2f3 coverage=+0/32/38 time=1ms
  RUN js-fuzzer-class-b901915e3eda.js [2568/10000] md5=b901915e3eda1a96f77dcec9fff681b5 bytes=100 template=class origin=seed:tests/corpus/runtime/modules-export.test.js
 PASS js-fuzzer-class-b901915e3eda.js [2568/10000] status=ok obs=c81e728d9d4c coverage=+0/32/38 time=2ms
  RUN js-fuzzer-arithmetic-4012e1d44bfd.js [2569/10000] md5=4012e1d44bfddf581433df646c4f2278 bytes=83 template=arithmetic origin=seed:tests/corpus/runtime/nested-try-finally.test.js
 PASS js-fuzzer-arithmetic-4012e1d44bfd.js [2569/10000] status=ok obs=43ec517d68b6 coverage=+0/32/38 time=1ms
  RUN js-fuzzer-boundary-92df4f5b559a.js [2570/10000] md5=92df4f5b559a550058b4133ffb629932 bytes=114 template=boundary origin=boundary:-2
 PASS js-fuzzer-boundary-92df4f5b559a.js [2570/10000] status=ok obs=5d7b9adcbe1c coverage=+0/32/38 time=2ms
  RUN js-fuzzer-array-object-a2bb297739b4.js [2571/10000] md5=a2bb297739b4b753d38844c11ab48034 bytes=133 template=array-object origin=seed:tests/corpus/syntax/logical-unary-nullish.test.js
 PASS js-fuzzer-array-object-a2bb297739b4.js [2571/10000] status=ok obs=c51ce410c124 coverage=+0/32/38 time=2ms
  RUN js-fuzzer-closure-c070c3623f33.js [2572/10000] md5=c070c3623f33d19dbf6132bf4da0a9d0 bytes=184 template=closure origin=seed:tests/corpus/syntax/object-destructure-and-members.test.js
 PASS js-fuzzer-closure-c070c3623f33.js [2572/10000] status=ok obs=182be0c5cdcd coverage=+0/32/38 time=1ms
  RUN js-fuzzer-block-scope-278e1355754c.js [2573/10000] md5=278e1355754cd4ed42a12b75127f78a4 bytes=114 template=block-scope origin=seed:tests/corpus/syntax/switch-do-while-sequence.test.js
 PASS js-fuzzer-block-scope-278e1355754c.js [2573/10000] status=ok obs=a97da629b098 coverage=+0/32/38 time=2ms
  RUN js-fuzzer-loop-f495ca2fc638.js [2574/10000] md5=f495ca2fc6389f933578fc501f5b1465 bytes=81 template=loop origin=seed:tests/corpus/syntax/template-array-destructure.test.js
 PASS js-fuzzer-loop-f495ca2fc638.js [2574/10000] status=ok obs=c4ca4238a0b9 coverage=+0/32/38 time=1ms
  RUN js-fuzzer-corpus-57a83a4b020d.js [2575/10000] md5=57a83a4b020d4b85b42b0a3709f283ad bytes=130 template=corpus origin=tests/corpus/syntax/typescript-assertions.test.ts
 PASS js-fuzzer-corpus-57a83a4b020d.js [2575/10000] status=ok obs=45c48cce2e2d coverage=+0/32/38 time=1ms
  RUN js-fuzzer-class-769274f77fa6.js [2576/10000] md5=769274f77fa62254ce7e0eb0e3adf7f1 bytes=100 template=class origin=seed:tests/corpus/syntax/typescript-non-null-satisfies.test.ts
 PASS js-fuzzer-class-769274f77fa6.js [2576/10000] status=ok obs=c4ca4238a0b9 coverage=+0/32/38 time=2ms
  RUN js-fuzzer-boundary-1024adcac0e5.js [2577/10000] md5=1024adcac0e5cc9f99f478fa66dcc00c bytes=114 template=boundary origin=boundary:-1
 PASS js-fuzzer-boundary-1024adcac0e5.js [2577/10000] status=ok obs=6bb61e3b7bce coverage=+0/32/38 time=1ms
  RUN js-fuzzer-function-4b9684ea9e29.js [2578/10000] md5=4b9684ea9e291ddb6515f98bf0c93905 bytes=153 template=function origin=seed:tests/corpus/fixtures/state-machine-workflow.test.js
 PASS js-fuzzer-function-4b9684ea9e29.js [2578/10000] status=ok obs=eccbc87e4b5c coverage=+0/32/38 time=2ms
  RUN js-fuzzer-array-object-c2d00115fa9d.js [2579/10000] md5=c2d00115fa9d15fd81d530b9f9e0532e bytes=133 template=array-object origin=seed:tests/corpus/fixtures/vue-script-workflow.test.vue
 PASS js-fuzzer-array-object-c2d00115fa9d.js [2579/10000] status=ok obs=98f137082101 coverage=+0/32/38 time=2ms
  RUN js-fuzzer-closure-76f4911a1f9b.js [2580/10000] md5=76f4911a1f9b1236b66ac611b1d80a62 bytes=184 template=closure origin=seed:tests/corpus/obfuscation/constant-tag-mix.test.js
 PASS js-fuzzer-closure-76f4911a1f9b.js [2580/10000] status=ok obs=182be0c5cdcd coverage=+0/32/38 time=1ms
  RUN js-fuzzer-block-scope-d8288c36008a.js [2581/10000] md5=d8288c36008a7988b7e5fcb1701a1daa bytes=114 template=block-scope origin=seed:tests/corpus/obfuscation/extern-slot-permutation.test.js
 PASS js-fuzzer-block-scope-d8288c36008a.js [2581/10000] status=ok obs=38b3eff8baf5 coverage=+0/32/38 time=1ms
  RUN js-fuzzer-loop-bbf1d7a15d8d.js [2582/10000] md5=bbf1d7a15d8dd015402d75c0e0108b5f bytes=81 template=loop origin=seed:tests/corpus/obfuscation/externs-console.test.js
 PASS js-fuzzer-loop-bbf1d7a15d8d.js [2582/10000] status=ok obs=1679091c5a88 coverage=+0/32/38 time=2ms
  RUN js-fuzzer-try-catch-56393ff77182.js [2583/10000] md5=56393ff771824d567a8911f280bf7f9d bytes=110 template=try-catch origin=seed:tests/corpus/obfuscation/seed-sensitive-functions.test.js
 PASS js-fuzzer-try-catch-56393ff77182.js [2583/10000] status=ok obs=4e732ced3463 coverage=+0/32/38 time=1ms
  RUN js-fuzzer-corpus-79643e915862.js [2584/10000] md5=79643e91586251700d34c0c65a0220da bytes=89 template=corpus origin=tests/corpus/regressions/destructuring-lowers-to-member.test.js
 PASS js-fuzzer-corpus-79643e915862.js [2584/10000] status=ok obs=eccbc87e4b5c coverage=+0/32/38 time=2ms
  RUN js-fuzzer-arithmetic-82c0158dd383.js [2585/10000] md5=82c0158dd383ccf652db4093958af6f8 bytes=84 template=arithmetic origin=seed:tests/corpus/regressions/multiple-functions-fib-add.test.js
 PASS js-fuzzer-arithmetic-82c0158dd383.js [2585/10000] status=ok obs=1ff8a7b5dc7a coverage=+0/32/38 time=1ms
  RUN js-fuzzer-function-e04598e59cc1.js [2586/10000] md5=e04598e59cc109c5f5c20638fe37a892 bytes=153 template=function origin=seed:tests/corpus/regressions/scope-compressed-closure-params.test.js
 PASS js-fuzzer-function-e04598e59cc1.js [2586/10000] status=ok obs=d3d9446802a4 coverage=+0/32/38 time=2ms
  RUN js-fuzzer-array-object-833747508eb2.js [2587/10000] md5=833747508eb2d1e92ce105fd9db31934 bytes=133 template=array-object origin=seed:tests/corpus/runtime/arrays-objects-methods.test.js
 PASS js-fuzzer-array-object-833747508eb2.js [2587/10000] status=ok obs=45c48cce2e2d coverage=+0/32/38 time=2ms
  RUN js-fuzzer-closure-568d55d4bf17.js [2588/10000] md5=568d55d4bf1786fac40e15100031150c bytes=185 template=closure origin=seed:tests/corpus/runtime/block-scopes.test.js
 PASS js-fuzzer-closure-568d55d4bf17.js [2588/10000] status=ok obs=67c6a1e7ce56 coverage=+0/32/38 time=2ms
  RUN js-fuzzer-block-scope-08f4f4871b5f.js [2589/10000] md5=08f4f4871b5f955ff268c0a6c9865a89 bytes=114 template=block-scope origin=seed:tests/corpus/runtime/class-fields-static-methods.test.js
 PASS js-fuzzer-block-scope-08f4f4871b5f.js [2589/10000] status=ok obs=38b3eff8baf5 coverage=+0/32/38 time=1ms
  RUN js-fuzzer-loop-bbf1d7a15d8d.js [2590/10000] md5=bbf1d7a15d8dd015402d75c0e0108b5f bytes=81 template=loop origin=seed:tests/corpus/runtime/classes-and-objects.test.js
 PASS js-fuzzer-loop-bbf1d7a15d8d.js [2590/10000] status=ok obs=1679091c5a88 coverage=+0/32/38 time=2ms
  RUN js-fuzzer-boundary-83aee5cf07de.js [2591/10000] md5=83aee5cf07deb9d5ce59aec8aff7a227 bytes=128 template=boundary origin=boundary:9007199254740991
 PASS js-fuzzer-boundary-83aee5cf07de.js [2591/10000] status=ok obs=8bfa9ad090fb coverage=+0/32/38 time=1ms
  RUN js-fuzzer-class-b1e3642c0208.js [2592/10000] md5=b1e3642c0208992266fb21668a536292 bytes=100 template=class origin=seed:tests/corpus/runtime/closures-read-captured-values.test.js
 PASS js-fuzzer-class-b1e3642c0208.js [2592/10000] status=ok obs=c9f0f895fb98 coverage=+0/32/38 time=2ms
  RUN js-fuzzer-corpus-cf8fb96e8476.js [2593/10000] md5=cf8fb96e8476c262b73583c86dd80821 bytes=178 template=corpus origin=tests/corpus/runtime/exceptions-and-nullish.test.js
 PASS js-fuzzer-corpus-cf8fb96e8476.js [2593/10000] status=ok obs=24ed5e8718fc coverage=+0/32/38 time=2ms
  RUN js-fuzzer-function-0b0d1f5ee746.js [2594/10000] md5=0b0d1f5ee746281ffbedfb7f7f4c45bc bytes=153 template=function origin=seed:tests/corpus/runtime/functions-closures-and-arrows.test.js
 PASS js-fuzzer-function-0b0d1f5ee746.js [2594/10000] status=ok obs=e4da3b7fbbce coverage=+0/32/38 time=1ms
  RUN js-fuzzer-array-object-e61c886052cb.js [2595/10000] md5=e61c886052cb671c34d68aa9403313f8 bytes=133 template=array-object origin=seed:tests/corpus/runtime/lexical-shadowing.test.js
 PASS js-fuzzer-array-object-e61c886052cb.js [2595/10000] status=ok obs=c9f0f895fb98 coverage=+0/32/38 time=2ms
  RUN js-fuzzer-closure-bc3209fbeb62.js [2596/10000] md5=bc3209fbeb622789879d16f2ae77f98f bytes=184 template=closure origin=seed:tests/corpus/runtime/modules-export.test.js
 PASS js-fuzzer-closure-bc3209fbeb62.js [2596/10000] status=ok obs=182be0c5cdcd coverage=+0/32/38 time=1ms
  RUN js-fuzzer-block-scope-cdd8b51c02d7.js [2597/10000] md5=cdd8b51c02d709abe874e8214b24cf71 bytes=114 template=block-scope origin=seed:tests/corpus/runtime/nested-try-finally.test.js
 PASS js-fuzzer-block-scope-cdd8b51c02d7.js [2597/10000] status=ok obs=2723d092b638 coverage=+0/32/38 time=1ms
  RUN js-fuzzer-boundary-4b188851088a.js [2598/10000] md5=4b188851088a18b5b5e1424320aec545 bytes=122 template=boundary origin=boundary:2147483647
 PASS js-fuzzer-boundary-4b188851088a.js [2598/10000] status=ok obs=c588c0a459f4 coverage=+0/32/38 time=2ms
  RUN js-fuzzer-try-catch-7fa76a80e531.js [2599/10000] md5=7fa76a80e531298b12538ca11d858f94 bytes=110 template=try-catch origin=seed:tests/corpus/syntax/logical-unary-nullish.test.js
 PASS js-fuzzer-try-catch-7fa76a80e531.js [2599/10000] status=ok obs=6ea9ab1baa0e coverage=+0/32/38 time=2ms
  RUN js-fuzzer-class-47fbd3db5853.js [2600/10000] md5=47fbd3db58539fc2e42627a4f3168c79 bytes=101 template=class origin=seed:tests/corpus/syntax/object-destructure-and-members.test.js
 PASS js-fuzzer-class-47fbd3db5853.js [2600/10000] status=ok obs=98f137082101 coverage=+0/32/38 time=1ms
  RUN js-fuzzer-arithmetic-4cc15150e6a1.js [2601/10000] md5=4cc15150e6a19fc0d37d975bbb158511 bytes=84 template=arithmetic origin=seed:tests/corpus/syntax/switch-do-while-sequence.test.js
 PASS js-fuzzer-arithmetic-4cc15150e6a1.js [2601/10000] status=ok obs=47d1e990583c coverage=+0/32/38 time=2ms
  RUN js-fuzzer-corpus-ff388659a641.js [2602/10000] md5=ff388659a6419d1e6e01ce4e7151a52e bytes=135 template=corpus origin=tests/corpus/syntax/template-array-destructure.test.js
 PASS js-fuzzer-corpus-ff388659a641.js [2602/10000] status=ok obs=f61c9a8be43c coverage=+0/32/38 time=2ms
  RUN js-fuzzer-array-object-14d9236c35b8.js [2603/10000] md5=14d9236c35b857ff0b46b348840e4d24 bytes=133 template=array-object origin=seed:tests/corpus/syntax/typescript-assertions.test.ts
 PASS js-fuzzer-array-object-14d9236c35b8.js [2603/10000] status=ok obs=70efdf2ec9b0 coverage=+0/32/38 time=1ms
  RUN js-fuzzer-closure-84553f6d7ef5.js [2604/10000] md5=84553f6d7ef5c7447dc954193831d248 bytes=184 template=closure origin=seed:tests/corpus/syntax/typescript-non-null-satisfies.test.ts
 PASS js-fuzzer-closure-84553f6d7ef5.js [2604/10000] status=ok obs=03afdbd66e79 coverage=+0/32/38 time=2ms
  RUN js-fuzzer-boundary-85faf3787c26.js [2605/10000] md5=85faf3787c26ca3bad9215a544873988 bytes=113 template=boundary origin=boundary:2
 PASS js-fuzzer-boundary-85faf3787c26.js [2605/10000] status=ok obs=c81e728d9d4c coverage=+0/32/38 time=2ms
  RUN js-fuzzer-loop-d35707ad0bf7.js [2606/10000] md5=d35707ad0bf74148f671ad8943998af6 bytes=81 template=loop origin=seed:tests/corpus/fixtures/state-machine-workflow.test.js
 PASS js-fuzzer-loop-d35707ad0bf7.js [2606/10000] status=ok obs=9bf31c7ff062 coverage=+0/32/38 time=1ms
  RUN js-fuzzer-try-catch-e6fdc2579e78.js [2607/10000] md5=e6fdc2579e7880bc0b759de7af5133ab bytes=110 template=try-catch origin=seed:tests/corpus/fixtures/vue-script-workflow.test.vue
 PASS js-fuzzer-try-catch-e6fdc2579e78.js [2607/10000] status=ok obs=d645920e395f coverage=+0/32/38 time=2ms
  RUN js-fuzzer-class-769274f77fa6.js [2608/10000] md5=769274f77fa62254ce7e0eb0e3adf7f1 bytes=100 template=class origin=seed:tests/corpus/obfuscation/constant-tag-mix.test.js
 PASS js-fuzzer-class-769274f77fa6.js [2608/10000] status=ok obs=c4ca4238a0b9 coverage=+0/32/38 time=1ms
  RUN js-fuzzer-arithmetic-7a769b00f857.js [2609/10000] md5=7a769b00f8573ce19967a1735077a586 bytes=85 template=arithmetic origin=seed:tests/corpus/obfuscation/extern-slot-permutation.test.js
 PASS js-fuzzer-arithmetic-7a769b00f857.js [2609/10000] status=ok obs=8f8551796779 coverage=+0/32/38 time=2ms
  RUN js-fuzzer-function-805986a3b478.js [2610/10000] md5=805986a3b4784e72cf43592e25340692 bytes=153 template=function origin=seed:tests/corpus/obfuscation/externs-console.test.js
 PASS js-fuzzer-function-805986a3b478.js [2610/10000] status=ok obs=c51ce410c124 coverage=+0/32/38 time=2ms
  RUN js-fuzzer-corpus-38ba19d9deb7.js [2611/10000] md5=38ba19d9deb7566cc8a420c27ada3f21 bytes=136 template=corpus origin=tests/corpus/obfuscation/seed-sensitive-functions.test.js
 PASS js-fuzzer-corpus-38ba19d9deb7.js [2611/10000] status=ok obs=a5bfc9e07964 coverage=+0/32/38 time=2ms
  RUN js-fuzzer-boundary-ccde2dac26f6.js [2612/10000] md5=ccde2dac26f6d3fd46c3698825685fe3 bytes=113 template=boundary origin=boundary:1
 PASS js-fuzzer-boundary-ccde2dac26f6.js [2612/10000] status=ok obs=c4ca4238a0b9 coverage=+0/32/38 time=1ms
  RUN js-fuzzer-block-scope-b85ecadef581.js [2613/10000] md5=b85ecadef581053d14250d27c33151bf bytes=114 template=block-scope origin=seed:tests/corpus/regressions/multiple-functions-fib-add.test.js
 PASS js-fuzzer-block-scope-b85ecadef581.js [2613/10000] status=ok obs=c9e1074f5b3f coverage=+0/32/38 time=2ms
  RUN js-fuzzer-loop-b88258462a8d.js [2614/10000] md5=b88258462a8d880f8b0e459fa23b2536 bytes=81 template=loop origin=seed:tests/corpus/regressions/scope-compressed-closure-params.test.js
 PASS js-fuzzer-loop-b88258462a8d.js [2614/10000] status=ok obs=3c59dc048e88 coverage=+0/32/38 time=1ms
  RUN js-fuzzer-try-catch-60965d400692.js [2615/10000] md5=60965d4006920d781586aecbf04b3493 bytes=110 template=try-catch origin=seed:tests/corpus/runtime/arrays-objects-methods.test.js
 PASS js-fuzzer-try-catch-60965d400692.js [2615/10000] status=ok obs=1f0e3dad9990 coverage=+0/32/38 time=2ms
  RUN js-fuzzer-class-5baf4bed5db4.js [2616/10000] md5=5baf4bed5db4f8205173226efc8fff73 bytes=101 template=class origin=seed:tests/corpus/runtime/block-scopes.test.js
 PASS js-fuzzer-class-5baf4bed5db4.js [2616/10000] status=ok obs=6f4922f45568 coverage=+0/32/38 time=2ms
  RUN js-fuzzer-arithmetic-a528d840bbc0.js [2617/10000] md5=a528d840bbc01d1697b269c0eb312e37 bytes=84 template=arithmetic origin=seed:tests/corpus/runtime/class-fields-static-methods.test.js
 PASS js-fuzzer-arithmetic-a528d840bbc0.js [2617/10000] status=ok obs=32bb90e8976a coverage=+0/32/38 time=1ms
  RUN js-fuzzer-function-f172d914fe2f.js [2618/10000] md5=f172d914fe2f2d124fd9ee51d2714545 bytes=153 template=function origin=seed:tests/corpus/runtime/classes-and-objects.test.js
 PASS js-fuzzer-function-f172d914fe2f.js [2618/10000] status=ok obs=c9f0f895fb98 coverage=+0/32/38 time=2ms
  RUN js-fuzzer-boundary-235131a2d0d1.js [2619/10000] md5=235131a2d0d184afe9327ca3bd456dde bytes=129 template=boundary origin=boundary:-9007199254740991
 PASS js-fuzzer-boundary-235131a2d0d1.js [2619/10000] status=ok obs=b3f3a95848f6 coverage=+0/32/38 time=1ms
  RUN js-fuzzer-corpus-08bc93bf5789.js [2620/10000] md5=08bc93bf57897bc88ce7161fe56cd099 bytes=169 template=corpus origin=tests/corpus/runtime/closures-read-captured-values.test.js
 PASS js-fuzzer-corpus-08bc93bf5789.js [2620/10000] status=ok obs=02e74f10e032 coverage=+0/32/38 time=2ms
  RUN js-fuzzer-block-scope-b42786494c37.js [2621/10000] md5=b42786494c37d413d809911b387f2b7a bytes=114 template=block-scope origin=seed:tests/corpus/runtime/exceptions-and-nullish.test.js
 PASS js-fuzzer-block-scope-b42786494c37.js [2621/10000] status=ok obs=c9e1074f5b3f coverage=+0/32/38 time=2ms
  RUN js-fuzzer-loop-b88258462a8d.js [2622/10000] md5=b88258462a8d880f8b0e459fa23b2536 bytes=81 template=loop origin=seed:tests/corpus/runtime/functions-closures-and-arrows.test.js
 PASS js-fuzzer-loop-b88258462a8d.js [2622/10000] status=ok obs=3c59dc048e88 coverage=+0/32/38 time=1ms
  RUN js-fuzzer-try-catch-f24fba189d45.js [2623/10000] md5=f24fba189d4541ce9d4809156ecb450c bytes=110 template=try-catch origin=seed:tests/corpus/runtime/lexical-shadowing.test.js
 PASS js-fuzzer-try-catch-f24fba189d45.js [2623/10000] status=ok obs=1ff1de774005 coverage=+0/32/38 time=2ms
  RUN js-fuzzer-class-51ea152a707e.js [2624/10000] md5=51ea152a707ed5422ab3e5b3ddb7fe43 bytes=100 template=class origin=seed:tests/corpus/runtime/modules-export.test.js
 PASS js-fuzzer-class-51ea152a707e.js [2624/10000] status=ok obs=e4da3b7fbbce coverage=+0/32/38 time=2ms
  RUN js-fuzzer-arithmetic-d4c2f7754a84.js [2625/10000] md5=d4c2f7754a8419cbe9bee7edc4e590aa bytes=85 template=arithmetic origin=seed:tests/corpus/runtime/nested-try-finally.test.js
 PASS js-fuzzer-arithmetic-d4c2f7754a84.js [2625/10000] status=ok obs=a3f390d88e4c coverage=+0/32/38 time=1ms
  RUN js-fuzzer-boundary-512d8e9b531d.js [2626/10000] md5=512d8e9b531dd316e823325cc949e70e bytes=123 template=boundary origin=boundary:-2147483648
 PASS js-fuzzer-boundary-512d8e9b531d.js [2626/10000] status=ok obs=034ff5946105 coverage=+0/32/38 time=2ms
  RUN js-fuzzer-array-object-cf9819a2d60b.js [2627/10000] md5=cf9819a2d60b54a8cd54c6814b5760de bytes=133 template=array-object origin=seed:tests/corpus/syntax/logical-unary-nullish.test.js
 PASS js-fuzzer-array-object-cf9819a2d60b.js [2627/10000] status=ok obs=6512bd43d9ca coverage=+0/32/38 time=1ms
  RUN js-fuzzer-closure-a7c0528ab5e2.js [2628/10000] md5=a7c0528ab5e27173a4f9cc6c7a5167ad bytes=183 template=closure origin=seed:tests/corpus/syntax/object-destructure-and-members.test.js
 PASS js-fuzzer-closure-a7c0528ab5e2.js [2628/10000] status=ok obs=70efdf2ec9b0 coverage=+0/32/38 time=1ms
  RUN js-fuzzer-corpus-2aed353a2d20.js [2629/10000] md5=2aed353a2d200d64cbaf7beb40face20 bytes=275 template=corpus origin=tests/corpus/syntax/switch-do-while-sequence.test.js
 PASS js-fuzzer-corpus-2aed353a2d20.js [2629/10000] status=ok obs=6f4922f45568 coverage=+0/32/38 time=2ms
  RUN js-fuzzer-loop-55c7c905bffb.js [2630/10000] md5=55c7c905bffb4bbbc4c8fb9b91df6ad8 bytes=81 template=loop origin=seed:tests/corpus/syntax/template-array-destructure.test.js
 PASS js-fuzzer-loop-55c7c905bffb.js [2630/10000] status=ok obs=eccbc87e4b5c coverage=+0/32/38 time=2ms
  RUN js-fuzzer-try-catch-136d1b3d4ffd.js [2631/10000] md5=136d1b3d4ffdac816022c9faabe622ca bytes=110 template=try-catch origin=seed:tests/corpus/syntax/typescript-assertions.test.ts
 PASS js-fuzzer-try-catch-136d1b3d4ffd.js [2631/10000] status=ok obs=9bf31c7ff062 coverage=+0/32/38 time=1ms
  RUN js-fuzzer-class-d2b3669b495d.js [2632/10000] md5=d2b3669b495dd4792f9e1509f2bbf8a7 bytes=100 template=class origin=seed:tests/corpus/syntax/typescript-non-null-satisfies.test.ts
 PASS js-fuzzer-class-d2b3669b495d.js [2632/10000] status=ok obs=eccbc87e4b5c coverage=+0/32/38 time=1ms
  RUN js-fuzzer-boundary-6d89c3a838ae.js [2633/10000] md5=6d89c3a838ae354bda64ec37ec2b63b1 bytes=114 template=boundary origin=boundary:-2
 PASS js-fuzzer-boundary-6d89c3a838ae.js [2633/10000] status=ok obs=5d7b9adcbe1c coverage=+0/32/38 time=2ms
  RUN js-fuzzer-function-297962b584b2.js [2634/10000] md5=297962b584b2139723d9064b9ad0de50 bytes=153 template=function origin=seed:tests/corpus/fixtures/state-machine-workflow.test.js
 PASS js-fuzzer-function-297962b584b2.js [2634/10000] status=ok obs=c81e728d9d4c coverage=+0/32/38 time=1ms
  RUN js-fuzzer-array-object-ba7299e3ff52.js [2635/10000] md5=ba7299e3ff52b50bf279d70065b08275 bytes=133 template=array-object origin=seed:tests/corpus/fixtures/vue-script-workflow.test.vue
 PASS js-fuzzer-array-object-ba7299e3ff52.js [2635/10000] status=ok obs=6512bd43d9ca coverage=+0/32/38 time=2ms
  RUN js-fuzzer-closure-1d51669a369c.js [2636/10000] md5=1d51669a369cf83e5d27e04c94cd7f2c bytes=185 template=closure origin=seed:tests/corpus/obfuscation/constant-tag-mix.test.js
 PASS js-fuzzer-closure-1d51669a369c.js [2636/10000] status=ok obs=f457c545a9de coverage=+0/32/38 time=2ms
  RUN js-fuzzer-block-scope-7b0d8f9b9b67.js [2637/10000] md5=7b0d8f9b9b67aa367e1c074d91bfcec6 bytes=114 template=block-scope origin=seed:tests/corpus/obfuscation/extern-slot-permutation.test.js
 PASS js-fuzzer-block-scope-7b0d8f9b9b67.js [2637/10000] status=ok obs=2723d092b638 coverage=+0/32/38 time=1ms
  RUN js-fuzzer-corpus-efd663ac427b.js [2638/10000] md5=efd663ac427b5ca270b2f8b928c902bf bytes=112 template=corpus origin=tests/corpus/obfuscation/externs-console.test.js
 PASS js-fuzzer-corpus-efd663ac427b.js [2638/10000] status=ok obs=d289993e39c8 coverage=+0/32/38 time=2ms
  RUN js-fuzzer-try-catch-56393ff77182.js [2639/10000] md5=56393ff771824d567a8911f280bf7f9d bytes=110 template=try-catch origin=seed:tests/corpus/obfuscation/seed-sensitive-functions.test.js
 PASS js-fuzzer-try-catch-56393ff77182.js [2639/10000] status=ok obs=4e732ced3463 coverage=+0/32/38 time=1ms
  RUN js-fuzzer-boundary-7f379f781f4f.js [2640/10000] md5=7f379f781f4f9844733fb0f4c5d8aa15 bytes=114 template=boundary origin=boundary:-1
 PASS js-fuzzer-boundary-7f379f781f4f.js [2640/10000] status=ok obs=6bb61e3b7bce coverage=+0/32/38 time=2ms
  RUN js-fuzzer-arithmetic-92d26a35350f.js [2641/10000] md5=92d26a35350f8bd1a5e55992c0cb64c8 bytes=85 template=arithmetic origin=seed:tests/corpus/regressions/multiple-functions-fib-add.test.js
 PASS js-fuzzer-arithmetic-92d26a35350f.js [2641/10000] status=ok obs=812b4ba287f5 coverage=+0/32/38 time=2ms
  RUN js-fuzzer-function-8a3820bf6e52.js [2642/10000] md5=8a3820bf6e52dcab1a0437ab7872cf6a bytes=153 template=function origin=seed:tests/corpus/regressions/scope-compressed-closure-params.test.js
 PASS js-fuzzer-function-8a3820bf6e52.js [2642/10000] status=ok obs=a87ff679a2f3 coverage=+0/32/38 time=1ms
  RUN js-fuzzer-array-object-e3e220bdcb5a.js [2643/10000] md5=e3e220bdcb5a24da0334732de3bc509d bytes=133 template=array-object origin=seed:tests/corpus/runtime/arrays-objects-methods.test.js
 PASS js-fuzzer-array-object-e3e220bdcb5a.js [2643/10000] status=ok obs=8f14e45fceea coverage=+0/32/38 time=2ms
  RUN js-fuzzer-closure-1710b2b6fa17.js [2644/10000] md5=1710b2b6fa174337c2905df979559b02 bytes=184 template=closure origin=seed:tests/corpus/runtime/block-scopes.test.js
 PASS js-fuzzer-closure-1710b2b6fa17.js [2644/10000] status=ok obs=d82c8d1619ad coverage=+0/32/38 time=2ms
  RUN js-fuzzer-block-scope-fc8a84ed6b55.js [2645/10000] md5=fc8a84ed6b55ab021d7ca999eea70faa bytes=114 template=block-scope origin=seed:tests/corpus/runtime/class-fields-static-methods.test.js
 PASS js-fuzzer-block-scope-fc8a84ed6b55.js [2645/10000] status=ok obs=6974ce5ac660 coverage=+0/32/38 time=1ms
  RUN js-fuzzer-loop-d35707ad0bf7.js [2646/10000] md5=d35707ad0bf74148f671ad8943998af6 bytes=81 template=loop origin=seed:tests/corpus/runtime/classes-and-objects.test.js
 PASS js-fuzzer-loop-d35707ad0bf7.js [2646/10000] status=ok obs=9bf31c7ff062 coverage=+0/32/38 time=2ms
  RUN js-fuzzer-corpus-ddcb99247fc8.js [2647/10000] md5=ddcb99247fc847c897b97c6bd6512b9f bytes=217 template=corpus origin=tests/corpus/runtime/closures-mutate-captured-bindings.test.js
 PASS js-fuzzer-corpus-ddcb99247fc8.js [2647/10000] status=ok obs=e4da3b7fbbce coverage=+0/32/38 time=2ms
  RUN js-fuzzer-class-a35a4dd2f302.js [2648/10000] md5=a35a4dd2f302fda9a0e8d6e2c980c283 bytes=101 template=class origin=seed:tests/corpus/runtime/closures-read-captured-values.test.js
 PASS js-fuzzer-class-a35a4dd2f302.js [2648/10000] status=ok obs=9bf31c7ff062 coverage=+0/32/38 time=1ms
  RUN js-fuzzer-arithmetic-f8ddf0573266.js [2649/10000] md5=f8ddf0573266699b95d6d09e41ae7326 bytes=83 template=arithmetic origin=seed:tests/corpus/runtime/exceptions-and-nullish.test.js
 PASS js-fuzzer-arithmetic-f8ddf0573266.js [2649/10000] status=ok obs=182be0c5cdcd coverage=+0/32/38 time=2ms
  RUN js-fuzzer-function-66ad482026b9.js [2650/10000] md5=66ad482026b9df67ec5d25c1cce4c653 bytes=153 template=function origin=seed:tests/corpus/runtime/functions-closures-and-arrows.test.js
 PASS js-fuzzer-function-66ad482026b9.js [2650/10000] status=ok obs=6512bd43d9ca coverage=+0/32/38 time=2ms
  RUN js-fuzzer-array-object-8bd98ac4dfbf.js [2651/10000] md5=8bd98ac4dfbf3905cba79a6c3f49c500 bytes=133 template=array-object origin=seed:tests/corpus/runtime/lexical-shadowing.test.js
 PASS js-fuzzer-array-object-8bd98ac4dfbf.js [2651/10000] status=ok obs=9bf31c7ff062 coverage=+0/32/38 time=1ms
  RUN js-fuzzer-closure-0eb11e56a5cd.js [2652/10000] md5=0eb11e56a5cdab22267d95efd37f0723 bytes=183 template=closure origin=seed:tests/corpus/runtime/modules-export.test.js
 PASS js-fuzzer-closure-0eb11e56a5cd.js [2652/10000] status=ok obs=1f0e3dad9990 coverage=+0/32/38 time=2ms
  RUN js-fuzzer-block-scope-056e31486d60.js [2653/10000] md5=056e31486d6076b39b9b6454f54dba4b bytes=114 template=block-scope origin=seed:tests/corpus/runtime/nested-try-finally.test.js
 PASS js-fuzzer-block-scope-056e31486d60.js [2653/10000] status=ok obs=a97da629b098 coverage=+0/32/38 time=2ms
  RUN js-fuzzer-boundary-6330cdecf02f.js [2654/10000] md5=6330cdecf02f68328876d88213acc2ac bytes=128 template=boundary origin=boundary:9007199254740991
 PASS js-fuzzer-boundary-6330cdecf02f.js [2654/10000] status=ok obs=8bfa9ad090fb coverage=+0/32/38 time=1ms
  RUN js-fuzzer-try-catch-f24fba189d45.js [2655/10000] md5=f24fba189d4541ce9d4809156ecb450c bytes=110 template=try-catch origin=seed:tests/corpus/syntax/logical-unary-nullish.test.js
 PASS js-fuzzer-try-catch-f24fba189d45.js [2655/10000] status=ok obs=1ff1de774005 coverage=+0/32/38 time=2ms
  RUN js-fuzzer-corpus-96ebdcb81273.js [2656/10000] md5=96ebdcb81273f0e5e5778a6c70c94988 bytes=171 template=corpus origin=tests/corpus/syntax/object-destructure-and-members.test.js
 PASS js-fuzzer-corpus-96ebdcb81273.js [2656/10000] status=ok obs=bfad8dfa12ed coverage=+0/32/38 time=1ms
  RUN js-fuzzer-arithmetic-7eead671c3bb.js [2657/10000] md5=7eead671c3bb3643ceb7b87a85569bff bytes=83 template=arithmetic origin=seed:tests/corpus/syntax/switch-do-while-sequence.test.js
 PASS js-fuzzer-arithmetic-7eead671c3bb.js [2657/10000] status=ok obs=5f93f983524d coverage=+0/32/38 time=1ms
  RUN js-fuzzer-function-3c5d7cd75696.js [2658/10000] md5=3c5d7cd75696cd405bd2fe4a10121d7f bytes=153 template=function origin=seed:tests/corpus/syntax/template-array-destructure.test.js
 PASS js-fuzzer-function-3c5d7cd75696.js [2658/10000] status=ok obs=c20ad4d76fe9 coverage=+0/32/38 time=2ms
  RUN js-fuzzer-array-object-38c897dee834.js [2659/10000] md5=38c897dee8340c946388aa6019592de2 bytes=133 template=array-object origin=seed:tests/corpus/syntax/typescript-assertions.test.ts
 PASS js-fuzzer-array-object-38c897dee834.js [2659/10000] status=ok obs=c74d97b01eae coverage=+0/32/38 time=2ms
  RUN js-fuzzer-closure-3b94c0a87d76.js [2660/10000] md5=3b94c0a87d767a99e401b7b758837a23 bytes=184 template=closure origin=seed:tests/corpus/syntax/typescript-non-null-satisfies.test.ts
 PASS js-fuzzer-closure-3b94c0a87d76.js [2660/10000] status=ok obs=8e296a067a37 coverage=+0/32/38 time=1ms
  RUN js-fuzzer-boundary-86f8354fc6fd.js [2661/10000] md5=86f8354fc6fd092b05683bbf230dc769 bytes=122 template=boundary origin=boundary:2147483647
 PASS js-fuzzer-boundary-86f8354fc6fd.js [2661/10000] status=ok obs=c588c0a459f4 coverage=+0/32/38 time=2ms
  RUN js-fuzzer-loop-f495ca2fc638.js [2662/10000] md5=f495ca2fc6389f933578fc501f5b1465 bytes=81 template=loop origin=seed:tests/corpus/fixtures/state-machine-workflow.test.js
 PASS js-fuzzer-loop-f495ca2fc638.js [2662/10000] status=ok obs=c4ca4238a0b9 coverage=+0/32/38 time=2ms
  RUN js-fuzzer-try-catch-e92e59cfe8b3.js [2663/10000] md5=e92e59cfe8b3da295d2f9e96a4effe15 bytes=109 template=try-catch origin=seed:tests/corpus/fixtures/vue-script-workflow.test.vue
 PASS js-fuzzer-try-catch-e92e59cfe8b3.js [2663/10000] status=ok obs=eccbc87e4b5c coverage=+0/32/38 time=1ms
  RUN js-fuzzer-class-6736c24444bc.js [2664/10000] md5=6736c24444bc6ff151b05a9a974ae4d5 bytes=100 template=class origin=seed:tests/corpus/obfuscation/constant-tag-mix.test.js
 PASS js-fuzzer-class-6736c24444bc.js [2664/10000] status=ok obs=45c48cce2e2d coverage=+0/32/38 time=2ms
  RUN js-fuzzer-corpus-fe2d30a6e413.js [2665/10000] md5=fe2d30a6e4139e7a8b52405bed737faa bytes=220 template=corpus origin=tests/corpus/obfuscation/extern-slot-permutation.test.js
 PASS js-fuzzer-corpus-fe2d30a6e413.js [2665/10000] status=ok obs=c34c702d0256 coverage=+0/32/38 time=2ms
  RUN js-fuzzer-function-98e8c4d5dcc0.js [2666/10000] md5=98e8c4d5dcc095fbcedf7527b98fd4fe bytes=153 template=function origin=seed:tests/corpus/obfuscation/externs-console.test.js
 PASS js-fuzzer-function-98e8c4d5dcc0.js [2666/10000] status=ok obs=c9f0f895fb98 coverage=+0/32/38 time=1ms
  RUN js-fuzzer-array-object-2569ef967a7a.js [2667/10000] md5=2569ef967a7ae48a282ea86ac94d6ab4 bytes=133 template=array-object origin=seed:tests/corpus/obfuscation/seed-sensitive-functions.test.js
 PASS js-fuzzer-array-object-2569ef967a7a.js [2667/10000] status=ok obs=c51ce410c124 coverage=+0/32/38 time=1ms
  RUN js-fuzzer-boundary-221618e58a55.js [2668/10000] md5=221618e58a55537e4dc7530ef9f57aaf bytes=113 template=boundary origin=boundary:2
 PASS js-fuzzer-boundary-221618e58a55.js [2668/10000] status=ok obs=c81e728d9d4c coverage=+0/32/38 time=2ms
  RUN js-fuzzer-block-scope-22350315fdba.js [2669/10000] md5=22350315fdba97efbf9aea25de3706e4 bytes=114 template=block-scope origin=seed:tests/corpus/regressions/multiple-functions-fib-add.test.js
 PASS js-fuzzer-block-scope-22350315fdba.js [2669/10000] status=ok obs=2723d092b638 coverage=+0/32/38 time=1ms
  RUN js-fuzzer-loop-55c7c905bffb.js [2670/10000] md5=55c7c905bffb4bbbc4c8fb9b91df6ad8 bytes=81 template=loop origin=seed:tests/corpus/regressions/scope-compressed-closure-params.test.js
 PASS js-fuzzer-loop-55c7c905bffb.js [2670/10000] status=ok obs=eccbc87e4b5c coverage=+0/32/38 time=2ms
  RUN js-fuzzer-try-catch-42a4cfadce42.js [2671/10000] md5=42a4cfadce4239139aa1e7114c2e99a2 bytes=110 template=try-catch origin=seed:tests/corpus/runtime/arrays-objects-methods.test.js
 PASS js-fuzzer-try-catch-42a4cfadce42.js [2671/10000] status=ok obs=19ca14e7ea63 coverage=+0/32/38 time=2ms
  RUN js-fuzzer-class-a35a4dd2f302.js [2672/10000] md5=a35a4dd2f302fda9a0e8d6e2c980c283 bytes=101 template=class origin=seed:tests/corpus/runtime/block-scopes.test.js
 PASS js-fuzzer-class-a35a4dd2f302.js [2672/10000] status=ok obs=9bf31c7ff062 coverage=+0/32/38 time=1ms
  RUN js-fuzzer-arithmetic-91cf821772a7.js [2673/10000] md5=91cf821772a72bfadb7da3775a4d2bc8 bytes=84 template=arithmetic origin=seed:tests/corpus/runtime/class-fields-static-methods.test.js
 PASS js-fuzzer-arithmetic-91cf821772a7.js [2673/10000] status=ok obs=6974ce5ac660 coverage=+0/32/38 time=2ms
  RUN js-fuzzer-corpus-663bf83cd082.js [2674/10000] md5=663bf83cd082bd221441dae6bbc85046 bytes=278 template=corpus origin=tests/corpus/runtime/classes-and-objects.test.js
 PASS js-fuzzer-corpus-663bf83cd082.js [2674/10000] status=ok obs=6f4922f45568 coverage=+0/32/38 time=2ms
  RUN js-fuzzer-boundary-ccde2dac26f6.js [2675/10000] md5=ccde2dac26f6d3fd46c3698825685fe3 bytes=113 template=boundary origin=boundary:1
 PASS js-fuzzer-boundary-ccde2dac26f6.js [2675/10000] status=ok obs=c4ca4238a0b9 coverage=+0/32/38 time=1ms
  RUN js-fuzzer-closure-0e072a6783df.js [2676/10000] md5=0e072a6783dfad210d7aa0765caf1f66 bytes=184 template=closure origin=seed:tests/corpus/runtime/closures-read-captured-values.test.js
 PASS js-fuzzer-closure-0e072a6783df.js [2676/10000] status=ok obs=8e296a067a37 coverage=+0/32/38 time=2ms
  RUN js-fuzzer-block-scope-0d959b955ab6.js [2677/10000] md5=0d959b955ab696f224dd11a7efe26948 bytes=114 template=block-scope origin=seed:tests/corpus/runtime/exceptions-and-nullish.test.js
 PASS js-fuzzer-block-scope-0d959b955ab6.js [2677/10000] status=ok obs=65b9eea6e1cc coverage=+0/32/38 time=2ms
  RUN js-fuzzer-loop-b88258462a8d.js [2678/10000] md5=b88258462a8d880f8b0e459fa23b2536 bytes=81 template=loop origin=seed:tests/corpus/runtime/functions-closures-and-arrows.test.js
 PASS js-fuzzer-loop-b88258462a8d.js [2678/10000] status=ok obs=3c59dc048e88 coverage=+0/32/38 time=1ms
  RUN js-fuzzer-try-catch-6c711f8bb184.js [2679/10000] md5=6c711f8bb184c228d8b20d70b1aabb73 bytes=109 template=try-catch origin=seed:tests/corpus/runtime/lexical-shadowing.test.js
 PASS js-fuzzer-try-catch-6c711f8bb184.js [2679/10000] status=ok obs=1679091c5a88 coverage=+0/32/38 time=2ms
  RUN js-fuzzer-class-ff7d9ca3da86.js [2680/10000] md5=ff7d9ca3da86b49917ac34b4d48e8df9 bytes=101 template=class origin=seed:tests/corpus/runtime/modules-export.test.js
 PASS js-fuzzer-class-ff7d9ca3da86.js [2680/10000] status=ok obs=c20ad4d76fe9 coverage=+0/32/38 time=2ms
  RUN js-fuzzer-arithmetic-a6c14084bd11.js [2681/10000] md5=a6c14084bd111d8a17e8cb7202d51b95 bytes=84 template=arithmetic origin=seed:tests/corpus/runtime/nested-try-finally.test.js
 PASS js-fuzzer-arithmetic-a6c14084bd11.js [2681/10000] status=ok obs=735b90b45681 coverage=+0/32/38 time=2ms
  RUN js-fuzzer-boundary-e62759fbe8d3.js [2682/10000] md5=e62759fbe8d36ad2cfb89a0f8bac18b9 bytes=129 template=boundary origin=boundary:-9007199254740991
 PASS js-fuzzer-boundary-e62759fbe8d3.js [2682/10000] status=ok obs=b3f3a95848f6 coverage=+0/32/38 time=1ms
  RUN js-fuzzer-corpus-279b64032335.js [2683/10000] md5=279b640323351a1b082b98b42d2a2d55 bytes=134 template=corpus origin=tests/corpus/syntax/logical-unary-nullish.test.js
 PASS js-fuzzer-corpus-279b64032335.js [2683/10000] status=ok obs=45c48cce2e2d coverage=+0/32/38 time=2ms
  RUN js-fuzzer-closure-9479932d301a.js [2684/10000] md5=9479932d301a94f4a3a7b9eb7ac7be96 bytes=183 template=closure origin=seed:tests/corpus/syntax/object-destructure-and-members.test.js
 PASS js-fuzzer-closure-9479932d301a.js [2684/10000] status=ok obs=3c59dc048e88 coverage=+0/32/38 time=2ms
  RUN js-fuzzer-block-scope-94c02c5f9dd5.js [2685/10000] md5=94c02c5f9dd5a71f193fc5bdc917b6b5 bytes=114 template=block-scope origin=seed:tests/corpus/syntax/switch-do-while-sequence.test.js
 PASS js-fuzzer-block-scope-94c02c5f9dd5.js [2685/10000] status=ok obs=6974ce5ac660 coverage=+0/32/38 time=1ms
  RUN js-fuzzer-loop-55c7c905bffb.js [2686/10000] md5=55c7c905bffb4bbbc4c8fb9b91df6ad8 bytes=81 template=loop origin=seed:tests/corpus/syntax/template-array-destructure.test.js
 PASS js-fuzzer-loop-55c7c905bffb.js [2686/10000] status=ok obs=eccbc87e4b5c coverage=+0/32/38 time=2ms
  RUN js-fuzzer-try-catch-b442aa263f12.js [2687/10000] md5=b442aa263f129fb627b483e77db700ad bytes=110 template=try-catch origin=seed:tests/corpus/syntax/typescript-assertions.test.ts
 PASS js-fuzzer-try-catch-b442aa263f12.js [2687/10000] status=ok obs=c20ad4d76fe9 coverage=+0/32/38 time=1ms
  RUN js-fuzzer-class-1fb70654253d.js [2688/10000] md5=1fb70654253d944404805630039f463c bytes=101 template=class origin=seed:tests/corpus/syntax/typescript-non-null-satisfies.test.ts
 PASS js-fuzzer-class-1fb70654253d.js [2688/10000] status=ok obs=c51ce410c124 coverage=+0/32/38 time=2ms
  RUN js-fuzzer-boundary-512d8e9b531d.js [2689/10000] md5=512d8e9b531dd316e823325cc949e70e bytes=123 template=boundary origin=boundary:-2147483648
 PASS js-fuzzer-boundary-512d8e9b531d.js [2689/10000] status=ok obs=034ff5946105 coverage=+0/32/38 time=2ms
  RUN js-fuzzer-function-17ab2ee95112.js [2690/10000] md5=17ab2ee95112b813f54b3d07b24c1dbd bytes=153 template=function origin=seed:tests/corpus/fixtures/state-machine-workflow.test.js
 PASS js-fuzzer-function-17ab2ee95112.js [2690/10000] status=ok obs=b6d767d2f8ed coverage=+0/32/38 time=2ms
  RUN js-fuzzer-array-object-6ce2d9031c60.js [2691/10000] md5=6ce2d9031c60a2ea1c30c92f516d1246 bytes=133 template=array-object origin=seed:tests/corpus/fixtures/vue-script-workflow.test.vue
 PASS js-fuzzer-array-object-6ce2d9031c60.js [2691/10000] status=ok obs=c20ad4d76fe9 coverage=+0/32/38 time=2ms
  RUN js-fuzzer-corpus-f00ef18b0a17.js [2692/10000] md5=f00ef18b0a172b2a2d9833f5b7fe94e2 bytes=199 template=corpus origin=tests/corpus/obfuscation/constant-tag-mix.test.js
 PASS js-fuzzer-corpus-f00ef18b0a17.js [2692/10000] status=ok obs=e86823f38986 coverage=+0/32/38 time=1ms
  RUN js-fuzzer-block-scope-6c0b222ddc47.js [2693/10000] md5=6c0b222ddc47d7dd8ad0d2cf6f93b269 bytes=114 template=block-scope origin=seed:tests/corpus/obfuscation/extern-slot-permutation.test.js
 PASS js-fuzzer-block-scope-6c0b222ddc47.js [2693/10000] status=ok obs=2723d092b638 coverage=+0/32/38 time=2ms
  RUN js-fuzzer-loop-f495ca2fc638.js [2694/10000] md5=f495ca2fc6389f933578fc501f5b1465 bytes=81 template=loop origin=seed:tests/corpus/obfuscation/externs-console.test.js
 PASS js-fuzzer-loop-f495ca2fc638.js [2694/10000] status=ok obs=c4ca4238a0b9 coverage=+0/32/38 time=2ms
  RUN js-fuzzer-try-catch-10b006553cce.js [2695/10000] md5=10b006553cced3afac446c8e96bc0d8a bytes=110 template=try-catch origin=seed:tests/corpus/obfuscation/seed-sensitive-functions.test.js
 PASS js-fuzzer-try-catch-10b006553cce.js [2695/10000] status=ok obs=8e296a067a37 coverage=+0/32/38 time=1ms
  RUN js-fuzzer-boundary-6d89c3a838ae.js [2696/10000] md5=6d89c3a838ae354bda64ec37ec2b63b1 bytes=114 template=boundary origin=boundary:-2
 PASS js-fuzzer-boundary-6d89c3a838ae.js [2696/10000] status=ok obs=5d7b9adcbe1c coverage=+0/32/38 time=2ms
  RUN js-fuzzer-arithmetic-bd6293698291.js [2697/10000] md5=bd629369829158359184b3092444ab21 bytes=85 template=arithmetic origin=seed:tests/corpus/regressions/multiple-functions-fib-add.test.js
 PASS js-fuzzer-arithmetic-bd6293698291.js [2697/10000] status=ok obs=38db3aed920c coverage=+0/32/38 time=1ms
  RUN js-fuzzer-function-8384e80192dc.js [2698/10000] md5=8384e80192dc0232cf5e505b2f7d5501 bytes=153 template=function origin=seed:tests/corpus/regressions/scope-compressed-closure-params.test.js
 PASS js-fuzzer-function-8384e80192dc.js [2698/10000] status=ok obs=e4da3b7fbbce coverage=+0/32/38 time=2ms
  RUN js-fuzzer-array-object-47797561d6aa.js [2699/10000] md5=47797561d6aa0965baab77d781b38008 bytes=133 template=array-object origin=seed:tests/corpus/runtime/arrays-objects-methods.test.js
 PASS js-fuzzer-array-object-47797561d6aa.js [2699/10000] status=ok obs=c20ad4d76fe9 coverage=+0/32/38 time=2ms
  RUN js-fuzzer-closure-7329498ab1de.js [2700/10000] md5=7329498ab1de050640bffc97bc2e0181 bytes=184 template=closure origin=seed:tests/corpus/runtime/block-scopes.test.js
 PASS js-fuzzer-closure-7329498ab1de.js [2700/10000] status=ok obs=03afdbd66e79 coverage=+0/32/38 time=2ms
  RUN js-fuzzer-corpus-a64e83c2f849.js [2701/10000] md5=a64e83c2f84925dca8985eabe963ee21 bytes=179 template=corpus origin=tests/corpus/runtime/class-fields-static-methods.test.js
 PASS js-fuzzer-corpus-a64e83c2f849.js [2701/10000] status=ok obs=8f14e45fceea coverage=+0/32/38 time=1ms
  RUN js-fuzzer-loop-b88258462a8d.js [2702/10000] md5=b88258462a8d880f8b0e459fa23b2536 bytes=81 template=loop origin=seed:tests/corpus/runtime/classes-and-objects.test.js
 PASS js-fuzzer-loop-b88258462a8d.js [2702/10000] status=ok obs=3c59dc048e88 coverage=+0/32/38 time=2ms
  RUN js-fuzzer-boundary-61a9a82f5f08.js [2703/10000] md5=61a9a82f5f08bc177f13c805ba785d7d bytes=114 template=boundary origin=boundary:-1
 PASS js-fuzzer-boundary-61a9a82f5f08.js [2703/10000] status=ok obs=6bb61e3b7bce coverage=+0/32/38 time=2ms
  RUN js-fuzzer-class-b901915e3eda.js [2704/10000] md5=b901915e3eda1a96f77dcec9fff681b5 bytes=100 template=class origin=seed:tests/corpus/runtime/closures-read-captured-values.test.js
 PASS js-fuzzer-class-b901915e3eda.js [2704/10000] status=ok obs=c81e728d9d4c coverage=+0/32/38 time=1ms
  RUN js-fuzzer-arithmetic-3fb7d2769de7.js [2705/10000] md5=3fb7d2769de7a2c2cf3b997232ce0041 bytes=85 template=arithmetic origin=seed:tests/corpus/runtime/exceptions-and-nullish.test.js
 PASS js-fuzzer-arithmetic-3fb7d2769de7.js [2705/10000] status=ok obs=6cdd60ea0045 coverage=+0/32/38 time=2ms
  RUN js-fuzzer-function-8a44cf2ceed5.js [2706/10000] md5=8a44cf2ceed595d9f22254a99d394b8c bytes=153 template=function origin=seed:tests/corpus/runtime/functions-closures-and-arrows.test.js
 PASS js-fuzzer-function-8a44cf2ceed5.js [2706/10000] status=ok obs=1ff1de774005 coverage=+0/32/38 time=2ms
  RUN js-fuzzer-array-object-b6b57190c435.js [2707/10000] md5=b6b57190c4358a0d16b95feea54f5167 bytes=133 template=array-object origin=seed:tests/corpus/runtime/lexical-shadowing.test.js
 PASS js-fuzzer-array-object-b6b57190c435.js [2707/10000] status=ok obs=8f14e45fceea coverage=+0/32/38 time=2ms
  RUN js-fuzzer-closure-6b52267b7b82.js [2708/10000] md5=6b52267b7b821f47b4c5b5c510963f21 bytes=184 template=closure origin=seed:tests/corpus/runtime/modules-export.test.js
 PASS js-fuzzer-closure-6b52267b7b82.js [2708/10000] status=ok obs=17e62166fc85 coverage=+0/32/38 time=1ms
  RUN js-fuzzer-block-scope-0b2b0d02d1d9.js [2709/10000] md5=0b2b0d02d1d9855d64000365f6e1fc62 bytes=114 template=block-scope origin=seed:tests/corpus/runtime/nested-try-finally.test.js
 PASS js-fuzzer-block-scope-0b2b0d02d1d9.js [2709/10000] status=ok obs=c9e1074f5b3f coverage=+0/32/38 time=2ms
  RUN js-fuzzer-corpus-89e900fcb72f.js [2710/10000] md5=89e900fcb72ff838bfe9a13ae091363f bytes=228 template=corpus origin=tests/corpus/syntax/control-flow-and-operators.test.js
 PASS js-fuzzer-corpus-89e900fcb72f.js [2710/10000] status=ok obs=aab3238922bc coverage=+0/32/38 time=2ms
  RUN js-fuzzer-try-catch-e92e59cfe8b3.js [2711/10000] md5=e92e59cfe8b3da295d2f9e96a4effe15 bytes=109 template=try-catch origin=seed:tests/corpus/syntax/logical-unary-nullish.test.js
 PASS js-fuzzer-try-catch-e92e59cfe8b3.js [2711/10000] status=ok obs=eccbc87e4b5c coverage=+0/32/38 time=2ms
  RUN js-fuzzer-class-a9875f561daf.js [2712/10000] md5=a9875f561daf181d949c68fc070db0e0 bytes=101 template=class origin=seed:tests/corpus/syntax/object-destructure-and-members.test.js
 PASS js-fuzzer-class-a9875f561daf.js [2712/10000] status=ok obs=aab3238922bc coverage=+0/32/38 time=1ms
  RUN js-fuzzer-arithmetic-4cc15150e6a1.js [2713/10000] md5=4cc15150e6a19fc0d37d975bbb158511 bytes=84 template=arithmetic origin=seed:tests/corpus/syntax/switch-do-while-sequence.test.js
 PASS js-fuzzer-arithmetic-4cc15150e6a1.js [2713/10000] status=ok obs=47d1e990583c coverage=+0/32/38 time=2ms
  RUN js-fuzzer-function-ced1d0daab2e.js [2714/10000] md5=ced1d0daab2e23fdcfec672d899d9739 bytes=153 template=function origin=seed:tests/corpus/syntax/template-array-destructure.test.js
 PASS js-fuzzer-function-ced1d0daab2e.js [2714/10000] status=ok obs=8e296a067a37 coverage=+0/32/38 time=2ms
  RUN js-fuzzer-array-object-e93a4f338a20.js [2715/10000] md5=e93a4f338a207fd93671227ec82df3b9 bytes=133 template=array-object origin=seed:tests/corpus/syntax/typescript-assertions.test.ts
 PASS js-fuzzer-array-object-e93a4f338a20.js [2715/10000] status=ok obs=c20ad4d76fe9 coverage=+0/32/38 time=2ms
  RUN js-fuzzer-closure-44e7720ce0a0.js [2716/10000] md5=44e7720ce0a09c319e557ddb04de8b21 bytes=183 template=closure origin=seed:tests/corpus/syntax/typescript-non-null-satisfies.test.ts
 PASS js-fuzzer-closure-44e7720ce0a0.js [2716/10000] status=ok obs=9bf31c7ff062 coverage=+0/32/38 time=2ms
  RUN js-fuzzer-boundary-83aee5cf07de.js [2717/10000] md5=83aee5cf07deb9d5ce59aec8aff7a227 bytes=128 template=boundary origin=boundary:9007199254740991
 PASS js-fuzzer-boundary-83aee5cf07de.js [2717/10000] status=ok obs=8bfa9ad090fb coverage=+0/32/38 time=2ms
  RUN js-fuzzer-loop-54e460cecf5c.js [2718/10000] md5=54e460cecf5c05dfcffaa3b2e5f57445 bytes=81 template=loop origin=seed:tests/corpus/fixtures/state-machine-workflow.test.js
 PASS js-fuzzer-loop-54e460cecf5c.js [2718/10000] status=ok obs=d3d9446802a4 coverage=+0/32/38 time=1ms
  RUN js-fuzzer-corpus-f722388c7961.js [2719/10000] md5=f722388c7961d2a0288508c35f28a5f8 bytes=96 template=corpus origin=tests/corpus/fixtures/vue-script-workflow.test.vue
 PASS js-fuzzer-corpus-f722388c7961.js [2719/10000] status=ok obs=6512bd43d9ca coverage=+0/32/38 time=2ms
  RUN js-fuzzer-class-3b630e2d834a.js [2720/10000] md5=3b630e2d834a95a01ee75571f8bc0075 bytes=101 template=class origin=seed:tests/corpus/obfuscation/constant-tag-mix.test.js
 PASS js-fuzzer-class-3b630e2d834a.js [2720/10000] status=ok obs=6512bd43d9ca coverage=+0/32/38 time=1ms
  RUN js-fuzzer-arithmetic-c03547bca5ea.js [2721/10000] md5=c03547bca5ea55c55b2e68a01c6905f2 bytes=84 template=arithmetic origin=seed:tests/corpus/obfuscation/extern-slot-permutation.test.js
 PASS js-fuzzer-arithmetic-c03547bca5ea.js [2721/10000] status=ok obs=2a38a4a9316c coverage=+0/32/38 time=1ms
  RUN js-fuzzer-function-805986a3b478.js [2722/10000] md5=805986a3b4784e72cf43592e25340692 bytes=153 template=function origin=seed:tests/corpus/obfuscation/externs-console.test.js
 PASS js-fuzzer-function-805986a3b478.js [2722/10000] status=ok obs=c51ce410c124 coverage=+0/32/38 time=4ms
  RUN js-fuzzer-array-object-8fec85564ef9.js [2723/10000] md5=8fec85564ef91a26a502455b55a3f473 bytes=133 template=array-object origin=seed:tests/corpus/obfuscation/seed-sensitive-functions.test.js
 PASS js-fuzzer-array-object-8fec85564ef9.js [2723/10000] status=ok obs=c74d97b01eae coverage=+0/32/38 time=1ms
  RUN js-fuzzer-boundary-5c12d757f0dd.js [2724/10000] md5=5c12d757f0ddd5c6b1207b14fb1e8d0c bytes=122 template=boundary origin=boundary:2147483647
 PASS js-fuzzer-boundary-5c12d757f0dd.js [2724/10000] status=ok obs=c588c0a459f4 coverage=+0/32/38 time=2ms
  RUN js-fuzzer-block-scope-652d7136841b.js [2725/10000] md5=652d7136841be8a38febc4fcb4320341 bytes=114 template=block-scope origin=seed:tests/corpus/regressions/multiple-functions-fib-add.test.js
 PASS js-fuzzer-block-scope-652d7136841b.js [2725/10000] status=ok obs=f0935e4cd592 coverage=+0/32/38 time=2ms
  RUN js-fuzzer-loop-54e460cecf5c.js [2726/10000] md5=54e460cecf5c05dfcffaa3b2e5f57445 bytes=81 template=loop origin=seed:tests/corpus/regressions/scope-compressed-closure-params.test.js
 PASS js-fuzzer-loop-54e460cecf5c.js [2726/10000] status=ok obs=d3d9446802a4 coverage=+0/32/38 time=1ms
  RUN js-fuzzer-try-catch-ecde19ac059d.js [2727/10000] md5=ecde19ac059dab5b524e2da1cfde28b0 bytes=110 template=try-catch origin=seed:tests/corpus/runtime/arrays-objects-methods.test.js
 PASS js-fuzzer-try-catch-ecde19ac059d.js [2727/10000] status=ok obs=f457c545a9de coverage=+0/32/38 time=2ms
  RUN js-fuzzer-corpus-8b78ba7912c5.js [2728/10000] md5=8b78ba7912c51f6cf304b65c6ebdb2e3 bytes=289 template=corpus origin=tests/corpus/runtime/block-scopes.test.js
 PASS js-fuzzer-corpus-8b78ba7912c5.js [2728/10000] status=ok obs=37693cfc7480 coverage=+0/32/38 time=2ms
  RUN js-fuzzer-arithmetic-bd453e9ffa56.js [2729/10000] md5=bd453e9ffa56ba5e241380ef84a4d7d6 bytes=85 template=arithmetic origin=seed:tests/corpus/runtime/class-fields-static-methods.test.js
 PASS js-fuzzer-arithmetic-bd453e9ffa56.js [2729/10000] status=ok obs=5737c6ec2e07 coverage=+0/32/38 time=2ms
  RUN js-fuzzer-function-cb7d7d91d83d.js [2730/10000] md5=cb7d7d91d83d165500656240f14cd1fc bytes=153 template=function origin=seed:tests/corpus/runtime/classes-and-objects.test.js
 PASS js-fuzzer-function-cb7d7d91d83d.js [2730/10000] status=ok obs=8f14e45fceea coverage=+0/32/38 time=1ms
  RUN js-fuzzer-boundary-e33d9dc9cd6c.js [2731/10000] md5=e33d9dc9cd6c84ec6ac6a01d1d18c4f2 bytes=113 template=boundary origin=boundary:2
 PASS js-fuzzer-boundary-e33d9dc9cd6c.js [2731/10000] status=ok obs=c81e728d9d4c coverage=+0/32/38 time=1ms
  RUN js-fuzzer-closure-fe3a0e2b7a07.js [2732/10000] md5=fe3a0e2b7a079135b85ba11458593d51 bytes=183 template=closure origin=seed:tests/corpus/runtime/closures-read-captured-values.test.js
 PASS js-fuzzer-closure-fe3a0e2b7a07.js [2732/10000] status=ok obs=182be0c5cdcd coverage=+0/32/38 time=2ms
  RUN js-fuzzer-block-scope-0e2f1ddd0627.js [2733/10000] md5=0e2f1ddd0627f4a9c4a62578b5531929 bytes=114 template=block-scope origin=seed:tests/corpus/runtime/exceptions-and-nullish.test.js
 PASS js-fuzzer-block-scope-0e2f1ddd0627.js [2733/10000] status=ok obs=2723d092b638 coverage=+0/32/38 time=2ms
  RUN js-fuzzer-loop-b88258462a8d.js [2734/10000] md5=b88258462a8d880f8b0e459fa23b2536 bytes=81 template=loop origin=seed:tests/corpus/runtime/functions-closures-and-arrows.test.js
 PASS js-fuzzer-loop-b88258462a8d.js [2734/10000] status=ok obs=3c59dc048e88 coverage=+0/32/38 time=2ms
  RUN js-fuzzer-try-catch-684f084d24b8.js [2735/10000] md5=684f084d24b8db7c12c5b7b39189e1fb bytes=110 template=try-catch origin=seed:tests/corpus/runtime/lexical-shadowing.test.js
 PASS js-fuzzer-try-catch-684f084d24b8.js [2735/10000] status=ok obs=3416a75f4cea coverage=+0/32/38 time=2ms
  RUN js-fuzzer-class-a9875f561daf.js [2736/10000] md5=a9875f561daf181d949c68fc070db0e0 bytes=101 template=class origin=seed:tests/corpus/runtime/modules-export.test.js
 PASS js-fuzzer-class-a9875f561daf.js [2736/10000] status=ok obs=aab3238922bc coverage=+0/32/38 time=3ms
  RUN js-fuzzer-corpus-c557f8da2a9d.js [2737/10000] md5=c557f8da2a9d2904c70dca50c3eeb50e bytes=191 template=corpus origin=tests/corpus/runtime/nested-try-finally.test.js
 PASS js-fuzzer-corpus-c557f8da2a9d.js [2737/10000] status=ok obs=8f14e45fceea coverage=+0/32/38 time=1ms
  RUN js-fuzzer-boundary-3ca041277ff0.js [2738/10000] md5=3ca041277ff0c3edafc1a1dcaf120940 bytes=113 template=boundary origin=boundary:1
 PASS js-fuzzer-boundary-3ca041277ff0.js [2738/10000] status=ok obs=c4ca4238a0b9 coverage=+0/32/38 time=1ms
  RUN js-fuzzer-array-object-6e3c8a4debe6.js [2739/10000] md5=6e3c8a4debe63ad8e01ad2da78623ef5 bytes=133 template=array-object origin=seed:tests/corpus/syntax/logical-unary-nullish.test.js
 PASS js-fuzzer-array-object-6e3c8a4debe6.js [2739/10000] status=ok obs=45c48cce2e2d coverage=+0/32/38 time=2ms
  RUN js-fuzzer-closure-a52e44fc41ea.js [2740/10000] md5=a52e44fc41ea2bf0469d1c19ee21047b bytes=184 template=closure origin=seed:tests/corpus/syntax/object-destructure-and-members.test.js
 PASS js-fuzzer-closure-a52e44fc41ea.js [2740/10000] status=ok obs=735b90b45681 coverage=+0/32/38 time=2ms
  RUN js-fuzzer-block-scope-652d7136841b.js [2741/10000] md5=652d7136841be8a38febc4fcb4320341 bytes=114 template=block-scope origin=seed:tests/corpus/syntax/switch-do-while-sequence.test.js
 PASS js-fuzzer-block-scope-652d7136841b.js [2741/10000] status=ok obs=f0935e4cd592 coverage=+0/32/38 time=1ms
  RUN js-fuzzer-loop-b88258462a8d.js [2742/10000] md5=b88258462a8d880f8b0e459fa23b2536 bytes=81 template=loop origin=seed:tests/corpus/syntax/template-array-destructure.test.js
 PASS js-fuzzer-loop-b88258462a8d.js [2742/10000] status=ok obs=3c59dc048e88 coverage=+0/32/38 time=2ms
  RUN js-fuzzer-try-catch-8031e9fbb6ce.js [2743/10000] md5=8031e9fbb6ce9336eae93af8638d05b3 bytes=110 template=try-catch origin=seed:tests/corpus/syntax/typescript-assertions.test.ts
 PASS js-fuzzer-try-catch-8031e9fbb6ce.js [2743/10000] status=ok obs=a1d0c6e83f02 coverage=+0/32/38 time=1ms
  RUN js-fuzzer-class-c6bbe0a63455.js [2744/10000] md5=c6bbe0a634559d18fa82cf0c9a421610 bytes=100 template=class origin=seed:tests/corpus/syntax/typescript-non-null-satisfies.test.ts
 PASS js-fuzzer-class-c6bbe0a63455.js [2744/10000] status=ok obs=1679091c5a88 coverage=+0/32/38 time=2ms
  RUN js-fuzzer-boundary-235131a2d0d1.js [2745/10000] md5=235131a2d0d184afe9327ca3bd456dde bytes=129 template=boundary origin=boundary:-9007199254740991
 PASS js-fuzzer-boundary-235131a2d0d1.js [2745/10000] status=ok obs=b3f3a95848f6 coverage=+0/32/38 time=2ms
  RUN js-fuzzer-corpus-ab8ca4f8757c.js [2746/10000] md5=ab8ca4f8757c6165b29cd6a662edad93 bytes=450 template=corpus origin=tests/corpus/fixtures/state-machine-workflow.test.js
 PASS js-fuzzer-corpus-ab8ca4f8757c.js [2746/10000] status=ok obs=b9f49c580664 coverage=+0/32/38 time=2ms
  RUN js-fuzzer-array-object-e9a0e2168e66.js [2747/10000] md5=e9a0e2168e66acdd414d8d5064e38e7b bytes=133 template=array-object origin=seed:tests/corpus/fixtures/vue-script-workflow.test.vue
 PASS js-fuzzer-array-object-e9a0e2168e66.js [2747/10000] status=ok obs=45c48cce2e2d coverage=+0/32/38 time=2ms
  RUN js-fuzzer-closure-85690de51ff6.js [2748/10000] md5=85690de51ff67441c681fddbd0c60269 bytes=183 template=closure origin=seed:tests/corpus/obfuscation/constant-tag-mix.test.js
 PASS js-fuzzer-closure-85690de51ff6.js [2748/10000] status=ok obs=37693cfc7480 coverage=+0/32/38 time=1ms
  RUN js-fuzzer-block-scope-37f71b65fb23.js [2749/10000] md5=37f71b65fb23cedffe5906d14cbefdd7 bytes=114 template=block-scope origin=seed:tests/corpus/obfuscation/extern-slot-permutation.test.js
 PASS js-fuzzer-block-scope-37f71b65fb23.js [2749/10000] status=ok obs=2723d092b638 coverage=+0/32/38 time=2ms
  RUN js-fuzzer-loop-d35707ad0bf7.js [2750/10000] md5=d35707ad0bf74148f671ad8943998af6 bytes=81 template=loop origin=seed:tests/corpus/obfuscation/externs-console.test.js
 PASS js-fuzzer-loop-d35707ad0bf7.js [2750/10000] status=ok obs=9bf31c7ff062 coverage=+0/32/38 time=2ms
  RUN js-fuzzer-try-catch-83aeb7d5f114.js [2751/10000] md5=83aeb7d5f114f448e90b2f3e31e7a7e9 bytes=110 template=try-catch origin=seed:tests/corpus/obfuscation/seed-sensitive-functions.test.js
 PASS js-fuzzer-try-catch-83aeb7d5f114.js [2751/10000] status=ok obs=e369853df766 coverage=+0/32/38 time=1ms
  RUN js-fuzzer-boundary-205872a6e44c.js [2752/10000] md5=205872a6e44c1ea0cf94554af934fb09 bytes=123 template=boundary origin=boundary:-2147483648
 PASS js-fuzzer-boundary-205872a6e44c.js [2752/10000] status=ok obs=034ff5946105 coverage=+0/32/38 time=2ms
  RUN js-fuzzer-arithmetic-0082eabd309b.js [2753/10000] md5=0082eabd309b8c38e7f520a0142a8f1f bytes=84 template=arithmetic origin=seed:tests/corpus/regressions/multiple-functions-fib-add.test.js
 PASS js-fuzzer-arithmetic-0082eabd309b.js [2753/10000] status=ok obs=c20ad4d76fe9 coverage=+0/32/38 time=1ms
  RUN js-fuzzer-function-1bdd3cdc8039.js [2754/10000] md5=1bdd3cdc8039303572ffd714360b1f25 bytes=153 template=function origin=seed:tests/corpus/regressions/scope-compressed-closure-params.test.js
 PASS js-fuzzer-function-1bdd3cdc8039.js [2754/10000] status=ok obs=37693cfc7480 coverage=+0/32/38 time=3ms
  RUN js-fuzzer-corpus-a07012429fce.js [2755/10000] md5=a07012429fce4b4d7c8af42f445f70b9 bytes=163 template=corpus origin=tests/corpus/runtime/arrays-objects-methods.test.js
 PASS js-fuzzer-corpus-a07012429fce.js [2755/10000] status=ok obs=c51ce410c124 coverage=+0/32/38 time=1ms
  RUN js-fuzzer-closure-7407d1a70df4.js [2756/10000] md5=7407d1a70df453d6fd99a6040c075665 bytes=183 template=closure origin=seed:tests/corpus/runtime/block-scopes.test.js
 PASS js-fuzzer-closure-7407d1a70df4.js [2756/10000] status=ok obs=c51ce410c124 coverage=+0/32/38 time=2ms
  RUN js-fuzzer-block-scope-3618dfc383f1.js [2757/10000] md5=3618dfc383f176ec28b3df9bed8a3cec bytes=114 template=block-scope origin=seed:tests/corpus/runtime/class-fields-static-methods.test.js
 PASS js-fuzzer-block-scope-3618dfc383f1.js [2757/10000] status=ok obs=c9e1074f5b3f coverage=+0/32/38 time=2ms
  RUN js-fuzzer-loop-f495ca2fc638.js [2758/10000] md5=f495ca2fc6389f933578fc501f5b1465 bytes=81 template=loop origin=seed:tests/corpus/runtime/classes-and-objects.test.js
 PASS js-fuzzer-loop-f495ca2fc638.js [2758/10000] status=ok obs=c4ca4238a0b9 coverage=+0/32/38 time=1ms
  RUN js-fuzzer-boundary-db03eeac3914.js [2759/10000] md5=db03eeac3914e8f0a7bfea9eefe9f0de bytes=114 template=boundary origin=boundary:-2
 PASS js-fuzzer-boundary-db03eeac3914.js [2759/10000] status=ok obs=5d7b9adcbe1c coverage=+0/32/38 time=2ms
  RUN js-fuzzer-class-5baf4bed5db4.js [2760/10000] md5=5baf4bed5db4f8205173226efc8fff73 bytes=101 template=class origin=seed:tests/corpus/runtime/closures-read-captured-values.test.js
 PASS js-fuzzer-class-5baf4bed5db4.js [2760/10000] status=ok obs=6f4922f45568 coverage=+0/32/38 time=2ms
  RUN js-fuzzer-arithmetic-fee17cabd1df.js [2761/10000] md5=fee17cabd1df0423ea88ca7eb84c13d3 bytes=85 template=arithmetic origin=seed:tests/corpus/runtime/exceptions-and-nullish.test.js
 PASS js-fuzzer-arithmetic-fee17cabd1df.js [2761/10000] status=ok obs=013d407166ec coverage=+0/32/38 time=1ms
  RUN js-fuzzer-function-84b6f0564867.js [2762/10000] md5=84b6f05648673d1e7da8df04c8cbab23 bytes=153 template=function origin=seed:tests/corpus/runtime/functions-closures-and-arrows.test.js
 PASS js-fuzzer-function-84b6f0564867.js [2762/10000] status=ok obs=c74d97b01eae coverage=+0/32/38 time=2ms
  RUN js-fuzzer-array-object-090639edb97e.js [2763/10000] md5=090639edb97ef669166d7ff9bb3b4595 bytes=133 template=array-object origin=seed:tests/corpus/runtime/lexical-shadowing.test.js
 PASS js-fuzzer-array-object-090639edb97e.js [2763/10000] status=ok obs=aab3238922bc coverage=+0/32/38 time=2ms
  RUN js-fuzzer-corpus-4131d841163b.js [2764/10000] md5=4131d841163b79e192bca9d4fc683c54 bytes=58 template=corpus origin=tests/corpus/runtime/modules-export.test.js
 PASS js-fuzzer-corpus-4131d841163b.js [2764/10000] status=ok obs=8f14e45fceea coverage=+0/32/38 time=3ms
  RUN js-fuzzer-block-scope-fa45d8b78690.js [2765/10000] md5=fa45d8b786908d2e2c9de01037b6f082 bytes=115 template=block-scope origin=seed:tests/corpus/runtime/nested-try-finally.test.js
 PASS js-fuzzer-block-scope-fa45d8b78690.js [2765/10000] status=ok obs=5f93f983524d coverage=+0/32/38 time=1ms
  RUN js-fuzzer-boundary-3d1d4e90ebd9.js [2766/10000] md5=3d1d4e90ebd99aad7ece59efc98f7563 bytes=114 template=boundary origin=boundary:-1
 PASS js-fuzzer-boundary-3d1d4e90ebd9.js [2766/10000] status=ok obs=6bb61e3b7bce coverage=+0/32/38 time=1ms
  RUN js-fuzzer-try-catch-84bb82ab521c.js [2767/10000] md5=84bb82ab521cc370007aca532f77c9e1 bytes=110 template=try-catch origin=seed:tests/corpus/syntax/logical-unary-nullish.test.js
 PASS js-fuzzer-try-catch-84bb82ab521c.js [2767/10000] status=ok obs=c16a5320fa47 coverage=+0/32/38 time=2ms
  RUN js-fuzzer-class-1fb70654253d.js [2768/10000] md5=1fb70654253d944404805630039f463c bytes=101 template=class origin=seed:tests/corpus/syntax/object-destructure-and-members.test.js
 PASS js-fuzzer-class-1fb70654253d.js [2768/10000] status=ok obs=c51ce410c124 coverage=+0/32/38 time=1ms
  RUN js-fuzzer-arithmetic-d8185e58612d.js [2769/10000] md5=d8185e58612df1230c3db963f7901a44 bytes=85 template=arithmetic origin=seed:tests/corpus/syntax/switch-do-while-sequence.test.js
 PASS js-fuzzer-arithmetic-d8185e58612d.js [2769/10000] status=ok obs=39059724f73a coverage=+0/32/38 time=2ms
  RUN js-fuzzer-function-7078b1558e88.js [2770/10000] md5=7078b1558e88c84f2ce4ff32c844a13e bytes=153 template=function origin=seed:tests/corpus/syntax/template-array-destructure.test.js
 PASS js-fuzzer-function-7078b1558e88.js [2770/10000] status=ok obs=1679091c5a88 coverage=+0/32/38 time=2ms
  RUN js-fuzzer-array-object-0de063d88d4d.js [2771/10000] md5=0de063d88d4d414147c7a31c15c5498d bytes=133 template=array-object origin=seed:tests/corpus/syntax/typescript-assertions.test.ts
 PASS js-fuzzer-array-object-0de063d88d4d.js [2771/10000] status=ok obs=c20ad4d76fe9 coverage=+0/32/38 time=1ms
  RUN js-fuzzer-closure-f48fb35836a2.js [2772/10000] md5=f48fb35836a2c27531ab3f695d8d8be5 bytes=184 template=closure origin=seed:tests/corpus/syntax/typescript-non-null-satisfies.test.ts
 PASS js-fuzzer-closure-f48fb35836a2.js [2772/10000] status=ok obs=17e62166fc85 coverage=+0/32/38 time=2ms
  RUN js-fuzzer-corpus-797f152bf878.js [2773/10000] md5=797f152bf878d5049066c6db6d2360b3 bytes=355 template=corpus origin=tests/corpus/fixtures/job-workflow.test.js
 PASS js-fuzzer-corpus-797f152bf878.js [2773/10000] status=ok obs=b9de0628c8ec coverage=+0/32/38 time=2ms
  RUN js-fuzzer-loop-54e460cecf5c.js [2774/10000] md5=54e460cecf5c05dfcffaa3b2e5f57445 bytes=81 template=loop origin=seed:tests/corpus/fixtures/state-machine-workflow.test.js
 PASS js-fuzzer-loop-54e460cecf5c.js [2774/10000] status=ok obs=d3d9446802a4 coverage=+0/32/38 time=2ms
  RUN js-fuzzer-try-catch-13abe4d24a2d.js [2775/10000] md5=13abe4d24a2dd7935e11d59d61044cdc bytes=109 template=try-catch origin=seed:tests/corpus/fixtures/vue-script-workflow.test.vue
 PASS js-fuzzer-try-catch-13abe4d24a2d.js [2775/10000] status=ok obs=c9f0f895fb98 coverage=+0/32/38 time=1ms
  RUN js-fuzzer-class-b1e3642c0208.js [2776/10000] md5=b1e3642c0208992266fb21668a536292 bytes=100 template=class origin=seed:tests/corpus/obfuscation/constant-tag-mix.test.js
 PASS js-fuzzer-class-b1e3642c0208.js [2776/10000] status=ok obs=c9f0f895fb98 coverage=+0/32/38 time=2ms
  RUN js-fuzzer-arithmetic-61ff51f28783.js [2777/10000] md5=61ff51f287833ae8a7d8a899876cb58a bytes=85 template=arithmetic origin=seed:tests/corpus/obfuscation/extern-slot-permutation.test.js
 PASS js-fuzzer-arithmetic-61ff51f28783.js [2777/10000] status=ok obs=6ea9ab1baa0e coverage=+0/32/38 time=1ms
  RUN js-fuzzer-function-59a47c73ec30.js [2778/10000] md5=59a47c73ec3039d5b72e8af0d1e410de bytes=153 template=function origin=seed:tests/corpus/obfuscation/externs-console.test.js
 PASS js-fuzzer-function-59a47c73ec30.js [2778/10000] status=ok obs=8f14e45fceea coverage=+0/32/38 time=2ms
  RUN js-fuzzer-array-object-2184477170dd.js [2779/10000] md5=2184477170dd298f2449fbc748e9a736 bytes=133 template=array-object origin=seed:tests/corpus/obfuscation/seed-sensitive-functions.test.js
 PASS js-fuzzer-array-object-2184477170dd.js [2779/10000] status=ok obs=1679091c5a88 coverage=+0/32/38 time=2ms
  RUN js-fuzzer-boundary-6330cdecf02f.js [2780/10000] md5=6330cdecf02f68328876d88213acc2ac bytes=128 template=boundary origin=boundary:9007199254740991
 PASS js-fuzzer-boundary-6330cdecf02f.js [2780/10000] status=ok obs=8bfa9ad090fb coverage=+0/32/38 time=2ms
  RUN js-fuzzer-block-scope-6417f2589c9c.js [2781/10000] md5=6417f2589c9c44f5c51f1205a1099af9 bytes=115 template=block-scope origin=seed:tests/corpus/regressions/multiple-functions-fib-add.test.js
 PASS js-fuzzer-block-scope-6417f2589c9c.js [2781/10000] status=ok obs=5f93f983524d coverage=+0/32/38 time=2ms
  RUN js-fuzzer-corpus-c28cfb056309.js [2782/10000] md5=c28cfb056309f2a77f8bd9756b123c54 bytes=147 template=corpus origin=tests/corpus/regressions/scope-compressed-closure-params.test.js
 PASS js-fuzzer-corpus-c28cfb056309.js [2782/10000] status=ok obs=c51ce410c124 coverage=+0/32/38 time=1ms
  RUN js-fuzzer-try-catch-02a6aedaa978.js [2783/10000] md5=02a6aedaa97879d59ffd66c80df1d065 bytes=109 template=try-catch origin=seed:tests/corpus/runtime/arrays-objects-methods.test.js
 PASS js-fuzzer-try-catch-02a6aedaa978.js [2783/10000] status=ok obs=e4da3b7fbbce coverage=+0/32/38 time=2ms
  RUN js-fuzzer-class-7c36fc3c0ad4.js [2784/10000] md5=7c36fc3c0ad4461d5dbbcd7afdfb6b5c bytes=101 template=class origin=seed:tests/corpus/runtime/block-scopes.test.js
 PASS js-fuzzer-class-7c36fc3c0ad4.js [2784/10000] status=ok obs=d3d9446802a4 coverage=+0/32/38 time=2ms
  RUN js-fuzzer-arithmetic-92372e8debcb.js [2785/10000] md5=92372e8debcb47f8578af6140ea097ec bytes=83 template=arithmetic origin=seed:tests/corpus/runtime/class-fields-static-methods.test.js
 PASS js-fuzzer-arithmetic-92372e8debcb.js [2785/10000] status=ok obs=f7177163c833 coverage=+0/32/38 time=2ms
  RUN js-fuzzer-function-f172d914fe2f.js [2786/10000] md5=f172d914fe2f2d124fd9ee51d2714545 bytes=153 template=function origin=seed:tests/corpus/runtime/classes-and-objects.test.js
 PASS js-fuzzer-function-f172d914fe2f.js [2786/10000] status=ok obs=c9f0f895fb98 coverage=+0/32/38 time=3ms
  RUN js-fuzzer-boundary-ac080ee0add8.js [2787/10000] md5=ac080ee0add8a3967f40d078a13e076b bytes=122 template=boundary origin=boundary:2147483647
 PASS js-fuzzer-boundary-ac080ee0add8.js [2787/10000] status=ok obs=c588c0a459f4 coverage=+0/32/38 time=2ms
  RUN js-fuzzer-closure-054053d9a37b.js [2788/10000] md5=054053d9a37b0963946c2b8c09b4a6bd bytes=185 template=closure origin=seed:tests/corpus/runtime/closures-read-captured-values.test.js
 PASS js-fuzzer-closure-054053d9a37b.js [2788/10000] status=ok obs=43ec517d68b6 coverage=+0/32/38 time=1ms
  RUN js-fuzzer-block-scope-69416eacfa80.js [2789/10000] md5=69416eacfa80d4cc39f9ef48aa81ecf4 bytes=114 template=block-scope origin=seed:tests/corpus/runtime/exceptions-and-nullish.test.js
 PASS js-fuzzer-block-scope-69416eacfa80.js [2789/10000] status=ok obs=a3c65c297427 coverage=+0/32/38 time=2ms
  RUN js-fuzzer-loop-55c7c905bffb.js [2790/10000] md5=55c7c905bffb4bbbc4c8fb9b91df6ad8 bytes=81 template=loop origin=seed:tests/corpus/runtime/functions-closures-and-arrows.test.js
 PASS js-fuzzer-loop-55c7c905bffb.js [2790/10000] status=ok obs=eccbc87e4b5c coverage=+0/32/38 time=2ms
  RUN js-fuzzer-corpus-463d4dee8a1f.js [2791/10000] md5=463d4dee8a1f930fa8af57a704cacf3e bytes=232 template=corpus origin=tests/corpus/runtime/lexical-shadowing.test.js
 PASS js-fuzzer-corpus-463d4dee8a1f.js [2791/10000] status=ok obs=c51ce410c124 coverage=+0/32/38 time=1ms
  RUN js-fuzzer-class-d2b3669b495d.js [2792/10000] md5=d2b3669b495dd4792f9e1509f2bbf8a7 bytes=100 template=class origin=seed:tests/corpus/runtime/modules-export.test.js
 PASS js-fuzzer-class-d2b3669b495d.js [2792/10000] status=ok obs=eccbc87e4b5c coverage=+0/32/38 time=2ms
  RUN js-fuzzer-arithmetic-725a37a05e34.js [2793/10000] md5=725a37a05e34661bb58cdae636df1d23 bytes=85 template=arithmetic origin=seed:tests/corpus/runtime/nested-try-finally.test.js
 PASS js-fuzzer-arithmetic-725a37a05e34.js [2793/10000] status=ok obs=3ef815416f77 coverage=+0/32/38 time=2ms
  RUN js-fuzzer-boundary-14a05a816d97.js [2794/10000] md5=14a05a816d975afa7654eb06610350d0 bytes=113 template=boundary origin=boundary:2
 PASS js-fuzzer-boundary-14a05a816d97.js [2794/10000] status=ok obs=c81e728d9d4c coverage=+0/32/38 time=1ms
  RUN js-fuzzer-array-object-1d11ee5815a6.js [2795/10000] md5=1d11ee5815a6f2b9252626fd75ce09ad bytes=133 template=array-object origin=seed:tests/corpus/syntax/logical-unary-nullish.test.js
 PASS js-fuzzer-array-object-1d11ee5815a6.js [2795/10000] status=ok obs=6f4922f45568 coverage=+0/32/38 time=2ms
  RUN js-fuzzer-closure-17b2db1318a2.js [2796/10000] md5=17b2db1318a228f8a98b3200f104846b bytes=184 template=closure origin=seed:tests/corpus/syntax/object-destructure-and-members.test.js
 PASS js-fuzzer-closure-17b2db1318a2.js [2796/10000] status=ok obs=6c8349cc7260 coverage=+0/32/38 time=2ms
  RUN js-fuzzer-block-scope-5d14e55e65b6.js [2797/10000] md5=5d14e55e65b6c22946ddcf2f918ac8f9 bytes=114 template=block-scope origin=seed:tests/corpus/syntax/switch-do-while-sequence.test.js
 PASS js-fuzzer-block-scope-5d14e55e65b6.js [2797/10000] status=ok obs=ec8956637a99 coverage=+0/32/38 time=1ms
  RUN js-fuzzer-loop-d35707ad0bf7.js [2798/10000] md5=d35707ad0bf74148f671ad8943998af6 bytes=81 template=loop origin=seed:tests/corpus/syntax/template-array-destructure.test.js
 PASS js-fuzzer-loop-d35707ad0bf7.js [2798/10000] status=ok obs=9bf31c7ff062 coverage=+0/32/38 time=2ms
  RUN js-fuzzer-try-catch-6c711f8bb184.js [2799/10000] md5=6c711f8bb184c228d8b20d70b1aabb73 bytes=109 template=try-catch origin=seed:tests/corpus/syntax/typescript-assertions.test.ts
 PASS js-fuzzer-try-catch-6c711f8bb184.js [2799/10000] status=ok obs=1679091c5a88 coverage=+0/32/38 time=2ms
  RUN js-fuzzer-corpus-e3eeaea0f8a2.js [2800/10000] md5=e3eeaea0f8a2c5d5b650d4007cf78b4a bytes=104 template=corpus origin=tests/corpus/syntax/typescript-non-null-satisfies.test.ts
 PASS js-fuzzer-corpus-e3eeaea0f8a2.js [2800/10000] status=ok obs=d3d9446802a4 coverage=+0/32/38 time=1ms
  RUN js-fuzzer-boundary-2f35f880f964.js [2801/10000] md5=2f35f880f96468b375c4e71feba05308 bytes=113 template=boundary origin=boundary:1
 PASS js-fuzzer-boundary-2f35f880f964.js [2801/10000] status=ok obs=c4ca4238a0b9 coverage=+0/32/38 time=2ms
  RUN js-fuzzer-function-17ab2ee95112.js [2802/10000] md5=17ab2ee95112b813f54b3d07b24c1dbd bytes=153 template=function origin=seed:tests/corpus/fixtures/state-machine-workflow.test.js
 PASS js-fuzzer-function-17ab2ee95112.js [2802/10000] status=ok obs=b6d767d2f8ed coverage=+0/32/38 time=2ms
  RUN js-fuzzer-array-object-4d322a4753c6.js [2803/10000] md5=4d322a4753c692b0d9135ecc13d2af17 bytes=133 template=array-object origin=seed:tests/corpus/fixtures/vue-script-workflow.test.vue
 PASS js-fuzzer-array-object-4d322a4753c6.js [2803/10000] status=ok obs=9bf31c7ff062 coverage=+0/32/38 time=2ms
  RUN js-fuzzer-closure-0aed081e2d12.js [2804/10000] md5=0aed081e2d124c6c459da7b00f50fe37 bytes=184 template=closure origin=seed:tests/corpus/obfuscation/constant-tag-mix.test.js
 PASS js-fuzzer-closure-0aed081e2d12.js [2804/10000] status=ok obs=093f65e080a2 coverage=+0/32/38 time=2ms
  RUN js-fuzzer-block-scope-cdd8b51c02d7.js [2805/10000] md5=cdd8b51c02d709abe874e8214b24cf71 bytes=114 template=block-scope origin=seed:tests/corpus/obfuscation/extern-slot-permutation.test.js
 PASS js-fuzzer-block-scope-cdd8b51c02d7.js [2805/10000] status=ok obs=2723d092b638 coverage=+0/32/38 time=1ms
  RUN js-fuzzer-loop-bbf1d7a15d8d.js [2806/10000] md5=bbf1d7a15d8dd015402d75c0e0108b5f bytes=81 template=loop origin=seed:tests/corpus/obfuscation/externs-console.test.js
 PASS js-fuzzer-loop-bbf1d7a15d8d.js [2806/10000] status=ok obs=1679091c5a88 coverage=+0/32/38 time=2ms
  RUN js-fuzzer-try-catch-8d9c7d254dda.js [2807/10000] md5=8d9c7d254ddaafdc283e844d5d9a6231 bytes=109 template=try-catch origin=seed:tests/corpus/obfuscation/seed-sensitive-functions.test.js
 PASS js-fuzzer-try-catch-8d9c7d254dda.js [2807/10000] status=ok obs=a87ff679a2f3 coverage=+0/32/38 time=1ms
  RUN js-fuzzer-boundary-6aec0a9b1ff4.js [2808/10000] md5=6aec0a9b1ff4294bcfecb539ba7e660b bytes=129 template=boundary origin=boundary:-9007199254740991
 PASS js-fuzzer-boundary-6aec0a9b1ff4.js [2808/10000] status=ok obs=b3f3a95848f6 coverage=+0/32/38 time=2ms
  RUN js-fuzzer-corpus-ad9ed8746461.js [2809/10000] md5=ad9ed87464611c6dd81b04b3754c760c bytes=214 template=corpus origin=tests/corpus/regressions/multiple-functions-fib-add.test.js
 PASS js-fuzzer-corpus-ad9ed8746461.js [2809/10000] status=ok obs=3c59dc048e88 coverage=+0/32/38 time=2ms
  RUN js-fuzzer-function-8384e80192dc.js [2810/10000] md5=8384e80192dc0232cf5e505b2f7d5501 bytes=153 template=function origin=seed:tests/corpus/regressions/scope-compressed-closure-params.test.js
 PASS js-fuzzer-function-8384e80192dc.js [2810/10000] status=ok obs=e4da3b7fbbce coverage=+0/32/38 time=2ms
  RUN js-fuzzer-array-object-6c16c185229a.js [2811/10000] md5=6c16c185229a2152e5d1765c4684a1a9 bytes=133 template=array-object origin=seed:tests/corpus/runtime/arrays-objects-methods.test.js
 PASS js-fuzzer-array-object-6c16c185229a.js [2811/10000] status=ok obs=c74d97b01eae coverage=+0/32/38 time=2ms
  RUN js-fuzzer-closure-ace4edf9002c.js [2812/10000] md5=ace4edf9002cf048dad2ba04477d377c bytes=185 template=closure origin=seed:tests/corpus/runtime/block-scopes.test.js
 PASS js-fuzzer-closure-ace4edf9002c.js [2812/10000] status=ok obs=67c6a1e7ce56 coverage=+0/32/38 time=2ms
  RUN js-fuzzer-block-scope-654da4f66cd2.js [2813/10000] md5=654da4f66cd283db628a26cffa0b8c34 bytes=115 template=block-scope origin=seed:tests/corpus/runtime/class-fields-static-methods.test.js
 PASS js-fuzzer-block-scope-654da4f66cd2.js [2813/10000] status=ok obs=5f93f983524d coverage=+0/32/38 time=1ms
  RUN js-fuzzer-loop-55c7c905bffb.js [2814/10000] md5=55c7c905bffb4bbbc4c8fb9b91df6ad8 bytes=81 template=loop origin=seed:tests/corpus/runtime/classes-and-objects.test.js
 PASS js-fuzzer-loop-55c7c905bffb.js [2814/10000] status=ok obs=eccbc87e4b5c coverage=+0/32/38 time=2ms
  RUN js-fuzzer-boundary-205872a6e44c.js [2815/10000] md5=205872a6e44c1ea0cf94554af934fb09 bytes=123 template=boundary origin=boundary:-2147483648
 PASS js-fuzzer-boundary-205872a6e44c.js [2815/10000] status=ok obs=034ff5946105 coverage=+0/32/38 time=1ms
  RUN js-fuzzer-class-a9875f561daf.js [2816/10000] md5=a9875f561daf181d949c68fc070db0e0 bytes=101 template=class origin=seed:tests/corpus/runtime/closures-read-captured-values.test.js
 PASS js-fuzzer-class-a9875f561daf.js [2816/10000] status=ok obs=aab3238922bc coverage=+0/32/38 time=2ms
  RUN js-fuzzer-arithmetic-b0b6dac49223.js [2817/10000] md5=b0b6dac49223ec8100b59d2c71f8e31d bytes=83 template=arithmetic origin=seed:tests/corpus/runtime/exceptions-and-nullish.test.js
 PASS js-fuzzer-arithmetic-b0b6dac49223.js [2817/10000] status=ok obs=093f65e080a2 coverage=+0/32/38 time=2ms
  RUN js-fuzzer-corpus-72746d071c58.js [2818/10000] md5=72746d071c58fadd9399bc8934c30553 bytes=197 template=corpus origin=tests/corpus/runtime/functions-closures-and-arrows.test.js
 PASS js-fuzzer-corpus-72746d071c58.js [2818/10000] status=ok obs=c74d97b01eae coverage=+0/32/38 time=1ms
  RUN js-fuzzer-array-object-25a61a95b319.js [2819/10000] md5=25a61a95b3193a0fe211cdd44555b964 bytes=133 template=array-object origin=seed:tests/corpus/runtime/lexical-shadowing.test.js
 PASS js-fuzzer-array-object-25a61a95b319.js [2819/10000] status=ok obs=c51ce410c124 coverage=+0/32/38 time=2ms
  RUN js-fuzzer-closure-07a28781f271.js [2820/10000] md5=07a28781f27107674a1bd9c2bd17ba3e bytes=184 template=closure origin=seed:tests/corpus/runtime/modules-export.test.js
 PASS js-fuzzer-closure-07a28781f271.js [2820/10000] status=ok obs=093f65e080a2 coverage=+0/32/38 time=1ms
  RUN js-fuzzer-block-scope-16ac37f9479a.js [2821/10000] md5=16ac37f9479a83404389f15ef4293fd8 bytes=114 template=block-scope origin=seed:tests/corpus/runtime/nested-try-finally.test.js
 PASS js-fuzzer-block-scope-16ac37f9479a.js [2821/10000] status=ok obs=f0935e4cd592 coverage=+0/32/38 time=2ms
  RUN js-fuzzer-boundary-92df4f5b559a.js [2822/10000] md5=92df4f5b559a550058b4133ffb629932 bytes=114 template=boundary origin=boundary:-2
 PASS js-fuzzer-boundary-92df4f5b559a.js [2822/10000] status=ok obs=5d7b9adcbe1c coverage=+0/32/38 time=2ms
  RUN js-fuzzer-try-catch-84bb82ab521c.js [2823/10000] md5=84bb82ab521cc370007aca532f77c9e1 bytes=110 template=try-catch origin=seed:tests/corpus/syntax/logical-unary-nullish.test.js
 PASS js-fuzzer-try-catch-84bb82ab521c.js [2823/10000] status=ok obs=c16a5320fa47 coverage=+0/32/38 time=1ms
  RUN js-fuzzer-class-587587295e00.js [2824/10000] md5=587587295e0075a0a19c4572e53274fe bytes=101 template=class origin=seed:tests/corpus/syntax/object-destructure-and-members.test.js
 PASS js-fuzzer-class-587587295e00.js [2824/10000] status=ok obs=1f0e3dad9990 coverage=+0/32/38 time=2ms
  RUN js-fuzzer-arithmetic-15197fb63c21.js [2825/10000] md5=15197fb63c21d32f2ce59c1880636fd4 bytes=85 template=arithmetic origin=seed:tests/corpus/syntax/switch-do-while-sequence.test.js
 PASS js-fuzzer-arithmetic-15197fb63c21.js [2825/10000] status=ok obs=705f21728346 coverage=+0/32/38 time=2ms
  RUN js-fuzzer-function-ced1d0daab2e.js [2826/10000] md5=ced1d0daab2e23fdcfec672d899d9739 bytes=153 template=function origin=seed:tests/corpus/syntax/template-array-destructure.test.js
 PASS js-fuzzer-function-ced1d0daab2e.js [2826/10000] status=ok obs=8e296a067a37 coverage=+0/32/38 time=2ms
  RUN js-fuzzer-corpus-57a83a4b020d.js [2827/10000] md5=57a83a4b020d4b85b42b0a3709f283ad bytes=130 template=corpus origin=tests/corpus/syntax/typescript-assertions.test.ts
 PASS js-fuzzer-corpus-57a83a4b020d.js [2827/10000] status=ok obs=45c48cce2e2d coverage=+0/32/38 time=2ms
  RUN js-fuzzer-closure-fa0fcb364d99.js [2828/10000] md5=fa0fcb364d99d720f22a1312ad36b702 bytes=184 template=closure origin=seed:tests/corpus/syntax/typescript-non-null-satisfies.test.ts
 PASS js-fuzzer-closure-fa0fcb364d99.js [2828/10000] status=ok obs=72b32a1f754b coverage=+0/32/38 time=1ms
  RUN js-fuzzer-boundary-7f379f781f4f.js [2829/10000] md5=7f379f781f4f9844733fb0f4c5d8aa15 bytes=114 template=boundary origin=boundary:-1
 PASS js-fuzzer-boundary-7f379f781f4f.js [2829/10000] status=ok obs=6bb61e3b7bce coverage=+0/32/38 time=2ms
  RUN js-fuzzer-loop-f495ca2fc638.js [2830/10000] md5=f495ca2fc6389f933578fc501f5b1465 bytes=81 template=loop origin=seed:tests/corpus/fixtures/state-machine-workflow.test.js
 PASS js-fuzzer-loop-f495ca2fc638.js [2830/10000] status=ok obs=c4ca4238a0b9 coverage=+0/32/38 time=1ms
  RUN js-fuzzer-try-catch-684f084d24b8.js [2831/10000] md5=684f084d24b8db7c12c5b7b39189e1fb bytes=110 template=try-catch origin=seed:tests/corpus/fixtures/vue-script-workflow.test.vue
 PASS js-fuzzer-try-catch-684f084d24b8.js [2831/10000] status=ok obs=3416a75f4cea coverage=+0/32/38 time=2ms
  RUN js-fuzzer-class-7c36fc3c0ad4.js [2832/10000] md5=7c36fc3c0ad4461d5dbbcd7afdfb6b5c bytes=101 template=class origin=seed:tests/corpus/obfuscation/constant-tag-mix.test.js
 PASS js-fuzzer-class-7c36fc3c0ad4.js [2832/10000] status=ok obs=d3d9446802a4 coverage=+0/32/38 time=2ms
  RUN js-fuzzer-arithmetic-44e1d765b717.js [2833/10000] md5=44e1d765b717518b3cdfa14a49b87252 bytes=83 template=arithmetic origin=seed:tests/corpus/obfuscation/extern-slot-permutation.test.js
 PASS js-fuzzer-arithmetic-44e1d765b717.js [2833/10000] status=ok obs=a1d0c6e83f02 coverage=+0/32/38 time=1ms
  RUN js-fuzzer-function-59a47c73ec30.js [2834/10000] md5=59a47c73ec3039d5b72e8af0d1e410de bytes=153 template=function origin=seed:tests/corpus/obfuscation/externs-console.test.js
 PASS js-fuzzer-function-59a47c73ec30.js [2834/10000] status=ok obs=8f14e45fceea coverage=+0/32/38 time=2ms
  RUN js-fuzzer-array-object-d936e4cc303b.js [2835/10000] md5=d936e4cc303b8b5d9d33a96465abcb10 bytes=133 template=array-object origin=seed:tests/corpus/obfuscation/seed-sensitive-functions.test.js
 PASS js-fuzzer-array-object-d936e4cc303b.js [2835/10000] status=ok obs=c9f0f895fb98 coverage=+0/32/38 time=2ms
  RUN js-fuzzer-corpus-79643e915862.js [2836/10000] md5=79643e91586251700d34c0c65a0220da bytes=89 template=corpus origin=tests/corpus/regressions/destructuring-lowers-to-member.test.js
 PASS js-fuzzer-corpus-79643e915862.js [2836/10000] status=ok obs=eccbc87e4b5c coverage=+0/32/38 time=1ms
  RUN js-fuzzer-block-scope-122a40c4e345.js [2837/10000] md5=122a40c4e345dbd2a0a1a76431e4397d bytes=115 template=block-scope origin=seed:tests/corpus/regressions/multiple-functions-fib-add.test.js
 PASS js-fuzzer-block-scope-122a40c4e345.js [2837/10000] status=ok obs=5f93f983524d coverage=+0/32/38 time=2ms
  RUN js-fuzzer-loop-b88258462a8d.js [2838/10000] md5=b88258462a8d880f8b0e459fa23b2536 bytes=81 template=loop origin=seed:tests/corpus/regressions/scope-compressed-closure-params.test.js
 PASS js-fuzzer-loop-b88258462a8d.js [2838/10000] status=ok obs=3c59dc048e88 coverage=+0/32/38 time=1ms
  RUN js-fuzzer-try-catch-f457fe0c144d.js [2839/10000] md5=f457fe0c144d86e31ce7ae86f7f5c357 bytes=110 template=try-catch origin=seed:tests/corpus/runtime/arrays-objects-methods.test.js
 PASS js-fuzzer-try-catch-f457fe0c144d.js [2839/10000] status=ok obs=67c6a1e7ce56 coverage=+0/32/38 time=2ms
  RUN js-fuzzer-class-c0844991889f.js [2840/10000] md5=c0844991889f03308712cd6bc6b7c31c bytes=101 template=class origin=seed:tests/corpus/runtime/block-scopes.test.js
 PASS js-fuzzer-class-c0844991889f.js [2840/10000] status=ok obs=70efdf2ec9b0 coverage=+0/32/38 time=1ms
  RUN js-fuzzer-arithmetic-91cf821772a7.js [2841/10000] md5=91cf821772a72bfadb7da3775a4d2bc8 bytes=84 template=arithmetic origin=seed:tests/corpus/runtime/class-fields-static-methods.test.js
 PASS js-fuzzer-arithmetic-91cf821772a7.js [2841/10000] status=ok obs=6974ce5ac660 coverage=+0/32/38 time=2ms
  RUN js-fuzzer-function-2a74733dc731.js [2842/10000] md5=2a74733dc7313f8fa40f843496dd9ed4 bytes=153 template=function origin=seed:tests/corpus/runtime/classes-and-objects.test.js
 PASS js-fuzzer-function-2a74733dc731.js [2842/10000] status=ok obs=45c48cce2e2d coverage=+0/32/38 time=2ms
  RUN js-fuzzer-boundary-4bea2a6e0cb0.js [2843/10000] md5=4bea2a6e0cb0c7bb0b29e5b5d44112d8 bytes=128 template=boundary origin=boundary:9007199254740991
 PASS js-fuzzer-boundary-4bea2a6e0cb0.js [2843/10000] status=ok obs=dc9a0d67a31d coverage=+0/32/38 time=2ms
  RUN js-fuzzer-closure-d9673e634583.js [2844/10000] md5=d9673e63458344245be42fa319fae63d bytes=185 template=closure origin=seed:tests/corpus/runtime/closures-read-captured-values.test.js
 PASS js-fuzzer-closure-d9673e634583.js [2844/10000] status=ok obs=fc490ca45c00 coverage=+0/32/38 time=1ms
  RUN js-fuzzer-corpus-cf8fb96e8476.js [2845/10000] md5=cf8fb96e8476c262b73583c86dd80821 bytes=178 template=corpus origin=tests/corpus/runtime/exceptions-and-nullish.test.js
 PASS js-fuzzer-corpus-cf8fb96e8476.js [2845/10000] status=ok obs=24ed5e8718fc coverage=+0/32/38 time=2ms
  RUN js-fuzzer-loop-b88258462a8d.js [2846/10000] md5=b88258462a8d880f8b0e459fa23b2536 bytes=81 template=loop origin=seed:tests/corpus/runtime/functions-closures-and-arrows.test.js
 PASS js-fuzzer-loop-b88258462a8d.js [2846/10000] status=ok obs=3c59dc048e88 coverage=+0/32/38 time=1ms
  RUN js-fuzzer-try-catch-e6fdc2579e78.js [2847/10000] md5=e6fdc2579e7880bc0b759de7af5133ab bytes=110 template=try-catch origin=seed:tests/corpus/runtime/lexical-shadowing.test.js
 PASS js-fuzzer-try-catch-e6fdc2579e78.js [2847/10000] status=ok obs=d645920e395f coverage=+0/32/38 time=2ms
  RUN js-fuzzer-class-f454a055ed5d.js [2848/10000] md5=f454a055ed5dc800cb1ab66abc7a01de bytes=100 template=class origin=seed:tests/corpus/runtime/modules-export.test.js
 PASS js-fuzzer-class-f454a055ed5d.js [2848/10000] status=ok obs=a87ff679a2f3 coverage=+0/32/38 time=2ms
  RUN js-fuzzer-arithmetic-35f361878e79.js [2849/10000] md5=35f361878e79df196be100a2b3fb085b bytes=85 template=arithmetic origin=seed:tests/corpus/runtime/nested-try-finally.test.js
 PASS js-fuzzer-arithmetic-35f361878e79.js [2849/10000] status=ok obs=45fbc6d3e05e coverage=+0/32/38 time=1ms
  RUN js-fuzzer-boundary-4b188851088a.js [2850/10000] md5=4b188851088a18b5b5e1424320aec545 bytes=122 template=boundary origin=boundary:2147483647
 PASS js-fuzzer-boundary-4b188851088a.js [2850/10000] status=ok obs=c588c0a459f4 coverage=+0/32/38 time=2ms
  RUN js-fuzzer-array-object-50cca12195dc.js [2851/10000] md5=50cca12195dc3f1a930561de451d2128 bytes=133 template=array-object origin=seed:tests/corpus/syntax/logical-unary-nullish.test.js
 PASS js-fuzzer-array-object-50cca12195dc.js [2851/10000] status=ok obs=c51ce410c124 coverage=+0/32/38 time=1ms
  RUN js-fuzzer-closure-1f061ddf9fab.js [2852/10000] md5=1f061ddf9fab95292f2a33d9f74f19b5 bytes=184 template=closure origin=seed:tests/corpus/syntax/object-destructure-and-members.test.js
 PASS js-fuzzer-closure-1f061ddf9fab.js [2852/10000] status=ok obs=14bfa6bb1487 coverage=+0/32/38 time=2ms
  RUN js-fuzzer-block-scope-5929829bb015.js [2853/10000] md5=5929829bb0156e79a3a2d2cf8153931a bytes=114 template=block-scope origin=seed:tests/corpus/syntax/switch-do-while-sequence.test.js
 PASS js-fuzzer-block-scope-5929829bb015.js [2853/10000] status=ok obs=f0935e4cd592 coverage=+0/32/38 time=2ms
  RUN js-fuzzer-corpus-ff388659a641.js [2854/10000] md5=ff388659a6419d1e6e01ce4e7151a52e bytes=135 template=corpus origin=tests/corpus/syntax/template-array-destructure.test.js
 PASS js-fuzzer-corpus-ff388659a641.js [2854/10000] status=ok obs=f61c9a8be43c coverage=+0/32/38 time=1ms
  RUN js-fuzzer-try-catch-49469dc3bbde.js [2855/10000] md5=49469dc3bbdee70291dead76d4352702 bytes=109 template=try-catch origin=seed:tests/corpus/syntax/typescript-assertions.test.ts
 PASS js-fuzzer-try-catch-49469dc3bbde.js [2855/10000] status=ok obs=d3d9446802a4 coverage=+0/32/38 time=2ms
  RUN js-fuzzer-class-d8979b510eb0.js [2856/10000] md5=d8979b510eb085c9e0e846586f80f265 bytes=101 template=class origin=seed:tests/corpus/syntax/typescript-non-null-satisfies.test.ts
 PASS js-fuzzer-class-d8979b510eb0.js [2856/10000] status=ok obs=c74d97b01eae coverage=+0/32/38 time=1ms
  RUN js-fuzzer-boundary-85faf3787c26.js [2857/10000] md5=85faf3787c26ca3bad9215a544873988 bytes=113 template=boundary origin=boundary:2
 PASS js-fuzzer-boundary-85faf3787c26.js [2857/10000] status=ok obs=c81e728d9d4c coverage=+0/32/38 time=2ms
  RUN js-fuzzer-function-288d473b3a74.js [2858/10000] md5=288d473b3a7495d967aff826da7d201e bytes=153 template=function origin=seed:tests/corpus/fixtures/state-machine-workflow.test.js
 PASS js-fuzzer-function-288d473b3a74.js [2858/10000] status=ok obs=aab3238922bc coverage=+0/32/38 time=2ms
  RUN js-fuzzer-array-object-d64c5e98220a.js [2859/10000] md5=d64c5e98220a52bd3392b81d79eb4591 bytes=133 template=array-object origin=seed:tests/corpus/fixtures/vue-script-workflow.test.vue
 PASS js-fuzzer-array-object-d64c5e98220a.js [2859/10000] status=ok obs=9bf31c7ff062 coverage=+0/32/38 time=2ms
  RUN js-fuzzer-closure-0ddc14b91322.js [2860/10000] md5=0ddc14b91322135f08bac0ab051ab6cc bytes=184 template=closure origin=seed:tests/corpus/obfuscation/constant-tag-mix.test.js
 PASS js-fuzzer-closure-0ddc14b91322.js [2860/10000] status=ok obs=735b90b45681 coverage=+0/32/38 time=2ms
  RUN js-fuzzer-block-scope-70d77e23658d.js [2861/10000] md5=70d77e23658d38d7c2e6dfd67f30a9f0 bytes=115 template=block-scope origin=seed:tests/corpus/obfuscation/extern-slot-permutation.test.js
 PASS js-fuzzer-block-scope-70d77e23658d.js [2861/10000] status=ok obs=5f93f983524d coverage=+0/32/38 time=1ms
  RUN js-fuzzer-loop-54e460cecf5c.js [2862/10000] md5=54e460cecf5c05dfcffaa3b2e5f57445 bytes=81 template=loop origin=seed:tests/corpus/obfuscation/externs-console.test.js
 PASS js-fuzzer-loop-54e460cecf5c.js [2862/10000] status=ok obs=d3d9446802a4 coverage=+0/32/38 time=2ms
  RUN js-fuzzer-corpus-38ba19d9deb7.js [2863/10000] md5=38ba19d9deb7566cc8a420c27ada3f21 bytes=136 template=corpus origin=tests/corpus/obfuscation/seed-sensitive-functions.test.js
 PASS js-fuzzer-corpus-38ba19d9deb7.js [2863/10000] status=ok obs=a5bfc9e07964 coverage=+0/32/38 time=2ms
  RUN js-fuzzer-boundary-ccde2dac26f6.js [2864/10000] md5=ccde2dac26f6d3fd46c3698825685fe3 bytes=113 template=boundary origin=boundary:1
 PASS js-fuzzer-boundary-ccde2dac26f6.js [2864/10000] status=ok obs=c4ca4238a0b9 coverage=+0/32/38 time=1ms
  RUN js-fuzzer-arithmetic-c72ee32c11cf.js [2865/10000] md5=c72ee32c11cfc969492d6c48582c6cc7 bytes=83 template=arithmetic origin=seed:tests/corpus/regressions/multiple-functions-fib-add.test.js
 PASS js-fuzzer-arithmetic-c72ee32c11cf.js [2865/10000] status=ok obs=9778d5d219c5 coverage=+0/32/38 time=2ms
  RUN js-fuzzer-function-ba7ea055d439.js [2866/10000] md5=ba7ea055d4397ffca213251195491d86 bytes=153 template=function origin=seed:tests/corpus/regressions/scope-compressed-closure-params.test.js
 PASS js-fuzzer-function-ba7ea055d439.js [2866/10000] status=ok obs=8f14e45fceea coverage=+0/32/38 time=2ms
  RUN js-fuzzer-array-object-209c60c48ee7.js [2867/10000] md5=209c60c48ee7736e08e1f6c2c1181cf3 bytes=133 template=array-object origin=seed:tests/corpus/runtime/arrays-objects-methods.test.js
 PASS js-fuzzer-array-object-209c60c48ee7.js [2867/10000] status=ok obs=45c48cce2e2d coverage=+0/32/38 time=1ms
  RUN js-fuzzer-closure-120062731571.js [2868/10000] md5=12006273157171109907ba017ec6f555 bytes=183 template=closure origin=seed:tests/corpus/runtime/block-scopes.test.js
 PASS js-fuzzer-closure-120062731571.js [2868/10000] status=ok obs=c16a5320fa47 coverage=+0/32/38 time=2ms
  RUN js-fuzzer-block-scope-acc5b759b515.js [2869/10000] md5=acc5b759b5155f53a9fe4678a8e8b693 bytes=114 template=block-scope origin=seed:tests/corpus/runtime/class-fields-static-methods.test.js
 PASS js-fuzzer-block-scope-acc5b759b515.js [2869/10000] status=ok obs=c9e1074f5b3f coverage=+0/32/38 time=1ms
  RUN js-fuzzer-loop-bbf1d7a15d8d.js [2870/10000] md5=bbf1d7a15d8dd015402d75c0e0108b5f bytes=81 template=loop origin=seed:tests/corpus/runtime/classes-and-objects.test.js
 PASS js-fuzzer-loop-bbf1d7a15d8d.js [2870/10000] status=ok obs=1679091c5a88 coverage=+0/32/38 time=2ms
  RUN js-fuzzer-boundary-e62759fbe8d3.js [2871/10000] md5=e62759fbe8d36ad2cfb89a0f8bac18b9 bytes=129 template=boundary origin=boundary:-9007199254740991
 PASS js-fuzzer-boundary-e62759fbe8d3.js [2871/10000] status=ok obs=b3f3a95848f6 coverage=+0/32/38 time=2ms
  RUN js-fuzzer-corpus-08bc93bf5789.js [2872/10000] md5=08bc93bf57897bc88ce7161fe56cd099 bytes=169 template=corpus origin=tests/corpus/runtime/closures-read-captured-values.test.js
 PASS js-fuzzer-corpus-08bc93bf5789.js [2872/10000] status=ok obs=02e74f10e032 coverage=+0/32/38 time=1ms
  RUN js-fuzzer-arithmetic-1e2a8aac7936.js [2873/10000] md5=1e2a8aac7936a3dc3325e18a24baced7 bytes=85 template=arithmetic origin=seed:tests/corpus/runtime/exceptions-and-nullish.test.js
 PASS js-fuzzer-arithmetic-1e2a8aac7936.js [2873/10000] status=ok obs=f4b9ec30ad9f coverage=+0/32/38 time=2ms
  RUN js-fuzzer-function-d3859b93eee1.js [2874/10000] md5=d3859b93eee1f3bcfec0cda51c4d02bf bytes=153 template=function origin=seed:tests/corpus/runtime/functions-closures-and-arrows.test.js
 PASS js-fuzzer-function-d3859b93eee1.js [2874/10000] status=ok obs=a87ff679a2f3 coverage=+0/32/38 time=2ms
  RUN js-fuzzer-array-object-239c5def7032.js [2875/10000] md5=239c5def7032b705a2f55d5bf1a67954 bytes=133 template=array-object origin=seed:tests/corpus/runtime/lexical-shadowing.test.js
 PASS js-fuzzer-array-object-239c5def7032.js [2875/10000] status=ok obs=c20ad4d76fe9 coverage=+0/32/38 time=1ms
  RUN js-fuzzer-closure-b3150db307e7.js [2876/10000] md5=b3150db307e73d214ce02d91550cb537 bytes=185 template=closure origin=seed:tests/corpus/runtime/modules-export.test.js
 PASS js-fuzzer-closure-b3150db307e7.js [2876/10000] status=ok obs=7f39f8317fbd coverage=+0/32/38 time=2ms
  RUN js-fuzzer-block-scope-e75f812a30d7.js [2877/10000] md5=e75f812a30d74855b33a6109922aae9f bytes=114 template=block-scope origin=seed:tests/corpus/runtime/nested-try-finally.test.js
 PASS js-fuzzer-block-scope-e75f812a30d7.js [2877/10000] status=ok obs=65b9eea6e1cc coverage=+0/32/38 time=1ms
  RUN js-fuzzer-boundary-4b8e58e2bd3b.js [2878/10000] md5=4b8e58e2bd3bc437f093fe0ab13ce109 bytes=123 template=boundary origin=boundary:-2147483648
 PASS js-fuzzer-boundary-4b8e58e2bd3b.js [2878/10000] status=ok obs=034ff5946105 coverage=+0/32/38 time=1ms
  RUN js-fuzzer-try-catch-8a297d00e90e.js [2879/10000] md5=8a297d00e90eb93174a6d6eeae5be951 bytes=110 template=try-catch origin=seed:tests/corpus/syntax/logical-unary-nullish.test.js
 PASS js-fuzzer-try-catch-8a297d00e90e.js [2879/10000] status=ok obs=98f137082101 coverage=+0/32/38 time=2ms
  RUN js-fuzzer-class-51ea152a707e.js [2880/10000] md5=51ea152a707ed5422ab3e5b3ddb7fe43 bytes=100 template=class origin=seed:tests/corpus/syntax/object-destructure-and-members.test.js
 PASS js-fuzzer-class-51ea152a707e.js [2880/10000] status=ok obs=e4da3b7fbbce coverage=+0/32/38 time=1ms
  RUN js-fuzzer-corpus-2aed353a2d20.js [2881/10000] md5=2aed353a2d200d64cbaf7beb40face20 bytes=275 template=corpus origin=tests/corpus/syntax/switch-do-while-sequence.test.js
 PASS js-fuzzer-corpus-2aed353a2d20.js [2881/10000] status=ok obs=6f4922f45568 coverage=+0/32/38 time=2ms
  RUN js-fuzzer-function-1d370c2e7126.js [2882/10000] md5=1d370c2e7126a84b090ad6eed5468375 bytes=153 template=function origin=seed:tests/corpus/syntax/template-array-destructure.test.js
 PASS js-fuzzer-function-1d370c2e7126.js [2882/10000] status=ok obs=8f14e45fceea coverage=+0/32/38 time=2ms
  RUN js-fuzzer-array-object-0fbd72b725b3.js [2883/10000] md5=0fbd72b725b30044c4108ebe9ca87e01 bytes=133 template=array-object origin=seed:tests/corpus/syntax/typescript-assertions.test.ts
 PASS js-fuzzer-array-object-0fbd72b725b3.js [2883/10000] status=ok obs=c9f0f895fb98 coverage=+0/32/38 time=2ms
  RUN js-fuzzer-closure-d3d4cdb8565b.js [2884/10000] md5=d3d4cdb8565b3e7769273baa0f89c863 bytes=183 template=closure origin=seed:tests/corpus/syntax/typescript-non-null-satisfies.test.ts
 PASS js-fuzzer-closure-d3d4cdb8565b.js [2884/10000] status=ok obs=e4da3b7fbbce coverage=+0/32/38 time=1ms
  RUN js-fuzzer-boundary-db03eeac3914.js [2885/10000] md5=db03eeac3914e8f0a7bfea9eefe9f0de bytes=114 template=boundary origin=boundary:-2
 PASS js-fuzzer-boundary-db03eeac3914.js [2885/10000] status=ok obs=5d7b9adcbe1c coverage=+0/32/38 time=1ms
  RUN js-fuzzer-loop-b88258462a8d.js [2886/10000] md5=b88258462a8d880f8b0e459fa23b2536 bytes=81 template=loop origin=seed:tests/corpus/fixtures/state-machine-workflow.test.js
 PASS js-fuzzer-loop-b88258462a8d.js [2886/10000] status=ok obs=3c59dc048e88 coverage=+0/32/38 time=2ms
  RUN js-fuzzer-try-catch-ce914b0cd471.js [2887/10000] md5=ce914b0cd471f7c9ec83cbcd645ee9eb bytes=110 template=try-catch origin=seed:tests/corpus/fixtures/vue-script-workflow.test.vue
 PASS js-fuzzer-try-catch-ce914b0cd471.js [2887/10000] status=ok obs=2838023a778d coverage=+0/32/38 time=1ms
  RUN js-fuzzer-class-c0844991889f.js [2888/10000] md5=c0844991889f03308712cd6bc6b7c31c bytes=101 template=class origin=seed:tests/corpus/obfuscation/constant-tag-mix.test.js
 PASS js-fuzzer-class-c0844991889f.js [2888/10000] status=ok obs=70efdf2ec9b0 coverage=+0/32/38 time=2ms
  RUN js-fuzzer-arithmetic-24f0ee2665e7.js [2889/10000] md5=24f0ee2665e7e411a3c45d119ad2fb5c bytes=83 template=arithmetic origin=seed:tests/corpus/obfuscation/extern-slot-permutation.test.js
 PASS js-fuzzer-arithmetic-24f0ee2665e7.js [2889/10000] status=ok obs=aab3238922bc coverage=+0/32/38 time=1ms
  RUN js-fuzzer-corpus-efd663ac427b.js [2890/10000] md5=efd663ac427b5ca270b2f8b928c902bf bytes=112 template=corpus origin=tests/corpus/obfuscation/externs-console.test.js
 PASS js-fuzzer-corpus-efd663ac427b.js [2890/10000] status=ok obs=d289993e39c8 coverage=+0/32/38 time=2ms
  RUN js-fuzzer-array-object-adda345e5134.js [2891/10000] md5=adda345e5134da29dc98d0342e989f63 bytes=133 template=array-object origin=seed:tests/corpus/obfuscation/seed-sensitive-functions.test.js
 PASS js-fuzzer-array-object-adda345e5134.js [2891/10000] status=ok obs=1f0e3dad9990 coverage=+0/32/38 time=2ms
  RUN js-fuzzer-boundary-61a9a82f5f08.js [2892/10000] md5=61a9a82f5f08bc177f13c805ba785d7d bytes=114 template=boundary origin=boundary:-1
 PASS js-fuzzer-boundary-61a9a82f5f08.js [2892/10000] status=ok obs=6bb61e3b7bce coverage=+0/32/38 time=1ms
  RUN js-fuzzer-block-scope-7e8cdf97cccd.js [2893/10000] md5=7e8cdf97cccd36b7f4da6cb53f820c60 bytes=114 template=block-scope origin=seed:tests/corpus/regressions/multiple-functions-fib-add.test.js
 PASS js-fuzzer-block-scope-7e8cdf97cccd.js [2893/10000] status=ok obs=f0935e4cd592 coverage=+0/32/38 time=2ms
  RUN js-fuzzer-loop-b88258462a8d.js [2894/10000] md5=b88258462a8d880f8b0e459fa23b2536 bytes=81 template=loop origin=seed:tests/corpus/regressions/scope-compressed-closure-params.test.js
 PASS js-fuzzer-loop-b88258462a8d.js [2894/10000] status=ok obs=3c59dc048e88 coverage=+0/32/38 time=1ms
  RUN js-fuzzer-try-catch-398077b2e1d6.js [2895/10000] md5=398077b2e1d6a50d953f7a907c7a061d bytes=110 template=try-catch origin=seed:tests/corpus/runtime/arrays-objects-methods.test.js
 PASS js-fuzzer-try-catch-398077b2e1d6.js [2895/10000] status=ok obs=6364d3f0f495 coverage=+0/32/38 time=2ms
  RUN js-fuzzer-class-7c36fc3c0ad4.js [2896/10000] md5=7c36fc3c0ad4461d5dbbcd7afdfb6b5c bytes=101 template=class origin=seed:tests/corpus/runtime/block-scopes.test.js
 PASS js-fuzzer-class-7c36fc3c0ad4.js [2896/10000] status=ok obs=d3d9446802a4 coverage=+0/32/38 time=2ms
  RUN js-fuzzer-arithmetic-5b574fdd89f2.js [2897/10000] md5=5b574fdd89f21a2c1d301a34c04df760 bytes=84 template=arithmetic origin=seed:tests/corpus/runtime/class-fields-static-methods.test.js
 PASS js-fuzzer-arithmetic-5b574fdd89f2.js [2897/10000] status=ok obs=5878a7ab84fb coverage=+0/32/38 time=1ms
  RUN js-fuzzer-function-c472354a037a.js [2898/10000] md5=c472354a037a48d197cd60b4e04af6e0 bytes=153 template=function origin=seed:tests/corpus/runtime/classes-and-objects.test.js
 PASS js-fuzzer-function-c472354a037a.js [2898/10000] status=ok obs=02e74f10e032 coverage=+0/32/38 time=3ms
  RUN js-fuzzer-corpus-ddcb99247fc8.js [2899/10000] md5=ddcb99247fc847c897b97c6bd6512b9f bytes=217 template=corpus origin=tests/corpus/runtime/closures-mutate-captured-bindings.test.js
 PASS js-fuzzer-corpus-ddcb99247fc8.js [2899/10000] status=ok obs=e4da3b7fbbce coverage=+0/32/38 time=1ms
  RUN js-fuzzer-closure-e49dcf873ed5.js [2900/10000] md5=e49dcf873ed55f02b5559f33f59b4855 bytes=183 template=closure origin=seed:tests/corpus/runtime/closures-read-captured-values.test.js
 PASS js-fuzzer-closure-e49dcf873ed5.js [2900/10000] status=ok obs=70efdf2ec9b0 coverage=+0/32/38 time=2ms
  RUN js-fuzzer-block-scope-3648e9b149c9.js [2901/10000] md5=3648e9b149c94870a2d1c04870d0b9d9 bytes=115 template=block-scope origin=seed:tests/corpus/runtime/exceptions-and-nullish.test.js
 PASS js-fuzzer-block-scope-3648e9b149c9.js [2901/10000] status=ok obs=5f93f983524d coverage=+0/32/38 time=2ms
  RUN js-fuzzer-loop-54e460cecf5c.js [2902/10000] md5=54e460cecf5c05dfcffaa3b2e5f57445 bytes=81 template=loop origin=seed:tests/corpus/runtime/functions-closures-and-arrows.test.js
 PASS js-fuzzer-loop-54e460cecf5c.js [2902/10000] status=ok obs=d3d9446802a4 coverage=+0/32/38 time=1ms
  RUN js-fuzzer-try-catch-c5263a4b0fbd.js [2903/10000] md5=c5263a4b0fbd119742a040447111f34b bytes=109 template=try-catch origin=seed:tests/corpus/runtime/lexical-shadowing.test.js
 PASS js-fuzzer-try-catch-c5263a4b0fbd.js [2903/10000] status=ok obs=8f14e45fceea coverage=+0/32/38 time=2ms
  RUN js-fuzzer-class-a365d1a76b7b.js [2904/10000] md5=a365d1a76b7b0d4310621afa7caac433 bytes=100 template=class origin=seed:tests/corpus/runtime/modules-export.test.js
 PASS js-fuzzer-class-a365d1a76b7b.js [2904/10000] status=ok obs=8f14e45fceea coverage=+0/32/38 time=1ms
  RUN js-fuzzer-arithmetic-b2b69cc48f39.js [2905/10000] md5=b2b69cc48f3986814a8759177f6185b0 bytes=84 template=arithmetic origin=seed:tests/corpus/runtime/nested-try-finally.test.js
 PASS js-fuzzer-arithmetic-b2b69cc48f39.js [2905/10000] status=ok obs=e369853df766 coverage=+0/32/38 time=2ms
  RUN js-fuzzer-boundary-6330cdecf02f.js [2906/10000] md5=6330cdecf02f68328876d88213acc2ac bytes=128 template=boundary origin=boundary:9007199254740991
 PASS js-fuzzer-boundary-6330cdecf02f.js [2906/10000] status=ok obs=8bfa9ad090fb coverage=+0/32/38 time=2ms
  RUN js-fuzzer-array-object-5157aa75efa4.js [2907/10000] md5=5157aa75efa4d4338e57123f1d341f42 bytes=133 template=array-object origin=seed:tests/corpus/syntax/logical-unary-nullish.test.js
 PASS js-fuzzer-array-object-5157aa75efa4.js [2907/10000] status=ok obs=aab3238922bc coverage=+0/32/38 time=1ms
  RUN js-fuzzer-corpus-96ebdcb81273.js [2908/10000] md5=96ebdcb81273f0e5e5778a6c70c94988 bytes=171 template=corpus origin=tests/corpus/syntax/object-destructure-and-members.test.js
 PASS js-fuzzer-corpus-96ebdcb81273.js [2908/10000] status=ok obs=bfad8dfa12ed coverage=+0/32/38 time=2ms
  RUN js-fuzzer-block-scope-ebaed504d2d1.js [2909/10000] md5=ebaed504d2d153868eb7bafedbfafd61 bytes=114 template=block-scope origin=seed:tests/corpus/syntax/switch-do-while-sequence.test.js
 PASS js-fuzzer-block-scope-ebaed504d2d1.js [2909/10000] status=ok obs=65b9eea6e1cc coverage=+0/32/38 time=2ms
  RUN js-fuzzer-loop-bbf1d7a15d8d.js [2910/10000] md5=bbf1d7a15d8dd015402d75c0e0108b5f bytes=81 template=loop origin=seed:tests/corpus/syntax/template-array-destructure.test.js
 PASS js-fuzzer-loop-bbf1d7a15d8d.js [2910/10000] status=ok obs=1679091c5a88 coverage=+0/32/38 time=1ms
  RUN js-fuzzer-try-catch-8a297d00e90e.js [2911/10000] md5=8a297d00e90eb93174a6d6eeae5be951 bytes=110 template=try-catch origin=seed:tests/corpus/syntax/typescript-assertions.test.ts
 PASS js-fuzzer-try-catch-8a297d00e90e.js [2911/10000] status=ok obs=98f137082101 coverage=+0/32/38 time=2ms
  RUN js-fuzzer-class-ff7d9ca3da86.js [2912/10000] md5=ff7d9ca3da86b49917ac34b4d48e8df9 bytes=101 template=class origin=seed:tests/corpus/syntax/typescript-non-null-satisfies.test.ts
 PASS js-fuzzer-class-ff7d9ca3da86.js [2912/10000] status=ok obs=c20ad4d76fe9 coverage=+0/32/38 time=2ms
  RUN js-fuzzer-boundary-ac080ee0add8.js [2913/10000] md5=ac080ee0add8a3967f40d078a13e076b bytes=122 template=boundary origin=boundary:2147483647
 PASS js-fuzzer-boundary-ac080ee0add8.js [2913/10000] status=ok obs=c588c0a459f4 coverage=+0/32/38 time=1ms
  RUN js-fuzzer-function-4b9684ea9e29.js [2914/10000] md5=4b9684ea9e291ddb6515f98bf0c93905 bytes=153 template=function origin=seed:tests/corpus/fixtures/state-machine-workflow.test.js
 PASS js-fuzzer-function-4b9684ea9e29.js [2914/10000] status=ok obs=eccbc87e4b5c coverage=+0/32/38 time=1ms
  RUN js-fuzzer-array-object-182ae0448bec.js [2915/10000] md5=182ae0448bec462f5a2d85efc72d28d0 bytes=133 template=array-object origin=seed:tests/corpus/fixtures/vue-script-workflow.test.vue
 PASS js-fuzzer-array-object-182ae0448bec.js [2915/10000] status=ok obs=c51ce410c124 coverage=+0/32/38 time=2ms
  RUN js-fuzzer-closure-90b47d44312e.js [2916/10000] md5=90b47d44312ed94693b0786b64e6f27b bytes=184 template=closure origin=seed:tests/corpus/obfuscation/constant-tag-mix.test.js
 PASS js-fuzzer-closure-90b47d44312e.js [2916/10000] status=ok obs=d09bf41544a3 coverage=+0/32/38 time=2ms
  RUN js-fuzzer-corpus-fe2d30a6e413.js [2917/10000] md5=fe2d30a6e4139e7a8b52405bed737faa bytes=220 template=corpus origin=tests/corpus/obfuscation/extern-slot-permutation.test.js
 PASS js-fuzzer-corpus-fe2d30a6e413.js [2917/10000] status=ok obs=c34c702d0256 coverage=+0/32/38 time=2ms
  RUN js-fuzzer-loop-55c7c905bffb.js [2918/10000] md5=55c7c905bffb4bbbc4c8fb9b91df6ad8 bytes=81 template=loop origin=seed:tests/corpus/obfuscation/externs-console.test.js
 PASS js-fuzzer-loop-55c7c905bffb.js [2918/10000] status=ok obs=eccbc87e4b5c coverage=+0/32/38 time=1ms
  RUN js-fuzzer-try-catch-081c74da6bdb.js [2919/10000] md5=081c74da6bdbcec08ff71798dacff9f1 bytes=110 template=try-catch origin=seed:tests/corpus/obfuscation/seed-sensitive-functions.test.js
 PASS js-fuzzer-try-catch-081c74da6bdb.js [2919/10000] status=ok obs=6c8349cc7260 coverage=+0/32/38 time=2ms
  RUN js-fuzzer-boundary-85faf3787c26.js [2920/10000] md5=85faf3787c26ca3bad9215a544873988 bytes=113 template=boundary origin=boundary:2
 PASS js-fuzzer-boundary-85faf3787c26.js [2920/10000] status=ok obs=c81e728d9d4c coverage=+0/32/38 time=2ms
  RUN js-fuzzer-arithmetic-9f519fab3486.js [2921/10000] md5=9f519fab3486c046f7e1d8df6142b92e bytes=85 template=arithmetic origin=seed:tests/corpus/regressions/multiple-functions-fib-add.test.js
 PASS js-fuzzer-arithmetic-9f519fab3486.js [2921/10000] status=ok obs=31fefc0e570c coverage=+0/32/38 time=2ms
  RUN js-fuzzer-function-67a4a16b508e.js [2922/10000] md5=67a4a16b508e8efc2a1fbbfc79004c7b bytes=153 template=function origin=seed:tests/corpus/regressions/scope-compressed-closure-params.test.js
 PASS js-fuzzer-function-67a4a16b508e.js [2922/10000] status=ok obs=eccbc87e4b5c coverage=+0/32/38 time=1ms
  RUN js-fuzzer-array-object-2569ef967a7a.js [2923/10000] md5=2569ef967a7ae48a282ea86ac94d6ab4 bytes=133 template=array-object origin=seed:tests/corpus/runtime/arrays-objects-methods.test.js
 PASS js-fuzzer-array-object-2569ef967a7a.js [2923/10000] status=ok obs=c51ce410c124 coverage=+0/32/38 time=1ms
  RUN js-fuzzer-closure-2635deb534af.js [2924/10000] md5=2635deb534affd449984982e6e167945 bytes=183 template=closure origin=seed:tests/corpus/runtime/block-scopes.test.js
 PASS js-fuzzer-closure-2635deb534af.js [2924/10000] status=ok obs=c16a5320fa47 coverage=+0/32/38 time=2ms
  RUN js-fuzzer-block-scope-c54c93e141bc.js [2925/10000] md5=c54c93e141bc8ee7724d1c13ebb51f74 bytes=114 template=block-scope origin=seed:tests/corpus/runtime/class-fields-static-methods.test.js
 PASS js-fuzzer-block-scope-c54c93e141bc.js [2925/10000] status=ok obs=ec8956637a99 coverage=+0/32/38 time=2ms
  RUN js-fuzzer-corpus-663bf83cd082.js [2926/10000] md5=663bf83cd082bd221441dae6bbc85046 bytes=278 template=corpus origin=tests/corpus/runtime/classes-and-objects.test.js
 PASS js-fuzzer-corpus-663bf83cd082.js [2926/10000] status=ok obs=6f4922f45568 coverage=+0/32/38 time=2ms
  RUN js-fuzzer-boundary-a6a77cc918cc.js [2927/10000] md5=a6a77cc918cc479b04ccb7be2bd80dac bytes=113 template=boundary origin=boundary:1
 PASS js-fuzzer-boundary-a6a77cc918cc.js [2927/10000] status=ok obs=c4ca4238a0b9 coverage=+0/32/38 time=2ms
  RUN js-fuzzer-class-7c36fc3c0ad4.js [2928/10000] md5=7c36fc3c0ad4461d5dbbcd7afdfb6b5c bytes=101 template=class origin=seed:tests/corpus/runtime/closures-read-captured-values.test.js
 PASS js-fuzzer-class-7c36fc3c0ad4.js [2928/10000] status=ok obs=d3d9446802a4 coverage=+0/32/38 time=1ms
  RUN js-fuzzer-arithmetic-1dc737d14918.js [2929/10000] md5=1dc737d1491814696f49e51c80d09b45 bytes=83 template=arithmetic origin=seed:tests/corpus/runtime/exceptions-and-nullish.test.js
 PASS js-fuzzer-arithmetic-1dc737d14918.js [2929/10000] status=ok obs=ed3d2c21991e coverage=+0/32/38 time=2ms
  RUN js-fuzzer-function-8a44cf2ceed5.js [2930/10000] md5=8a44cf2ceed595d9f22254a99d394b8c bytes=153 template=function origin=seed:tests/corpus/runtime/functions-closures-and-arrows.test.js
 PASS js-fuzzer-function-8a44cf2ceed5.js [2930/10000] status=ok obs=1ff1de774005 coverage=+0/32/38 time=4ms
  RUN js-fuzzer-array-object-35da00e13e2d.js [2931/10000] md5=35da00e13e2d66d1c7e1fce9cf66240c bytes=133 template=array-object origin=seed:tests/corpus/runtime/lexical-shadowing.test.js
 PASS js-fuzzer-array-object-35da00e13e2d.js [2931/10000] status=ok obs=c51ce410c124 coverage=+0/32/38 time=2ms
  RUN js-fuzzer-closure-43191f7eb0a5.js [2932/10000] md5=43191f7eb0a5ebeb59531ab4b7fee7f4 bytes=185 template=closure origin=seed:tests/corpus/runtime/modules-export.test.js
 PASS js-fuzzer-closure-43191f7eb0a5.js [2932/10000] status=ok obs=d2ddea18f006 coverage=+0/32/38 time=3ms
  RUN js-fuzzer-block-scope-189a154b2a8c.js [2933/10000] md5=189a154b2a8c69df7c7931b59dffde25 bytes=114 template=block-scope origin=seed:tests/corpus/runtime/nested-try-finally.test.js
 PASS js-fuzzer-block-scope-189a154b2a8c.js [2933/10000] status=ok obs=6974ce5ac660 coverage=+0/32/38 time=1ms
  RUN js-fuzzer-boundary-37492c99ff33.js [2934/10000] md5=37492c99ff33e9d5e09e0b8e84ba785a bytes=129 template=boundary origin=boundary:-9007199254740991
 PASS js-fuzzer-boundary-37492c99ff33.js [2934/10000] status=ok obs=b3f3a95848f6 coverage=+0/32/38 time=2ms
  RUN js-fuzzer-corpus-279b64032335.js [2935/10000] md5=279b640323351a1b082b98b42d2a2d55 bytes=134 template=corpus origin=tests/corpus/syntax/logical-unary-nullish.test.js
 PASS js-fuzzer-corpus-279b64032335.js [2935/10000] status=ok obs=45c48cce2e2d coverage=+0/32/38 time=2ms
  RUN js-fuzzer-class-f454a055ed5d.js [2936/10000] md5=f454a055ed5dc800cb1ab66abc7a01de bytes=100 template=class origin=seed:tests/corpus/syntax/object-destructure-and-members.test.js
 PASS js-fuzzer-class-f454a055ed5d.js [2936/10000] status=ok obs=a87ff679a2f3 coverage=+0/32/38 time=2ms
  RUN js-fuzzer-arithmetic-7f9585f9c7f1.js [2937/10000] md5=7f9585f9c7f1187f932056f01d4ba9ec bytes=84 template=arithmetic origin=seed:tests/corpus/syntax/switch-do-while-sequence.test.js
 PASS js-fuzzer-arithmetic-7f9585f9c7f1.js [2937/10000] status=ok obs=67c6a1e7ce56 coverage=+0/32/38 time=1ms
  RUN js-fuzzer-function-1d370c2e7126.js [2938/10000] md5=1d370c2e7126a84b090ad6eed5468375 bytes=153 template=function origin=seed:tests/corpus/syntax/template-array-destructure.test.js
 PASS js-fuzzer-function-1d370c2e7126.js [2938/10000] status=ok obs=8f14e45fceea coverage=+0/32/38 time=4ms
  RUN js-fuzzer-array-object-bc6ef7dec01d.js [2939/10000] md5=bc6ef7dec01ddfd46a3cd36a92610abd bytes=133 template=array-object origin=seed:tests/corpus/syntax/typescript-assertions.test.ts
 PASS js-fuzzer-array-object-bc6ef7dec01d.js [2939/10000] status=ok obs=70efdf2ec9b0 coverage=+0/32/38 time=2ms
  RUN js-fuzzer-closure-9ee51b7713b1.js [2940/10000] md5=9ee51b7713b17712852316b387954239 bytes=184 template=closure origin=seed:tests/corpus/syntax/typescript-non-null-satisfies.test.ts
 PASS js-fuzzer-closure-9ee51b7713b1.js [2940/10000] status=ok obs=d67d8ab4f4c1 coverage=+0/32/38 time=2ms
  RUN js-fuzzer-boundary-4b8e58e2bd3b.js [2941/10000] md5=4b8e58e2bd3bc437f093fe0ab13ce109 bytes=123 template=boundary origin=boundary:-2147483648
 PASS js-fuzzer-boundary-4b8e58e2bd3b.js [2941/10000] status=ok obs=034ff5946105 coverage=+0/32/38 time=1ms
  RUN js-fuzzer-loop-bbf1d7a15d8d.js [2942/10000] md5=bbf1d7a15d8dd015402d75c0e0108b5f bytes=81 template=loop origin=seed:tests/corpus/fixtures/state-machine-workflow.test.js
 PASS js-fuzzer-loop-bbf1d7a15d8d.js [2942/10000] status=ok obs=1679091c5a88 coverage=+0/32/38 time=1ms
  RUN js-fuzzer-try-catch-60965d400692.js [2943/10000] md5=60965d4006920d781586aecbf04b3493 bytes=110 template=try-catch origin=seed:tests/corpus/fixtures/vue-script-workflow.test.vue
 PASS js-fuzzer-try-catch-60965d400692.js [2943/10000] status=ok obs=1f0e3dad9990 coverage=+0/32/38 time=2ms
  RUN js-fuzzer-corpus-f00ef18b0a17.js [2944/10000] md5=f00ef18b0a172b2a2d9833f5b7fe94e2 bytes=199 template=corpus origin=tests/corpus/obfuscation/constant-tag-mix.test.js
 PASS js-fuzzer-corpus-f00ef18b0a17.js [2944/10000] status=ok obs=e86823f38986 coverage=+0/32/38 time=5ms
  RUN js-fuzzer-arithmetic-aaca74126bae.js [2945/10000] md5=aaca74126bae3815e6addba20ef23806 bytes=83 template=arithmetic origin=seed:tests/corpus/obfuscation/extern-slot-permutation.test.js
 PASS js-fuzzer-arithmetic-aaca74126bae.js [2945/10000] status=ok obs=03afdbd66e79 coverage=+0/32/38 time=3ms
  RUN js-fuzzer-function-98e8c4d5dcc0.js [2946/10000] md5=98e8c4d5dcc095fbcedf7527b98fd4fe bytes=153 template=function origin=seed:tests/corpus/obfuscation/externs-console.test.js
 PASS js-fuzzer-function-98e8c4d5dcc0.js [2946/10000] status=ok obs=c9f0f895fb98 coverage=+0/32/38 time=5ms
  RUN js-fuzzer-array-object-1fb819022970.js [2947/10000] md5=1fb8190229705e422f7d9d292b5f862e bytes=133 template=array-object origin=seed:tests/corpus/obfuscation/seed-sensitive-functions.test.js
 PASS js-fuzzer-array-object-1fb819022970.js [2947/10000] status=ok obs=70efdf2ec9b0 coverage=+0/32/38 time=2ms
  RUN js-fuzzer-boundary-6d89c3a838ae.js [2948/10000] md5=6d89c3a838ae354bda64ec37ec2b63b1 bytes=114 template=boundary origin=boundary:-2
 PASS js-fuzzer-boundary-6d89c3a838ae.js [2948/10000] status=ok obs=5d7b9adcbe1c coverage=+0/32/38 time=2ms
  RUN js-fuzzer-block-scope-016b7f6e9976.js [2949/10000] md5=016b7f6e997636dc77e33da31ef097e1 bytes=114 template=block-scope origin=seed:tests/corpus/regressions/multiple-functions-fib-add.test.js
 PASS js-fuzzer-block-scope-016b7f6e9976.js [2949/10000] status=ok obs=a97da629b098 coverage=+0/32/38 time=1ms
  RUN js-fuzzer-loop-b88258462a8d.js [2950/10000] md5=b88258462a8d880f8b0e459fa23b2536 bytes=81 template=loop origin=seed:tests/corpus/regressions/scope-compressed-closure-params.test.js
 PASS js-fuzzer-loop-b88258462a8d.js [2950/10000] status=ok obs=3c59dc048e88 coverage=+0/32/38 time=3ms
  RUN js-fuzzer-try-catch-6c711f8bb184.js [2951/10000] md5=6c711f8bb184c228d8b20d70b1aabb73 bytes=109 template=try-catch origin=seed:tests/corpus/runtime/arrays-objects-methods.test.js
 PASS js-fuzzer-try-catch-6c711f8bb184.js [2951/10000] status=ok obs=1679091c5a88 coverage=+0/32/38 time=3ms
  RUN js-fuzzer-class-c6bbe0a63455.js [2952/10000] md5=c6bbe0a634559d18fa82cf0c9a421610 bytes=100 template=class origin=seed:tests/corpus/runtime/block-scopes.test.js
 PASS js-fuzzer-class-c6bbe0a63455.js [2952/10000] status=ok obs=1679091c5a88 coverage=+0/32/38 time=2ms
  RUN js-fuzzer-corpus-a64e83c2f849.js [2953/10000] md5=a64e83c2f84925dca8985eabe963ee21 bytes=179 template=corpus origin=tests/corpus/runtime/class-fields-static-methods.test.js
 PASS js-fuzzer-corpus-a64e83c2f849.js [2953/10000] status=ok obs=8f14e45fceea coverage=+0/32/38 time=3ms
  RUN js-fuzzer-function-c472354a037a.js [2954/10000] md5=c472354a037a48d197cd60b4e04af6e0 bytes=153 template=function origin=seed:tests/corpus/runtime/classes-and-objects.test.js
 PASS js-fuzzer-function-c472354a037a.js [2954/10000] status=ok obs=02e74f10e032 coverage=+0/32/38 time=4ms
  RUN js-fuzzer-boundary-61a9a82f5f08.js [2955/10000] md5=61a9a82f5f08bc177f13c805ba785d7d bytes=114 template=boundary origin=boundary:-1
 PASS js-fuzzer-boundary-61a9a82f5f08.js [2955/10000] status=ok obs=6bb61e3b7bce coverage=+0/32/38 time=3ms
  RUN js-fuzzer-closure-9abd7c440c5c.js [2956/10000] md5=9abd7c440c5c44aea226708e97cd3fd1 bytes=184 template=closure origin=seed:tests/corpus/runtime/closures-read-captured-values.test.js
 PASS js-fuzzer-closure-9abd7c440c5c.js [2956/10000] status=ok obs=a5bfc9e07964 coverage=+0/32/38 time=6ms
  RUN js-fuzzer-block-scope-b62e371863bf.js [2957/10000] md5=b62e371863bf34426090ab1d2827b73f bytes=114 template=block-scope origin=seed:tests/corpus/runtime/exceptions-and-nullish.test.js
 PASS js-fuzzer-block-scope-b62e371863bf.js [2957/10000] status=ok obs=a97da629b098 coverage=+0/32/38 time=4ms
  RUN js-fuzzer-loop-55c7c905bffb.js [2958/10000] md5=55c7c905bffb4bbbc4c8fb9b91df6ad8 bytes=81 template=loop origin=seed:tests/corpus/runtime/functions-closures-and-arrows.test.js
 PASS js-fuzzer-loop-55c7c905bffb.js [2958/10000] status=ok obs=eccbc87e4b5c coverage=+0/32/38 time=3ms
  RUN js-fuzzer-try-catch-14bcb064f014.js [2959/10000] md5=14bcb064f014dbe91c2010889dcaa2c0 bytes=110 template=try-catch origin=seed:tests/corpus/runtime/lexical-shadowing.test.js
 PASS js-fuzzer-try-catch-14bcb064f014.js [2959/10000] status=ok obs=c0c7c76d30bd coverage=+0/32/38 time=3ms
  RUN js-fuzzer-class-b1e3642c0208.js [2960/10000] md5=b1e3642c0208992266fb21668a536292 bytes=100 template=class origin=seed:tests/corpus/runtime/modules-export.test.js
 PASS js-fuzzer-class-b1e3642c0208.js [2960/10000] status=ok obs=c9f0f895fb98 coverage=+0/32/38 time=4ms
  RUN js-fuzzer-arithmetic-4284d46cfc74.js [2961/10000] md5=4284d46cfc74a9d1a7f7384c3ff70093 bytes=84 template=arithmetic origin=seed:tests/corpus/runtime/nested-try-finally.test.js
 PASS js-fuzzer-arithmetic-4284d46cfc74.js [2961/10000] status=ok obs=3988c7f88ebc coverage=+0/32/38 time=2ms
  RUN js-fuzzer-corpus-89e900fcb72f.js [2962/10000] md5=89e900fcb72ff838bfe9a13ae091363f bytes=228 template=corpus origin=tests/corpus/syntax/control-flow-and-operators.test.js
 PASS js-fuzzer-corpus-89e900fcb72f.js [2962/10000] status=ok obs=aab3238922bc coverage=+0/32/38 time=6ms
  RUN js-fuzzer-array-object-e7a838db6e05.js [2963/10000] md5=e7a838db6e057c9456cdaa9647144719 bytes=133 template=array-object origin=seed:tests/corpus/syntax/logical-unary-nullish.test.js
 PASS js-fuzzer-array-object-e7a838db6e05.js [2963/10000] status=ok obs=aab3238922bc coverage=+0/32/38 time=17ms
  RUN js-fuzzer-closure-8724da2a215d.js [2964/10000] md5=8724da2a215d8f3668ff0229877d0816 bytes=184 template=closure origin=seed:tests/corpus/syntax/object-destructure-and-members.test.js
 PASS js-fuzzer-closure-8724da2a215d.js [2964/10000] status=ok obs=d67d8ab4f4c1 coverage=+0/32/38 time=7ms
  RUN js-fuzzer-block-scope-6c0b222ddc47.js [2965/10000] md5=6c0b222ddc47d7dd8ad0d2cf6f93b269 bytes=114 template=block-scope origin=seed:tests/corpus/syntax/switch-do-while-sequence.test.js
 PASS js-fuzzer-block-scope-6c0b222ddc47.js [2965/10000] status=ok obs=2723d092b638 coverage=+0/32/38 time=2ms
  RUN js-fuzzer-loop-b88258462a8d.js [2966/10000] md5=b88258462a8d880f8b0e459fa23b2536 bytes=81 template=loop origin=seed:tests/corpus/syntax/template-array-destructure.test.js
 PASS js-fuzzer-loop-b88258462a8d.js [2966/10000] status=ok obs=3c59dc048e88 coverage=+0/32/38 time=5ms
  RUN js-fuzzer-try-catch-22e41d89137c.js [2967/10000] md5=22e41d89137ce4eac020880cbeff06ef bytes=110 template=try-catch origin=seed:tests/corpus/syntax/typescript-assertions.test.ts
 PASS js-fuzzer-try-catch-22e41d89137c.js [2967/10000] status=ok obs=d9d4f495e875 coverage=+0/32/38 time=2ms
  RUN js-fuzzer-class-c6bbe0a63455.js [2968/10000] md5=c6bbe0a634559d18fa82cf0c9a421610 bytes=100 template=class origin=seed:tests/corpus/syntax/typescript-non-null-satisfies.test.ts
 PASS js-fuzzer-class-c6bbe0a63455.js [2968/10000] status=ok obs=1679091c5a88 coverage=+0/32/38 time=2ms
  RUN js-fuzzer-boundary-83aee5cf07de.js [2969/10000] md5=83aee5cf07deb9d5ce59aec8aff7a227 bytes=128 template=boundary origin=boundary:9007199254740991
 PASS js-fuzzer-boundary-83aee5cf07de.js [2969/10000] status=ok obs=8bfa9ad090fb coverage=+0/32/38 time=3ms
  RUN js-fuzzer-function-288d473b3a74.js [2970/10000] md5=288d473b3a7495d967aff826da7d201e bytes=153 template=function origin=seed:tests/corpus/fixtures/state-machine-workflow.test.js
 PASS js-fuzzer-function-288d473b3a74.js [2970/10000] status=ok obs=aab3238922bc coverage=+0/32/38 time=2ms
  RUN js-fuzzer-corpus-f722388c7961.js [2971/10000] md5=f722388c7961d2a0288508c35f28a5f8 bytes=96 template=corpus origin=tests/corpus/fixtures/vue-script-workflow.test.vue
 PASS js-fuzzer-corpus-f722388c7961.js [2971/10000] status=ok obs=6512bd43d9ca coverage=+0/32/38 time=1ms
  RUN js-fuzzer-closure-7407d1a70df4.js [2972/10000] md5=7407d1a70df453d6fd99a6040c075665 bytes=183 template=closure origin=seed:tests/corpus/obfuscation/constant-tag-mix.test.js
 PASS js-fuzzer-closure-7407d1a70df4.js [2972/10000] status=ok obs=c51ce410c124 coverage=+0/32/38 time=2ms
  RUN js-fuzzer-block-scope-fe862d331d9c.js [2973/10000] md5=fe862d331d9cb6fbf11c9dc294796f54 bytes=114 template=block-scope origin=seed:tests/corpus/obfuscation/extern-slot-permutation.test.js
 PASS js-fuzzer-block-scope-fe862d331d9c.js [2973/10000] status=ok obs=6974ce5ac660 coverage=+0/32/38 time=2ms
  RUN js-fuzzer-loop-55c7c905bffb.js [2974/10000] md5=55c7c905bffb4bbbc4c8fb9b91df6ad8 bytes=81 template=loop origin=seed:tests/corpus/obfuscation/externs-console.test.js
 PASS js-fuzzer-loop-55c7c905bffb.js [2974/10000] status=ok obs=eccbc87e4b5c coverage=+0/32/38 time=1ms
  RUN js-fuzzer-try-catch-b442aa263f12.js [2975/10000] md5=b442aa263f129fb627b483e77db700ad bytes=110 template=try-catch origin=seed:tests/corpus/obfuscation/seed-sensitive-functions.test.js
 PASS js-fuzzer-try-catch-b442aa263f12.js [2975/10000] status=ok obs=c20ad4d76fe9 coverage=+0/32/38 time=2ms
  RUN js-fuzzer-boundary-4b188851088a.js [2976/10000] md5=4b188851088a18b5b5e1424320aec545 bytes=122 template=boundary origin=boundary:2147483647
 PASS js-fuzzer-boundary-4b188851088a.js [2976/10000] status=ok obs=c588c0a459f4 coverage=+0/32/38 time=2ms
  RUN js-fuzzer-arithmetic-0e328fbc7e4f.js [2977/10000] md5=0e328fbc7e4f52d42549930f2de2a2df bytes=84 template=arithmetic origin=seed:tests/corpus/regressions/multiple-functions-fib-add.test.js
 PASS js-fuzzer-arithmetic-0e328fbc7e4f.js [2977/10000] status=ok obs=3ef815416f77 coverage=+0/32/38 time=3ms
  RUN js-fuzzer-function-9a24649f1cae.js [2978/10000] md5=9a24649f1caec2a9716934902cbac103 bytes=153 template=function origin=seed:tests/corpus/regressions/scope-compressed-closure-params.test.js
 PASS js-fuzzer-function-9a24649f1cae.js [2978/10000] status=ok obs=9bf31c7ff062 coverage=+0/32/38 time=3ms
  RUN js-fuzzer-array-object-beda8b7846b7.js [2979/10000] md5=beda8b7846b76680fe98b458bc3d05a3 bytes=133 template=array-object origin=seed:tests/corpus/runtime/arrays-objects-methods.test.js
 PASS js-fuzzer-array-object-beda8b7846b7.js [2979/10000] status=ok obs=9bf31c7ff062 coverage=+0/32/38 time=1ms
  RUN js-fuzzer-corpus-8b78ba7912c5.js [2980/10000] md5=8b78ba7912c51f6cf304b65c6ebdb2e3 bytes=289 template=corpus origin=tests/corpus/runtime/block-scopes.test.js
 PASS js-fuzzer-corpus-8b78ba7912c5.js [2980/10000] status=ok obs=37693cfc7480 coverage=+0/32/38 time=2ms
  RUN js-fuzzer-block-scope-586fd9c4488e.js [2981/10000] md5=586fd9c4488eb3dc13f92bab3ebc1929 bytes=114 template=block-scope origin=seed:tests/corpus/runtime/class-fields-static-methods.test.js
 PASS js-fuzzer-block-scope-586fd9c4488e.js [2981/10000] status=ok obs=6974ce5ac660 coverage=+0/32/38 time=2ms
  RUN js-fuzzer-loop-d35707ad0bf7.js [2982/10000] md5=d35707ad0bf74148f671ad8943998af6 bytes=81 template=loop origin=seed:tests/corpus/runtime/classes-and-objects.test.js
 PASS js-fuzzer-loop-d35707ad0bf7.js [2982/10000] status=ok obs=9bf31c7ff062 coverage=+0/32/38 time=2ms
  RUN js-fuzzer-boundary-221618e58a55.js [2983/10000] md5=221618e58a55537e4dc7530ef9f57aaf bytes=113 template=boundary origin=boundary:2
 PASS js-fuzzer-boundary-221618e58a55.js [2983/10000] status=ok obs=c81e728d9d4c coverage=+0/32/38 time=2ms
  RUN js-fuzzer-class-c0844991889f.js [2984/10000] md5=c0844991889f03308712cd6bc6b7c31c bytes=101 template=class origin=seed:tests/corpus/runtime/closures-read-captured-values.test.js
 PASS js-fuzzer-class-c0844991889f.js [2984/10000] status=ok obs=70efdf2ec9b0 coverage=+0/32/38 time=2ms
  RUN js-fuzzer-arithmetic-57b02da032a1.js [2985/10000] md5=57b02da032a17e691e0d4ce9ec7affd7 bytes=84 template=arithmetic origin=seed:tests/corpus/runtime/exceptions-and-nullish.test.js
 PASS js-fuzzer-arithmetic-57b02da032a1.js [2985/10000] status=ok obs=6364d3f0f495 coverage=+0/32/38 time=1ms
  RUN js-fuzzer-function-831f4ac0cd0e.js [2986/10000] md5=831f4ac0cd0ee5c472d5e3bccfaabf34 bytes=153 template=function origin=seed:tests/corpus/runtime/functions-closures-and-arrows.test.js
 PASS js-fuzzer-function-831f4ac0cd0e.js [2986/10000] status=ok obs=c9f0f895fb98 coverage=+0/32/38 time=2ms
  RUN js-fuzzer-array-object-1124832a91af.js [2987/10000] md5=1124832a91af8a69543da935e6988397 bytes=133 template=array-object origin=seed:tests/corpus/runtime/lexical-shadowing.test.js
 PASS js-fuzzer-array-object-1124832a91af.js [2987/10000] status=ok obs=d3d9446802a4 coverage=+0/32/38 time=2ms
  RUN js-fuzzer-closure-f1d8d37c7385.js [2988/10000] md5=f1d8d37c7385facffa89bb41621ec990 bytes=184 template=closure origin=seed:tests/corpus/runtime/modules-export.test.js
 PASS js-fuzzer-closure-f1d8d37c7385.js [2988/10000] status=ok obs=f457c545a9de coverage=+0/32/38 time=2ms
  RUN js-fuzzer-corpus-c557f8da2a9d.js [2989/10000] md5=c557f8da2a9d2904c70dca50c3eeb50e bytes=191 template=corpus origin=tests/corpus/runtime/nested-try-finally.test.js
 PASS js-fuzzer-corpus-c557f8da2a9d.js [2989/10000] status=ok obs=8f14e45fceea coverage=+0/32/38 time=3ms
  RUN js-fuzzer-boundary-2f35f880f964.js [2990/10000] md5=2f35f880f96468b375c4e71feba05308 bytes=113 template=boundary origin=boundary:1
 PASS js-fuzzer-boundary-2f35f880f964.js [2990/10000] status=ok obs=c4ca4238a0b9 coverage=+0/32/38 time=2ms
  RUN js-fuzzer-try-catch-e6a0f565fc4e.js [2991/10000] md5=e6a0f565fc4ec95ea847cca573b5900c bytes=110 template=try-catch origin=seed:tests/corpus/syntax/logical-unary-nullish.test.js
 PASS js-fuzzer-try-catch-e6a0f565fc4e.js [2991/10000] status=ok obs=33e75ff09dd6 coverage=+0/32/38 time=2ms
  RUN js-fuzzer-class-c0844991889f.js [2992/10000] md5=c0844991889f03308712cd6bc6b7c31c bytes=101 template=class origin=seed:tests/corpus/syntax/object-destructure-and-members.test.js
 PASS js-fuzzer-class-c0844991889f.js [2992/10000] status=ok obs=70efdf2ec9b0 coverage=+0/32/38 time=2ms
  RUN js-fuzzer-arithmetic-4102bc5c02f2.js [2993/10000] md5=4102bc5c02f2e5068d801454996c0840 bytes=84 template=arithmetic origin=seed:tests/corpus/syntax/switch-do-while-sequence.test.js
 PASS js-fuzzer-arithmetic-4102bc5c02f2.js [2993/10000] status=ok obs=bf8229696f7a coverage=+0/32/38 time=2ms
  RUN js-fuzzer-function-7078b1558e88.js [2994/10000] md5=7078b1558e88c84f2ce4ff32c844a13e bytes=153 template=function origin=seed:tests/corpus/syntax/template-array-destructure.test.js
 PASS js-fuzzer-function-7078b1558e88.js [2994/10000] status=ok obs=1679091c5a88 coverage=+0/32/38 time=2ms
  RUN js-fuzzer-array-object-c65f9a30aedc.js [2995/10000] md5=c65f9a30aedc64f75a13e8839931b5fb bytes=133 template=array-object origin=seed:tests/corpus/syntax/typescript-assertions.test.ts
 PASS js-fuzzer-array-object-c65f9a30aedc.js [2995/10000] status=ok obs=6512bd43d9ca coverage=+0/32/38 time=3ms
  RUN js-fuzzer-closure-858d48de4ca2.js [2996/10000] md5=858d48de4ca2c66dc369fe15bbb7dee6 bytes=183 template=closure origin=seed:tests/corpus/syntax/typescript-non-null-satisfies.test.ts
 PASS js-fuzzer-closure-858d48de4ca2.js [2996/10000] status=ok obs=45c48cce2e2d coverage=+0/32/38 time=2ms
  RUN js-fuzzer-boundary-e62759fbe8d3.js [2997/10000] md5=e62759fbe8d36ad2cfb89a0f8bac18b9 bytes=129 template=boundary origin=boundary:-9007199254740991
 PASS js-fuzzer-boundary-e62759fbe8d3.js [2997/10000] status=ok obs=b3f3a95848f6 coverage=+0/32/38 time=2ms
  RUN js-fuzzer-corpus-ab8ca4f8757c.js [2998/10000] md5=ab8ca4f8757c6165b29cd6a662edad93 bytes=450 template=corpus origin=tests/corpus/fixtures/state-machine-workflow.test.js
 PASS js-fuzzer-corpus-ab8ca4f8757c.js [2998/10000] status=ok obs=b9f49c580664 coverage=+0/32/38 time=2ms
  RUN js-fuzzer-try-catch-a4e2330c4919.js [2999/10000] md5=a4e2330c49196805169dbf8449e466fa bytes=110 template=try-catch origin=seed:tests/corpus/fixtures/vue-script-workflow.test.vue
 PASS js-fuzzer-try-catch-a4e2330c4919.js [2999/10000] status=ok obs=3c59dc048e88 coverage=+0/32/38 time=1ms
  RUN js-fuzzer-class-a365d1a76b7b.js [3000/10000] md5=a365d1a76b7b0d4310621afa7caac433 bytes=100 template=class origin=seed:tests/corpus/obfuscation/constant-tag-mix.test.js
 PASS js-fuzzer-class-a365d1a76b7b.js [3000/10000] status=ok obs=8f14e45fceea coverage=+0/32/38 time=2ms
  RUN js-fuzzer-arithmetic-677db33f23f9.js [3001/10000] md5=677db33f23f92fe514cc6292115c8f21 bytes=84 template=arithmetic origin=seed:tests/corpus/obfuscation/extern-slot-permutation.test.js
 PASS js-fuzzer-arithmetic-677db33f23f9.js [3001/10000] status=ok obs=26657d5ff902 coverage=+0/32/38 time=2ms
  RUN js-fuzzer-function-21f30959172f.js [3002/10000] md5=21f30959172fc1289c7ff8ad630f96bf bytes=153 template=function origin=seed:tests/corpus/obfuscation/externs-console.test.js
 PASS js-fuzzer-function-21f30959172f.js [3002/10000] status=ok obs=4e732ced3463 coverage=+0/32/38 time=2ms
  RUN js-fuzzer-array-object-2a37765ceff9.js [3003/10000] md5=2a37765ceff96b503677840d2747b599 bytes=133 template=array-object origin=seed:tests/corpus/obfuscation/seed-sensitive-functions.test.js
 PASS js-fuzzer-array-object-2a37765ceff9.js [3003/10000] status=ok obs=9bf31c7ff062 coverage=+0/32/38 time=2ms
  RUN js-fuzzer-boundary-205872a6e44c.js [3004/10000] md5=205872a6e44c1ea0cf94554af934fb09 bytes=123 template=boundary origin=boundary:-2147483648
 PASS js-fuzzer-boundary-205872a6e44c.js [3004/10000] status=ok obs=034ff5946105 coverage=+0/32/38 time=2ms
  RUN js-fuzzer-block-scope-652d7136841b.js [3005/10000] md5=652d7136841be8a38febc4fcb4320341 bytes=114 template=block-scope origin=seed:tests/corpus/regressions/multiple-functions-fib-add.test.js
 PASS js-fuzzer-block-scope-652d7136841b.js [3005/10000] status=ok obs=f0935e4cd592 coverage=+0/32/38 time=2ms
  RUN js-fuzzer-loop-d35707ad0bf7.js [3006/10000] md5=d35707ad0bf74148f671ad8943998af6 bytes=81 template=loop origin=seed:tests/corpus/regressions/scope-compressed-closure-params.test.js
 PASS js-fuzzer-loop-d35707ad0bf7.js [3006/10000] status=ok obs=9bf31c7ff062 coverage=+0/32/38 time=2ms
  RUN js-fuzzer-corpus-a07012429fce.js [3007/10000] md5=a07012429fce4b4d7c8af42f445f70b9 bytes=163 template=corpus origin=tests/corpus/runtime/arrays-objects-methods.test.js
 PASS js-fuzzer-corpus-a07012429fce.js [3007/10000] status=ok obs=c51ce410c124 coverage=+0/32/38 time=2ms
  RUN js-fuzzer-class-a365d1a76b7b.js [3008/10000] md5=a365d1a76b7b0d4310621afa7caac433 bytes=100 template=class origin=seed:tests/corpus/runtime/block-scopes.test.js
 PASS js-fuzzer-class-a365d1a76b7b.js [3008/10000] status=ok obs=8f14e45fceea coverage=+0/32/38 time=2ms
  RUN js-fuzzer-arithmetic-bf4a72be3bf0.js [3009/10000] md5=bf4a72be3bf0b5b68cde34baec064434 bytes=84 template=arithmetic origin=seed:tests/corpus/runtime/class-fields-static-methods.test.js
 PASS js-fuzzer-arithmetic-bf4a72be3bf0.js [3009/10000] status=ok obs=ea5d2f1c4608 coverage=+0/32/38 time=1ms
  RUN js-fuzzer-function-f172d914fe2f.js [3010/10000] md5=f172d914fe2f2d124fd9ee51d2714545 bytes=153 template=function origin=seed:tests/corpus/runtime/classes-and-objects.test.js
 PASS js-fuzzer-function-f172d914fe2f.js [3010/10000] status=ok obs=c9f0f895fb98 coverage=+0/32/38 time=2ms
  RUN js-fuzzer-boundary-db03eeac3914.js [3011/10000] md5=db03eeac3914e8f0a7bfea9eefe9f0de bytes=114 template=boundary origin=boundary:-2
 PASS js-fuzzer-boundary-db03eeac3914.js [3011/10000] status=ok obs=5d7b9adcbe1c coverage=+0/32/38 time=2ms
  RUN js-fuzzer-closure-b2d96708825a.js [3012/10000] md5=b2d96708825ae742f57a9a36810b328e bytes=184 template=closure origin=seed:tests/corpus/runtime/closures-read-captured-values.test.js
 PASS js-fuzzer-closure-b2d96708825a.js [3012/10000] status=ok obs=72b32a1f754b coverage=+0/32/38 time=2ms
  RUN js-fuzzer-block-scope-68ad47dc8d29.js [3013/10000] md5=68ad47dc8d2906bb27b26726cd015a43 bytes=114 template=block-scope origin=seed:tests/corpus/runtime/exceptions-and-nullish.test.js
 PASS js-fuzzer-block-scope-68ad47dc8d29.js [3013/10000] status=ok obs=f0935e4cd592 coverage=+0/32/38 time=2ms
  RUN js-fuzzer-loop-54e460cecf5c.js [3014/10000] md5=54e460cecf5c05dfcffaa3b2e5f57445 bytes=81 template=loop origin=seed:tests/corpus/runtime/functions-closures-and-arrows.test.js
 PASS js-fuzzer-loop-54e460cecf5c.js [3014/10000] status=ok obs=d3d9446802a4 coverage=+0/32/38 time=1ms
  RUN js-fuzzer-try-catch-ecde19ac059d.js [3015/10000] md5=ecde19ac059dab5b524e2da1cfde28b0 bytes=110 template=try-catch origin=seed:tests/corpus/runtime/lexical-shadowing.test.js
 PASS js-fuzzer-try-catch-ecde19ac059d.js [3015/10000] status=ok obs=f457c545a9de coverage=+0/32/38 time=2ms
  RUN js-fuzzer-corpus-4131d841163b.js [3016/10000] md5=4131d841163b79e192bca9d4fc683c54 bytes=58 template=corpus origin=tests/corpus/runtime/modules-export.test.js
 PASS js-fuzzer-corpus-4131d841163b.js [3016/10000] status=ok obs=8f14e45fceea coverage=+0/32/38 time=2ms
  RUN js-fuzzer-arithmetic-30dbcba3eded.js [3017/10000] md5=30dbcba3ededfcabade0324249a1c6a3 bytes=84 template=arithmetic origin=seed:tests/corpus/runtime/nested-try-finally.test.js
 PASS js-fuzzer-arithmetic-30dbcba3eded.js [3017/10000] status=ok obs=c16a5320fa47 coverage=+0/32/38 time=1ms
  RUN js-fuzzer-boundary-1024adcac0e5.js [3018/10000] md5=1024adcac0e5cc9f99f478fa66dcc00c bytes=114 template=boundary origin=boundary:-1
 PASS js-fuzzer-boundary-1024adcac0e5.js [3018/10000] status=ok obs=6bb61e3b7bce coverage=+0/32/38 time=2ms
  RUN js-fuzzer-array-object-695752978cb5.js [3019/10000] md5=695752978cb50e49b46ffc8b9b0fc500 bytes=133 template=array-object origin=seed:tests/corpus/syntax/logical-unary-nullish.test.js
 PASS js-fuzzer-array-object-695752978cb5.js [3019/10000] status=ok obs=9bf31c7ff062 coverage=+0/32/38 time=2ms
  RUN js-fuzzer-closure-2afb95a67c88.js [3020/10000] md5=2afb95a67c88a1d263227eec8cb0dea8 bytes=184 template=closure origin=seed:tests/corpus/syntax/object-destructure-and-members.test.js
 PASS js-fuzzer-closure-2afb95a67c88.js [3020/10000] status=ok obs=1c383cd30b7c coverage=+0/32/38 time=2ms
  RUN js-fuzzer-block-scope-0d959b955ab6.js [3021/10000] md5=0d959b955ab696f224dd11a7efe26948 bytes=114 template=block-scope origin=seed:tests/corpus/syntax/switch-do-while-sequence.test.js
 PASS js-fuzzer-block-scope-0d959b955ab6.js [3021/10000] status=ok obs=65b9eea6e1cc coverage=+0/32/38 time=2ms
  RUN js-fuzzer-loop-54e460cecf5c.js [3022/10000] md5=54e460cecf5c05dfcffaa3b2e5f57445 bytes=81 template=loop origin=seed:tests/corpus/syntax/template-array-destructure.test.js
 PASS js-fuzzer-loop-54e460cecf5c.js [3022/10000] status=ok obs=d3d9446802a4 coverage=+0/32/38 time=1ms
  RUN js-fuzzer-try-catch-22e41d89137c.js [3023/10000] md5=22e41d89137ce4eac020880cbeff06ef bytes=110 template=try-catch origin=seed:tests/corpus/syntax/typescript-assertions.test.ts
 PASS js-fuzzer-try-catch-22e41d89137c.js [3023/10000] status=ok obs=d9d4f495e875 coverage=+0/32/38 time=2ms
  RUN js-fuzzer-class-7c36fc3c0ad4.js [3024/10000] md5=7c36fc3c0ad4461d5dbbcd7afdfb6b5c bytes=101 template=class origin=seed:tests/corpus/syntax/typescript-non-null-satisfies.test.ts
 PASS js-fuzzer-class-7c36fc3c0ad4.js [3024/10000] status=ok obs=d3d9446802a4 coverage=+0/32/38 time=2ms
  RUN js-fuzzer-corpus-797f152bf878.js [3025/10000] md5=797f152bf878d5049066c6db6d2360b3 bytes=355 template=corpus origin=tests/corpus/fixtures/job-workflow.test.js
 PASS js-fuzzer-corpus-797f152bf878.js [3025/10000] status=ok obs=b9de0628c8ec coverage=+0/32/38 time=2ms
  RUN js-fuzzer-function-288d473b3a74.js [3026/10000] md5=288d473b3a7495d967aff826da7d201e bytes=153 template=function origin=seed:tests/corpus/fixtures/state-machine-workflow.test.js
 PASS js-fuzzer-function-288d473b3a74.js [3026/10000] status=ok obs=aab3238922bc coverage=+0/32/38 time=2ms
  RUN js-fuzzer-array-object-ca9380f4d178.js [3027/10000] md5=ca9380f4d1781ace4f2355866a0a2ea3 bytes=133 template=array-object origin=seed:tests/corpus/fixtures/vue-script-workflow.test.vue
 PASS js-fuzzer-array-object-ca9380f4d178.js [3027/10000] status=ok obs=6512bd43d9ca coverage=+0/32/38 time=2ms
  RUN js-fuzzer-closure-e9ae63c28762.js [3028/10000] md5=e9ae63c287623e1add8ca7df5d88d59c bytes=184 template=closure origin=seed:tests/corpus/obfuscation/constant-tag-mix.test.js
 PASS js-fuzzer-closure-e9ae63c28762.js [3028/10000] status=ok obs=b53b3a3d6ab9 coverage=+0/32/38 time=1ms
  RUN js-fuzzer-block-scope-70d77e23658d.js [3029/10000] md5=70d77e23658d38d7c2e6dfd67f30a9f0 bytes=115 template=block-scope origin=seed:tests/corpus/obfuscation/extern-slot-permutation.test.js
 PASS js-fuzzer-block-scope-70d77e23658d.js [3029/10000] status=ok obs=5f93f983524d coverage=+0/32/38 time=3ms
  RUN js-fuzzer-loop-f495ca2fc638.js [3030/10000] md5=f495ca2fc6389f933578fc501f5b1465 bytes=81 template=loop origin=seed:tests/corpus/obfuscation/externs-console.test.js
 PASS js-fuzzer-loop-f495ca2fc638.js [3030/10000] status=ok obs=c4ca4238a0b9 coverage=+0/32/38 time=2ms
  RUN js-fuzzer-try-catch-ce914b0cd471.js [3031/10000] md5=ce914b0cd471f7c9ec83cbcd645ee9eb bytes=110 template=try-catch origin=seed:tests/corpus/obfuscation/seed-sensitive-functions.test.js
 PASS js-fuzzer-try-catch-ce914b0cd471.js [3031/10000] status=ok obs=2838023a778d coverage=+0/32/38 time=2ms
  RUN js-fuzzer-boundary-83aee5cf07de.js [3032/10000] md5=83aee5cf07deb9d5ce59aec8aff7a227 bytes=128 template=boundary origin=boundary:9007199254740991
 PASS js-fuzzer-boundary-83aee5cf07de.js [3032/10000] status=ok obs=8bfa9ad090fb coverage=+0/32/38 time=1ms
  RUN js-fuzzer-arithmetic-2826f40e555a.js [3033/10000] md5=2826f40e555a83b77515484e853ed658 bytes=84 template=arithmetic origin=seed:tests/corpus/regressions/multiple-functions-fib-add.test.js
 PASS js-fuzzer-arithmetic-2826f40e555a.js [3033/10000] status=ok obs=140f6969d521 coverage=+0/32/38 time=2ms
  RUN js-fuzzer-corpus-c28cfb056309.js [3034/10000] md5=c28cfb056309f2a77f8bd9756b123c54 bytes=147 template=corpus origin=tests/corpus/regressions/scope-compressed-closure-params.test.js
 PASS js-fuzzer-corpus-c28cfb056309.js [3034/10000] status=ok obs=c51ce410c124 coverage=+0/32/38 time=1ms
  RUN js-fuzzer-array-object-2227cf1ff567.js [3035/10000] md5=2227cf1ff567c161d9392b776c3f843d bytes=133 template=array-object origin=seed:tests/corpus/runtime/arrays-objects-methods.test.js
 PASS js-fuzzer-array-object-2227cf1ff567.js [3035/10000] status=ok obs=45c48cce2e2d coverage=+0/32/38 time=4ms
  RUN js-fuzzer-closure-06a301373036.js [3036/10000] md5=06a301373036014c518b8a65580287fe bytes=183 template=closure origin=seed:tests/corpus/runtime/block-scopes.test.js
 PASS js-fuzzer-closure-06a301373036.js [3036/10000] status=ok obs=45c48cce2e2d coverage=+0/32/38 time=2ms
  RUN js-fuzzer-block-scope-e0e13ae4d058.js [3037/10000] md5=e0e13ae4d05824dc2ed439c1134aca3b bytes=115 template=block-scope origin=seed:tests/corpus/runtime/class-fields-static-methods.test.js
 PASS js-fuzzer-block-scope-e0e13ae4d058.js [3037/10000] status=ok obs=5f93f983524d coverage=+0/32/38 time=2ms
  RUN js-fuzzer-loop-d35707ad0bf7.js [3038/10000] md5=d35707ad0bf74148f671ad8943998af6 bytes=81 template=loop origin=seed:tests/corpus/runtime/classes-and-objects.test.js
 PASS js-fuzzer-loop-d35707ad0bf7.js [3038/10000] status=ok obs=9bf31c7ff062 coverage=+0/32/38 time=4ms
  RUN js-fuzzer-boundary-ac080ee0add8.js [3039/10000] md5=ac080ee0add8a3967f40d078a13e076b bytes=122 template=boundary origin=boundary:2147483647
 PASS js-fuzzer-boundary-ac080ee0add8.js [3039/10000] status=ok obs=c588c0a459f4 coverage=+0/32/38 time=2ms
  RUN js-fuzzer-class-c6bbe0a63455.js [3040/10000] md5=c6bbe0a634559d18fa82cf0c9a421610 bytes=100 template=class origin=seed:tests/corpus/runtime/closures-read-captured-values.test.js
 PASS js-fuzzer-class-c6bbe0a63455.js [3040/10000] status=ok obs=1679091c5a88 coverage=+0/32/38 time=3ms
  RUN js-fuzzer-arithmetic-4f4e56caf544.js [3041/10000] md5=4f4e56caf5442dcf279bc3288c9c2740 bytes=85 template=arithmetic origin=seed:tests/corpus/runtime/exceptions-and-nullish.test.js
 PASS js-fuzzer-arithmetic-4f4e56caf544.js [3041/10000] status=ok obs=289dff07669d coverage=+0/32/38 time=2ms
  RUN js-fuzzer-function-831f4ac0cd0e.js [3042/10000] md5=831f4ac0cd0ee5c472d5e3bccfaabf34 bytes=153 template=function origin=seed:tests/corpus/runtime/functions-closures-and-arrows.test.js
 PASS js-fuzzer-function-831f4ac0cd0e.js [3042/10000] status=ok obs=c9f0f895fb98 coverage=+0/32/38 time=14ms
  RUN js-fuzzer-corpus-463d4dee8a1f.js [3043/10000] md5=463d4dee8a1f930fa8af57a704cacf3e bytes=232 template=corpus origin=tests/corpus/runtime/lexical-shadowing.test.js
 PASS js-fuzzer-corpus-463d4dee8a1f.js [3043/10000] status=ok obs=c51ce410c124 coverage=+0/32/38 time=6ms
  RUN js-fuzzer-closure-ac0a91b8373c.js [3044/10000] md5=ac0a91b8373c2d72e1b56509806a48cd bytes=185 template=closure origin=seed:tests/corpus/runtime/modules-export.test.js
 PASS js-fuzzer-closure-ac0a91b8373c.js [3044/10000] status=ok obs=17e62166fc85 coverage=+0/32/38 time=3ms
  RUN js-fuzzer-block-scope-0646405d6bb2.js [3045/10000] md5=0646405d6bb2ceae05fe69841edcc9c1 bytes=114 template=block-scope origin=seed:tests/corpus/runtime/nested-try-finally.test.js
 PASS js-fuzzer-block-scope-0646405d6bb2.js [3045/10000] status=ok obs=a97da629b098 coverage=+0/32/38 time=2ms
  RUN js-fuzzer-boundary-14a05a816d97.js [3046/10000] md5=14a05a816d975afa7654eb06610350d0 bytes=113 template=boundary origin=boundary:2
 PASS js-fuzzer-boundary-14a05a816d97.js [3046/10000] status=ok obs=c81e728d9d4c coverage=+0/32/38 time=2ms
  RUN js-fuzzer-try-catch-10b006553cce.js [3047/10000] md5=10b006553cced3afac446c8e96bc0d8a bytes=110 template=try-catch origin=seed:tests/corpus/syntax/logical-unary-nullish.test.js
 PASS js-fuzzer-try-catch-10b006553cce.js [3047/10000] status=ok obs=8e296a067a37 coverage=+0/32/38 time=1ms
  RUN js-fuzzer-class-47fbd3db5853.js [3048/10000] md5=47fbd3db58539fc2e42627a4f3168c79 bytes=101 template=class origin=seed:tests/corpus/syntax/object-destructure-and-members.test.js
 PASS js-fuzzer-class-47fbd3db5853.js [3048/10000] status=ok obs=98f137082101 coverage=+0/32/38 time=2ms
  RUN js-fuzzer-arithmetic-f925e609828b.js [3049/10000] md5=f925e609828bcd8cd3a75cd35316e30a bytes=84 template=arithmetic origin=seed:tests/corpus/syntax/switch-do-while-sequence.test.js
 PASS js-fuzzer-arithmetic-f925e609828b.js [3049/10000] status=ok obs=5f93f983524d coverage=+0/32/38 time=2ms
  RUN js-fuzzer-function-3dca9339a683.js [3050/10000] md5=3dca9339a6831946d3c5250be8e34eee bytes=153 template=function origin=seed:tests/corpus/syntax/template-array-destructure.test.js
 PASS js-fuzzer-function-3dca9339a683.js [3050/10000] status=ok obs=e4da3b7fbbce coverage=+0/32/38 time=2ms
  RUN js-fuzzer-array-object-d82de09a1604.js [3051/10000] md5=d82de09a16042c3034476c25b895e6e8 bytes=133 template=array-object origin=seed:tests/corpus/syntax/typescript-assertions.test.ts
 PASS js-fuzzer-array-object-d82de09a1604.js [3051/10000] status=ok obs=d3d9446802a4 coverage=+0/32/38 time=4ms
  RUN js-fuzzer-corpus-e3eeaea0f8a2.js [3052/10000] md5=e3eeaea0f8a2c5d5b650d4007cf78b4a bytes=104 template=corpus origin=tests/corpus/syntax/typescript-non-null-satisfies.test.ts
 PASS js-fuzzer-corpus-e3eeaea0f8a2.js [3052/10000] status=ok obs=d3d9446802a4 coverage=+0/32/38 time=1ms
  RUN js-fuzzer-boundary-a6a77cc918cc.js [3053/10000] md5=a6a77cc918cc479b04ccb7be2bd80dac bytes=113 template=boundary origin=boundary:1
 PASS js-fuzzer-boundary-a6a77cc918cc.js [3053/10000] status=ok obs=c4ca4238a0b9 coverage=+0/32/38 time=2ms
  RUN js-fuzzer-loop-f495ca2fc638.js [3054/10000] md5=f495ca2fc6389f933578fc501f5b1465 bytes=81 template=loop origin=seed:tests/corpus/fixtures/state-machine-workflow.test.js
 PASS js-fuzzer-loop-f495ca2fc638.js [3054/10000] status=ok obs=c4ca4238a0b9 coverage=+0/32/38 time=2ms
  RUN js-fuzzer-try-catch-85daf11db7ec.js [3055/10000] md5=85daf11db7ec5f71a0e05a86a536d94d bytes=110 template=try-catch origin=seed:tests/corpus/fixtures/vue-script-workflow.test.vue
 PASS js-fuzzer-try-catch-85daf11db7ec.js [3055/10000] status=ok obs=f7177163c833 coverage=+0/32/38 time=1ms
  RUN js-fuzzer-class-a9875f561daf.js [3056/10000] md5=a9875f561daf181d949c68fc070db0e0 bytes=101 template=class origin=seed:tests/corpus/obfuscation/constant-tag-mix.test.js
 PASS js-fuzzer-class-a9875f561daf.js [3056/10000] status=ok obs=aab3238922bc coverage=+0/32/38 time=1ms
  RUN js-fuzzer-arithmetic-7abeb4fbeddb.js [3057/10000] md5=7abeb4fbeddb09b924f887e657f659ec bytes=85 template=arithmetic origin=seed:tests/corpus/obfuscation/extern-slot-permutation.test.js
 PASS js-fuzzer-arithmetic-7abeb4fbeddb.js [3057/10000] status=ok obs=3c59dc048e88 coverage=+0/32/38 time=2ms
  RUN js-fuzzer-function-f9a15ede1a13.js [3058/10000] md5=f9a15ede1a136ec60ae593fd7d4d8635 bytes=153 template=function origin=seed:tests/corpus/obfuscation/externs-console.test.js
 PASS js-fuzzer-function-f9a15ede1a13.js [3058/10000] status=ok obs=d3d9446802a4 coverage=+0/32/38 time=2ms
  RUN js-fuzzer-array-object-42e24175fa24.js [3059/10000] md5=42e24175fa248bb13dcec999282b67b5 bytes=133 template=array-object origin=seed:tests/corpus/obfuscation/seed-sensitive-functions.test.js
 PASS js-fuzzer-array-object-42e24175fa24.js [3059/10000] status=ok obs=6512bd43d9ca coverage=+0/32/38 time=1ms
  RUN js-fuzzer-boundary-235131a2d0d1.js [3060/10000] md5=235131a2d0d184afe9327ca3bd456dde bytes=129 template=boundary origin=boundary:-9007199254740991
 PASS js-fuzzer-boundary-235131a2d0d1.js [3060/10000] status=ok obs=b3f3a95848f6 coverage=+0/32/38 time=2ms
  RUN js-fuzzer-corpus-ad9ed8746461.js [3061/10000] md5=ad9ed87464611c6dd81b04b3754c760c bytes=214 template=corpus origin=tests/corpus/regressions/multiple-functions-fib-add.test.js
 PASS js-fuzzer-corpus-ad9ed8746461.js [3061/10000] status=ok obs=3c59dc048e88 coverage=+0/32/38 time=3ms
  RUN js-fuzzer-loop-54e460cecf5c.js [3062/10000] md5=54e460cecf5c05dfcffaa3b2e5f57445 bytes=81 template=loop origin=seed:tests/corpus/regressions/scope-compressed-closure-params.test.js
 PASS js-fuzzer-loop-54e460cecf5c.js [3062/10000] status=ok obs=d3d9446802a4 coverage=+0/32/38 time=1ms
  RUN js-fuzzer-try-catch-a4e2330c4919.js [3063/10000] md5=a4e2330c49196805169dbf8449e466fa bytes=110 template=try-catch origin=seed:tests/corpus/runtime/arrays-objects-methods.test.js
 PASS js-fuzzer-try-catch-a4e2330c4919.js [3063/10000] status=ok obs=3c59dc048e88 coverage=+0/32/38 time=2ms
  RUN js-fuzzer-class-769274f77fa6.js [3064/10000] md5=769274f77fa62254ce7e0eb0e3adf7f1 bytes=100 template=class origin=seed:tests/corpus/runtime/block-scopes.test.js
 PASS js-fuzzer-class-769274f77fa6.js [3064/10000] status=ok obs=c4ca4238a0b9 coverage=+0/32/38 time=1ms
  RUN js-fuzzer-arithmetic-c3fe620f0b86.js [3065/10000] md5=c3fe620f0b86dfc43be4cb82bb67340c bytes=84 template=arithmetic origin=seed:tests/corpus/runtime/class-fields-static-methods.test.js
 PASS js-fuzzer-arithmetic-c3fe620f0b86.js [3065/10000] status=ok obs=47d1e990583c coverage=+0/32/38 time=2ms
  RUN js-fuzzer-function-c472354a037a.js [3066/10000] md5=c472354a037a48d197cd60b4e04af6e0 bytes=153 template=function origin=seed:tests/corpus/runtime/classes-and-objects.test.js
 PASS js-fuzzer-function-c472354a037a.js [3066/10000] status=ok obs=02e74f10e032 coverage=+0/32/38 time=3ms
  RUN js-fuzzer-boundary-4b8e58e2bd3b.js [3067/10000] md5=4b8e58e2bd3bc437f093fe0ab13ce109 bytes=123 template=boundary origin=boundary:-2147483648
 PASS js-fuzzer-boundary-4b8e58e2bd3b.js [3067/10000] status=ok obs=034ff5946105 coverage=+0/32/38 time=2ms
  RUN js-fuzzer-closure-7e46f429b89a.js [3068/10000] md5=7e46f429b89a1350bef05534c0c2219a bytes=183 template=closure origin=seed:tests/corpus/runtime/closures-read-captured-values.test.js
 PASS js-fuzzer-closure-7e46f429b89a.js [3068/10000] status=ok obs=02e74f10e032 coverage=+0/32/38 time=2ms
  RUN js-fuzzer-block-scope-3a77285250aa.js [3069/10000] md5=3a77285250aa29f5a1dc2a7358d3473d bytes=114 template=block-scope origin=seed:tests/corpus/runtime/exceptions-and-nullish.test.js
 PASS js-fuzzer-block-scope-3a77285250aa.js [3069/10000] status=ok obs=38b3eff8baf5 coverage=+0/32/38 time=3ms
  RUN js-fuzzer-corpus-72746d071c58.js [3070/10000] md5=72746d071c58fadd9399bc8934c30553 bytes=197 template=corpus origin=tests/corpus/runtime/functions-closures-and-arrows.test.js
 PASS js-fuzzer-corpus-72746d071c58.js [3070/10000] status=ok obs=c74d97b01eae coverage=+0/32/38 time=2ms
  RUN js-fuzzer-try-catch-13abe4d24a2d.js [3071/10000] md5=13abe4d24a2dd7935e11d59d61044cdc bytes=109 template=try-catch origin=seed:tests/corpus/runtime/lexical-shadowing.test.js
 PASS js-fuzzer-try-catch-13abe4d24a2d.js [3071/10000] status=ok obs=c9f0f895fb98 coverage=+0/32/38 time=2ms
  RUN js-fuzzer-class-6736c24444bc.js [3072/10000] md5=6736c24444bc6ff151b05a9a974ae4d5 bytes=100 template=class origin=seed:tests/corpus/runtime/modules-export.test.js
 PASS js-fuzzer-class-6736c24444bc.js [3072/10000] status=ok obs=45c48cce2e2d coverage=+0/32/38 time=2ms
  RUN js-fuzzer-arithmetic-c9ba4dc66d92.js [3073/10000] md5=c9ba4dc66d92b3f205f116498f8e859c bytes=84 template=arithmetic origin=seed:tests/corpus/runtime/nested-try-finally.test.js
 PASS js-fuzzer-arithmetic-c9ba4dc66d92.js [3073/10000] status=ok obs=82aa4b0af34c coverage=+0/32/38 time=2ms
  RUN js-fuzzer-boundary-db03eeac3914.js [3074/10000] md5=db03eeac3914e8f0a7bfea9eefe9f0de bytes=114 template=boundary origin=boundary:-2
 PASS js-fuzzer-boundary-db03eeac3914.js [3074/10000] status=ok obs=5d7b9adcbe1c coverage=+0/32/38 time=1ms
  RUN js-fuzzer-array-object-c76b1919ae72.js [3075/10000] md5=c76b1919ae726365b8d22958a7040718 bytes=133 template=array-object origin=seed:tests/corpus/syntax/logical-unary-nullish.test.js
 PASS js-fuzzer-array-object-c76b1919ae72.js [3075/10000] status=ok obs=45c48cce2e2d coverage=+0/32/38 time=2ms
  RUN js-fuzzer-closure-e49dcf873ed5.js [3076/10000] md5=e49dcf873ed55f02b5559f33f59b4855 bytes=183 template=closure origin=seed:tests/corpus/syntax/object-destructure-and-members.test.js
 PASS js-fuzzer-closure-e49dcf873ed5.js [3076/10000] status=ok obs=70efdf2ec9b0 coverage=+0/32/38 time=2ms
  RUN js-fuzzer-block-scope-9b83029a9d26.js [3077/10000] md5=9b83029a9d26cfe10fda7e7e2e76d45a bytes=114 template=block-scope origin=seed:tests/corpus/syntax/switch-do-while-sequence.test.js
 PASS js-fuzzer-block-scope-9b83029a9d26.js [3077/10000] status=ok obs=a3c65c297427 coverage=+0/32/38 time=2ms
  RUN js-fuzzer-loop-55c7c905bffb.js [3078/10000] md5=55c7c905bffb4bbbc4c8fb9b91df6ad8 bytes=81 template=loop origin=seed:tests/corpus/syntax/template-array-destructure.test.js
 PASS js-fuzzer-loop-55c7c905bffb.js [3078/10000] status=ok obs=eccbc87e4b5c coverage=+0/32/38 time=1ms
  RUN js-fuzzer-corpus-57a83a4b020d.js [3079/10000] md5=57a83a4b020d4b85b42b0a3709f283ad bytes=130 template=corpus origin=tests/corpus/syntax/typescript-assertions.test.ts
 PASS js-fuzzer-corpus-57a83a4b020d.js [3079/10000] status=ok obs=45c48cce2e2d coverage=+0/32/38 time=2ms
  RUN js-fuzzer-class-51ea152a707e.js [3080/10000] md5=51ea152a707ed5422ab3e5b3ddb7fe43 bytes=100 template=class origin=seed:tests/corpus/syntax/typescript-non-null-satisfies.test.ts
 PASS js-fuzzer-class-51ea152a707e.js [3080/10000] status=ok obs=e4da3b7fbbce coverage=+0/32/38 time=2ms
  RUN js-fuzzer-boundary-61a9a82f5f08.js [3081/10000] md5=61a9a82f5f08bc177f13c805ba785d7d bytes=114 template=boundary origin=boundary:-1
 PASS js-fuzzer-boundary-61a9a82f5f08.js [3081/10000] status=ok obs=6bb61e3b7bce coverage=+0/32/38 time=1ms
  RUN js-fuzzer-function-297962b584b2.js [3082/10000] md5=297962b584b2139723d9064b9ad0de50 bytes=153 template=function origin=seed:tests/corpus/fixtures/state-machine-workflow.test.js
 PASS js-fuzzer-function-297962b584b2.js [3082/10000] status=ok obs=c81e728d9d4c coverage=+0/32/38 time=2ms
  RUN js-fuzzer-array-object-9d227d45ad58.js [3083/10000] md5=9d227d45ad589d3ec4b30f00d513d361 bytes=133 template=array-object origin=seed:tests/corpus/fixtures/vue-script-workflow.test.vue
 PASS js-fuzzer-array-object-9d227d45ad58.js [3083/10000] status=ok obs=c74d97b01eae coverage=+0/32/38 time=1ms
  RUN js-fuzzer-closure-19ec0335fbe2.js [3084/10000] md5=19ec0335fbe2dc44fb168080254723f7 bytes=183 template=closure origin=seed:tests/corpus/obfuscation/constant-tag-mix.test.js
 PASS js-fuzzer-closure-19ec0335fbe2.js [3084/10000] status=ok obs=9bf31c7ff062 coverage=+0/32/38 time=1ms
  RUN js-fuzzer-block-scope-17e58dbd255d.js [3085/10000] md5=17e58dbd255d5d20dba9bd2d8839fd75 bytes=114 template=block-scope origin=seed:tests/corpus/obfuscation/extern-slot-permutation.test.js
 PASS js-fuzzer-block-scope-17e58dbd255d.js [3085/10000] status=ok obs=f0935e4cd592 coverage=+0/32/38 time=2ms
  RUN js-fuzzer-loop-d35707ad0bf7.js [3086/10000] md5=d35707ad0bf74148f671ad8943998af6 bytes=81 template=loop origin=seed:tests/corpus/obfuscation/externs-console.test.js
 PASS js-fuzzer-loop-d35707ad0bf7.js [3086/10000] status=ok obs=9bf31c7ff062 coverage=+0/32/38 time=2ms
  RUN js-fuzzer-try-catch-8d9c7d254dda.js [3087/10000] md5=8d9c7d254ddaafdc283e844d5d9a6231 bytes=109 template=try-catch origin=seed:tests/corpus/obfuscation/seed-sensitive-functions.test.js
 PASS js-fuzzer-try-catch-8d9c7d254dda.js [3087/10000] status=ok obs=a87ff679a2f3 coverage=+0/32/38 time=1ms
  RUN js-fuzzer-corpus-79643e915862.js [3088/10000] md5=79643e91586251700d34c0c65a0220da bytes=89 template=corpus origin=tests/corpus/regressions/destructuring-lowers-to-member.test.js
 PASS js-fuzzer-corpus-79643e915862.js [3088/10000] status=ok obs=eccbc87e4b5c coverage=+0/32/38 time=2ms
  RUN js-fuzzer-arithmetic-d044f67c35b4.js [3089/10000] md5=d044f67c35b4276f5354ab877cd1138f bytes=84 template=arithmetic origin=seed:tests/corpus/regressions/multiple-functions-fib-add.test.js
 PASS js-fuzzer-arithmetic-d044f67c35b4.js [3089/10000] status=ok obs=f457c545a9de coverage=+0/32/38 time=1ms
  RUN js-fuzzer-function-8384e80192dc.js [3090/10000] md5=8384e80192dc0232cf5e505b2f7d5501 bytes=153 template=function origin=seed:tests/corpus/regressions/scope-compressed-closure-params.test.js
 PASS js-fuzzer-function-8384e80192dc.js [3090/10000] status=ok obs=e4da3b7fbbce coverage=+0/32/38 time=2ms
  RUN js-fuzzer-array-object-faf6ff4dee3b.js [3091/10000] md5=faf6ff4dee3bb5efc4cd957bb21ff440 bytes=133 template=array-object origin=seed:tests/corpus/runtime/arrays-objects-methods.test.js
 PASS js-fuzzer-array-object-faf6ff4dee3b.js [3091/10000] status=ok obs=1679091c5a88 coverage=+0/32/38 time=2ms
  RUN js-fuzzer-closure-08c99a9f7ce6.js [3092/10000] md5=08c99a9f7ce6556c4544e4d71c5c6227 bytes=185 template=closure origin=seed:tests/corpus/runtime/block-scopes.test.js
 PASS js-fuzzer-closure-08c99a9f7ce6.js [3092/10000] status=ok obs=d1fe173d08e9 coverage=+0/32/38 time=1ms
  RUN js-fuzzer-block-scope-b85ecadef581.js [3093/10000] md5=b85ecadef581053d14250d27c33151bf bytes=114 template=block-scope origin=seed:tests/corpus/runtime/class-fields-static-methods.test.js
 PASS js-fuzzer-block-scope-b85ecadef581.js [3093/10000] status=ok obs=c9e1074f5b3f coverage=+0/32/38 time=1ms
  RUN js-fuzzer-loop-f495ca2fc638.js [3094/10000] md5=f495ca2fc6389f933578fc501f5b1465 bytes=81 template=loop origin=seed:tests/corpus/runtime/classes-and-objects.test.js
 PASS js-fuzzer-loop-f495ca2fc638.js [3094/10000] status=ok obs=c4ca4238a0b9 coverage=+0/32/38 time=2ms
  RUN js-fuzzer-boundary-83aee5cf07de.js [3095/10000] md5=83aee5cf07deb9d5ce59aec8aff7a227 bytes=128 template=boundary origin=boundary:9007199254740991
 PASS js-fuzzer-boundary-83aee5cf07de.js [3095/10000] status=ok obs=8bfa9ad090fb coverage=+0/32/38 time=1ms
  RUN js-fuzzer-class-6736c24444bc.js [3096/10000] md5=6736c24444bc6ff151b05a9a974ae4d5 bytes=100 template=class origin=seed:tests/corpus/runtime/closures-read-captured-values.test.js
 PASS js-fuzzer-class-6736c24444bc.js [3096/10000] status=ok obs=45c48cce2e2d coverage=+0/32/38 time=2ms
  RUN js-fuzzer-corpus-cf8fb96e8476.js [3097/10000] md5=cf8fb96e8476c262b73583c86dd80821 bytes=178 template=corpus origin=tests/corpus/runtime/exceptions-and-nullish.test.js
 PASS js-fuzzer-corpus-cf8fb96e8476.js [3097/10000] status=ok obs=24ed5e8718fc coverage=+0/32/38 time=2ms
  RUN js-fuzzer-function-84b6f0564867.js [3098/10000] md5=84b6f05648673d1e7da8df04c8cbab23 bytes=153 template=function origin=seed:tests/corpus/runtime/functions-closures-and-arrows.test.js
 PASS js-fuzzer-function-84b6f0564867.js [3098/10000] status=ok obs=c74d97b01eae coverage=+0/32/38 time=2ms
  RUN js-fuzzer-array-object-8728816636ad.js [3099/10000] md5=8728816636ad003fc39787bafeb29c5d bytes=133 template=array-object origin=seed:tests/corpus/runtime/lexical-shadowing.test.js
 PASS js-fuzzer-array-object-8728816636ad.js [3099/10000] status=ok obs=aab3238922bc coverage=+0/32/38 time=1ms
  RUN js-fuzzer-closure-fd1eab5337ad.js [3100/10000] md5=fd1eab5337ad16fd194395712bc39c6f bytes=184 template=closure origin=seed:tests/corpus/runtime/modules-export.test.js
 PASS js-fuzzer-closure-fd1eab5337ad.js [3100/10000] status=ok obs=f457c545a9de coverage=+0/32/38 time=2ms
  RUN js-fuzzer-block-scope-a8e327bbe626.js [3101/10000] md5=a8e327bbe6261141f09ba57789d8f00f bytes=114 template=block-scope origin=seed:tests/corpus/runtime/nested-try-finally.test.js
 PASS js-fuzzer-block-scope-a8e327bbe626.js [3101/10000] status=ok obs=a97da629b098 coverage=+0/32/38 time=2ms
  RUN js-fuzzer-boundary-5c12d757f0dd.js [3102/10000] md5=5c12d757f0ddd5c6b1207b14fb1e8d0c bytes=122 template=boundary origin=boundary:2147483647
 PASS js-fuzzer-boundary-5c12d757f0dd.js [3102/10000] status=ok obs=c588c0a459f4 coverage=+0/32/38 time=1ms
  RUN js-fuzzer-try-catch-0db921dfa62d.js [3103/10000] md5=0db921dfa62dbbfd21889addc9a83362 bytes=110 template=try-catch origin=seed:tests/corpus/syntax/logical-unary-nullish.test.js
 PASS js-fuzzer-try-catch-0db921dfa62d.js [3103/10000] status=ok obs=34173cb38f07 coverage=+0/32/38 time=2ms
  RUN js-fuzzer-class-5baf4bed5db4.js [3104/10000] md5=5baf4bed5db4f8205173226efc8fff73 bytes=101 template=class origin=seed:tests/corpus/syntax/object-destructure-and-members.test.js
 PASS js-fuzzer-class-5baf4bed5db4.js [3104/10000] status=ok obs=6f4922f45568 coverage=+0/32/38 time=2ms
  RUN js-fuzzer-arithmetic-892f3387a4aa.js [3105/10000] md5=892f3387a4aacdac89dd27d90fd3ce93 bytes=86 template=arithmetic origin=seed:tests/corpus/syntax/switch-do-while-sequence.test.js
 PASS js-fuzzer-arithmetic-892f3387a4aa.js [3105/10000] status=ok obs=158f3069a435 coverage=+0/32/38 time=1ms
  RUN js-fuzzer-corpus-ff388659a641.js [3106/10000] md5=ff388659a6419d1e6e01ce4e7151a52e bytes=135 template=corpus origin=tests/corpus/syntax/template-array-destructure.test.js
 PASS js-fuzzer-corpus-ff388659a641.js [3106/10000] status=ok obs=f61c9a8be43c coverage=+0/32/38 time=2ms
  RUN js-fuzzer-array-object-3e311b2bbaed.js [3107/10000] md5=3e311b2bbaedc995fa72d8b07197cc7b bytes=133 template=array-object origin=seed:tests/corpus/syntax/typescript-assertions.test.ts
 PASS js-fuzzer-array-object-3e311b2bbaed.js [3107/10000] status=ok obs=c20ad4d76fe9 coverage=+0/32/38 time=1ms
  RUN js-fuzzer-closure-2ee8f03a560c.js [3108/10000] md5=2ee8f03a560c19360aa68fd84b425b08 bytes=185 template=closure origin=seed:tests/corpus/syntax/typescript-non-null-satisfies.test.ts
 PASS js-fuzzer-closure-2ee8f03a560c.js [3108/10000] status=ok obs=72b32a1f754b coverage=+0/32/38 time=2ms
  RUN js-fuzzer-boundary-14a05a816d97.js [3109/10000] md5=14a05a816d975afa7654eb06610350d0 bytes=113 template=boundary origin=boundary:2
 PASS js-fuzzer-boundary-14a05a816d97.js [3109/10000] status=ok obs=c81e728d9d4c coverage=+0/32/38 time=2ms
  RUN js-fuzzer-loop-55c7c905bffb.js [3110/10000] md5=55c7c905bffb4bbbc4c8fb9b91df6ad8 bytes=81 template=loop origin=seed:tests/corpus/fixtures/state-machine-workflow.test.js
 PASS js-fuzzer-loop-55c7c905bffb.js [3110/10000] status=ok obs=eccbc87e4b5c coverage=+0/32/38 time=1ms
  RUN js-fuzzer-try-catch-f24fba189d45.js [3111/10000] md5=f24fba189d4541ce9d4809156ecb450c bytes=110 template=try-catch origin=seed:tests/corpus/fixtures/vue-script-workflow.test.vue
 PASS js-fuzzer-try-catch-f24fba189d45.js [3111/10000] status=ok obs=1ff1de774005 coverage=+0/32/38 time=1ms
  RUN js-fuzzer-class-b1e3642c0208.js [3112/10000] md5=b1e3642c0208992266fb21668a536292 bytes=100 template=class origin=seed:tests/corpus/obfuscation/constant-tag-mix.test.js
 PASS js-fuzzer-class-b1e3642c0208.js [3112/10000] status=ok obs=c9f0f895fb98 coverage=+0/32/38 time=2ms
  RUN js-fuzzer-arithmetic-7945019baf2c.js [3113/10000] md5=7945019baf2c010f22f09de79dc54b13 bytes=85 template=arithmetic origin=seed:tests/corpus/obfuscation/extern-slot-permutation.test.js
 PASS js-fuzzer-arithmetic-7945019baf2c.js [3113/10000] status=ok obs=85d8ce590ad8 coverage=+0/32/38 time=1ms
  RUN js-fuzzer-function-21f30959172f.js [3114/10000] md5=21f30959172fc1289c7ff8ad630f96bf bytes=153 template=function origin=seed:tests/corpus/obfuscation/externs-console.test.js
 PASS js-fuzzer-function-21f30959172f.js [3114/10000] status=ok obs=4e732ced3463 coverage=+0/32/38 time=3ms
  RUN js-fuzzer-corpus-38ba19d9deb7.js [3115/10000] md5=38ba19d9deb7566cc8a420c27ada3f21 bytes=136 template=corpus origin=tests/corpus/obfuscation/seed-sensitive-functions.test.js
 PASS js-fuzzer-corpus-38ba19d9deb7.js [3115/10000] status=ok obs=a5bfc9e07964 coverage=+0/32/38 time=1ms
  RUN js-fuzzer-boundary-2f35f880f964.js [3116/10000] md5=2f35f880f96468b375c4e71feba05308 bytes=113 template=boundary origin=boundary:1
 PASS js-fuzzer-boundary-2f35f880f964.js [3116/10000] status=ok obs=c4ca4238a0b9 coverage=+0/32/38 time=2ms
  RUN js-fuzzer-block-scope-43c0a951992f.js [3117/10000] md5=43c0a951992fb27995083edd440343f5 bytes=114 template=block-scope origin=seed:tests/corpus/regressions/multiple-functions-fib-add.test.js
 PASS js-fuzzer-block-scope-43c0a951992f.js [3117/10000] status=ok obs=f0935e4cd592 coverage=+0/32/38 time=2ms
  RUN js-fuzzer-loop-bbf1d7a15d8d.js [3118/10000] md5=bbf1d7a15d8dd015402d75c0e0108b5f bytes=81 template=loop origin=seed:tests/corpus/regressions/scope-compressed-closure-params.test.js
 PASS js-fuzzer-loop-bbf1d7a15d8d.js [3118/10000] status=ok obs=1679091c5a88 coverage=+0/32/38 time=1ms
  RUN js-fuzzer-try-catch-20dc98d64456.js [3119/10000] md5=20dc98d644569e4da77d458e1c7210ec bytes=110 template=try-catch origin=seed:tests/corpus/runtime/arrays-objects-methods.test.js
 PASS js-fuzzer-try-catch-20dc98d64456.js [3119/10000] status=ok obs=c51ce410c124 coverage=+0/32/38 time=2ms
  RUN js-fuzzer-class-a365d1a76b7b.js [3120/10000] md5=a365d1a76b7b0d4310621afa7caac433 bytes=100 template=class origin=seed:tests/corpus/runtime/block-scopes.test.js
 PASS js-fuzzer-class-a365d1a76b7b.js [3120/10000] status=ok obs=8f14e45fceea coverage=+0/32/38 time=2ms
  RUN js-fuzzer-arithmetic-097e127b4f81.js [3121/10000] md5=097e127b4f81806ee0f16eaebd87b8b5 bytes=85 template=arithmetic origin=seed:tests/corpus/runtime/class-fields-static-methods.test.js
 PASS js-fuzzer-arithmetic-097e127b4f81.js [3121/10000] status=ok obs=0777d5c17d40 coverage=+0/32/38 time=1ms
  RUN js-fuzzer-function-c6a41e639682.js [3122/10000] md5=c6a41e6396823bcfa91e05b3a10b01c0 bytes=153 template=function origin=seed:tests/corpus/runtime/classes-and-objects.test.js
 PASS js-fuzzer-function-c6a41e639682.js [3122/10000] status=ok obs=1f0e3dad9990 coverage=+0/32/38 time=2ms
  RUN js-fuzzer-boundary-37492c99ff33.js [3123/10000] md5=37492c99ff33e9d5e09e0b8e84ba785a bytes=129 template=boundary origin=boundary:-9007199254740991
 PASS js-fuzzer-boundary-37492c99ff33.js [3123/10000] status=ok obs=b3f3a95848f6 coverage=+0/32/38 time=2ms
  RUN js-fuzzer-corpus-08bc93bf5789.js [3124/10000] md5=08bc93bf57897bc88ce7161fe56cd099 bytes=169 template=corpus origin=tests/corpus/runtime/closures-read-captured-values.test.js
 PASS js-fuzzer-corpus-08bc93bf5789.js [3124/10000] status=ok obs=02e74f10e032 coverage=+0/32/38 time=1ms
  RUN js-fuzzer-block-scope-05d7f393387e.js [3125/10000] md5=05d7f393387e49ed48ee4ca7d01d714c bytes=114 template=block-scope origin=seed:tests/corpus/runtime/exceptions-and-nullish.test.js
 PASS js-fuzzer-block-scope-05d7f393387e.js [3125/10000] status=ok obs=6974ce5ac660 coverage=+0/32/38 time=2ms
  RUN js-fuzzer-loop-d35707ad0bf7.js [3126/10000] md5=d35707ad0bf74148f671ad8943998af6 bytes=81 template=loop origin=seed:tests/corpus/runtime/functions-closures-and-arrows.test.js
 PASS js-fuzzer-loop-d35707ad0bf7.js [3126/10000] status=ok obs=9bf31c7ff062 coverage=+0/32/38 time=2ms
  RUN js-fuzzer-try-catch-18b0b31fe014.js [3127/10000] md5=18b0b31fe014e787990869dd8a5ff18b bytes=110 template=try-catch origin=seed:tests/corpus/runtime/lexical-shadowing.test.js
 PASS js-fuzzer-try-catch-18b0b31fe014.js [3127/10000] status=ok obs=aab3238922bc coverage=+0/32/38 time=1ms
  RUN js-fuzzer-class-3b630e2d834a.js [3128/10000] md5=3b630e2d834a95a01ee75571f8bc0075 bytes=101 template=class origin=seed:tests/corpus/runtime/modules-export.test.js
 PASS js-fuzzer-class-3b630e2d834a.js [3128/10000] status=ok obs=6512bd43d9ca coverage=+0/32/38 time=2ms
  RUN js-fuzzer-arithmetic-6857cc06ce3c.js [3129/10000] md5=6857cc06ce3c11775beda9bf602508af bytes=84 template=arithmetic origin=seed:tests/corpus/runtime/nested-try-finally.test.js
 PASS js-fuzzer-arithmetic-6857cc06ce3c.js [3129/10000] status=ok obs=19ca14e7ea63 coverage=+0/32/38 time=2ms
  RUN js-fuzzer-boundary-205872a6e44c.js [3130/10000] md5=205872a6e44c1ea0cf94554af934fb09 bytes=123 template=boundary origin=boundary:-2147483648
 PASS js-fuzzer-boundary-205872a6e44c.js [3130/10000] status=ok obs=034ff5946105 coverage=+0/32/38 time=1ms
  RUN js-fuzzer-array-object-1a62f006bf3e.js [3131/10000] md5=1a62f006bf3ef75648892038ccfe4664 bytes=133 template=array-object origin=seed:tests/corpus/syntax/logical-unary-nullish.test.js
 PASS js-fuzzer-array-object-1a62f006bf3e.js [3131/10000] status=ok obs=aab3238922bc coverage=+0/32/38 time=2ms
  RUN js-fuzzer-closure-53cf4220250b.js [3132/10000] md5=53cf4220250bf6dfb76716c170cdcca7 bytes=184 template=closure origin=seed:tests/corpus/syntax/object-destructure-and-members.test.js
 PASS js-fuzzer-closure-53cf4220250b.js [3132/10000] status=ok obs=3416a75f4cea coverage=+0/32/38 time=1ms
  RUN js-fuzzer-corpus-2aed353a2d20.js [3133/10000] md5=2aed353a2d200d64cbaf7beb40face20 bytes=275 template=corpus origin=tests/corpus/syntax/switch-do-while-sequence.test.js
 PASS js-fuzzer-corpus-2aed353a2d20.js [3133/10000] status=ok obs=6f4922f45568 coverage=+0/32/38 time=2ms
  RUN js-fuzzer-loop-f495ca2fc638.js [3134/10000] md5=f495ca2fc6389f933578fc501f5b1465 bytes=81 template=loop origin=seed:tests/corpus/syntax/template-array-destructure.test.js
 PASS js-fuzzer-loop-f495ca2fc638.js [3134/10000] status=ok obs=c4ca4238a0b9 coverage=+0/32/38 time=2ms
  RUN js-fuzzer-try-catch-dd0b1ef9b53e.js [3135/10000] md5=dd0b1ef9b53e3ee92bf7cc86c8d4101e bytes=110 template=try-catch origin=seed:tests/corpus/syntax/typescript-assertions.test.ts
 PASS js-fuzzer-try-catch-dd0b1ef9b53e.js [3135/10000] status=ok obs=642e92efb794 coverage=+0/32/38 time=1ms
  RUN js-fuzzer-class-c6bbe0a63455.js [3136/10000] md5=c6bbe0a634559d18fa82cf0c9a421610 bytes=100 template=class origin=seed:tests/corpus/syntax/typescript-non-null-satisfies.test.ts
 PASS js-fuzzer-class-c6bbe0a63455.js [3136/10000] status=ok obs=1679091c5a88 coverage=+0/32/38 time=2ms
  RUN js-fuzzer-boundary-db03eeac3914.js [3137/10000] md5=db03eeac3914e8f0a7bfea9eefe9f0de bytes=114 template=boundary origin=boundary:-2
 PASS js-fuzzer-boundary-db03eeac3914.js [3137/10000] status=ok obs=5d7b9adcbe1c coverage=+0/32/38 time=2ms
  RUN js-fuzzer-function-be199ff518ed.js [3138/10000] md5=be199ff518edad2305aebc8ea703ea8f bytes=153 template=function origin=seed:tests/corpus/fixtures/state-machine-workflow.test.js
 PASS js-fuzzer-function-be199ff518ed.js [3138/10000] status=ok obs=a87ff679a2f3 coverage=+0/32/38 time=1ms
  RUN js-fuzzer-array-object-9ced33bccec9.js [3139/10000] md5=9ced33bccec9622a7223716e223575f9 bytes=133 template=array-object origin=seed:tests/corpus/fixtures/vue-script-workflow.test.vue
 PASS js-fuzzer-array-object-9ced33bccec9.js [3139/10000] status=ok obs=c74d97b01eae coverage=+0/32/38 time=1ms
  RUN js-fuzzer-closure-7f0fcef8a5f6.js [3140/10000] md5=7f0fcef8a5f63a8f16cf40bcfecc2308 bytes=185 template=closure origin=seed:tests/corpus/obfuscation/constant-tag-mix.test.js
 PASS js-fuzzer-closure-7f0fcef8a5f6.js [3140/10000] status=ok obs=67c6a1e7ce56 coverage=+0/32/38 time=2ms
  RUN js-fuzzer-block-scope-3a77285250aa.js [3141/10000] md5=3a77285250aa29f5a1dc2a7358d3473d bytes=114 template=block-scope origin=seed:tests/corpus/obfuscation/extern-slot-permutation.test.js
 PASS js-fuzzer-block-scope-3a77285250aa.js [3141/10000] status=ok obs=38b3eff8baf5 coverage=+0/32/38 time=2ms
  RUN js-fuzzer-corpus-efd663ac427b.js [3142/10000] md5=efd663ac427b5ca270b2f8b928c902bf bytes=112 template=corpus origin=tests/corpus/obfuscation/externs-console.test.js
 PASS js-fuzzer-corpus-efd663ac427b.js [3142/10000] status=ok obs=d289993e39c8 coverage=+0/32/38 time=1ms
  RUN js-fuzzer-try-catch-83aeb7d5f114.js [3143/10000] md5=83aeb7d5f114f448e90b2f3e31e7a7e9 bytes=110 template=try-catch origin=seed:tests/corpus/obfuscation/seed-sensitive-functions.test.js
 PASS js-fuzzer-try-catch-83aeb7d5f114.js [3143/10000] status=ok obs=e369853df766 coverage=+0/32/38 time=2ms
  RUN js-fuzzer-boundary-3d1d4e90ebd9.js [3144/10000] md5=3d1d4e90ebd99aad7ece59efc98f7563 bytes=114 template=boundary origin=boundary:-1
 PASS js-fuzzer-boundary-3d1d4e90ebd9.js [3144/10000] status=ok obs=6bb61e3b7bce coverage=+0/32/38 time=1ms
  RUN js-fuzzer-arithmetic-2e09d34898ae.js [3145/10000] md5=2e09d34898ae510bf8c9769035c4f658 bytes=85 template=arithmetic origin=seed:tests/corpus/regressions/multiple-functions-fib-add.test.js
 PASS js-fuzzer-arithmetic-2e09d34898ae.js [3145/10000] status=ok obs=34173cb38f07 coverage=+0/32/38 time=2ms
  RUN js-fuzzer-function-8384e80192dc.js [3146/10000] md5=8384e80192dc0232cf5e505b2f7d5501 bytes=153 template=function origin=seed:tests/corpus/regressions/scope-compressed-closure-params.test.js
 PASS js-fuzzer-function-8384e80192dc.js [3146/10000] status=ok obs=e4da3b7fbbce coverage=+0/32/38 time=2ms
  RUN js-fuzzer-array-object-d8dd2b8bfb90.js [3147/10000] md5=d8dd2b8bfb9089dd9157d3c2741ea989 bytes=133 template=array-object origin=seed:tests/corpus/runtime/arrays-objects-methods.test.js
 PASS js-fuzzer-array-object-d8dd2b8bfb90.js [3147/10000] status=ok obs=c51ce410c124 coverage=+0/32/38 time=1ms
  RUN js-fuzzer-closure-1f061ddf9fab.js [3148/10000] md5=1f061ddf9fab95292f2a33d9f74f19b5 bytes=184 template=closure origin=seed:tests/corpus/runtime/block-scopes.test.js
 PASS js-fuzzer-closure-1f061ddf9fab.js [3148/10000] status=ok obs=14bfa6bb1487 coverage=+0/32/38 time=2ms
  RUN js-fuzzer-block-scope-1d6b190ceb7d.js [3149/10000] md5=1d6b190ceb7d9fb926a1e1646ae8a1f6 bytes=115 template=block-scope origin=seed:tests/corpus/runtime/class-fields-static-methods.test.js
 PASS js-fuzzer-block-scope-1d6b190ceb7d.js [3149/10000] status=ok obs=5f93f983524d coverage=+0/32/38 time=2ms
  RUN js-fuzzer-loop-f495ca2fc638.js [3150/10000] md5=f495ca2fc6389f933578fc501f5b1465 bytes=81 template=loop origin=seed:tests/corpus/runtime/classes-and-objects.test.js
 PASS js-fuzzer-loop-f495ca2fc638.js [3150/10000] status=ok obs=c4ca4238a0b9 coverage=+0/32/38 time=1ms
  RUN js-fuzzer-corpus-ddcb99247fc8.js [3151/10000] md5=ddcb99247fc847c897b97c6bd6512b9f bytes=217 template=corpus origin=tests/corpus/runtime/closures-mutate-captured-bindings.test.js
 PASS js-fuzzer-corpus-ddcb99247fc8.js [3151/10000] status=ok obs=e4da3b7fbbce coverage=+0/32/38 time=2ms
  RUN js-fuzzer-class-5baf4bed5db4.js [3152/10000] md5=5baf4bed5db4f8205173226efc8fff73 bytes=101 template=class origin=seed:tests/corpus/runtime/closures-read-captured-values.test.js
 PASS js-fuzzer-class-5baf4bed5db4.js [3152/10000] status=ok obs=6f4922f45568 coverage=+0/32/38 time=2ms
  RUN js-fuzzer-arithmetic-8a86c5cf5e1b.js [3153/10000] md5=8a86c5cf5e1be85782fe674ebfa0841b bytes=83 template=arithmetic origin=seed:tests/corpus/runtime/exceptions-and-nullish.test.js
 PASS js-fuzzer-arithmetic-8a86c5cf5e1b.js [3153/10000] status=ok obs=17e62166fc85 coverage=+0/32/38 time=1ms
  RUN js-fuzzer-function-66ad482026b9.js [3154/10000] md5=66ad482026b9df67ec5d25c1cce4c653 bytes=153 template=function origin=seed:tests/corpus/runtime/functions-closures-and-arrows.test.js
 PASS js-fuzzer-function-66ad482026b9.js [3154/10000] status=ok obs=6512bd43d9ca coverage=+0/32/38 time=2ms
  RUN js-fuzzer-array-object-f1a6c34052e9.js [3155/10000] md5=f1a6c34052e95ca715fd7ce374080830 bytes=133 template=array-object origin=seed:tests/corpus/runtime/lexical-shadowing.test.js
 PASS js-fuzzer-array-object-f1a6c34052e9.js [3155/10000] status=ok obs=3c59dc048e88 coverage=+0/32/38 time=2ms
  RUN js-fuzzer-closure-af826dd5c91d.js [3156/10000] md5=af826dd5c91dc9d63f5f28e00c8246b8 bytes=183 template=closure origin=seed:tests/corpus/runtime/modules-export.test.js
 PASS js-fuzzer-closure-af826dd5c91d.js [3156/10000] status=ok obs=1c383cd30b7c coverage=+0/32/38 time=1ms
  RUN js-fuzzer-block-scope-774c46a06926.js [3157/10000] md5=774c46a069263654848e7fd39398a5f1 bytes=114 template=block-scope origin=seed:tests/corpus/runtime/nested-try-finally.test.js
 PASS js-fuzzer-block-scope-774c46a06926.js [3157/10000] status=ok obs=ec8956637a99 coverage=+0/32/38 time=2ms
  RUN js-fuzzer-boundary-2b35f90895ea.js [3158/10000] md5=2b35f90895ea85111e562e627044f919 bytes=128 template=boundary origin=boundary:9007199254740991
 PASS js-fuzzer-boundary-2b35f90895ea.js [3158/10000] status=ok obs=8bfa9ad090fb coverage=+0/32/38 time=2ms
  RUN js-fuzzer-try-catch-22e41d89137c.js [3159/10000] md5=22e41d89137ce4eac020880cbeff06ef bytes=110 template=try-catch origin=seed:tests/corpus/syntax/logical-unary-nullish.test.js
 PASS js-fuzzer-try-catch-22e41d89137c.js [3159/10000] status=ok obs=d9d4f495e875 coverage=+0/32/38 time=1ms
  RUN js-fuzzer-corpus-96ebdcb81273.js [3160/10000] md5=96ebdcb81273f0e5e5778a6c70c94988 bytes=171 template=corpus origin=tests/corpus/syntax/object-destructure-and-members.test.js
 PASS js-fuzzer-corpus-96ebdcb81273.js [3160/10000] status=ok obs=bfad8dfa12ed coverage=+0/32/38 time=2ms
  RUN js-fuzzer-arithmetic-1d98fee43ca5.js [3161/10000] md5=1d98fee43ca52cf52b32bece2a275424 bytes=84 template=arithmetic origin=seed:tests/corpus/syntax/switch-do-while-sequence.test.js
 PASS js-fuzzer-arithmetic-1d98fee43ca5.js [3161/10000] status=ok obs=f899139df5e1 coverage=+0/32/38 time=2ms
  RUN js-fuzzer-function-3dca9339a683.js [3162/10000] md5=3dca9339a6831946d3c5250be8e34eee bytes=153 template=function origin=seed:tests/corpus/syntax/template-array-destructure.test.js
 PASS js-fuzzer-function-3dca9339a683.js [3162/10000] status=ok obs=e4da3b7fbbce coverage=+0/32/38 time=2ms
  RUN js-fuzzer-array-object-c3f5cbf7f137.js [3163/10000] md5=c3f5cbf7f1374bcdad6d2e48dad2c278 bytes=133 template=array-object origin=seed:tests/corpus/syntax/typescript-assertions.test.ts
 PASS js-fuzzer-array-object-c3f5cbf7f137.js [3163/10000] status=ok obs=aab3238922bc coverage=+0/32/38 time=1ms
  RUN js-fuzzer-closure-38774dcc83b9.js [3164/10000] md5=38774dcc83b922ad124699abbcde192c bytes=183 template=closure origin=seed:tests/corpus/syntax/typescript-non-null-satisfies.test.ts
 PASS js-fuzzer-closure-38774dcc83b9.js [3164/10000] status=ok obs=182be0c5cdcd coverage=+0/32/38 time=2ms
  RUN js-fuzzer-boundary-5c12d757f0dd.js [3165/10000] md5=5c12d757f0ddd5c6b1207b14fb1e8d0c bytes=122 template=boundary origin=boundary:2147483647
 PASS js-fuzzer-boundary-5c12d757f0dd.js [3165/10000] status=ok obs=c588c0a459f4 coverage=+0/32/38 time=1ms
  RUN js-fuzzer-loop-f495ca2fc638.js [3166/10000] md5=f495ca2fc6389f933578fc501f5b1465 bytes=81 template=loop origin=seed:tests/corpus/fixtures/state-machine-workflow.test.js
 PASS js-fuzzer-loop-f495ca2fc638.js [3166/10000] status=ok obs=c4ca4238a0b9 coverage=+0/32/38 time=2ms
  RUN js-fuzzer-try-catch-398077b2e1d6.js [3167/10000] md5=398077b2e1d6a50d953f7a907c7a061d bytes=110 template=try-catch origin=seed:tests/corpus/fixtures/vue-script-workflow.test.vue
 PASS js-fuzzer-try-catch-398077b2e1d6.js [3167/10000] status=ok obs=6364d3f0f495 coverage=+0/32/38 time=2ms
  RUN js-fuzzer-class-b901915e3eda.js [3168/10000] md5=b901915e3eda1a96f77dcec9fff681b5 bytes=100 template=class origin=seed:tests/corpus/obfuscation/constant-tag-mix.test.js
 PASS js-fuzzer-class-b901915e3eda.js [3168/10000] status=ok obs=c81e728d9d4c coverage=+0/32/38 time=1ms
  RUN js-fuzzer-corpus-fe2d30a6e413.js [3169/10000] md5=fe2d30a6e4139e7a8b52405bed737faa bytes=220 template=corpus origin=tests/corpus/obfuscation/extern-slot-permutation.test.js
 PASS js-fuzzer-corpus-fe2d30a6e413.js [3169/10000] status=ok obs=c34c702d0256 coverage=+0/32/38 time=2ms
  RUN js-fuzzer-function-d9597d28535f.js [3170/10000] md5=d9597d28535fd2b10f5ca10cf87a7bb6 bytes=153 template=function origin=seed:tests/corpus/obfuscation/externs-console.test.js
 PASS js-fuzzer-function-d9597d28535f.js [3170/10000] status=ok obs=6f4922f45568 coverage=+0/32/38 time=2ms
  RUN js-fuzzer-array-object-e1e92eb7cda4.js [3171/10000] md5=e1e92eb7cda4197169c443931bea4c14 bytes=133 template=array-object origin=seed:tests/corpus/obfuscation/seed-sensitive-functions.test.js
 PASS js-fuzzer-array-object-e1e92eb7cda4.js [3171/10000] status=ok obs=aab3238922bc coverage=+0/32/38 time=2ms
  RUN js-fuzzer-boundary-14a05a816d97.js [3172/10000] md5=14a05a816d975afa7654eb06610350d0 bytes=113 template=boundary origin=boundary:2
 PASS js-fuzzer-boundary-14a05a816d97.js [3172/10000] status=ok obs=c81e728d9d4c coverage=+0/32/38 time=1ms
  RUN js-fuzzer-block-scope-05d7f393387e.js [3173/10000] md5=05d7f393387e49ed48ee4ca7d01d714c bytes=114 template=block-scope origin=seed:tests/corpus/regressions/multiple-functions-fib-add.test.js
 PASS js-fuzzer-block-scope-05d7f393387e.js [3173/10000] status=ok obs=6974ce5ac660 coverage=+0/32/38 time=2ms
  RUN js-fuzzer-loop-d35707ad0bf7.js [3174/10000] md5=d35707ad0bf74148f671ad8943998af6 bytes=81 template=loop origin=seed:tests/corpus/regressions/scope-compressed-closure-params.test.js
 PASS js-fuzzer-loop-d35707ad0bf7.js [3174/10000] status=ok obs=9bf31c7ff062 coverage=+0/32/38 time=2ms
  RUN js-fuzzer-try-catch-42a4cfadce42.js [3175/10000] md5=42a4cfadce4239139aa1e7114c2e99a2 bytes=110 template=try-catch origin=seed:tests/corpus/runtime/arrays-objects-methods.test.js
 PASS js-fuzzer-try-catch-42a4cfadce42.js [3175/10000] status=ok obs=19ca14e7ea63 coverage=+0/32/38 time=1ms
  RUN js-fuzzer-class-587587295e00.js [3176/10000] md5=587587295e0075a0a19c4572e53274fe bytes=101 template=class origin=seed:tests/corpus/runtime/block-scopes.test.js
 PASS js-fuzzer-class-587587295e00.js [3176/10000] status=ok obs=1f0e3dad9990 coverage=+0/32/38 time=2ms
  RUN js-fuzzer-arithmetic-8130dbfb7a49.js [3177/10000] md5=8130dbfb7a4933d732bc161bd805897c bytes=84 template=arithmetic origin=seed:tests/corpus/runtime/class-fields-static-methods.test.js
 PASS js-fuzzer-arithmetic-8130dbfb7a49.js [3177/10000] status=ok obs=f457c545a9de coverage=+0/32/38 time=2ms
  RUN js-fuzzer-corpus-663bf83cd082.js [3178/10000] md5=663bf83cd082bd221441dae6bbc85046 bytes=278 template=corpus origin=tests/corpus/runtime/classes-and-objects.test.js
 PASS js-fuzzer-corpus-663bf83cd082.js [3178/10000] status=ok obs=6f4922f45568 coverage=+0/32/38 time=2ms
  RUN js-fuzzer-boundary-ccde2dac26f6.js [3179/10000] md5=ccde2dac26f6d3fd46c3698825685fe3 bytes=113 template=boundary origin=boundary:1
 PASS js-fuzzer-boundary-ccde2dac26f6.js [3179/10000] status=ok obs=c4ca4238a0b9 coverage=+0/32/38 time=1ms
  RUN js-fuzzer-closure-2cc5094ed803.js [3180/10000] md5=2cc5094ed8038532adb80128bac76016 bytes=184 template=closure origin=seed:tests/corpus/runtime/closures-read-captured-values.test.js
 PASS js-fuzzer-closure-2cc5094ed803.js [3180/10000] status=ok obs=6c8349cc7260 coverage=+0/32/38 time=2ms
  RUN js-fuzzer-block-scope-1d9ab3767cf1.js [3181/10000] md5=1d9ab3767cf148e891fa70372f1cba06 bytes=114 template=block-scope origin=seed:tests/corpus/runtime/exceptions-and-nullish.test.js
 PASS js-fuzzer-block-scope-1d9ab3767cf1.js [3181/10000] status=ok obs=65b9eea6e1cc coverage=+0/32/38 time=1ms
  RUN js-fuzzer-loop-b88258462a8d.js [3182/10000] md5=b88258462a8d880f8b0e459fa23b2536 bytes=81 template=loop origin=seed:tests/corpus/runtime/functions-closures-and-arrows.test.js
 PASS js-fuzzer-loop-b88258462a8d.js [3182/10000] status=ok obs=3c59dc048e88 coverage=+0/32/38 time=1ms
  RUN js-fuzzer-try-catch-13abe4d24a2d.js [3183/10000] md5=13abe4d24a2dd7935e11d59d61044cdc bytes=109 template=try-catch origin=seed:tests/corpus/runtime/lexical-shadowing.test.js
 PASS js-fuzzer-try-catch-13abe4d24a2d.js [3183/10000] status=ok obs=c9f0f895fb98 coverage=+0/32/38 time=2ms
  RUN js-fuzzer-class-c0844991889f.js [3184/10000] md5=c0844991889f03308712cd6bc6b7c31c bytes=101 template=class origin=seed:tests/corpus/runtime/modules-export.test.js
 PASS js-fuzzer-class-c0844991889f.js [3184/10000] status=ok obs=70efdf2ec9b0 coverage=+0/32/38 time=1ms
  RUN js-fuzzer-arithmetic-9f8170fc4b54.js [3185/10000] md5=9f8170fc4b54a528d742e10a7ba7c7ca bytes=85 template=arithmetic origin=seed:tests/corpus/runtime/nested-try-finally.test.js
 PASS js-fuzzer-arithmetic-9f8170fc4b54.js [3185/10000] status=ok obs=9766527f2b5d coverage=+0/32/38 time=2ms
  RUN js-fuzzer-boundary-37492c99ff33.js [3186/10000] md5=37492c99ff33e9d5e09e0b8e84ba785a bytes=129 template=boundary origin=boundary:-9007199254740991
 PASS js-fuzzer-boundary-37492c99ff33.js [3186/10000] status=ok obs=b3f3a95848f6 coverage=+0/32/38 time=1ms
  RUN js-fuzzer-corpus-279b64032335.js [3187/10000] md5=279b640323351a1b082b98b42d2a2d55 bytes=134 template=corpus origin=tests/corpus/syntax/logical-unary-nullish.test.js
 PASS js-fuzzer-corpus-279b64032335.js [3187/10000] status=ok obs=45c48cce2e2d coverage=+0/32/38 time=2ms
  RUN js-fuzzer-closure-f48fb35836a2.js [3188/10000] md5=f48fb35836a2c27531ab3f695d8d8be5 bytes=184 template=closure origin=seed:tests/corpus/syntax/object-destructure-and-members.test.js
 PASS js-fuzzer-closure-f48fb35836a2.js [3188/10000] status=ok obs=17e62166fc85 coverage=+0/32/38 time=2ms
  RUN js-fuzzer-block-scope-485fb58c1fad.js [3189/10000] md5=485fb58c1fad4717cf5e978b3f28ce68 bytes=114 template=block-scope origin=seed:tests/corpus/syntax/switch-do-while-sequence.test.js
 PASS js-fuzzer-block-scope-485fb58c1fad.js [3189/10000] status=ok obs=65b9eea6e1cc coverage=+0/32/38 time=2ms
  RUN js-fuzzer-loop-55c7c905bffb.js [3190/10000] md5=55c7c905bffb4bbbc4c8fb9b91df6ad8 bytes=81 template=loop origin=seed:tests/corpus/syntax/template-array-destructure.test.js
 PASS js-fuzzer-loop-55c7c905bffb.js [3190/10000] status=ok obs=eccbc87e4b5c coverage=+0/32/38 time=1ms
  RUN js-fuzzer-try-catch-14bcb064f014.js [3191/10000] md5=14bcb064f014dbe91c2010889dcaa2c0 bytes=110 template=try-catch origin=seed:tests/corpus/syntax/typescript-assertions.test.ts
 PASS js-fuzzer-try-catch-14bcb064f014.js [3191/10000] status=ok obs=c0c7c76d30bd coverage=+0/32/38 time=2ms
  RUN js-fuzzer-class-d8979b510eb0.js [3192/10000] md5=d8979b510eb085c9e0e846586f80f265 bytes=101 template=class origin=seed:tests/corpus/syntax/typescript-non-null-satisfies.test.ts
 PASS js-fuzzer-class-d8979b510eb0.js [3192/10000] status=ok obs=c74d97b01eae coverage=+0/32/38 time=1ms
  RUN js-fuzzer-boundary-205872a6e44c.js [3193/10000] md5=205872a6e44c1ea0cf94554af934fb09 bytes=123 template=boundary origin=boundary:-2147483648
 PASS js-fuzzer-boundary-205872a6e44c.js [3193/10000] status=ok obs=034ff5946105 coverage=+0/32/38 time=2ms
  RUN js-fuzzer-function-134a85d12098.js [3194/10000] md5=134a85d120985077bd24a3a53ac64560 bytes=153 template=function origin=seed:tests/corpus/fixtures/state-machine-workflow.test.js
 PASS js-fuzzer-function-134a85d12098.js [3194/10000] status=ok obs=1679091c5a88 coverage=+0/32/38 time=2ms
  RUN js-fuzzer-array-object-5bc7b7ac8d5b.js [3195/10000] md5=5bc7b7ac8d5baa5ec2b98632a76ed700 bytes=133 template=array-object origin=seed:tests/corpus/fixtures/vue-script-workflow.test.vue
 PASS js-fuzzer-array-object-5bc7b7ac8d5b.js [3195/10000] status=ok obs=d3d9446802a4 coverage=+0/32/38 time=1ms
  RUN js-fuzzer-corpus-f00ef18b0a17.js [3196/10000] md5=f00ef18b0a172b2a2d9833f5b7fe94e2 bytes=199 template=corpus origin=tests/corpus/obfuscation/constant-tag-mix.test.js
 PASS js-fuzzer-corpus-f00ef18b0a17.js [3196/10000] status=ok obs=e86823f38986 coverage=+0/32/38 time=2ms
  RUN js-fuzzer-block-scope-94e52644855f.js [3197/10000] md5=94e52644855fafeeb23684aa653d5db5 bytes=114 template=block-scope origin=seed:tests/corpus/obfuscation/extern-slot-permutation.test.js
 PASS js-fuzzer-block-scope-94e52644855f.js [3197/10000] status=ok obs=2723d092b638 coverage=+0/32/38 time=2ms
  RUN js-fuzzer-loop-bbf1d7a15d8d.js [3198/10000] md5=bbf1d7a15d8dd015402d75c0e0108b5f bytes=81 template=loop origin=seed:tests/corpus/obfuscation/externs-console.test.js
 PASS js-fuzzer-loop-bbf1d7a15d8d.js [3198/10000] status=ok obs=1679091c5a88 coverage=+0/32/38 time=1ms
  RUN js-fuzzer-try-catch-ee30a401530f.js [3199/10000] md5=ee30a401530f819cbc5581e8feb5d305 bytes=110 template=try-catch origin=seed:tests/corpus/obfuscation/seed-sensitive-functions.test.js
 PASS js-fuzzer-try-catch-ee30a401530f.js [3199/10000] status=ok obs=182be0c5cdcd coverage=+0/32/38 time=2ms
  RUN js-fuzzer-boundary-4ae25cb2e150.js [3200/10000] md5=4ae25cb2e15083bfca9f6b81b3f9f24b bytes=114 template=boundary origin=boundary:-2
 PASS js-fuzzer-boundary-4ae25cb2e150.js [3200/10000] status=ok obs=5d7b9adcbe1c coverage=+0/32/38 time=1ms
  RUN js-fuzzer-arithmetic-96a4556faca0.js [3201/10000] md5=96a4556faca03b1dc9252fa087c0149a bytes=83 template=arithmetic origin=seed:tests/corpus/regressions/multiple-functions-fib-add.test.js
 PASS js-fuzzer-arithmetic-96a4556faca0.js [3201/10000] status=ok obs=72b32a1f754b coverage=+0/32/38 time=2ms
  RUN js-fuzzer-function-9a24649f1cae.js [3202/10000] md5=9a24649f1caec2a9716934902cbac103 bytes=153 template=function origin=seed:tests/corpus/regressions/scope-compressed-closure-params.test.js
 PASS js-fuzzer-function-9a24649f1cae.js [3202/10000] status=ok obs=9bf31c7ff062 coverage=+0/32/38 time=2ms
  RUN js-fuzzer-array-object-2227cf1ff567.js [3203/10000] md5=2227cf1ff567c161d9392b776c3f843d bytes=133 template=array-object origin=seed:tests/corpus/runtime/arrays-objects-methods.test.js
 PASS js-fuzzer-array-object-2227cf1ff567.js [3203/10000] status=ok obs=45c48cce2e2d coverage=+0/32/38 time=2ms
  RUN js-fuzzer-closure-1aeaf5107cc9.js [3204/10000] md5=1aeaf5107cc971ab63f428b6657264bc bytes=185 template=closure origin=seed:tests/corpus/runtime/block-scopes.test.js
 PASS js-fuzzer-closure-1aeaf5107cc9.js [3204/10000] status=ok obs=b53b3a3d6ab9 coverage=+0/32/38 time=1ms
  RUN js-fuzzer-corpus-a64e83c2f849.js [3205/10000] md5=a64e83c2f84925dca8985eabe963ee21 bytes=179 template=corpus origin=tests/corpus/runtime/class-fields-static-methods.test.js
 PASS js-fuzzer-corpus-a64e83c2f849.js [3205/10000] status=ok obs=8f14e45fceea coverage=+0/32/38 time=2ms
  RUN js-fuzzer-loop-f495ca2fc638.js [3206/10000] md5=f495ca2fc6389f933578fc501f5b1465 bytes=81 template=loop origin=seed:tests/corpus/runtime/classes-and-objects.test.js
 PASS js-fuzzer-loop-f495ca2fc638.js [3206/10000] status=ok obs=c4ca4238a0b9 coverage=+0/32/38 time=2ms
  RUN js-fuzzer-boundary-1024adcac0e5.js [3207/10000] md5=1024adcac0e5cc9f99f478fa66dcc00c bytes=114 template=boundary origin=boundary:-1
 PASS js-fuzzer-boundary-1024adcac0e5.js [3207/10000] status=ok obs=6bb61e3b7bce coverage=+0/32/38 time=1ms
  RUN js-fuzzer-class-5baf4bed5db4.js [3208/10000] md5=5baf4bed5db4f8205173226efc8fff73 bytes=101 template=class origin=seed:tests/corpus/runtime/closures-read-captured-values.test.js
 PASS js-fuzzer-class-5baf4bed5db4.js [3208/10000] status=ok obs=6f4922f45568 coverage=+0/32/38 time=1ms
  RUN js-fuzzer-arithmetic-1d023b262a4e.js [3209/10000] md5=1d023b262a4eb23f30ff978cb15372ed bytes=83 template=arithmetic origin=seed:tests/corpus/runtime/exceptions-and-nullish.test.js
 PASS js-fuzzer-arithmetic-1d023b262a4e.js [3209/10000] status=ok obs=d67d8ab4f4c1 coverage=+0/32/38 time=2ms
  RUN js-fuzzer-function-d3859b93eee1.js [3210/10000] md5=d3859b93eee1f3bcfec0cda51c4d02bf bytes=153 template=function origin=seed:tests/corpus/runtime/functions-closures-and-arrows.test.js
 PASS js-fuzzer-function-d3859b93eee1.js [3210/10000] status=ok obs=a87ff679a2f3 coverage=+0/32/38 time=1ms
  RUN js-fuzzer-array-object-e1d475337f85.js [3211/10000] md5=e1d475337f8561bff8aba2247934ac68 bytes=133 template=array-object origin=seed:tests/corpus/runtime/lexical-shadowing.test.js
 PASS js-fuzzer-array-object-e1d475337f85.js [3211/10000] status=ok obs=9bf31c7ff062 coverage=+0/32/38 time=2ms
  RUN js-fuzzer-closure-3b94c0a87d76.js [3212/10000] md5=3b94c0a87d767a99e401b7b758837a23 bytes=184 template=closure origin=seed:tests/corpus/runtime/modules-export.test.js
 PASS js-fuzzer-closure-3b94c0a87d76.js [3212/10000] status=ok obs=8e296a067a37 coverage=+0/32/38 time=2ms
  RUN js-fuzzer-block-scope-14bf3d631cf3.js [3213/10000] md5=14bf3d631cf30aa2d4d4297dabc6c7de bytes=114 template=block-scope origin=seed:tests/corpus/runtime/nested-try-finally.test.js
 PASS js-fuzzer-block-scope-14bf3d631cf3.js [3213/10000] status=ok obs=2723d092b638 coverage=+0/32/38 time=1ms
  RUN js-fuzzer-corpus-89e900fcb72f.js [3214/10000] md5=89e900fcb72ff838bfe9a13ae091363f bytes=228 template=corpus origin=tests/corpus/syntax/control-flow-and-operators.test.js
 PASS js-fuzzer-corpus-89e900fcb72f.js [3214/10000] status=ok obs=aab3238922bc coverage=+0/32/38 time=2ms
  RUN js-fuzzer-try-catch-13abe4d24a2d.js [3215/10000] md5=13abe4d24a2dd7935e11d59d61044cdc bytes=109 template=try-catch origin=seed:tests/corpus/syntax/logical-unary-nullish.test.js
 PASS js-fuzzer-try-catch-13abe4d24a2d.js [3215/10000] status=ok obs=c9f0f895fb98 coverage=+0/32/38 time=2ms
  RUN js-fuzzer-class-7c36fc3c0ad4.js [3216/10000] md5=7c36fc3c0ad4461d5dbbcd7afdfb6b5c bytes=101 template=class origin=seed:tests/corpus/syntax/object-destructure-and-members.test.js
 PASS js-fuzzer-class-7c36fc3c0ad4.js [3216/10000] status=ok obs=d3d9446802a4 coverage=+0/32/38 time=1ms
  RUN js-fuzzer-arithmetic-de0bcf0f7483.js [3217/10000] md5=de0bcf0f7483a3f65c086a2c549259d9 bytes=84 template=arithmetic origin=seed:tests/corpus/syntax/switch-do-while-sequence.test.js
 PASS js-fuzzer-arithmetic-de0bcf0f7483.js [3217/10000] status=ok obs=fe9fc289c3ff coverage=+0/32/38 time=2ms
  RUN js-fuzzer-function-88a1a2ce9ecc.js [3218/10000] md5=88a1a2ce9eccc8d7f1092c43da9e0b1f bytes=153 template=function origin=seed:tests/corpus/syntax/template-array-destructure.test.js
 PASS js-fuzzer-function-88a1a2ce9ecc.js [3218/10000] status=ok obs=45c48cce2e2d coverage=+0/32/38 time=2ms
  RUN js-fuzzer-array-object-2394df0f2696.js [3219/10000] md5=2394df0f2696240556840617a9313634 bytes=133 template=array-object origin=seed:tests/corpus/syntax/typescript-assertions.test.ts
 PASS js-fuzzer-array-object-2394df0f2696.js [3219/10000] status=ok obs=c51ce410c124 coverage=+0/32/38 time=2ms
  RUN js-fuzzer-closure-1d51669a369c.js [3220/10000] md5=1d51669a369cf83e5d27e04c94cd7f2c bytes=185 template=closure origin=seed:tests/corpus/syntax/typescript-non-null-satisfies.test.ts
 PASS js-fuzzer-closure-1d51669a369c.js [3220/10000] status=ok obs=f457c545a9de coverage=+0/32/38 time=2ms
  RUN js-fuzzer-boundary-83aee5cf07de.js [3221/10000] md5=83aee5cf07deb9d5ce59aec8aff7a227 bytes=128 template=boundary origin=boundary:9007199254740991
 PASS js-fuzzer-boundary-83aee5cf07de.js [3221/10000] status=ok obs=8bfa9ad090fb coverage=+0/32/38 time=1ms
  RUN js-fuzzer-loop-55c7c905bffb.js [3222/10000] md5=55c7c905bffb4bbbc4c8fb9b91df6ad8 bytes=81 template=loop origin=seed:tests/corpus/fixtures/state-machine-workflow.test.js
 PASS js-fuzzer-loop-55c7c905bffb.js [3222/10000] status=ok obs=eccbc87e4b5c coverage=+0/32/38 time=2ms
  RUN js-fuzzer-corpus-f722388c7961.js [3223/10000] md5=f722388c7961d2a0288508c35f28a5f8 bytes=96 template=corpus origin=tests/corpus/fixtures/vue-script-workflow.test.vue
 PASS js-fuzzer-corpus-f722388c7961.js [3223/10000] status=ok obs=6512bd43d9ca coverage=+0/32/38 time=1ms
  RUN js-fuzzer-class-587587295e00.js [3224/10000] md5=587587295e0075a0a19c4572e53274fe bytes=101 template=class origin=seed:tests/corpus/obfuscation/constant-tag-mix.test.js
 PASS js-fuzzer-class-587587295e00.js [3224/10000] status=ok obs=1f0e3dad9990 coverage=+0/32/38 time=2ms
  RUN js-fuzzer-arithmetic-95f4bb084e3b.js [3225/10000] md5=95f4bb084e3b24f59e8478af4f0f9b27 bytes=85 template=arithmetic origin=seed:tests/corpus/obfuscation/extern-slot-permutation.test.js
 PASS js-fuzzer-arithmetic-95f4bb084e3b.js [3225/10000] status=ok obs=093f65e080a2 coverage=+0/32/38 time=1ms
  RUN js-fuzzer-function-d9597d28535f.js [3226/10000] md5=d9597d28535fd2b10f5ca10cf87a7bb6 bytes=153 template=function origin=seed:tests/corpus/obfuscation/externs-console.test.js
 PASS js-fuzzer-function-d9597d28535f.js [3226/10000] status=ok obs=6f4922f45568 coverage=+0/32/38 time=3ms
  RUN js-fuzzer-array-object-a67598871c45.js [3227/10000] md5=a67598871c45b0fb43a6f36e9310ada7 bytes=133 template=array-object origin=seed:tests/corpus/obfuscation/seed-sensitive-functions.test.js
 PASS js-fuzzer-array-object-a67598871c45.js [3227/10000] status=ok obs=aab3238922bc coverage=+0/32/38 time=1ms
  RUN js-fuzzer-boundary-ac080ee0add8.js [3228/10000] md5=ac080ee0add8a3967f40d078a13e076b bytes=122 template=boundary origin=boundary:2147483647
 PASS js-fuzzer-boundary-ac080ee0add8.js [3228/10000] status=ok obs=c588c0a459f4 coverage=+0/32/38 time=2ms
  RUN js-fuzzer-block-scope-c0d3e0044de4.js [3229/10000] md5=c0d3e0044de4095924c3679950dbac2a bytes=114 template=block-scope origin=seed:tests/corpus/regressions/multiple-functions-fib-add.test.js
 PASS js-fuzzer-block-scope-c0d3e0044de4.js [3229/10000] status=ok obs=ec8956637a99 coverage=+0/32/38 time=1ms
  RUN js-fuzzer-loop-bbf1d7a15d8d.js [3230/10000] md5=bbf1d7a15d8dd015402d75c0e0108b5f bytes=81 template=loop origin=seed:tests/corpus/regressions/scope-compressed-closure-params.test.js
 PASS js-fuzzer-loop-bbf1d7a15d8d.js [3230/10000] status=ok obs=1679091c5a88 coverage=+0/32/38 time=2ms
  RUN js-fuzzer-try-catch-70fffa3518b3.js [3231/10000] md5=70fffa3518b3cd8f92c92fd09e60ecbc bytes=110 template=try-catch origin=seed:tests/corpus/runtime/arrays-objects-methods.test.js
 PASS js-fuzzer-try-catch-70fffa3518b3.js [3231/10000] status=ok obs=a5bfc9e07964 coverage=+0/32/38 time=1ms
  RUN js-fuzzer-corpus-8b78ba7912c5.js [3232/10000] md5=8b78ba7912c51f6cf304b65c6ebdb2e3 bytes=289 template=corpus origin=tests/corpus/runtime/block-scopes.test.js
 PASS js-fuzzer-corpus-8b78ba7912c5.js [3232/10000] status=ok obs=37693cfc7480 coverage=+0/32/38 time=2ms
  RUN js-fuzzer-arithmetic-7ba1b28fa2fb.js [3233/10000] md5=7ba1b28fa2fbee472db4785cca4eb940 bytes=85 template=arithmetic origin=seed:tests/corpus/runtime/class-fields-static-methods.test.js
 PASS js-fuzzer-arithmetic-7ba1b28fa2fb.js [3233/10000] status=ok obs=57aeee35c982 coverage=+0/32/38 time=2ms
  RUN js-fuzzer-function-8c13c976bcff.js [3234/10000] md5=8c13c976bcff676fd4a8e7119e7306e3 bytes=153 template=function origin=seed:tests/corpus/runtime/classes-and-objects.test.js
 PASS js-fuzzer-function-8c13c976bcff.js [3234/10000] status=ok obs=aab3238922bc coverage=+0/32/38 time=2ms
  RUN js-fuzzer-boundary-14a05a816d97.js [3235/10000] md5=14a05a816d975afa7654eb06610350d0 bytes=113 template=boundary origin=boundary:2
 PASS js-fuzzer-boundary-14a05a816d97.js [3235/10000] status=ok obs=c81e728d9d4c coverage=+0/32/38 time=1ms
  RUN js-fuzzer-closure-b7ed14c32c9b.js [3236/10000] md5=b7ed14c32c9bbeb7176c201ccf10300e bytes=183 template=closure origin=seed:tests/corpus/runtime/closures-read-captured-values.test.js
 PASS js-fuzzer-closure-b7ed14c32c9b.js [3236/10000] status=ok obs=8f14e45fceea coverage=+0/32/38 time=2ms
  RUN js-fuzzer-block-scope-311be2c58659.js [3237/10000] md5=311be2c58659ae2ad03e69ef08c4beb9 bytes=115 template=block-scope origin=seed:tests/corpus/runtime/exceptions-and-nullish.test.js
 PASS js-fuzzer-block-scope-311be2c58659.js [3237/10000] status=ok obs=5f93f983524d coverage=+0/32/38 time=2ms
  RUN js-fuzzer-loop-f495ca2fc638.js [3238/10000] md5=f495ca2fc6389f933578fc501f5b1465 bytes=81 template=loop origin=seed:tests/corpus/runtime/functions-closures-and-arrows.test.js
 PASS js-fuzzer-loop-f495ca2fc638.js [3238/10000] status=ok obs=c4ca4238a0b9 coverage=+0/32/38 time=2ms
  RUN js-fuzzer-try-catch-10b006553cce.js [3239/10000] md5=10b006553cced3afac446c8e96bc0d8a bytes=110 template=try-catch origin=seed:tests/corpus/runtime/lexical-shadowing.test.js
 PASS js-fuzzer-try-catch-10b006553cce.js [3239/10000] status=ok obs=8e296a067a37 coverage=+0/32/38 time=1ms
  RUN js-fuzzer-class-b901915e3eda.js [3240/10000] md5=b901915e3eda1a96f77dcec9fff681b5 bytes=100 template=class origin=seed:tests/corpus/runtime/modules-export.test.js
 PASS js-fuzzer-class-b901915e3eda.js [3240/10000] status=ok obs=c81e728d9d4c coverage=+0/32/38 time=2ms
  RUN js-fuzzer-corpus-c557f8da2a9d.js [3241/10000] md5=c557f8da2a9d2904c70dca50c3eeb50e bytes=191 template=corpus origin=tests/corpus/runtime/nested-try-finally.test.js
 PASS js-fuzzer-corpus-c557f8da2a9d.js [3241/10000] status=ok obs=8f14e45fceea coverage=+0/32/38 time=2ms
  RUN js-fuzzer-boundary-ccde2dac26f6.js [3242/10000] md5=ccde2dac26f6d3fd46c3698825685fe3 bytes=113 template=boundary origin=boundary:1
 PASS js-fuzzer-boundary-ccde2dac26f6.js [3242/10000] status=ok obs=c4ca4238a0b9 coverage=+0/32/38 time=1ms
  RUN js-fuzzer-array-object-3e311b2bbaed.js [3243/10000] md5=3e311b2bbaedc995fa72d8b07197cc7b bytes=133 template=array-object origin=seed:tests/corpus/syntax/logical-unary-nullish.test.js
 PASS js-fuzzer-array-object-3e311b2bbaed.js [3243/10000] status=ok obs=c20ad4d76fe9 coverage=+0/32/38 time=2ms
  RUN js-fuzzer-closure-a2d7425f321e.js [3244/10000] md5=a2d7425f321e9162d98a3c1cd4eb5279 bytes=184 template=closure origin=seed:tests/corpus/syntax/object-destructure-and-members.test.js
 PASS js-fuzzer-closure-a2d7425f321e.js [3244/10000] status=ok obs=b53b3a3d6ab9 coverage=+0/32/38 time=1ms
  RUN js-fuzzer-block-scope-14bf3d631cf3.js [3245/10000] md5=14bf3d631cf30aa2d4d4297dabc6c7de bytes=114 template=block-scope origin=seed:tests/corpus/syntax/switch-do-while-sequence.test.js
 PASS js-fuzzer-block-scope-14bf3d631cf3.js [3245/10000] status=ok obs=2723d092b638 coverage=+0/32/38 time=2ms
  RUN js-fuzzer-loop-55c7c905bffb.js [3246/10000] md5=55c7c905bffb4bbbc4c8fb9b91df6ad8 bytes=81 template=loop origin=seed:tests/corpus/syntax/template-array-destructure.test.js
 PASS js-fuzzer-loop-55c7c905bffb.js [3246/10000] status=ok obs=eccbc87e4b5c coverage=+0/32/38 time=2ms
  RUN js-fuzzer-try-catch-394293a01c1f.js [3247/10000] md5=394293a01c1f5412b61d69cb8738d61b bytes=110 template=try-catch origin=seed:tests/corpus/syntax/typescript-assertions.test.ts
 PASS js-fuzzer-try-catch-394293a01c1f.js [3247/10000] status=ok obs=c74d97b01eae coverage=+0/32/38 time=1ms
  RUN js-fuzzer-class-51ea152a707e.js [3248/10000] md5=51ea152a707ed5422ab3e5b3ddb7fe43 bytes=100 template=class origin=seed:tests/corpus/syntax/typescript-non-null-satisfies.test.ts
 PASS js-fuzzer-class-51ea152a707e.js [3248/10000] status=ok obs=e4da3b7fbbce coverage=+0/32/38 time=2ms
  RUN js-fuzzer-boundary-6aec0a9b1ff4.js [3249/10000] md5=6aec0a9b1ff4294bcfecb539ba7e660b bytes=129 template=boundary origin=boundary:-9007199254740991
 PASS js-fuzzer-boundary-6aec0a9b1ff4.js [3249/10000] status=ok obs=b3f3a95848f6 coverage=+0/32/38 time=2ms
  RUN js-fuzzer-corpus-ab8ca4f8757c.js [3250/10000] md5=ab8ca4f8757c6165b29cd6a662edad93 bytes=450 template=corpus origin=tests/corpus/fixtures/state-machine-workflow.test.js
 PASS js-fuzzer-corpus-ab8ca4f8757c.js [3250/10000] status=ok obs=b9f49c580664 coverage=+0/32/38 time=2ms
  RUN js-fuzzer-array-object-1ce47d03a96f.js [3251/10000] md5=1ce47d03a96f0da9f9dec218fa121bd5 bytes=133 template=array-object origin=seed:tests/corpus/fixtures/vue-script-workflow.test.vue
 PASS js-fuzzer-array-object-1ce47d03a96f.js [3251/10000] status=ok obs=98f137082101 coverage=+0/32/38 time=1ms
  RUN js-fuzzer-closure-ac0a91b8373c.js [3252/10000] md5=ac0a91b8373c2d72e1b56509806a48cd bytes=185 template=closure origin=seed:tests/corpus/obfuscation/constant-tag-mix.test.js
 PASS js-fuzzer-closure-ac0a91b8373c.js [3252/10000] status=ok obs=17e62166fc85 coverage=+0/32/38 time=2ms
  RUN js-fuzzer-block-scope-041ad61d2adf.js [3253/10000] md5=041ad61d2adf327a5cb0cee5a2d4512d bytes=114 template=block-scope origin=seed:tests/corpus/obfuscation/extern-slot-permutation.test.js
 PASS js-fuzzer-block-scope-041ad61d2adf.js [3253/10000] status=ok obs=65b9eea6e1cc coverage=+0/32/38 time=1ms
  RUN js-fuzzer-loop-54e460cecf5c.js [3254/10000] md5=54e460cecf5c05dfcffaa3b2e5f57445 bytes=81 template=loop origin=seed:tests/corpus/obfuscation/externs-console.test.js
 PASS js-fuzzer-loop-54e460cecf5c.js [3254/10000] status=ok obs=d3d9446802a4 coverage=+0/32/38 time=2ms
  RUN js-fuzzer-try-catch-a173285175b8.js [3255/10000] md5=a173285175b813cddca62eb427efafd5 bytes=110 template=try-catch origin=seed:tests/corpus/obfuscation/seed-sensitive-functions.test.js
 PASS js-fuzzer-try-catch-a173285175b8.js [3255/10000] status=ok obs=9a1158154dfa coverage=+0/32/38 time=1ms
  RUN js-fuzzer-boundary-4b8e58e2bd3b.js [3256/10000] md5=4b8e58e2bd3bc437f093fe0ab13ce109 bytes=123 template=boundary origin=boundary:-2147483648
 PASS js-fuzzer-boundary-4b8e58e2bd3b.js [3256/10000] status=ok obs=034ff5946105 coverage=+0/32/38 time=2ms
  RUN js-fuzzer-arithmetic-f8e4434c19e5.js [3257/10000] md5=f8e4434c19e5659cbf05592a0a5ffae7 bytes=84 template=arithmetic origin=seed:tests/corpus/regressions/multiple-functions-fib-add.test.js
 PASS js-fuzzer-arithmetic-f8e4434c19e5.js [3257/10000] status=ok obs=202cb962ac59 coverage=+0/32/38 time=2ms
  RUN js-fuzzer-function-e04598e59cc1.js [3258/10000] md5=e04598e59cc109c5f5c20638fe37a892 bytes=153 template=function origin=seed:tests/corpus/regressions/scope-compressed-closure-params.test.js
 PASS js-fuzzer-function-e04598e59cc1.js [3258/10000] status=ok obs=d3d9446802a4 coverage=+0/32/38 time=1ms
  RUN js-fuzzer-corpus-a07012429fce.js [3259/10000] md5=a07012429fce4b4d7c8af42f445f70b9 bytes=163 template=corpus origin=tests/corpus/runtime/arrays-objects-methods.test.js
 PASS js-fuzzer-corpus-a07012429fce.js [3259/10000] status=ok obs=c51ce410c124 coverage=+0/32/38 time=1ms
  RUN js-fuzzer-closure-f4ef0e79ea3a.js [3260/10000] md5=f4ef0e79ea3a45f0a7cc6e77d0fe2fda bytes=183 template=closure origin=seed:tests/corpus/runtime/block-scopes.test.js
 PASS js-fuzzer-closure-f4ef0e79ea3a.js [3260/10000] status=ok obs=8e296a067a37 coverage=+0/32/38 time=2ms
  RUN js-fuzzer-block-scope-efa94059669e.js [3261/10000] md5=efa94059669e708dced2bf48488d1856 bytes=114 template=block-scope origin=seed:tests/corpus/runtime/class-fields-static-methods.test.js
 PASS js-fuzzer-block-scope-efa94059669e.js [3261/10000] status=ok obs=a97da629b098 coverage=+0/32/38 time=1ms
  RUN js-fuzzer-loop-d35707ad0bf7.js [3262/10000] md5=d35707ad0bf74148f671ad8943998af6 bytes=81 template=loop origin=seed:tests/corpus/runtime/classes-and-objects.test.js
 PASS js-fuzzer-loop-d35707ad0bf7.js [3262/10000] status=ok obs=9bf31c7ff062 coverage=+0/32/38 time=2ms
  RUN js-fuzzer-boundary-92df4f5b559a.js [3263/10000] md5=92df4f5b559a550058b4133ffb629932 bytes=114 template=boundary origin=boundary:-2
 PASS js-fuzzer-boundary-92df4f5b559a.js [3263/10000] status=ok obs=5d7b9adcbe1c coverage=+0/32/38 time=2ms
  RUN js-fuzzer-class-d8979b510eb0.js [3264/10000] md5=d8979b510eb085c9e0e846586f80f265 bytes=101 template=class origin=seed:tests/corpus/runtime/closures-read-captured-values.test.js
 PASS js-fuzzer-class-d8979b510eb0.js [3264/10000] status=ok obs=c74d97b01eae coverage=+0/32/38 time=1ms
  RUN js-fuzzer-arithmetic-b5f833782816.js [3265/10000] md5=b5f8337828169298e3185891a27b90b5 bytes=84 template=arithmetic origin=seed:tests/corpus/runtime/exceptions-and-nullish.test.js
 PASS js-fuzzer-arithmetic-b5f833782816.js [3265/10000] status=ok obs=642e92efb794 coverage=+0/32/38 time=2ms
  RUN js-fuzzer-function-0b0d1f5ee746.js [3266/10000] md5=0b0d1f5ee746281ffbedfb7f7f4c45bc bytes=153 template=function origin=seed:tests/corpus/runtime/functions-closures-and-arrows.test.js
 PASS js-fuzzer-function-0b0d1f5ee746.js [3266/10000] status=ok obs=e4da3b7fbbce coverage=+0/32/38 time=1ms
  RUN js-fuzzer-array-object-46cfa64d4b25.js [3267/10000] md5=46cfa64d4b2575fbbf024f56d1c998f0 bytes=133 template=array-object origin=seed:tests/corpus/runtime/lexical-shadowing.test.js
 PASS js-fuzzer-array-object-46cfa64d4b25.js [3267/10000] status=ok obs=c9f0f895fb98 coverage=+0/32/38 time=1ms
  RUN js-fuzzer-corpus-4131d841163b.js [3268/10000] md5=4131d841163b79e192bca9d4fc683c54 bytes=58 template=corpus origin=tests/corpus/runtime/modules-export.test.js
 PASS js-fuzzer-corpus-4131d841163b.js [3268/10000] status=ok obs=8f14e45fceea coverage=+0/32/38 time=2ms
  RUN js-fuzzer-block-scope-718bfc054c61.js [3269/10000] md5=718bfc054c612231e7c0ff47c22e7aaf bytes=114 template=block-scope origin=seed:tests/corpus/runtime/nested-try-finally.test.js
 PASS js-fuzzer-block-scope-718bfc054c61.js [3269/10000] status=ok obs=38b3eff8baf5 coverage=+0/32/38 time=2ms
  RUN js-fuzzer-boundary-7f379f781f4f.js [3270/10000] md5=7f379f781f4f9844733fb0f4c5d8aa15 bytes=114 template=boundary origin=boundary:-1
 PASS js-fuzzer-boundary-7f379f781f4f.js [3270/10000] status=ok obs=6bb61e3b7bce coverage=+0/32/38 time=1ms
  RUN js-fuzzer-try-catch-7cb82b9a3fc9.js [3271/10000] md5=7cb82b9a3fc9743b17b967ebeeaab91b bytes=110 template=try-catch origin=seed:tests/corpus/syntax/logical-unary-nullish.test.js
 PASS js-fuzzer-try-catch-7cb82b9a3fc9.js [3271/10000] status=ok obs=b6d767d2f8ed coverage=+0/32/38 time=2ms
  RUN js-fuzzer-class-769274f77fa6.js [3272/10000] md5=769274f77fa62254ce7e0eb0e3adf7f1 bytes=100 template=class origin=seed:tests/corpus/syntax/object-destructure-and-members.test.js
 PASS js-fuzzer-class-769274f77fa6.js [3272/10000] status=ok obs=c4ca4238a0b9 coverage=+0/32/38 time=1ms
  RUN js-fuzzer-arithmetic-071373fb4052.js [3273/10000] md5=071373fb40526994270d63bdee4d50f3 bytes=84 template=arithmetic origin=seed:tests/corpus/syntax/switch-do-while-sequence.test.js
 PASS js-fuzzer-arithmetic-071373fb4052.js [3273/10000] status=ok obs=ac627ab1ccbd coverage=+0/32/38 time=2ms
  RUN js-fuzzer-function-88a1a2ce9ecc.js [3274/10000] md5=88a1a2ce9eccc8d7f1092c43da9e0b1f bytes=153 template=function origin=seed:tests/corpus/syntax/template-array-destructure.test.js
 PASS js-fuzzer-function-88a1a2ce9ecc.js [3274/10000] status=ok obs=45c48cce2e2d coverage=+0/32/38 time=2ms
  RUN js-fuzzer-array-object-5d9ddd3dd467.js [3275/10000] md5=5d9ddd3dd4674fbcb1877f7839bc8e09 bytes=133 template=array-object origin=seed:tests/corpus/syntax/typescript-assertions.test.ts
 PASS js-fuzzer-array-object-5d9ddd3dd467.js [3275/10000] status=ok obs=6f4922f45568 coverage=+0/32/38 time=1ms
  RUN js-fuzzer-closure-fc6967720cd5.js [3276/10000] md5=fc6967720cd5a97a9e10edb29c0c5f64 bytes=184 template=closure origin=seed:tests/corpus/syntax/typescript-non-null-satisfies.test.ts
 PASS js-fuzzer-closure-fc6967720cd5.js [3276/10000] status=ok obs=c16a5320fa47 coverage=+0/32/38 time=2ms
  RUN js-fuzzer-corpus-797f152bf878.js [3277/10000] md5=797f152bf878d5049066c6db6d2360b3 bytes=355 template=corpus origin=tests/corpus/fixtures/job-workflow.test.js
 PASS js-fuzzer-corpus-797f152bf878.js [3277/10000] status=ok obs=b9de0628c8ec coverage=+0/32/38 time=2ms
  RUN js-fuzzer-loop-54e460cecf5c.js [3278/10000] md5=54e460cecf5c05dfcffaa3b2e5f57445 bytes=81 template=loop origin=seed:tests/corpus/fixtures/state-machine-workflow.test.js
 PASS js-fuzzer-loop-54e460cecf5c.js [3278/10000] status=ok obs=d3d9446802a4 coverage=+0/32/38 time=2ms
  RUN js-fuzzer-try-catch-136d1b3d4ffd.js [3279/10000] md5=136d1b3d4ffdac816022c9faabe622ca bytes=110 template=try-catch origin=seed:tests/corpus/fixtures/vue-script-workflow.test.vue
 PASS js-fuzzer-try-catch-136d1b3d4ffd.js [3279/10000] status=ok obs=9bf31c7ff062 coverage=+0/32/38 time=1ms
  RUN js-fuzzer-class-a35a4dd2f302.js [3280/10000] md5=a35a4dd2f302fda9a0e8d6e2c980c283 bytes=101 template=class origin=seed:tests/corpus/obfuscation/constant-tag-mix.test.js
 PASS js-fuzzer-class-a35a4dd2f302.js [3280/10000] status=ok obs=9bf31c7ff062 coverage=+0/32/38 time=2ms
  RUN js-fuzzer-arithmetic-6d94f2d55d7d.js [3281/10000] md5=6d94f2d55d7d42eb066c196896993ea0 bytes=85 template=arithmetic origin=seed:tests/corpus/obfuscation/extern-slot-permutation.test.js
 PASS js-fuzzer-arithmetic-6d94f2d55d7d.js [3281/10000] status=ok obs=6364d3f0f495 coverage=+0/32/38 time=1ms
  RUN js-fuzzer-function-59a47c73ec30.js [3282/10000] md5=59a47c73ec3039d5b72e8af0d1e410de bytes=153 template=function origin=seed:tests/corpus/obfuscation/externs-console.test.js
 PASS js-fuzzer-function-59a47c73ec30.js [3282/10000] status=ok obs=8f14e45fceea coverage=+0/32/38 time=2ms
  RUN js-fuzzer-array-object-efada56860b8.js [3283/10000] md5=efada56860b855b56bd6b7a5fecfd1ea bytes=133 template=array-object origin=seed:tests/corpus/obfuscation/seed-sensitive-functions.test.js
 PASS js-fuzzer-array-object-efada56860b8.js [3283/10000] status=ok obs=9bf31c7ff062 coverage=+0/32/38 time=2ms
  RUN js-fuzzer-boundary-83aee5cf07de.js [3284/10000] md5=83aee5cf07deb9d5ce59aec8aff7a227 bytes=128 template=boundary origin=boundary:9007199254740991
 PASS js-fuzzer-boundary-83aee5cf07de.js [3284/10000] status=ok obs=8bfa9ad090fb coverage=+0/32/38 time=1ms
  RUN js-fuzzer-block-scope-44cafb6befe2.js [3285/10000] md5=44cafb6befe24e59679ce6282a34c7e0 bytes=114 template=block-scope origin=seed:tests/corpus/regressions/multiple-functions-fib-add.test.js
 PASS js-fuzzer-block-scope-44cafb6befe2.js [3285/10000] status=ok obs=a97da629b098 coverage=+0/32/38 time=2ms
  RUN js-fuzzer-corpus-c28cfb056309.js [3286/10000] md5=c28cfb056309f2a77f8bd9756b123c54 bytes=147 template=corpus origin=tests/corpus/regressions/scope-compressed-closure-params.test.js
 PASS js-fuzzer-corpus-c28cfb056309.js [3286/10000] status=ok obs=c51ce410c124 coverage=+0/32/38 time=2ms
  RUN js-fuzzer-try-catch-136d1b3d4ffd.js [3287/10000] md5=136d1b3d4ffdac816022c9faabe622ca bytes=110 template=try-catch origin=seed:tests/corpus/runtime/arrays-objects-methods.test.js
 PASS js-fuzzer-try-catch-136d1b3d4ffd.js [3287/10000] status=ok obs=9bf31c7ff062 coverage=+0/32/38 time=2ms
  RUN js-fuzzer-class-f454a055ed5d.js [3288/10000] md5=f454a055ed5dc800cb1ab66abc7a01de bytes=100 template=class origin=seed:tests/corpus/runtime/block-scopes.test.js
 PASS js-fuzzer-class-f454a055ed5d.js [3288/10000] status=ok obs=a87ff679a2f3 coverage=+0/32/38 time=1ms
  RUN js-fuzzer-arithmetic-12d24da8ed25.js [3289/10000] md5=12d24da8ed25bdf3bcf2be6a2033149f bytes=84 template=arithmetic origin=seed:tests/corpus/runtime/class-fields-static-methods.test.js
 PASS js-fuzzer-arithmetic-12d24da8ed25.js [3289/10000] status=ok obs=cfecdb276f63 coverage=+0/32/38 time=2ms
  RUN js-fuzzer-function-79bb4335938d.js [3290/10000] md5=79bb4335938d82d557d11e6633b235d0 bytes=153 template=function origin=seed:tests/corpus/runtime/classes-and-objects.test.js
 PASS js-fuzzer-function-79bb4335938d.js [3290/10000] status=ok obs=6512bd43d9ca coverage=+0/32/38 time=2ms
  RUN js-fuzzer-boundary-86f8354fc6fd.js [3291/10000] md5=86f8354fc6fd092b05683bbf230dc769 bytes=122 template=boundary origin=boundary:2147483647
 PASS js-fuzzer-boundary-86f8354fc6fd.js [3291/10000] status=ok obs=c588c0a459f4 coverage=+0/32/38 time=1ms
  RUN js-fuzzer-closure-43191f7eb0a5.js [3292/10000] md5=43191f7eb0a5ebeb59531ab4b7fee7f4 bytes=185 template=closure origin=seed:tests/corpus/runtime/closures-read-captured-values.test.js
 PASS js-fuzzer-closure-43191f7eb0a5.js [3292/10000] status=ok obs=d2ddea18f006 coverage=+0/32/38 time=2ms
  RUN js-fuzzer-block-scope-654da4f66cd2.js [3293/10000] md5=654da4f66cd283db628a26cffa0b8c34 bytes=115 template=block-scope origin=seed:tests/corpus/runtime/exceptions-and-nullish.test.js
 PASS js-fuzzer-block-scope-654da4f66cd2.js [3293/10000] status=ok obs=5f93f983524d coverage=+0/32/38 time=2ms
  RUN js-fuzzer-loop-f495ca2fc638.js [3294/10000] md5=f495ca2fc6389f933578fc501f5b1465 bytes=81 template=loop origin=seed:tests/corpus/runtime/functions-closures-and-arrows.test.js
 PASS js-fuzzer-loop-f495ca2fc638.js [3294/10000] status=ok obs=c4ca4238a0b9 coverage=+0/32/38 time=1ms
  RUN js-fuzzer-corpus-463d4dee8a1f.js [3295/10000] md5=463d4dee8a1f930fa8af57a704cacf3e bytes=232 template=corpus origin=tests/corpus/runtime/lexical-shadowing.test.js
 PASS js-fuzzer-corpus-463d4dee8a1f.js [3295/10000] status=ok obs=c51ce410c124 coverage=+0/32/38 time=2ms
  RUN js-fuzzer-class-c6bbe0a63455.js [3296/10000] md5=c6bbe0a634559d18fa82cf0c9a421610 bytes=100 template=class origin=seed:tests/corpus/runtime/modules-export.test.js
 PASS js-fuzzer-class-c6bbe0a63455.js [3296/10000] status=ok obs=1679091c5a88 coverage=+0/32/38 time=1ms
  RUN js-fuzzer-arithmetic-2652cbb64a75.js [3297/10000] md5=2652cbb64a7523bab08e5e4618279558 bytes=84 template=arithmetic origin=seed:tests/corpus/runtime/nested-try-finally.test.js
 PASS js-fuzzer-arithmetic-2652cbb64a75.js [3297/10000] status=ok obs=13fe9d84310e coverage=+0/32/38 time=1ms
  RUN js-fuzzer-boundary-85faf3787c26.js [3298/10000] md5=85faf3787c26ca3bad9215a544873988 bytes=113 template=boundary origin=boundary:2
 PASS js-fuzzer-boundary-85faf3787c26.js [3298/10000] status=ok obs=c81e728d9d4c coverage=+0/32/38 time=2ms
  RUN js-fuzzer-array-object-6fd309c2e95a.js [3299/10000] md5=6fd309c2e95a610edae0227a44be5a5c bytes=133 template=array-object origin=seed:tests/corpus/syntax/logical-unary-nullish.test.js
 PASS js-fuzzer-array-object-6fd309c2e95a.js [3299/10000] status=ok obs=c20ad4d76fe9 coverage=+0/32/38 time=1ms
  RUN js-fuzzer-closure-2c8623f98625.js [3300/10000] md5=2c8623f98625d789c4e2aae81865e430 bytes=183 template=closure origin=seed:tests/corpus/syntax/object-destructure-and-members.test.js
 PASS js-fuzzer-closure-2c8623f98625.js [3300/10000] status=ok obs=c51ce410c124 coverage=+0/32/38 time=2ms
  RUN js-fuzzer-block-scope-6d5622402d9f.js [3301/10000] md5=6d5622402d9f5f5597641dbccb91e5f0 bytes=114 template=block-scope origin=seed:tests/corpus/syntax/switch-do-while-sequence.test.js
 PASS js-fuzzer-block-scope-6d5622402d9f.js [3301/10000] status=ok obs=6974ce5ac660 coverage=+0/32/38 time=2ms
  RUN js-fuzzer-loop-bbf1d7a15d8d.js [3302/10000] md5=bbf1d7a15d8dd015402d75c0e0108b5f bytes=81 template=loop origin=seed:tests/corpus/syntax/template-array-destructure.test.js
 PASS js-fuzzer-loop-bbf1d7a15d8d.js [3302/10000] status=ok obs=1679091c5a88 coverage=+0/32/38 time=1ms
  RUN js-fuzzer-try-catch-02a6aedaa978.js [3303/10000] md5=02a6aedaa97879d59ffd66c80df1d065 bytes=109 template=try-catch origin=seed:tests/corpus/syntax/typescript-assertions.test.ts
 PASS js-fuzzer-try-catch-02a6aedaa978.js [3303/10000] status=ok obs=e4da3b7fbbce coverage=+0/32/38 time=2ms
  RUN js-fuzzer-corpus-e3eeaea0f8a2.js [3304/10000] md5=e3eeaea0f8a2c5d5b650d4007cf78b4a bytes=104 template=corpus origin=tests/corpus/syntax/typescript-non-null-satisfies.test.ts
 PASS js-fuzzer-corpus-e3eeaea0f8a2.js [3304/10000] status=ok obs=d3d9446802a4 coverage=+0/32/38 time=2ms
  RUN js-fuzzer-boundary-a6a77cc918cc.js [3305/10000] md5=a6a77cc918cc479b04ccb7be2bd80dac bytes=113 template=boundary origin=boundary:1
 PASS js-fuzzer-boundary-a6a77cc918cc.js [3305/10000] status=ok obs=c4ca4238a0b9 coverage=+0/32/38 time=1ms
  RUN js-fuzzer-function-4b9684ea9e29.js [3306/10000] md5=4b9684ea9e291ddb6515f98bf0c93905 bytes=153 template=function origin=seed:tests/corpus/fixtures/state-machine-workflow.test.js
 PASS js-fuzzer-function-4b9684ea9e29.js [3306/10000] status=ok obs=eccbc87e4b5c coverage=+0/32/38 time=2ms
  RUN js-fuzzer-array-object-e060f4085424.js [3307/10000] md5=e060f4085424a409776793ab3cd29b1c bytes=133 template=array-object origin=seed:tests/corpus/fixtures/vue-script-workflow.test.vue
 PASS js-fuzzer-array-object-e060f4085424.js [3307/10000] status=ok obs=6512bd43d9ca coverage=+0/32/38 time=2ms
  RUN js-fuzzer-closure-f4ef0e79ea3a.js [3308/10000] md5=f4ef0e79ea3a45f0a7cc6e77d0fe2fda bytes=183 template=closure origin=seed:tests/corpus/obfuscation/constant-tag-mix.test.js
 PASS js-fuzzer-closure-f4ef0e79ea3a.js [3308/10000] status=ok obs=8e296a067a37 coverage=+0/32/38 time=1ms
  RUN js-fuzzer-block-scope-8aaa483675b3.js [3309/10000] md5=8aaa483675b368db5813ee90004aac25 bytes=114 template=block-scope origin=seed:tests/corpus/obfuscation/extern-slot-permutation.test.js
 PASS js-fuzzer-block-scope-8aaa483675b3.js [3309/10000] status=ok obs=6974ce5ac660 coverage=+0/32/38 time=2ms
  RUN js-fuzzer-loop-b88258462a8d.js [3310/10000] md5=b88258462a8d880f8b0e459fa23b2536 bytes=81 template=loop origin=seed:tests/corpus/obfuscation/externs-console.test.js
 PASS js-fuzzer-loop-b88258462a8d.js [3310/10000] status=ok obs=3c59dc048e88 coverage=+0/32/38 time=2ms
  RUN js-fuzzer-try-catch-02a6aedaa978.js [3311/10000] md5=02a6aedaa97879d59ffd66c80df1d065 bytes=109 template=try-catch origin=seed:tests/corpus/obfuscation/seed-sensitive-functions.test.js
 PASS js-fuzzer-try-catch-02a6aedaa978.js [3311/10000] status=ok obs=e4da3b7fbbce coverage=+0/32/38 time=1ms
  RUN js-fuzzer-boundary-6aec0a9b1ff4.js [3312/10000] md5=6aec0a9b1ff4294bcfecb539ba7e660b bytes=129 template=boundary origin=boundary:-9007199254740991
 PASS js-fuzzer-boundary-6aec0a9b1ff4.js [3312/10000] status=ok obs=b3f3a95848f6 coverage=+0/32/38 time=2ms
  RUN js-fuzzer-corpus-ad9ed8746461.js [3313/10000] md5=ad9ed87464611c6dd81b04b3754c760c bytes=214 template=corpus origin=tests/corpus/regressions/multiple-functions-fib-add.test.js
 PASS js-fuzzer-corpus-ad9ed8746461.js [3313/10000] status=ok obs=3c59dc048e88 coverage=+0/32/38 time=2ms
  RUN js-fuzzer-function-8a3820bf6e52.js [3314/10000] md5=8a3820bf6e52dcab1a0437ab7872cf6a bytes=153 template=function origin=seed:tests/corpus/regressions/scope-compressed-closure-params.test.js
 PASS js-fuzzer-function-8a3820bf6e52.js [3314/10000] status=ok obs=a87ff679a2f3 coverage=+0/32/38 time=2ms
  RUN js-fuzzer-array-object-2a37765ceff9.js [3315/10000] md5=2a37765ceff96b503677840d2747b599 bytes=133 template=array-object origin=seed:tests/corpus/runtime/arrays-objects-methods.test.js
 PASS js-fuzzer-array-object-2a37765ceff9.js [3315/10000] status=ok obs=9bf31c7ff062 coverage=+0/32/38 time=1ms
  RUN js-fuzzer-closure-346193d76c08.js [3316/10000] md5=346193d76c081acbdf9227f699ef03bf bytes=184 template=closure origin=seed:tests/corpus/runtime/block-scopes.test.js
 PASS js-fuzzer-closure-346193d76c08.js [3316/10000] status=ok obs=735b90b45681 coverage=+0/32/38 time=2ms
  RUN js-fuzzer-block-scope-abe4791afcdb.js [3317/10000] md5=abe4791afcdb021f11eb2a51d3daa235 bytes=114 template=block-scope origin=seed:tests/corpus/runtime/class-fields-static-methods.test.js
 PASS js-fuzzer-block-scope-abe4791afcdb.js [3317/10000] status=ok obs=a3c65c297427 coverage=+0/32/38 time=2ms
  RUN js-fuzzer-loop-d35707ad0bf7.js [3318/10000] md5=d35707ad0bf74148f671ad8943998af6 bytes=81 template=loop origin=seed:tests/corpus/runtime/classes-and-objects.test.js
 PASS js-fuzzer-loop-d35707ad0bf7.js [3318/10000] status=ok obs=9bf31c7ff062 coverage=+0/32/38 time=1ms
  RUN js-fuzzer-boundary-512d8e9b531d.js [3319/10000] md5=512d8e9b531dd316e823325cc949e70e bytes=123 template=boundary origin=boundary:-2147483648
 PASS js-fuzzer-boundary-512d8e9b531d.js [3319/10000] status=ok obs=034ff5946105 coverage=+0/32/38 time=2ms
  RUN js-fuzzer-class-b901915e3eda.js [3320/10000] md5=b901915e3eda1a96f77dcec9fff681b5 bytes=100 template=class origin=seed:tests/corpus/runtime/closures-read-captured-values.test.js
 PASS js-fuzzer-class-b901915e3eda.js [3320/10000] status=ok obs=c81e728d9d4c coverage=+0/32/38 time=2ms
  RUN js-fuzzer-arithmetic-ffb4f3be2759.js [3321/10000] md5=ffb4f3be275984186c308aed4c0e560c bytes=85 template=arithmetic origin=seed:tests/corpus/runtime/exceptions-and-nullish.test.js
 PASS js-fuzzer-arithmetic-ffb4f3be2759.js [3321/10000] status=ok obs=2b44928ae11f coverage=+0/32/38 time=1ms
  RUN js-fuzzer-corpus-72746d071c58.js [3322/10000] md5=72746d071c58fadd9399bc8934c30553 bytes=197 template=corpus origin=tests/corpus/runtime/functions-closures-and-arrows.test.js
 PASS js-fuzzer-corpus-72746d071c58.js [3322/10000] status=ok obs=c74d97b01eae coverage=+0/32/38 time=2ms
  RUN js-fuzzer-array-object-d1520c7b0001.js [3323/10000] md5=d1520c7b0001c3a57d8905e2ceda5f2f bytes=133 template=array-object origin=seed:tests/corpus/runtime/lexical-shadowing.test.js
 PASS js-fuzzer-array-object-d1520c7b0001.js [3323/10000] status=ok obs=98f137082101 coverage=+0/32/38 time=1ms
  RUN js-fuzzer-closure-60e11df9decb.js [3324/10000] md5=60e11df9decb8163c19ec38a3b1ddd27 bytes=183 template=closure origin=seed:tests/corpus/runtime/modules-export.test.js
 PASS js-fuzzer-closure-60e11df9decb.js [3324/10000] status=ok obs=8e296a067a37 coverage=+0/32/38 time=1ms
  RUN js-fuzzer-block-scope-11fb617d5900.js [3325/10000] md5=11fb617d590029dda70331908604740a bytes=114 template=block-scope origin=seed:tests/corpus/runtime/nested-try-finally.test.js
 PASS js-fuzzer-block-scope-11fb617d5900.js [3325/10000] status=ok obs=65b9eea6e1cc coverage=+0/32/38 time=2ms
  RUN js-fuzzer-boundary-db03eeac3914.js [3326/10000] md5=db03eeac3914e8f0a7bfea9eefe9f0de bytes=114 template=boundary origin=boundary:-2
 PASS js-fuzzer-boundary-db03eeac3914.js [3326/10000] status=ok obs=5d7b9adcbe1c coverage=+0/32/38 time=1ms
  RUN js-fuzzer-try-catch-8d9c7d254dda.js [3327/10000] md5=8d9c7d254ddaafdc283e844d5d9a6231 bytes=109 template=try-catch origin=seed:tests/corpus/syntax/logical-unary-nullish.test.js
 PASS js-fuzzer-try-catch-8d9c7d254dda.js [3327/10000] status=ok obs=a87ff679a2f3 coverage=+0/32/38 time=2ms
  RUN js-fuzzer-class-b901915e3eda.js [3328/10000] md5=b901915e3eda1a96f77dcec9fff681b5 bytes=100 template=class origin=seed:tests/corpus/syntax/object-destructure-and-members.test.js
 PASS js-fuzzer-class-b901915e3eda.js [3328/10000] status=ok obs=c81e728d9d4c coverage=+0/32/38 time=2ms
  RUN js-fuzzer-arithmetic-1f1bdfac940e.js [3329/10000] md5=1f1bdfac940e908e5fa6505b93082369 bytes=84 template=arithmetic origin=seed:tests/corpus/syntax/switch-do-while-sequence.test.js
 PASS js-fuzzer-arithmetic-1f1bdfac940e.js [3329/10000] status=ok obs=e4a6222cdb5b coverage=+0/32/38 time=1ms
  RUN js-fuzzer-function-88a1a2ce9ecc.js [3330/10000] md5=88a1a2ce9eccc8d7f1092c43da9e0b1f bytes=153 template=function origin=seed:tests/corpus/syntax/template-array-destructure.test.js
 PASS js-fuzzer-function-88a1a2ce9ecc.js [3330/10000] status=ok obs=45c48cce2e2d coverage=+0/32/38 time=2ms
  RUN js-fuzzer-corpus-57a83a4b020d.js [3331/10000] md5=57a83a4b020d4b85b42b0a3709f283ad bytes=130 template=corpus origin=tests/corpus/syntax/typescript-assertions.test.ts
 PASS js-fuzzer-corpus-57a83a4b020d.js [3331/10000] status=ok obs=45c48cce2e2d coverage=+0/32/38 time=2ms
  RUN js-fuzzer-closure-cfb091bace57.js [3332/10000] md5=cfb091bace57530db9ad0aba7c9be25d bytes=185 template=closure origin=seed:tests/corpus/syntax/typescript-non-null-satisfies.test.ts
 PASS js-fuzzer-closure-cfb091bace57.js [3332/10000] status=ok obs=e2c420d928d4 coverage=+0/32/38 time=1ms
  RUN js-fuzzer-boundary-1024adcac0e5.js [3333/10000] md5=1024adcac0e5cc9f99f478fa66dcc00c bytes=114 template=boundary origin=boundary:-1
 PASS js-fuzzer-boundary-1024adcac0e5.js [3333/10000] status=ok obs=6bb61e3b7bce coverage=+0/32/38 time=1ms
  RUN js-fuzzer-loop-54e460cecf5c.js [3334/10000] md5=54e460cecf5c05dfcffaa3b2e5f57445 bytes=81 template=loop origin=seed:tests/corpus/fixtures/state-machine-workflow.test.js
 PASS js-fuzzer-loop-54e460cecf5c.js [3334/10000] status=ok obs=d3d9446802a4 coverage=+0/32/38 time=2ms
  RUN js-fuzzer-try-catch-dd0b1ef9b53e.js [3335/10000] md5=dd0b1ef9b53e3ee92bf7cc86c8d4101e bytes=110 template=try-catch origin=seed:tests/corpus/fixtures/vue-script-workflow.test.vue
 PASS js-fuzzer-try-catch-dd0b1ef9b53e.js [3335/10000] status=ok obs=642e92efb794 coverage=+0/32/38 time=1ms
  RUN js-fuzzer-class-d2b3669b495d.js [3336/10000] md5=d2b3669b495dd4792f9e1509f2bbf8a7 bytes=100 template=class origin=seed:tests/corpus/obfuscation/constant-tag-mix.test.js
 PASS js-fuzzer-class-d2b3669b495d.js [3336/10000] status=ok obs=eccbc87e4b5c coverage=+0/32/38 time=2ms
  RUN js-fuzzer-arithmetic-05bed701d3d4.js [3337/10000] md5=05bed701d3d4a7c67b9b8df252936d9a bytes=84 template=arithmetic origin=seed:tests/corpus/obfuscation/extern-slot-permutation.test.js
 PASS js-fuzzer-arithmetic-05bed701d3d4.js [3337/10000] status=ok obs=6c4b761a28b7 coverage=+0/32/38 time=2ms
  RUN js-fuzzer-function-805986a3b478.js [3338/10000] md5=805986a3b4784e72cf43592e25340692 bytes=153 template=function origin=seed:tests/corpus/obfuscation/externs-console.test.js
 PASS js-fuzzer-function-805986a3b478.js [3338/10000] status=ok obs=c51ce410c124 coverage=+0/32/38 time=2ms
  RUN js-fuzzer-array-object-ab6edf5d2f08.js [3339/10000] md5=ab6edf5d2f08e57a5bec09d803eee867 bytes=133 template=array-object origin=seed:tests/corpus/obfuscation/seed-sensitive-functions.test.js
 PASS js-fuzzer-array-object-ab6edf5d2f08.js [3339/10000] status=ok obs=aab3238922bc coverage=+0/32/38 time=1ms
  RUN js-fuzzer-corpus-79643e915862.js [3340/10000] md5=79643e91586251700d34c0c65a0220da bytes=89 template=corpus origin=tests/corpus/regressions/destructuring-lowers-to-member.test.js
 PASS js-fuzzer-corpus-79643e915862.js [3340/10000] status=ok obs=eccbc87e4b5c coverage=+0/32/38 time=2ms
  RUN js-fuzzer-block-scope-c359e2a72db2.js [3341/10000] md5=c359e2a72db2be0cf03b8eeda102b704 bytes=114 template=block-scope origin=seed:tests/corpus/regressions/multiple-functions-fib-add.test.js
 PASS js-fuzzer-block-scope-c359e2a72db2.js [3341/10000] status=ok obs=c9e1074f5b3f coverage=+0/32/38 time=1ms
  RUN js-fuzzer-loop-bbf1d7a15d8d.js [3342/10000] md5=bbf1d7a15d8dd015402d75c0e0108b5f bytes=81 template=loop origin=seed:tests/corpus/regressions/scope-compressed-closure-params.test.js
 PASS js-fuzzer-loop-bbf1d7a15d8d.js [3342/10000] status=ok obs=1679091c5a88 coverage=+0/32/38 time=2ms
  RUN js-fuzzer-try-catch-8d9c7d254dda.js [3343/10000] md5=8d9c7d254ddaafdc283e844d5d9a6231 bytes=109 template=try-catch origin=seed:tests/corpus/runtime/arrays-objects-methods.test.js
 PASS js-fuzzer-try-catch-8d9c7d254dda.js [3343/10000] status=ok obs=a87ff679a2f3 coverage=+0/32/38 time=1ms
  RUN js-fuzzer-class-6736c24444bc.js [3344/10000] md5=6736c24444bc6ff151b05a9a974ae4d5 bytes=100 template=class origin=seed:tests/corpus/runtime/block-scopes.test.js
 PASS js-fuzzer-class-6736c24444bc.js [3344/10000] status=ok obs=45c48cce2e2d coverage=+0/32/38 time=1ms
  RUN js-fuzzer-arithmetic-cb654fdeb0a2.js [3345/10000] md5=cb654fdeb0a22a7c16e955a38e1b842d bytes=85 template=arithmetic origin=seed:tests/corpus/runtime/class-fields-static-methods.test.js
 PASS js-fuzzer-arithmetic-cb654fdeb0a2.js [3345/10000] status=ok obs=1c9ac0159c94 coverage=+0/32/38 time=2ms
  RUN js-fuzzer-function-f172d914fe2f.js [3346/10000] md5=f172d914fe2f2d124fd9ee51d2714545 bytes=153 template=function origin=seed:tests/corpus/runtime/classes-and-objects.test.js
 PASS js-fuzzer-function-f172d914fe2f.js [3346/10000] status=ok obs=c9f0f895fb98 coverage=+0/32/38 time=1ms
  RUN js-fuzzer-boundary-6330cdecf02f.js [3347/10000] md5=6330cdecf02f68328876d88213acc2ac bytes=128 template=boundary origin=boundary:9007199254740991
 PASS js-fuzzer-boundary-6330cdecf02f.js [3347/10000] status=ok obs=8bfa9ad090fb coverage=+0/32/38 time=2ms
  RUN js-fuzzer-closure-ead8940d2d15.js [3348/10000] md5=ead8940d2d15dfa8fad428e46baaedd0 bytes=184 template=closure origin=seed:tests/corpus/runtime/closures-read-captured-values.test.js
 PASS js-fuzzer-closure-ead8940d2d15.js [3348/10000] status=ok obs=3416a75f4cea coverage=+0/32/38 time=2ms
  RUN js-fuzzer-corpus-cf8fb96e8476.js [3349/10000] md5=cf8fb96e8476c262b73583c86dd80821 bytes=178 template=corpus origin=tests/corpus/runtime/exceptions-and-nullish.test.js
 PASS js-fuzzer-corpus-cf8fb96e8476.js [3349/10000] status=ok obs=24ed5e8718fc coverage=+0/32/38 time=2ms
  RUN js-fuzzer-loop-54e460cecf5c.js [3350/10000] md5=54e460cecf5c05dfcffaa3b2e5f57445 bytes=81 template=loop origin=seed:tests/corpus/runtime/functions-closures-and-arrows.test.js
 PASS js-fuzzer-loop-54e460cecf5c.js [3350/10000] status=ok obs=d3d9446802a4 coverage=+0/32/38 time=1ms
  RUN js-fuzzer-try-catch-47becaf372c3.js [3351/10000] md5=47becaf372c34523cd2fbacf2b53d016 bytes=110 template=try-catch origin=seed:tests/corpus/runtime/lexical-shadowing.test.js
 PASS js-fuzzer-try-catch-47becaf372c3.js [3351/10000] status=ok obs=02e74f10e032 coverage=+0/32/38 time=2ms
  RUN js-fuzzer-class-d8979b510eb0.js [3352/10000] md5=d8979b510eb085c9e0e846586f80f265 bytes=101 template=class origin=seed:tests/corpus/runtime/modules-export.test.js
 PASS js-fuzzer-class-d8979b510eb0.js [3352/10000] status=ok obs=c74d97b01eae coverage=+0/32/38 time=1ms
  RUN js-fuzzer-arithmetic-ae82d6946bc1.js [3353/10000] md5=ae82d6946bc19cd6a40aa346efbfaf6e bytes=85 template=arithmetic origin=seed:tests/corpus/runtime/nested-try-finally.test.js
 PASS js-fuzzer-arithmetic-ae82d6946bc1.js [3353/10000] status=ok obs=c52f1bd66cc1 coverage=+0/32/38 time=2ms
  RUN js-fuzzer-boundary-86f8354fc6fd.js [3354/10000] md5=86f8354fc6fd092b05683bbf230dc769 bytes=122 template=boundary origin=boundary:2147483647
 PASS js-fuzzer-boundary-86f8354fc6fd.js [3354/10000] status=ok obs=c588c0a459f4 coverage=+0/32/38 time=1ms
  RUN js-fuzzer-array-object-e7dd652c7dab.js [3355/10000] md5=e7dd652c7dab83ff82b31ccb86b07842 bytes=133 template=array-object origin=seed:tests/corpus/syntax/logical-unary-nullish.test.js
 PASS js-fuzzer-array-object-e7dd652c7dab.js [3355/10000] status=ok obs=70efdf2ec9b0 coverage=+0/32/38 time=1ms
  RUN js-fuzzer-closure-32a8ddffde70.js [3356/10000] md5=32a8ddffde709f3a7a4d74c4616eae77 bytes=184 template=closure origin=seed:tests/corpus/syntax/object-destructure-and-members.test.js
 PASS js-fuzzer-closure-32a8ddffde70.js [3356/10000] status=ok obs=d82c8d1619ad coverage=+0/32/38 time=2ms
  RUN js-fuzzer-block-scope-311be2c58659.js [3357/10000] md5=311be2c58659ae2ad03e69ef08c4beb9 bytes=115 template=block-scope origin=seed:tests/corpus/syntax/switch-do-while-sequence.test.js
 PASS js-fuzzer-block-scope-311be2c58659.js [3357/10000] status=ok obs=5f93f983524d coverage=+0/32/38 time=1ms
  RUN js-fuzzer-corpus-ff388659a641.js [3358/10000] md5=ff388659a6419d1e6e01ce4e7151a52e bytes=135 template=corpus origin=tests/corpus/syntax/template-array-destructure.test.js
 PASS js-fuzzer-corpus-ff388659a641.js [3358/10000] status=ok obs=f61c9a8be43c coverage=+0/32/38 time=2ms
  RUN js-fuzzer-try-catch-7b36a94abb6d.js [3359/10000] md5=7b36a94abb6ddf002e9dd3f3d3a0cea5 bytes=110 template=try-catch origin=seed:tests/corpus/syntax/typescript-assertions.test.ts
 PASS js-fuzzer-try-catch-7b36a94abb6d.js [3359/10000] status=ok obs=37693cfc7480 coverage=+0/32/38 time=2ms
  RUN js-fuzzer-class-769274f77fa6.js [3360/10000] md5=769274f77fa62254ce7e0eb0e3adf7f1 bytes=100 template=class origin=seed:tests/corpus/syntax/typescript-non-null-satisfies.test.ts
 PASS js-fuzzer-class-769274f77fa6.js [3360/10000] status=ok obs=c4ca4238a0b9 coverage=+0/32/38 time=1ms
  RUN js-fuzzer-boundary-14a05a816d97.js [3361/10000] md5=14a05a816d975afa7654eb06610350d0 bytes=113 template=boundary origin=boundary:2
 PASS js-fuzzer-boundary-14a05a816d97.js [3361/10000] status=ok obs=c81e728d9d4c coverage=+0/32/38 time=2ms
  RUN js-fuzzer-function-297962b584b2.js [3362/10000] md5=297962b584b2139723d9064b9ad0de50 bytes=153 template=function origin=seed:tests/corpus/fixtures/state-machine-workflow.test.js
 PASS js-fuzzer-function-297962b584b2.js [3362/10000] status=ok obs=c81e728d9d4c coverage=+0/32/38 time=2ms
  RUN js-fuzzer-array-object-ec0cdc9de751.js [3363/10000] md5=ec0cdc9de7519e4071eb3e14e2c36291 bytes=133 template=array-object origin=seed:tests/corpus/fixtures/vue-script-workflow.test.vue
 PASS js-fuzzer-array-object-ec0cdc9de751.js [3363/10000] status=ok obs=c20ad4d76fe9 coverage=+0/32/38 time=2ms
  RUN js-fuzzer-closure-e969bbdfb6c3.js [3364/10000] md5=e969bbdfb6c372051cd477e3035393af bytes=184 template=closure origin=seed:tests/corpus/obfuscation/constant-tag-mix.test.js
 PASS js-fuzzer-closure-e969bbdfb6c3.js [3364/10000] status=ok obs=f457c545a9de coverage=+0/32/38 time=1ms
  RUN js-fuzzer-block-scope-0646405d6bb2.js [3365/10000] md5=0646405d6bb2ceae05fe69841edcc9c1 bytes=114 template=block-scope origin=seed:tests/corpus/obfuscation/extern-slot-permutation.test.js
 PASS js-fuzzer-block-scope-0646405d6bb2.js [3365/10000] status=ok obs=a97da629b098 coverage=+0/32/38 time=2ms
  RUN js-fuzzer-loop-bbf1d7a15d8d.js [3366/10000] md5=bbf1d7a15d8dd015402d75c0e0108b5f bytes=81 template=loop origin=seed:tests/corpus/obfuscation/externs-console.test.js
 PASS js-fuzzer-loop-bbf1d7a15d8d.js [3366/10000] status=ok obs=1679091c5a88 coverage=+0/32/38 time=1ms
  RUN js-fuzzer-corpus-38ba19d9deb7.js [3367/10000] md5=38ba19d9deb7566cc8a420c27ada3f21 bytes=136 template=corpus origin=tests/corpus/obfuscation/seed-sensitive-functions.test.js
 PASS js-fuzzer-corpus-38ba19d9deb7.js [3367/10000] status=ok obs=a5bfc9e07964 coverage=+0/32/38 time=2ms
  RUN js-fuzzer-boundary-2f35f880f964.js [3368/10000] md5=2f35f880f96468b375c4e71feba05308 bytes=113 template=boundary origin=boundary:1
 PASS js-fuzzer-boundary-2f35f880f964.js [3368/10000] status=ok obs=c4ca4238a0b9 coverage=+0/32/38 time=2ms
  RUN js-fuzzer-arithmetic-210adee94911.js [3369/10000] md5=210adee94911e3b895b40d098e0a6bc4 bytes=84 template=arithmetic origin=seed:tests/corpus/regressions/multiple-functions-fib-add.test.js
 PASS js-fuzzer-arithmetic-210adee94911.js [3369/10000] status=ok obs=ac627ab1ccbd coverage=+0/32/38 time=1ms
  RUN js-fuzzer-function-1bdd3cdc8039.js [3370/10000] md5=1bdd3cdc8039303572ffd714360b1f25 bytes=153 template=function origin=seed:tests/corpus/regressions/scope-compressed-closure-params.test.js
 PASS js-fuzzer-function-1bdd3cdc8039.js [3370/10000] status=ok obs=37693cfc7480 coverage=+0/32/38 time=3ms
  RUN js-fuzzer-array-object-3bcfec50431f.js [3371/10000] md5=3bcfec50431f403e11aba80dba88f312 bytes=133 template=array-object origin=seed:tests/corpus/runtime/arrays-objects-methods.test.js
 PASS js-fuzzer-array-object-3bcfec50431f.js [3371/10000] status=ok obs=c20ad4d76fe9 coverage=+0/32/38 time=2ms
  RUN js-fuzzer-closure-4d63e011d7be.js [3372/10000] md5=4d63e011d7be4d3ca53090f6e30de027 bytes=185 template=closure origin=seed:tests/corpus/runtime/block-scopes.test.js
 PASS js-fuzzer-closure-4d63e011d7be.js [3372/10000] status=ok obs=72b32a1f754b coverage=+0/32/38 time=1ms
  RUN js-fuzzer-block-scope-0302820b0ae8.js [3373/10000] md5=0302820b0ae8aefde6290aa22f61f26f bytes=114 template=block-scope origin=seed:tests/corpus/runtime/class-fields-static-methods.test.js
 PASS js-fuzzer-block-scope-0302820b0ae8.js [3373/10000] status=ok obs=65b9eea6e1cc coverage=+0/32/38 time=2ms
  RUN js-fuzzer-loop-54e460cecf5c.js [3374/10000] md5=54e460cecf5c05dfcffaa3b2e5f57445 bytes=81 template=loop origin=seed:tests/corpus/runtime/classes-and-objects.test.js
 PASS js-fuzzer-loop-54e460cecf5c.js [3374/10000] status=ok obs=d3d9446802a4 coverage=+0/32/38 time=2ms
  RUN js-fuzzer-boundary-235131a2d0d1.js [3375/10000] md5=235131a2d0d184afe9327ca3bd456dde bytes=129 template=boundary origin=boundary:-9007199254740991
 PASS js-fuzzer-boundary-235131a2d0d1.js [3375/10000] status=ok obs=b3f3a95848f6 coverage=+0/32/38 time=1ms
  RUN js-fuzzer-corpus-08bc93bf5789.js [3376/10000] md5=08bc93bf57897bc88ce7161fe56cd099 bytes=169 template=corpus origin=tests/corpus/runtime/closures-read-captured-values.test.js
 PASS js-fuzzer-corpus-08bc93bf5789.js [3376/10000] status=ok obs=02e74f10e032 coverage=+0/32/38 time=2ms
  RUN js-fuzzer-arithmetic-e2931cfd8770.js [3377/10000] md5=e2931cfd8770443c6f452d5b16b08692 bytes=84 template=arithmetic origin=seed:tests/corpus/runtime/exceptions-and-nullish.test.js
 PASS js-fuzzer-arithmetic-e2931cfd8770.js [3377/10000] status=ok obs=70efdf2ec9b0 coverage=+0/32/38 time=2ms
  RUN js-fuzzer-function-8a44cf2ceed5.js [3378/10000] md5=8a44cf2ceed595d9f22254a99d394b8c bytes=153 template=function origin=seed:tests/corpus/runtime/functions-closures-and-arrows.test.js
 PASS js-fuzzer-function-8a44cf2ceed5.js [3378/10000] status=ok obs=1ff1de774005 coverage=+0/32/38 time=3ms
  RUN js-fuzzer-array-object-b27ceca54838.js [3379/10000] md5=b27ceca548388a2eaed1811a0d81f8e0 bytes=133 template=array-object origin=seed:tests/corpus/runtime/lexical-shadowing.test.js
 PASS js-fuzzer-array-object-b27ceca54838.js [3379/10000] status=ok obs=c74d97b01eae coverage=+0/32/38 time=2ms
  RUN js-fuzzer-closure-355d98e2d61e.js [3380/10000] md5=355d98e2d61e5635fede5c6bb3850168 bytes=183 template=closure origin=seed:tests/corpus/runtime/modules-export.test.js
 PASS js-fuzzer-closure-355d98e2d61e.js [3380/10000] status=ok obs=8e296a067a37 coverage=+0/32/38 time=2ms
  RUN js-fuzzer-block-scope-6f7d6ccfdb3a.js [3381/10000] md5=6f7d6ccfdb3a011fdc3385fc6130aa3b bytes=114 template=block-scope origin=seed:tests/corpus/runtime/nested-try-finally.test.js
 PASS js-fuzzer-block-scope-6f7d6ccfdb3a.js [3381/10000] status=ok obs=a3c65c297427 coverage=+0/32/38 time=2ms
  RUN js-fuzzer-boundary-4b8e58e2bd3b.js [3382/10000] md5=4b8e58e2bd3bc437f093fe0ab13ce109 bytes=123 template=boundary origin=boundary:-2147483648
 PASS js-fuzzer-boundary-4b8e58e2bd3b.js [3382/10000] status=ok obs=034ff5946105 coverage=+0/32/38 time=2ms
  RUN js-fuzzer-try-catch-684f084d24b8.js [3383/10000] md5=684f084d24b8db7c12c5b7b39189e1fb bytes=110 template=try-catch origin=seed:tests/corpus/syntax/logical-unary-nullish.test.js
 PASS js-fuzzer-try-catch-684f084d24b8.js [3383/10000] status=ok obs=3416a75f4cea coverage=+0/32/38 time=1ms
  RUN js-fuzzer-class-a365d1a76b7b.js [3384/10000] md5=a365d1a76b7b0d4310621afa7caac433 bytes=100 template=class origin=seed:tests/corpus/syntax/object-destructure-and-members.test.js
 PASS js-fuzzer-class-a365d1a76b7b.js [3384/10000] status=ok obs=8f14e45fceea coverage=+0/32/38 time=2ms
  RUN js-fuzzer-corpus-2aed353a2d20.js [3385/10000] md5=2aed353a2d200d64cbaf7beb40face20 bytes=275 template=corpus origin=tests/corpus/syntax/switch-do-while-sequence.test.js
 PASS js-fuzzer-corpus-2aed353a2d20.js [3385/10000] status=ok obs=6f4922f45568 coverage=+0/32/38 time=2ms
  RUN js-fuzzer-function-7078b1558e88.js [3386/10000] md5=7078b1558e88c84f2ce4ff32c844a13e bytes=153 template=function origin=seed:tests/corpus/syntax/template-array-destructure.test.js
 PASS js-fuzzer-function-7078b1558e88.js [3386/10000] status=ok obs=1679091c5a88 coverage=+0/32/38 time=2ms
  RUN js-fuzzer-array-object-209c60c48ee7.js [3387/10000] md5=209c60c48ee7736e08e1f6c2c1181cf3 bytes=133 template=array-object origin=seed:tests/corpus/syntax/typescript-assertions.test.ts
 PASS js-fuzzer-array-object-209c60c48ee7.js [3387/10000] status=ok obs=45c48cce2e2d coverage=+0/32/38 time=2ms
  RUN js-fuzzer-closure-6d22adfe7dd4.js [3388/10000] md5=6d22adfe7dd41630dd7c81c9c6d5849f bytes=184 template=closure origin=seed:tests/corpus/syntax/typescript-non-null-satisfies.test.ts
 PASS js-fuzzer-closure-6d22adfe7dd4.js [3388/10000] status=ok obs=8e296a067a37 coverage=+0/32/38 time=1ms
  RUN js-fuzzer-boundary-4ae25cb2e150.js [3389/10000] md5=4ae25cb2e15083bfca9f6b81b3f9f24b bytes=114 template=boundary origin=boundary:-2
 PASS js-fuzzer-boundary-4ae25cb2e150.js [3389/10000] status=ok obs=5d7b9adcbe1c coverage=+0/32/38 time=2ms
  RUN js-fuzzer-loop-b88258462a8d.js [3390/10000] md5=b88258462a8d880f8b0e459fa23b2536 bytes=81 template=loop origin=seed:tests/corpus/fixtures/state-machine-workflow.test.js
 PASS js-fuzzer-loop-b88258462a8d.js [3390/10000] status=ok obs=3c59dc048e88 coverage=+0/32/38 time=2ms
  RUN js-fuzzer-try-catch-684f084d24b8.js [3391/10000] md5=684f084d24b8db7c12c5b7b39189e1fb bytes=110 template=try-catch origin=seed:tests/corpus/fixtures/vue-script-workflow.test.vue
 PASS js-fuzzer-try-catch-684f084d24b8.js [3391/10000] status=ok obs=3416a75f4cea coverage=+0/32/38 time=2ms
  RUN js-fuzzer-class-c0844991889f.js [3392/10000] md5=c0844991889f03308712cd6bc6b7c31c bytes=101 template=class origin=seed:tests/corpus/obfuscation/constant-tag-mix.test.js
 PASS js-fuzzer-class-c0844991889f.js [3392/10000] status=ok obs=70efdf2ec9b0 coverage=+0/32/38 time=3ms
  RUN js-fuzzer-arithmetic-87b53ad5542e.js [3393/10000] md5=87b53ad5542e80a0e482658cd3241a74 bytes=84 template=arithmetic origin=seed:tests/corpus/obfuscation/extern-slot-permutation.test.js
 PASS js-fuzzer-arithmetic-87b53ad5542e.js [3393/10000] status=ok obs=5f93f983524d coverage=+0/32/38 time=2ms
  RUN js-fuzzer-corpus-efd663ac427b.js [3394/10000] md5=efd663ac427b5ca270b2f8b928c902bf bytes=112 template=corpus origin=tests/corpus/obfuscation/externs-console.test.js
 PASS js-fuzzer-corpus-efd663ac427b.js [3394/10000] status=ok obs=d289993e39c8 coverage=+0/32/38 time=3ms
  RUN js-fuzzer-array-object-e3033fed0840.js [3395/10000] md5=e3033fed0840ee80705f46fc94e6c1df bytes=133 template=array-object origin=seed:tests/corpus/obfuscation/seed-sensitive-functions.test.js
 PASS js-fuzzer-array-object-e3033fed0840.js [3395/10000] status=ok obs=9bf31c7ff062 coverage=+0/32/38 time=1ms
  RUN js-fuzzer-boundary-1024adcac0e5.js [3396/10000] md5=1024adcac0e5cc9f99f478fa66dcc00c bytes=114 template=boundary origin=boundary:-1
 PASS js-fuzzer-boundary-1024adcac0e5.js [3396/10000] status=ok obs=6bb61e3b7bce coverage=+0/32/38 time=2ms
  RUN js-fuzzer-block-scope-b7354b2c1705.js [3397/10000] md5=b7354b2c17056cef9934cdad4bef523b bytes=114 template=block-scope origin=seed:tests/corpus/regressions/multiple-functions-fib-add.test.js
 PASS js-fuzzer-block-scope-b7354b2c1705.js [3397/10000] status=ok obs=f0935e4cd592 coverage=+0/32/38 time=2ms
  RUN js-fuzzer-loop-55c7c905bffb.js [3398/10000] md5=55c7c905bffb4bbbc4c8fb9b91df6ad8 bytes=81 template=loop origin=seed:tests/corpus/regressions/scope-compressed-closure-params.test.js
 PASS js-fuzzer-loop-55c7c905bffb.js [3398/10000] status=ok obs=eccbc87e4b5c coverage=+0/32/38 time=2ms
  RUN js-fuzzer-try-catch-56393ff77182.js [3399/10000] md5=56393ff771824d567a8911f280bf7f9d bytes=110 template=try-catch origin=seed:tests/corpus/runtime/arrays-objects-methods.test.js
 PASS js-fuzzer-try-catch-56393ff77182.js [3399/10000] status=ok obs=4e732ced3463 coverage=+0/32/38 time=1ms
  RUN js-fuzzer-class-3b630e2d834a.js [3400/10000] md5=3b630e2d834a95a01ee75571f8bc0075 bytes=101 template=class origin=seed:tests/corpus/runtime/block-scopes.test.js
 PASS js-fuzzer-class-3b630e2d834a.js [3400/10000] status=ok obs=6512bd43d9ca coverage=+0/32/38 time=3ms
  RUN js-fuzzer-arithmetic-a9883e22bf31.js [3401/10000] md5=a9883e22bf31a0f272690c6ec4a300c9 bytes=85 template=arithmetic origin=seed:tests/corpus/runtime/class-fields-static-methods.test.js
 PASS js-fuzzer-arithmetic-a9883e22bf31.js [3401/10000] status=ok obs=fc2213097460 coverage=+0/32/38 time=2ms
  RUN js-fuzzer-function-c6a41e639682.js [3402/10000] md5=c6a41e6396823bcfa91e05b3a10b01c0 bytes=153 template=function origin=seed:tests/corpus/runtime/classes-and-objects.test.js
 PASS js-fuzzer-function-c6a41e639682.js [3402/10000] status=ok obs=1f0e3dad9990 coverage=+0/32/38 time=2ms
  RUN js-fuzzer-corpus-ddcb99247fc8.js [3403/10000] md5=ddcb99247fc847c897b97c6bd6512b9f bytes=217 template=corpus origin=tests/corpus/runtime/closures-mutate-captured-bindings.test.js
 PASS js-fuzzer-corpus-ddcb99247fc8.js [3403/10000] status=ok obs=e4da3b7fbbce coverage=+0/32/38 time=2ms
  RUN js-fuzzer-closure-6b52267b7b82.js [3404/10000] md5=6b52267b7b821f47b4c5b5c510963f21 bytes=184 template=closure origin=seed:tests/corpus/runtime/closures-read-captured-values.test.js
 PASS js-fuzzer-closure-6b52267b7b82.js [3404/10000] status=ok obs=17e62166fc85 coverage=+0/32/38 time=2ms
  RUN js-fuzzer-block-scope-041ad61d2adf.js [3405/10000] md5=041ad61d2adf327a5cb0cee5a2d4512d bytes=114 template=block-scope origin=seed:tests/corpus/runtime/exceptions-and-nullish.test.js
 PASS js-fuzzer-block-scope-041ad61d2adf.js [3405/10000] status=ok obs=65b9eea6e1cc coverage=+0/32/38 time=2ms
  RUN js-fuzzer-loop-bbf1d7a15d8d.js [3406/10000] md5=bbf1d7a15d8dd015402d75c0e0108b5f bytes=81 template=loop origin=seed:tests/corpus/runtime/functions-closures-and-arrows.test.js
 PASS js-fuzzer-loop-bbf1d7a15d8d.js [3406/10000] status=ok obs=1679091c5a88 coverage=+0/32/38 time=2ms
  RUN js-fuzzer-try-catch-0db921dfa62d.js [3407/10000] md5=0db921dfa62dbbfd21889addc9a83362 bytes=110 template=try-catch origin=seed:tests/corpus/runtime/lexical-shadowing.test.js
 PASS js-fuzzer-try-catch-0db921dfa62d.js [3407/10000] status=ok obs=34173cb38f07 coverage=+0/32/38 time=1ms
  RUN js-fuzzer-class-6736c24444bc.js [3408/10000] md5=6736c24444bc6ff151b05a9a974ae4d5 bytes=100 template=class origin=seed:tests/corpus/runtime/modules-export.test.js
 PASS js-fuzzer-class-6736c24444bc.js [3408/10000] status=ok obs=45c48cce2e2d coverage=+0/32/38 time=2ms
  RUN js-fuzzer-arithmetic-9c38d5a9000a.js [3409/10000] md5=9c38d5a9000a0c8fa41c5343a3ba496f bytes=83 template=arithmetic origin=seed:tests/corpus/runtime/nested-try-finally.test.js
 PASS js-fuzzer-arithmetic-9c38d5a9000a.js [3409/10000] status=ok obs=4e732ced3463 coverage=+0/32/38 time=1ms
  RUN js-fuzzer-boundary-4bea2a6e0cb0.js [3410/10000] md5=4bea2a6e0cb0c7bb0b29e5b5d44112d8 bytes=128 template=boundary origin=boundary:9007199254740991
 PASS js-fuzzer-boundary-4bea2a6e0cb0.js [3410/10000] status=ok obs=dc9a0d67a31d coverage=+0/32/38 time=2ms
  RUN js-fuzzer-array-object-e7a838db6e05.js [3411/10000] md5=e7a838db6e057c9456cdaa9647144719 bytes=133 template=array-object origin=seed:tests/corpus/syntax/logical-unary-nullish.test.js
 PASS js-fuzzer-array-object-e7a838db6e05.js [3411/10000] status=ok obs=aab3238922bc coverage=+0/32/38 time=2ms
  RUN js-fuzzer-corpus-96ebdcb81273.js [3412/10000] md5=96ebdcb81273f0e5e5778a6c70c94988 bytes=171 template=corpus origin=tests/corpus/syntax/object-destructure-and-members.test.js
 PASS js-fuzzer-corpus-96ebdcb81273.js [3412/10000] status=ok obs=bfad8dfa12ed coverage=+0/32/38 time=2ms
  RUN js-fuzzer-block-scope-e3231a7a656b.js [3413/10000] md5=e3231a7a656be8eb499090ebcb867bc7 bytes=114 template=block-scope origin=seed:tests/corpus/syntax/switch-do-while-sequence.test.js
 PASS js-fuzzer-block-scope-e3231a7a656b.js [3413/10000] status=ok obs=ec8956637a99 coverage=+0/32/38 time=2ms
  RUN js-fuzzer-loop-55c7c905bffb.js [3414/10000] md5=55c7c905bffb4bbbc4c8fb9b91df6ad8 bytes=81 template=loop origin=seed:tests/corpus/syntax/template-array-destructure.test.js
 PASS js-fuzzer-loop-55c7c905bffb.js [3414/10000] status=ok obs=eccbc87e4b5c coverage=+0/32/38 time=2ms
  RUN js-fuzzer-try-catch-7cb82b9a3fc9.js [3415/10000] md5=7cb82b9a3fc9743b17b967ebeeaab91b bytes=110 template=try-catch origin=seed:tests/corpus/syntax/typescript-assertions.test.ts
 PASS js-fuzzer-try-catch-7cb82b9a3fc9.js [3415/10000] status=ok obs=b6d767d2f8ed coverage=+0/32/38 time=2ms
  RUN js-fuzzer-class-b1e3642c0208.js [3416/10000] md5=b1e3642c0208992266fb21668a536292 bytes=100 template=class origin=seed:tests/corpus/syntax/typescript-non-null-satisfies.test.ts
 PASS js-fuzzer-class-b1e3642c0208.js [3416/10000] status=ok obs=c9f0f895fb98 coverage=+0/32/38 time=2ms
  RUN js-fuzzer-boundary-5c12d757f0dd.js [3417/10000] md5=5c12d757f0ddd5c6b1207b14fb1e8d0c bytes=122 template=boundary origin=boundary:2147483647
 PASS js-fuzzer-boundary-5c12d757f0dd.js [3417/10000] status=ok obs=c588c0a459f4 coverage=+0/32/38 time=3ms
  RUN js-fuzzer-function-288d473b3a74.js [3418/10000] md5=288d473b3a7495d967aff826da7d201e bytes=153 template=function origin=seed:tests/corpus/fixtures/state-machine-workflow.test.js
 PASS js-fuzzer-function-288d473b3a74.js [3418/10000] status=ok obs=aab3238922bc coverage=+0/32/38 time=2ms
  RUN js-fuzzer-array-object-6b074eda9017.js [3419/10000] md5=6b074eda9017bf419cfb684874ba8d14 bytes=133 template=array-object origin=seed:tests/corpus/fixtures/vue-script-workflow.test.vue
 PASS js-fuzzer-array-object-6b074eda9017.js [3419/10000] status=ok obs=6512bd43d9ca coverage=+0/32/38 time=2ms
  RUN js-fuzzer-closure-070138ab5b40.js [3420/10000] md5=070138ab5b40918e821be8b7c95206d8 bytes=184 template=closure origin=seed:tests/corpus/obfuscation/constant-tag-mix.test.js
 PASS js-fuzzer-closure-070138ab5b40.js [3420/10000] status=ok obs=c16a5320fa47 coverage=+0/32/38 time=2ms
  RUN js-fuzzer-corpus-fe2d30a6e413.js [3421/10000] md5=fe2d30a6e4139e7a8b52405bed737faa bytes=220 template=corpus origin=tests/corpus/obfuscation/extern-slot-permutation.test.js
 PASS js-fuzzer-corpus-fe2d30a6e413.js [3421/10000] status=ok obs=c34c702d0256 coverage=+0/32/38 time=2ms
  RUN js-fuzzer-loop-d35707ad0bf7.js [3422/10000] md5=d35707ad0bf74148f671ad8943998af6 bytes=81 template=loop origin=seed:tests/corpus/obfuscation/externs-console.test.js
 PASS js-fuzzer-loop-d35707ad0bf7.js [3422/10000] status=ok obs=9bf31c7ff062 coverage=+0/32/38 time=1ms
  RUN js-fuzzer-try-catch-684f084d24b8.js [3423/10000] md5=684f084d24b8db7c12c5b7b39189e1fb bytes=110 template=try-catch origin=seed:tests/corpus/obfuscation/seed-sensitive-functions.test.js
 PASS js-fuzzer-try-catch-684f084d24b8.js [3423/10000] status=ok obs=3416a75f4cea coverage=+0/32/38 time=2ms
  RUN js-fuzzer-boundary-221618e58a55.js [3424/10000] md5=221618e58a55537e4dc7530ef9f57aaf bytes=113 template=boundary origin=boundary:2
 PASS js-fuzzer-boundary-221618e58a55.js [3424/10000] status=ok obs=c81e728d9d4c coverage=+0/32/38 time=2ms
  RUN js-fuzzer-arithmetic-034742d26eda.js [3425/10000] md5=034742d26eda0844f953b4d1023b7b71 bytes=85 template=arithmetic origin=seed:tests/corpus/regressions/multiple-functions-fib-add.test.js
 PASS js-fuzzer-arithmetic-034742d26eda.js [3425/10000] status=ok obs=274ad4786c3a coverage=+0/32/38 time=3ms
  RUN js-fuzzer-function-9a24649f1cae.js [3426/10000] md5=9a24649f1caec2a9716934902cbac103 bytes=153 template=function origin=seed:tests/corpus/regressions/scope-compressed-closure-params.test.js
 PASS js-fuzzer-function-9a24649f1cae.js [3426/10000] status=ok obs=9bf31c7ff062 coverage=+0/32/38 time=3ms
  RUN js-fuzzer-array-object-3e061f21d3f1.js [3427/10000] md5=3e061f21d3f1952ec8cdd3e762a65b59 bytes=133 template=array-object origin=seed:tests/corpus/runtime/arrays-objects-methods.test.js
 PASS js-fuzzer-array-object-3e061f21d3f1.js [3427/10000] status=ok obs=c9f0f895fb98 coverage=+0/32/38 time=1ms
  RUN js-fuzzer-closure-a0d8513526d7.js [3428/10000] md5=a0d8513526d7ea64e917f6b555e38a3a bytes=184 template=closure origin=seed:tests/corpus/runtime/block-scopes.test.js
 PASS js-fuzzer-closure-a0d8513526d7.js [3428/10000] status=ok obs=17e62166fc85 coverage=+0/32/38 time=4ms
  RUN js-fuzzer-block-scope-9b5f2a61b064.js [3429/10000] md5=9b5f2a61b064984be8e4dedf9ba10531 bytes=114 template=block-scope origin=seed:tests/corpus/runtime/class-fields-static-methods.test.js
 PASS js-fuzzer-block-scope-9b5f2a61b064.js [3429/10000] status=ok obs=a3c65c297427 coverage=+0/32/38 time=2ms
  RUN js-fuzzer-corpus-663bf83cd082.js [3430/10000] md5=663bf83cd082bd221441dae6bbc85046 bytes=278 template=corpus origin=tests/corpus/runtime/classes-and-objects.test.js
 PASS js-fuzzer-corpus-663bf83cd082.js [3430/10000] status=ok obs=6f4922f45568 coverage=+0/32/38 time=2ms
  RUN js-fuzzer-boundary-a6a77cc918cc.js [3431/10000] md5=a6a77cc918cc479b04ccb7be2bd80dac bytes=113 template=boundary origin=boundary:1
 PASS js-fuzzer-boundary-a6a77cc918cc.js [3431/10000] status=ok obs=c4ca4238a0b9 coverage=+0/32/38 time=2ms
  RUN js-fuzzer-class-769274f77fa6.js [3432/10000] md5=769274f77fa62254ce7e0eb0e3adf7f1 bytes=100 template=class origin=seed:tests/corpus/runtime/closures-read-captured-values.test.js
 PASS js-fuzzer-class-769274f77fa6.js [3432/10000] status=ok obs=c4ca4238a0b9 coverage=+0/32/38 time=2ms
  RUN js-fuzzer-arithmetic-45dfd144b95d.js [3433/10000] md5=45dfd144b95de32653f723f702956600 bytes=85 template=arithmetic origin=seed:tests/corpus/runtime/exceptions-and-nullish.test.js
 PASS js-fuzzer-arithmetic-45dfd144b95d.js [3433/10000] status=ok obs=c16a5320fa47 coverage=+0/32/38 time=2ms
  RUN js-fuzzer-function-84b6f0564867.js [3434/10000] md5=84b6f05648673d1e7da8df04c8cbab23 bytes=153 template=function origin=seed:tests/corpus/runtime/functions-closures-and-arrows.test.js
 PASS js-fuzzer-function-84b6f0564867.js [3434/10000] status=ok obs=c74d97b01eae coverage=+0/32/38 time=2ms
  RUN js-fuzzer-array-object-6df7f1fdbf43.js [3435/10000] md5=6df7f1fdbf43df6e1bb1ad84c66ab88d bytes=133 template=array-object origin=seed:tests/corpus/runtime/lexical-shadowing.test.js
 PASS js-fuzzer-array-object-6df7f1fdbf43.js [3435/10000] status=ok obs=c20ad4d76fe9 coverage=+0/32/38 time=4ms
  RUN js-fuzzer-closure-3b10b0952ba2.js [3436/10000] md5=3b10b0952ba263d46a3c3a8b16a3410a bytes=183 template=closure origin=seed:tests/corpus/runtime/modules-export.test.js
 PASS js-fuzzer-closure-3b10b0952ba2.js [3436/10000] status=ok obs=1f0e3dad9990 coverage=+0/32/38 time=2ms
  RUN js-fuzzer-block-scope-654da4f66cd2.js [3437/10000] md5=654da4f66cd283db628a26cffa0b8c34 bytes=115 template=block-scope origin=seed:tests/corpus/runtime/nested-try-finally.test.js
 PASS js-fuzzer-block-scope-654da4f66cd2.js [3437/10000] status=ok obs=5f93f983524d coverage=+0/32/38 time=2ms
  RUN js-fuzzer-boundary-e62759fbe8d3.js [3438/10000] md5=e62759fbe8d36ad2cfb89a0f8bac18b9 bytes=129 template=boundary origin=boundary:-9007199254740991
 PASS js-fuzzer-boundary-e62759fbe8d3.js [3438/10000] status=ok obs=b3f3a95848f6 coverage=+0/32/38 time=2ms
  RUN js-fuzzer-corpus-279b64032335.js [3439/10000] md5=279b640323351a1b082b98b42d2a2d55 bytes=134 template=corpus origin=tests/corpus/syntax/logical-unary-nullish.test.js
 PASS js-fuzzer-corpus-279b64032335.js [3439/10000] status=ok obs=45c48cce2e2d coverage=+0/32/38 time=3ms
  RUN js-fuzzer-class-47fbd3db5853.js [3440/10000] md5=47fbd3db58539fc2e42627a4f3168c79 bytes=101 template=class origin=seed:tests/corpus/syntax/object-destructure-and-members.test.js
 PASS js-fuzzer-class-47fbd3db5853.js [3440/10000] status=ok obs=98f137082101 coverage=+0/32/38 time=1ms
  RUN js-fuzzer-arithmetic-6a02d9be51f5.js [3441/10000] md5=6a02d9be51f52fce778db275083501d9 bytes=85 template=arithmetic origin=seed:tests/corpus/syntax/switch-do-while-sequence.test.js
 PASS js-fuzzer-arithmetic-6a02d9be51f5.js [3441/10000] status=ok obs=33e75ff09dd6 coverage=+0/32/38 time=2ms
  RUN js-fuzzer-function-1d370c2e7126.js [3442/10000] md5=1d370c2e7126a84b090ad6eed5468375 bytes=153 template=function origin=seed:tests/corpus/syntax/template-array-destructure.test.js
 PASS js-fuzzer-function-1d370c2e7126.js [3442/10000] status=ok obs=8f14e45fceea coverage=+0/32/38 time=2ms
  RUN js-fuzzer-array-object-75b00dfe6f21.js [3443/10000] md5=75b00dfe6f212ccc494eb71aea9da8ce bytes=133 template=array-object origin=seed:tests/corpus/syntax/typescript-assertions.test.ts
 PASS js-fuzzer-array-object-75b00dfe6f21.js [3443/10000] status=ok obs=aab3238922bc coverage=+0/32/38 time=1ms
  RUN js-fuzzer-closure-c85b2c9cf353.js [3444/10000] md5=c85b2c9cf3533711dc9700256d96a829 bytes=183 template=closure origin=seed:tests/corpus/syntax/typescript-non-null-satisfies.test.ts
 PASS js-fuzzer-closure-c85b2c9cf353.js [3444/10000] status=ok obs=3c59dc048e88 coverage=+0/32/38 time=2ms
  RUN js-fuzzer-boundary-4b8e58e2bd3b.js [3445/10000] md5=4b8e58e2bd3bc437f093fe0ab13ce109 bytes=123 template=boundary origin=boundary:-2147483648
 PASS js-fuzzer-boundary-4b8e58e2bd3b.js [3445/10000] status=ok obs=034ff5946105 coverage=+0/32/38 time=2ms
  RUN js-fuzzer-loop-54e460cecf5c.js [3446/10000] md5=54e460cecf5c05dfcffaa3b2e5f57445 bytes=81 template=loop origin=seed:tests/corpus/fixtures/state-machine-workflow.test.js
 PASS js-fuzzer-loop-54e460cecf5c.js [3446/10000] status=ok obs=d3d9446802a4 coverage=+0/32/38 time=1ms
  RUN js-fuzzer-try-catch-7b36a94abb6d.js [3447/10000] md5=7b36a94abb6ddf002e9dd3f3d3a0cea5 bytes=110 template=try-catch origin=seed:tests/corpus/fixtures/vue-script-workflow.test.vue
 PASS js-fuzzer-try-catch-7b36a94abb6d.js [3447/10000] status=ok obs=37693cfc7480 coverage=+0/32/38 time=3ms
  RUN js-fuzzer-corpus-f00ef18b0a17.js [3448/10000] md5=f00ef18b0a172b2a2d9833f5b7fe94e2 bytes=199 template=corpus origin=tests/corpus/obfuscation/constant-tag-mix.test.js
 PASS js-fuzzer-corpus-f00ef18b0a17.js [3448/10000] status=ok obs=e86823f38986 coverage=+0/32/38 time=3ms
  RUN js-fuzzer-arithmetic-5c2bbd2942d5.js [3449/10000] md5=5c2bbd2942d5576229ce9b848aa3cb49 bytes=83 template=arithmetic origin=seed:tests/corpus/obfuscation/extern-slot-permutation.test.js
 PASS js-fuzzer-arithmetic-5c2bbd2942d5.js [3449/10000] status=ok obs=ec8956637a99 coverage=+0/32/38 time=2ms
  RUN js-fuzzer-function-d9597d28535f.js [3450/10000] md5=d9597d28535fd2b10f5ca10cf87a7bb6 bytes=153 template=function origin=seed:tests/corpus/obfuscation/externs-console.test.js
 PASS js-fuzzer-function-d9597d28535f.js [3450/10000] status=ok obs=6f4922f45568 coverage=+0/32/38 time=3ms
  RUN js-fuzzer-array-object-5955b4f72845.js [3451/10000] md5=5955b4f72845800989f09c0c1eaf20b8 bytes=133 template=array-object origin=seed:tests/corpus/obfuscation/seed-sensitive-functions.test.js
 PASS js-fuzzer-array-object-5955b4f72845.js [3451/10000] status=ok obs=c51ce410c124 coverage=+0/32/38 time=1ms
  RUN js-fuzzer-boundary-6d89c3a838ae.js [3452/10000] md5=6d89c3a838ae354bda64ec37ec2b63b1 bytes=114 template=boundary origin=boundary:-2
 PASS js-fuzzer-boundary-6d89c3a838ae.js [3452/10000] status=ok obs=5d7b9adcbe1c coverage=+0/32/38 time=2ms
  RUN js-fuzzer-block-scope-b4cb7d6315fe.js [3453/10000] md5=b4cb7d6315fe90190d450fc6ab63ddbf bytes=114 template=block-scope origin=seed:tests/corpus/regressions/multiple-functions-fib-add.test.js
 PASS js-fuzzer-block-scope-b4cb7d6315fe.js [3453/10000] status=ok obs=2723d092b638 coverage=+0/32/38 time=2ms
  RUN js-fuzzer-loop-f495ca2fc638.js [3454/10000] md5=f495ca2fc6389f933578fc501f5b1465 bytes=81 template=loop origin=seed:tests/corpus/regressions/scope-compressed-closure-params.test.js
 PASS js-fuzzer-loop-f495ca2fc638.js [3454/10000] status=ok obs=c4ca4238a0b9 coverage=+0/32/38 time=2ms
  RUN js-fuzzer-try-catch-49469dc3bbde.js [3455/10000] md5=49469dc3bbdee70291dead76d4352702 bytes=109 template=try-catch origin=seed:tests/corpus/runtime/arrays-objects-methods.test.js
 PASS js-fuzzer-try-catch-49469dc3bbde.js [3455/10000] status=ok obs=d3d9446802a4 coverage=+0/32/38 time=2ms
  RUN js-fuzzer-class-1fb70654253d.js [3456/10000] md5=1fb70654253d944404805630039f463c bytes=101 template=class origin=seed:tests/corpus/runtime/block-scopes.test.js
 PASS js-fuzzer-class-1fb70654253d.js [3456/10000] status=ok obs=c51ce410c124 coverage=+0/32/38 time=2ms
  RUN js-fuzzer-corpus-a64e83c2f849.js [3457/10000] md5=a64e83c2f84925dca8985eabe963ee21 bytes=179 template=corpus origin=tests/corpus/runtime/class-fields-static-methods.test.js
 PASS js-fuzzer-corpus-a64e83c2f849.js [3457/10000] status=ok obs=8f14e45fceea coverage=+0/32/38 time=2ms
  RUN js-fuzzer-function-f172d914fe2f.js [3458/10000] md5=f172d914fe2f2d124fd9ee51d2714545 bytes=153 template=function origin=seed:tests/corpus/runtime/classes-and-objects.test.js
 PASS js-fuzzer-function-f172d914fe2f.js [3458/10000] status=ok obs=c9f0f895fb98 coverage=+0/32/38 time=1ms
  RUN js-fuzzer-boundary-7f379f781f4f.js [3459/10000] md5=7f379f781f4f9844733fb0f4c5d8aa15 bytes=114 template=boundary origin=boundary:-1
 PASS js-fuzzer-boundary-7f379f781f4f.js [3459/10000] status=ok obs=6bb61e3b7bce coverage=+0/32/38 time=2ms
  RUN js-fuzzer-closure-6ce98a52a82d.js [3460/10000] md5=6ce98a52a82d09b63aa5c19e49f92fda bytes=184 template=closure origin=seed:tests/corpus/runtime/closures-read-captured-values.test.js
 PASS js-fuzzer-closure-6ce98a52a82d.js [3460/10000] status=ok obs=6c8349cc7260 coverage=+0/32/38 time=3ms
  RUN js-fuzzer-block-scope-48f2f9956d1a.js [3461/10000] md5=48f2f9956d1af52ff488b20e9feb23da bytes=114 template=block-scope origin=seed:tests/corpus/runtime/exceptions-and-nullish.test.js
 PASS js-fuzzer-block-scope-48f2f9956d1a.js [3461/10000] status=ok obs=f0935e4cd592 coverage=+0/32/38 time=4ms
  RUN js-fuzzer-loop-b88258462a8d.js [3462/10000] md5=b88258462a8d880f8b0e459fa23b2536 bytes=81 template=loop origin=seed:tests/corpus/runtime/functions-closures-and-arrows.test.js
 PASS js-fuzzer-loop-b88258462a8d.js [3462/10000] status=ok obs=3c59dc048e88 coverage=+0/32/38 time=4ms
  RUN js-fuzzer-try-catch-e6a0f565fc4e.js [3463/10000] md5=e6a0f565fc4ec95ea847cca573b5900c bytes=110 template=try-catch origin=seed:tests/corpus/runtime/lexical-shadowing.test.js
 PASS js-fuzzer-try-catch-e6a0f565fc4e.js [3463/10000] status=ok obs=33e75ff09dd6 coverage=+0/32/38 time=2ms
  RUN js-fuzzer-class-6736c24444bc.js [3464/10000] md5=6736c24444bc6ff151b05a9a974ae4d5 bytes=100 template=class origin=seed:tests/corpus/runtime/modules-export.test.js
 PASS js-fuzzer-class-6736c24444bc.js [3464/10000] status=ok obs=45c48cce2e2d coverage=+0/32/38 time=2ms
  RUN js-fuzzer-arithmetic-61c906aa3078.js [3465/10000] md5=61c906aa3078522d2f288070ed15361d bytes=84 template=arithmetic origin=seed:tests/corpus/runtime/nested-try-finally.test.js
 PASS js-fuzzer-arithmetic-61c906aa3078.js [3465/10000] status=ok obs=28dd2c7955ce coverage=+0/32/38 time=1ms
  RUN js-fuzzer-corpus-89e900fcb72f.js [3466/10000] md5=89e900fcb72ff838bfe9a13ae091363f bytes=228 template=corpus origin=tests/corpus/syntax/control-flow-and-operators.test.js
 PASS js-fuzzer-corpus-89e900fcb72f.js [3466/10000] status=ok obs=aab3238922bc coverage=+0/32/38 time=2ms
  RUN js-fuzzer-array-object-67a872eac525.js [3467/10000] md5=67a872eac525fdca1b7db021b60a4b0b bytes=133 template=array-object origin=seed:tests/corpus/syntax/logical-unary-nullish.test.js
 PASS js-fuzzer-array-object-67a872eac525.js [3467/10000] status=ok obs=1f0e3dad9990 coverage=+0/32/38 time=3ms
  RUN js-fuzzer-closure-71c3f3878a77.js [3468/10000] md5=71c3f3878a777a5dedd4738ed4a02822 bytes=183 template=closure origin=seed:tests/corpus/syntax/object-destructure-and-members.test.js
 PASS js-fuzzer-closure-71c3f3878a77.js [3468/10000] status=ok obs=6512bd43d9ca coverage=+0/32/38 time=3ms
  RUN js-fuzzer-block-scope-586fd9c4488e.js [3469/10000] md5=586fd9c4488eb3dc13f92bab3ebc1929 bytes=114 template=block-scope origin=seed:tests/corpus/syntax/switch-do-while-sequence.test.js
 PASS js-fuzzer-block-scope-586fd9c4488e.js [3469/10000] status=ok obs=6974ce5ac660 coverage=+0/32/38 time=3ms
  RUN js-fuzzer-loop-54e460cecf5c.js [3470/10000] md5=54e460cecf5c05dfcffaa3b2e5f57445 bytes=81 template=loop origin=seed:tests/corpus/syntax/template-array-destructure.test.js
 PASS js-fuzzer-loop-54e460cecf5c.js [3470/10000] status=ok obs=d3d9446802a4 coverage=+0/32/38 time=2ms
  RUN js-fuzzer-try-catch-7b36a94abb6d.js [3471/10000] md5=7b36a94abb6ddf002e9dd3f3d3a0cea5 bytes=110 template=try-catch origin=seed:tests/corpus/syntax/typescript-assertions.test.ts
 PASS js-fuzzer-try-catch-7b36a94abb6d.js [3471/10000] status=ok obs=37693cfc7480 coverage=+0/32/38 time=2ms
  RUN js-fuzzer-class-7c36fc3c0ad4.js [3472/10000] md5=7c36fc3c0ad4461d5dbbcd7afdfb6b5c bytes=101 template=class origin=seed:tests/corpus/syntax/typescript-non-null-satisfies.test.ts
 PASS js-fuzzer-class-7c36fc3c0ad4.js [3472/10000] status=ok obs=d3d9446802a4 coverage=+0/32/38 time=2ms
  RUN js-fuzzer-boundary-2b35f90895ea.js [3473/10000] md5=2b35f90895ea85111e562e627044f919 bytes=128 template=boundary origin=boundary:9007199254740991
 PASS js-fuzzer-boundary-2b35f90895ea.js [3473/10000] status=ok obs=8bfa9ad090fb coverage=+0/32/38 time=2ms
  RUN js-fuzzer-function-be199ff518ed.js [3474/10000] md5=be199ff518edad2305aebc8ea703ea8f bytes=153 template=function origin=seed:tests/corpus/fixtures/state-machine-workflow.test.js
 PASS js-fuzzer-function-be199ff518ed.js [3474/10000] status=ok obs=a87ff679a2f3 coverage=+0/32/38 time=2ms
  RUN js-fuzzer-corpus-f722388c7961.js [3475/10000] md5=f722388c7961d2a0288508c35f28a5f8 bytes=96 template=corpus origin=tests/corpus/fixtures/vue-script-workflow.test.vue
 PASS js-fuzzer-corpus-f722388c7961.js [3475/10000] status=ok obs=6512bd43d9ca coverage=+0/32/38 time=1ms
  RUN js-fuzzer-closure-185e33661b8d.js [3476/10000] md5=185e33661b8dbfcc3d3494bf14e3d963 bytes=184 template=closure origin=seed:tests/corpus/obfuscation/constant-tag-mix.test.js
 PASS js-fuzzer-closure-185e33661b8d.js [3476/10000] status=ok obs=d82c8d1619ad coverage=+0/32/38 time=3ms
  RUN js-fuzzer-block-scope-3a399cf11460.js [3477/10000] md5=3a399cf11460cbf5ac22ca9633bbafb0 bytes=114 template=block-scope origin=seed:tests/corpus/obfuscation/extern-slot-permutation.test.js
 PASS js-fuzzer-block-scope-3a399cf11460.js [3477/10000] status=ok obs=65b9eea6e1cc coverage=+0/32/38 time=1ms
  RUN js-fuzzer-loop-55c7c905bffb.js [3478/10000] md5=55c7c905bffb4bbbc4c8fb9b91df6ad8 bytes=81 template=loop origin=seed:tests/corpus/obfuscation/externs-console.test.js
 PASS js-fuzzer-loop-55c7c905bffb.js [3478/10000] status=ok obs=eccbc87e4b5c coverage=+0/32/38 time=3ms
  RUN js-fuzzer-try-catch-ecee5cf418be.js [3479/10000] md5=ecee5cf418beff71c62f1aeee5aa3045 bytes=109 template=try-catch origin=seed:tests/corpus/obfuscation/seed-sensitive-functions.test.js
 PASS js-fuzzer-try-catch-ecee5cf418be.js [3479/10000] status=ok obs=45c48cce2e2d coverage=+0/32/38 time=1ms
  RUN js-fuzzer-boundary-86f8354fc6fd.js [3480/10000] md5=86f8354fc6fd092b05683bbf230dc769 bytes=122 template=boundary origin=boundary:2147483647
 PASS js-fuzzer-boundary-86f8354fc6fd.js [3480/10000] status=ok obs=c588c0a459f4 coverage=+0/32/38 time=2ms
  RUN js-fuzzer-arithmetic-87c0040c6062.js [3481/10000] md5=87c0040c606281c5895f83418ff647aa bytes=83 template=arithmetic origin=seed:tests/corpus/regressions/multiple-functions-fib-add.test.js
 PASS js-fuzzer-arithmetic-87c0040c6062.js [3481/10000] status=ok obs=07e1cd7dca89 coverage=+0/32/38 time=3ms
  RUN js-fuzzer-function-ba7ea055d439.js [3482/10000] md5=ba7ea055d4397ffca213251195491d86 bytes=153 template=function origin=seed:tests/corpus/regressions/scope-compressed-closure-params.test.js
 PASS js-fuzzer-function-ba7ea055d439.js [3482/10000] status=ok obs=8f14e45fceea coverage=+0/32/38 time=2ms
  RUN js-fuzzer-array-object-88296df4a6d9.js [3483/10000] md5=88296df4a6d9144fd36dfe03aca46128 bytes=133 template=array-object origin=seed:tests/corpus/runtime/arrays-objects-methods.test.js
 PASS js-fuzzer-array-object-88296df4a6d9.js [3483/10000] status=ok obs=c74d97b01eae coverage=+0/32/38 time=2ms
  RUN js-fuzzer-corpus-8b78ba7912c5.js [3484/10000] md5=8b78ba7912c51f6cf304b65c6ebdb2e3 bytes=289 template=corpus origin=tests/corpus/runtime/block-scopes.test.js
 PASS js-fuzzer-corpus-8b78ba7912c5.js [3484/10000] status=ok obs=37693cfc7480 coverage=+0/32/38 time=2ms
  RUN js-fuzzer-block-scope-fdb149116902.js [3485/10000] md5=fdb14911690224a339347d7ee6dc6351 bytes=114 template=block-scope origin=seed:tests/corpus/runtime/class-fields-static-methods.test.js
 PASS js-fuzzer-block-scope-fdb149116902.js [3485/10000] status=ok obs=f0935e4cd592 coverage=+0/32/38 time=2ms
  RUN js-fuzzer-loop-d35707ad0bf7.js [3486/10000] md5=d35707ad0bf74148f671ad8943998af6 bytes=81 template=loop origin=seed:tests/corpus/runtime/classes-and-objects.test.js
 PASS js-fuzzer-loop-d35707ad0bf7.js [3486/10000] status=ok obs=9bf31c7ff062 coverage=+0/32/38 time=1ms
  RUN js-fuzzer-boundary-221618e58a55.js [3487/10000] md5=221618e58a55537e4dc7530ef9f57aaf bytes=113 template=boundary origin=boundary:2
 PASS js-fuzzer-boundary-221618e58a55.js [3487/10000] status=ok obs=c81e728d9d4c coverage=+0/32/38 time=1ms
  RUN js-fuzzer-class-47fbd3db5853.js [3488/10000] md5=47fbd3db58539fc2e42627a4f3168c79 bytes=101 template=class origin=seed:tests/corpus/runtime/closures-read-captured-values.test.js
 PASS js-fuzzer-class-47fbd3db5853.js [3488/10000] status=ok obs=98f137082101 coverage=+0/32/38 time=3ms
  RUN js-fuzzer-arithmetic-2831c28384a1.js [3489/10000] md5=2831c28384a1e64dd307e5a1c3d968bd bytes=83 template=arithmetic origin=seed:tests/corpus/runtime/exceptions-and-nullish.test.js
 PASS js-fuzzer-arithmetic-2831c28384a1.js [3489/10000] status=ok obs=e369853df766 coverage=+0/32/38 time=3ms
  RUN js-fuzzer-function-0b0d1f5ee746.js [3490/10000] md5=0b0d1f5ee746281ffbedfb7f7f4c45bc bytes=153 template=function origin=seed:tests/corpus/runtime/functions-closures-and-arrows.test.js
 PASS js-fuzzer-function-0b0d1f5ee746.js [3490/10000] status=ok obs=e4da3b7fbbce coverage=+0/32/38 time=3ms
  RUN js-fuzzer-array-object-a06ea78e8005.js [3491/10000] md5=a06ea78e800585ecab9ff8eb65ea34f2 bytes=133 template=array-object origin=seed:tests/corpus/runtime/lexical-shadowing.test.js
 PASS js-fuzzer-array-object-a06ea78e8005.js [3491/10000] status=ok obs=c74d97b01eae coverage=+0/32/38 time=2ms
  RUN js-fuzzer-closure-44e7720ce0a0.js [3492/10000] md5=44e7720ce0a09c319e557ddb04de8b21 bytes=183 template=closure origin=seed:tests/corpus/runtime/modules-export.test.js
 PASS js-fuzzer-closure-44e7720ce0a0.js [3492/10000] status=ok obs=9bf31c7ff062 coverage=+0/32/38 time=5ms
  RUN js-fuzzer-corpus-c557f8da2a9d.js [3493/10000] md5=c557f8da2a9d2904c70dca50c3eeb50e bytes=191 template=corpus origin=tests/corpus/runtime/nested-try-finally.test.js
 PASS js-fuzzer-corpus-c557f8da2a9d.js [3493/10000] status=ok obs=8f14e45fceea coverage=+0/32/38 time=2ms
  RUN js-fuzzer-boundary-a6a77cc918cc.js [3494/10000] md5=a6a77cc918cc479b04ccb7be2bd80dac bytes=113 template=boundary origin=boundary:1
 PASS js-fuzzer-boundary-a6a77cc918cc.js [3494/10000] status=ok obs=c4ca4238a0b9 coverage=+0/32/38 time=1ms
  RUN js-fuzzer-try-catch-c1605790c914.js [3495/10000] md5=c1605790c914ae1743dc7ccc9c3b6fda bytes=110 template=try-catch origin=seed:tests/corpus/syntax/logical-unary-nullish.test.js
 PASS js-fuzzer-try-catch-c1605790c914.js [3495/10000] status=ok obs=1c383cd30b7c coverage=+0/32/38 time=1ms
  RUN js-fuzzer-class-6736c24444bc.js [3496/10000] md5=6736c24444bc6ff151b05a9a974ae4d5 bytes=100 template=class origin=seed:tests/corpus/syntax/object-destructure-and-members.test.js
 PASS js-fuzzer-class-6736c24444bc.js [3496/10000] status=ok obs=45c48cce2e2d coverage=+0/32/38 time=2ms
  RUN js-fuzzer-arithmetic-a4a7dc5e1f0d.js [3497/10000] md5=a4a7dc5e1f0dcf3e062888aff609bd8c bytes=83 template=arithmetic origin=seed:tests/corpus/syntax/switch-do-while-sequence.test.js
 PASS js-fuzzer-arithmetic-a4a7dc5e1f0d.js [3497/10000] status=ok obs=28dd2c7955ce coverage=+0/32/38 time=1ms
  RUN js-fuzzer-function-3dca9339a683.js [3498/10000] md5=3dca9339a6831946d3c5250be8e34eee bytes=153 template=function origin=seed:tests/corpus/syntax/template-array-destructure.test.js
 PASS js-fuzzer-function-3dca9339a683.js [3498/10000] status=ok obs=e4da3b7fbbce coverage=+0/32/38 time=2ms
  RUN js-fuzzer-array-object-ff697f0c1ea3.js [3499/10000] md5=ff697f0c1ea3dd2a2a07a79a4f9f53f9 bytes=133 template=array-object origin=seed:tests/corpus/syntax/typescript-assertions.test.ts
 PASS js-fuzzer-array-object-ff697f0c1ea3.js [3499/10000] status=ok obs=45c48cce2e2d coverage=+0/32/38 time=1ms
  RUN js-fuzzer-closure-fbd3de312c49.js [3500/10000] md5=fbd3de312c49e2e25f8e0259c12a573a bytes=184 template=closure origin=seed:tests/corpus/syntax/typescript-non-null-satisfies.test.ts
 PASS js-fuzzer-closure-fbd3de312c49.js [3500/10000] status=ok obs=d67d8ab4f4c1 coverage=+0/32/38 time=2ms
  RUN js-fuzzer-boundary-37492c99ff33.js [3501/10000] md5=37492c99ff33e9d5e09e0b8e84ba785a bytes=129 template=boundary origin=boundary:-9007199254740991
 PASS js-fuzzer-boundary-37492c99ff33.js [3501/10000] status=ok obs=b3f3a95848f6 coverage=+0/32/38 time=2ms
  RUN js-fuzzer-corpus-ab8ca4f8757c.js [3502/10000] md5=ab8ca4f8757c6165b29cd6a662edad93 bytes=450 template=corpus origin=tests/corpus/fixtures/state-machine-workflow.test.js
 PASS js-fuzzer-corpus-ab8ca4f8757c.js [3502/10000] status=ok obs=b9f49c580664 coverage=+0/32/38 time=2ms
  RUN js-fuzzer-try-catch-18b0b31fe014.js [3503/10000] md5=18b0b31fe014e787990869dd8a5ff18b bytes=110 template=try-catch origin=seed:tests/corpus/fixtures/vue-script-workflow.test.vue
 PASS js-fuzzer-try-catch-18b0b31fe014.js [3503/10000] status=ok obs=aab3238922bc coverage=+0/32/38 time=2ms
  RUN js-fuzzer-class-769274f77fa6.js [3504/10000] md5=769274f77fa62254ce7e0eb0e3adf7f1 bytes=100 template=class origin=seed:tests/corpus/obfuscation/constant-tag-mix.test.js
 PASS js-fuzzer-class-769274f77fa6.js [3504/10000] status=ok obs=c4ca4238a0b9 coverage=+0/32/38 time=2ms
  RUN js-fuzzer-arithmetic-b8bf546386fb.js [3505/10000] md5=b8bf546386fbdc9e82a4d5738d13db9c bytes=84 template=arithmetic origin=seed:tests/corpus/obfuscation/extern-slot-permutation.test.js
 PASS js-fuzzer-arithmetic-b8bf546386fb.js [3505/10000] status=ok obs=ea5d2f1c4608 coverage=+0/32/38 time=1ms
  RUN js-fuzzer-function-f9a15ede1a13.js [3506/10000] md5=f9a15ede1a136ec60ae593fd7d4d8635 bytes=153 template=function origin=seed:tests/corpus/obfuscation/externs-console.test.js
 PASS js-fuzzer-function-f9a15ede1a13.js [3506/10000] status=ok obs=d3d9446802a4 coverage=+0/32/38 time=2ms
  RUN js-fuzzer-array-object-0a7a37c68fab.js [3507/10000] md5=0a7a37c68fab1056af0b854fa175e24e bytes=133 template=array-object origin=seed:tests/corpus/obfuscation/seed-sensitive-functions.test.js
 PASS js-fuzzer-array-object-0a7a37c68fab.js [3507/10000] status=ok obs=3c59dc048e88 coverage=+0/32/38 time=2ms
  RUN js-fuzzer-boundary-512d8e9b531d.js [3508/10000] md5=512d8e9b531dd316e823325cc949e70e bytes=123 template=boundary origin=boundary:-2147483648
 PASS js-fuzzer-boundary-512d8e9b531d.js [3508/10000] status=ok obs=034ff5946105 coverage=+0/32/38 time=1ms
  RUN js-fuzzer-block-scope-278e1355754c.js [3509/10000] md5=278e1355754cd4ed42a12b75127f78a4 bytes=114 template=block-scope origin=seed:tests/corpus/regressions/multiple-functions-fib-add.test.js
 PASS js-fuzzer-block-scope-278e1355754c.js [3509/10000] status=ok obs=a97da629b098 coverage=+0/32/38 time=2ms
  RUN js-fuzzer-loop-55c7c905bffb.js [3510/10000] md5=55c7c905bffb4bbbc4c8fb9b91df6ad8 bytes=81 template=loop origin=seed:tests/corpus/regressions/scope-compressed-closure-params.test.js
 PASS js-fuzzer-loop-55c7c905bffb.js [3510/10000] status=ok obs=eccbc87e4b5c coverage=+0/32/38 time=2ms
  RUN js-fuzzer-corpus-a07012429fce.js [3511/10000] md5=a07012429fce4b4d7c8af42f445f70b9 bytes=163 template=corpus origin=tests/corpus/runtime/arrays-objects-methods.test.js
 PASS js-fuzzer-corpus-a07012429fce.js [3511/10000] status=ok obs=c51ce410c124 coverage=+0/32/38 time=1ms
  RUN js-fuzzer-class-1fb70654253d.js [3512/10000] md5=1fb70654253d944404805630039f463c bytes=101 template=class origin=seed:tests/corpus/runtime/block-scopes.test.js
 PASS js-fuzzer-class-1fb70654253d.js [3512/10000] status=ok obs=c51ce410c124 coverage=+0/32/38 time=2ms
  RUN js-fuzzer-arithmetic-0a1dd6dc2bbf.js [3513/10000] md5=0a1dd6dc2bbf7f5a0a52f5fb3ec35192 bytes=83 template=arithmetic origin=seed:tests/corpus/runtime/class-fields-static-methods.test.js
 PASS js-fuzzer-arithmetic-0a1dd6dc2bbf.js [3513/10000] status=ok obs=93db85ed909c coverage=+0/32/38 time=2ms
  RUN js-fuzzer-function-79bb4335938d.js [3514/10000] md5=79bb4335938d82d557d11e6633b235d0 bytes=153 template=function origin=seed:tests/corpus/runtime/classes-and-objects.test.js
 PASS js-fuzzer-function-79bb4335938d.js [3514/10000] status=ok obs=6512bd43d9ca coverage=+0/32/38 time=2ms
  RUN js-fuzzer-boundary-4ae25cb2e150.js [3515/10000] md5=4ae25cb2e15083bfca9f6b81b3f9f24b bytes=114 template=boundary origin=boundary:-2
 PASS js-fuzzer-boundary-4ae25cb2e150.js [3515/10000] status=ok obs=5d7b9adcbe1c coverage=+0/32/38 time=1ms
  RUN js-fuzzer-closure-71cc813f8760.js [3516/10000] md5=71cc813f87604c07caf975556695ade7 bytes=185 template=closure origin=seed:tests/corpus/runtime/closures-read-captured-values.test.js
 PASS js-fuzzer-closure-71cc813f8760.js [3516/10000] status=ok obs=fe9fc289c3ff coverage=+0/32/38 time=2ms
  RUN js-fuzzer-block-scope-ac3d07b5f6a1.js [3517/10000] md5=ac3d07b5f6a1ed4b926dc8df94f557f2 bytes=114 template=block-scope origin=seed:tests/corpus/runtime/exceptions-and-nullish.test.js
 PASS js-fuzzer-block-scope-ac3d07b5f6a1.js [3517/10000] status=ok obs=a3c65c297427 coverage=+0/32/38 time=3ms
  RUN js-fuzzer-loop-f495ca2fc638.js [3518/10000] md5=f495ca2fc6389f933578fc501f5b1465 bytes=81 template=loop origin=seed:tests/corpus/runtime/functions-closures-and-arrows.test.js
 PASS js-fuzzer-loop-f495ca2fc638.js [3518/10000] status=ok obs=c4ca4238a0b9 coverage=+0/32/38 time=3ms
  RUN js-fuzzer-try-catch-081c74da6bdb.js [3519/10000] md5=081c74da6bdbcec08ff71798dacff9f1 bytes=110 template=try-catch origin=seed:tests/corpus/runtime/lexical-shadowing.test.js
 PASS js-fuzzer-try-catch-081c74da6bdb.js [3519/10000] status=ok obs=6c8349cc7260 coverage=+0/32/38 time=2ms
  RUN js-fuzzer-corpus-4131d841163b.js [3520/10000] md5=4131d841163b79e192bca9d4fc683c54 bytes=58 template=corpus origin=tests/corpus/runtime/modules-export.test.js
 PASS js-fuzzer-corpus-4131d841163b.js [3520/10000] status=ok obs=8f14e45fceea coverage=+0/32/38 time=2ms
  RUN js-fuzzer-arithmetic-1529e7a3d2f1.js [3521/10000] md5=1529e7a3d2f1afe970ad8493d97179c8 bytes=83 template=arithmetic origin=seed:tests/corpus/runtime/nested-try-finally.test.js
 PASS js-fuzzer-arithmetic-1529e7a3d2f1.js [3521/10000] status=ok obs=c16a5320fa47 coverage=+0/32/38 time=1ms
  RUN js-fuzzer-boundary-7f379f781f4f.js [3522/10000] md5=7f379f781f4f9844733fb0f4c5d8aa15 bytes=114 template=boundary origin=boundary:-1
 PASS js-fuzzer-boundary-7f379f781f4f.js [3522/10000] status=ok obs=6bb61e3b7bce coverage=+0/32/38 time=2ms
  RUN js-fuzzer-array-object-50cca12195dc.js [3523/10000] md5=50cca12195dc3f1a930561de451d2128 bytes=133 template=array-object origin=seed:tests/corpus/syntax/logical-unary-nullish.test.js
 PASS js-fuzzer-array-object-50cca12195dc.js [3523/10000] status=ok obs=c51ce410c124 coverage=+0/32/38 time=2ms
  RUN js-fuzzer-closure-120062731571.js [3524/10000] md5=12006273157171109907ba017ec6f555 bytes=183 template=closure origin=seed:tests/corpus/syntax/object-destructure-and-members.test.js
 PASS js-fuzzer-closure-120062731571.js [3524/10000] status=ok obs=c16a5320fa47 coverage=+0/32/38 time=2ms
  RUN js-fuzzer-block-scope-6417f2589c9c.js [3525/10000] md5=6417f2589c9c44f5c51f1205a1099af9 bytes=115 template=block-scope origin=seed:tests/corpus/syntax/switch-do-while-sequence.test.js
 PASS js-fuzzer-block-scope-6417f2589c9c.js [3525/10000] status=ok obs=5f93f983524d coverage=+0/32/38 time=1ms
  RUN js-fuzzer-loop-54e460cecf5c.js [3526/10000] md5=54e460cecf5c05dfcffaa3b2e5f57445 bytes=81 template=loop origin=seed:tests/corpus/syntax/template-array-destructure.test.js
 PASS js-fuzzer-loop-54e460cecf5c.js [3526/10000] status=ok obs=d3d9446802a4 coverage=+0/32/38 time=2ms
  RUN js-fuzzer-try-catch-0db921dfa62d.js [3527/10000] md5=0db921dfa62dbbfd21889addc9a83362 bytes=110 template=try-catch origin=seed:tests/corpus/syntax/typescript-assertions.test.ts
 PASS js-fuzzer-try-catch-0db921dfa62d.js [3527/10000] status=ok obs=34173cb38f07 coverage=+0/32/38 time=2ms
  RUN js-fuzzer-class-b1e3642c0208.js [3528/10000] md5=b1e3642c0208992266fb21668a536292 bytes=100 template=class origin=seed:tests/corpus/syntax/typescript-non-null-satisfies.test.ts
 PASS js-fuzzer-class-b1e3642c0208.js [3528/10000] status=ok obs=c9f0f895fb98 coverage=+0/32/38 time=1ms
  RUN js-fuzzer-corpus-797f152bf878.js [3529/10000] md5=797f152bf878d5049066c6db6d2360b3 bytes=355 template=corpus origin=tests/corpus/fixtures/job-workflow.test.js
 PASS js-fuzzer-corpus-797f152bf878.js [3529/10000] status=ok obs=b9de0628c8ec coverage=+0/32/38 time=3ms
  RUN js-fuzzer-function-17ab2ee95112.js [3530/10000] md5=17ab2ee95112b813f54b3d07b24c1dbd bytes=153 template=function origin=seed:tests/corpus/fixtures/state-machine-workflow.test.js
 PASS js-fuzzer-function-17ab2ee95112.js [3530/10000] status=ok obs=b6d767d2f8ed coverage=+0/32/38 time=2ms
  RUN js-fuzzer-array-object-f3bf43fa5c9f.js [3531/10000] md5=f3bf43fa5c9f729a1aa3347c323e99ee bytes=133 template=array-object origin=seed:tests/corpus/fixtures/vue-script-workflow.test.vue
 PASS js-fuzzer-array-object-f3bf43fa5c9f.js [3531/10000] status=ok obs=d3d9446802a4 coverage=+0/32/38 time=2ms
  RUN js-fuzzer-closure-a7290ab1433b.js [3532/10000] md5=a7290ab1433b0718bda6603ed58614be bytes=184 template=closure origin=seed:tests/corpus/obfuscation/constant-tag-mix.test.js
 PASS js-fuzzer-closure-a7290ab1433b.js [3532/10000] status=ok obs=f457c545a9de coverage=+0/32/38 time=2ms
  RUN js-fuzzer-block-scope-8fb3e75de1bb.js [3533/10000] md5=8fb3e75de1bb7fb63afdaac8fb70bf71 bytes=114 template=block-scope origin=seed:tests/corpus/obfuscation/extern-slot-permutation.test.js
 PASS js-fuzzer-block-scope-8fb3e75de1bb.js [3533/10000] status=ok obs=ec8956637a99 coverage=+0/32/38 time=1ms
  RUN js-fuzzer-loop-d35707ad0bf7.js [3534/10000] md5=d35707ad0bf74148f671ad8943998af6 bytes=81 template=loop origin=seed:tests/corpus/obfuscation/externs-console.test.js
 PASS js-fuzzer-loop-d35707ad0bf7.js [3534/10000] status=ok obs=9bf31c7ff062 coverage=+0/32/38 time=2ms
  RUN js-fuzzer-try-catch-b442aa263f12.js [3535/10000] md5=b442aa263f129fb627b483e77db700ad bytes=110 template=try-catch origin=seed:tests/corpus/obfuscation/seed-sensitive-functions.test.js
 PASS js-fuzzer-try-catch-b442aa263f12.js [3535/10000] status=ok obs=c20ad4d76fe9 coverage=+0/32/38 time=2ms
  RUN js-fuzzer-boundary-6330cdecf02f.js [3536/10000] md5=6330cdecf02f68328876d88213acc2ac bytes=128 template=boundary origin=boundary:9007199254740991
 PASS js-fuzzer-boundary-6330cdecf02f.js [3536/10000] status=ok obs=8bfa9ad090fb coverage=+0/32/38 time=1ms
  RUN js-fuzzer-arithmetic-354dcd9d29dd.js [3537/10000] md5=354dcd9d29dd9531480af26b76982335 bytes=83 template=arithmetic origin=seed:tests/corpus/regressions/multiple-functions-fib-add.test.js
 PASS js-fuzzer-arithmetic-354dcd9d29dd.js [3537/10000] status=ok obs=8e296a067a37 coverage=+0/32/38 time=2ms
  RUN js-fuzzer-corpus-c28cfb056309.js [3538/10000] md5=c28cfb056309f2a77f8bd9756b123c54 bytes=147 template=corpus origin=tests/corpus/regressions/scope-compressed-closure-params.test.js
 PASS js-fuzzer-corpus-c28cfb056309.js [3538/10000] status=ok obs=c51ce410c124 coverage=+0/32/38 time=2ms
  RUN js-fuzzer-array-object-4cb4bda8152a.js [3539/10000] md5=4cb4bda8152a7a3a5e86ec09bc274b54 bytes=133 template=array-object origin=seed:tests/corpus/runtime/arrays-objects-methods.test.js
 PASS js-fuzzer-array-object-4cb4bda8152a.js [3539/10000] status=ok obs=98f137082101 coverage=+0/32/38 time=1ms
  RUN js-fuzzer-closure-edadf30fe44a.js [3540/10000] md5=edadf30fe44ac543fbdb70ce962ad687 bytes=184 template=closure origin=seed:tests/corpus/runtime/block-scopes.test.js
 PASS js-fuzzer-closure-edadf30fe44a.js [3540/10000] status=ok obs=182be0c5cdcd coverage=+0/32/38 time=2ms
  RUN js-fuzzer-block-scope-bc0e6e638c42.js [3541/10000] md5=bc0e6e638c42d0e5f0ca421e2d343582 bytes=114 template=block-scope origin=seed:tests/corpus/runtime/class-fields-static-methods.test.js
 PASS js-fuzzer-block-scope-bc0e6e638c42.js [3541/10000] status=ok obs=2723d092b638 coverage=+0/32/38 time=1ms
  RUN js-fuzzer-loop-d35707ad0bf7.js [3542/10000] md5=d35707ad0bf74148f671ad8943998af6 bytes=81 template=loop origin=seed:tests/corpus/runtime/classes-and-objects.test.js
 PASS js-fuzzer-loop-d35707ad0bf7.js [3542/10000] status=ok obs=9bf31c7ff062 coverage=+0/32/38 time=1ms
  RUN js-fuzzer-boundary-86f8354fc6fd.js [3543/10000] md5=86f8354fc6fd092b05683bbf230dc769 bytes=122 template=boundary origin=boundary:2147483647
 PASS js-fuzzer-boundary-86f8354fc6fd.js [3543/10000] status=ok obs=c588c0a459f4 coverage=+0/32/38 time=2ms
  RUN js-fuzzer-class-1fb70654253d.js [3544/10000] md5=1fb70654253d944404805630039f463c bytes=101 template=class origin=seed:tests/corpus/runtime/closures-read-captured-values.test.js
 PASS js-fuzzer-class-1fb70654253d.js [3544/10000] status=ok obs=c51ce410c124 coverage=+0/32/38 time=1ms
  RUN js-fuzzer-arithmetic-53e87781e7c4.js [3545/10000] md5=53e87781e7c430d7d2cb953d40c9cdc1 bytes=84 template=arithmetic origin=seed:tests/corpus/runtime/exceptions-and-nullish.test.js
 PASS js-fuzzer-arithmetic-53e87781e7c4.js [3545/10000] status=ok obs=f033ab37c302 coverage=+0/32/38 time=2ms
  RUN js-fuzzer-function-d3859b93eee1.js [3546/10000] md5=d3859b93eee1f3bcfec0cda51c4d02bf bytes=153 template=function origin=seed:tests/corpus/runtime/functions-closures-and-arrows.test.js
 PASS js-fuzzer-function-d3859b93eee1.js [3546/10000] status=ok obs=a87ff679a2f3 coverage=+0/32/38 time=2ms
  RUN js-fuzzer-corpus-463d4dee8a1f.js [3547/10000] md5=463d4dee8a1f930fa8af57a704cacf3e bytes=232 template=corpus origin=tests/corpus/runtime/lexical-shadowing.test.js
 PASS js-fuzzer-corpus-463d4dee8a1f.js [3547/10000] status=ok obs=c51ce410c124 coverage=+0/32/38 time=2ms
  RUN js-fuzzer-closure-8cf99f000395.js [3548/10000] md5=8cf99f000395191c99329144e3d48985 bytes=184 template=closure origin=seed:tests/corpus/runtime/modules-export.test.js
 PASS js-fuzzer-closure-8cf99f000395.js [3548/10000] status=ok obs=d2ddea18f006 coverage=+0/32/38 time=2ms
  RUN js-fuzzer-block-scope-cd4ca530ceaa.js [3549/10000] md5=cd4ca530ceaae2742d31ed87b34a7cc3 bytes=114 template=block-scope origin=seed:tests/corpus/runtime/nested-try-finally.test.js
 PASS js-fuzzer-block-scope-cd4ca530ceaa.js [3549/10000] status=ok obs=c9e1074f5b3f coverage=+0/32/38 time=3ms
  RUN js-fuzzer-boundary-85faf3787c26.js [3550/10000] md5=85faf3787c26ca3bad9215a544873988 bytes=113 template=boundary origin=boundary:2
 PASS js-fuzzer-boundary-85faf3787c26.js [3550/10000] status=ok obs=c81e728d9d4c coverage=+0/32/38 time=2ms
  RUN js-fuzzer-try-catch-684f084d24b8.js [3551/10000] md5=684f084d24b8db7c12c5b7b39189e1fb bytes=110 template=try-catch origin=seed:tests/corpus/syntax/logical-unary-nullish.test.js
 PASS js-fuzzer-try-catch-684f084d24b8.js [3551/10000] status=ok obs=3416a75f4cea coverage=+0/32/38 time=4ms
  RUN js-fuzzer-class-d2b3669b495d.js [3552/10000] md5=d2b3669b495dd4792f9e1509f2bbf8a7 bytes=100 template=class origin=seed:tests/corpus/syntax/object-destructure-and-members.test.js
 PASS js-fuzzer-class-d2b3669b495d.js [3552/10000] status=ok obs=eccbc87e4b5c coverage=+0/32/38 time=6ms
  RUN js-fuzzer-arithmetic-d53c5e689e44.js [3553/10000] md5=d53c5e689e44d4883d1665812f7751c9 bytes=84 template=arithmetic origin=seed:tests/corpus/syntax/switch-do-while-sequence.test.js
 PASS js-fuzzer-arithmetic-d53c5e689e44.js [3553/10000] status=ok obs=65ded5353c5e coverage=+0/32/38 time=2ms
  RUN js-fuzzer-function-ced1d0daab2e.js [3554/10000] md5=ced1d0daab2e23fdcfec672d899d9739 bytes=153 template=function origin=seed:tests/corpus/syntax/template-array-destructure.test.js
 PASS js-fuzzer-function-ced1d0daab2e.js [3554/10000] status=ok obs=8e296a067a37 coverage=+0/32/38 time=4ms
  RUN js-fuzzer-array-object-140ff031dcf5.js [3555/10000] md5=140ff031dcf5bb587562ee8766242644 bytes=133 template=array-object origin=seed:tests/corpus/syntax/typescript-assertions.test.ts
 PASS js-fuzzer-array-object-140ff031dcf5.js [3555/10000] status=ok obs=45c48cce2e2d coverage=+0/32/38 time=2ms
  RUN js-fuzzer-corpus-e3eeaea0f8a2.js [3556/10000] md5=e3eeaea0f8a2c5d5b650d4007cf78b4a bytes=104 template=corpus origin=tests/corpus/syntax/typescript-non-null-satisfies.test.ts
 PASS js-fuzzer-corpus-e3eeaea0f8a2.js [3556/10000] status=ok obs=d3d9446802a4 coverage=+0/32/38 time=1ms
  RUN js-fuzzer-boundary-2f35f880f964.js [3557/10000] md5=2f35f880f96468b375c4e71feba05308 bytes=113 template=boundary origin=boundary:1
 PASS js-fuzzer-boundary-2f35f880f964.js [3557/10000] status=ok obs=c4ca4238a0b9 coverage=+0/32/38 time=3ms
  RUN js-fuzzer-loop-f495ca2fc638.js [3558/10000] md5=f495ca2fc6389f933578fc501f5b1465 bytes=81 template=loop origin=seed:tests/corpus/fixtures/state-machine-workflow.test.js
 PASS js-fuzzer-loop-f495ca2fc638.js [3558/10000] status=ok obs=c4ca4238a0b9 coverage=+0/32/38 time=4ms
  RUN js-fuzzer-try-catch-8eb6765f66fd.js [3559/10000] md5=8eb6765f66fd409e223a9383e9857a4c bytes=109 template=try-catch origin=seed:tests/corpus/fixtures/vue-script-workflow.test.vue
 PASS js-fuzzer-try-catch-8eb6765f66fd.js [3559/10000] status=ok obs=6512bd43d9ca coverage=+0/32/38 time=2ms
  RUN js-fuzzer-class-c0844991889f.js [3560/10000] md5=c0844991889f03308712cd6bc6b7c31c bytes=101 template=class origin=seed:tests/corpus/obfuscation/constant-tag-mix.test.js
 PASS js-fuzzer-class-c0844991889f.js [3560/10000] status=ok obs=70efdf2ec9b0 coverage=+0/32/38 time=2ms
  RUN js-fuzzer-arithmetic-41c90119d185.js [3561/10000] md5=41c90119d1852cd1ce8c319045e634b0 bytes=85 template=arithmetic origin=seed:tests/corpus/obfuscation/extern-slot-permutation.test.js
 PASS js-fuzzer-arithmetic-41c90119d185.js [3561/10000] status=ok obs=e369853df766 coverage=+0/32/38 time=1ms
  RUN js-fuzzer-function-21f30959172f.js [3562/10000] md5=21f30959172fc1289c7ff8ad630f96bf bytes=153 template=function origin=seed:tests/corpus/obfuscation/externs-console.test.js
 PASS js-fuzzer-function-21f30959172f.js [3562/10000] status=ok obs=4e732ced3463 coverage=+0/32/38 time=3ms
  RUN js-fuzzer-array-object-695752978cb5.js [3563/10000] md5=695752978cb50e49b46ffc8b9b0fc500 bytes=133 template=array-object origin=seed:tests/corpus/obfuscation/seed-sensitive-functions.test.js
 PASS js-fuzzer-array-object-695752978cb5.js [3563/10000] status=ok obs=9bf31c7ff062 coverage=+0/32/38 time=2ms
  RUN js-fuzzer-boundary-6aec0a9b1ff4.js [3564/10000] md5=6aec0a9b1ff4294bcfecb539ba7e660b bytes=129 template=boundary origin=boundary:-9007199254740991
 PASS js-fuzzer-boundary-6aec0a9b1ff4.js [3564/10000] status=ok obs=b3f3a95848f6 coverage=+0/32/38 time=1ms
  RUN js-fuzzer-corpus-ad9ed8746461.js [3565/10000] md5=ad9ed87464611c6dd81b04b3754c760c bytes=214 template=corpus origin=tests/corpus/regressions/multiple-functions-fib-add.test.js
 PASS js-fuzzer-corpus-ad9ed8746461.js [3565/10000] status=ok obs=3c59dc048e88 coverage=+0/32/38 time=14ms
  RUN js-fuzzer-loop-54e460cecf5c.js [3566/10000] md5=54e460cecf5c05dfcffaa3b2e5f57445 bytes=81 template=loop origin=seed:tests/corpus/regressions/scope-compressed-closure-params.test.js
 PASS js-fuzzer-loop-54e460cecf5c.js [3566/10000] status=ok obs=d3d9446802a4 coverage=+0/32/38 time=6ms
  RUN js-fuzzer-try-catch-f457fe0c144d.js [3567/10000] md5=f457fe0c144d86e31ce7ae86f7f5c357 bytes=110 template=try-catch origin=seed:tests/corpus/runtime/arrays-objects-methods.test.js
 PASS js-fuzzer-try-catch-f457fe0c144d.js [3567/10000] status=ok obs=67c6a1e7ce56 coverage=+0/32/38 time=4ms
  RUN js-fuzzer-class-a365d1a76b7b.js [3568/10000] md5=a365d1a76b7b0d4310621afa7caac433 bytes=100 template=class origin=seed:tests/corpus/runtime/block-scopes.test.js
 PASS js-fuzzer-class-a365d1a76b7b.js [3568/10000] status=ok obs=8f14e45fceea coverage=+0/32/38 time=4ms
  RUN js-fuzzer-arithmetic-6e211a41d716.js [3569/10000] md5=6e211a41d716f17a9b9ffe7f8332b995 bytes=83 template=arithmetic origin=seed:tests/corpus/runtime/class-fields-static-methods.test.js
 PASS js-fuzzer-arithmetic-6e211a41d716.js [3569/10000] status=ok obs=7f6ffaa6bb0b coverage=+0/32/38 time=2ms
  RUN js-fuzzer-function-cb7d7d91d83d.js [3570/10000] md5=cb7d7d91d83d165500656240f14cd1fc bytes=153 template=function origin=seed:tests/corpus/runtime/classes-and-objects.test.js
 PASS js-fuzzer-function-cb7d7d91d83d.js [3570/10000] status=ok obs=8f14e45fceea coverage=+0/32/38 time=8ms
  RUN js-fuzzer-boundary-205872a6e44c.js [3571/10000] md5=205872a6e44c1ea0cf94554af934fb09 bytes=123 template=boundary origin=boundary:-2147483648
 PASS js-fuzzer-boundary-205872a6e44c.js [3571/10000] status=ok obs=034ff5946105 coverage=+0/32/38 time=1ms
  RUN js-fuzzer-closure-177ac1f6e5b8.js [3572/10000] md5=177ac1f6e5b820f1c8af5a52a84b0398 bytes=184 template=closure origin=seed:tests/corpus/runtime/closures-read-captured-values.test.js
 PASS js-fuzzer-closure-177ac1f6e5b8.js [3572/10000] status=ok obs=03afdbd66e79 coverage=+0/32/38 time=3ms
  RUN js-fuzzer-block-scope-041ad61d2adf.js [3573/10000] md5=041ad61d2adf327a5cb0cee5a2d4512d bytes=114 template=block-scope origin=seed:tests/corpus/runtime/exceptions-and-nullish.test.js
 PASS js-fuzzer-block-scope-041ad61d2adf.js [3573/10000] status=ok obs=65b9eea6e1cc coverage=+0/32/38 time=4ms
  RUN js-fuzzer-corpus-72746d071c58.js [3574/10000] md5=72746d071c58fadd9399bc8934c30553 bytes=197 template=corpus origin=tests/corpus/runtime/functions-closures-and-arrows.test.js
 PASS js-fuzzer-corpus-72746d071c58.js [3574/10000] status=ok obs=c74d97b01eae coverage=+0/32/38 time=4ms
  RUN js-fuzzer-try-catch-56393ff77182.js [3575/10000] md5=56393ff771824d567a8911f280bf7f9d bytes=110 template=try-catch origin=seed:tests/corpus/runtime/lexical-shadowing.test.js
 PASS js-fuzzer-try-catch-56393ff77182.js [3575/10000] status=ok obs=4e732ced3463 coverage=+0/32/38 time=2ms
  RUN js-fuzzer-class-587587295e00.js [3576/10000] md5=587587295e0075a0a19c4572e53274fe bytes=101 template=class origin=seed:tests/corpus/runtime/modules-export.test.js
 PASS js-fuzzer-class-587587295e00.js [3576/10000] status=ok obs=1f0e3dad9990 coverage=+0/32/38 time=2ms
  RUN js-fuzzer-arithmetic-f881f906e845.js [3577/10000] md5=f881f906e84510e9c1d66c978f5e017b bytes=84 template=arithmetic origin=seed:tests/corpus/runtime/nested-try-finally.test.js
 PASS js-fuzzer-arithmetic-f881f906e845.js [3577/10000] status=ok obs=9bf31c7ff062 coverage=+0/32/38 time=2ms
  RUN js-fuzzer-boundary-4ae25cb2e150.js [3578/10000] md5=4ae25cb2e15083bfca9f6b81b3f9f24b bytes=114 template=boundary origin=boundary:-2
 PASS js-fuzzer-boundary-4ae25cb2e150.js [3578/10000] status=ok obs=5d7b9adcbe1c coverage=+0/32/38 time=1ms
  RUN js-fuzzer-array-object-4d322a4753c6.js [3579/10000] md5=4d322a4753c692b0d9135ecc13d2af17 bytes=133 template=array-object origin=seed:tests/corpus/syntax/logical-unary-nullish.test.js
 PASS js-fuzzer-array-object-4d322a4753c6.js [3579/10000] status=ok obs=9bf31c7ff062 coverage=+0/32/38 time=1ms
  RUN js-fuzzer-closure-b9f1298bca55.js [3580/10000] md5=b9f1298bca55575e7ec0ffbaead69334 bytes=184 template=closure origin=seed:tests/corpus/syntax/object-destructure-and-members.test.js
 PASS js-fuzzer-closure-b9f1298bca55.js [3580/10000] status=ok obs=a5bfc9e07964 coverage=+0/32/38 time=2ms
  RUN js-fuzzer-block-scope-c54c93e141bc.js [3581/10000] md5=c54c93e141bc8ee7724d1c13ebb51f74 bytes=114 template=block-scope origin=seed:tests/corpus/syntax/switch-do-while-sequence.test.js
 PASS js-fuzzer-block-scope-c54c93e141bc.js [3581/10000] status=ok obs=ec8956637a99 coverage=+0/32/38 time=2ms
  RUN js-fuzzer-loop-b88258462a8d.js [3582/10000] md5=b88258462a8d880f8b0e459fa23b2536 bytes=81 template=loop origin=seed:tests/corpus/syntax/template-array-destructure.test.js
 PASS js-fuzzer-loop-b88258462a8d.js [3582/10000] status=ok obs=3c59dc048e88 coverage=+0/32/38 time=1ms
  RUN js-fuzzer-corpus-57a83a4b020d.js [3583/10000] md5=57a83a4b020d4b85b42b0a3709f283ad bytes=130 template=corpus origin=tests/corpus/syntax/typescript-assertions.test.ts
 PASS js-fuzzer-corpus-57a83a4b020d.js [3583/10000] status=ok obs=45c48cce2e2d coverage=+0/32/38 time=1ms
  RUN js-fuzzer-class-d8979b510eb0.js [3584/10000] md5=d8979b510eb085c9e0e846586f80f265 bytes=101 template=class origin=seed:tests/corpus/syntax/typescript-non-null-satisfies.test.ts
 PASS js-fuzzer-class-d8979b510eb0.js [3584/10000] status=ok obs=c74d97b01eae coverage=+0/32/38 time=2ms
  RUN js-fuzzer-boundary-1024adcac0e5.js [3585/10000] md5=1024adcac0e5cc9f99f478fa66dcc00c bytes=114 template=boundary origin=boundary:-1
 PASS js-fuzzer-boundary-1024adcac0e5.js [3585/10000] status=ok obs=6bb61e3b7bce coverage=+0/32/38 time=2ms
  RUN js-fuzzer-function-134a85d12098.js [3586/10000] md5=134a85d120985077bd24a3a53ac64560 bytes=153 template=function origin=seed:tests/corpus/fixtures/state-machine-workflow.test.js
 PASS js-fuzzer-function-134a85d12098.js [3586/10000] status=ok obs=1679091c5a88 coverage=+0/32/38 time=1ms
  RUN js-fuzzer-array-object-c345bbae2540.js [3587/10000] md5=c345bbae2540870d39aeade5f1fcc86c bytes=133 template=array-object origin=seed:tests/corpus/fixtures/vue-script-workflow.test.vue
 PASS js-fuzzer-array-object-c345bbae2540.js [3587/10000] status=ok obs=6f4922f45568 coverage=+0/32/38 time=2ms
  RUN js-fuzzer-closure-df3f12e67ed3.js [3588/10000] md5=df3f12e67ed3f7981f6f6392f8ac7e21 bytes=185 template=closure origin=seed:tests/corpus/obfuscation/constant-tag-mix.test.js
 PASS js-fuzzer-closure-df3f12e67ed3.js [3588/10000] status=ok obs=e2c420d928d4 coverage=+0/32/38 time=2ms
  RUN js-fuzzer-block-scope-250010e390cc.js [3589/10000] md5=250010e390ccf01ade8aa57381b7974e bytes=114 template=block-scope origin=seed:tests/corpus/obfuscation/extern-slot-permutation.test.js
 PASS js-fuzzer-block-scope-250010e390cc.js [3589/10000] status=ok obs=ec8956637a99 coverage=+0/32/38 time=1ms
  RUN js-fuzzer-loop-bbf1d7a15d8d.js [3590/10000] md5=bbf1d7a15d8dd015402d75c0e0108b5f bytes=81 template=loop origin=seed:tests/corpus/obfuscation/externs-console.test.js
 PASS js-fuzzer-loop-bbf1d7a15d8d.js [3590/10000] status=ok obs=1679091c5a88 coverage=+0/32/38 time=2ms
  RUN js-fuzzer-try-catch-47becaf372c3.js [3591/10000] md5=47becaf372c34523cd2fbacf2b53d016 bytes=110 template=try-catch origin=seed:tests/corpus/obfuscation/seed-sensitive-functions.test.js
 PASS js-fuzzer-try-catch-47becaf372c3.js [3591/10000] status=ok obs=02e74f10e032 coverage=+0/32/38 time=2ms
  RUN js-fuzzer-corpus-79643e915862.js [3592/10000] md5=79643e91586251700d34c0c65a0220da bytes=89 template=corpus origin=tests/corpus/regressions/destructuring-lowers-to-member.test.js
 PASS js-fuzzer-corpus-79643e915862.js [3592/10000] status=ok obs=eccbc87e4b5c coverage=+0/32/38 time=1ms
  RUN js-fuzzer-arithmetic-d06a2d40b037.js [3593/10000] md5=d06a2d40b0376128bdfe0612f0c232cd bytes=85 template=arithmetic origin=seed:tests/corpus/regressions/multiple-functions-fib-add.test.js
 PASS js-fuzzer-arithmetic-d06a2d40b037.js [3593/10000] status=ok obs=34ed066df378 coverage=+0/32/38 time=2ms
  RUN js-fuzzer-function-e04598e59cc1.js [3594/10000] md5=e04598e59cc109c5f5c20638fe37a892 bytes=153 template=function origin=seed:tests/corpus/regressions/scope-compressed-closure-params.test.js
 PASS js-fuzzer-function-e04598e59cc1.js [3594/10000] status=ok obs=d3d9446802a4 coverage=+0/32/38 time=2ms
  RUN js-fuzzer-array-object-7b1bea005c9f.js [3595/10000] md5=7b1bea005c9fb79dc556f7258bfce397 bytes=133 template=array-object origin=seed:tests/corpus/runtime/arrays-objects-methods.test.js
 PASS js-fuzzer-array-object-7b1bea005c9f.js [3595/10000] status=ok obs=d3d9446802a4 coverage=+0/32/38 time=1ms
  RUN js-fuzzer-closure-43cdd85cb2be.js [3596/10000] md5=43cdd85cb2be21e4b3f331b2c3c696fa bytes=185 template=closure origin=seed:tests/corpus/runtime/block-scopes.test.js
 PASS js-fuzzer-closure-43cdd85cb2be.js [3596/10000] status=ok obs=d82c8d1619ad coverage=+0/32/38 time=2ms
  RUN js-fuzzer-block-scope-174fa4fc97e1.js [3597/10000] md5=174fa4fc97e1645d7383ebda1e653a4c bytes=114 template=block-scope origin=seed:tests/corpus/runtime/class-fields-static-methods.test.js
 PASS js-fuzzer-block-scope-174fa4fc97e1.js [3597/10000] status=ok obs=a3c65c297427 coverage=+0/32/38 time=1ms
  RUN js-fuzzer-loop-54e460cecf5c.js [3598/10000] md5=54e460cecf5c05dfcffaa3b2e5f57445 bytes=81 template=loop origin=seed:tests/corpus/runtime/classes-and-objects.test.js
 PASS js-fuzzer-loop-54e460cecf5c.js [3598/10000] status=ok obs=d3d9446802a4 coverage=+0/32/38 time=2ms
  RUN js-fuzzer-boundary-2b35f90895ea.js [3599/10000] md5=2b35f90895ea85111e562e627044f919 bytes=128 template=boundary origin=boundary:9007199254740991
 PASS js-fuzzer-boundary-2b35f90895ea.js [3599/10000] status=ok obs=8bfa9ad090fb coverage=+0/32/38 time=1ms
  RUN js-fuzzer-class-a365d1a76b7b.js [3600/10000] md5=a365d1a76b7b0d4310621afa7caac433 bytes=100 template=class origin=seed:tests/corpus/runtime/closures-read-captured-values.test.js
 PASS js-fuzzer-class-a365d1a76b7b.js [3600/10000] status=ok obs=8f14e45fceea coverage=+0/32/38 time=2ms
  RUN js-fuzzer-corpus-cf8fb96e8476.js [3601/10000] md5=cf8fb96e8476c262b73583c86dd80821 bytes=178 template=corpus origin=tests/corpus/runtime/exceptions-and-nullish.test.js
 PASS js-fuzzer-corpus-cf8fb96e8476.js [3601/10000] status=ok obs=24ed5e8718fc coverage=+0/32/38 time=2ms
  RUN js-fuzzer-function-3e322d578629.js [3602/10000] md5=3e322d5786297aab4fec4c2fa56a2542 bytes=153 template=function origin=seed:tests/corpus/runtime/functions-closures-and-arrows.test.js
 PASS js-fuzzer-function-3e322d578629.js [3602/10000] status=ok obs=1679091c5a88 coverage=+0/32/38 time=1ms
  RUN js-fuzzer-array-object-7c235db9b994.js [3603/10000] md5=7c235db9b994cb7dc5c4190b17bc6cec bytes=133 template=array-object origin=seed:tests/corpus/runtime/lexical-shadowing.test.js
 PASS js-fuzzer-array-object-7c235db9b994.js [3603/10000] status=ok obs=70efdf2ec9b0 coverage=+0/32/38 time=2ms
  RUN js-fuzzer-closure-54bc7a18b5fa.js [3604/10000] md5=54bc7a18b5fa82863a9fe12098c8cd27 bytes=184 template=closure origin=seed:tests/corpus/runtime/modules-export.test.js
 PASS js-fuzzer-closure-54bc7a18b5fa.js [3604/10000] status=ok obs=d82c8d1619ad coverage=+0/32/38 time=2ms
  RUN js-fuzzer-block-scope-cdd47be217da.js [3605/10000] md5=cdd47be217daa8bea34ddd53f13ef990 bytes=114 template=block-scope origin=seed:tests/corpus/runtime/nested-try-finally.test.js
 PASS js-fuzzer-block-scope-cdd47be217da.js [3605/10000] status=ok obs=c9e1074f5b3f coverage=+0/32/38 time=1ms
  RUN js-fuzzer-boundary-5c12d757f0dd.js [3606/10000] md5=5c12d757f0ddd5c6b1207b14fb1e8d0c bytes=122 template=boundary origin=boundary:2147483647
 PASS js-fuzzer-boundary-5c12d757f0dd.js [3606/10000] status=ok obs=c588c0a459f4 coverage=+0/32/38 time=3ms
  RUN js-fuzzer-try-catch-13abe4d24a2d.js [3607/10000] md5=13abe4d24a2dd7935e11d59d61044cdc bytes=109 template=try-catch origin=seed:tests/corpus/syntax/logical-unary-nullish.test.js
 PASS js-fuzzer-try-catch-13abe4d24a2d.js [3607/10000] status=ok obs=c9f0f895fb98 coverage=+0/32/38 time=1ms
  RUN js-fuzzer-class-1fb70654253d.js [3608/10000] md5=1fb70654253d944404805630039f463c bytes=101 template=class origin=seed:tests/corpus/syntax/object-destructure-and-members.test.js
 PASS js-fuzzer-class-1fb70654253d.js [3608/10000] status=ok obs=c51ce410c124 coverage=+0/32/38 time=2ms
  RUN js-fuzzer-arithmetic-8607b936febb.js [3609/10000] md5=8607b936febb524c5d57af3798ee3017 bytes=84 template=arithmetic origin=seed:tests/corpus/syntax/switch-do-while-sequence.test.js
 PASS js-fuzzer-arithmetic-8607b936febb.js [3609/10000] status=ok obs=1ff1de774005 coverage=+0/32/38 time=2ms
  RUN js-fuzzer-corpus-ff388659a641.js [3610/10000] md5=ff388659a6419d1e6e01ce4e7151a52e bytes=135 template=corpus origin=tests/corpus/syntax/template-array-destructure.test.js
 PASS js-fuzzer-corpus-ff388659a641.js [3610/10000] status=ok obs=f61c9a8be43c coverage=+0/32/38 time=2ms
  RUN js-fuzzer-array-object-6e793c6c748f.js [3611/10000] md5=6e793c6c748fc0e9b4ab6037ba3dae74 bytes=133 template=array-object origin=seed:tests/corpus/syntax/typescript-assertions.test.ts
 PASS js-fuzzer-array-object-6e793c6c748f.js [3611/10000] status=ok obs=aab3238922bc coverage=+0/32/38 time=1ms
  RUN js-fuzzer-closure-49dc37aa6bac.js [3612/10000] md5=49dc37aa6baca0704b6599281941cc7a bytes=184 template=closure origin=seed:tests/corpus/syntax/typescript-non-null-satisfies.test.ts
 PASS js-fuzzer-closure-49dc37aa6bac.js [3612/10000] status=ok obs=a5bfc9e07964 coverage=+0/32/38 time=2ms
  RUN js-fuzzer-boundary-221618e58a55.js [3613/10000] md5=221618e58a55537e4dc7530ef9f57aaf bytes=113 template=boundary origin=boundary:2
 PASS js-fuzzer-boundary-221618e58a55.js [3613/10000] status=ok obs=c81e728d9d4c coverage=+0/32/38 time=2ms
  RUN js-fuzzer-loop-54e460cecf5c.js [3614/10000] md5=54e460cecf5c05dfcffaa3b2e5f57445 bytes=81 template=loop origin=seed:tests/corpus/fixtures/state-machine-workflow.test.js
 PASS js-fuzzer-loop-54e460cecf5c.js [3614/10000] status=ok obs=d3d9446802a4 coverage=+0/32/38 time=2ms
  RUN js-fuzzer-try-catch-49469dc3bbde.js [3615/10000] md5=49469dc3bbdee70291dead76d4352702 bytes=109 template=try-catch origin=seed:tests/corpus/fixtures/vue-script-workflow.test.vue
 PASS js-fuzzer-try-catch-49469dc3bbde.js [3615/10000] status=ok obs=d3d9446802a4 coverage=+0/32/38 time=1ms
  RUN js-fuzzer-class-b1e3642c0208.js [3616/10000] md5=b1e3642c0208992266fb21668a536292 bytes=100 template=class origin=seed:tests/corpus/obfuscation/constant-tag-mix.test.js
 PASS js-fuzzer-class-b1e3642c0208.js [3616/10000] status=ok obs=c9f0f895fb98 coverage=+0/32/38 time=2ms
  RUN js-fuzzer-arithmetic-d204e03d7271.js [3617/10000] md5=d204e03d727103a09876055ac649979d bytes=84 template=arithmetic origin=seed:tests/corpus/obfuscation/extern-slot-permutation.test.js
 PASS js-fuzzer-arithmetic-d204e03d7271.js [3617/10000] status=ok obs=47d1e990583c coverage=+0/32/38 time=2ms
  RUN js-fuzzer-function-59a47c73ec30.js [3618/10000] md5=59a47c73ec3039d5b72e8af0d1e410de bytes=153 template=function origin=seed:tests/corpus/obfuscation/externs-console.test.js
 PASS js-fuzzer-function-59a47c73ec30.js [3618/10000] status=ok obs=8f14e45fceea coverage=+0/32/38 time=2ms
  RUN js-fuzzer-corpus-38ba19d9deb7.js [3619/10000] md5=38ba19d9deb7566cc8a420c27ada3f21 bytes=136 template=corpus origin=tests/corpus/obfuscation/seed-sensitive-functions.test.js
 PASS js-fuzzer-corpus-38ba19d9deb7.js [3619/10000] status=ok obs=a5bfc9e07964 coverage=+0/32/38 time=1ms
  RUN js-fuzzer-boundary-ccde2dac26f6.js [3620/10000] md5=ccde2dac26f6d3fd46c3698825685fe3 bytes=113 template=boundary origin=boundary:1
 PASS js-fuzzer-boundary-ccde2dac26f6.js [3620/10000] status=ok obs=c4ca4238a0b9 coverage=+0/32/38 time=2ms
  RUN js-fuzzer-block-scope-041ad61d2adf.js [3621/10000] md5=041ad61d2adf327a5cb0cee5a2d4512d bytes=114 template=block-scope origin=seed:tests/corpus/regressions/multiple-functions-fib-add.test.js
 PASS js-fuzzer-block-scope-041ad61d2adf.js [3621/10000] status=ok obs=65b9eea6e1cc coverage=+0/32/38 time=2ms
  RUN js-fuzzer-loop-55c7c905bffb.js [3622/10000] md5=55c7c905bffb4bbbc4c8fb9b91df6ad8 bytes=81 template=loop origin=seed:tests/corpus/regressions/scope-compressed-closure-params.test.js
 PASS js-fuzzer-loop-55c7c905bffb.js [3622/10000] status=ok obs=eccbc87e4b5c coverage=+0/32/38 time=1ms
  RUN js-fuzzer-try-catch-40520a1b7956.js [3623/10000] md5=40520a1b7956f57804d753ea77e1e468 bytes=110 template=try-catch origin=seed:tests/corpus/runtime/arrays-objects-methods.test.js
 PASS js-fuzzer-try-catch-40520a1b7956.js [3623/10000] status=ok obs=70efdf2ec9b0 coverage=+0/32/38 time=2ms
  RUN js-fuzzer-class-b1e3642c0208.js [3624/10000] md5=b1e3642c0208992266fb21668a536292 bytes=100 template=class origin=seed:tests/corpus/runtime/block-scopes.test.js
 PASS js-fuzzer-class-b1e3642c0208.js [3624/10000] status=ok obs=c9f0f895fb98 coverage=+0/32/38 time=2ms
  RUN js-fuzzer-arithmetic-ba2c790e2408.js [3625/10000] md5=ba2c790e2408ad7e7ca13d5b42afc3ac bytes=84 template=arithmetic origin=seed:tests/corpus/runtime/class-fields-static-methods.test.js
 PASS js-fuzzer-arithmetic-ba2c790e2408.js [3625/10000] status=ok obs=f0935e4cd592 coverage=+0/32/38 time=2ms
  RUN js-fuzzer-function-cb7d7d91d83d.js [3626/10000] md5=cb7d7d91d83d165500656240f14cd1fc bytes=153 template=function origin=seed:tests/corpus/runtime/classes-and-objects.test.js
 PASS js-fuzzer-function-cb7d7d91d83d.js [3626/10000] status=ok obs=8f14e45fceea coverage=+0/32/38 time=1ms
  RUN js-fuzzer-boundary-37492c99ff33.js [3627/10000] md5=37492c99ff33e9d5e09e0b8e84ba785a bytes=129 template=boundary origin=boundary:-9007199254740991
 PASS js-fuzzer-boundary-37492c99ff33.js [3627/10000] status=ok obs=b3f3a95848f6 coverage=+0/32/38 time=2ms
  RUN js-fuzzer-corpus-08bc93bf5789.js [3628/10000] md5=08bc93bf57897bc88ce7161fe56cd099 bytes=169 template=corpus origin=tests/corpus/runtime/closures-read-captured-values.test.js
 PASS js-fuzzer-corpus-08bc93bf5789.js [3628/10000] status=ok obs=02e74f10e032 coverage=+0/32/38 time=1ms
  RUN js-fuzzer-block-scope-7c7be4c48143.js [3629/10000] md5=7c7be4c48143f09c1581373256ca3a29 bytes=114 template=block-scope origin=seed:tests/corpus/runtime/exceptions-and-nullish.test.js
 PASS js-fuzzer-block-scope-7c7be4c48143.js [3629/10000] status=ok obs=ec8956637a99 coverage=+0/32/38 time=2ms
  RUN js-fuzzer-loop-bbf1d7a15d8d.js [3630/10000] md5=bbf1d7a15d8dd015402d75c0e0108b5f bytes=81 template=loop origin=seed:tests/corpus/runtime/functions-closures-and-arrows.test.js
 PASS js-fuzzer-loop-bbf1d7a15d8d.js [3630/10000] status=ok obs=1679091c5a88 coverage=+0/32/38 time=2ms
  RUN js-fuzzer-try-catch-8a297d00e90e.js [3631/10000] md5=8a297d00e90eb93174a6d6eeae5be951 bytes=110 template=try-catch origin=seed:tests/corpus/runtime/lexical-shadowing.test.js
 PASS js-fuzzer-try-catch-8a297d00e90e.js [3631/10000] status=ok obs=98f137082101 coverage=+0/32/38 time=1ms
  RUN js-fuzzer-class-769274f77fa6.js [3632/10000] md5=769274f77fa62254ce7e0eb0e3adf7f1 bytes=100 template=class origin=seed:tests/corpus/runtime/modules-export.test.js
 PASS js-fuzzer-class-769274f77fa6.js [3632/10000] status=ok obs=c4ca4238a0b9 coverage=+0/32/38 time=2ms
  RUN js-fuzzer-arithmetic-741f2d2bcf09.js [3633/10000] md5=741f2d2bcf09b7c702522c9d427d0c98 bytes=84 template=arithmetic origin=seed:tests/corpus/runtime/nested-try-finally.test.js
 PASS js-fuzzer-arithmetic-741f2d2bcf09.js [3633/10000] status=ok obs=13fe9d84310e coverage=+0/32/38 time=2ms
  RUN js-fuzzer-boundary-512d8e9b531d.js [3634/10000] md5=512d8e9b531dd316e823325cc949e70e bytes=123 template=boundary origin=boundary:-2147483648
 PASS js-fuzzer-boundary-512d8e9b531d.js [3634/10000] status=ok obs=034ff5946105 coverage=+0/32/38 time=2ms
  RUN js-fuzzer-array-object-231109598337.js [3635/10000] md5=2311095983370afb04ecad56f2c31629 bytes=133 template=array-object origin=seed:tests/corpus/syntax/logical-unary-nullish.test.js
 PASS js-fuzzer-array-object-231109598337.js [3635/10000] status=ok obs=1f0e3dad9990 coverage=+0/32/38 time=2ms
  RUN js-fuzzer-closure-b1cf6c3cc065.js [3636/10000] md5=b1cf6c3cc0657043375f599ceb8408c7 bytes=184 template=closure origin=seed:tests/corpus/syntax/object-destructure-and-members.test.js
 PASS js-fuzzer-closure-b1cf6c3cc065.js [3636/10000] status=ok obs=3416a75f4cea coverage=+0/32/38 time=1ms
  RUN js-fuzzer-corpus-2aed353a2d20.js [3637/10000] md5=2aed353a2d200d64cbaf7beb40face20 bytes=275 template=corpus origin=tests/corpus/syntax/switch-do-while-sequence.test.js
 PASS js-fuzzer-corpus-2aed353a2d20.js [3637/10000] status=ok obs=6f4922f45568 coverage=+0/32/38 time=2ms
  RUN js-fuzzer-loop-b88258462a8d.js [3638/10000] md5=b88258462a8d880f8b0e459fa23b2536 bytes=81 template=loop origin=seed:tests/corpus/syntax/template-array-destructure.test.js
 PASS js-fuzzer-loop-b88258462a8d.js [3638/10000] status=ok obs=3c59dc048e88 coverage=+0/32/38 time=2ms
  RUN js-fuzzer-try-catch-60965d400692.js [3639/10000] md5=60965d4006920d781586aecbf04b3493 bytes=110 template=try-catch origin=seed:tests/corpus/syntax/typescript-assertions.test.ts
 PASS js-fuzzer-try-catch-60965d400692.js [3639/10000] status=ok obs=1f0e3dad9990 coverage=+0/32/38 time=1ms
  RUN js-fuzzer-class-769274f77fa6.js [3640/10000] md5=769274f77fa62254ce7e0eb0e3adf7f1 bytes=100 template=class origin=seed:tests/corpus/syntax/typescript-non-null-satisfies.test.ts
 PASS js-fuzzer-class-769274f77fa6.js [3640/10000] status=ok obs=c4ca4238a0b9 coverage=+0/32/38 time=2ms
  RUN js-fuzzer-boundary-92df4f5b559a.js [3641/10000] md5=92df4f5b559a550058b4133ffb629932 bytes=114 template=boundary origin=boundary:-2
 PASS js-fuzzer-boundary-92df4f5b559a.js [3641/10000] status=ok obs=5d7b9adcbe1c coverage=+0/32/38 time=1ms
  RUN js-fuzzer-function-134a85d12098.js [3642/10000] md5=134a85d120985077bd24a3a53ac64560 bytes=153 template=function origin=seed:tests/corpus/fixtures/state-machine-workflow.test.js
 PASS js-fuzzer-function-134a85d12098.js [3642/10000] status=ok obs=1679091c5a88 coverage=+0/32/38 time=1ms
  RUN js-fuzzer-array-object-fe36c89e21aa.js [3643/10000] md5=fe36c89e21aa93cf9f4956b62db66bc5 bytes=133 template=array-object origin=seed:tests/corpus/fixtures/vue-script-workflow.test.vue
 PASS js-fuzzer-array-object-fe36c89e21aa.js [3643/10000] status=ok obs=45c48cce2e2d coverage=+0/32/38 time=2ms
  RUN js-fuzzer-closure-0433f215e162.js [3644/10000] md5=0433f215e1625ddace637edd9786774b bytes=185 template=closure origin=seed:tests/corpus/obfuscation/constant-tag-mix.test.js
 PASS js-fuzzer-closure-0433f215e162.js [3644/10000] status=ok obs=6c8349cc7260 coverage=+0/32/38 time=2ms
  RUN js-fuzzer-block-scope-718bfc054c61.js [3645/10000] md5=718bfc054c612231e7c0ff47c22e7aaf bytes=114 template=block-scope origin=seed:tests/corpus/obfuscation/extern-slot-permutation.test.js
 PASS js-fuzzer-block-scope-718bfc054c61.js [3645/10000] status=ok obs=38b3eff8baf5 coverage=+0/32/38 time=1ms
  RUN js-fuzzer-corpus-efd663ac427b.js [3646/10000] md5=efd663ac427b5ca270b2f8b928c902bf bytes=112 template=corpus origin=tests/corpus/obfuscation/externs-console.test.js
 PASS js-fuzzer-corpus-efd663ac427b.js [3646/10000] status=ok obs=d289993e39c8 coverage=+0/32/38 time=1ms
  RUN js-fuzzer-try-catch-02a6aedaa978.js [3647/10000] md5=02a6aedaa97879d59ffd66c80df1d065 bytes=109 template=try-catch origin=seed:tests/corpus/obfuscation/seed-sensitive-functions.test.js
 PASS js-fuzzer-try-catch-02a6aedaa978.js [3647/10000] status=ok obs=e4da3b7fbbce coverage=+0/32/38 time=2ms
  RUN js-fuzzer-boundary-61a9a82f5f08.js [3648/10000] md5=61a9a82f5f08bc177f13c805ba785d7d bytes=114 template=boundary origin=boundary:-1
 PASS js-fuzzer-boundary-61a9a82f5f08.js [3648/10000] status=ok obs=6bb61e3b7bce coverage=+0/32/38 time=1ms
  RUN js-fuzzer-arithmetic-6c56c80de0c1.js [3649/10000] md5=6c56c80de0c16efd75599cab293257de bytes=85 template=arithmetic origin=seed:tests/corpus/regressions/multiple-functions-fib-add.test.js
 PASS js-fuzzer-arithmetic-6c56c80de0c1.js [3649/10000] status=ok obs=2a79ea27c279 coverage=+0/32/38 time=2ms
  RUN js-fuzzer-function-8a3820bf6e52.js [3650/10000] md5=8a3820bf6e52dcab1a0437ab7872cf6a bytes=153 template=function origin=seed:tests/corpus/regressions/scope-compressed-closure-params.test.js
 PASS js-fuzzer-function-8a3820bf6e52.js [3650/10000] status=ok obs=a87ff679a2f3 coverage=+0/32/38 time=2ms
  RUN js-fuzzer-array-object-6f9f685b14e1.js [3651/10000] md5=6f9f685b14e11ecb8fdb3f9bbe575baa bytes=133 template=array-object origin=seed:tests/corpus/runtime/arrays-objects-methods.test.js
 PASS js-fuzzer-array-object-6f9f685b14e1.js [3651/10000] status=ok obs=98f137082101 coverage=+0/32/38 time=1ms
  RUN js-fuzzer-closure-2be5e2e4e06b.js [3652/10000] md5=2be5e2e4e06bac954675dd88c46c6cd0 bytes=184 template=closure origin=seed:tests/corpus/runtime/block-scopes.test.js
 PASS js-fuzzer-closure-2be5e2e4e06b.js [3652/10000] status=ok obs=14bfa6bb1487 coverage=+0/32/38 time=2ms
  RUN js-fuzzer-block-scope-eeb07e4712f5.js [3653/10000] md5=eeb07e4712f5b491c95d1d46d689b778 bytes=114 template=block-scope origin=seed:tests/corpus/runtime/class-fields-static-methods.test.js
 PASS js-fuzzer-block-scope-eeb07e4712f5.js [3653/10000] status=ok obs=6974ce5ac660 coverage=+0/32/38 time=1ms
  RUN js-fuzzer-loop-d35707ad0bf7.js [3654/10000] md5=d35707ad0bf74148f671ad8943998af6 bytes=81 template=loop origin=seed:tests/corpus/runtime/classes-and-objects.test.js
 PASS js-fuzzer-loop-d35707ad0bf7.js [3654/10000] status=ok obs=9bf31c7ff062 coverage=+0/32/38 time=2ms
  RUN js-fuzzer-corpus-ddcb99247fc8.js [3655/10000] md5=ddcb99247fc847c897b97c6bd6512b9f bytes=217 template=corpus origin=tests/corpus/runtime/closures-mutate-captured-bindings.test.js
 PASS js-fuzzer-corpus-ddcb99247fc8.js [3655/10000] status=ok obs=e4da3b7fbbce coverage=+0/32/38 time=2ms
  RUN js-fuzzer-class-c6bbe0a63455.js [3656/10000] md5=c6bbe0a634559d18fa82cf0c9a421610 bytes=100 template=class origin=seed:tests/corpus/runtime/closures-read-captured-values.test.js
 PASS js-fuzzer-class-c6bbe0a63455.js [3656/10000] status=ok obs=1679091c5a88 coverage=+0/32/38 time=1ms
  RUN js-fuzzer-arithmetic-f0395490ef6e.js [3657/10000] md5=f0395490ef6e5afe11cf57b06eef94bf bytes=83 template=arithmetic origin=seed:tests/corpus/runtime/exceptions-and-nullish.test.js
 PASS js-fuzzer-arithmetic-f0395490ef6e.js [3657/10000] status=ok obs=14bfa6bb1487 coverage=+0/32/38 time=2ms
  RUN js-fuzzer-function-d3859b93eee1.js [3658/10000] md5=d3859b93eee1f3bcfec0cda51c4d02bf bytes=153 template=function origin=seed:tests/corpus/runtime/functions-closures-and-arrows.test.js
 PASS js-fuzzer-function-d3859b93eee1.js [3658/10000] status=ok obs=a87ff679a2f3 coverage=+0/32/38 time=2ms
  RUN js-fuzzer-array-object-afb064446d32.js [3659/10000] md5=afb064446d32daf22b4e3c35ca8e00a6 bytes=133 template=array-object origin=seed:tests/corpus/runtime/lexical-shadowing.test.js
 PASS js-fuzzer-array-object-afb064446d32.js [3659/10000] status=ok obs=aab3238922bc coverage=+0/32/38 time=1ms
  RUN js-fuzzer-closure-79b96be8b54d.js [3660/10000] md5=79b96be8b54deac33e8eed655394edf1 bytes=184 template=closure origin=seed:tests/corpus/runtime/modules-export.test.js
 PASS js-fuzzer-closure-79b96be8b54d.js [3660/10000] status=ok obs=c16a5320fa47 coverage=+0/32/38 time=2ms
  RUN js-fuzzer-block-scope-a55cb70fe1d5.js [3661/10000] md5=a55cb70fe1d5b8feb9210d1a4de7e588 bytes=114 template=block-scope origin=seed:tests/corpus/runtime/nested-try-finally.test.js
 PASS js-fuzzer-block-scope-a55cb70fe1d5.js [3661/10000] status=ok obs=c9e1074f5b3f coverage=+0/32/38 time=2ms
  RUN js-fuzzer-boundary-4bea2a6e0cb0.js [3662/10000] md5=4bea2a6e0cb0c7bb0b29e5b5d44112d8 bytes=128 template=boundary origin=boundary:9007199254740991
 PASS js-fuzzer-boundary-4bea2a6e0cb0.js [3662/10000] status=ok obs=dc9a0d67a31d coverage=+0/32/38 time=2ms
  RUN js-fuzzer-try-catch-8a297d00e90e.js [3663/10000] md5=8a297d00e90eb93174a6d6eeae5be951 bytes=110 template=try-catch origin=seed:tests/corpus/syntax/logical-unary-nullish.test.js
 PASS js-fuzzer-try-catch-8a297d00e90e.js [3663/10000] status=ok obs=98f137082101 coverage=+0/32/38 time=1ms
  RUN js-fuzzer-corpus-96ebdcb81273.js [3664/10000] md5=96ebdcb81273f0e5e5778a6c70c94988 bytes=171 template=corpus origin=tests/corpus/syntax/object-destructure-and-members.test.js
 PASS js-fuzzer-corpus-96ebdcb81273.js [3664/10000] status=ok obs=bfad8dfa12ed coverage=+0/32/38 time=2ms
  RUN js-fuzzer-arithmetic-f7a3118383b8.js [3665/10000] md5=f7a3118383b811082865af60d997bd27 bytes=83 template=arithmetic origin=seed:tests/corpus/syntax/switch-do-while-sequence.test.js
 PASS js-fuzzer-arithmetic-f7a3118383b8.js [3665/10000] status=ok obs=f457c545a9de coverage=+0/32/38 time=2ms
  RUN js-fuzzer-function-3dca9339a683.js [3666/10000] md5=3dca9339a6831946d3c5250be8e34eee bytes=153 template=function origin=seed:tests/corpus/syntax/template-array-destructure.test.js
 PASS js-fuzzer-function-3dca9339a683.js [3666/10000] status=ok obs=e4da3b7fbbce coverage=+0/32/38 time=2ms
  RUN js-fuzzer-array-object-9062047f5fb2.js [3667/10000] md5=9062047f5fb217fcb4596ec0f8ff8753 bytes=133 template=array-object origin=seed:tests/corpus/syntax/typescript-assertions.test.ts
 PASS js-fuzzer-array-object-9062047f5fb2.js [3667/10000] status=ok obs=aab3238922bc coverage=+0/32/38 time=1ms
  RUN js-fuzzer-closure-8723969a0600.js [3668/10000] md5=8723969a0600cc1431e156c431152e89 bytes=184 template=closure origin=seed:tests/corpus/syntax/typescript-non-null-satisfies.test.ts
 PASS js-fuzzer-closure-8723969a0600.js [3668/10000] status=ok obs=6c8349cc7260 coverage=+0/32/38 time=2ms
  RUN js-fuzzer-boundary-5c12d757f0dd.js [3669/10000] md5=5c12d757f0ddd5c6b1207b14fb1e8d0c bytes=122 template=boundary origin=boundary:2147483647
 PASS js-fuzzer-boundary-5c12d757f0dd.js [3669/10000] status=ok obs=c588c0a459f4 coverage=+0/32/38 time=2ms
  RUN js-fuzzer-loop-55c7c905bffb.js [3670/10000] md5=55c7c905bffb4bbbc4c8fb9b91df6ad8 bytes=81 template=loop origin=seed:tests/corpus/fixtures/state-machine-workflow.test.js
 PASS js-fuzzer-loop-55c7c905bffb.js [3670/10000] status=ok obs=eccbc87e4b5c coverage=+0/32/38 time=1ms
  RUN js-fuzzer-try-catch-13abe4d24a2d.js [3671/10000] md5=13abe4d24a2dd7935e11d59d61044cdc bytes=109 template=try-catch origin=seed:tests/corpus/fixtures/vue-script-workflow.test.vue
 PASS js-fuzzer-try-catch-13abe4d24a2d.js [3671/10000] status=ok obs=c9f0f895fb98 coverage=+0/32/38 time=2ms
  RUN js-fuzzer-class-a365d1a76b7b.js [3672/10000] md5=a365d1a76b7b0d4310621afa7caac433 bytes=100 template=class origin=seed:tests/corpus/obfuscation/constant-tag-mix.test.js
 PASS js-fuzzer-class-a365d1a76b7b.js [3672/10000] status=ok obs=8f14e45fceea coverage=+0/32/38 time=1ms
  RUN js-fuzzer-corpus-fe2d30a6e413.js [3673/10000] md5=fe2d30a6e4139e7a8b52405bed737faa bytes=220 template=corpus origin=tests/corpus/obfuscation/extern-slot-permutation.test.js
 PASS js-fuzzer-corpus-fe2d30a6e413.js [3673/10000] status=ok obs=c34c702d0256 coverage=+0/32/38 time=2ms
  RUN js-fuzzer-function-e38b8374b652.js [3674/10000] md5=e38b8374b65234ab6d6009c7a43720d9 bytes=153 template=function origin=seed:tests/corpus/obfuscation/externs-console.test.js
 PASS js-fuzzer-function-e38b8374b652.js [3674/10000] status=ok obs=1679091c5a88 coverage=+0/32/38 time=2ms
  RUN js-fuzzer-array-object-6431f39d4b94.js [3675/10000] md5=6431f39d4b947967efe8a3e2b2ee1c35 bytes=133 template=array-object origin=seed:tests/corpus/obfuscation/seed-sensitive-functions.test.js
 PASS js-fuzzer-array-object-6431f39d4b94.js [3675/10000] status=ok obs=c74d97b01eae coverage=+0/32/38 time=2ms
  RUN js-fuzzer-boundary-e33d9dc9cd6c.js [3676/10000] md5=e33d9dc9cd6c84ec6ac6a01d1d18c4f2 bytes=113 template=boundary origin=boundary:2
 PASS js-fuzzer-boundary-e33d9dc9cd6c.js [3676/10000] status=ok obs=c81e728d9d4c coverage=+0/32/38 time=1ms
  RUN js-fuzzer-block-scope-5cfd8616c901.js [3677/10000] md5=5cfd8616c9014ffc6478064806ecfa0d bytes=114 template=block-scope origin=seed:tests/corpus/regressions/multiple-functions-fib-add.test.js
 PASS js-fuzzer-block-scope-5cfd8616c901.js [3677/10000] status=ok obs=38b3eff8baf5 coverage=+0/32/38 time=2ms
  RUN js-fuzzer-loop-f495ca2fc638.js [3678/10000] md5=f495ca2fc6389f933578fc501f5b1465 bytes=81 template=loop origin=seed:tests/corpus/regressions/scope-compressed-closure-params.test.js
 PASS js-fuzzer-loop-f495ca2fc638.js [3678/10000] status=ok obs=c4ca4238a0b9 coverage=+0/32/38 time=1ms
  RUN js-fuzzer-try-catch-42a4cfadce42.js [3679/10000] md5=42a4cfadce4239139aa1e7114c2e99a2 bytes=110 template=try-catch origin=seed:tests/corpus/runtime/arrays-objects-methods.test.js
 PASS js-fuzzer-try-catch-42a4cfadce42.js [3679/10000] status=ok obs=19ca14e7ea63 coverage=+0/32/38 time=2ms
  RUN js-fuzzer-class-6736c24444bc.js [3680/10000] md5=6736c24444bc6ff151b05a9a974ae4d5 bytes=100 template=class origin=seed:tests/corpus/runtime/block-scopes.test.js
 PASS js-fuzzer-class-6736c24444bc.js [3680/10000] status=ok obs=45c48cce2e2d coverage=+0/32/38 time=1ms
  RUN js-fuzzer-arithmetic-9208dfa67470.js [3681/10000] md5=9208dfa67470c877f569641d93b6cda7 bytes=83 template=arithmetic origin=seed:tests/corpus/runtime/class-fields-static-methods.test.js
 PASS js-fuzzer-arithmetic-9208dfa67470.js [3681/10000] status=ok obs=d9d4f495e875 coverage=+0/32/38 time=2ms
  RUN js-fuzzer-corpus-663bf83cd082.js [3682/10000] md5=663bf83cd082bd221441dae6bbc85046 bytes=278 template=corpus origin=tests/corpus/runtime/classes-and-objects.test.js
 PASS js-fuzzer-corpus-663bf83cd082.js [3682/10000] status=ok obs=6f4922f45568 coverage=+0/32/38 time=2ms
  RUN js-fuzzer-boundary-ccde2dac26f6.js [3683/10000] md5=ccde2dac26f6d3fd46c3698825685fe3 bytes=113 template=boundary origin=boundary:1
 PASS js-fuzzer-boundary-ccde2dac26f6.js [3683/10000] status=ok obs=c4ca4238a0b9 coverage=+0/32/38 time=2ms
  RUN js-fuzzer-closure-117583191faa.js [3684/10000] md5=117583191faa8477197e7fc7c6295866 bytes=184 template=closure origin=seed:tests/corpus/runtime/closures-read-captured-values.test.js
 PASS js-fuzzer-closure-117583191faa.js [3684/10000] status=ok obs=3416a75f4cea coverage=+0/32/38 time=1ms
  RUN js-fuzzer-block-scope-c54c93e141bc.js [3685/10000] md5=c54c93e141bc8ee7724d1c13ebb51f74 bytes=114 template=block-scope origin=seed:tests/corpus/runtime/exceptions-and-nullish.test.js
 PASS js-fuzzer-block-scope-c54c93e141bc.js [3685/10000] status=ok obs=ec8956637a99 coverage=+0/32/38 time=2ms
  RUN js-fuzzer-loop-b88258462a8d.js [3686/10000] md5=b88258462a8d880f8b0e459fa23b2536 bytes=81 template=loop origin=seed:tests/corpus/runtime/functions-closures-and-arrows.test.js
 PASS js-fuzzer-loop-b88258462a8d.js [3686/10000] status=ok obs=3c59dc048e88 coverage=+0/32/38 time=2ms
  RUN js-fuzzer-try-catch-6c711f8bb184.js [3687/10000] md5=6c711f8bb184c228d8b20d70b1aabb73 bytes=109 template=try-catch origin=seed:tests/corpus/runtime/lexical-shadowing.test.js
 PASS js-fuzzer-try-catch-6c711f8bb184.js [3687/10000] status=ok obs=1679091c5a88 coverage=+0/32/38 time=1ms
  RUN js-fuzzer-class-7c36fc3c0ad4.js [3688/10000] md5=7c36fc3c0ad4461d5dbbcd7afdfb6b5c bytes=101 template=class origin=seed:tests/corpus/runtime/modules-export.test.js
 PASS js-fuzzer-class-7c36fc3c0ad4.js [3688/10000] status=ok obs=d3d9446802a4 coverage=+0/32/38 time=2ms
  RUN js-fuzzer-arithmetic-eb284002907c.js [3689/10000] md5=eb284002907c4986c4f110130f5f0c2a bytes=83 template=arithmetic origin=seed:tests/corpus/runtime/nested-try-finally.test.js
 PASS js-fuzzer-arithmetic-eb284002907c.js [3689/10000] status=ok obs=3295c76acbf4 coverage=+0/32/38 time=1ms
  RUN js-fuzzer-boundary-6aec0a9b1ff4.js [3690/10000] md5=6aec0a9b1ff4294bcfecb539ba7e660b bytes=129 template=boundary origin=boundary:-9007199254740991
 PASS js-fuzzer-boundary-6aec0a9b1ff4.js [3690/10000] status=ok obs=b3f3a95848f6 coverage=+0/32/38 time=2ms
  RUN js-fuzzer-corpus-279b64032335.js [3691/10000] md5=279b640323351a1b082b98b42d2a2d55 bytes=134 template=corpus origin=tests/corpus/syntax/logical-unary-nullish.test.js
 PASS js-fuzzer-corpus-279b64032335.js [3691/10000] status=ok obs=45c48cce2e2d coverage=+0/32/38 time=2ms
  RUN js-fuzzer-closure-0ddc14b91322.js [3692/10000] md5=0ddc14b91322135f08bac0ab051ab6cc bytes=184 template=closure origin=seed:tests/corpus/syntax/object-destructure-and-members.test.js
 PASS js-fuzzer-closure-0ddc14b91322.js [3692/10000] status=ok obs=735b90b45681 coverage=+0/32/38 time=2ms
  RUN js-fuzzer-block-scope-f9a48acda436.js [3693/10000] md5=f9a48acda436a6f7fcf3ecd8ac874dbb bytes=114 template=block-scope origin=seed:tests/corpus/syntax/switch-do-while-sequence.test.js
 PASS js-fuzzer-block-scope-f9a48acda436.js [3693/10000] status=ok obs=c9e1074f5b3f coverage=+0/32/38 time=2ms
  RUN js-fuzzer-loop-f495ca2fc638.js [3694/10000] md5=f495ca2fc6389f933578fc501f5b1465 bytes=81 template=loop origin=seed:tests/corpus/syntax/template-array-destructure.test.js
 PASS js-fuzzer-loop-f495ca2fc638.js [3694/10000] status=ok obs=c4ca4238a0b9 coverage=+0/32/38 time=2ms
  RUN js-fuzzer-try-catch-13abe4d24a2d.js [3695/10000] md5=13abe4d24a2dd7935e11d59d61044cdc bytes=109 template=try-catch origin=seed:tests/corpus/syntax/typescript-assertions.test.ts
 PASS js-fuzzer-try-catch-13abe4d24a2d.js [3695/10000] status=ok obs=c9f0f895fb98 coverage=+0/32/38 time=1ms
  RUN js-fuzzer-class-d2b3669b495d.js [3696/10000] md5=d2b3669b495dd4792f9e1509f2bbf8a7 bytes=100 template=class origin=seed:tests/corpus/syntax/typescript-non-null-satisfies.test.ts
 PASS js-fuzzer-class-d2b3669b495d.js [3696/10000] status=ok obs=eccbc87e4b5c coverage=+0/32/38 time=2ms
  RUN js-fuzzer-boundary-205872a6e44c.js [3697/10000] md5=205872a6e44c1ea0cf94554af934fb09 bytes=123 template=boundary origin=boundary:-2147483648
 PASS js-fuzzer-boundary-205872a6e44c.js [3697/10000] status=ok obs=034ff5946105 coverage=+0/32/38 time=2ms
  RUN js-fuzzer-function-288d473b3a74.js [3698/10000] md5=288d473b3a7495d967aff826da7d201e bytes=153 template=function origin=seed:tests/corpus/fixtures/state-machine-workflow.test.js
 PASS js-fuzzer-function-288d473b3a74.js [3698/10000] status=ok obs=aab3238922bc coverage=+0/32/38 time=2ms
  RUN js-fuzzer-array-object-4e4521b50d77.js [3699/10000] md5=4e4521b50d7720857724c4c0be169c43 bytes=133 template=array-object origin=seed:tests/corpus/fixtures/vue-script-workflow.test.vue
 PASS js-fuzzer-array-object-4e4521b50d77.js [3699/10000] status=ok obs=1f0e3dad9990 coverage=+0/32/38 time=3ms
  RUN js-fuzzer-corpus-f00ef18b0a17.js [3700/10000] md5=f00ef18b0a172b2a2d9833f5b7fe94e2 bytes=199 template=corpus origin=tests/corpus/obfuscation/constant-tag-mix.test.js
 PASS js-fuzzer-corpus-f00ef18b0a17.js [3700/10000] status=ok obs=e86823f38986 coverage=+0/32/38 time=2ms
  RUN js-fuzzer-block-scope-fdb149116902.js [3701/10000] md5=fdb14911690224a339347d7ee6dc6351 bytes=114 template=block-scope origin=seed:tests/corpus/obfuscation/extern-slot-permutation.test.js
 PASS js-fuzzer-block-scope-fdb149116902.js [3701/10000] status=ok obs=f0935e4cd592 coverage=+0/32/38 time=1ms
  RUN js-fuzzer-loop-f495ca2fc638.js [3702/10000] md5=f495ca2fc6389f933578fc501f5b1465 bytes=81 template=loop origin=seed:tests/corpus/obfuscation/externs-console.test.js
 PASS js-fuzzer-loop-f495ca2fc638.js [3702/10000] status=ok obs=c4ca4238a0b9 coverage=+0/32/38 time=1ms
  RUN js-fuzzer-try-catch-22e41d89137c.js [3703/10000] md5=22e41d89137ce4eac020880cbeff06ef bytes=110 template=try-catch origin=seed:tests/corpus/obfuscation/seed-sensitive-functions.test.js
 PASS js-fuzzer-try-catch-22e41d89137c.js [3703/10000] status=ok obs=d9d4f495e875 coverage=+0/32/38 time=2ms
  RUN js-fuzzer-boundary-4ae25cb2e150.js [3704/10000] md5=4ae25cb2e15083bfca9f6b81b3f9f24b bytes=114 template=boundary origin=boundary:-2
 PASS js-fuzzer-boundary-4ae25cb2e150.js [3704/10000] status=ok obs=5d7b9adcbe1c coverage=+0/32/38 time=2ms
  RUN js-fuzzer-arithmetic-b14e913e7754.js [3705/10000] md5=b14e913e77542e9f0c5943214cca90e7 bytes=84 template=arithmetic origin=seed:tests/corpus/regressions/multiple-functions-fib-add.test.js
 PASS js-fuzzer-arithmetic-b14e913e7754.js [3705/10000] status=ok obs=c45147dee729 coverage=+0/32/38 time=1ms
  RUN js-fuzzer-function-1bdd3cdc8039.js [3706/10000] md5=1bdd3cdc8039303572ffd714360b1f25 bytes=153 template=function origin=seed:tests/corpus/regressions/scope-compressed-closure-params.test.js
 PASS js-fuzzer-function-1bdd3cdc8039.js [3706/10000] status=ok obs=37693cfc7480 coverage=+0/32/38 time=3ms
  RUN js-fuzzer-array-object-d64c5e98220a.js [3707/10000] md5=d64c5e98220a52bd3392b81d79eb4591 bytes=133 template=array-object origin=seed:tests/corpus/runtime/arrays-objects-methods.test.js
 PASS js-fuzzer-array-object-d64c5e98220a.js [3707/10000] status=ok obs=9bf31c7ff062 coverage=+0/32/38 time=2ms
  RUN js-fuzzer-closure-7f466ee5d5a5.js [3708/10000] md5=7f466ee5d5a59728379c29d2994c8ac3 bytes=184 template=closure origin=seed:tests/corpus/runtime/block-scopes.test.js
 PASS js-fuzzer-closure-7f466ee5d5a5.js [3708/10000] status=ok obs=2838023a778d coverage=+0/32/38 time=1ms
  RUN js-fuzzer-corpus-a64e83c2f849.js [3709/10000] md5=a64e83c2f84925dca8985eabe963ee21 bytes=179 template=corpus origin=tests/corpus/runtime/class-fields-static-methods.test.js
 PASS js-fuzzer-corpus-a64e83c2f849.js [3709/10000] status=ok obs=8f14e45fceea coverage=+0/32/38 time=2ms
  RUN js-fuzzer-loop-55c7c905bffb.js [3710/10000] md5=55c7c905bffb4bbbc4c8fb9b91df6ad8 bytes=81 template=loop origin=seed:tests/corpus/runtime/classes-and-objects.test.js
 PASS js-fuzzer-loop-55c7c905bffb.js [3710/10000] status=ok obs=eccbc87e4b5c coverage=+0/32/38 time=2ms
  RUN js-fuzzer-boundary-1024adcac0e5.js [3711/10000] md5=1024adcac0e5cc9f99f478fa66dcc00c bytes=114 template=boundary origin=boundary:-1
 PASS js-fuzzer-boundary-1024adcac0e5.js [3711/10000] status=ok obs=6bb61e3b7bce coverage=+0/32/38 time=2ms
  RUN js-fuzzer-class-a365d1a76b7b.js [3712/10000] md5=a365d1a76b7b0d4310621afa7caac433 bytes=100 template=class origin=seed:tests/corpus/runtime/closures-read-captured-values.test.js
 PASS js-fuzzer-class-a365d1a76b7b.js [3712/10000] status=ok obs=8f14e45fceea coverage=+0/32/38 time=1ms
  RUN js-fuzzer-arithmetic-47528df30afd.js [3713/10000] md5=47528df30afd421587dce7a3054f6e7c bytes=84 template=arithmetic origin=seed:tests/corpus/runtime/exceptions-and-nullish.test.js
 PASS js-fuzzer-arithmetic-47528df30afd.js [3713/10000] status=ok obs=a5771bce93e2 coverage=+0/32/38 time=2ms
  RUN js-fuzzer-function-3e322d578629.js [3714/10000] md5=3e322d5786297aab4fec4c2fa56a2542 bytes=153 template=function origin=seed:tests/corpus/runtime/functions-closures-and-arrows.test.js
 PASS js-fuzzer-function-3e322d578629.js [3714/10000] status=ok obs=1679091c5a88 coverage=+0/32/38 time=1ms
  RUN js-fuzzer-array-object-58e66e4437f2.js [3715/10000] md5=58e66e4437f2360d3d671f036a027750 bytes=133 template=array-object origin=seed:tests/corpus/runtime/lexical-shadowing.test.js
 PASS js-fuzzer-array-object-58e66e4437f2.js [3715/10000] status=ok obs=d3d9446802a4 coverage=+0/32/38 time=1ms
  RUN js-fuzzer-closure-c070c3623f33.js [3716/10000] md5=c070c3623f33d19dbf6132bf4da0a9d0 bytes=184 template=closure origin=seed:tests/corpus/runtime/modules-export.test.js
 PASS js-fuzzer-closure-c070c3623f33.js [3716/10000] status=ok obs=182be0c5cdcd coverage=+0/32/38 time=2ms
  RUN js-fuzzer-block-scope-11fb617d5900.js [3717/10000] md5=11fb617d590029dda70331908604740a bytes=114 template=block-scope origin=seed:tests/corpus/runtime/nested-try-finally.test.js
 PASS js-fuzzer-block-scope-11fb617d5900.js [3717/10000] status=ok obs=65b9eea6e1cc coverage=+0/32/38 time=2ms
  RUN js-fuzzer-corpus-89e900fcb72f.js [3718/10000] md5=89e900fcb72ff838bfe9a13ae091363f bytes=228 template=corpus origin=tests/corpus/syntax/control-flow-and-operators.test.js
 PASS js-fuzzer-corpus-89e900fcb72f.js [3718/10000] status=ok obs=aab3238922bc coverage=+0/32/38 time=2ms
  RUN js-fuzzer-try-catch-c5263a4b0fbd.js [3719/10000] md5=c5263a4b0fbd119742a040447111f34b bytes=109 template=try-catch origin=seed:tests/corpus/syntax/logical-unary-nullish.test.js
 PASS js-fuzzer-try-catch-c5263a4b0fbd.js [3719/10000] status=ok obs=8f14e45fceea coverage=+0/32/38 time=1ms
  RUN js-fuzzer-class-b901915e3eda.js [3720/10000] md5=b901915e3eda1a96f77dcec9fff681b5 bytes=100 template=class origin=seed:tests/corpus/syntax/object-destructure-and-members.test.js
 PASS js-fuzzer-class-b901915e3eda.js [3720/10000] status=ok obs=c81e728d9d4c coverage=+0/32/38 time=2ms
  RUN js-fuzzer-arithmetic-1e2a8aac7936.js [3721/10000] md5=1e2a8aac7936a3dc3325e18a24baced7 bytes=85 template=arithmetic origin=seed:tests/corpus/syntax/switch-do-while-sequence.test.js
 PASS js-fuzzer-arithmetic-1e2a8aac7936.js [3721/10000] status=ok obs=f4b9ec30ad9f coverage=+0/32/38 time=2ms
  RUN js-fuzzer-function-1d370c2e7126.js [3722/10000] md5=1d370c2e7126a84b090ad6eed5468375 bytes=153 template=function origin=seed:tests/corpus/syntax/template-array-destructure.test.js
 PASS js-fuzzer-function-1d370c2e7126.js [3722/10000] status=ok obs=8f14e45fceea coverage=+0/32/38 time=1ms
  RUN js-fuzzer-array-object-38e6af318560.js [3723/10000] md5=38e6af318560927e0e3539616c2ce66b bytes=133 template=array-object origin=seed:tests/corpus/syntax/typescript-assertions.test.ts
 PASS js-fuzzer-array-object-38e6af318560.js [3723/10000] status=ok obs=c51ce410c124 coverage=+0/32/38 time=2ms
  RUN js-fuzzer-closure-e3524dd11ad1.js [3724/10000] md5=e3524dd11ad1fa86b4da481f0bede1a9 bytes=185 template=closure origin=seed:tests/corpus/syntax/typescript-non-null-satisfies.test.ts
 PASS js-fuzzer-closure-e3524dd11ad1.js [3724/10000] status=ok obs=d82c8d1619ad coverage=+0/32/38 time=2ms
  RUN js-fuzzer-boundary-2b35f90895ea.js [3725/10000] md5=2b35f90895ea85111e562e627044f919 bytes=128 template=boundary origin=boundary:9007199254740991
 PASS js-fuzzer-boundary-2b35f90895ea.js [3725/10000] status=ok obs=8bfa9ad090fb coverage=+0/32/38 time=1ms
  RUN js-fuzzer-loop-bbf1d7a15d8d.js [3726/10000] md5=bbf1d7a15d8dd015402d75c0e0108b5f bytes=81 template=loop origin=seed:tests/corpus/fixtures/state-machine-workflow.test.js
 PASS js-fuzzer-loop-bbf1d7a15d8d.js [3726/10000] status=ok obs=1679091c5a88 coverage=+0/32/38 time=2ms
  RUN js-fuzzer-corpus-f722388c7961.js [3727/10000] md5=f722388c7961d2a0288508c35f28a5f8 bytes=96 template=corpus origin=tests/corpus/fixtures/vue-script-workflow.test.vue
 PASS js-fuzzer-corpus-f722388c7961.js [3727/10000] status=ok obs=6512bd43d9ca coverage=+0/32/38 time=2ms
  RUN js-fuzzer-class-7c36fc3c0ad4.js [3728/10000] md5=7c36fc3c0ad4461d5dbbcd7afdfb6b5c bytes=101 template=class origin=seed:tests/corpus/obfuscation/constant-tag-mix.test.js
 PASS js-fuzzer-class-7c36fc3c0ad4.js [3728/10000] status=ok obs=d3d9446802a4 coverage=+0/32/38 time=1ms
  RUN js-fuzzer-arithmetic-4ac3f0e82433.js [3729/10000] md5=4ac3f0e824333d6780f207fa1c16bb4d bytes=84 template=arithmetic origin=seed:tests/corpus/obfuscation/extern-slot-permutation.test.js
 PASS js-fuzzer-arithmetic-4ac3f0e82433.js [3729/10000] status=ok obs=f899139df5e1 coverage=+0/32/38 time=2ms
  RUN js-fuzzer-function-f9a15ede1a13.js [3730/10000] md5=f9a15ede1a136ec60ae593fd7d4d8635 bytes=153 template=function origin=seed:tests/corpus/obfuscation/externs-console.test.js
 PASS js-fuzzer-function-f9a15ede1a13.js [3730/10000] status=ok obs=d3d9446802a4 coverage=+0/32/38 time=2ms
  RUN js-fuzzer-array-object-1a044fec9299.js [3731/10000] md5=1a044fec92998d6c5bad6ebe5d86e769 bytes=133 template=array-object origin=seed:tests/corpus/obfuscation/seed-sensitive-functions.test.js
 PASS js-fuzzer-array-object-1a044fec9299.js [3731/10000] status=ok obs=aab3238922bc coverage=+0/32/38 time=1ms
  RUN js-fuzzer-boundary-ac080ee0add8.js [3732/10000] md5=ac080ee0add8a3967f40d078a13e076b bytes=122 template=boundary origin=boundary:2147483647
 PASS js-fuzzer-boundary-ac080ee0add8.js [3732/10000] status=ok obs=c588c0a459f4 coverage=+0/32/38 time=2ms
  RUN js-fuzzer-block-scope-55634766540f.js [3733/10000] md5=55634766540f2d4b4be57fc931e893df bytes=114 template=block-scope origin=seed:tests/corpus/regressions/multiple-functions-fib-add.test.js
 PASS js-fuzzer-block-scope-55634766540f.js [3733/10000] status=ok obs=38b3eff8baf5 coverage=+0/32/38 time=2ms
  RUN js-fuzzer-loop-55c7c905bffb.js [3734/10000] md5=55c7c905bffb4bbbc4c8fb9b91df6ad8 bytes=81 template=loop origin=seed:tests/corpus/regressions/scope-compressed-closure-params.test.js
 PASS js-fuzzer-loop-55c7c905bffb.js [3734/10000] status=ok obs=eccbc87e4b5c coverage=+0/32/38 time=1ms
  RUN js-fuzzer-try-catch-c5263a4b0fbd.js [3735/10000] md5=c5263a4b0fbd119742a040447111f34b bytes=109 template=try-catch origin=seed:tests/corpus/runtime/arrays-objects-methods.test.js
 PASS js-fuzzer-try-catch-c5263a4b0fbd.js [3735/10000] status=ok obs=8f14e45fceea coverage=+0/32/38 time=2ms
  RUN js-fuzzer-corpus-8b78ba7912c5.js [3736/10000] md5=8b78ba7912c51f6cf304b65c6ebdb2e3 bytes=289 template=corpus origin=tests/corpus/runtime/block-scopes.test.js
 PASS js-fuzzer-corpus-8b78ba7912c5.js [3736/10000] status=ok obs=37693cfc7480 coverage=+0/32/38 time=2ms
  RUN js-fuzzer-arithmetic-00b8c1b1b25a.js [3737/10000] md5=00b8c1b1b25adfb8f7d4fdbf56d4e1ef bytes=83 template=arithmetic origin=seed:tests/corpus/runtime/class-fields-static-methods.test.js
 PASS js-fuzzer-arithmetic-00b8c1b1b25a.js [3737/10000] status=ok obs=a5bfc9e07964 coverage=+0/32/38 time=1ms
  RUN js-fuzzer-function-79bb4335938d.js [3738/10000] md5=79bb4335938d82d557d11e6633b235d0 bytes=153 template=function origin=seed:tests/corpus/runtime/classes-and-objects.test.js
 PASS js-fuzzer-function-79bb4335938d.js [3738/10000] status=ok obs=6512bd43d9ca coverage=+0/32/38 time=2ms
  RUN js-fuzzer-boundary-e33d9dc9cd6c.js [3739/10000] md5=e33d9dc9cd6c84ec6ac6a01d1d18c4f2 bytes=113 template=boundary origin=boundary:2
 PASS js-fuzzer-boundary-e33d9dc9cd6c.js [3739/10000] status=ok obs=c81e728d9d4c coverage=+0/32/38 time=2ms
  RUN js-fuzzer-closure-8c555ed6bce6.js [3740/10000] md5=8c555ed6bce60b58c145d11271e90fa6 bytes=183 template=closure origin=seed:tests/corpus/runtime/closures-read-captured-values.test.js
 PASS js-fuzzer-closure-8c555ed6bce6.js [3740/10000] status=ok obs=37693cfc7480 coverage=+0/32/38 time=1ms
  RUN js-fuzzer-block-scope-652d7136841b.js [3741/10000] md5=652d7136841be8a38febc4fcb4320341 bytes=114 template=block-scope origin=seed:tests/corpus/runtime/exceptions-and-nullish.test.js
 PASS js-fuzzer-block-scope-652d7136841b.js [3741/10000] status=ok obs=f0935e4cd592 coverage=+0/32/38 time=2ms
  RUN js-fuzzer-loop-f495ca2fc638.js [3742/10000] md5=f495ca2fc6389f933578fc501f5b1465 bytes=81 template=loop origin=seed:tests/corpus/runtime/functions-closures-and-arrows.test.js
 PASS js-fuzzer-loop-f495ca2fc638.js [3742/10000] status=ok obs=c4ca4238a0b9 coverage=+0/32/38 time=2ms
  RUN js-fuzzer-try-catch-8d9c7d254dda.js [3743/10000] md5=8d9c7d254ddaafdc283e844d5d9a6231 bytes=109 template=try-catch origin=seed:tests/corpus/runtime/lexical-shadowing.test.js
 PASS js-fuzzer-try-catch-8d9c7d254dda.js [3743/10000] status=ok obs=a87ff679a2f3 coverage=+0/32/38 time=1ms
  RUN js-fuzzer-class-587587295e00.js [3744/10000] md5=587587295e0075a0a19c4572e53274fe bytes=101 template=class origin=seed:tests/corpus/runtime/modules-export.test.js
 PASS js-fuzzer-class-587587295e00.js [3744/10000] status=ok obs=1f0e3dad9990 coverage=+0/32/38 time=2ms
  RUN js-fuzzer-corpus-c557f8da2a9d.js [3745/10000] md5=c557f8da2a9d2904c70dca50c3eeb50e bytes=191 template=corpus origin=tests/corpus/runtime/nested-try-finally.test.js
 PASS js-fuzzer-corpus-c557f8da2a9d.js [3745/10000] status=ok obs=8f14e45fceea coverage=+0/32/38 time=1ms
  RUN js-fuzzer-boundary-a6a77cc918cc.js [3746/10000] md5=a6a77cc918cc479b04ccb7be2bd80dac bytes=113 template=boundary origin=boundary:1
 PASS js-fuzzer-boundary-a6a77cc918cc.js [3746/10000] status=ok obs=c4ca4238a0b9 coverage=+0/32/38 time=2ms
  RUN js-fuzzer-array-object-231109598337.js [3747/10000] md5=2311095983370afb04ecad56f2c31629 bytes=133 template=array-object origin=seed:tests/corpus/syntax/logical-unary-nullish.test.js
 PASS js-fuzzer-array-object-231109598337.js [3747/10000] status=ok obs=1f0e3dad9990 coverage=+0/32/38 time=2ms
  RUN js-fuzzer-closure-b441c90b20e2.js [3748/10000] md5=b441c90b20e2652850dc7bc4e9923b67 bytes=184 template=closure origin=seed:tests/corpus/syntax/object-destructure-and-members.test.js
 PASS js-fuzzer-closure-b441c90b20e2.js [3748/10000] status=ok obs=14bfa6bb1487 coverage=+0/32/38 time=1ms
  RUN js-fuzzer-block-scope-2c10bbc428db.js [3749/10000] md5=2c10bbc428db4200e64caddad48be0c3 bytes=114 template=block-scope origin=seed:tests/corpus/syntax/switch-do-while-sequence.test.js
 PASS js-fuzzer-block-scope-2c10bbc428db.js [3749/10000] status=ok obs=38b3eff8baf5 coverage=+0/32/38 time=2ms
  RUN js-fuzzer-loop-54e460cecf5c.js [3750/10000] md5=54e460cecf5c05dfcffaa3b2e5f57445 bytes=81 template=loop origin=seed:tests/corpus/syntax/template-array-destructure.test.js
 PASS js-fuzzer-loop-54e460cecf5c.js [3750/10000] status=ok obs=d3d9446802a4 coverage=+0/32/38 time=2ms
  RUN js-fuzzer-try-catch-398077b2e1d6.js [3751/10000] md5=398077b2e1d6a50d953f7a907c7a061d bytes=110 template=try-catch origin=seed:tests/corpus/syntax/typescript-assertions.test.ts
 PASS js-fuzzer-try-catch-398077b2e1d6.js [3751/10000] status=ok obs=6364d3f0f495 coverage=+0/32/38 time=1ms
  RUN js-fuzzer-class-ff7d9ca3da86.js [3752/10000] md5=ff7d9ca3da86b49917ac34b4d48e8df9 bytes=101 template=class origin=seed:tests/corpus/syntax/typescript-non-null-satisfies.test.ts
 PASS js-fuzzer-class-ff7d9ca3da86.js [3752/10000] status=ok obs=c20ad4d76fe9 coverage=+0/32/38 time=2ms
  RUN js-fuzzer-boundary-e62759fbe8d3.js [3753/10000] md5=e62759fbe8d36ad2cfb89a0f8bac18b9 bytes=129 template=boundary origin=boundary:-9007199254740991
 PASS js-fuzzer-boundary-e62759fbe8d3.js [3753/10000] status=ok obs=b3f3a95848f6 coverage=+0/32/38 time=1ms
  RUN js-fuzzer-corpus-ab8ca4f8757c.js [3754/10000] md5=ab8ca4f8757c6165b29cd6a662edad93 bytes=450 template=corpus origin=tests/corpus/fixtures/state-machine-workflow.test.js
 PASS js-fuzzer-corpus-ab8ca4f8757c.js [3754/10000] status=ok obs=b9f49c580664 coverage=+0/32/38 time=2ms
  RUN js-fuzzer-array-object-80c2d7a757ee.js [3755/10000] md5=80c2d7a757ee62fd1568761ff26cfa39 bytes=133 template=array-object origin=seed:tests/corpus/fixtures/vue-script-workflow.test.vue
 PASS js-fuzzer-array-object-80c2d7a757ee.js [3755/10000] status=ok obs=c20ad4d76fe9 coverage=+0/32/38 time=2ms
  RUN js-fuzzer-closure-a3125c28b8fa.js [3756/10000] md5=a3125c28b8fa23005ff4d97fb848335a bytes=184 template=closure origin=seed:tests/corpus/obfuscation/constant-tag-mix.test.js
 PASS js-fuzzer-closure-a3125c28b8fa.js [3756/10000] status=ok obs=fc490ca45c00 coverage=+0/32/38 time=2ms
  RUN js-fuzzer-block-scope-35afccb6c8d3.js [3757/10000] md5=35afccb6c8d3b5580a781876f23bcf14 bytes=114 template=block-scope origin=seed:tests/corpus/obfuscation/extern-slot-permutation.test.js
 PASS js-fuzzer-block-scope-35afccb6c8d3.js [3757/10000] status=ok obs=f0935e4cd592 coverage=+0/32/38 time=1ms
  RUN js-fuzzer-loop-d35707ad0bf7.js [3758/10000] md5=d35707ad0bf74148f671ad8943998af6 bytes=81 template=loop origin=seed:tests/corpus/obfuscation/externs-console.test.js
 PASS js-fuzzer-loop-d35707ad0bf7.js [3758/10000] status=ok obs=9bf31c7ff062 coverage=+0/32/38 time=2ms
  RUN js-fuzzer-try-catch-85daf11db7ec.js [3759/10000] md5=85daf11db7ec5f71a0e05a86a536d94d bytes=110 template=try-catch origin=seed:tests/corpus/obfuscation/seed-sensitive-functions.test.js
 PASS js-fuzzer-try-catch-85daf11db7ec.js [3759/10000] status=ok obs=f7177163c833 coverage=+0/32/38 time=2ms
  RUN js-fuzzer-boundary-205872a6e44c.js [3760/10000] md5=205872a6e44c1ea0cf94554af934fb09 bytes=123 template=boundary origin=boundary:-2147483648
 PASS js-fuzzer-boundary-205872a6e44c.js [3760/10000] status=ok obs=034ff5946105 coverage=+0/32/38 time=1ms
  RUN js-fuzzer-arithmetic-b3318280236e.js [3761/10000] md5=b3318280236e43f1511a31f44e751e40 bytes=85 template=arithmetic origin=seed:tests/corpus/regressions/multiple-functions-fib-add.test.js
 PASS js-fuzzer-arithmetic-b3318280236e.js [3761/10000] status=ok obs=03afdbd66e79 coverage=+0/32/38 time=2ms
  RUN js-fuzzer-function-1bdd3cdc8039.js [3762/10000] md5=1bdd3cdc8039303572ffd714360b1f25 bytes=153 template=function origin=seed:tests/corpus/regressions/scope-compressed-closure-params.test.js
 PASS js-fuzzer-function-1bdd3cdc8039.js [3762/10000] status=ok obs=37693cfc7480 coverage=+0/32/38 time=2ms
  RUN js-fuzzer-corpus-a07012429fce.js [3763/10000] md5=a07012429fce4b4d7c8af42f445f70b9 bytes=163 template=corpus origin=tests/corpus/runtime/arrays-objects-methods.test.js
 PASS js-fuzzer-corpus-a07012429fce.js [3763/10000] status=ok obs=c51ce410c124 coverage=+0/32/38 time=2ms
  RUN js-fuzzer-closure-f0e0fd83a99f.js [3764/10000] md5=f0e0fd83a99f072f67cc4c551316df77 bytes=183 template=closure origin=seed:tests/corpus/runtime/block-scopes.test.js
 PASS js-fuzzer-closure-f0e0fd83a99f.js [3764/10000] status=ok obs=3c59dc048e88 coverage=+0/32/38 time=1ms
  RUN js-fuzzer-block-scope-06ac02369cd7.js [3765/10000] md5=06ac02369cd7513096646f945b821d0f bytes=114 template=block-scope origin=seed:tests/corpus/runtime/class-fields-static-methods.test.js
 PASS js-fuzzer-block-scope-06ac02369cd7.js [3765/10000] status=ok obs=ec8956637a99 coverage=+0/32/38 time=2ms
  RUN js-fuzzer-loop-55c7c905bffb.js [3766/10000] md5=55c7c905bffb4bbbc4c8fb9b91df6ad8 bytes=81 template=loop origin=seed:tests/corpus/runtime/classes-and-objects.test.js
 PASS js-fuzzer-loop-55c7c905bffb.js [3766/10000] status=ok obs=eccbc87e4b5c coverage=+0/32/38 time=2ms
  RUN js-fuzzer-boundary-6d89c3a838ae.js [3767/10000] md5=6d89c3a838ae354bda64ec37ec2b63b1 bytes=114 template=boundary origin=boundary:-2
 PASS js-fuzzer-boundary-6d89c3a838ae.js [3767/10000] status=ok obs=5d7b9adcbe1c coverage=+0/32/38 time=1ms
  RUN js-fuzzer-class-d8979b510eb0.js [3768/10000] md5=d8979b510eb085c9e0e846586f80f265 bytes=101 template=class origin=seed:tests/corpus/runtime/closures-read-captured-values.test.js
 PASS js-fuzzer-class-d8979b510eb0.js [3768/10000] status=ok obs=c74d97b01eae coverage=+0/32/38 time=2ms
  RUN js-fuzzer-arithmetic-dd338f16a329.js [3769/10000] md5=dd338f16a3295dba3daf6dca5b2e6860 bytes=86 template=arithmetic origin=seed:tests/corpus/runtime/exceptions-and-nullish.test.js
 PASS js-fuzzer-arithmetic-dd338f16a329.js [3769/10000] status=ok obs=310dcbbf4cce coverage=+0/32/38 time=1ms
  RUN js-fuzzer-function-d3859b93eee1.js [3770/10000] md5=d3859b93eee1f3bcfec0cda51c4d02bf bytes=153 template=function origin=seed:tests/corpus/runtime/functions-closures-and-arrows.test.js
 PASS js-fuzzer-function-d3859b93eee1.js [3770/10000] status=ok obs=a87ff679a2f3 coverage=+0/32/38 time=2ms
  RUN js-fuzzer-array-object-032b49a71cc0.js [3771/10000] md5=032b49a71cc0a0827bd293eceda176be bytes=133 template=array-object origin=seed:tests/corpus/runtime/lexical-shadowing.test.js
 PASS js-fuzzer-array-object-032b49a71cc0.js [3771/10000] status=ok obs=9bf31c7ff062 coverage=+0/32/38 time=2ms
  RUN js-fuzzer-corpus-4131d841163b.js [3772/10000] md5=4131d841163b79e192bca9d4fc683c54 bytes=58 template=corpus origin=tests/corpus/runtime/modules-export.test.js
 PASS js-fuzzer-corpus-4131d841163b.js [3772/10000] status=ok obs=8f14e45fceea coverage=+0/32/38 time=1ms
  RUN js-fuzzer-block-scope-2d241bc04b81.js [3773/10000] md5=2d241bc04b81ff536710e4bb73cdb7c7 bytes=114 template=block-scope origin=seed:tests/corpus/runtime/nested-try-finally.test.js
 PASS js-fuzzer-block-scope-2d241bc04b81.js [3773/10000] status=ok obs=38b3eff8baf5 coverage=+0/32/38 time=2ms
  RUN js-fuzzer-boundary-1024adcac0e5.js [3774/10000] md5=1024adcac0e5cc9f99f478fa66dcc00c bytes=114 template=boundary origin=boundary:-1
 PASS js-fuzzer-boundary-1024adcac0e5.js [3774/10000] status=ok obs=6bb61e3b7bce coverage=+0/32/38 time=1ms
  RUN js-fuzzer-try-catch-78409afcd812.js [3775/10000] md5=78409afcd812e57d07238a91d9d67ddf bytes=110 template=try-catch origin=seed:tests/corpus/syntax/logical-unary-nullish.test.js
 PASS js-fuzzer-try-catch-78409afcd812.js [3775/10000] status=ok obs=17e62166fc85 coverage=+0/32/38 time=2ms
  RUN js-fuzzer-class-47fbd3db5853.js [3776/10000] md5=47fbd3db58539fc2e42627a4f3168c79 bytes=101 template=class origin=seed:tests/corpus/syntax/object-destructure-and-members.test.js
 PASS js-fuzzer-class-47fbd3db5853.js [3776/10000] status=ok obs=98f137082101 coverage=+0/32/38 time=1ms
  RUN js-fuzzer-arithmetic-f395d63860f8.js [3777/10000] md5=f395d63860f8657c441e1ff87adb20b6 bytes=85 template=arithmetic origin=seed:tests/corpus/syntax/switch-do-while-sequence.test.js
 PASS js-fuzzer-arithmetic-f395d63860f8.js [3777/10000] status=ok obs=1c383cd30b7c coverage=+0/32/38 time=2ms
  RUN js-fuzzer-function-53ef3ed61b76.js [3778/10000] md5=53ef3ed61b76dc45be6c66e5b3206216 bytes=153 template=function origin=seed:tests/corpus/syntax/template-array-destructure.test.js
 PASS js-fuzzer-function-53ef3ed61b76.js [3778/10000] status=ok obs=70efdf2ec9b0 coverage=+0/32/38 time=2ms
  RUN js-fuzzer-array-object-e5c3d87d2418.js [3779/10000] md5=e5c3d87d2418d1960f36fcbe9cfafe86 bytes=133 template=array-object origin=seed:tests/corpus/syntax/typescript-assertions.test.ts
 PASS js-fuzzer-array-object-e5c3d87d2418.js [3779/10000] status=ok obs=9bf31c7ff062 coverage=+0/32/38 time=2ms
  RUN js-fuzzer-closure-f39cf38bd104.js [3780/10000] md5=f39cf38bd1046032af9f678347c88d58 bytes=184 template=closure origin=seed:tests/corpus/syntax/typescript-non-null-satisfies.test.ts
 PASS js-fuzzer-closure-f39cf38bd104.js [3780/10000] status=ok obs=a5bfc9e07964 coverage=+0/32/38 time=2ms
  RUN js-fuzzer-corpus-797f152bf878.js [3781/10000] md5=797f152bf878d5049066c6db6d2360b3 bytes=355 template=corpus origin=tests/corpus/fixtures/job-workflow.test.js
 PASS js-fuzzer-corpus-797f152bf878.js [3781/10000] status=ok obs=b9de0628c8ec coverage=+0/32/38 time=2ms
  RUN js-fuzzer-loop-bbf1d7a15d8d.js [3782/10000] md5=bbf1d7a15d8dd015402d75c0e0108b5f bytes=81 template=loop origin=seed:tests/corpus/fixtures/state-machine-workflow.test.js
 PASS js-fuzzer-loop-bbf1d7a15d8d.js [3782/10000] status=ok obs=1679091c5a88 coverage=+0/32/38 time=1ms
  RUN js-fuzzer-try-catch-b442aa263f12.js [3783/10000] md5=b442aa263f129fb627b483e77db700ad bytes=110 template=try-catch origin=seed:tests/corpus/fixtures/vue-script-workflow.test.vue
 PASS js-fuzzer-try-catch-b442aa263f12.js [3783/10000] status=ok obs=c20ad4d76fe9 coverage=+0/32/38 time=2ms
  RUN js-fuzzer-class-587587295e00.js [3784/10000] md5=587587295e0075a0a19c4572e53274fe bytes=101 template=class origin=seed:tests/corpus/obfuscation/constant-tag-mix.test.js
 PASS js-fuzzer-class-587587295e00.js [3784/10000] status=ok obs=1f0e3dad9990 coverage=+0/32/38 time=1ms
  RUN js-fuzzer-arithmetic-0a5f75c7f241.js [3785/10000] md5=0a5f75c7f2412e3bf4f4eaba4c65dada bytes=84 template=arithmetic origin=seed:tests/corpus/obfuscation/extern-slot-permutation.test.js
 PASS js-fuzzer-arithmetic-0a5f75c7f241.js [3785/10000] status=ok obs=642e92efb794 coverage=+0/32/38 time=3ms
  RUN js-fuzzer-function-59a47c73ec30.js [3786/10000] md5=59a47c73ec3039d5b72e8af0d1e410de bytes=153 template=function origin=seed:tests/corpus/obfuscation/externs-console.test.js
 PASS js-fuzzer-function-59a47c73ec30.js [3786/10000] status=ok obs=8f14e45fceea coverage=+0/32/38 time=2ms
  RUN js-fuzzer-array-object-c7e2a662f172.js [3787/10000] md5=c7e2a662f1726f10b5d8983647d21333 bytes=133 template=array-object origin=seed:tests/corpus/obfuscation/seed-sensitive-functions.test.js
 PASS js-fuzzer-array-object-c7e2a662f172.js [3787/10000] status=ok obs=c51ce410c124 coverage=+0/32/38 time=3ms
  RUN js-fuzzer-boundary-4bea2a6e0cb0.js [3788/10000] md5=4bea2a6e0cb0c7bb0b29e5b5d44112d8 bytes=128 template=boundary origin=boundary:9007199254740991
 PASS js-fuzzer-boundary-4bea2a6e0cb0.js [3788/10000] status=ok obs=dc9a0d67a31d coverage=+0/32/38 time=2ms
  RUN js-fuzzer-block-scope-c2c63e91e186.js [3789/10000] md5=c2c63e91e186252922a08e53abdbe3a5 bytes=115 template=block-scope origin=seed:tests/corpus/regressions/multiple-functions-fib-add.test.js
 PASS js-fuzzer-block-scope-c2c63e91e186.js [3789/10000] status=ok obs=5f93f983524d coverage=+0/32/38 time=4ms
  RUN js-fuzzer-corpus-c28cfb056309.js [3790/10000] md5=c28cfb056309f2a77f8bd9756b123c54 bytes=147 template=corpus origin=tests/corpus/regressions/scope-compressed-closure-params.test.js
 PASS js-fuzzer-corpus-c28cfb056309.js [3790/10000] status=ok obs=c51ce410c124 coverage=+0/32/38 time=1ms
  RUN js-fuzzer-try-catch-dd0b1ef9b53e.js [3791/10000] md5=dd0b1ef9b53e3ee92bf7cc86c8d4101e bytes=110 template=try-catch origin=seed:tests/corpus/runtime/arrays-objects-methods.test.js
 PASS js-fuzzer-try-catch-dd0b1ef9b53e.js [3791/10000] status=ok obs=642e92efb794 coverage=+0/32/38 time=1ms
  RUN js-fuzzer-class-a9875f561daf.js [3792/10000] md5=a9875f561daf181d949c68fc070db0e0 bytes=101 template=class origin=seed:tests/corpus/runtime/block-scopes.test.js
 PASS js-fuzzer-class-a9875f561daf.js [3792/10000] status=ok obs=aab3238922bc coverage=+0/32/38 time=2ms
  RUN js-fuzzer-arithmetic-42bafd665c32.js [3793/10000] md5=42bafd665c32e193867de969c33e7df4 bytes=85 template=arithmetic origin=seed:tests/corpus/runtime/class-fields-static-methods.test.js
 PASS js-fuzzer-arithmetic-42bafd665c32.js [3793/10000] status=ok obs=4e732ced3463 coverage=+0/32/38 time=2ms
  RUN js-fuzzer-function-f172d914fe2f.js [3794/10000] md5=f172d914fe2f2d124fd9ee51d2714545 bytes=153 template=function origin=seed:tests/corpus/runtime/classes-and-objects.test.js
 PASS js-fuzzer-function-f172d914fe2f.js [3794/10000] status=ok obs=c9f0f895fb98 coverage=+0/32/38 time=2ms
  RUN js-fuzzer-boundary-ac080ee0add8.js [3795/10000] md5=ac080ee0add8a3967f40d078a13e076b bytes=122 template=boundary origin=boundary:2147483647
 PASS js-fuzzer-boundary-ac080ee0add8.js [3795/10000] status=ok obs=c588c0a459f4 coverage=+0/32/38 time=1ms
  RUN js-fuzzer-closure-fc3840d846bb.js [3796/10000] md5=fc3840d846bb95c298466c2052120ef3 bytes=184 template=closure origin=seed:tests/corpus/runtime/closures-read-captured-values.test.js
 PASS js-fuzzer-closure-fc3840d846bb.js [3796/10000] status=ok obs=093f65e080a2 coverage=+0/32/38 time=3ms
  RUN js-fuzzer-block-scope-c62bd24f87c9.js [3797/10000] md5=c62bd24f87c9561c1ce7bf862c28f95d bytes=114 template=block-scope origin=seed:tests/corpus/runtime/exceptions-and-nullish.test.js
 PASS js-fuzzer-block-scope-c62bd24f87c9.js [3797/10000] status=ok obs=ec8956637a99 coverage=+0/32/38 time=2ms
  RUN js-fuzzer-loop-b88258462a8d.js [3798/10000] md5=b88258462a8d880f8b0e459fa23b2536 bytes=81 template=loop origin=seed:tests/corpus/runtime/functions-closures-and-arrows.test.js
 PASS js-fuzzer-loop-b88258462a8d.js [3798/10000] status=ok obs=3c59dc048e88 coverage=+0/32/38 time=2ms
  RUN js-fuzzer-corpus-463d4dee8a1f.js [3799/10000] md5=463d4dee8a1f930fa8af57a704cacf3e bytes=232 template=corpus origin=tests/corpus/runtime/lexical-shadowing.test.js
 PASS js-fuzzer-corpus-463d4dee8a1f.js [3799/10000] status=ok obs=c51ce410c124 coverage=+0/32/38 time=1ms
  RUN js-fuzzer-class-3b630e2d834a.js [3800/10000] md5=3b630e2d834a95a01ee75571f8bc0075 bytes=101 template=class origin=seed:tests/corpus/runtime/modules-export.test.js
 PASS js-fuzzer-class-3b630e2d834a.js [3800/10000] status=ok obs=6512bd43d9ca coverage=+0/32/38 time=2ms
  RUN js-fuzzer-arithmetic-bdde8d6afc75.js [3801/10000] md5=bdde8d6afc75570e2b25d5bbd7a15fa8 bytes=83 template=arithmetic origin=seed:tests/corpus/runtime/nested-try-finally.test.js
 PASS js-fuzzer-arithmetic-bdde8d6afc75.js [3801/10000] status=ok obs=70efdf2ec9b0 coverage=+0/32/38 time=2ms
  RUN js-fuzzer-boundary-221618e58a55.js [3802/10000] md5=221618e58a55537e4dc7530ef9f57aaf bytes=113 template=boundary origin=boundary:2
 PASS js-fuzzer-boundary-221618e58a55.js [3802/10000] status=ok obs=c81e728d9d4c coverage=+0/32/38 time=1ms
  RUN js-fuzzer-array-object-194ac510f1f8.js [3803/10000] md5=194ac510f1f8c2ca3c650843877a225c bytes=133 template=array-object origin=seed:tests/corpus/syntax/logical-unary-nullish.test.js
 PASS js-fuzzer-array-object-194ac510f1f8.js [3803/10000] status=ok obs=d3d9446802a4 coverage=+0/32/38 time=2ms
  RUN js-fuzzer-closure-b8e335d5ee48.js [3804/10000] md5=b8e335d5ee48700c60a75a21751097e1 bytes=184 template=closure origin=seed:tests/corpus/syntax/object-destructure-and-members.test.js
 PASS js-fuzzer-closure-b8e335d5ee48.js [3804/10000] status=ok obs=1c383cd30b7c coverage=+0/32/38 time=2ms
  RUN js-fuzzer-block-scope-056e31486d60.js [3805/10000] md5=056e31486d6076b39b9b6454f54dba4b bytes=114 template=block-scope origin=seed:tests/corpus/syntax/switch-do-while-sequence.test.js
 PASS js-fuzzer-block-scope-056e31486d60.js [3805/10000] status=ok obs=a97da629b098 coverage=+0/32/38 time=2ms
  RUN js-fuzzer-loop-54e460cecf5c.js [3806/10000] md5=54e460cecf5c05dfcffaa3b2e5f57445 bytes=81 template=loop origin=seed:tests/corpus/syntax/template-array-destructure.test.js
 PASS js-fuzzer-loop-54e460cecf5c.js [3806/10000] status=ok obs=d3d9446802a4 coverage=+0/32/38 time=1ms
  RUN js-fuzzer-try-catch-136d1b3d4ffd.js [3807/10000] md5=136d1b3d4ffdac816022c9faabe622ca bytes=110 template=try-catch origin=seed:tests/corpus/syntax/typescript-assertions.test.ts
 PASS js-fuzzer-try-catch-136d1b3d4ffd.js [3807/10000] status=ok obs=9bf31c7ff062 coverage=+0/32/38 time=2ms
  RUN js-fuzzer-corpus-e3eeaea0f8a2.js [3808/10000] md5=e3eeaea0f8a2c5d5b650d4007cf78b4a bytes=104 template=corpus origin=tests/corpus/syntax/typescript-non-null-satisfies.test.ts
 PASS js-fuzzer-corpus-e3eeaea0f8a2.js [3808/10000] status=ok obs=d3d9446802a4 coverage=+0/32/38 time=2ms
  RUN js-fuzzer-boundary-ccde2dac26f6.js [3809/10000] md5=ccde2dac26f6d3fd46c3698825685fe3 bytes=113 template=boundary origin=boundary:1
 PASS js-fuzzer-boundary-ccde2dac26f6.js [3809/10000] status=ok obs=c4ca4238a0b9 coverage=+0/32/38 time=1ms
  RUN js-fuzzer-function-06471e1fced1.js [3810/10000] md5=06471e1fced163f025e3f67e77c6ce04 bytes=153 template=function origin=seed:tests/corpus/fixtures/state-machine-workflow.test.js
 PASS js-fuzzer-function-06471e1fced1.js [3810/10000] status=ok obs=45c48cce2e2d coverage=+0/32/38 time=2ms
  RUN js-fuzzer-array-object-53b236151ae6.js [3811/10000] md5=53b236151ae6a45fb38321564302effa bytes=133 template=array-object origin=seed:tests/corpus/fixtures/vue-script-workflow.test.vue
 PASS js-fuzzer-array-object-53b236151ae6.js [3811/10000] status=ok obs=d3d9446802a4 coverage=+0/32/38 time=2ms
  RUN js-fuzzer-closure-f48fb35836a2.js [3812/10000] md5=f48fb35836a2c27531ab3f695d8d8be5 bytes=184 template=closure origin=seed:tests/corpus/obfuscation/constant-tag-mix.test.js
 PASS js-fuzzer-closure-f48fb35836a2.js [3812/10000] status=ok obs=17e62166fc85 coverage=+0/32/38 time=1ms
  RUN js-fuzzer-block-scope-17eb1bee1dd2.js [3813/10000] md5=17eb1bee1dd2edb19a46b1e6ba44a522 bytes=114 template=block-scope origin=seed:tests/corpus/obfuscation/extern-slot-permutation.test.js
 PASS js-fuzzer-block-scope-17eb1bee1dd2.js [3813/10000] status=ok obs=38b3eff8baf5 coverage=+0/32/38 time=1ms
  RUN js-fuzzer-loop-54e460cecf5c.js [3814/10000] md5=54e460cecf5c05dfcffaa3b2e5f57445 bytes=81 template=loop origin=seed:tests/corpus/obfuscation/externs-console.test.js
 PASS js-fuzzer-loop-54e460cecf5c.js [3814/10000] status=ok obs=d3d9446802a4 coverage=+0/32/38 time=2ms
  RUN js-fuzzer-try-catch-84bb82ab521c.js [3815/10000] md5=84bb82ab521cc370007aca532f77c9e1 bytes=110 template=try-catch origin=seed:tests/corpus/obfuscation/seed-sensitive-functions.test.js
 PASS js-fuzzer-try-catch-84bb82ab521c.js [3815/10000] status=ok obs=c16a5320fa47 coverage=+0/32/38 time=2ms
  RUN js-fuzzer-boundary-6aec0a9b1ff4.js [3816/10000] md5=6aec0a9b1ff4294bcfecb539ba7e660b bytes=129 template=boundary origin=boundary:-9007199254740991
 PASS js-fuzzer-boundary-6aec0a9b1ff4.js [3816/10000] status=ok obs=b3f3a95848f6 coverage=+0/32/38 time=1ms
  RUN js-fuzzer-corpus-ad9ed8746461.js [3817/10000] md5=ad9ed87464611c6dd81b04b3754c760c bytes=214 template=corpus origin=tests/corpus/regressions/multiple-functions-fib-add.test.js
 PASS js-fuzzer-corpus-ad9ed8746461.js [3817/10000] status=ok obs=3c59dc048e88 coverage=+0/32/38 time=2ms
  RUN js-fuzzer-function-8384e80192dc.js [3818/10000] md5=8384e80192dc0232cf5e505b2f7d5501 bytes=153 template=function origin=seed:tests/corpus/regressions/scope-compressed-closure-params.test.js
 PASS js-fuzzer-function-8384e80192dc.js [3818/10000] status=ok obs=e4da3b7fbbce coverage=+0/32/38 time=2ms
  RUN js-fuzzer-array-object-80442e04a9aa.js [3819/10000] md5=80442e04a9aa3384b665160874136ae7 bytes=133 template=array-object origin=seed:tests/corpus/runtime/arrays-objects-methods.test.js
 PASS js-fuzzer-array-object-80442e04a9aa.js [3819/10000] status=ok obs=c20ad4d76fe9 coverage=+0/32/38 time=2ms
  RUN js-fuzzer-closure-0ed4f12875d1.js [3820/10000] md5=0ed4f12875d124a7a3c02bd1fa7fc3fa bytes=183 template=closure origin=seed:tests/corpus/runtime/block-scopes.test.js
 PASS js-fuzzer-closure-0ed4f12875d1.js [3820/10000] status=ok obs=6512bd43d9ca coverage=+0/32/38 time=1ms
  RUN js-fuzzer-block-scope-cd4ca530ceaa.js [3821/10000] md5=cd4ca530ceaae2742d31ed87b34a7cc3 bytes=114 template=block-scope origin=seed:tests/corpus/runtime/class-fields-static-methods.test.js
 PASS js-fuzzer-block-scope-cd4ca530ceaa.js [3821/10000] status=ok obs=c9e1074f5b3f coverage=+0/32/38 time=2ms
  RUN js-fuzzer-loop-bbf1d7a15d8d.js [3822/10000] md5=bbf1d7a15d8dd015402d75c0e0108b5f bytes=81 template=loop origin=seed:tests/corpus/runtime/classes-and-objects.test.js
 PASS js-fuzzer-loop-bbf1d7a15d8d.js [3822/10000] status=ok obs=1679091c5a88 coverage=+0/32/38 time=3ms
  RUN js-fuzzer-boundary-4b8e58e2bd3b.js [3823/10000] md5=4b8e58e2bd3bc437f093fe0ab13ce109 bytes=123 template=boundary origin=boundary:-2147483648
 PASS js-fuzzer-boundary-4b8e58e2bd3b.js [3823/10000] status=ok obs=034ff5946105 coverage=+0/32/38 time=2ms
  RUN js-fuzzer-class-ff7d9ca3da86.js [3824/10000] md5=ff7d9ca3da86b49917ac34b4d48e8df9 bytes=101 template=class origin=seed:tests/corpus/runtime/closures-read-captured-values.test.js
 PASS js-fuzzer-class-ff7d9ca3da86.js [3824/10000] status=ok obs=c20ad4d76fe9 coverage=+0/32/38 time=1ms
  RUN js-fuzzer-arithmetic-e68f655dd530.js [3825/10000] md5=e68f655dd5301efdcae63e30558693ac bytes=84 template=arithmetic origin=seed:tests/corpus/runtime/exceptions-and-nullish.test.js
 PASS js-fuzzer-arithmetic-e68f655dd530.js [3825/10000] status=ok obs=1385974ed590 coverage=+0/32/38 time=2ms
  RUN js-fuzzer-corpus-72746d071c58.js [3826/10000] md5=72746d071c58fadd9399bc8934c30553 bytes=197 template=corpus origin=tests/corpus/runtime/functions-closures-and-arrows.test.js
 PASS js-fuzzer-corpus-72746d071c58.js [3826/10000] status=ok obs=c74d97b01eae coverage=+0/32/38 time=2ms
  RUN js-fuzzer-array-object-caaed4e9cf82.js [3827/10000] md5=caaed4e9cf82e3f0dbdde7a4d3ded229 bytes=133 template=array-object origin=seed:tests/corpus/runtime/lexical-shadowing.test.js
 PASS js-fuzzer-array-object-caaed4e9cf82.js [3827/10000] status=ok obs=c74d97b01eae coverage=+0/32/38 time=2ms
  RUN js-fuzzer-closure-3c00c88e9b91.js [3828/10000] md5=3c00c88e9b915290486c977dc9f8f6af bytes=185 template=closure origin=seed:tests/corpus/runtime/modules-export.test.js
 PASS js-fuzzer-closure-3c00c88e9b91.js [3828/10000] status=ok obs=03afdbd66e79 coverage=+0/32/38 time=2ms
  RUN js-fuzzer-block-scope-250010e390cc.js [3829/10000] md5=250010e390ccf01ade8aa57381b7974e bytes=114 template=block-scope origin=seed:tests/corpus/runtime/nested-try-finally.test.js
 PASS js-fuzzer-block-scope-250010e390cc.js [3829/10000] status=ok obs=ec8956637a99 coverage=+0/32/38 time=1ms
  RUN js-fuzzer-boundary-92df4f5b559a.js [3830/10000] md5=92df4f5b559a550058b4133ffb629932 bytes=114 template=boundary origin=boundary:-2
 PASS js-fuzzer-boundary-92df4f5b559a.js [3830/10000] status=ok obs=5d7b9adcbe1c coverage=+0/32/38 time=2ms
  RUN js-fuzzer-try-catch-84bb82ab521c.js [3831/10000] md5=84bb82ab521cc370007aca532f77c9e1 bytes=110 template=try-catch origin=seed:tests/corpus/syntax/logical-unary-nullish.test.js
 PASS js-fuzzer-try-catch-84bb82ab521c.js [3831/10000] status=ok obs=c16a5320fa47 coverage=+0/32/38 time=2ms
  RUN js-fuzzer-class-f454a055ed5d.js [3832/10000] md5=f454a055ed5dc800cb1ab66abc7a01de bytes=100 template=class origin=seed:tests/corpus/syntax/object-destructure-and-members.test.js
 PASS js-fuzzer-class-f454a055ed5d.js [3832/10000] status=ok obs=a87ff679a2f3 coverage=+0/32/38 time=2ms
  RUN js-fuzzer-arithmetic-f65ae2fa9bae.js [3833/10000] md5=f65ae2fa9bae5d09692f00a9abf67cac bytes=83 template=arithmetic origin=seed:tests/corpus/syntax/switch-do-while-sequence.test.js
 PASS js-fuzzer-arithmetic-f65ae2fa9bae.js [3833/10000] status=ok obs=c51ce410c124 coverage=+0/32/38 time=1ms
  RUN js-fuzzer-function-1d370c2e7126.js [3834/10000] md5=1d370c2e7126a84b090ad6eed5468375 bytes=153 template=function origin=seed:tests/corpus/syntax/template-array-destructure.test.js
 PASS js-fuzzer-function-1d370c2e7126.js [3834/10000] status=ok obs=8f14e45fceea coverage=+0/32/38 time=2ms
  RUN js-fuzzer-corpus-57a83a4b020d.js [3835/10000] md5=57a83a4b020d4b85b42b0a3709f283ad bytes=130 template=corpus origin=tests/corpus/syntax/typescript-assertions.test.ts
 PASS js-fuzzer-corpus-57a83a4b020d.js [3835/10000] status=ok obs=45c48cce2e2d coverage=+0/32/38 time=2ms
  RUN js-fuzzer-closure-7d81d9df4108.js [3836/10000] md5=7d81d9df41082550a099655cba1bdd84 bytes=184 template=closure origin=seed:tests/corpus/syntax/typescript-non-null-satisfies.test.ts
 PASS js-fuzzer-closure-7d81d9df4108.js [3836/10000] status=ok obs=1c383cd30b7c coverage=+0/32/38 time=1ms
  RUN js-fuzzer-boundary-61a9a82f5f08.js [3837/10000] md5=61a9a82f5f08bc177f13c805ba785d7d bytes=114 template=boundary origin=boundary:-1
 PASS js-fuzzer-boundary-61a9a82f5f08.js [3837/10000] status=ok obs=6bb61e3b7bce coverage=+0/32/38 time=1ms
  RUN js-fuzzer-loop-55c7c905bffb.js [3838/10000] md5=55c7c905bffb4bbbc4c8fb9b91df6ad8 bytes=81 template=loop origin=seed:tests/corpus/fixtures/state-machine-workflow.test.js
 PASS js-fuzzer-loop-55c7c905bffb.js [3838/10000] status=ok obs=eccbc87e4b5c coverage=+0/32/38 time=2ms
  RUN js-fuzzer-try-catch-10b006553cce.js [3839/10000] md5=10b006553cced3afac446c8e96bc0d8a bytes=110 template=try-catch origin=seed:tests/corpus/fixtures/vue-script-workflow.test.vue
 PASS js-fuzzer-try-catch-10b006553cce.js [3839/10000] status=ok obs=8e296a067a37 coverage=+0/32/38 time=1ms
  RUN js-fuzzer-class-d2b3669b495d.js [3840/10000] md5=d2b3669b495dd4792f9e1509f2bbf8a7 bytes=100 template=class origin=seed:tests/corpus/obfuscation/constant-tag-mix.test.js
 PASS js-fuzzer-class-d2b3669b495d.js [3840/10000] status=ok obs=eccbc87e4b5c coverage=+0/32/38 time=2ms
  RUN js-fuzzer-arithmetic-5d611a112813.js [3841/10000] md5=5d611a112813033ad66b26a41856674b bytes=85 template=arithmetic origin=seed:tests/corpus/obfuscation/extern-slot-permutation.test.js
 PASS js-fuzzer-arithmetic-5d611a112813.js [3841/10000] status=ok obs=03afdbd66e79 coverage=+0/32/38 time=1ms
  RUN js-fuzzer-function-d9597d28535f.js [3842/10000] md5=d9597d28535fd2b10f5ca10cf87a7bb6 bytes=153 template=function origin=seed:tests/corpus/obfuscation/externs-console.test.js
 PASS js-fuzzer-function-d9597d28535f.js [3842/10000] status=ok obs=6f4922f45568 coverage=+0/32/38 time=3ms
  RUN js-fuzzer-array-object-37cf3d94db6a.js [3843/10000] md5=37cf3d94db6a8120ce7c16c6c1589a70 bytes=133 template=array-object origin=seed:tests/corpus/obfuscation/seed-sensitive-functions.test.js
 PASS js-fuzzer-array-object-37cf3d94db6a.js [3843/10000] status=ok obs=c51ce410c124 coverage=+0/32/38 time=1ms
  RUN js-fuzzer-corpus-79643e915862.js [3844/10000] md5=79643e91586251700d34c0c65a0220da bytes=89 template=corpus origin=tests/corpus/regressions/destructuring-lowers-to-member.test.js
 PASS js-fuzzer-corpus-79643e915862.js [3844/10000] status=ok obs=eccbc87e4b5c coverage=+0/32/38 time=2ms
  RUN js-fuzzer-block-scope-44cafb6befe2.js [3845/10000] md5=44cafb6befe24e59679ce6282a34c7e0 bytes=114 template=block-scope origin=seed:tests/corpus/regressions/multiple-functions-fib-add.test.js
 PASS js-fuzzer-block-scope-44cafb6befe2.js [3845/10000] status=ok obs=a97da629b098 coverage=+0/32/38 time=1ms
  RUN js-fuzzer-loop-bbf1d7a15d8d.js [3846/10000] md5=bbf1d7a15d8dd015402d75c0e0108b5f bytes=81 template=loop origin=seed:tests/corpus/regressions/scope-compressed-closure-params.test.js
 PASS js-fuzzer-loop-bbf1d7a15d8d.js [3846/10000] status=ok obs=1679091c5a88 coverage=+0/32/38 time=1ms
  RUN js-fuzzer-try-catch-85daf11db7ec.js [3847/10000] md5=85daf11db7ec5f71a0e05a86a536d94d bytes=110 template=try-catch origin=seed:tests/corpus/runtime/arrays-objects-methods.test.js
 PASS js-fuzzer-try-catch-85daf11db7ec.js [3847/10000] status=ok obs=f7177163c833 coverage=+0/32/38 time=2ms
  RUN js-fuzzer-class-769274f77fa6.js [3848/10000] md5=769274f77fa62254ce7e0eb0e3adf7f1 bytes=100 template=class origin=seed:tests/corpus/runtime/block-scopes.test.js
 PASS js-fuzzer-class-769274f77fa6.js [3848/10000] status=ok obs=c4ca4238a0b9 coverage=+0/32/38 time=1ms
  RUN js-fuzzer-arithmetic-342012670c47.js [3849/10000] md5=342012670c47e44d1972570b31202e8f bytes=85 template=arithmetic origin=seed:tests/corpus/runtime/class-fields-static-methods.test.js
 PASS js-fuzzer-arithmetic-342012670c47.js [3849/10000] status=ok obs=7ef605fc8dba coverage=+0/32/38 time=2ms
  RUN js-fuzzer-function-79bb4335938d.js [3850/10000] md5=79bb4335938d82d557d11e6633b235d0 bytes=153 template=function origin=seed:tests/corpus/runtime/classes-and-objects.test.js
 PASS js-fuzzer-function-79bb4335938d.js [3850/10000] status=ok obs=6512bd43d9ca coverage=+0/32/38 time=2ms
  RUN js-fuzzer-boundary-83aee5cf07de.js [3851/10000] md5=83aee5cf07deb9d5ce59aec8aff7a227 bytes=128 template=boundary origin=boundary:9007199254740991
 PASS js-fuzzer-boundary-83aee5cf07de.js [3851/10000] status=ok obs=8bfa9ad090fb coverage=+0/32/38 time=1ms
  RUN js-fuzzer-closure-af826dd5c91d.js [3852/10000] md5=af826dd5c91dc9d63f5f28e00c8246b8 bytes=183 template=closure origin=seed:tests/corpus/runtime/closures-read-captured-values.test.js
 PASS js-fuzzer-closure-af826dd5c91d.js [3852/10000] status=ok obs=1c383cd30b7c coverage=+0/32/38 time=2ms
  RUN js-fuzzer-corpus-cf8fb96e8476.js [3853/10000] md5=cf8fb96e8476c262b73583c86dd80821 bytes=178 template=corpus origin=tests/corpus/runtime/exceptions-and-nullish.test.js
 PASS js-fuzzer-corpus-cf8fb96e8476.js [3853/10000] status=ok obs=24ed5e8718fc coverage=+0/32/38 time=2ms
  RUN js-fuzzer-loop-54e460cecf5c.js [3854/10000] md5=54e460cecf5c05dfcffaa3b2e5f57445 bytes=81 template=loop origin=seed:tests/corpus/runtime/functions-closures-and-arrows.test.js
 PASS js-fuzzer-loop-54e460cecf5c.js [3854/10000] status=ok obs=d3d9446802a4 coverage=+0/32/38 time=1ms
  RUN js-fuzzer-try-catch-42a4cfadce42.js [3855/10000] md5=42a4cfadce4239139aa1e7114c2e99a2 bytes=110 template=try-catch origin=seed:tests/corpus/runtime/lexical-shadowing.test.js
 PASS js-fuzzer-try-catch-42a4cfadce42.js [3855/10000] status=ok obs=19ca14e7ea63 coverage=+0/32/38 time=2ms
  RUN js-fuzzer-class-d2b3669b495d.js [3856/10000] md5=d2b3669b495dd4792f9e1509f2bbf8a7 bytes=100 template=class origin=seed:tests/corpus/runtime/modules-export.test.js
 PASS js-fuzzer-class-d2b3669b495d.js [3856/10000] status=ok obs=eccbc87e4b5c coverage=+0/32/38 time=2ms
  RUN js-fuzzer-arithmetic-aba2afa704ad.js [3857/10000] md5=aba2afa704ad97bfcbf6b82adafb916f bytes=85 template=arithmetic origin=seed:tests/corpus/runtime/nested-try-finally.test.js
 PASS js-fuzzer-arithmetic-aba2afa704ad.js [3857/10000] status=ok obs=5ef059938ba7 coverage=+0/32/38 time=1ms
  RUN js-fuzzer-boundary-86f8354fc6fd.js [3858/10000] md5=86f8354fc6fd092b05683bbf230dc769 bytes=122 template=boundary origin=boundary:2147483647
 PASS js-fuzzer-boundary-86f8354fc6fd.js [3858/10000] status=ok obs=c588c0a459f4 coverage=+0/32/38 time=2ms
  RUN js-fuzzer-array-object-0a53906e0d0f.js [3859/10000] md5=0a53906e0d0fc6ae187661b74972e730 bytes=133 template=array-object origin=seed:tests/corpus/syntax/logical-unary-nullish.test.js
 PASS js-fuzzer-array-object-0a53906e0d0f.js [3859/10000] status=ok obs=1f0e3dad9990 coverage=+0/32/38 time=2ms
  RUN js-fuzzer-closure-a3645b5f49ad.js [3860/10000] md5=a3645b5f49ad972965dafd4c0f3cd013 bytes=184 template=closure origin=seed:tests/corpus/syntax/object-destructure-and-members.test.js
 PASS js-fuzzer-closure-a3645b5f49ad.js [3860/10000] status=ok obs=a5bfc9e07964 coverage=+0/32/38 time=1ms
  RUN js-fuzzer-block-scope-202b9f5a2bb9.js [3861/10000] md5=202b9f5a2bb9374d6e306255f6f7b59d bytes=114 template=block-scope origin=seed:tests/corpus/syntax/switch-do-while-sequence.test.js
 PASS js-fuzzer-block-scope-202b9f5a2bb9.js [3861/10000] status=ok obs=a3c65c297427 coverage=+0/32/38 time=2ms
  RUN js-fuzzer-corpus-ff388659a641.js [3862/10000] md5=ff388659a6419d1e6e01ce4e7151a52e bytes=135 template=corpus origin=tests/corpus/syntax/template-array-destructure.test.js
 PASS js-fuzzer-corpus-ff388659a641.js [3862/10000] status=ok obs=f61c9a8be43c coverage=+0/32/38 time=1ms
  RUN js-fuzzer-try-catch-14bcb064f014.js [3863/10000] md5=14bcb064f014dbe91c2010889dcaa2c0 bytes=110 template=try-catch origin=seed:tests/corpus/syntax/typescript-assertions.test.ts
 PASS js-fuzzer-try-catch-14bcb064f014.js [3863/10000] status=ok obs=c0c7c76d30bd coverage=+0/32/38 time=1ms
  RUN js-fuzzer-class-6736c24444bc.js [3864/10000] md5=6736c24444bc6ff151b05a9a974ae4d5 bytes=100 template=class origin=seed:tests/corpus/syntax/typescript-non-null-satisfies.test.ts
 PASS js-fuzzer-class-6736c24444bc.js [3864/10000] status=ok obs=45c48cce2e2d coverage=+0/32/38 time=2ms
  RUN js-fuzzer-boundary-221618e58a55.js [3865/10000] md5=221618e58a55537e4dc7530ef9f57aaf bytes=113 template=boundary origin=boundary:2
 PASS js-fuzzer-boundary-221618e58a55.js [3865/10000] status=ok obs=c81e728d9d4c coverage=+0/32/38 time=1ms
  RUN js-fuzzer-function-288d473b3a74.js [3866/10000] md5=288d473b3a7495d967aff826da7d201e bytes=153 template=function origin=seed:tests/corpus/fixtures/state-machine-workflow.test.js
 PASS js-fuzzer-function-288d473b3a74.js [3866/10000] status=ok obs=aab3238922bc coverage=+0/32/38 time=3ms
  RUN js-fuzzer-array-object-05e383c1f076.js [3867/10000] md5=05e383c1f0768ac52d66fe0bc4838cd9 bytes=133 template=array-object origin=seed:tests/corpus/fixtures/vue-script-workflow.test.vue
 PASS js-fuzzer-array-object-05e383c1f076.js [3867/10000] status=ok obs=aab3238922bc coverage=+0/32/38 time=1ms
  RUN js-fuzzer-closure-184fc41094c3.js [3868/10000] md5=184fc41094c31f1c7fae6cee6d9cf7e4 bytes=184 template=closure origin=seed:tests/corpus/obfuscation/constant-tag-mix.test.js
 PASS js-fuzzer-closure-184fc41094c3.js [3868/10000] status=ok obs=67c6a1e7ce56 coverage=+0/32/38 time=2ms
  RUN js-fuzzer-block-scope-912afc323051.js [3869/10000] md5=912afc323051f534059d08f91a5db94b bytes=114 template=block-scope origin=seed:tests/corpus/obfuscation/extern-slot-permutation.test.js
 PASS js-fuzzer-block-scope-912afc323051.js [3869/10000] status=ok obs=6974ce5ac660 coverage=+0/32/38 time=1ms
  RUN js-fuzzer-loop-b88258462a8d.js [3870/10000] md5=b88258462a8d880f8b0e459fa23b2536 bytes=81 template=loop origin=seed:tests/corpus/obfuscation/externs-console.test.js
 PASS js-fuzzer-loop-b88258462a8d.js [3870/10000] status=ok obs=3c59dc048e88 coverage=+0/32/38 time=2ms
  RUN js-fuzzer-corpus-38ba19d9deb7.js [3871/10000] md5=38ba19d9deb7566cc8a420c27ada3f21 bytes=136 template=corpus origin=tests/corpus/obfuscation/seed-sensitive-functions.test.js
 PASS js-fuzzer-corpus-38ba19d9deb7.js [3871/10000] status=ok obs=a5bfc9e07964 coverage=+0/32/38 time=1ms
  RUN js-fuzzer-boundary-2f35f880f964.js [3872/10000] md5=2f35f880f96468b375c4e71feba05308 bytes=113 template=boundary origin=boundary:1
 PASS js-fuzzer-boundary-2f35f880f964.js [3872/10000] status=ok obs=c4ca4238a0b9 coverage=+0/32/38 time=1ms
  RUN js-fuzzer-arithmetic-566fc9265fc5.js [3873/10000] md5=566fc9265fc56196e09696448daee721 bytes=85 template=arithmetic origin=seed:tests/corpus/regressions/multiple-functions-fib-add.test.js
 PASS js-fuzzer-arithmetic-566fc9265fc5.js [3873/10000] status=ok obs=ec8956637a99 coverage=+0/32/38 time=2ms
  RUN js-fuzzer-function-ba7ea055d439.js [3874/10000] md5=ba7ea055d4397ffca213251195491d86 bytes=153 template=function origin=seed:tests/corpus/regressions/scope-compressed-closure-params.test.js
 PASS js-fuzzer-function-ba7ea055d439.js [3874/10000] status=ok obs=8f14e45fceea coverage=+0/32/38 time=2ms
  RUN js-fuzzer-array-object-6d6bcb6f9ef4.js [3875/10000] md5=6d6bcb6f9ef4f79ae3fc1ea9fc876286 bytes=133 template=array-object origin=seed:tests/corpus/runtime/arrays-objects-methods.test.js
 PASS js-fuzzer-array-object-6d6bcb6f9ef4.js [3875/10000] status=ok obs=6f4922f45568 coverage=+0/32/38 time=1ms
  RUN js-fuzzer-closure-19ec0335fbe2.js [3876/10000] md5=19ec0335fbe2dc44fb168080254723f7 bytes=183 template=closure origin=seed:tests/corpus/runtime/block-scopes.test.js
 PASS js-fuzzer-closure-19ec0335fbe2.js [3876/10000] status=ok obs=9bf31c7ff062 coverage=+0/32/38 time=2ms
  RUN js-fuzzer-block-scope-912afc323051.js [3877/10000] md5=912afc323051f534059d08f91a5db94b bytes=114 template=block-scope origin=seed:tests/corpus/runtime/class-fields-static-methods.test.js
 PASS js-fuzzer-block-scope-912afc323051.js [3877/10000] status=ok obs=6974ce5ac660 coverage=+0/32/38 time=2ms
  RUN js-fuzzer-loop-bbf1d7a15d8d.js [3878/10000] md5=bbf1d7a15d8dd015402d75c0e0108b5f bytes=81 template=loop origin=seed:tests/corpus/runtime/classes-and-objects.test.js
 PASS js-fuzzer-loop-bbf1d7a15d8d.js [3878/10000] status=ok obs=1679091c5a88 coverage=+0/32/38 time=1ms
  RUN js-fuzzer-boundary-6aec0a9b1ff4.js [3879/10000] md5=6aec0a9b1ff4294bcfecb539ba7e660b bytes=129 template=boundary origin=boundary:-9007199254740991
 PASS js-fuzzer-boundary-6aec0a9b1ff4.js [3879/10000] status=ok obs=b3f3a95848f6 coverage=+0/32/38 time=2ms
  RUN js-fuzzer-corpus-08bc93bf5789.js [3880/10000] md5=08bc93bf57897bc88ce7161fe56cd099 bytes=169 template=corpus origin=tests/corpus/runtime/closures-read-captured-values.test.js
 PASS js-fuzzer-corpus-08bc93bf5789.js [3880/10000] status=ok obs=02e74f10e032 coverage=+0/32/38 time=1ms
  RUN js-fuzzer-arithmetic-7f2b2806a440.js [3881/10000] md5=7f2b2806a4408f485341ebc04ffa0cdc bytes=84 template=arithmetic origin=seed:tests/corpus/runtime/exceptions-and-nullish.test.js
 PASS js-fuzzer-arithmetic-7f2b2806a440.js [3881/10000] status=ok obs=3295c76acbf4 coverage=+0/32/38 time=2ms
  RUN js-fuzzer-function-66ad482026b9.js [3882/10000] md5=66ad482026b9df67ec5d25c1cce4c653 bytes=153 template=function origin=seed:tests/corpus/runtime/functions-closures-and-arrows.test.js
 PASS js-fuzzer-function-66ad482026b9.js [3882/10000] status=ok obs=6512bd43d9ca coverage=+0/32/38 time=2ms
  RUN js-fuzzer-array-object-eae9ee075242.js [3883/10000] md5=eae9ee075242acb408b5501823773436 bytes=133 template=array-object origin=seed:tests/corpus/runtime/lexical-shadowing.test.js
 PASS js-fuzzer-array-object-eae9ee075242.js [3883/10000] status=ok obs=6f4922f45568 coverage=+0/32/38 time=2ms
  RUN js-fuzzer-closure-7273c0c143f6.js [3884/10000] md5=7273c0c143f642649555430f2ef2928d bytes=184 template=closure origin=seed:tests/corpus/runtime/modules-export.test.js
 PASS js-fuzzer-closure-7273c0c143f6.js [3884/10000] status=ok obs=d1fe173d08e9 coverage=+0/32/38 time=1ms
  RUN js-fuzzer-block-scope-3e2c416978ba.js [3885/10000] md5=3e2c416978bad3c15633c6ab91edad86 bytes=115 template=block-scope origin=seed:tests/corpus/runtime/nested-try-finally.test.js
 PASS js-fuzzer-block-scope-3e2c416978ba.js [3885/10000] status=ok obs=5f93f983524d coverage=+0/32/38 time=2ms
  RUN js-fuzzer-boundary-56f451fe2902.js [3886/10000] md5=56f451fe2902341a3a470031c46238b3 bytes=123 template=boundary origin=boundary:-2147483648
 PASS js-fuzzer-boundary-56f451fe2902.js [3886/10000] status=ok obs=034ff5946105 coverage=+0/32/38 time=2ms
  RUN js-fuzzer-try-catch-60965d400692.js [3887/10000] md5=60965d4006920d781586aecbf04b3493 bytes=110 template=try-catch origin=seed:tests/corpus/syntax/logical-unary-nullish.test.js
 PASS js-fuzzer-try-catch-60965d400692.js [3887/10000] status=ok obs=1f0e3dad9990 coverage=+0/32/38 time=1ms
  RUN js-fuzzer-class-d2b3669b495d.js [3888/10000] md5=d2b3669b495dd4792f9e1509f2bbf8a7 bytes=100 template=class origin=seed:tests/corpus/syntax/object-destructure-and-members.test.js
 PASS js-fuzzer-class-d2b3669b495d.js [3888/10000] status=ok obs=eccbc87e4b5c coverage=+0/32/38 time=2ms
  RUN js-fuzzer-corpus-2aed353a2d20.js [3889/10000] md5=2aed353a2d200d64cbaf7beb40face20 bytes=275 template=corpus origin=tests/corpus/syntax/switch-do-while-sequence.test.js
 PASS js-fuzzer-corpus-2aed353a2d20.js [3889/10000] status=ok obs=6f4922f45568 coverage=+0/32/38 time=2ms
  RUN js-fuzzer-function-7078b1558e88.js [3890/10000] md5=7078b1558e88c84f2ce4ff32c844a13e bytes=153 template=function origin=seed:tests/corpus/syntax/template-array-destructure.test.js
 PASS js-fuzzer-function-7078b1558e88.js [3890/10000] status=ok obs=1679091c5a88 coverage=+0/32/38 time=1ms
  RUN js-fuzzer-array-object-8bd98ac4dfbf.js [3891/10000] md5=8bd98ac4dfbf3905cba79a6c3f49c500 bytes=133 template=array-object origin=seed:tests/corpus/syntax/typescript-assertions.test.ts
 PASS js-fuzzer-array-object-8bd98ac4dfbf.js [3891/10000] status=ok obs=9bf31c7ff062 coverage=+0/32/38 time=2ms
  RUN js-fuzzer-closure-c070c3623f33.js [3892/10000] md5=c070c3623f33d19dbf6132bf4da0a9d0 bytes=184 template=closure origin=seed:tests/corpus/syntax/typescript-non-null-satisfies.test.ts
 PASS js-fuzzer-closure-c070c3623f33.js [3892/10000] status=ok obs=182be0c5cdcd coverage=+0/32/38 time=2ms
  RUN js-fuzzer-boundary-db03eeac3914.js [3893/10000] md5=db03eeac3914e8f0a7bfea9eefe9f0de bytes=114 template=boundary origin=boundary:-2
 PASS js-fuzzer-boundary-db03eeac3914.js [3893/10000] status=ok obs=5d7b9adcbe1c coverage=+0/32/38 time=2ms
  RUN js-fuzzer-loop-b88258462a8d.js [3894/10000] md5=b88258462a8d880f8b0e459fa23b2536 bytes=81 template=loop origin=seed:tests/corpus/fixtures/state-machine-workflow.test.js
 PASS js-fuzzer-loop-b88258462a8d.js [3894/10000] status=ok obs=3c59dc048e88 coverage=+0/32/38 time=1ms
  RUN js-fuzzer-try-catch-ee30a401530f.js [3895/10000] md5=ee30a401530f819cbc5581e8feb5d305 bytes=110 template=try-catch origin=seed:tests/corpus/fixtures/vue-script-workflow.test.vue
 PASS js-fuzzer-try-catch-ee30a401530f.js [3895/10000] status=ok obs=182be0c5cdcd coverage=+0/32/38 time=2ms
  RUN js-fuzzer-class-ff7d9ca3da86.js [3896/10000] md5=ff7d9ca3da86b49917ac34b4d48e8df9 bytes=101 template=class origin=seed:tests/corpus/obfuscation/constant-tag-mix.test.js
 PASS js-fuzzer-class-ff7d9ca3da86.js [3896/10000] status=ok obs=c20ad4d76fe9 coverage=+0/32/38 time=1ms
  RUN js-fuzzer-arithmetic-bc0e7f6eaf7a.js [3897/10000] md5=bc0e7f6eaf7a0d6fddc112bd7aed8de5 bytes=86 template=arithmetic origin=seed:tests/corpus/obfuscation/extern-slot-permutation.test.js
 PASS js-fuzzer-arithmetic-bc0e7f6eaf7a.js [3897/10000] status=ok obs=3fe94a002317 coverage=+0/32/38 time=2ms
  RUN js-fuzzer-corpus-efd663ac427b.js [3898/10000] md5=efd663ac427b5ca270b2f8b928c902bf bytes=112 template=corpus origin=tests/corpus/obfuscation/externs-console.test.js
 PASS js-fuzzer-corpus-efd663ac427b.js [3898/10000] status=ok obs=d289993e39c8 coverage=+0/32/38 time=1ms
  RUN js-fuzzer-array-object-def5a461094d.js [3899/10000] md5=def5a461094df306c3165cc994daa819 bytes=133 template=array-object origin=seed:tests/corpus/obfuscation/seed-sensitive-functions.test.js
 PASS js-fuzzer-array-object-def5a461094d.js [3899/10000] status=ok obs=6f4922f45568 coverage=+0/32/38 time=2ms
  RUN js-fuzzer-boundary-7f379f781f4f.js [3900/10000] md5=7f379f781f4f9844733fb0f4c5d8aa15 bytes=114 template=boundary origin=boundary:-1
 PASS js-fuzzer-boundary-7f379f781f4f.js [3900/10000] status=ok obs=6bb61e3b7bce coverage=+0/32/38 time=2ms
  RUN js-fuzzer-block-scope-df326a783e44.js [3901/10000] md5=df326a783e443a769c41a25a6d6a8cc0 bytes=114 template=block-scope origin=seed:tests/corpus/regressions/multiple-functions-fib-add.test.js
 PASS js-fuzzer-block-scope-df326a783e44.js [3901/10000] status=ok obs=a97da629b098 coverage=+0/32/38 time=1ms
  RUN js-fuzzer-loop-d35707ad0bf7.js [3902/10000] md5=d35707ad0bf74148f671ad8943998af6 bytes=81 template=loop origin=seed:tests/corpus/regressions/scope-compressed-closure-params.test.js
 PASS js-fuzzer-loop-d35707ad0bf7.js [3902/10000] status=ok obs=9bf31c7ff062 coverage=+0/32/38 time=2ms
  RUN js-fuzzer-try-catch-136d1b3d4ffd.js [3903/10000] md5=136d1b3d4ffdac816022c9faabe622ca bytes=110 template=try-catch origin=seed:tests/corpus/runtime/arrays-objects-methods.test.js
 PASS js-fuzzer-try-catch-136d1b3d4ffd.js [3903/10000] status=ok obs=9bf31c7ff062 coverage=+0/32/38 time=2ms
  RUN js-fuzzer-class-a365d1a76b7b.js [3904/10000] md5=a365d1a76b7b0d4310621afa7caac433 bytes=100 template=class origin=seed:tests/corpus/runtime/block-scopes.test.js
 PASS js-fuzzer-class-a365d1a76b7b.js [3904/10000] status=ok obs=8f14e45fceea coverage=+0/32/38 time=1ms
  RUN js-fuzzer-arithmetic-92cb11c7ff86.js [3905/10000] md5=92cb11c7ff86b599f291f48d9fdd2646 bytes=85 template=arithmetic origin=seed:tests/corpus/runtime/class-fields-static-methods.test.js
 PASS js-fuzzer-arithmetic-92cb11c7ff86.js [3905/10000] status=ok obs=1ff8a7b5dc7a coverage=+0/32/38 time=2ms
  RUN js-fuzzer-function-8c13c976bcff.js [3906/10000] md5=8c13c976bcff676fd4a8e7119e7306e3 bytes=153 template=function origin=seed:tests/corpus/runtime/classes-and-objects.test.js
 PASS js-fuzzer-function-8c13c976bcff.js [3906/10000] status=ok obs=aab3238922bc coverage=+0/32/38 time=2ms
  RUN js-fuzzer-corpus-ddcb99247fc8.js [3907/10000] md5=ddcb99247fc847c897b97c6bd6512b9f bytes=217 template=corpus origin=tests/corpus/runtime/closures-mutate-captured-bindings.test.js
 PASS js-fuzzer-corpus-ddcb99247fc8.js [3907/10000] status=ok obs=e4da3b7fbbce coverage=+0/32/38 time=2ms
  RUN js-fuzzer-closure-e6fce2d27012.js [3908/10000] md5=e6fce2d27012748395d8d7ad4e63501a bytes=183 template=closure origin=seed:tests/corpus/runtime/closures-read-captured-values.test.js
 PASS js-fuzzer-closure-e6fce2d27012.js [3908/10000] status=ok obs=c51ce410c124 coverage=+0/32/38 time=1ms
  RUN js-fuzzer-block-scope-555932537451.js [3909/10000] md5=555932537451052be68a084b1b7c5d9d bytes=114 template=block-scope origin=seed:tests/corpus/runtime/exceptions-and-nullish.test.js
 PASS js-fuzzer-block-scope-555932537451.js [3909/10000] status=ok obs=f0935e4cd592 coverage=+0/32/38 time=2ms
  RUN js-fuzzer-loop-b88258462a8d.js [3910/10000] md5=b88258462a8d880f8b0e459fa23b2536 bytes=81 template=loop origin=seed:tests/corpus/runtime/functions-closures-and-arrows.test.js
 PASS js-fuzzer-loop-b88258462a8d.js [3910/10000] status=ok obs=3c59dc048e88 coverage=+0/32/38 time=1ms
  RUN js-fuzzer-try-catch-8d9c7d254dda.js [3911/10000] md5=8d9c7d254ddaafdc283e844d5d9a6231 bytes=109 template=try-catch origin=seed:tests/corpus/runtime/lexical-shadowing.test.js
 PASS js-fuzzer-try-catch-8d9c7d254dda.js [3911/10000] status=ok obs=a87ff679a2f3 coverage=+0/32/38 time=2ms
  RUN js-fuzzer-class-b901915e3eda.js [3912/10000] md5=b901915e3eda1a96f77dcec9fff681b5 bytes=100 template=class origin=seed:tests/corpus/runtime/modules-export.test.js
 PASS js-fuzzer-class-b901915e3eda.js [3912/10000] status=ok obs=c81e728d9d4c coverage=+0/32/38 time=1ms
  RUN js-fuzzer-arithmetic-9822c9bf216d.js [3913/10000] md5=9822c9bf216db1b6f5456996f9328fcc bytes=84 template=arithmetic origin=seed:tests/corpus/runtime/nested-try-finally.test.js
 PASS js-fuzzer-arithmetic-9822c9bf216d.js [3913/10000] status=ok obs=c8ffe9a587b1 coverage=+0/32/38 time=2ms
  RUN js-fuzzer-boundary-4bea2a6e0cb0.js [3914/10000] md5=4bea2a6e0cb0c7bb0b29e5b5d44112d8 bytes=128 template=boundary origin=boundary:9007199254740991
 PASS js-fuzzer-boundary-4bea2a6e0cb0.js [3914/10000] status=ok obs=dc9a0d67a31d coverage=+0/32/38 time=2ms
  RUN js-fuzzer-array-object-f3a2c74fd077.js [3915/10000] md5=f3a2c74fd0772b2f649fe9a3c8e15e26 bytes=133 template=array-object origin=seed:tests/corpus/syntax/logical-unary-nullish.test.js
 PASS js-fuzzer-array-object-f3a2c74fd077.js [3915/10000] status=ok obs=9bf31c7ff062 coverage=+0/32/38 time=1ms
  RUN js-fuzzer-corpus-96ebdcb81273.js [3916/10000] md5=96ebdcb81273f0e5e5778a6c70c94988 bytes=171 template=corpus origin=tests/corpus/syntax/object-destructure-and-members.test.js
 PASS js-fuzzer-corpus-96ebdcb81273.js [3916/10000] status=ok obs=bfad8dfa12ed coverage=+0/32/38 time=2ms
  RUN js-fuzzer-block-scope-5929829bb015.js [3917/10000] md5=5929829bb0156e79a3a2d2cf8153931a bytes=114 template=block-scope origin=seed:tests/corpus/syntax/switch-do-while-sequence.test.js
 PASS js-fuzzer-block-scope-5929829bb015.js [3917/10000] status=ok obs=f0935e4cd592 coverage=+0/32/38 time=2ms
  RUN js-fuzzer-loop-54e460cecf5c.js [3918/10000] md5=54e460cecf5c05dfcffaa3b2e5f57445 bytes=81 template=loop origin=seed:tests/corpus/syntax/template-array-destructure.test.js
 PASS js-fuzzer-loop-54e460cecf5c.js [3918/10000] status=ok obs=d3d9446802a4 coverage=+0/32/38 time=1ms
  RUN js-fuzzer-try-catch-ee30a401530f.js [3919/10000] md5=ee30a401530f819cbc5581e8feb5d305 bytes=110 template=try-catch origin=seed:tests/corpus/syntax/typescript-assertions.test.ts
 PASS js-fuzzer-try-catch-ee30a401530f.js [3919/10000] status=ok obs=182be0c5cdcd coverage=+0/32/38 time=2ms
  RUN js-fuzzer-class-1fb70654253d.js [3920/10000] md5=1fb70654253d944404805630039f463c bytes=101 template=class origin=seed:tests/corpus/syntax/typescript-non-null-satisfies.test.ts
 PASS js-fuzzer-class-1fb70654253d.js [3920/10000] status=ok obs=c51ce410c124 coverage=+0/32/38 time=1ms
  RUN js-fuzzer-boundary-86f8354fc6fd.js [3921/10000] md5=86f8354fc6fd092b05683bbf230dc769 bytes=122 template=boundary origin=boundary:2147483647
 PASS js-fuzzer-boundary-86f8354fc6fd.js [3921/10000] status=ok obs=c588c0a459f4 coverage=+0/32/38 time=2ms
  RUN js-fuzzer-function-4b9684ea9e29.js [3922/10000] md5=4b9684ea9e291ddb6515f98bf0c93905 bytes=153 template=function origin=seed:tests/corpus/fixtures/state-machine-workflow.test.js
 PASS js-fuzzer-function-4b9684ea9e29.js [3922/10000] status=ok obs=eccbc87e4b5c coverage=+0/32/38 time=2ms
  RUN js-fuzzer-array-object-723ca0e417fd.js [3923/10000] md5=723ca0e417fdb7a75783c80749d00ffa bytes=133 template=array-object origin=seed:tests/corpus/fixtures/vue-script-workflow.test.vue
 PASS js-fuzzer-array-object-723ca0e417fd.js [3923/10000] status=ok obs=1f0e3dad9990 coverage=+0/32/38 time=2ms
  RUN js-fuzzer-closure-79b12ac260a8.js [3924/10000] md5=79b12ac260a8d3469ce187aa4f430cb0 bytes=184 template=closure origin=seed:tests/corpus/obfuscation/constant-tag-mix.test.js
 PASS js-fuzzer-closure-79b12ac260a8.js [3924/10000] status=ok obs=d67d8ab4f4c1 coverage=+0/32/38 time=1ms
  RUN js-fuzzer-corpus-fe2d30a6e413.js [3925/10000] md5=fe2d30a6e4139e7a8b52405bed737faa bytes=220 template=corpus origin=tests/corpus/obfuscation/extern-slot-permutation.test.js
 PASS js-fuzzer-corpus-fe2d30a6e413.js [3925/10000] status=ok obs=c34c702d0256 coverage=+0/32/38 time=2ms
  RUN js-fuzzer-loop-b88258462a8d.js [3926/10000] md5=b88258462a8d880f8b0e459fa23b2536 bytes=81 template=loop origin=seed:tests/corpus/obfuscation/externs-console.test.js
 PASS js-fuzzer-loop-b88258462a8d.js [3926/10000] status=ok obs=3c59dc048e88 coverage=+0/32/38 time=2ms
  RUN js-fuzzer-try-catch-47becaf372c3.js [3927/10000] md5=47becaf372c34523cd2fbacf2b53d016 bytes=110 template=try-catch origin=seed:tests/corpus/obfuscation/seed-sensitive-functions.test.js
 PASS js-fuzzer-try-catch-47becaf372c3.js [3927/10000] status=ok obs=02e74f10e032 coverage=+0/32/38 time=1ms
  RUN js-fuzzer-boundary-221618e58a55.js [3928/10000] md5=221618e58a55537e4dc7530ef9f57aaf bytes=113 template=boundary origin=boundary:2
 PASS js-fuzzer-boundary-221618e58a55.js [3928/10000] status=ok obs=c81e728d9d4c coverage=+0/32/38 time=2ms
  RUN js-fuzzer-arithmetic-9a2edd6ca2b0.js [3929/10000] md5=9a2edd6ca2b0a686ffb6559a230890a3 bytes=85 template=arithmetic origin=seed:tests/corpus/regressions/multiple-functions-fib-add.test.js
 PASS js-fuzzer-arithmetic-9a2edd6ca2b0.js [3929/10000] status=ok obs=a5e00132373a coverage=+0/32/38 time=1ms
  RUN js-fuzzer-function-1bdd3cdc8039.js [3930/10000] md5=1bdd3cdc8039303572ffd714360b1f25 bytes=153 template=function origin=seed:tests/corpus/regressions/scope-compressed-closure-params.test.js
 PASS js-fuzzer-function-1bdd3cdc8039.js [3930/10000] status=ok obs=37693cfc7480 coverage=+0/32/38 time=3ms
  RUN js-fuzzer-array-object-0ca9356e20cb.js [3931/10000] md5=0ca9356e20cb930cc32f86ac22812171 bytes=133 template=array-object origin=seed:tests/corpus/runtime/arrays-objects-methods.test.js
 PASS js-fuzzer-array-object-0ca9356e20cb.js [3931/10000] status=ok obs=6f4922f45568 coverage=+0/32/38 time=1ms
  RUN js-fuzzer-closure-fa0fcb364d99.js [3932/10000] md5=fa0fcb364d99d720f22a1312ad36b702 bytes=184 template=closure origin=seed:tests/corpus/runtime/block-scopes.test.js
 PASS js-fuzzer-closure-fa0fcb364d99.js [3932/10000] status=ok obs=72b32a1f754b coverage=+0/32/38 time=2ms
  RUN js-fuzzer-block-scope-07f18117f78f.js [3933/10000] md5=07f18117f78f57cbdcf4267b9fd9100c bytes=114 template=block-scope origin=seed:tests/corpus/runtime/class-fields-static-methods.test.js
 PASS js-fuzzer-block-scope-07f18117f78f.js [3933/10000] status=ok obs=65b9eea6e1cc coverage=+0/32/38 time=2ms
  RUN js-fuzzer-corpus-663bf83cd082.js [3934/10000] md5=663bf83cd082bd221441dae6bbc85046 bytes=278 template=corpus origin=tests/corpus/runtime/classes-and-objects.test.js
 PASS js-fuzzer-corpus-663bf83cd082.js [3934/10000] status=ok obs=6f4922f45568 coverage=+0/32/38 time=2ms
  RUN js-fuzzer-boundary-ccde2dac26f6.js [3935/10000] md5=ccde2dac26f6d3fd46c3698825685fe3 bytes=113 template=boundary origin=boundary:1
 PASS js-fuzzer-boundary-ccde2dac26f6.js [3935/10000] status=ok obs=c4ca4238a0b9 coverage=+0/32/38 time=1ms
  RUN js-fuzzer-class-b901915e3eda.js [3936/10000] md5=b901915e3eda1a96f77dcec9fff681b5 bytes=100 template=class origin=seed:tests/corpus/runtime/closures-read-captured-values.test.js
 PASS js-fuzzer-class-b901915e3eda.js [3936/10000] status=ok obs=c81e728d9d4c coverage=+0/32/38 time=2ms
  RUN js-fuzzer-arithmetic-6affc7301664.js [3937/10000] md5=6affc7301664988c659f0bb8f3f3ad3c bytes=84 template=arithmetic origin=seed:tests/corpus/runtime/exceptions-and-nullish.test.js
 PASS js-fuzzer-arithmetic-6affc7301664.js [3937/10000] status=ok obs=a5771bce93e2 coverage=+0/32/38 time=1ms
  RUN js-fuzzer-function-84b6f0564867.js [3938/10000] md5=84b6f05648673d1e7da8df04c8cbab23 bytes=153 template=function origin=seed:tests/corpus/runtime/functions-closures-and-arrows.test.js
 PASS js-fuzzer-function-84b6f0564867.js [3938/10000] status=ok obs=c74d97b01eae coverage=+0/32/38 time=2ms
  RUN js-fuzzer-array-object-d59bab2e923e.js [3939/10000] md5=d59bab2e923e56ad0862492fce083fae bytes=133 template=array-object origin=seed:tests/corpus/runtime/lexical-shadowing.test.js
 PASS js-fuzzer-array-object-d59bab2e923e.js [3939/10000] status=ok obs=1f0e3dad9990 coverage=+0/32/38 time=2ms
  RUN js-fuzzer-closure-40e8dd2f6310.js [3940/10000] md5=40e8dd2f63100371727e3ed4d23cca49 bytes=185 template=closure origin=seed:tests/corpus/runtime/modules-export.test.js
 PASS js-fuzzer-closure-40e8dd2f6310.js [3940/10000] status=ok obs=735b90b45681 coverage=+0/32/38 time=1ms
  RUN js-fuzzer-block-scope-1aea42ff83c7.js [3941/10000] md5=1aea42ff83c7426f6beafa17777ff418 bytes=114 template=block-scope origin=seed:tests/corpus/runtime/nested-try-finally.test.js
 PASS js-fuzzer-block-scope-1aea42ff83c7.js [3941/10000] status=ok obs=a3c65c297427 coverage=+0/32/38 time=2ms
  RUN js-fuzzer-boundary-235131a2d0d1.js [3942/10000] md5=235131a2d0d184afe9327ca3bd456dde bytes=129 template=boundary origin=boundary:-9007199254740991
 PASS js-fuzzer-boundary-235131a2d0d1.js [3942/10000] status=ok obs=b3f3a95848f6 coverage=+0/32/38 time=2ms
  RUN js-fuzzer-corpus-279b64032335.js [3943/10000] md5=279b640323351a1b082b98b42d2a2d55 bytes=134 template=corpus origin=tests/corpus/syntax/logical-unary-nullish.test.js
 PASS js-fuzzer-corpus-279b64032335.js [3943/10000] status=ok obs=45c48cce2e2d coverage=+0/32/38 time=2ms
  RUN js-fuzzer-class-b1e3642c0208.js [3944/10000] md5=b1e3642c0208992266fb21668a536292 bytes=100 template=class origin=seed:tests/corpus/syntax/object-destructure-and-members.test.js
 PASS js-fuzzer-class-b1e3642c0208.js [3944/10000] status=ok obs=c9f0f895fb98 coverage=+0/32/38 time=1ms
  RUN js-fuzzer-arithmetic-43f0ee58bab9.js [3945/10000] md5=43f0ee58bab99bce55b8867179e234f8 bytes=84 template=arithmetic origin=seed:tests/corpus/syntax/switch-do-while-sequence.test.js
 PASS js-fuzzer-arithmetic-43f0ee58bab9.js [3945/10000] status=ok obs=fa7cdfad1a5a coverage=+0/32/38 time=2ms
  RUN js-fuzzer-function-3dca9339a683.js [3946/10000] md5=3dca9339a6831946d3c5250be8e34eee bytes=153 template=function origin=seed:tests/corpus/syntax/template-array-destructure.test.js
 PASS js-fuzzer-function-3dca9339a683.js [3946/10000] status=ok obs=e4da3b7fbbce coverage=+0/32/38 time=2ms
  RUN js-fuzzer-array-object-eb393d058673.js [3947/10000] md5=eb393d0586730ebcb45f836a938d5008 bytes=133 template=array-object origin=seed:tests/corpus/syntax/typescript-assertions.test.ts
 PASS js-fuzzer-array-object-eb393d058673.js [3947/10000] status=ok obs=c51ce410c124 coverage=+0/32/38 time=1ms
  RUN js-fuzzer-closure-fbd3de312c49.js [3948/10000] md5=fbd3de312c49e2e25f8e0259c12a573a bytes=184 template=closure origin=seed:tests/corpus/syntax/typescript-non-null-satisfies.test.ts
 PASS js-fuzzer-closure-fbd3de312c49.js [3948/10000] status=ok obs=d67d8ab4f4c1 coverage=+0/32/38 time=2ms
  RUN js-fuzzer-boundary-512d8e9b531d.js [3949/10000] md5=512d8e9b531dd316e823325cc949e70e bytes=123 template=boundary origin=boundary:-2147483648
 PASS js-fuzzer-boundary-512d8e9b531d.js [3949/10000] status=ok obs=034ff5946105 coverage=+0/32/38 time=1ms
  RUN js-fuzzer-loop-bbf1d7a15d8d.js [3950/10000] md5=bbf1d7a15d8dd015402d75c0e0108b5f bytes=81 template=loop origin=seed:tests/corpus/fixtures/state-machine-workflow.test.js
 PASS js-fuzzer-loop-bbf1d7a15d8d.js [3950/10000] status=ok obs=1679091c5a88 coverage=+0/32/38 time=2ms
  RUN js-fuzzer-try-catch-70fffa3518b3.js [3951/10000] md5=70fffa3518b3cd8f92c92fd09e60ecbc bytes=110 template=try-catch origin=seed:tests/corpus/fixtures/vue-script-workflow.test.vue
 PASS js-fuzzer-try-catch-70fffa3518b3.js [3951/10000] status=ok obs=a5bfc9e07964 coverage=+0/32/38 time=2ms
  RUN js-fuzzer-corpus-f00ef18b0a17.js [3952/10000] md5=f00ef18b0a172b2a2d9833f5b7fe94e2 bytes=199 template=corpus origin=tests/corpus/obfuscation/constant-tag-mix.test.js
 PASS js-fuzzer-corpus-f00ef18b0a17.js [3952/10000] status=ok obs=e86823f38986 coverage=+0/32/38 time=1ms
  RUN js-fuzzer-arithmetic-48d9736189ec.js [3953/10000] md5=48d9736189ec361bc0447a9187d18240 bytes=84 template=arithmetic origin=seed:tests/corpus/obfuscation/extern-slot-permutation.test.js
 PASS js-fuzzer-arithmetic-48d9736189ec.js [3953/10000] status=ok obs=1c383cd30b7c coverage=+0/32/38 time=1ms
  RUN js-fuzzer-function-d9597d28535f.js [3954/10000] md5=d9597d28535fd2b10f5ca10cf87a7bb6 bytes=153 template=function origin=seed:tests/corpus/obfuscation/externs-console.test.js
 PASS js-fuzzer-function-d9597d28535f.js [3954/10000] status=ok obs=6f4922f45568 coverage=+0/32/38 time=2ms
  RUN js-fuzzer-array-object-1a2dad2f5047.js [3955/10000] md5=1a2dad2f50476a55622f6546b2bcce90 bytes=133 template=array-object origin=seed:tests/corpus/obfuscation/seed-sensitive-functions.test.js
 PASS js-fuzzer-array-object-1a2dad2f5047.js [3955/10000] status=ok obs=d3d9446802a4 coverage=+0/32/38 time=2ms
  RUN js-fuzzer-boundary-4ae25cb2e150.js [3956/10000] md5=4ae25cb2e15083bfca9f6b81b3f9f24b bytes=114 template=boundary origin=boundary:-2
 PASS js-fuzzer-boundary-4ae25cb2e150.js [3956/10000] status=ok obs=5d7b9adcbe1c coverage=+0/32/38 time=1ms
  RUN js-fuzzer-block-scope-d7dc549f9ade.js [3957/10000] md5=d7dc549f9ade768b1ef849bbbf76ef07 bytes=114 template=block-scope origin=seed:tests/corpus/regressions/multiple-functions-fib-add.test.js
 PASS js-fuzzer-block-scope-d7dc549f9ade.js [3957/10000] status=ok obs=a3c65c297427 coverage=+0/32/38 time=2ms
  RUN js-fuzzer-loop-bbf1d7a15d8d.js [3958/10000] md5=bbf1d7a15d8dd015402d75c0e0108b5f bytes=81 template=loop origin=seed:tests/corpus/regressions/scope-compressed-closure-params.test.js
 PASS js-fuzzer-loop-bbf1d7a15d8d.js [3958/10000] status=ok obs=1679091c5a88 coverage=+0/32/38 time=2ms
  RUN js-fuzzer-try-catch-398077b2e1d6.js [3959/10000] md5=398077b2e1d6a50d953f7a907c7a061d bytes=110 template=try-catch origin=seed:tests/corpus/runtime/arrays-objects-methods.test.js
 PASS js-fuzzer-try-catch-398077b2e1d6.js [3959/10000] status=ok obs=6364d3f0f495 coverage=+0/32/38 time=1ms
  RUN js-fuzzer-class-5baf4bed5db4.js [3960/10000] md5=5baf4bed5db4f8205173226efc8fff73 bytes=101 template=class origin=seed:tests/corpus/runtime/block-scopes.test.js
 PASS js-fuzzer-class-5baf4bed5db4.js [3960/10000] status=ok obs=6f4922f45568 coverage=+0/32/38 time=2ms
  RUN js-fuzzer-corpus-a64e83c2f849.js [3961/10000] md5=a64e83c2f84925dca8985eabe963ee21 bytes=179 template=corpus origin=tests/corpus/runtime/class-fields-static-methods.test.js
 PASS js-fuzzer-corpus-a64e83c2f849.js [3961/10000] status=ok obs=8f14e45fceea coverage=+0/32/38 time=1ms
  RUN js-fuzzer-function-cb7d7d91d83d.js [3962/10000] md5=cb7d7d91d83d165500656240f14cd1fc bytes=153 template=function origin=seed:tests/corpus/runtime/classes-and-objects.test.js
 PASS js-fuzzer-function-cb7d7d91d83d.js [3962/10000] status=ok obs=8f14e45fceea coverage=+0/32/38 time=1ms
  RUN js-fuzzer-boundary-7f379f781f4f.js [3963/10000] md5=7f379f781f4f9844733fb0f4c5d8aa15 bytes=114 template=boundary origin=boundary:-1
 PASS js-fuzzer-boundary-7f379f781f4f.js [3963/10000] status=ok obs=6bb61e3b7bce coverage=+0/32/38 time=2ms
  RUN js-fuzzer-closure-e35a9afc1f38.js [3964/10000] md5=e35a9afc1f3848c33ca6902ffed045ca bytes=184 template=closure origin=seed:tests/corpus/runtime/closures-read-captured-values.test.js
 PASS js-fuzzer-closure-e35a9afc1f38.js [3964/10000] status=ok obs=6ea9ab1baa0e coverage=+0/32/38 time=1ms
  RUN js-fuzzer-block-scope-485fb58c1fad.js [3965/10000] md5=485fb58c1fad4717cf5e978b3f28ce68 bytes=114 template=block-scope origin=seed:tests/corpus/runtime/exceptions-and-nullish.test.js
 PASS js-fuzzer-block-scope-485fb58c1fad.js [3965/10000] status=ok obs=65b9eea6e1cc coverage=+0/32/38 time=1ms
  RUN js-fuzzer-loop-bbf1d7a15d8d.js [3966/10000] md5=bbf1d7a15d8dd015402d75c0e0108b5f bytes=81 template=loop origin=seed:tests/corpus/runtime/functions-closures-and-arrows.test.js
 PASS js-fuzzer-loop-bbf1d7a15d8d.js [3966/10000] status=ok obs=1679091c5a88 coverage=+0/32/38 time=2ms
  RUN js-fuzzer-try-catch-0db921dfa62d.js [3967/10000] md5=0db921dfa62dbbfd21889addc9a83362 bytes=110 template=try-catch origin=seed:tests/corpus/runtime/lexical-shadowing.test.js
 PASS js-fuzzer-try-catch-0db921dfa62d.js [3967/10000] status=ok obs=34173cb38f07 coverage=+0/32/38 time=1ms
  RUN js-fuzzer-class-c6bbe0a63455.js [3968/10000] md5=c6bbe0a634559d18fa82cf0c9a421610 bytes=100 template=class origin=seed:tests/corpus/runtime/modules-export.test.js
 PASS js-fuzzer-class-c6bbe0a63455.js [3968/10000] status=ok obs=1679091c5a88 coverage=+0/32/38 time=2ms
  RUN js-fuzzer-arithmetic-e01fd3aa2712.js [3969/10000] md5=e01fd3aa271272d3e8a819f6f2fe92ee bytes=84 template=arithmetic origin=seed:tests/corpus/runtime/nested-try-finally.test.js
 PASS js-fuzzer-arithmetic-e01fd3aa2712.js [3969/10000] status=ok obs=33e75ff09dd6 coverage=+0/32/38 time=1ms
  RUN js-fuzzer-corpus-89e900fcb72f.js [3970/10000] md5=89e900fcb72ff838bfe9a13ae091363f bytes=228 template=corpus origin=tests/corpus/syntax/control-flow-and-operators.test.js
 PASS js-fuzzer-corpus-89e900fcb72f.js [3970/10000] status=ok obs=aab3238922bc coverage=+0/32/38 time=2ms
  RUN js-fuzzer-array-object-30b63a9d053c.js [3971/10000] md5=30b63a9d053c3fab48c889e9f0755da6 bytes=133 template=array-object origin=seed:tests/corpus/syntax/logical-unary-nullish.test.js
 PASS js-fuzzer-array-object-30b63a9d053c.js [3971/10000] status=ok obs=1679091c5a88 coverage=+0/32/38 time=2ms
  RUN js-fuzzer-closure-a52e44fc41ea.js [3972/10000] md5=a52e44fc41ea2bf0469d1c19ee21047b bytes=184 template=closure origin=seed:tests/corpus/syntax/object-destructure-and-members.test.js
 PASS js-fuzzer-closure-a52e44fc41ea.js [3972/10000] status=ok obs=735b90b45681 coverage=+0/32/38 time=2ms
  RUN js-fuzzer-block-scope-ebaed504d2d1.js [3973/10000] md5=ebaed504d2d153868eb7bafedbfafd61 bytes=114 template=block-scope origin=seed:tests/corpus/syntax/switch-do-while-sequence.test.js
 PASS js-fuzzer-block-scope-ebaed504d2d1.js [3973/10000] status=ok obs=65b9eea6e1cc coverage=+0/32/38 time=1ms
  RUN js-fuzzer-loop-d35707ad0bf7.js [3974/10000] md5=d35707ad0bf74148f671ad8943998af6 bytes=81 template=loop origin=seed:tests/corpus/syntax/template-array-destructure.test.js
 PASS js-fuzzer-loop-d35707ad0bf7.js [3974/10000] status=ok obs=9bf31c7ff062 coverage=+0/32/38 time=2ms
  RUN js-fuzzer-try-catch-8031e9fbb6ce.js [3975/10000] md5=8031e9fbb6ce9336eae93af8638d05b3 bytes=110 template=try-catch origin=seed:tests/corpus/syntax/typescript-assertions.test.ts
 PASS js-fuzzer-try-catch-8031e9fbb6ce.js [3975/10000] status=ok obs=a1d0c6e83f02 coverage=+0/32/38 time=1ms
  RUN js-fuzzer-class-769274f77fa6.js [3976/10000] md5=769274f77fa62254ce7e0eb0e3adf7f1 bytes=100 template=class origin=seed:tests/corpus/syntax/typescript-non-null-satisfies.test.ts
 PASS js-fuzzer-class-769274f77fa6.js [3976/10000] status=ok obs=c4ca4238a0b9 coverage=+0/32/38 time=2ms
  RUN js-fuzzer-boundary-6330cdecf02f.js [3977/10000] md5=6330cdecf02f68328876d88213acc2ac bytes=128 template=boundary origin=boundary:9007199254740991
 PASS js-fuzzer-boundary-6330cdecf02f.js [3977/10000] status=ok obs=8bfa9ad090fb coverage=+0/32/38 time=2ms
  RUN js-fuzzer-function-134a85d12098.js [3978/10000] md5=134a85d120985077bd24a3a53ac64560 bytes=153 template=function origin=seed:tests/corpus/fixtures/state-machine-workflow.test.js
 PASS js-fuzzer-function-134a85d12098.js [3978/10000] status=ok obs=1679091c5a88 coverage=+0/32/38 time=1ms
  RUN js-fuzzer-corpus-f722388c7961.js [3979/10000] md5=f722388c7961d2a0288508c35f28a5f8 bytes=96 template=corpus origin=tests/corpus/fixtures/vue-script-workflow.test.vue
 PASS js-fuzzer-corpus-f722388c7961.js [3979/10000] status=ok obs=6512bd43d9ca coverage=+0/32/38 time=2ms
  RUN js-fuzzer-closure-b1f95680ccd8.js [3980/10000] md5=b1f95680ccd8a67088af4d2dd0dfb049 bytes=184 template=closure origin=seed:tests/corpus/obfuscation/constant-tag-mix.test.js
 PASS js-fuzzer-closure-b1f95680ccd8.js [3980/10000] status=ok obs=a5bfc9e07964 coverage=+0/32/38 time=2ms
  RUN js-fuzzer-block-scope-fe862d331d9c.js [3981/10000] md5=fe862d331d9cb6fbf11c9dc294796f54 bytes=114 template=block-scope origin=seed:tests/corpus/obfuscation/extern-slot-permutation.test.js
 PASS js-fuzzer-block-scope-fe862d331d9c.js [3981/10000] status=ok obs=6974ce5ac660 coverage=+0/32/38 time=1ms
  RUN js-fuzzer-loop-b88258462a8d.js [3982/10000] md5=b88258462a8d880f8b0e459fa23b2536 bytes=81 template=loop origin=seed:tests/corpus/obfuscation/externs-console.test.js
 PASS js-fuzzer-loop-b88258462a8d.js [3982/10000] status=ok obs=3c59dc048e88 coverage=+0/32/38 time=2ms
  RUN js-fuzzer-try-catch-c1605790c914.js [3983/10000] md5=c1605790c914ae1743dc7ccc9c3b6fda bytes=110 template=try-catch origin=seed:tests/corpus/obfuscation/seed-sensitive-functions.test.js
 PASS js-fuzzer-try-catch-c1605790c914.js [3983/10000] status=ok obs=1c383cd30b7c coverage=+0/32/38 time=2ms
  RUN js-fuzzer-boundary-86f8354fc6fd.js [3984/10000] md5=86f8354fc6fd092b05683bbf230dc769 bytes=122 template=boundary origin=boundary:2147483647
 PASS js-fuzzer-boundary-86f8354fc6fd.js [3984/10000] status=ok obs=c588c0a459f4 coverage=+0/32/38 time=1ms
  RUN js-fuzzer-arithmetic-0e6e59922c27.js [3985/10000] md5=0e6e59922c27010248b3bb166274dc79 bytes=83 template=arithmetic origin=seed:tests/corpus/regressions/multiple-functions-fib-add.test.js
 PASS js-fuzzer-arithmetic-0e6e59922c27.js [3985/10000] status=ok obs=ad61ab143223 coverage=+0/32/38 time=2ms
  RUN js-fuzzer-function-8384e80192dc.js [3986/10000] md5=8384e80192dc0232cf5e505b2f7d5501 bytes=153 template=function origin=seed:tests/corpus/regressions/scope-compressed-closure-params.test.js
 PASS js-fuzzer-function-8384e80192dc.js [3986/10000] status=ok obs=e4da3b7fbbce coverage=+0/32/38 time=2ms
  RUN js-fuzzer-array-object-a1ce5891772b.js [3987/10000] md5=a1ce5891772becf76d309998f3c345fa bytes=133 template=array-object origin=seed:tests/corpus/runtime/arrays-objects-methods.test.js
 PASS js-fuzzer-array-object-a1ce5891772b.js [3987/10000] status=ok obs=d3d9446802a4 coverage=+0/32/38 time=1ms
  RUN js-fuzzer-corpus-8b78ba7912c5.js [3988/10000] md5=8b78ba7912c51f6cf304b65c6ebdb2e3 bytes=289 template=corpus origin=tests/corpus/runtime/block-scopes.test.js
 PASS js-fuzzer-corpus-8b78ba7912c5.js [3988/10000] status=ok obs=37693cfc7480 coverage=+0/32/38 time=2ms
  RUN js-fuzzer-block-scope-a8e327bbe626.js [3989/10000] md5=a8e327bbe6261141f09ba57789d8f00f bytes=114 template=block-scope origin=seed:tests/corpus/runtime/class-fields-static-methods.test.js
 PASS js-fuzzer-block-scope-a8e327bbe626.js [3989/10000] status=ok obs=a97da629b098 coverage=+0/32/38 time=2ms
  RUN js-fuzzer-loop-55c7c905bffb.js [3990/10000] md5=55c7c905bffb4bbbc4c8fb9b91df6ad8 bytes=81 template=loop origin=seed:tests/corpus/runtime/classes-and-objects.test.js
 PASS js-fuzzer-loop-55c7c905bffb.js [3990/10000] status=ok obs=eccbc87e4b5c coverage=+0/32/38 time=1ms
  RUN js-fuzzer-boundary-e33d9dc9cd6c.js [3991/10000] md5=e33d9dc9cd6c84ec6ac6a01d1d18c4f2 bytes=113 template=boundary origin=boundary:2
 PASS js-fuzzer-boundary-e33d9dc9cd6c.js [3991/10000] status=ok obs=c81e728d9d4c coverage=+0/32/38 time=2ms
  RUN js-fuzzer-class-f454a055ed5d.js [3992/10000] md5=f454a055ed5dc800cb1ab66abc7a01de bytes=100 template=class origin=seed:tests/corpus/runtime/closures-read-captured-values.test.js
 PASS js-fuzzer-class-f454a055ed5d.js [3992/10000] status=ok obs=a87ff679a2f3 coverage=+0/32/38 time=2ms
  RUN js-fuzzer-arithmetic-70cf7e760228.js [3993/10000] md5=70cf7e760228fc6ab5db44b91b33af09 bytes=84 template=arithmetic origin=seed:tests/corpus/runtime/exceptions-and-nullish.test.js
 PASS js-fuzzer-arithmetic-70cf7e760228.js [3993/10000] status=ok obs=642e92efb794 coverage=+0/32/38 time=1ms
  RUN js-fuzzer-function-66ad482026b9.js [3994/10000] md5=66ad482026b9df67ec5d25c1cce4c653 bytes=153 template=function origin=seed:tests/corpus/runtime/functions-closures-and-arrows.test.js
 PASS js-fuzzer-function-66ad482026b9.js [3994/10000] status=ok obs=6512bd43d9ca coverage=+0/32/38 time=2ms
  RUN js-fuzzer-array-object-83f2bd837a60.js [3995/10000] md5=83f2bd837a60af139477bd6c13c95f0b bytes=133 template=array-object origin=seed:tests/corpus/runtime/lexical-shadowing.test.js
 PASS js-fuzzer-array-object-83f2bd837a60.js [3995/10000] status=ok obs=9bf31c7ff062 coverage=+0/32/38 time=2ms
  RUN js-fuzzer-closure-b4f2e99793dc.js [3996/10000] md5=b4f2e99793dc0c4fef2f84addfd1b5ba bytes=185 template=closure origin=seed:tests/corpus/runtime/modules-export.test.js
 PASS js-fuzzer-closure-b4f2e99793dc.js [3996/10000] status=ok obs=b53b3a3d6ab9 coverage=+0/32/38 time=2ms
  RUN js-fuzzer-corpus-c557f8da2a9d.js [3997/10000] md5=c557f8da2a9d2904c70dca50c3eeb50e bytes=191 template=corpus origin=tests/corpus/runtime/nested-try-finally.test.js
 PASS js-fuzzer-corpus-c557f8da2a9d.js [3997/10000] status=ok obs=8f14e45fceea coverage=+0/32/38 time=1ms
  RUN js-fuzzer-boundary-3ca041277ff0.js [3998/10000] md5=3ca041277ff0c3edafc1a1dcaf120940 bytes=113 template=boundary origin=boundary:1
 PASS js-fuzzer-boundary-3ca041277ff0.js [3998/10000] status=ok obs=c4ca4238a0b9 coverage=+0/32/38 time=2ms
  RUN js-fuzzer-try-catch-49469dc3bbde.js [3999/10000] md5=49469dc3bbdee70291dead76d4352702 bytes=109 template=try-catch origin=seed:tests/corpus/syntax/logical-unary-nullish.test.js
 PASS js-fuzzer-try-catch-49469dc3bbde.js [3999/10000] status=ok obs=d3d9446802a4 coverage=+0/32/38 time=1ms
  RUN js-fuzzer-class-a35a4dd2f302.js [4000/10000] md5=a35a4dd2f302fda9a0e8d6e2c980c283 bytes=101 template=class origin=seed:tests/corpus/syntax/object-destructure-and-members.test.js
 PASS js-fuzzer-class-a35a4dd2f302.js [4000/10000] status=ok obs=9bf31c7ff062 coverage=+0/32/38 time=2ms
  RUN js-fuzzer-arithmetic-dfc1a4919dd3.js [4001/10000] md5=dfc1a4919dd39f1dbee608748a6fc2a6 bytes=84 template=arithmetic origin=seed:tests/corpus/syntax/switch-do-while-sequence.test.js
 PASS js-fuzzer-arithmetic-dfc1a4919dd3.js [4001/10000] status=ok obs=7f1de29e6da1 coverage=+0/32/38 time=1ms
  RUN js-fuzzer-function-53ef3ed61b76.js [4002/10000] md5=53ef3ed61b76dc45be6c66e5b3206216 bytes=153 template=function origin=seed:tests/corpus/syntax/template-array-destructure.test.js
 PASS js-fuzzer-function-53ef3ed61b76.js [4002/10000] status=ok obs=70efdf2ec9b0 coverage=+0/32/38 time=2ms
  RUN js-fuzzer-array-object-43655c116605.js [4003/10000] md5=43655c1166058989a0d03d8e36e192d5 bytes=133 template=array-object origin=seed:tests/corpus/syntax/typescript-assertions.test.ts
 PASS js-fuzzer-array-object-43655c116605.js [4003/10000] status=ok obs=c9f0f895fb98 coverage=+0/32/38 time=2ms
  RUN js-fuzzer-closure-a7c0528ab5e2.js [4004/10000] md5=a7c0528ab5e27173a4f9cc6c7a5167ad bytes=183 template=closure origin=seed:tests/corpus/syntax/typescript-non-null-satisfies.test.ts
 PASS js-fuzzer-closure-a7c0528ab5e2.js [4004/10000] status=ok obs=70efdf2ec9b0 coverage=+0/32/38 time=2ms
  RUN js-fuzzer-boundary-e62759fbe8d3.js [4005/10000] md5=e62759fbe8d36ad2cfb89a0f8bac18b9 bytes=129 template=boundary origin=boundary:-9007199254740991
 PASS js-fuzzer-boundary-e62759fbe8d3.js [4005/10000] status=ok obs=b3f3a95848f6 coverage=+0/32/38 time=1ms
  RUN js-fuzzer-corpus-ab8ca4f8757c.js [4006/10000] md5=ab8ca4f8757c6165b29cd6a662edad93 bytes=450 template=corpus origin=tests/corpus/fixtures/state-machine-workflow.test.js
 PASS js-fuzzer-corpus-ab8ca4f8757c.js [4006/10000] status=ok obs=b9f49c580664 coverage=+0/32/38 time=2ms
  RUN js-fuzzer-try-catch-e6fdc2579e78.js [4007/10000] md5=e6fdc2579e7880bc0b759de7af5133ab bytes=110 template=try-catch origin=seed:tests/corpus/fixtures/vue-script-workflow.test.vue
 PASS js-fuzzer-try-catch-e6fdc2579e78.js [4007/10000] status=ok obs=d645920e395f coverage=+0/32/38 time=2ms
  RUN js-fuzzer-class-6736c24444bc.js [4008/10000] md5=6736c24444bc6ff151b05a9a974ae4d5 bytes=100 template=class origin=seed:tests/corpus/obfuscation/constant-tag-mix.test.js
 PASS js-fuzzer-class-6736c24444bc.js [4008/10000] status=ok obs=45c48cce2e2d coverage=+0/32/38 time=2ms
  RUN js-fuzzer-arithmetic-738d9a9356ff.js [4009/10000] md5=738d9a9356ff4a55082363a4848e1983 bytes=85 template=arithmetic origin=seed:tests/corpus/obfuscation/extern-slot-permutation.test.js
 PASS js-fuzzer-arithmetic-738d9a9356ff.js [4009/10000] status=ok obs=1c9ac0159c94 coverage=+0/32/38 time=1ms
  RUN js-fuzzer-function-e38b8374b652.js [4010/10000] md5=e38b8374b65234ab6d6009c7a43720d9 bytes=153 template=function origin=seed:tests/corpus/obfuscation/externs-console.test.js
 PASS js-fuzzer-function-e38b8374b652.js [4010/10000] status=ok obs=1679091c5a88 coverage=+0/32/38 time=2ms
  RUN js-fuzzer-array-object-58654fa3e4cc.js [4011/10000] md5=58654fa3e4ccf70fa39ff675251d4a1f bytes=133 template=array-object origin=seed:tests/corpus/obfuscation/seed-sensitive-functions.test.js
 PASS js-fuzzer-array-object-58654fa3e4cc.js [4011/10000] status=ok obs=d3d9446802a4 coverage=+0/32/38 time=2ms
  RUN js-fuzzer-boundary-205872a6e44c.js [4012/10000] md5=205872a6e44c1ea0cf94554af934fb09 bytes=123 template=boundary origin=boundary:-2147483648
 PASS js-fuzzer-boundary-205872a6e44c.js [4012/10000] status=ok obs=034ff5946105 coverage=+0/32/38 time=1ms
  RUN js-fuzzer-block-scope-3e2c416978ba.js [4013/10000] md5=3e2c416978bad3c15633c6ab91edad86 bytes=115 template=block-scope origin=seed:tests/corpus/regressions/multiple-functions-fib-add.test.js
 PASS js-fuzzer-block-scope-3e2c416978ba.js [4013/10000] status=ok obs=5f93f983524d coverage=+0/32/38 time=2ms
  RUN js-fuzzer-loop-54e460cecf5c.js [4014/10000] md5=54e460cecf5c05dfcffaa3b2e5f57445 bytes=81 template=loop origin=seed:tests/corpus/regressions/scope-compressed-closure-params.test.js
 PASS js-fuzzer-loop-54e460cecf5c.js [4014/10000] status=ok obs=d3d9446802a4 coverage=+0/32/38 time=1ms
  RUN js-fuzzer-corpus-a07012429fce.js [4015/10000] md5=a07012429fce4b4d7c8af42f445f70b9 bytes=163 template=corpus origin=tests/corpus/runtime/arrays-objects-methods.test.js
 PASS js-fuzzer-corpus-a07012429fce.js [4015/10000] status=ok obs=c51ce410c124 coverage=+0/32/38 time=2ms
  RUN js-fuzzer-class-b1e3642c0208.js [4016/10000] md5=b1e3642c0208992266fb21668a536292 bytes=100 template=class origin=seed:tests/corpus/runtime/block-scopes.test.js
 PASS js-fuzzer-class-b1e3642c0208.js [4016/10000] status=ok obs=c9f0f895fb98 coverage=+0/32/38 time=2ms
  RUN js-fuzzer-arithmetic-28b158f5563f.js [4017/10000] md5=28b158f5563f96de8b50d44c5ebd44cf bytes=85 template=arithmetic origin=seed:tests/corpus/runtime/class-fields-static-methods.test.js
 PASS js-fuzzer-arithmetic-28b158f5563f.js [4017/10000] status=ok obs=34173cb38f07 coverage=+0/32/38 time=1ms
  RUN js-fuzzer-function-79bb4335938d.js [4018/10000] md5=79bb4335938d82d557d11e6633b235d0 bytes=153 template=function origin=seed:tests/corpus/runtime/classes-and-objects.test.js
 PASS js-fuzzer-function-79bb4335938d.js [4018/10000] status=ok obs=6512bd43d9ca coverage=+0/32/38 time=2ms
  RUN js-fuzzer-boundary-db03eeac3914.js [4019/10000] md5=db03eeac3914e8f0a7bfea9eefe9f0de bytes=114 template=boundary origin=boundary:-2
 PASS js-fuzzer-boundary-db03eeac3914.js [4019/10000] status=ok obs=5d7b9adcbe1c coverage=+0/32/38 time=2ms
  RUN js-fuzzer-closure-3c00c88e9b91.js [4020/10000] md5=3c00c88e9b915290486c977dc9f8f6af bytes=185 template=closure origin=seed:tests/corpus/runtime/closures-read-captured-values.test.js
 PASS js-fuzzer-closure-3c00c88e9b91.js [4020/10000] status=ok obs=03afdbd66e79 coverage=+0/32/38 time=3ms
  RUN js-fuzzer-block-scope-05d7f393387e.js [4021/10000] md5=05d7f393387e49ed48ee4ca7d01d714c bytes=114 template=block-scope origin=seed:tests/corpus/runtime/exceptions-and-nullish.test.js
 PASS js-fuzzer-block-scope-05d7f393387e.js [4021/10000] status=ok obs=6974ce5ac660 coverage=+0/32/38 time=4ms
  RUN js-fuzzer-loop-f495ca2fc638.js [4022/10000] md5=f495ca2fc6389f933578fc501f5b1465 bytes=81 template=loop origin=seed:tests/corpus/runtime/functions-closures-and-arrows.test.js
 PASS js-fuzzer-loop-f495ca2fc638.js [4022/10000] status=ok obs=c4ca4238a0b9 coverage=+0/32/38 time=2ms
  RUN js-fuzzer-try-catch-a173285175b8.js [4023/10000] md5=a173285175b813cddca62eb427efafd5 bytes=110 template=try-catch origin=seed:tests/corpus/runtime/lexical-shadowing.test.js
 PASS js-fuzzer-try-catch-a173285175b8.js [4023/10000] status=ok obs=9a1158154dfa coverage=+0/32/38 time=2ms
  RUN js-fuzzer-corpus-4131d841163b.js [4024/10000] md5=4131d841163b79e192bca9d4fc683c54 bytes=58 template=corpus origin=tests/corpus/runtime/modules-export.test.js
 PASS js-fuzzer-corpus-4131d841163b.js [4024/10000] status=ok obs=8f14e45fceea coverage=+0/32/38 time=10ms
  RUN js-fuzzer-arithmetic-0b9d91e1be4b.js [4025/10000] md5=0b9d91e1be4b449e96e79d1709f82738 bytes=85 template=arithmetic origin=seed:tests/corpus/runtime/nested-try-finally.test.js
 PASS js-fuzzer-arithmetic-0b9d91e1be4b.js [4025/10000] status=ok obs=84d9ee44e457 coverage=+0/32/38 time=6ms
  RUN js-fuzzer-boundary-7f379f781f4f.js [4026/10000] md5=7f379f781f4f9844733fb0f4c5d8aa15 bytes=114 template=boundary origin=boundary:-1
 PASS js-fuzzer-boundary-7f379f781f4f.js [4026/10000] status=ok obs=6bb61e3b7bce coverage=+0/32/38 time=87ms
  RUN js-fuzzer-array-object-58e66e4437f2.js [4027/10000] md5=58e66e4437f2360d3d671f036a027750 bytes=133 template=array-object origin=seed:tests/corpus/syntax/logical-unary-nullish.test.js
 PASS js-fuzzer-array-object-58e66e4437f2.js [4027/10000] status=ok obs=d3d9446802a4 coverage=+0/32/38 time=2ms
  RUN js-fuzzer-closure-0f0fb7b0f0a2.js [4028/10000] md5=0f0fb7b0f0a265a362ed041068a519c2 bytes=184 template=closure origin=seed:tests/corpus/syntax/object-destructure-and-members.test.js
 PASS js-fuzzer-closure-0f0fb7b0f0a2.js [4028/10000] status=ok obs=6ea9ab1baa0e coverage=+0/32/38 time=2ms
  RUN js-fuzzer-block-scope-eeb07e4712f5.js [4029/10000] md5=eeb07e4712f5b491c95d1d46d689b778 bytes=114 template=block-scope origin=seed:tests/corpus/syntax/switch-do-while-sequence.test.js
 PASS js-fuzzer-block-scope-eeb07e4712f5.js [4029/10000] status=ok obs=6974ce5ac660 coverage=+0/32/38 time=1ms
  RUN js-fuzzer-loop-b88258462a8d.js [4030/10000] md5=b88258462a8d880f8b0e459fa23b2536 bytes=81 template=loop origin=seed:tests/corpus/syntax/template-array-destructure.test.js
 PASS js-fuzzer-loop-b88258462a8d.js [4030/10000] status=ok obs=3c59dc048e88 coverage=+0/32/38 time=3ms
  RUN js-fuzzer-try-catch-f24fba189d45.js [4031/10000] md5=f24fba189d4541ce9d4809156ecb450c bytes=110 template=try-catch origin=seed:tests/corpus/syntax/typescript-assertions.test.ts
 PASS js-fuzzer-try-catch-f24fba189d45.js [4031/10000] status=ok obs=1ff1de774005 coverage=+0/32/38 time=8ms
  RUN js-fuzzer-class-f454a055ed5d.js [4032/10000] md5=f454a055ed5dc800cb1ab66abc7a01de bytes=100 template=class origin=seed:tests/corpus/syntax/typescript-non-null-satisfies.test.ts
 PASS js-fuzzer-class-f454a055ed5d.js [4032/10000] status=ok obs=a87ff679a2f3 coverage=+0/32/38 time=8ms
  RUN js-fuzzer-corpus-797f152bf878.js [4033/10000] md5=797f152bf878d5049066c6db6d2360b3 bytes=355 template=corpus origin=tests/corpus/fixtures/job-workflow.test.js
 PASS js-fuzzer-corpus-797f152bf878.js [4033/10000] status=ok obs=b9de0628c8ec coverage=+0/32/38 time=3ms
  RUN js-fuzzer-function-be199ff518ed.js [4034/10000] md5=be199ff518edad2305aebc8ea703ea8f bytes=153 template=function origin=seed:tests/corpus/fixtures/state-machine-workflow.test.js
 PASS js-fuzzer-function-be199ff518ed.js [4034/10000] status=ok obs=a87ff679a2f3 coverage=+0/32/38 time=2ms
  RUN js-fuzzer-array-object-1a5432c0f909.js [4035/10000] md5=1a5432c0f9094802b78844c969f49fa9 bytes=133 template=array-object origin=seed:tests/corpus/fixtures/vue-script-workflow.test.vue
 PASS js-fuzzer-array-object-1a5432c0f909.js [4035/10000] status=ok obs=c51ce410c124 coverage=+0/32/38 time=3ms
  RUN js-fuzzer-closure-6ce98a52a82d.js [4036/10000] md5=6ce98a52a82d09b63aa5c19e49f92fda bytes=184 template=closure origin=seed:tests/corpus/obfuscation/constant-tag-mix.test.js
 PASS js-fuzzer-closure-6ce98a52a82d.js [4036/10000] status=ok obs=6c8349cc7260 coverage=+0/32/38 time=3ms
  RUN js-fuzzer-block-scope-2c106c78ce4e.js [4037/10000] md5=2c106c78ce4ef362749d975b855914fc bytes=114 template=block-scope origin=seed:tests/corpus/obfuscation/extern-slot-permutation.test.js
 PASS js-fuzzer-block-scope-2c106c78ce4e.js [4037/10000] status=ok obs=f0935e4cd592 coverage=+0/32/38 time=2ms
  RUN js-fuzzer-loop-f495ca2fc638.js [4038/10000] md5=f495ca2fc6389f933578fc501f5b1465 bytes=81 template=loop origin=seed:tests/corpus/obfuscation/externs-console.test.js
 PASS js-fuzzer-loop-f495ca2fc638.js [4038/10000] status=ok obs=c4ca4238a0b9 coverage=+0/32/38 time=2ms
  RUN js-fuzzer-try-catch-f24fba189d45.js [4039/10000] md5=f24fba189d4541ce9d4809156ecb450c bytes=110 template=try-catch origin=seed:tests/corpus/obfuscation/seed-sensitive-functions.test.js
 PASS js-fuzzer-try-catch-f24fba189d45.js [4039/10000] status=ok obs=1ff1de774005 coverage=+0/32/38 time=1ms
  RUN js-fuzzer-boundary-83aee5cf07de.js [4040/10000] md5=83aee5cf07deb9d5ce59aec8aff7a227 bytes=128 template=boundary origin=boundary:9007199254740991
 PASS js-fuzzer-boundary-83aee5cf07de.js [4040/10000] status=ok obs=8bfa9ad090fb coverage=+0/32/38 time=2ms
  RUN js-fuzzer-arithmetic-62e3ef2178fc.js [4041/10000] md5=62e3ef2178fcd7da9a1676f48c5581aa bytes=84 template=arithmetic origin=seed:tests/corpus/regressions/multiple-functions-fib-add.test.js
 PASS js-fuzzer-arithmetic-62e3ef2178fc.js [4041/10000] status=ok obs=b6d767d2f8ed coverage=+0/32/38 time=2ms
  RUN js-fuzzer-corpus-c28cfb056309.js [4042/10000] md5=c28cfb056309f2a77f8bd9756b123c54 bytes=147 template=corpus origin=tests/corpus/regressions/scope-compressed-closure-params.test.js
 PASS js-fuzzer-corpus-c28cfb056309.js [4042/10000] status=ok obs=c51ce410c124 coverage=+0/32/38 time=2ms
  RUN js-fuzzer-array-object-ad400b8257c2.js [4043/10000] md5=ad400b8257c27f544ba6602e967fcfdc bytes=133 template=array-object origin=seed:tests/corpus/runtime/arrays-objects-methods.test.js
 PASS js-fuzzer-array-object-ad400b8257c2.js [4043/10000] status=ok obs=6512bd43d9ca coverage=+0/32/38 time=2ms
  RUN js-fuzzer-closure-65e48d96c776.js [4044/10000] md5=65e48d96c7769dc0c168c0d415ed512b bytes=185 template=closure origin=seed:tests/corpus/runtime/block-scopes.test.js
 PASS js-fuzzer-closure-65e48d96c776.js [4044/10000] status=ok obs=03afdbd66e79 coverage=+0/32/38 time=1ms
  RUN js-fuzzer-block-scope-056e31486d60.js [4045/10000] md5=056e31486d6076b39b9b6454f54dba4b bytes=114 template=block-scope origin=seed:tests/corpus/runtime/class-fields-static-methods.test.js
 PASS js-fuzzer-block-scope-056e31486d60.js [4045/10000] status=ok obs=a97da629b098 coverage=+0/32/38 time=2ms
  RUN js-fuzzer-loop-d35707ad0bf7.js [4046/10000] md5=d35707ad0bf74148f671ad8943998af6 bytes=81 template=loop origin=seed:tests/corpus/runtime/classes-and-objects.test.js
 PASS js-fuzzer-loop-d35707ad0bf7.js [4046/10000] status=ok obs=9bf31c7ff062 coverage=+0/32/38 time=2ms
  RUN js-fuzzer-boundary-86f8354fc6fd.js [4047/10000] md5=86f8354fc6fd092b05683bbf230dc769 bytes=122 template=boundary origin=boundary:2147483647
 PASS js-fuzzer-boundary-86f8354fc6fd.js [4047/10000] status=ok obs=c588c0a459f4 coverage=+0/32/38 time=2ms
  RUN js-fuzzer-class-c0844991889f.js [4048/10000] md5=c0844991889f03308712cd6bc6b7c31c bytes=101 template=class origin=seed:tests/corpus/runtime/closures-read-captured-values.test.js
 PASS js-fuzzer-class-c0844991889f.js [4048/10000] status=ok obs=70efdf2ec9b0 coverage=+0/32/38 time=2ms
  RUN js-fuzzer-arithmetic-4993b46a62a1.js [4049/10000] md5=4993b46a62a11d2b3f7361f8afe17833 bytes=84 template=arithmetic origin=seed:tests/corpus/runtime/exceptions-and-nullish.test.js
 PASS js-fuzzer-arithmetic-4993b46a62a1.js [4049/10000] status=ok obs=70efdf2ec9b0 coverage=+0/32/38 time=2ms
  RUN js-fuzzer-function-8a44cf2ceed5.js [4050/10000] md5=8a44cf2ceed595d9f22254a99d394b8c bytes=153 template=function origin=seed:tests/corpus/runtime/functions-closures-and-arrows.test.js
 PASS js-fuzzer-function-8a44cf2ceed5.js [4050/10000] status=ok obs=1ff1de774005 coverage=+0/32/38 time=3ms
  RUN js-fuzzer-corpus-463d4dee8a1f.js [4051/10000] md5=463d4dee8a1f930fa8af57a704cacf3e bytes=232 template=corpus origin=tests/corpus/runtime/lexical-shadowing.test.js
 PASS js-fuzzer-corpus-463d4dee8a1f.js [4051/10000] status=ok obs=c51ce410c124 coverage=+0/32/38 time=1ms
  RUN js-fuzzer-closure-79df3ece0f1f.js [4052/10000] md5=79df3ece0f1ff1b13e28a2d5d9fe9a53 bytes=184 template=closure origin=seed:tests/corpus/runtime/modules-export.test.js
 PASS js-fuzzer-closure-79df3ece0f1f.js [4052/10000] status=ok obs=72b32a1f754b coverage=+0/32/38 time=2ms
  RUN js-fuzzer-block-scope-6f7d6ccfdb3a.js [4053/10000] md5=6f7d6ccfdb3a011fdc3385fc6130aa3b bytes=114 template=block-scope origin=seed:tests/corpus/runtime/nested-try-finally.test.js
 PASS js-fuzzer-block-scope-6f7d6ccfdb3a.js [4053/10000] status=ok obs=a3c65c297427 coverage=+0/32/38 time=1ms
  RUN js-fuzzer-boundary-85faf3787c26.js [4054/10000] md5=85faf3787c26ca3bad9215a544873988 bytes=113 template=boundary origin=boundary:2
 PASS js-fuzzer-boundary-85faf3787c26.js [4054/10000] status=ok obs=c81e728d9d4c coverage=+0/32/38 time=2ms
  RUN js-fuzzer-try-catch-398077b2e1d6.js [4055/10000] md5=398077b2e1d6a50d953f7a907c7a061d bytes=110 template=try-catch origin=seed:tests/corpus/syntax/logical-unary-nullish.test.js
 PASS js-fuzzer-try-catch-398077b2e1d6.js [4055/10000] status=ok obs=6364d3f0f495 coverage=+0/32/38 time=2ms
  RUN js-fuzzer-class-3b630e2d834a.js [4056/10000] md5=3b630e2d834a95a01ee75571f8bc0075 bytes=101 template=class origin=seed:tests/corpus/syntax/object-destructure-and-members.test.js
 PASS js-fuzzer-class-3b630e2d834a.js [4056/10000] status=ok obs=6512bd43d9ca coverage=+0/32/38 time=2ms
  RUN js-fuzzer-arithmetic-9e14333960e6.js [4057/10000] md5=9e14333960e68b17f7b0cb52b7b8ead2 bytes=84 template=arithmetic origin=seed:tests/corpus/syntax/switch-do-while-sequence.test.js
 PASS js-fuzzer-arithmetic-9e14333960e6.js [4057/10000] status=ok obs=38b3eff8baf5 coverage=+0/32/38 time=2ms
  RUN js-fuzzer-function-88a1a2ce9ecc.js [4058/10000] md5=88a1a2ce9eccc8d7f1092c43da9e0b1f bytes=153 template=function origin=seed:tests/corpus/syntax/template-array-destructure.test.js
 PASS js-fuzzer-function-88a1a2ce9ecc.js [4058/10000] status=ok obs=45c48cce2e2d coverage=+0/32/38 time=2ms
  RUN js-fuzzer-array-object-e9a0e2168e66.js [4059/10000] md5=e9a0e2168e66acdd414d8d5064e38e7b bytes=133 template=array-object origin=seed:tests/corpus/syntax/typescript-assertions.test.ts
 PASS js-fuzzer-array-object-e9a0e2168e66.js [4059/10000] status=ok obs=45c48cce2e2d coverage=+0/32/38 time=2ms
  RUN js-fuzzer-corpus-e3eeaea0f8a2.js [4060/10000] md5=e3eeaea0f8a2c5d5b650d4007cf78b4a bytes=104 template=corpus origin=tests/corpus/syntax/typescript-non-null-satisfies.test.ts
 PASS js-fuzzer-corpus-e3eeaea0f8a2.js [4060/10000] status=ok obs=d3d9446802a4 coverage=+0/32/38 time=3ms
  RUN js-fuzzer-boundary-3ca041277ff0.js [4061/10000] md5=3ca041277ff0c3edafc1a1dcaf120940 bytes=113 template=boundary origin=boundary:1
 PASS js-fuzzer-boundary-3ca041277ff0.js [4061/10000] status=ok obs=c4ca4238a0b9 coverage=+0/32/38 time=2ms
  RUN js-fuzzer-loop-d35707ad0bf7.js [4062/10000] md5=d35707ad0bf74148f671ad8943998af6 bytes=81 template=loop origin=seed:tests/corpus/fixtures/state-machine-workflow.test.js
 PASS js-fuzzer-loop-d35707ad0bf7.js [4062/10000] status=ok obs=9bf31c7ff062 coverage=+0/32/38 time=1ms
  RUN js-fuzzer-try-catch-78409afcd812.js [4063/10000] md5=78409afcd812e57d07238a91d9d67ddf bytes=110 template=try-catch origin=seed:tests/corpus/fixtures/vue-script-workflow.test.vue
 PASS js-fuzzer-try-catch-78409afcd812.js [4063/10000] status=ok obs=17e62166fc85 coverage=+0/32/38 time=1ms
  RUN js-fuzzer-class-a9875f561daf.js [4064/10000] md5=a9875f561daf181d949c68fc070db0e0 bytes=101 template=class origin=seed:tests/corpus/obfuscation/constant-tag-mix.test.js
 PASS js-fuzzer-class-a9875f561daf.js [4064/10000] status=ok obs=aab3238922bc coverage=+0/32/38 time=2ms
  RUN js-fuzzer-arithmetic-96fc5f60de00.js [4065/10000] md5=96fc5f60de00125d982854b339c460b5 bytes=85 template=arithmetic origin=seed:tests/corpus/obfuscation/extern-slot-permutation.test.js
 PASS js-fuzzer-arithmetic-96fc5f60de00.js [4065/10000] status=ok obs=b53b3a3d6ab9 coverage=+0/32/38 time=1ms
  RUN js-fuzzer-function-805986a3b478.js [4066/10000] md5=805986a3b4784e72cf43592e25340692 bytes=153 template=function origin=seed:tests/corpus/obfuscation/externs-console.test.js
 PASS js-fuzzer-function-805986a3b478.js [4066/10000] status=ok obs=c51ce410c124 coverage=+0/32/38 time=2ms
  RUN js-fuzzer-array-object-6342875da65a.js [4067/10000] md5=6342875da65a6b24cd59418b4e75ccbc bytes=133 template=array-object origin=seed:tests/corpus/obfuscation/seed-sensitive-functions.test.js
 PASS js-fuzzer-array-object-6342875da65a.js [4067/10000] status=ok obs=c51ce410c124 coverage=+0/32/38 time=2ms
  RUN js-fuzzer-boundary-6aec0a9b1ff4.js [4068/10000] md5=6aec0a9b1ff4294bcfecb539ba7e660b bytes=129 template=boundary origin=boundary:-9007199254740991
 PASS js-fuzzer-boundary-6aec0a9b1ff4.js [4068/10000] status=ok obs=b3f3a95848f6 coverage=+0/32/38 time=1ms
  RUN js-fuzzer-corpus-ad9ed8746461.js [4069/10000] md5=ad9ed87464611c6dd81b04b3754c760c bytes=214 template=corpus origin=tests/corpus/regressions/multiple-functions-fib-add.test.js
 PASS js-fuzzer-corpus-ad9ed8746461.js [4069/10000] status=ok obs=3c59dc048e88 coverage=+0/32/38 time=5ms
  RUN js-fuzzer-loop-f495ca2fc638.js [4070/10000] md5=f495ca2fc6389f933578fc501f5b1465 bytes=81 template=loop origin=seed:tests/corpus/regressions/scope-compressed-closure-params.test.js
 PASS js-fuzzer-loop-f495ca2fc638.js [4070/10000] status=ok obs=c4ca4238a0b9 coverage=+0/32/38 time=1ms
  RUN js-fuzzer-try-catch-081c74da6bdb.js [4071/10000] md5=081c74da6bdbcec08ff71798dacff9f1 bytes=110 template=try-catch origin=seed:tests/corpus/runtime/arrays-objects-methods.test.js
 PASS js-fuzzer-try-catch-081c74da6bdb.js [4071/10000] status=ok obs=6c8349cc7260 coverage=+0/32/38 time=2ms
  RUN js-fuzzer-class-d8979b510eb0.js [4072/10000] md5=d8979b510eb085c9e0e846586f80f265 bytes=101 template=class origin=seed:tests/corpus/runtime/block-scopes.test.js
 PASS js-fuzzer-class-d8979b510eb0.js [4072/10000] status=ok obs=c74d97b01eae coverage=+0/32/38 time=2ms
  RUN js-fuzzer-arithmetic-d72da6823b4e.js [4073/10000] md5=d72da6823b4eb178246ce8db608491be bytes=85 template=arithmetic origin=seed:tests/corpus/runtime/class-fields-static-methods.test.js
 PASS js-fuzzer-arithmetic-d72da6823b4e.js [4073/10000] status=ok obs=7eabe3a1649f coverage=+0/32/38 time=2ms
  RUN js-fuzzer-function-f172d914fe2f.js [4074/10000] md5=f172d914fe2f2d124fd9ee51d2714545 bytes=153 template=function origin=seed:tests/corpus/runtime/classes-and-objects.test.js
 PASS js-fuzzer-function-f172d914fe2f.js [4074/10000] status=ok obs=c9f0f895fb98 coverage=+0/32/38 time=1ms
  RUN js-fuzzer-boundary-56f451fe2902.js [4075/10000] md5=56f451fe2902341a3a470031c46238b3 bytes=123 template=boundary origin=boundary:-2147483648
 PASS js-fuzzer-boundary-56f451fe2902.js [4075/10000] status=ok obs=034ff5946105 coverage=+0/32/38 time=2ms
  RUN js-fuzzer-closure-93a95acfcd36.js [4076/10000] md5=93a95acfcd36a8e55a36ea1fa102082e bytes=184 template=closure origin=seed:tests/corpus/runtime/closures-read-captured-values.test.js
 PASS js-fuzzer-closure-93a95acfcd36.js [4076/10000] status=ok obs=093f65e080a2 coverage=+0/32/38 time=2ms
  RUN js-fuzzer-block-scope-8b79233a7c16.js [4077/10000] md5=8b79233a7c166fb0d6cb362ea16c5af0 bytes=114 template=block-scope origin=seed:tests/corpus/runtime/exceptions-and-nullish.test.js
 PASS js-fuzzer-block-scope-8b79233a7c16.js [4077/10000] status=ok obs=2723d092b638 coverage=+0/32/38 time=1ms
  RUN js-fuzzer-corpus-72746d071c58.js [4078/10000] md5=72746d071c58fadd9399bc8934c30553 bytes=197 template=corpus origin=tests/corpus/runtime/functions-closures-and-arrows.test.js
 PASS js-fuzzer-corpus-72746d071c58.js [4078/10000] status=ok obs=c74d97b01eae coverage=+0/32/38 time=2ms
  RUN js-fuzzer-try-catch-85daf11db7ec.js [4079/10000] md5=85daf11db7ec5f71a0e05a86a536d94d bytes=110 template=try-catch origin=seed:tests/corpus/runtime/lexical-shadowing.test.js
 PASS js-fuzzer-try-catch-85daf11db7ec.js [4079/10000] status=ok obs=f7177163c833 coverage=+0/32/38 time=2ms
  RUN js-fuzzer-class-a365d1a76b7b.js [4080/10000] md5=a365d1a76b7b0d4310621afa7caac433 bytes=100 template=class origin=seed:tests/corpus/runtime/modules-export.test.js
 PASS js-fuzzer-class-a365d1a76b7b.js [4080/10000] status=ok obs=8f14e45fceea coverage=+0/32/38 time=1ms
  RUN js-fuzzer-arithmetic-c1c592c0da6a.js [4081/10000] md5=c1c592c0da6a49f383456e667545a7db bytes=84 template=arithmetic origin=seed:tests/corpus/runtime/nested-try-finally.test.js
 PASS js-fuzzer-arithmetic-c1c592c0da6a.js [4081/10000] status=ok obs=02522a2b2726 coverage=+0/32/38 time=2ms
  RUN js-fuzzer-boundary-92df4f5b559a.js [4082/10000] md5=92df4f5b559a550058b4133ffb629932 bytes=114 template=boundary origin=boundary:-2
 PASS js-fuzzer-boundary-92df4f5b559a.js [4082/10000] status=ok obs=5d7b9adcbe1c coverage=+0/32/38 time=1ms
  RUN js-fuzzer-array-object-38e6af318560.js [4083/10000] md5=38e6af318560927e0e3539616c2ce66b bytes=133 template=array-object origin=seed:tests/corpus/syntax/logical-unary-nullish.test.js
 PASS js-fuzzer-array-object-38e6af318560.js [4083/10000] status=ok obs=c51ce410c124 coverage=+0/32/38 time=2ms
  RUN js-fuzzer-closure-c8cd1e50dc44.js [4084/10000] md5=c8cd1e50dc44c3c6059326ee95388a8b bytes=184 template=closure origin=seed:tests/corpus/syntax/object-destructure-and-members.test.js
 PASS js-fuzzer-closure-c8cd1e50dc44.js [4084/10000] status=ok obs=7f39f8317fbd coverage=+0/32/38 time=2ms
  RUN js-fuzzer-block-scope-e75f812a30d7.js [4085/10000] md5=e75f812a30d74855b33a6109922aae9f bytes=114 template=block-scope origin=seed:tests/corpus/syntax/switch-do-while-sequence.test.js
 PASS js-fuzzer-block-scope-e75f812a30d7.js [4085/10000] status=ok obs=65b9eea6e1cc coverage=+0/32/38 time=1ms
  RUN js-fuzzer-loop-d35707ad0bf7.js [4086/10000] md5=d35707ad0bf74148f671ad8943998af6 bytes=81 template=loop origin=seed:tests/corpus/syntax/template-array-destructure.test.js
 PASS js-fuzzer-loop-d35707ad0bf7.js [4086/10000] status=ok obs=9bf31c7ff062 coverage=+0/32/38 time=2ms
  RUN js-fuzzer-corpus-57a83a4b020d.js [4087/10000] md5=57a83a4b020d4b85b42b0a3709f283ad bytes=130 template=corpus origin=tests/corpus/syntax/typescript-assertions.test.ts
 PASS js-fuzzer-corpus-57a83a4b020d.js [4087/10000] status=ok obs=45c48cce2e2d coverage=+0/32/38 time=2ms
  RUN js-fuzzer-class-d8979b510eb0.js [4088/10000] md5=d8979b510eb085c9e0e846586f80f265 bytes=101 template=class origin=seed:tests/corpus/syntax/typescript-non-null-satisfies.test.ts
 PASS js-fuzzer-class-d8979b510eb0.js [4088/10000] status=ok obs=c74d97b01eae coverage=+0/32/38 time=1ms
  RUN js-fuzzer-boundary-61a9a82f5f08.js [4089/10000] md5=61a9a82f5f08bc177f13c805ba785d7d bytes=114 template=boundary origin=boundary:-1
 PASS js-fuzzer-boundary-61a9a82f5f08.js [4089/10000] status=ok obs=6bb61e3b7bce coverage=+0/32/38 time=2ms
  RUN js-fuzzer-function-288d473b3a74.js [4090/10000] md5=288d473b3a7495d967aff826da7d201e bytes=153 template=function origin=seed:tests/corpus/fixtures/state-machine-workflow.test.js
 PASS js-fuzzer-function-288d473b3a74.js [4090/10000] status=ok obs=aab3238922bc coverage=+0/32/38 time=2ms
  RUN js-fuzzer-array-object-723ca0e417fd.js [4091/10000] md5=723ca0e417fdb7a75783c80749d00ffa bytes=133 template=array-object origin=seed:tests/corpus/fixtures/vue-script-workflow.test.vue
 PASS js-fuzzer-array-object-723ca0e417fd.js [4091/10000] status=ok obs=1f0e3dad9990 coverage=+0/32/38 time=1ms
  RUN js-fuzzer-closure-46c0df446262.js [4092/10000] md5=46c0df446262ff8cd9766c9447c0270b bytes=185 template=closure origin=seed:tests/corpus/obfuscation/constant-tag-mix.test.js
 PASS js-fuzzer-closure-46c0df446262.js [4092/10000] status=ok obs=14bfa6bb1487 coverage=+0/32/38 time=1ms
  RUN js-fuzzer-block-scope-e0e13ae4d058.js [4093/10000] md5=e0e13ae4d05824dc2ed439c1134aca3b bytes=115 template=block-scope origin=seed:tests/corpus/obfuscation/extern-slot-permutation.test.js
 PASS js-fuzzer-block-scope-e0e13ae4d058.js [4093/10000] status=ok obs=5f93f983524d coverage=+0/32/38 time=2ms
  RUN js-fuzzer-loop-d35707ad0bf7.js [4094/10000] md5=d35707ad0bf74148f671ad8943998af6 bytes=81 template=loop origin=seed:tests/corpus/obfuscation/externs-console.test.js
 PASS js-fuzzer-loop-d35707ad0bf7.js [4094/10000] status=ok obs=9bf31c7ff062 coverage=+0/32/38 time=1ms
  RUN js-fuzzer-try-catch-ecde19ac059d.js [4095/10000] md5=ecde19ac059dab5b524e2da1cfde28b0 bytes=110 template=try-catch origin=seed:tests/corpus/obfuscation/seed-sensitive-functions.test.js
 PASS js-fuzzer-try-catch-ecde19ac059d.js [4095/10000] status=ok obs=f457c545a9de coverage=+0/32/38 time=2ms
  RUN js-fuzzer-corpus-79643e915862.js [4096/10000] md5=79643e91586251700d34c0c65a0220da bytes=89 template=corpus origin=tests/corpus/regressions/destructuring-lowers-to-member.test.js
 PASS js-fuzzer-corpus-79643e915862.js [4096/10000] status=ok obs=eccbc87e4b5c coverage=+0/32/38 time=1ms
  RUN js-fuzzer-arithmetic-de0786075399.js [4097/10000] md5=de0786075399a29baee21369ed6d9075 bytes=84 template=arithmetic origin=seed:tests/corpus/regressions/multiple-functions-fib-add.test.js
 PASS js-fuzzer-arithmetic-de0786075399.js [4097/10000] status=ok obs=d645920e395f coverage=+0/32/38 time=1ms
  RUN js-fuzzer-function-9a24649f1cae.js [4098/10000] md5=9a24649f1caec2a9716934902cbac103 bytes=153 template=function origin=seed:tests/corpus/regressions/scope-compressed-closure-params.test.js
 PASS js-fuzzer-function-9a24649f1cae.js [4098/10000] status=ok obs=9bf31c7ff062 coverage=+0/32/38 time=2ms
  RUN js-fuzzer-array-object-af8301d2f397.js [4099/10000] md5=af8301d2f397ffaf959161e1d7e3643e bytes=133 template=array-object origin=seed:tests/corpus/runtime/arrays-objects-methods.test.js
 PASS js-fuzzer-array-object-af8301d2f397.js [4099/10000] status=ok obs=c9f0f895fb98 coverage=+0/32/38 time=2ms
  RUN js-fuzzer-closure-568d55d4bf17.js [4100/10000] md5=568d55d4bf1786fac40e15100031150c bytes=185 template=closure origin=seed:tests/corpus/runtime/block-scopes.test.js
 PASS js-fuzzer-closure-568d55d4bf17.js [4100/10000] status=ok obs=67c6a1e7ce56 coverage=+0/32/38 time=1ms
  RUN js-fuzzer-block-scope-2cb2723f44be.js [4101/10000] md5=2cb2723f44be25f61e9dce7dd06b7265 bytes=114 template=block-scope origin=seed:tests/corpus/runtime/class-fields-static-methods.test.js
 PASS js-fuzzer-block-scope-2cb2723f44be.js [4101/10000] status=ok obs=f0935e4cd592 coverage=+0/32/38 time=2ms
  RUN js-fuzzer-loop-b88258462a8d.js [4102/10000] md5=b88258462a8d880f8b0e459fa23b2536 bytes=81 template=loop origin=seed:tests/corpus/runtime/classes-and-objects.test.js
 PASS js-fuzzer-loop-b88258462a8d.js [4102/10000] status=ok obs=3c59dc048e88 coverage=+0/32/38 time=2ms
  RUN js-fuzzer-boundary-2b35f90895ea.js [4103/10000] md5=2b35f90895ea85111e562e627044f919 bytes=128 template=boundary origin=boundary:9007199254740991
 PASS js-fuzzer-boundary-2b35f90895ea.js [4103/10000] status=ok obs=8bfa9ad090fb coverage=+0/32/38 time=1ms
  RUN js-fuzzer-class-f454a055ed5d.js [4104/10000] md5=f454a055ed5dc800cb1ab66abc7a01de bytes=100 template=class origin=seed:tests/corpus/runtime/closures-read-captured-values.test.js
 PASS js-fuzzer-class-f454a055ed5d.js [4104/10000] status=ok obs=a87ff679a2f3 coverage=+0/32/38 time=2ms
  RUN js-fuzzer-corpus-cf8fb96e8476.js [4105/10000] md5=cf8fb96e8476c262b73583c86dd80821 bytes=178 template=corpus origin=tests/corpus/runtime/exceptions-and-nullish.test.js
 PASS js-fuzzer-corpus-cf8fb96e8476.js [4105/10000] status=ok obs=24ed5e8718fc coverage=+0/32/38 time=2ms
  RUN js-fuzzer-function-831f4ac0cd0e.js [4106/10000] md5=831f4ac0cd0ee5c472d5e3bccfaabf34 bytes=153 template=function origin=seed:tests/corpus/runtime/functions-closures-and-arrows.test.js
 PASS js-fuzzer-function-831f4ac0cd0e.js [4106/10000] status=ok obs=c9f0f895fb98 coverage=+0/32/38 time=2ms
  RUN js-fuzzer-array-object-c1cdc91aacc2.js [4107/10000] md5=c1cdc91aacc2248666920f648db629ca bytes=133 template=array-object origin=seed:tests/corpus/runtime/lexical-shadowing.test.js
 PASS js-fuzzer-array-object-c1cdc91aacc2.js [4107/10000] status=ok obs=c51ce410c124 coverage=+0/32/38 time=1ms
  RUN js-fuzzer-closure-ba26aff6f7d9.js [4108/10000] md5=ba26aff6f7d945638af8e61787d4e4ea bytes=184 template=closure origin=seed:tests/corpus/runtime/modules-export.test.js
 PASS js-fuzzer-closure-ba26aff6f7d9.js [4108/10000] status=ok obs=182be0c5cdcd coverage=+0/32/38 time=2ms
  RUN js-fuzzer-block-scope-4b457eeecddb.js [4109/10000] md5=4b457eeecddb6b0bd24e459f515190d8 bytes=114 template=block-scope origin=seed:tests/corpus/runtime/nested-try-finally.test.js
 PASS js-fuzzer-block-scope-4b457eeecddb.js [4109/10000] status=ok obs=2723d092b638 coverage=+0/32/38 time=1ms
  RUN js-fuzzer-boundary-5c12d757f0dd.js [4110/10000] md5=5c12d757f0ddd5c6b1207b14fb1e8d0c bytes=122 template=boundary origin=boundary:2147483647
 PASS js-fuzzer-boundary-5c12d757f0dd.js [4110/10000] status=ok obs=c588c0a459f4 coverage=+0/32/38 time=2ms
  RUN js-fuzzer-try-catch-0db921dfa62d.js [4111/10000] md5=0db921dfa62dbbfd21889addc9a83362 bytes=110 template=try-catch origin=seed:tests/corpus/syntax/logical-unary-nullish.test.js
 PASS js-fuzzer-try-catch-0db921dfa62d.js [4111/10000] status=ok obs=34173cb38f07 coverage=+0/32/38 time=2ms
  RUN js-fuzzer-class-b901915e3eda.js [4112/10000] md5=b901915e3eda1a96f77dcec9fff681b5 bytes=100 template=class origin=seed:tests/corpus/syntax/object-destructure-and-members.test.js
 PASS js-fuzzer-class-b901915e3eda.js [4112/10000] status=ok obs=c81e728d9d4c coverage=+0/32/38 time=1ms
  RUN js-fuzzer-arithmetic-b7eb80098aba.js [4113/10000] md5=b7eb80098abaa470be23ba4d6667cc70 bytes=84 template=arithmetic origin=seed:tests/corpus/syntax/switch-do-while-sequence.test.js
 PASS js-fuzzer-arithmetic-b7eb80098aba.js [4113/10000] status=ok obs=c0c7c76d30bd coverage=+0/32/38 time=2ms
  RUN js-fuzzer-corpus-ff388659a641.js [4114/10000] md5=ff388659a6419d1e6e01ce4e7151a52e bytes=135 template=corpus origin=tests/corpus/syntax/template-array-destructure.test.js
 PASS js-fuzzer-corpus-ff388659a641.js [4114/10000] status=ok obs=f61c9a8be43c coverage=+0/32/38 time=1ms
  RUN js-fuzzer-array-object-2bfdac7d4b0b.js [4115/10000] md5=2bfdac7d4b0bf5e087a09d586032c01b bytes=133 template=array-object origin=seed:tests/corpus/syntax/typescript-assertions.test.ts
 PASS js-fuzzer-array-object-2bfdac7d4b0b.js [4115/10000] status=ok obs=c20ad4d76fe9 coverage=+0/32/38 time=1ms
  RUN js-fuzzer-closure-51403da8d7e9.js [4116/10000] md5=51403da8d7e928c8a625069187db801e bytes=183 template=closure origin=seed:tests/corpus/syntax/typescript-non-null-satisfies.test.ts
 PASS js-fuzzer-closure-51403da8d7e9.js [4116/10000] status=ok obs=8e296a067a37 coverage=+0/32/38 time=2ms
  RUN js-fuzzer-boundary-221618e58a55.js [4117/10000] md5=221618e58a55537e4dc7530ef9f57aaf bytes=113 template=boundary origin=boundary:2
 PASS js-fuzzer-boundary-221618e58a55.js [4117/10000] status=ok obs=c81e728d9d4c coverage=+0/32/38 time=1ms
  RUN js-fuzzer-loop-54e460cecf5c.js [4118/10000] md5=54e460cecf5c05dfcffaa3b2e5f57445 bytes=81 template=loop origin=seed:tests/corpus/fixtures/state-machine-workflow.test.js
 PASS js-fuzzer-loop-54e460cecf5c.js [4118/10000] status=ok obs=d3d9446802a4 coverage=+0/32/38 time=2ms
  RUN js-fuzzer-try-catch-136d1b3d4ffd.js [4119/10000] md5=136d1b3d4ffdac816022c9faabe622ca bytes=110 template=try-catch origin=seed:tests/corpus/fixtures/vue-script-workflow.test.vue
 PASS js-fuzzer-try-catch-136d1b3d4ffd.js [4119/10000] status=ok obs=9bf31c7ff062 coverage=+0/32/38 time=1ms
  RUN js-fuzzer-class-ff7d9ca3da86.js [4120/10000] md5=ff7d9ca3da86b49917ac34b4d48e8df9 bytes=101 template=class origin=seed:tests/corpus/obfuscation/constant-tag-mix.test.js
 PASS js-fuzzer-class-ff7d9ca3da86.js [4120/10000] status=ok obs=c20ad4d76fe9 coverage=+0/32/38 time=2ms
  RUN js-fuzzer-arithmetic-e98ba70d78a3.js [4121/10000] md5=e98ba70d78a33ad63eacf89f8a216423 bytes=85 template=arithmetic origin=seed:tests/corpus/obfuscation/extern-slot-permutation.test.js
 PASS js-fuzzer-arithmetic-e98ba70d78a3.js [4121/10000] status=ok obs=9f61408e3afb coverage=+0/32/38 time=2ms
  RUN js-fuzzer-function-98e8c4d5dcc0.js [4122/10000] md5=98e8c4d5dcc095fbcedf7527b98fd4fe bytes=153 template=function origin=seed:tests/corpus/obfuscation/externs-console.test.js
 PASS js-fuzzer-function-98e8c4d5dcc0.js [4122/10000] status=ok obs=c9f0f895fb98 coverage=+0/32/38 time=2ms
  RUN js-fuzzer-corpus-38ba19d9deb7.js [4123/10000] md5=38ba19d9deb7566cc8a420c27ada3f21 bytes=136 template=corpus origin=tests/corpus/obfuscation/seed-sensitive-functions.test.js
 PASS js-fuzzer-corpus-38ba19d9deb7.js [4123/10000] status=ok obs=a5bfc9e07964 coverage=+0/32/38 time=1ms
  RUN js-fuzzer-boundary-ccde2dac26f6.js [4124/10000] md5=ccde2dac26f6d3fd46c3698825685fe3 bytes=113 template=boundary origin=boundary:1
 PASS js-fuzzer-boundary-ccde2dac26f6.js [4124/10000] status=ok obs=c4ca4238a0b9 coverage=+0/32/38 time=2ms
  RUN js-fuzzer-block-scope-cdd47be217da.js [4125/10000] md5=cdd47be217daa8bea34ddd53f13ef990 bytes=114 template=block-scope origin=seed:tests/corpus/regressions/multiple-functions-fib-add.test.js
 PASS js-fuzzer-block-scope-cdd47be217da.js [4125/10000] status=ok obs=c9e1074f5b3f coverage=+0/32/38 time=1ms
  RUN js-fuzzer-loop-bbf1d7a15d8d.js [4126/10000] md5=bbf1d7a15d8dd015402d75c0e0108b5f bytes=81 template=loop origin=seed:tests/corpus/regressions/scope-compressed-closure-params.test.js
 PASS js-fuzzer-loop-bbf1d7a15d8d.js [4126/10000] status=ok obs=1679091c5a88 coverage=+0/32/38 time=2ms
  RUN js-fuzzer-try-catch-949865ef2d04.js [4127/10000] md5=949865ef2d045cce3ed2d503f7e03e63 bytes=110 template=try-catch origin=seed:tests/corpus/runtime/arrays-objects-methods.test.js
 PASS js-fuzzer-try-catch-949865ef2d04.js [4127/10000] status=ok obs=6f4922f45568 coverage=+0/32/38 time=1ms
  RUN js-fuzzer-class-d8979b510eb0.js [4128/10000] md5=d8979b510eb085c9e0e846586f80f265 bytes=101 template=class origin=seed:tests/corpus/runtime/block-scopes.test.js
 PASS js-fuzzer-class-d8979b510eb0.js [4128/10000] status=ok obs=c74d97b01eae coverage=+0/32/38 time=2ms
  RUN js-fuzzer-arithmetic-3da45d8cea7c.js [4129/10000] md5=3da45d8cea7cf4036689336c58170b7b bytes=84 template=arithmetic origin=seed:tests/corpus/runtime/class-fields-static-methods.test.js
 PASS js-fuzzer-arithmetic-3da45d8cea7c.js [4129/10000] status=ok obs=ec8956637a99 coverage=+0/32/38 time=2ms
  RUN js-fuzzer-function-c472354a037a.js [4130/10000] md5=c472354a037a48d197cd60b4e04af6e0 bytes=153 template=function origin=seed:tests/corpus/runtime/classes-and-objects.test.js
 PASS js-fuzzer-function-c472354a037a.js [4130/10000] status=ok obs=02e74f10e032 coverage=+0/32/38 time=2ms
  RUN js-fuzzer-boundary-6aec0a9b1ff4.js [4131/10000] md5=6aec0a9b1ff4294bcfecb539ba7e660b bytes=129 template=boundary origin=boundary:-9007199254740991
 PASS js-fuzzer-boundary-6aec0a9b1ff4.js [4131/10000] status=ok obs=b3f3a95848f6 coverage=+0/32/38 time=1ms
  RUN js-fuzzer-corpus-08bc93bf5789.js [4132/10000] md5=08bc93bf57897bc88ce7161fe56cd099 bytes=169 template=corpus origin=tests/corpus/runtime/closures-read-captured-values.test.js
 PASS js-fuzzer-corpus-08bc93bf5789.js [4132/10000] status=ok obs=02e74f10e032 coverage=+0/32/38 time=2ms
  RUN js-fuzzer-block-scope-94e52644855f.js [4133/10000] md5=94e52644855fafeeb23684aa653d5db5 bytes=114 template=block-scope origin=seed:tests/corpus/runtime/exceptions-and-nullish.test.js
 PASS js-fuzzer-block-scope-94e52644855f.js [4133/10000] status=ok obs=2723d092b638 coverage=+0/32/38 time=2ms
  RUN js-fuzzer-loop-54e460cecf5c.js [4134/10000] md5=54e460cecf5c05dfcffaa3b2e5f57445 bytes=81 template=loop origin=seed:tests/corpus/runtime/functions-closures-and-arrows.test.js
 PASS js-fuzzer-loop-54e460cecf5c.js [4134/10000] status=ok obs=d3d9446802a4 coverage=+0/32/38 time=1ms
  RUN js-fuzzer-try-catch-8a297d00e90e.js [4135/10000] md5=8a297d00e90eb93174a6d6eeae5be951 bytes=110 template=try-catch origin=seed:tests/corpus/runtime/lexical-shadowing.test.js
 PASS js-fuzzer-try-catch-8a297d00e90e.js [4135/10000] status=ok obs=98f137082101 coverage=+0/32/38 time=2ms
  RUN js-fuzzer-class-a9875f561daf.js [4136/10000] md5=a9875f561daf181d949c68fc070db0e0 bytes=101 template=class origin=seed:tests/corpus/runtime/modules-export.test.js
 PASS js-fuzzer-class-a9875f561daf.js [4136/10000] status=ok obs=aab3238922bc coverage=+0/32/38 time=1ms
  RUN js-fuzzer-arithmetic-bdfd8c11425b.js [4137/10000] md5=bdfd8c11425b9f92ecb5546fc58e0bf8 bytes=85 template=arithmetic origin=seed:tests/corpus/runtime/nested-try-finally.test.js
 PASS js-fuzzer-arithmetic-bdfd8c11425b.js [4137/10000] status=ok obs=40008b9a5380 coverage=+0/32/38 time=2ms
  RUN js-fuzzer-boundary-56f451fe2902.js [4138/10000] md5=56f451fe2902341a3a470031c46238b3 bytes=123 template=boundary origin=boundary:-2147483648
 PASS js-fuzzer-boundary-56f451fe2902.js [4138/10000] status=ok obs=034ff5946105 coverage=+0/32/38 time=1ms
  RUN js-fuzzer-array-object-35da00e13e2d.js [4139/10000] md5=35da00e13e2d66d1c7e1fce9cf66240c bytes=133 template=array-object origin=seed:tests/corpus/syntax/logical-unary-nullish.test.js
 PASS js-fuzzer-array-object-35da00e13e2d.js [4139/10000] status=ok obs=c51ce410c124 coverage=+0/32/38 time=2ms
  RUN js-fuzzer-closure-9012bdddf1e2.js [4140/10000] md5=9012bdddf1e21d81838c3f2c2f3d18b2 bytes=183 template=closure origin=seed:tests/corpus/syntax/object-destructure-and-members.test.js
 PASS js-fuzzer-closure-9012bdddf1e2.js [4140/10000] status=ok obs=37693cfc7480 coverage=+0/32/38 time=2ms
  RUN js-fuzzer-corpus-2aed353a2d20.js [4141/10000] md5=2aed353a2d200d64cbaf7beb40face20 bytes=275 template=corpus origin=tests/corpus/syntax/switch-do-while-sequence.test.js
 PASS js-fuzzer-corpus-2aed353a2d20.js [4141/10000] status=ok obs=6f4922f45568 coverage=+0/32/38 time=1ms
  RUN js-fuzzer-loop-f495ca2fc638.js [4142/10000] md5=f495ca2fc6389f933578fc501f5b1465 bytes=81 template=loop origin=seed:tests/corpus/syntax/template-array-destructure.test.js
 PASS js-fuzzer-loop-f495ca2fc638.js [4142/10000] status=ok obs=c4ca4238a0b9 coverage=+0/32/38 time=1ms
  RUN js-fuzzer-try-catch-e6fdc2579e78.js [4143/10000] md5=e6fdc2579e7880bc0b759de7af5133ab bytes=110 template=try-catch origin=seed:tests/corpus/syntax/typescript-assertions.test.ts
 PASS js-fuzzer-try-catch-e6fdc2579e78.js [4143/10000] status=ok obs=d645920e395f coverage=+0/32/38 time=2ms
  RUN js-fuzzer-class-587587295e00.js [4144/10000] md5=587587295e0075a0a19c4572e53274fe bytes=101 template=class origin=seed:tests/corpus/syntax/typescript-non-null-satisfies.test.ts
 PASS js-fuzzer-class-587587295e00.js [4144/10000] status=ok obs=1f0e3dad9990 coverage=+0/32/38 time=1ms
  RUN js-fuzzer-boundary-92df4f5b559a.js [4145/10000] md5=92df4f5b559a550058b4133ffb629932 bytes=114 template=boundary origin=boundary:-2
 PASS js-fuzzer-boundary-92df4f5b559a.js [4145/10000] status=ok obs=5d7b9adcbe1c coverage=+0/32/38 time=2ms
  RUN js-fuzzer-function-4b9684ea9e29.js [4146/10000] md5=4b9684ea9e291ddb6515f98bf0c93905 bytes=153 template=function origin=seed:tests/corpus/fixtures/state-machine-workflow.test.js
 PASS js-fuzzer-function-4b9684ea9e29.js [4146/10000] status=ok obs=eccbc87e4b5c coverage=+0/32/38 time=2ms
  RUN js-fuzzer-array-object-3e9d880ee5fe.js [4147/10000] md5=3e9d880ee5fe9caf0083ac117823ab9b bytes=133 template=array-object origin=seed:tests/corpus/fixtures/vue-script-workflow.test.vue
 PASS js-fuzzer-array-object-3e9d880ee5fe.js [4147/10000] status=ok obs=9bf31c7ff062 coverage=+0/32/38 time=1ms
  RUN js-fuzzer-closure-2c8623f98625.js [4148/10000] md5=2c8623f98625d789c4e2aae81865e430 bytes=183 template=closure origin=seed:tests/corpus/obfuscation/constant-tag-mix.test.js
 PASS js-fuzzer-closure-2c8623f98625.js [4148/10000] status=ok obs=c51ce410c124 coverage=+0/32/38 time=2ms
  RUN js-fuzzer-block-scope-2c106c78ce4e.js [4149/10000] md5=2c106c78ce4ef362749d975b855914fc bytes=114 template=block-scope origin=seed:tests/corpus/obfuscation/extern-slot-permutation.test.js
 PASS js-fuzzer-block-scope-2c106c78ce4e.js [4149/10000] status=ok obs=f0935e4cd592 coverage=+0/32/38 time=1ms
  RUN js-fuzzer-corpus-efd663ac427b.js [4150/10000] md5=efd663ac427b5ca270b2f8b928c902bf bytes=112 template=corpus origin=tests/corpus/obfuscation/externs-console.test.js
 PASS js-fuzzer-corpus-efd663ac427b.js [4150/10000] status=ok obs=d289993e39c8 coverage=+0/32/38 time=2ms
  RUN js-fuzzer-try-catch-56393ff77182.js [4151/10000] md5=56393ff771824d567a8911f280bf7f9d bytes=110 template=try-catch origin=seed:tests/corpus/obfuscation/seed-sensitive-functions.test.js
 PASS js-fuzzer-try-catch-56393ff77182.js [4151/10000] status=ok obs=4e732ced3463 coverage=+0/32/38 time=2ms
  RUN js-fuzzer-boundary-7f379f781f4f.js [4152/10000] md5=7f379f781f4f9844733fb0f4c5d8aa15 bytes=114 template=boundary origin=boundary:-1
 PASS js-fuzzer-boundary-7f379f781f4f.js [4152/10000] status=ok obs=6bb61e3b7bce coverage=+0/32/38 time=1ms
  RUN js-fuzzer-arithmetic-a1b3af5ec913.js [4153/10000] md5=a1b3af5ec913617f09c2f026a19d6b2b bytes=83 template=arithmetic origin=seed:tests/corpus/regressions/multiple-functions-fib-add.test.js
 PASS js-fuzzer-arithmetic-a1b3af5ec913.js [4153/10000] status=ok obs=ac627ab1ccbd coverage=+0/32/38 time=2ms
  RUN js-fuzzer-function-e04598e59cc1.js [4154/10000] md5=e04598e59cc109c5f5c20638fe37a892 bytes=153 template=function origin=seed:tests/corpus/regressions/scope-compressed-closure-params.test.js
 PASS js-fuzzer-function-e04598e59cc1.js [4154/10000] status=ok obs=d3d9446802a4 coverage=+0/32/38 time=2ms
  RUN js-fuzzer-array-object-53b236151ae6.js [4155/10000] md5=53b236151ae6a45fb38321564302effa bytes=133 template=array-object origin=seed:tests/corpus/runtime/arrays-objects-methods.test.js
 PASS js-fuzzer-array-object-53b236151ae6.js [4155/10000] status=ok obs=d3d9446802a4 coverage=+0/32/38 time=1ms
  RUN js-fuzzer-closure-24323398b96e.js [4156/10000] md5=24323398b96e5ff5543c659bebef1492 bytes=184 template=closure origin=seed:tests/corpus/runtime/block-scopes.test.js
 PASS js-fuzzer-closure-24323398b96e.js [4156/10000] status=ok obs=b53b3a3d6ab9 coverage=+0/32/38 time=2ms
  RUN js-fuzzer-block-scope-c63543f997c3.js [4157/10000] md5=c63543f997c36488ec75fbd01eca5496 bytes=114 template=block-scope origin=seed:tests/corpus/runtime/class-fields-static-methods.test.js
 PASS js-fuzzer-block-scope-c63543f997c3.js [4157/10000] status=ok obs=ec8956637a99 coverage=+0/32/38 time=2ms
  RUN js-fuzzer-loop-f495ca2fc638.js [4158/10000] md5=f495ca2fc6389f933578fc501f5b1465 bytes=81 template=loop origin=seed:tests/corpus/runtime/classes-and-objects.test.js
 PASS js-fuzzer-loop-f495ca2fc638.js [4158/10000] status=ok obs=c4ca4238a0b9 coverage=+0/32/38 time=1ms
  RUN js-fuzzer-corpus-ddcb99247fc8.js [4159/10000] md5=ddcb99247fc847c897b97c6bd6512b9f bytes=217 template=corpus origin=tests/corpus/runtime/closures-mutate-captured-bindings.test.js
 PASS js-fuzzer-corpus-ddcb99247fc8.js [4159/10000] status=ok obs=e4da3b7fbbce coverage=+0/32/38 time=2ms
  RUN js-fuzzer-class-ff7d9ca3da86.js [4160/10000] md5=ff7d9ca3da86b49917ac34b4d48e8df9 bytes=101 template=class origin=seed:tests/corpus/runtime/closures-read-captured-values.test.js
 PASS js-fuzzer-class-ff7d9ca3da86.js [4160/10000] status=ok obs=c20ad4d76fe9 coverage=+0/32/38 time=2ms
  RUN js-fuzzer-arithmetic-45dfd144b95d.js [4161/10000] md5=45dfd144b95de32653f723f702956600 bytes=85 template=arithmetic origin=seed:tests/corpus/runtime/exceptions-and-nullish.test.js
 PASS js-fuzzer-arithmetic-45dfd144b95d.js [4161/10000] status=ok obs=c16a5320fa47 coverage=+0/32/38 time=1ms
  RUN js-fuzzer-function-66ad482026b9.js [4162/10000] md5=66ad482026b9df67ec5d25c1cce4c653 bytes=153 template=function origin=seed:tests/corpus/runtime/functions-closures-and-arrows.test.js
 PASS js-fuzzer-function-66ad482026b9.js [4162/10000] status=ok obs=6512bd43d9ca coverage=+0/32/38 time=2ms
  RUN js-fuzzer-array-object-ffe7cda8457c.js [4163/10000] md5=ffe7cda8457c568c09bf585bcc77b85a bytes=133 template=array-object origin=seed:tests/corpus/runtime/lexical-shadowing.test.js
 PASS js-fuzzer-array-object-ffe7cda8457c.js [4163/10000] status=ok obs=6f4922f45568 coverage=+0/32/38 time=2ms
  RUN js-fuzzer-closure-ef4c85c91a37.js [4164/10000] md5=ef4c85c91a378cd7683088b86416e997 bytes=183 template=closure origin=seed:tests/corpus/runtime/modules-export.test.js
 PASS js-fuzzer-closure-ef4c85c91a37.js [4164/10000] status=ok obs=6ea9ab1baa0e coverage=+0/32/38 time=1ms
  RUN js-fuzzer-block-scope-92fded31019c.js [4165/10000] md5=92fded31019c366b63c0d84345739f9a bytes=114 template=block-scope origin=seed:tests/corpus/runtime/nested-try-finally.test.js
 PASS js-fuzzer-block-scope-92fded31019c.js [4165/10000] status=ok obs=65b9eea6e1cc coverage=+0/32/38 time=1ms
  RUN js-fuzzer-boundary-4bea2a6e0cb0.js [4166/10000] md5=4bea2a6e0cb0c7bb0b29e5b5d44112d8 bytes=128 template=boundary origin=boundary:9007199254740991
 PASS js-fuzzer-boundary-4bea2a6e0cb0.js [4166/10000] status=ok obs=dc9a0d67a31d coverage=+0/32/38 time=2ms
  RUN js-fuzzer-try-catch-ecee5cf418be.js [4167/10000] md5=ecee5cf418beff71c62f1aeee5aa3045 bytes=109 template=try-catch origin=seed:tests/corpus/syntax/logical-unary-nullish.test.js
 PASS js-fuzzer-try-catch-ecee5cf418be.js [4167/10000] status=ok obs=45c48cce2e2d coverage=+0/32/38 time=1ms
  RUN js-fuzzer-corpus-96ebdcb81273.js [4168/10000] md5=96ebdcb81273f0e5e5778a6c70c94988 bytes=171 template=corpus origin=tests/corpus/syntax/object-destructure-and-members.test.js
 PASS js-fuzzer-corpus-96ebdcb81273.js [4168/10000] status=ok obs=bfad8dfa12ed coverage=+0/32/38 time=2ms
  RUN js-fuzzer-arithmetic-cd2a0e9d352e.js [4169/10000] md5=cd2a0e9d352e77d9f4ca2a6d1e40da74 bytes=84 template=arithmetic origin=seed:tests/corpus/syntax/switch-do-while-sequence.test.js
 PASS js-fuzzer-arithmetic-cd2a0e9d352e.js [4169/10000] status=ok obs=06409663226a coverage=+0/32/38 time=1ms
  RUN js-fuzzer-function-3dca9339a683.js [4170/10000] md5=3dca9339a6831946d3c5250be8e34eee bytes=153 template=function origin=seed:tests/corpus/syntax/template-array-destructure.test.js
 PASS js-fuzzer-function-3dca9339a683.js [4170/10000] status=ok obs=e4da3b7fbbce coverage=+0/32/38 time=2ms
  RUN js-fuzzer-array-object-aff727f21cd7.js [4171/10000] md5=aff727f21cd7bf172dc07f8c950f8407 bytes=133 template=array-object origin=seed:tests/corpus/syntax/typescript-assertions.test.ts
 PASS js-fuzzer-array-object-aff727f21cd7.js [4171/10000] status=ok obs=8f14e45fceea coverage=+0/32/38 time=2ms
  RUN js-fuzzer-closure-fa30f5b92af4.js [4172/10000] md5=fa30f5b92af47ecf8fa440f4b58e91c8 bytes=184 template=closure origin=seed:tests/corpus/syntax/typescript-non-null-satisfies.test.ts
 PASS js-fuzzer-closure-fa30f5b92af4.js [4172/10000] status=ok obs=7f39f8317fbd coverage=+0/32/38 time=2ms
  RUN js-fuzzer-boundary-86f8354fc6fd.js [4173/10000] md5=86f8354fc6fd092b05683bbf230dc769 bytes=122 template=boundary origin=boundary:2147483647
 PASS js-fuzzer-boundary-86f8354fc6fd.js [4173/10000] status=ok obs=c588c0a459f4 coverage=+0/32/38 time=1ms
  RUN js-fuzzer-loop-d35707ad0bf7.js [4174/10000] md5=d35707ad0bf74148f671ad8943998af6 bytes=81 template=loop origin=seed:tests/corpus/fixtures/state-machine-workflow.test.js
 PASS js-fuzzer-loop-d35707ad0bf7.js [4174/10000] status=ok obs=9bf31c7ff062 coverage=+0/32/38 time=2ms
  RUN js-fuzzer-try-catch-83aeb7d5f114.js [4175/10000] md5=83aeb7d5f114f448e90b2f3e31e7a7e9 bytes=110 template=try-catch origin=seed:tests/corpus/fixtures/vue-script-workflow.test.vue
 PASS js-fuzzer-try-catch-83aeb7d5f114.js [4175/10000] status=ok obs=e369853df766 coverage=+0/32/38 time=1ms
  RUN js-fuzzer-class-7c36fc3c0ad4.js [4176/10000] md5=7c36fc3c0ad4461d5dbbcd7afdfb6b5c bytes=101 template=class origin=seed:tests/corpus/obfuscation/constant-tag-mix.test.js
 PASS js-fuzzer-class-7c36fc3c0ad4.js [4176/10000] status=ok obs=d3d9446802a4 coverage=+0/32/38 time=2ms
  RUN js-fuzzer-corpus-fe2d30a6e413.js [4177/10000] md5=fe2d30a6e4139e7a8b52405bed737faa bytes=220 template=corpus origin=tests/corpus/obfuscation/extern-slot-permutation.test.js
 PASS js-fuzzer-corpus-fe2d30a6e413.js [4177/10000] status=ok obs=c34c702d0256 coverage=+0/32/38 time=2ms
  RUN js-fuzzer-function-59a47c73ec30.js [4178/10000] md5=59a47c73ec3039d5b72e8af0d1e410de bytes=153 template=function origin=seed:tests/corpus/obfuscation/externs-console.test.js
 PASS js-fuzzer-function-59a47c73ec30.js [4178/10000] status=ok obs=8f14e45fceea coverage=+0/32/38 time=1ms
  RUN js-fuzzer-array-object-4493abdbf756.js [4179/10000] md5=4493abdbf7560e5948f4b9583d081e81 bytes=133 template=array-object origin=seed:tests/corpus/obfuscation/seed-sensitive-functions.test.js
 PASS js-fuzzer-array-object-4493abdbf756.js [4179/10000] status=ok obs=6512bd43d9ca coverage=+0/32/38 time=2ms
  RUN js-fuzzer-boundary-e33d9dc9cd6c.js [4180/10000] md5=e33d9dc9cd6c84ec6ac6a01d1d18c4f2 bytes=113 template=boundary origin=boundary:2
 PASS js-fuzzer-boundary-e33d9dc9cd6c.js [4180/10000] status=ok obs=c81e728d9d4c coverage=+0/32/38 time=1ms
  RUN js-fuzzer-block-scope-3618dfc383f1.js [4181/10000] md5=3618dfc383f176ec28b3df9bed8a3cec bytes=114 template=block-scope origin=seed:tests/corpus/regressions/multiple-functions-fib-add.test.js
 PASS js-fuzzer-block-scope-3618dfc383f1.js [4181/10000] status=ok obs=c9e1074f5b3f coverage=+0/32/38 time=2ms
  RUN js-fuzzer-loop-b88258462a8d.js [4182/10000] md5=b88258462a8d880f8b0e459fa23b2536 bytes=81 template=loop origin=seed:tests/corpus/regressions/scope-compressed-closure-params.test.js
 PASS js-fuzzer-loop-b88258462a8d.js [4182/10000] status=ok obs=3c59dc048e88 coverage=+0/32/38 time=2ms
  RUN js-fuzzer-try-catch-10b006553cce.js [4183/10000] md5=10b006553cced3afac446c8e96bc0d8a bytes=110 template=try-catch origin=seed:tests/corpus/runtime/arrays-objects-methods.test.js
 PASS js-fuzzer-try-catch-10b006553cce.js [4183/10000] status=ok obs=8e296a067a37 coverage=+0/32/38 time=1ms
  RUN js-fuzzer-class-c6bbe0a63455.js [4184/10000] md5=c6bbe0a634559d18fa82cf0c9a421610 bytes=100 template=class origin=seed:tests/corpus/runtime/block-scopes.test.js
 PASS js-fuzzer-class-c6bbe0a63455.js [4184/10000] status=ok obs=1679091c5a88 coverage=+0/32/38 time=2ms
  RUN js-fuzzer-arithmetic-22c322949615.js [4185/10000] md5=22c322949615d2b7431132e5073d2122 bytes=83 template=arithmetic origin=seed:tests/corpus/runtime/class-fields-static-methods.test.js
 PASS js-fuzzer-arithmetic-22c322949615.js [4185/10000] status=ok obs=1f0e3dad9990 coverage=+0/32/38 time=2ms
  RUN js-fuzzer-corpus-663bf83cd082.js [4186/10000] md5=663bf83cd082bd221441dae6bbc85046 bytes=278 template=corpus origin=tests/corpus/runtime/classes-and-objects.test.js
 PASS js-fuzzer-corpus-663bf83cd082.js [4186/10000] status=ok obs=6f4922f45568 coverage=+0/32/38 time=1ms
  RUN js-fuzzer-boundary-ccde2dac26f6.js [4187/10000] md5=ccde2dac26f6d3fd46c3698825685fe3 bytes=113 template=boundary origin=boundary:1
 PASS js-fuzzer-boundary-ccde2dac26f6.js [4187/10000] status=ok obs=c4ca4238a0b9 coverage=+0/32/38 time=2ms
  RUN js-fuzzer-closure-9febab6f9169.js [4188/10000] md5=9febab6f9169e771d562ad583c654e81 bytes=184 template=closure origin=seed:tests/corpus/runtime/closures-read-captured-values.test.js
 PASS js-fuzzer-closure-9febab6f9169.js [4188/10000] status=ok obs=72b32a1f754b coverage=+0/32/38 time=2ms
  RUN js-fuzzer-block-scope-cd50a5c167d4.js [4189/10000] md5=cd50a5c167d4b7a5954d5dfaea8f1621 bytes=114 template=block-scope origin=seed:tests/corpus/runtime/exceptions-and-nullish.test.js
 PASS js-fuzzer-block-scope-cd50a5c167d4.js [4189/10000] status=ok obs=a97da629b098 coverage=+0/32/38 time=1ms
  RUN js-fuzzer-loop-f495ca2fc638.js [4190/10000] md5=f495ca2fc6389f933578fc501f5b1465 bytes=81 template=loop origin=seed:tests/corpus/runtime/functions-closures-and-arrows.test.js
 PASS js-fuzzer-loop-f495ca2fc638.js [4190/10000] status=ok obs=c4ca4238a0b9 coverage=+0/32/38 time=2ms
  RUN js-fuzzer-try-catch-6c711f8bb184.js [4191/10000] md5=6c711f8bb184c228d8b20d70b1aabb73 bytes=109 template=try-catch origin=seed:tests/corpus/runtime/lexical-shadowing.test.js
 PASS js-fuzzer-try-catch-6c711f8bb184.js [4191/10000] status=ok obs=1679091c5a88 coverage=+0/32/38 time=1ms
  RUN js-fuzzer-class-d8979b510eb0.js [4192/10000] md5=d8979b510eb085c9e0e846586f80f265 bytes=101 template=class origin=seed:tests/corpus/runtime/modules-export.test.js
 PASS js-fuzzer-class-d8979b510eb0.js [4192/10000] status=ok obs=c74d97b01eae coverage=+0/32/38 time=1ms
  RUN js-fuzzer-arithmetic-64e10d9fabeb.js [4193/10000] md5=64e10d9fabeb6db9f05a907348646d43 bytes=83 template=arithmetic origin=seed:tests/corpus/runtime/nested-try-finally.test.js
 PASS js-fuzzer-arithmetic-64e10d9fabeb.js [4193/10000] status=ok obs=c20ad4d76fe9 coverage=+0/32/38 time=2ms
  RUN js-fuzzer-boundary-235131a2d0d1.js [4194/10000] md5=235131a2d0d184afe9327ca3bd456dde bytes=129 template=boundary origin=boundary:-9007199254740991
 PASS js-fuzzer-boundary-235131a2d0d1.js [4194/10000] status=ok obs=b3f3a95848f6 coverage=+0/32/38 time=1ms
  RUN js-fuzzer-corpus-279b64032335.js [4195/10000] md5=279b640323351a1b082b98b42d2a2d55 bytes=134 template=corpus origin=tests/corpus/syntax/logical-unary-nullish.test.js
 PASS js-fuzzer-corpus-279b64032335.js [4195/10000] status=ok obs=45c48cce2e2d coverage=+0/32/38 time=1ms
  RUN js-fuzzer-closure-c5f1daa7a9d2.js [4196/10000] md5=c5f1daa7a9d281476d30d32f753b8907 bytes=184 template=closure origin=seed:tests/corpus/syntax/object-destructure-and-members.test.js
 PASS js-fuzzer-closure-c5f1daa7a9d2.js [4196/10000] status=ok obs=72b32a1f754b coverage=+0/32/38 time=2ms
  RUN js-fuzzer-block-scope-7c7be4c48143.js [4197/10000] md5=7c7be4c48143f09c1581373256ca3a29 bytes=114 template=block-scope origin=seed:tests/corpus/syntax/switch-do-while-sequence.test.js
 PASS js-fuzzer-block-scope-7c7be4c48143.js [4197/10000] status=ok obs=ec8956637a99 coverage=+0/32/38 time=1ms
  RUN js-fuzzer-loop-f495ca2fc638.js [4198/10000] md5=f495ca2fc6389f933578fc501f5b1465 bytes=81 template=loop origin=seed:tests/corpus/syntax/template-array-destructure.test.js
 PASS js-fuzzer-loop-f495ca2fc638.js [4198/10000] status=ok obs=c4ca4238a0b9 coverage=+0/32/38 time=2ms
  RUN js-fuzzer-try-catch-a173285175b8.js [4199/10000] md5=a173285175b813cddca62eb427efafd5 bytes=110 template=try-catch origin=seed:tests/corpus/syntax/typescript-assertions.test.ts
 PASS js-fuzzer-try-catch-a173285175b8.js [4199/10000] status=ok obs=9a1158154dfa coverage=+0/32/38 time=1ms
  RUN js-fuzzer-class-5baf4bed5db4.js [4200/10000] md5=5baf4bed5db4f8205173226efc8fff73 bytes=101 template=class origin=seed:tests/corpus/syntax/typescript-non-null-satisfies.test.ts
 PASS js-fuzzer-class-5baf4bed5db4.js [4200/10000] status=ok obs=6f4922f45568 coverage=+0/32/38 time=1ms
  RUN js-fuzzer-boundary-56f451fe2902.js [4201/10000] md5=56f451fe2902341a3a470031c46238b3 bytes=123 template=boundary origin=boundary:-2147483648
 PASS js-fuzzer-boundary-56f451fe2902.js [4201/10000] status=ok obs=034ff5946105 coverage=+0/32/38 time=2ms
  RUN js-fuzzer-function-be199ff518ed.js [4202/10000] md5=be199ff518edad2305aebc8ea703ea8f bytes=153 template=function origin=seed:tests/corpus/fixtures/state-machine-workflow.test.js
 PASS js-fuzzer-function-be199ff518ed.js [4202/10000] status=ok obs=a87ff679a2f3 coverage=+0/32/38 time=1ms
  RUN js-fuzzer-array-object-fd355cbca201.js [4203/10000] md5=fd355cbca20116c69fb9bfd978b84992 bytes=133 template=array-object origin=seed:tests/corpus/fixtures/vue-script-workflow.test.vue
 PASS js-fuzzer-array-object-fd355cbca201.js [4203/10000] status=ok obs=c20ad4d76fe9 coverage=+0/32/38 time=2ms
  RUN js-fuzzer-corpus-f00ef18b0a17.js [4204/10000] md5=f00ef18b0a172b2a2d9833f5b7fe94e2 bytes=199 template=corpus origin=tests/corpus/obfuscation/constant-tag-mix.test.js
 PASS js-fuzzer-corpus-f00ef18b0a17.js [4204/10000] status=ok obs=e86823f38986 coverage=+0/32/38 time=2ms
  RUN js-fuzzer-block-scope-016b7f6e9976.js [4205/10000] md5=016b7f6e997636dc77e33da31ef097e1 bytes=114 template=block-scope origin=seed:tests/corpus/obfuscation/extern-slot-permutation.test.js
 PASS js-fuzzer-block-scope-016b7f6e9976.js [4205/10000] status=ok obs=a97da629b098 coverage=+0/32/38 time=1ms
  RUN js-fuzzer-loop-bbf1d7a15d8d.js [4206/10000] md5=bbf1d7a15d8dd015402d75c0e0108b5f bytes=81 template=loop origin=seed:tests/corpus/obfuscation/externs-console.test.js
 PASS js-fuzzer-loop-bbf1d7a15d8d.js [4206/10000] status=ok obs=1679091c5a88 coverage=+0/32/38 time=2ms
  RUN js-fuzzer-try-catch-949865ef2d04.js [4207/10000] md5=949865ef2d045cce3ed2d503f7e03e63 bytes=110 template=try-catch origin=seed:tests/corpus/obfuscation/seed-sensitive-functions.test.js
 PASS js-fuzzer-try-catch-949865ef2d04.js [4207/10000] status=ok obs=6f4922f45568 coverage=+0/32/38 time=2ms
  RUN js-fuzzer-boundary-db03eeac3914.js [4208/10000] md5=db03eeac3914e8f0a7bfea9eefe9f0de bytes=114 template=boundary origin=boundary:-2
 PASS js-fuzzer-boundary-db03eeac3914.js [4208/10000] status=ok obs=5d7b9adcbe1c coverage=+0/32/38 time=1ms
  RUN js-fuzzer-arithmetic-b77eebb536ac.js [4209/10000] md5=b77eebb536ac121713b7414cb57cb682 bytes=84 template=arithmetic origin=seed:tests/corpus/regressions/multiple-functions-fib-add.test.js
 PASS js-fuzzer-arithmetic-b77eebb536ac.js [4209/10000] status=ok obs=c9e1074f5b3f coverage=+0/32/38 time=2ms
  RUN js-fuzzer-function-8384e80192dc.js [4210/10000] md5=8384e80192dc0232cf5e505b2f7d5501 bytes=153 template=function origin=seed:tests/corpus/regressions/scope-compressed-closure-params.test.js
 PASS js-fuzzer-function-8384e80192dc.js [4210/10000] status=ok obs=e4da3b7fbbce coverage=+0/32/38 time=2ms
  RUN js-fuzzer-array-object-dfd78431199b.js [4211/10000] md5=dfd78431199bdc1aabdf6a190aee7e53 bytes=133 template=array-object origin=seed:tests/corpus/runtime/arrays-objects-methods.test.js
 PASS js-fuzzer-array-object-dfd78431199b.js [4211/10000] status=ok obs=9bf31c7ff062 coverage=+0/32/38 time=2ms
  RUN js-fuzzer-closure-17b2db1318a2.js [4212/10000] md5=17b2db1318a228f8a98b3200f104846b bytes=184 template=closure origin=seed:tests/corpus/runtime/block-scopes.test.js
 PASS js-fuzzer-closure-17b2db1318a2.js [4212/10000] status=ok obs=6c8349cc7260 coverage=+0/32/38 time=1ms
  RUN js-fuzzer-corpus-a64e83c2f849.js [4213/10000] md5=a64e83c2f84925dca8985eabe963ee21 bytes=179 template=corpus origin=tests/corpus/runtime/class-fields-static-methods.test.js
 PASS js-fuzzer-corpus-a64e83c2f849.js [4213/10000] status=ok obs=8f14e45fceea coverage=+0/32/38 time=2ms
  RUN js-fuzzer-loop-b88258462a8d.js [4214/10000] md5=b88258462a8d880f8b0e459fa23b2536 bytes=81 template=loop origin=seed:tests/corpus/runtime/classes-and-objects.test.js
 PASS js-fuzzer-loop-b88258462a8d.js [4214/10000] status=ok obs=3c59dc048e88 coverage=+0/32/38 time=2ms
  RUN js-fuzzer-boundary-3d1d4e90ebd9.js [4215/10000] md5=3d1d4e90ebd99aad7ece59efc98f7563 bytes=114 template=boundary origin=boundary:-1
 PASS js-fuzzer-boundary-3d1d4e90ebd9.js [4215/10000] status=ok obs=6bb61e3b7bce coverage=+0/32/38 time=1ms
  RUN js-fuzzer-class-51ea152a707e.js [4216/10000] md5=51ea152a707ed5422ab3e5b3ddb7fe43 bytes=100 template=class origin=seed:tests/corpus/runtime/closures-read-captured-values.test.js
 PASS js-fuzzer-class-51ea152a707e.js [4216/10000] status=ok obs=e4da3b7fbbce coverage=+0/32/38 time=2ms
  RUN js-fuzzer-arithmetic-aafb1123b647.js [4217/10000] md5=aafb1123b6471a96114afdd62907d29e bytes=84 template=arithmetic origin=seed:tests/corpus/runtime/exceptions-and-nullish.test.js
 PASS js-fuzzer-arithmetic-aafb1123b647.js [4217/10000] status=ok obs=8f53295a7387 coverage=+0/32/38 time=2ms
  RUN js-fuzzer-function-84b6f0564867.js [4218/10000] md5=84b6f05648673d1e7da8df04c8cbab23 bytes=153 template=function origin=seed:tests/corpus/runtime/functions-closures-and-arrows.test.js
 PASS js-fuzzer-function-84b6f0564867.js [4218/10000] status=ok obs=c74d97b01eae coverage=+0/32/38 time=2ms
  RUN js-fuzzer-array-object-194ac510f1f8.js [4219/10000] md5=194ac510f1f8c2ca3c650843877a225c bytes=133 template=array-object origin=seed:tests/corpus/runtime/lexical-shadowing.test.js
 PASS js-fuzzer-array-object-194ac510f1f8.js [4219/10000] status=ok obs=d3d9446802a4 coverage=+0/32/38 time=1ms
  RUN js-fuzzer-closure-459d952b3e03.js [4220/10000] md5=459d952b3e033a62e8d7b60fb60a6e71 bytes=184 template=closure origin=seed:tests/corpus/runtime/modules-export.test.js
 PASS js-fuzzer-closure-459d952b3e03.js [4220/10000] status=ok obs=6c8349cc7260 coverage=+0/32/38 time=2ms
  RUN js-fuzzer-block-scope-6afbd590aa11.js [4221/10000] md5=6afbd590aa11b6bf62fcef714f76bcda bytes=114 template=block-scope origin=seed:tests/corpus/runtime/nested-try-finally.test.js
 PASS js-fuzzer-block-scope-6afbd590aa11.js [4221/10000] status=ok obs=6974ce5ac660 coverage=+0/32/38 time=2ms
  RUN js-fuzzer-corpus-89e900fcb72f.js [4222/10000] md5=89e900fcb72ff838bfe9a13ae091363f bytes=228 template=corpus origin=tests/corpus/syntax/control-flow-and-operators.test.js
 PASS js-fuzzer-corpus-89e900fcb72f.js [4222/10000] status=ok obs=aab3238922bc coverage=+0/32/38 time=2ms
  RUN js-fuzzer-try-catch-f457fe0c144d.js [4223/10000] md5=f457fe0c144d86e31ce7ae86f7f5c357 bytes=110 template=try-catch origin=seed:tests/corpus/syntax/logical-unary-nullish.test.js
 PASS js-fuzzer-try-catch-f457fe0c144d.js [4223/10000] status=ok obs=67c6a1e7ce56 coverage=+0/32/38 time=1ms
  RUN js-fuzzer-class-769274f77fa6.js [4224/10000] md5=769274f77fa62254ce7e0eb0e3adf7f1 bytes=100 template=class origin=seed:tests/corpus/syntax/object-destructure-and-members.test.js
 PASS js-fuzzer-class-769274f77fa6.js [4224/10000] status=ok obs=c4ca4238a0b9 coverage=+0/32/38 time=2ms
  RUN js-fuzzer-arithmetic-3315bc9a29fe.js [4225/10000] md5=3315bc9a29fe3292a78e2e5d23c40ff1 bytes=84 template=arithmetic origin=seed:tests/corpus/syntax/switch-do-while-sequence.test.js
 PASS js-fuzzer-arithmetic-3315bc9a29fe.js [4225/10000] status=ok obs=37a749d808e4 coverage=+0/32/38 time=1ms
  RUN js-fuzzer-function-1d370c2e7126.js [4226/10000] md5=1d370c2e7126a84b090ad6eed5468375 bytes=153 template=function origin=seed:tests/corpus/syntax/template-array-destructure.test.js
 PASS js-fuzzer-function-1d370c2e7126.js [4226/10000] status=ok obs=8f14e45fceea coverage=+0/32/38 time=2ms
  RUN js-fuzzer-array-object-090639edb97e.js [4227/10000] md5=090639edb97ef669166d7ff9bb3b4595 bytes=133 template=array-object origin=seed:tests/corpus/syntax/typescript-assertions.test.ts
 PASS js-fuzzer-array-object-090639edb97e.js [4227/10000] status=ok obs=aab3238922bc coverage=+0/32/38 time=2ms
  RUN js-fuzzer-closure-65e48d96c776.js [4228/10000] md5=65e48d96c7769dc0c168c0d415ed512b bytes=185 template=closure origin=seed:tests/corpus/syntax/typescript-non-null-satisfies.test.ts
 PASS js-fuzzer-closure-65e48d96c776.js [4228/10000] status=ok obs=03afdbd66e79 coverage=+0/32/38 time=2ms
  RUN js-fuzzer-boundary-6330cdecf02f.js [4229/10000] md5=6330cdecf02f68328876d88213acc2ac bytes=128 template=boundary origin=boundary:9007199254740991
 PASS js-fuzzer-boundary-6330cdecf02f.js [4229/10000] status=ok obs=8bfa9ad090fb coverage=+0/32/38 time=1ms
  RUN js-fuzzer-loop-54e460cecf5c.js [4230/10000] md5=54e460cecf5c05dfcffaa3b2e5f57445 bytes=81 template=loop origin=seed:tests/corpus/fixtures/state-machine-workflow.test.js
 PASS js-fuzzer-loop-54e460cecf5c.js [4230/10000] status=ok obs=d3d9446802a4 coverage=+0/32/38 time=2ms
  RUN js-fuzzer-corpus-f722388c7961.js [4231/10000] md5=f722388c7961d2a0288508c35f28a5f8 bytes=96 template=corpus origin=tests/corpus/fixtures/vue-script-workflow.test.vue
 PASS js-fuzzer-corpus-f722388c7961.js [4231/10000] status=ok obs=6512bd43d9ca coverage=+0/32/38 time=1ms
  RUN js-fuzzer-class-3b630e2d834a.js [4232/10000] md5=3b630e2d834a95a01ee75571f8bc0075 bytes=101 template=class origin=seed:tests/corpus/obfuscation/constant-tag-mix.test.js
 PASS js-fuzzer-class-3b630e2d834a.js [4232/10000] status=ok obs=6512bd43d9ca coverage=+0/32/38 time=2ms
  RUN js-fuzzer-arithmetic-d4ad540ac455.js [4233/10000] md5=d4ad540ac455032218d60460b5245ce1 bytes=84 template=arithmetic origin=seed:tests/corpus/obfuscation/extern-slot-permutation.test.js
 PASS js-fuzzer-arithmetic-d4ad540ac455.js [4233/10000] status=ok obs=d1fe173d08e9 coverage=+0/32/38 time=2ms
  RUN js-fuzzer-function-e38b8374b652.js [4234/10000] md5=e38b8374b65234ab6d6009c7a43720d9 bytes=153 template=function origin=seed:tests/corpus/obfuscation/externs-console.test.js
 PASS js-fuzzer-function-e38b8374b652.js [4234/10000] status=ok obs=1679091c5a88 coverage=+0/32/38 time=1ms
  RUN js-fuzzer-array-object-e9a0e2168e66.js [4235/10000] md5=e9a0e2168e66acdd414d8d5064e38e7b bytes=133 template=array-object origin=seed:tests/corpus/obfuscation/seed-sensitive-functions.test.js
 PASS js-fuzzer-array-object-e9a0e2168e66.js [4235/10000] status=ok obs=45c48cce2e2d coverage=+0/32/38 time=2ms
  RUN js-fuzzer-boundary-4b188851088a.js [4236/10000] md5=4b188851088a18b5b5e1424320aec545 bytes=122 template=boundary origin=boundary:2147483647
 PASS js-fuzzer-boundary-4b188851088a.js [4236/10000] status=ok obs=c588c0a459f4 coverage=+0/32/38 time=1ms
  RUN js-fuzzer-block-scope-a6feb1f597ba.js [4237/10000] md5=a6feb1f597ba081b9f2f4112e1579d81 bytes=115 template=block-scope origin=seed:tests/corpus/regressions/multiple-functions-fib-add.test.js
 PASS js-fuzzer-block-scope-a6feb1f597ba.js [4237/10000] status=ok obs=5f93f983524d coverage=+0/32/38 time=2ms
  RUN js-fuzzer-loop-f495ca2fc638.js [4238/10000] md5=f495ca2fc6389f933578fc501f5b1465 bytes=81 template=loop origin=seed:tests/corpus/regressions/scope-compressed-closure-params.test.js
 PASS js-fuzzer-loop-f495ca2fc638.js [4238/10000] status=ok obs=c4ca4238a0b9 coverage=+0/32/38 time=2ms
  RUN js-fuzzer-try-catch-85daf11db7ec.js [4239/10000] md5=85daf11db7ec5f71a0e05a86a536d94d bytes=110 template=try-catch origin=seed:tests/corpus/runtime/arrays-objects-methods.test.js
 PASS js-fuzzer-try-catch-85daf11db7ec.js [4239/10000] status=ok obs=f7177163c833 coverage=+0/32/38 time=1ms
  RUN js-fuzzer-corpus-8b78ba7912c5.js [4240/10000] md5=8b78ba7912c51f6cf304b65c6ebdb2e3 bytes=289 template=corpus origin=tests/corpus/runtime/block-scopes.test.js
 PASS js-fuzzer-corpus-8b78ba7912c5.js [4240/10000] status=ok obs=37693cfc7480 coverage=+0/32/38 time=2ms
  RUN js-fuzzer-arithmetic-67a8c1f6f186.js [4241/10000] md5=67a8c1f6f1862485742b6681e10e083a bytes=83 template=arithmetic origin=seed:tests/corpus/runtime/class-fields-static-methods.test.js
 PASS js-fuzzer-arithmetic-67a8c1f6f186.js [4241/10000] status=ok obs=3c59dc048e88 coverage=+0/32/38 time=2ms
  RUN js-fuzzer-function-c6a41e639682.js [4242/10000] md5=c6a41e6396823bcfa91e05b3a10b01c0 bytes=153 template=function origin=seed:tests/corpus/runtime/classes-and-objects.test.js
 PASS js-fuzzer-function-c6a41e639682.js [4242/10000] status=ok obs=1f0e3dad9990 coverage=+0/32/38 time=2ms
  RUN js-fuzzer-boundary-221618e58a55.js [4243/10000] md5=221618e58a55537e4dc7530ef9f57aaf bytes=113 template=boundary origin=boundary:2
 PASS js-fuzzer-boundary-221618e58a55.js [4243/10000] status=ok obs=c81e728d9d4c coverage=+0/32/38 time=1ms
  RUN js-fuzzer-closure-e8485e220cea.js [4244/10000] md5=e8485e220ceab9f04302dcfd6cca577c bytes=184 template=closure origin=seed:tests/corpus/runtime/closures-read-captured-values.test.js
 PASS js-fuzzer-closure-e8485e220cea.js [4244/10000] status=ok obs=fc490ca45c00 coverage=+0/32/38 time=2ms
  RUN js-fuzzer-block-scope-aa99f3b15079.js [4245/10000] md5=aa99f3b1507939a1697583e3c7532b7e bytes=114 template=block-scope origin=seed:tests/corpus/runtime/exceptions-and-nullish.test.js
 PASS js-fuzzer-block-scope-aa99f3b15079.js [4245/10000] status=ok obs=38b3eff8baf5 coverage=+0/32/38 time=2ms
  RUN js-fuzzer-loop-f495ca2fc638.js [4246/10000] md5=f495ca2fc6389f933578fc501f5b1465 bytes=81 template=loop origin=seed:tests/corpus/runtime/functions-closures-and-arrows.test.js
 PASS js-fuzzer-loop-f495ca2fc638.js [4246/10000] status=ok obs=c4ca4238a0b9 coverage=+0/32/38 time=1ms
  RUN js-fuzzer-try-catch-a4e2330c4919.js [4247/10000] md5=a4e2330c49196805169dbf8449e466fa bytes=110 template=try-catch origin=seed:tests/corpus/runtime/lexical-shadowing.test.js
 PASS js-fuzzer-try-catch-a4e2330c4919.js [4247/10000] status=ok obs=3c59dc048e88 coverage=+0/32/38 time=1ms
  RUN js-fuzzer-class-b901915e3eda.js [4248/10000] md5=b901915e3eda1a96f77dcec9fff681b5 bytes=100 template=class origin=seed:tests/corpus/runtime/modules-export.test.js
 PASS js-fuzzer-class-b901915e3eda.js [4248/10000] status=ok obs=c81e728d9d4c coverage=+0/32/38 time=2ms
  RUN js-fuzzer-corpus-c557f8da2a9d.js [4249/10000] md5=c557f8da2a9d2904c70dca50c3eeb50e bytes=191 template=corpus origin=tests/corpus/runtime/nested-try-finally.test.js
 PASS js-fuzzer-corpus-c557f8da2a9d.js [4249/10000] status=ok obs=8f14e45fceea coverage=+0/32/38 time=1ms
  RUN js-fuzzer-boundary-ccde2dac26f6.js [4250/10000] md5=ccde2dac26f6d3fd46c3698825685fe3 bytes=113 template=boundary origin=boundary:1
 PASS js-fuzzer-boundary-ccde2dac26f6.js [4250/10000] status=ok obs=c4ca4238a0b9 coverage=+0/32/38 time=2ms
  RUN js-fuzzer-array-object-47f0154f80a6.js [4251/10000] md5=47f0154f80a6ee4997074f5f2a558c08 bytes=133 template=array-object origin=seed:tests/corpus/syntax/logical-unary-nullish.test.js
 PASS js-fuzzer-array-object-47f0154f80a6.js [4251/10000] status=ok obs=8f14e45fceea coverage=+0/32/38 time=1ms
  RUN js-fuzzer-closure-c5f1daa7a9d2.js [4252/10000] md5=c5f1daa7a9d281476d30d32f753b8907 bytes=184 template=closure origin=seed:tests/corpus/syntax/object-destructure-and-members.test.js
 PASS js-fuzzer-closure-c5f1daa7a9d2.js [4252/10000] status=ok obs=72b32a1f754b coverage=+0/32/38 time=2ms
  RUN js-fuzzer-block-scope-0646405d6bb2.js [4253/10000] md5=0646405d6bb2ceae05fe69841edcc9c1 bytes=114 template=block-scope origin=seed:tests/corpus/syntax/switch-do-while-sequence.test.js
 PASS js-fuzzer-block-scope-0646405d6bb2.js [4253/10000] status=ok obs=a97da629b098 coverage=+0/32/38 time=2ms
  RUN js-fuzzer-loop-f495ca2fc638.js [4254/10000] md5=f495ca2fc6389f933578fc501f5b1465 bytes=81 template=loop origin=seed:tests/corpus/syntax/template-array-destructure.test.js
 PASS js-fuzzer-loop-f495ca2fc638.js [4254/10000] status=ok obs=c4ca4238a0b9 coverage=+0/32/38 time=1ms
  RUN js-fuzzer-try-catch-f457fe0c144d.js [4255/10000] md5=f457fe0c144d86e31ce7ae86f7f5c357 bytes=110 template=try-catch origin=seed:tests/corpus/syntax/typescript-assertions.test.ts
 PASS js-fuzzer-try-catch-f457fe0c144d.js [4255/10000] status=ok obs=67c6a1e7ce56 coverage=+0/32/38 time=2ms
  RUN js-fuzzer-class-a9875f561daf.js [4256/10000] md5=a9875f561daf181d949c68fc070db0e0 bytes=101 template=class origin=seed:tests/corpus/syntax/typescript-non-null-satisfies.test.ts
 PASS js-fuzzer-class-a9875f561daf.js [4256/10000] status=ok obs=aab3238922bc coverage=+0/32/38 time=2ms
  RUN js-fuzzer-boundary-235131a2d0d1.js [4257/10000] md5=235131a2d0d184afe9327ca3bd456dde bytes=129 template=boundary origin=boundary:-9007199254740991
 PASS js-fuzzer-boundary-235131a2d0d1.js [4257/10000] status=ok obs=b3f3a95848f6 coverage=+0/32/38 time=1ms
  RUN js-fuzzer-corpus-ab8ca4f8757c.js [4258/10000] md5=ab8ca4f8757c6165b29cd6a662edad93 bytes=450 template=corpus origin=tests/corpus/fixtures/state-machine-workflow.test.js
 PASS js-fuzzer-corpus-ab8ca4f8757c.js [4258/10000] status=ok obs=b9f49c580664 coverage=+0/32/38 time=2ms
  RUN js-fuzzer-array-object-80c2d7a757ee.js [4259/10000] md5=80c2d7a757ee62fd1568761ff26cfa39 bytes=133 template=array-object origin=seed:tests/corpus/fixtures/vue-script-workflow.test.vue
 PASS js-fuzzer-array-object-80c2d7a757ee.js [4259/10000] status=ok obs=c20ad4d76fe9 coverage=+0/32/38 time=2ms
  RUN js-fuzzer-closure-46c0df446262.js [4260/10000] md5=46c0df446262ff8cd9766c9447c0270b bytes=185 template=closure origin=seed:tests/corpus/obfuscation/constant-tag-mix.test.js
 PASS js-fuzzer-closure-46c0df446262.js [4260/10000] status=ok obs=14bfa6bb1487 coverage=+0/32/38 time=1ms
  RUN js-fuzzer-block-scope-eeb07e4712f5.js [4261/10000] md5=eeb07e4712f5b491c95d1d46d689b778 bytes=114 template=block-scope origin=seed:tests/corpus/obfuscation/extern-slot-permutation.test.js
 PASS js-fuzzer-block-scope-eeb07e4712f5.js [4261/10000] status=ok obs=6974ce5ac660 coverage=+0/32/38 time=2ms
  RUN js-fuzzer-loop-f495ca2fc638.js [4262/10000] md5=f495ca2fc6389f933578fc501f5b1465 bytes=81 template=loop origin=seed:tests/corpus/obfuscation/externs-console.test.js
 PASS js-fuzzer-loop-f495ca2fc638.js [4262/10000] status=ok obs=c4ca4238a0b9 coverage=+0/32/38 time=2ms
  RUN js-fuzzer-try-catch-7b36a94abb6d.js [4263/10000] md5=7b36a94abb6ddf002e9dd3f3d3a0cea5 bytes=110 template=try-catch origin=seed:tests/corpus/obfuscation/seed-sensitive-functions.test.js
 PASS js-fuzzer-try-catch-7b36a94abb6d.js [4263/10000] status=ok obs=37693cfc7480 coverage=+0/32/38 time=2ms
  RUN js-fuzzer-boundary-512d8e9b531d.js [4264/10000] md5=512d8e9b531dd316e823325cc949e70e bytes=123 template=boundary origin=boundary:-2147483648
 PASS js-fuzzer-boundary-512d8e9b531d.js [4264/10000] status=ok obs=034ff5946105 coverage=+0/32/38 time=1ms
  RUN js-fuzzer-arithmetic-8687147c2b86.js [4265/10000] md5=8687147c2b86b1ab621efacb80afb00e bytes=83 template=arithmetic origin=seed:tests/corpus/regressions/multiple-functions-fib-add.test.js
 PASS js-fuzzer-arithmetic-8687147c2b86.js [4265/10000] status=ok obs=d2ddea18f006 coverage=+0/32/38 time=2ms
  RUN js-fuzzer-function-1bdd3cdc8039.js [4266/10000] md5=1bdd3cdc8039303572ffd714360b1f25 bytes=153 template=function origin=seed:tests/corpus/regressions/scope-compressed-closure-params.test.js
 PASS js-fuzzer-function-1bdd3cdc8039.js [4266/10000] status=ok obs=37693cfc7480 coverage=+0/32/38 time=2ms
  RUN js-fuzzer-corpus-a07012429fce.js [4267/10000] md5=a07012429fce4b4d7c8af42f445f70b9 bytes=163 template=corpus origin=tests/corpus/runtime/arrays-objects-methods.test.js
 PASS js-fuzzer-corpus-a07012429fce.js [4267/10000] status=ok obs=c51ce410c124 coverage=+0/32/38 time=2ms
  RUN js-fuzzer-closure-684c58a706f8.js [4268/10000] md5=684c58a706f826b3d6b631cbc9c662ad bytes=183 template=closure origin=seed:tests/corpus/runtime/block-scopes.test.js
 PASS js-fuzzer-closure-684c58a706f8.js [4268/10000] status=ok obs=c51ce410c124 coverage=+0/32/38 time=1ms
  RUN js-fuzzer-block-scope-c0d3e0044de4.js [4269/10000] md5=c0d3e0044de4095924c3679950dbac2a bytes=114 template=block-scope origin=seed:tests/corpus/runtime/class-fields-static-methods.test.js
 PASS js-fuzzer-block-scope-c0d3e0044de4.js [4269/10000] status=ok obs=ec8956637a99 coverage=+0/32/38 time=2ms
  RUN js-fuzzer-loop-b88258462a8d.js [4270/10000] md5=b88258462a8d880f8b0e459fa23b2536 bytes=81 template=loop origin=seed:tests/corpus/runtime/classes-and-objects.test.js
 PASS js-fuzzer-loop-b88258462a8d.js [4270/10000] status=ok obs=3c59dc048e88 coverage=+0/32/38 time=1ms
  RUN js-fuzzer-boundary-92df4f5b559a.js [4271/10000] md5=92df4f5b559a550058b4133ffb629932 bytes=114 template=boundary origin=boundary:-2
 PASS js-fuzzer-boundary-92df4f5b559a.js [4271/10000] status=ok obs=5d7b9adcbe1c coverage=+0/32/38 time=2ms
  RUN js-fuzzer-class-c0844991889f.js [4272/10000] md5=c0844991889f03308712cd6bc6b7c31c bytes=101 template=class origin=seed:tests/corpus/runtime/closures-read-captured-values.test.js
 PASS js-fuzzer-class-c0844991889f.js [4272/10000] status=ok obs=70efdf2ec9b0 coverage=+0/32/38 time=2ms
  RUN js-fuzzer-arithmetic-7a96ec52d892.js [4273/10000] md5=7a96ec52d8923c9f216738ef4a578e07 bytes=83 template=arithmetic origin=seed:tests/corpus/runtime/exceptions-and-nullish.test.js
 PASS js-fuzzer-arithmetic-7a96ec52d892.js [4273/10000] status=ok obs=32bb90e8976a coverage=+0/32/38 time=1ms
  RUN js-fuzzer-function-84b6f0564867.js [4274/10000] md5=84b6f05648673d1e7da8df04c8cbab23 bytes=153 template=function origin=seed:tests/corpus/runtime/functions-closures-and-arrows.test.js
 PASS js-fuzzer-function-84b6f0564867.js [4274/10000] status=ok obs=c74d97b01eae coverage=+0/32/38 time=2ms
  RUN js-fuzzer-array-object-ffe7cda8457c.js [4275/10000] md5=ffe7cda8457c568c09bf585bcc77b85a bytes=133 template=array-object origin=seed:tests/corpus/runtime/lexical-shadowing.test.js
 PASS js-fuzzer-array-object-ffe7cda8457c.js [4275/10000] status=ok obs=6f4922f45568 coverage=+0/32/38 time=2ms
  RUN js-fuzzer-corpus-4131d841163b.js [4276/10000] md5=4131d841163b79e192bca9d4fc683c54 bytes=58 template=corpus origin=tests/corpus/runtime/modules-export.test.js
 PASS js-fuzzer-corpus-4131d841163b.js [4276/10000] status=ok obs=8f14e45fceea coverage=+0/32/38 time=1ms
  RUN js-fuzzer-block-scope-521b3e3723d2.js [4277/10000] md5=521b3e3723d2c6d75529bfe53ce67ca8 bytes=114 template=block-scope origin=seed:tests/corpus/runtime/nested-try-finally.test.js
 PASS js-fuzzer-block-scope-521b3e3723d2.js [4277/10000] status=ok obs=ec8956637a99 coverage=+0/32/38 time=2ms
  RUN js-fuzzer-boundary-61a9a82f5f08.js [4278/10000] md5=61a9a82f5f08bc177f13c805ba785d7d bytes=114 template=boundary origin=boundary:-1
 PASS js-fuzzer-boundary-61a9a82f5f08.js [4278/10000] status=ok obs=6bb61e3b7bce coverage=+0/32/38 time=2ms
  RUN js-fuzzer-try-catch-949865ef2d04.js [4279/10000] md5=949865ef2d045cce3ed2d503f7e03e63 bytes=110 template=try-catch origin=seed:tests/corpus/syntax/logical-unary-nullish.test.js
 PASS js-fuzzer-try-catch-949865ef2d04.js [4279/10000] status=ok obs=6f4922f45568 coverage=+0/32/38 time=1ms
  RUN js-fuzzer-class-587587295e00.js [4280/10000] md5=587587295e0075a0a19c4572e53274fe bytes=101 template=class origin=seed:tests/corpus/syntax/object-destructure-and-members.test.js
 PASS js-fuzzer-class-587587295e00.js [4280/10000] status=ok obs=1f0e3dad9990 coverage=+0/32/38 time=2ms
  RUN js-fuzzer-arithmetic-6da0233b52cc.js [4281/10000] md5=6da0233b52cc4fa9c06c5b353a914bb4 bytes=83 template=arithmetic origin=seed:tests/corpus/syntax/switch-do-while-sequence.test.js
 PASS js-fuzzer-arithmetic-6da0233b52cc.js [4281/10000] status=ok obs=45c48cce2e2d coverage=+0/32/38 time=1ms
  RUN js-fuzzer-function-3c5d7cd75696.js [4282/10000] md5=3c5d7cd75696cd405bd2fe4a10121d7f bytes=153 template=function origin=seed:tests/corpus/syntax/template-array-destructure.test.js
 PASS js-fuzzer-function-3c5d7cd75696.js [4282/10000] status=ok obs=c20ad4d76fe9 coverage=+0/32/38 time=2ms
  RUN js-fuzzer-array-object-1e8aad05863e.js [4283/10000] md5=1e8aad05863ee5fafb314f385ceba6f7 bytes=133 template=array-object origin=seed:tests/corpus/syntax/typescript-assertions.test.ts
 PASS js-fuzzer-array-object-1e8aad05863e.js [4283/10000] status=ok obs=d3d9446802a4 coverage=+0/32/38 time=2ms
  RUN js-fuzzer-closure-f67d9c6560b8.js [4284/10000] md5=f67d9c6560b814d652eec5231ed9b926 bytes=184 template=closure origin=seed:tests/corpus/syntax/typescript-non-null-satisfies.test.ts
 PASS js-fuzzer-closure-f67d9c6560b8.js [4284/10000] status=ok obs=b53b3a3d6ab9 coverage=+0/32/38 time=2ms
  RUN js-fuzzer-corpus-797f152bf878.js [4285/10000] md5=797f152bf878d5049066c6db6d2360b3 bytes=355 template=corpus origin=tests/corpus/fixtures/job-workflow.test.js
 PASS js-fuzzer-corpus-797f152bf878.js [4285/10000] status=ok obs=b9de0628c8ec coverage=+0/32/38 time=2ms
  RUN js-fuzzer-loop-55c7c905bffb.js [4286/10000] md5=55c7c905bffb4bbbc4c8fb9b91df6ad8 bytes=81 template=loop origin=seed:tests/corpus/fixtures/state-machine-workflow.test.js
 PASS js-fuzzer-loop-55c7c905bffb.js [4286/10000] status=ok obs=eccbc87e4b5c coverage=+0/32/38 time=1ms
  RUN js-fuzzer-try-catch-83aeb7d5f114.js [4287/10000] md5=83aeb7d5f114f448e90b2f3e31e7a7e9 bytes=110 template=try-catch origin=seed:tests/corpus/fixtures/vue-script-workflow.test.vue
 PASS js-fuzzer-try-catch-83aeb7d5f114.js [4287/10000] status=ok obs=e369853df766 coverage=+0/32/38 time=2ms
  RUN js-fuzzer-class-3b630e2d834a.js [4288/10000] md5=3b630e2d834a95a01ee75571f8bc0075 bytes=101 template=class origin=seed:tests/corpus/obfuscation/constant-tag-mix.test.js
 PASS js-fuzzer-class-3b630e2d834a.js [4288/10000] status=ok obs=6512bd43d9ca coverage=+0/32/38 time=1ms
  RUN js-fuzzer-arithmetic-0ed51f515a7e.js [4289/10000] md5=0ed51f515a7e9ffe200ffdca29fac2d5 bytes=84 template=arithmetic origin=seed:tests/corpus/obfuscation/extern-slot-permutation.test.js
 PASS js-fuzzer-arithmetic-0ed51f515a7e.js [4289/10000] status=ok obs=9f61408e3afb coverage=+0/32/38 time=2ms
  RUN js-fuzzer-function-59a47c73ec30.js [4290/10000] md5=59a47c73ec3039d5b72e8af0d1e410de bytes=153 template=function origin=seed:tests/corpus/obfuscation/externs-console.test.js
 PASS js-fuzzer-function-59a47c73ec30.js [4290/10000] status=ok obs=8f14e45fceea coverage=+0/32/38 time=2ms
  RUN js-fuzzer-array-object-490cb9a48586.js [4291/10000] md5=490cb9a485860ef3e560f95a28811643 bytes=133 template=array-object origin=seed:tests/corpus/obfuscation/seed-sensitive-functions.test.js
 PASS js-fuzzer-array-object-490cb9a48586.js [4291/10000] status=ok obs=c51ce410c124 coverage=+0/32/38 time=1ms
  RUN js-fuzzer-boundary-2b35f90895ea.js [4292/10000] md5=2b35f90895ea85111e562e627044f919 bytes=128 template=boundary origin=boundary:9007199254740991
 PASS js-fuzzer-boundary-2b35f90895ea.js [4292/10000] status=ok obs=8bfa9ad090fb coverage=+0/32/38 time=2ms
  RUN js-fuzzer-block-scope-dd775aeac8f1.js [4293/10000] md5=dd775aeac8f18856b3fce010ac95c164 bytes=114 template=block-scope origin=seed:tests/corpus/regressions/multiple-functions-fib-add.test.js
 PASS js-fuzzer-block-scope-dd775aeac8f1.js [4293/10000] status=ok obs=a3c65c297427 coverage=+0/32/38 time=2ms
  RUN js-fuzzer-corpus-c28cfb056309.js [4294/10000] md5=c28cfb056309f2a77f8bd9756b123c54 bytes=147 template=corpus origin=tests/corpus/regressions/scope-compressed-closure-params.test.js
 PASS js-fuzzer-corpus-c28cfb056309.js [4294/10000] status=ok obs=c51ce410c124 coverage=+0/32/38 time=1ms
  RUN js-fuzzer-try-catch-a173285175b8.js [4295/10000] md5=a173285175b813cddca62eb427efafd5 bytes=110 template=try-catch origin=seed:tests/corpus/runtime/arrays-objects-methods.test.js
 PASS js-fuzzer-try-catch-a173285175b8.js [4295/10000] status=ok obs=9a1158154dfa coverage=+0/32/38 time=2ms
  RUN js-fuzzer-class-6736c24444bc.js [4296/10000] md5=6736c24444bc6ff151b05a9a974ae4d5 bytes=100 template=class origin=seed:tests/corpus/runtime/block-scopes.test.js
 PASS js-fuzzer-class-6736c24444bc.js [4296/10000] status=ok obs=45c48cce2e2d coverage=+0/32/38 time=1ms
  RUN js-fuzzer-arithmetic-cc767674a263.js [4297/10000] md5=cc767674a263be6d3d9509242fbd6743 bytes=85 template=arithmetic origin=seed:tests/corpus/runtime/class-fields-static-methods.test.js
 PASS js-fuzzer-arithmetic-cc767674a263.js [4297/10000] status=ok obs=045117b0e0a1 coverage=+0/32/38 time=2ms
  RUN js-fuzzer-function-cb7d7d91d83d.js [4298/10000] md5=cb7d7d91d83d165500656240f14cd1fc bytes=153 template=function origin=seed:tests/corpus/runtime/classes-and-objects.test.js
 PASS js-fuzzer-function-cb7d7d91d83d.js [4298/10000] status=ok obs=8f14e45fceea coverage=+0/32/38 time=2ms
  RUN js-fuzzer-boundary-ac080ee0add8.js [4299/10000] md5=ac080ee0add8a3967f40d078a13e076b bytes=122 template=boundary origin=boundary:2147483647
 PASS js-fuzzer-boundary-ac080ee0add8.js [4299/10000] status=ok obs=c588c0a459f4 coverage=+0/32/38 time=1ms
  RUN js-fuzzer-closure-7543c9306756.js [4300/10000] md5=7543c9306756628f766a698814da0bbc bytes=184 template=closure origin=seed:tests/corpus/runtime/closures-read-captured-values.test.js
 PASS js-fuzzer-closure-7543c9306756.js [4300/10000] status=ok obs=72b32a1f754b coverage=+0/32/38 time=2ms
  RUN js-fuzzer-block-scope-fdb149116902.js [4301/10000] md5=fdb14911690224a339347d7ee6dc6351 bytes=114 template=block-scope origin=seed:tests/corpus/runtime/exceptions-and-nullish.test.js
 PASS js-fuzzer-block-scope-fdb149116902.js [4301/10000] status=ok obs=f0935e4cd592 coverage=+0/32/38 time=1ms
  RUN js-fuzzer-loop-b88258462a8d.js [4302/10000] md5=b88258462a8d880f8b0e459fa23b2536 bytes=81 template=loop origin=seed:tests/corpus/runtime/functions-closures-and-arrows.test.js
 PASS js-fuzzer-loop-b88258462a8d.js [4302/10000] status=ok obs=3c59dc048e88 coverage=+0/32/38 time=2ms
  RUN js-fuzzer-corpus-463d4dee8a1f.js [4303/10000] md5=463d4dee8a1f930fa8af57a704cacf3e bytes=232 template=corpus origin=tests/corpus/runtime/lexical-shadowing.test.js
 PASS js-fuzzer-corpus-463d4dee8a1f.js [4303/10000] status=ok obs=c51ce410c124 coverage=+0/32/38 time=2ms
  RUN js-fuzzer-class-587587295e00.js [4304/10000] md5=587587295e0075a0a19c4572e53274fe bytes=101 template=class origin=seed:tests/corpus/runtime/modules-export.test.js
 PASS js-fuzzer-class-587587295e00.js [4304/10000] status=ok obs=1f0e3dad9990 coverage=+0/32/38 time=1ms
  RUN js-fuzzer-arithmetic-e21e38f6914c.js [4305/10000] md5=e21e38f6914c952d747b2db89afba024 bytes=83 template=arithmetic origin=seed:tests/corpus/runtime/nested-try-finally.test.js
 PASS js-fuzzer-arithmetic-e21e38f6914c.js [4305/10000] status=ok obs=c16a5320fa47 coverage=+0/32/38 time=2ms
  RUN js-fuzzer-boundary-14a05a816d97.js [4306/10000] md5=14a05a816d975afa7654eb06610350d0 bytes=113 template=boundary origin=boundary:2
 PASS js-fuzzer-boundary-14a05a816d97.js [4306/10000] status=ok obs=c81e728d9d4c coverage=+0/32/38 time=1ms
  RUN js-fuzzer-array-object-6faebef5c698.js [4307/10000] md5=6faebef5c6986d5545ac861adf4d82fa bytes=133 template=array-object origin=seed:tests/corpus/syntax/logical-unary-nullish.test.js
 PASS js-fuzzer-array-object-6faebef5c698.js [4307/10000] status=ok obs=c74d97b01eae coverage=+0/32/38 time=2ms
  RUN js-fuzzer-closure-96763299b510.js [4308/10000] md5=96763299b51016dadfa0705e605fb542 bytes=184 template=closure origin=seed:tests/corpus/syntax/object-destructure-and-members.test.js
 PASS js-fuzzer-closure-96763299b510.js [4308/10000] status=ok obs=d67d8ab4f4c1 coverage=+0/32/38 time=2ms
  RUN js-fuzzer-block-scope-ab0f2499d1e3.js [4309/10000] md5=ab0f2499d1e3e85809685eebdc3d745d bytes=114 template=block-scope origin=seed:tests/corpus/syntax/switch-do-while-sequence.test.js
 PASS js-fuzzer-block-scope-ab0f2499d1e3.js [4309/10000] status=ok obs=a3c65c297427 coverage=+0/32/38 time=1ms
  RUN js-fuzzer-loop-54e460cecf5c.js [4310/10000] md5=54e460cecf5c05dfcffaa3b2e5f57445 bytes=81 template=loop origin=seed:tests/corpus/syntax/template-array-destructure.test.js
 PASS js-fuzzer-loop-54e460cecf5c.js [4310/10000] status=ok obs=d3d9446802a4 coverage=+0/32/38 time=2ms
  RUN js-fuzzer-try-catch-b442aa263f12.js [4311/10000] md5=b442aa263f129fb627b483e77db700ad bytes=110 template=try-catch origin=seed:tests/corpus/syntax/typescript-assertions.test.ts
 PASS js-fuzzer-try-catch-b442aa263f12.js [4311/10000] status=ok obs=c20ad4d76fe9 coverage=+0/32/38 time=2ms
  RUN js-fuzzer-corpus-e3eeaea0f8a2.js [4312/10000] md5=e3eeaea0f8a2c5d5b650d4007cf78b4a bytes=104 template=corpus origin=tests/corpus/syntax/typescript-non-null-satisfies.test.ts
 PASS js-fuzzer-corpus-e3eeaea0f8a2.js [4312/10000] status=ok obs=d3d9446802a4 coverage=+0/32/38 time=1ms
  RUN js-fuzzer-boundary-3ca041277ff0.js [4313/10000] md5=3ca041277ff0c3edafc1a1dcaf120940 bytes=113 template=boundary origin=boundary:1
 PASS js-fuzzer-boundary-3ca041277ff0.js [4313/10000] status=ok obs=c4ca4238a0b9 coverage=+0/32/38 time=2ms
  RUN js-fuzzer-function-be199ff518ed.js [4314/10000] md5=be199ff518edad2305aebc8ea703ea8f bytes=153 template=function origin=seed:tests/corpus/fixtures/state-machine-workflow.test.js
 PASS js-fuzzer-function-be199ff518ed.js [4314/10000] status=ok obs=a87ff679a2f3 coverage=+0/32/38 time=2ms
  RUN js-fuzzer-array-object-47f0154f80a6.js [4315/10000] md5=47f0154f80a6ee4997074f5f2a558c08 bytes=133 template=array-object origin=seed:tests/corpus/fixtures/vue-script-workflow.test.vue
 PASS js-fuzzer-array-object-47f0154f80a6.js [4315/10000] status=ok obs=8f14e45fceea coverage=+0/32/38 time=1ms
  RUN js-fuzzer-closure-99f2edf84ece.js [4316/10000] md5=99f2edf84ece2347640637b36f154f70 bytes=184 template=closure origin=seed:tests/corpus/obfuscation/constant-tag-mix.test.js
 PASS js-fuzzer-closure-99f2edf84ece.js [4316/10000] status=ok obs=d67d8ab4f4c1 coverage=+0/32/38 time=2ms
  RUN js-fuzzer-block-scope-0d959b955ab6.js [4317/10000] md5=0d959b955ab696f224dd11a7efe26948 bytes=114 template=block-scope origin=seed:tests/corpus/obfuscation/extern-slot-permutation.test.js
 PASS js-fuzzer-block-scope-0d959b955ab6.js [4317/10000] status=ok obs=65b9eea6e1cc coverage=+0/32/38 time=2ms
  RUN js-fuzzer-loop-b88258462a8d.js [4318/10000] md5=b88258462a8d880f8b0e459fa23b2536 bytes=81 template=loop origin=seed:tests/corpus/obfuscation/externs-console.test.js
 PASS js-fuzzer-loop-b88258462a8d.js [4318/10000] status=ok obs=3c59dc048e88 coverage=+0/32/38 time=1ms
  RUN js-fuzzer-try-catch-02a6aedaa978.js [4319/10000] md5=02a6aedaa97879d59ffd66c80df1d065 bytes=109 template=try-catch origin=seed:tests/corpus/obfuscation/seed-sensitive-functions.test.js
 PASS js-fuzzer-try-catch-02a6aedaa978.js [4319/10000] status=ok obs=e4da3b7fbbce coverage=+0/32/38 time=2ms
  RUN js-fuzzer-boundary-6aec0a9b1ff4.js [4320/10000] md5=6aec0a9b1ff4294bcfecb539ba7e660b bytes=129 template=boundary origin=boundary:-9007199254740991
 PASS js-fuzzer-boundary-6aec0a9b1ff4.js [4320/10000] status=ok obs=b3f3a95848f6 coverage=+0/32/38 time=1ms
  RUN js-fuzzer-corpus-ad9ed8746461.js [4321/10000] md5=ad9ed87464611c6dd81b04b3754c760c bytes=214 template=corpus origin=tests/corpus/regressions/multiple-functions-fib-add.test.js
 PASS js-fuzzer-corpus-ad9ed8746461.js [4321/10000] status=ok obs=3c59dc048e88 coverage=+0/32/38 time=3ms
  RUN js-fuzzer-function-ba7ea055d439.js [4322/10000] md5=ba7ea055d4397ffca213251195491d86 bytes=153 template=function origin=seed:tests/corpus/regressions/scope-compressed-closure-params.test.js
 PASS js-fuzzer-function-ba7ea055d439.js [4322/10000] status=ok obs=8f14e45fceea coverage=+0/32/38 time=1ms
  RUN js-fuzzer-array-object-3e386ab83d45.js [4323/10000] md5=3e386ab83d45e037c1c76db09e1b54a6 bytes=133 template=array-object origin=seed:tests/corpus/runtime/arrays-objects-methods.test.js
 PASS js-fuzzer-array-object-3e386ab83d45.js [4323/10000] status=ok obs=d3d9446802a4 coverage=+0/32/38 time=1ms
  RUN js-fuzzer-closure-459d952b3e03.js [4324/10000] md5=459d952b3e033a62e8d7b60fb60a6e71 bytes=184 template=closure origin=seed:tests/corpus/runtime/block-scopes.test.js
 PASS js-fuzzer-closure-459d952b3e03.js [4324/10000] status=ok obs=6c8349cc7260 coverage=+0/32/38 time=2ms
  RUN js-fuzzer-block-scope-7c7be4c48143.js [4325/10000] md5=7c7be4c48143f09c1581373256ca3a29 bytes=114 template=block-scope origin=seed:tests/corpus/runtime/class-fields-static-methods.test.js
 PASS js-fuzzer-block-scope-7c7be4c48143.js [4325/10000] status=ok obs=ec8956637a99 coverage=+0/32/38 time=1ms
  RUN js-fuzzer-loop-54e460cecf5c.js [4326/10000] md5=54e460cecf5c05dfcffaa3b2e5f57445 bytes=81 template=loop origin=seed:tests/corpus/runtime/classes-and-objects.test.js
 PASS js-fuzzer-loop-54e460cecf5c.js [4326/10000] status=ok obs=d3d9446802a4 coverage=+0/32/38 time=2ms
  RUN js-fuzzer-boundary-4b8e58e2bd3b.js [4327/10000] md5=4b8e58e2bd3bc437f093fe0ab13ce109 bytes=123 template=boundary origin=boundary:-2147483648
 PASS js-fuzzer-boundary-4b8e58e2bd3b.js [4327/10000] status=ok obs=034ff5946105 coverage=+0/32/38 time=2ms
  RUN js-fuzzer-class-c6bbe0a63455.js [4328/10000] md5=c6bbe0a634559d18fa82cf0c9a421610 bytes=100 template=class origin=seed:tests/corpus/runtime/closures-read-captured-values.test.js
 PASS js-fuzzer-class-c6bbe0a63455.js [4328/10000] status=ok obs=1679091c5a88 coverage=+0/32/38 time=1ms
  RUN js-fuzzer-arithmetic-7a26e42bf333.js [4329/10000] md5=7a26e42bf333a66822db4499d07b1ed2 bytes=83 template=arithmetic origin=seed:tests/corpus/runtime/exceptions-and-nullish.test.js
 PASS js-fuzzer-arithmetic-7a26e42bf333.js [4329/10000] status=ok obs=e369853df766 coverage=+0/32/38 time=2ms
  RUN js-fuzzer-corpus-72746d071c58.js [4330/10000] md5=72746d071c58fadd9399bc8934c30553 bytes=197 template=corpus origin=tests/corpus/runtime/functions-closures-and-arrows.test.js
 PASS js-fuzzer-corpus-72746d071c58.js [4330/10000] status=ok obs=c74d97b01eae coverage=+0/32/38 time=1ms
  RUN js-fuzzer-array-object-c737418f6507.js [4331/10000] md5=c737418f6507e6f6a74934bf56192736 bytes=133 template=array-object origin=seed:tests/corpus/runtime/lexical-shadowing.test.js
 PASS js-fuzzer-array-object-c737418f6507.js [4331/10000] status=ok obs=d3d9446802a4 coverage=+0/32/38 time=2ms
  RUN js-fuzzer-closure-d4abc409419d.js [4332/10000] md5=d4abc409419d71f9de5c631a353fb9a6 bytes=184 template=closure origin=seed:tests/corpus/runtime/modules-export.test.js
 PASS js-fuzzer-closure-d4abc409419d.js [4332/10000] status=ok obs=67c6a1e7ce56 coverage=+0/32/38 time=2ms
  RUN js-fuzzer-block-scope-17e58dbd255d.js [4333/10000] md5=17e58dbd255d5d20dba9bd2d8839fd75 bytes=114 template=block-scope origin=seed:tests/corpus/runtime/nested-try-finally.test.js
 PASS js-fuzzer-block-scope-17e58dbd255d.js [4333/10000] status=ok obs=f0935e4cd592 coverage=+0/32/38 time=2ms
  RUN js-fuzzer-boundary-db03eeac3914.js [4334/10000] md5=db03eeac3914e8f0a7bfea9eefe9f0de bytes=114 template=boundary origin=boundary:-2
 PASS js-fuzzer-boundary-db03eeac3914.js [4334/10000] status=ok obs=5d7b9adcbe1c coverage=+0/32/38 time=1ms
  RUN js-fuzzer-try-catch-49469dc3bbde.js [4335/10000] md5=49469dc3bbdee70291dead76d4352702 bytes=109 template=try-catch origin=seed:tests/corpus/syntax/logical-unary-nullish.test.js
 PASS js-fuzzer-try-catch-49469dc3bbde.js [4335/10000] status=ok obs=d3d9446802a4 coverage=+0/32/38 time=2ms
  RUN js-fuzzer-class-c6bbe0a63455.js [4336/10000] md5=c6bbe0a634559d18fa82cf0c9a421610 bytes=100 template=class origin=seed:tests/corpus/syntax/object-destructure-and-members.test.js
 PASS js-fuzzer-class-c6bbe0a63455.js [4336/10000] status=ok obs=1679091c5a88 coverage=+0/32/38 time=1ms
  RUN js-fuzzer-arithmetic-fff2e44c3362.js [4337/10000] md5=fff2e44c3362f610a44cfa84c9fdc685 bytes=84 template=arithmetic origin=seed:tests/corpus/syntax/switch-do-while-sequence.test.js
 PASS js-fuzzer-arithmetic-fff2e44c3362.js [4337/10000] status=ok obs=37a749d808e4 coverage=+0/32/38 time=2ms
  RUN js-fuzzer-function-ced1d0daab2e.js [4338/10000] md5=ced1d0daab2e23fdcfec672d899d9739 bytes=153 template=function origin=seed:tests/corpus/syntax/template-array-destructure.test.js
 PASS js-fuzzer-function-ced1d0daab2e.js [4338/10000] status=ok obs=8e296a067a37 coverage=+0/32/38 time=2ms
  RUN js-fuzzer-corpus-57a83a4b020d.js [4339/10000] md5=57a83a4b020d4b85b42b0a3709f283ad bytes=130 template=corpus origin=tests/corpus/syntax/typescript-assertions.test.ts
 PASS js-fuzzer-corpus-57a83a4b020d.js [4339/10000] status=ok obs=45c48cce2e2d coverage=+0/32/38 time=2ms
  RUN js-fuzzer-closure-c2fc9aa17831.js [4340/10000] md5=c2fc9aa178311eef6e456c40fbda7608 bytes=184 template=closure origin=seed:tests/corpus/syntax/typescript-non-null-satisfies.test.ts
 PASS js-fuzzer-closure-c2fc9aa17831.js [4340/10000] status=ok obs=67c6a1e7ce56 coverage=+0/32/38 time=1ms
  RUN js-fuzzer-boundary-7f379f781f4f.js [4341/10000] md5=7f379f781f4f9844733fb0f4c5d8aa15 bytes=114 template=boundary origin=boundary:-1
 PASS js-fuzzer-boundary-7f379f781f4f.js [4341/10000] status=ok obs=6bb61e3b7bce coverage=+0/32/38 time=2ms
  RUN js-fuzzer-loop-f495ca2fc638.js [4342/10000] md5=f495ca2fc6389f933578fc501f5b1465 bytes=81 template=loop origin=seed:tests/corpus/fixtures/state-machine-workflow.test.js
 PASS js-fuzzer-loop-f495ca2fc638.js [4342/10000] status=ok obs=c4ca4238a0b9 coverage=+0/32/38 time=2ms
  RUN js-fuzzer-try-catch-56393ff77182.js [4343/10000] md5=56393ff771824d567a8911f280bf7f9d bytes=110 template=try-catch origin=seed:tests/corpus/fixtures/vue-script-workflow.test.vue
 PASS js-fuzzer-try-catch-56393ff77182.js [4343/10000] status=ok obs=4e732ced3463 coverage=+0/32/38 time=1ms
  RUN js-fuzzer-class-47fbd3db5853.js [4344/10000] md5=47fbd3db58539fc2e42627a4f3168c79 bytes=101 template=class origin=seed:tests/corpus/obfuscation/constant-tag-mix.test.js
 PASS js-fuzzer-class-47fbd3db5853.js [4344/10000] status=ok obs=98f137082101 coverage=+0/32/38 time=2ms
  RUN js-fuzzer-arithmetic-c78e3537ddfe.js [4345/10000] md5=c78e3537ddfedad2f18e86b693a1b21d bytes=85 template=arithmetic origin=seed:tests/corpus/obfuscation/extern-slot-permutation.test.js
 PASS js-fuzzer-arithmetic-c78e3537ddfe.js [4345/10000] status=ok obs=8e296a067a37 coverage=+0/32/38 time=1ms
  RUN js-fuzzer-function-98e8c4d5dcc0.js [4346/10000] md5=98e8c4d5dcc095fbcedf7527b98fd4fe bytes=153 template=function origin=seed:tests/corpus/obfuscation/externs-console.test.js
 PASS js-fuzzer-function-98e8c4d5dcc0.js [4346/10000] status=ok obs=c9f0f895fb98 coverage=+0/32/38 time=1ms
  RUN js-fuzzer-array-object-647c5351bc8e.js [4347/10000] md5=647c5351bc8e93182aacf634cac476c4 bytes=133 template=array-object origin=seed:tests/corpus/obfuscation/seed-sensitive-functions.test.js
 PASS js-fuzzer-array-object-647c5351bc8e.js [4347/10000] status=ok obs=c20ad4d76fe9 coverage=+0/32/38 time=2ms
  RUN js-fuzzer-corpus-79643e915862.js [4348/10000] md5=79643e91586251700d34c0c65a0220da bytes=89 template=corpus origin=tests/corpus/regressions/destructuring-lowers-to-member.test.js
 PASS js-fuzzer-corpus-79643e915862.js [4348/10000] status=ok obs=eccbc87e4b5c coverage=+0/32/38 time=1ms
  RUN js-fuzzer-block-scope-041ad61d2adf.js [4349/10000] md5=041ad61d2adf327a5cb0cee5a2d4512d bytes=114 template=block-scope origin=seed:tests/corpus/regressions/multiple-functions-fib-add.test.js
 PASS js-fuzzer-block-scope-041ad61d2adf.js [4349/10000] status=ok obs=65b9eea6e1cc coverage=+0/32/38 time=1ms
  RUN js-fuzzer-loop-bbf1d7a15d8d.js [4350/10000] md5=bbf1d7a15d8dd015402d75c0e0108b5f bytes=81 template=loop origin=seed:tests/corpus/regressions/scope-compressed-closure-params.test.js
 PASS js-fuzzer-loop-bbf1d7a15d8d.js [4350/10000] status=ok obs=1679091c5a88 coverage=+0/32/38 time=2ms
  RUN js-fuzzer-try-catch-18b0b31fe014.js [4351/10000] md5=18b0b31fe014e787990869dd8a5ff18b bytes=110 template=try-catch origin=seed:tests/corpus/runtime/arrays-objects-methods.test.js
 PASS js-fuzzer-try-catch-18b0b31fe014.js [4351/10000] status=ok obs=aab3238922bc coverage=+0/32/38 time=1ms
  RUN js-fuzzer-class-b1e3642c0208.js [4352/10000] md5=b1e3642c0208992266fb21668a536292 bytes=100 template=class origin=seed:tests/corpus/runtime/block-scopes.test.js
 PASS js-fuzzer-class-b1e3642c0208.js [4352/10000] status=ok obs=c9f0f895fb98 coverage=+0/32/38 time=2ms
  RUN js-fuzzer-arithmetic-e2e5b9376898.js [4353/10000] md5=e2e5b937689836726236cc1e58a98404 bytes=83 template=arithmetic origin=seed:tests/corpus/runtime/class-fields-static-methods.test.js
 PASS js-fuzzer-arithmetic-e2e5b9376898.js [4353/10000] status=ok obs=8613985ec49e coverage=+0/32/38 time=2ms
  RUN js-fuzzer-function-c472354a037a.js [4354/10000] md5=c472354a037a48d197cd60b4e04af6e0 bytes=153 template=function origin=seed:tests/corpus/runtime/classes-and-objects.test.js
 PASS js-fuzzer-function-c472354a037a.js [4354/10000] status=ok obs=02e74f10e032 coverage=+0/32/38 time=2ms
  RUN js-fuzzer-boundary-6330cdecf02f.js [4355/10000] md5=6330cdecf02f68328876d88213acc2ac bytes=128 template=boundary origin=boundary:9007199254740991
 PASS js-fuzzer-boundary-6330cdecf02f.js [4355/10000] status=ok obs=8bfa9ad090fb coverage=+0/32/38 time=1ms
  RUN js-fuzzer-closure-568d55d4bf17.js [4356/10000] md5=568d55d4bf1786fac40e15100031150c bytes=185 template=closure origin=seed:tests/corpus/runtime/closures-read-captured-values.test.js
 PASS js-fuzzer-closure-568d55d4bf17.js [4356/10000] status=ok obs=67c6a1e7ce56 coverage=+0/32/38 time=2ms
  RUN js-fuzzer-corpus-cf8fb96e8476.js [4357/10000] md5=cf8fb96e8476c262b73583c86dd80821 bytes=178 template=corpus origin=tests/corpus/runtime/exceptions-and-nullish.test.js
 PASS js-fuzzer-corpus-cf8fb96e8476.js [4357/10000] status=ok obs=24ed5e8718fc coverage=+0/32/38 time=2ms
  RUN js-fuzzer-loop-b88258462a8d.js [4358/10000] md5=b88258462a8d880f8b0e459fa23b2536 bytes=81 template=loop origin=seed:tests/corpus/runtime/functions-closures-and-arrows.test.js
 PASS js-fuzzer-loop-b88258462a8d.js [4358/10000] status=ok obs=3c59dc048e88 coverage=+0/32/38 time=1ms
  RUN js-fuzzer-try-catch-676dafc46859.js [4359/10000] md5=676dafc4685905581f3925e95c53669f bytes=110 template=try-catch origin=seed:tests/corpus/runtime/lexical-shadowing.test.js
 PASS js-fuzzer-try-catch-676dafc46859.js [4359/10000] status=ok obs=a5771bce93e2 coverage=+0/32/38 time=2ms
  RUN js-fuzzer-class-d2b3669b495d.js [4360/10000] md5=d2b3669b495dd4792f9e1509f2bbf8a7 bytes=100 template=class origin=seed:tests/corpus/runtime/modules-export.test.js
 PASS js-fuzzer-class-d2b3669b495d.js [4360/10000] status=ok obs=eccbc87e4b5c coverage=+0/32/38 time=2ms
  RUN js-fuzzer-arithmetic-7131a6551601.js [4361/10000] md5=7131a655160100eb7bcd919e6df1b2f3 bytes=83 template=arithmetic origin=seed:tests/corpus/runtime/nested-try-finally.test.js
 PASS js-fuzzer-arithmetic-7131a6551601.js [4361/10000] status=ok obs=72b32a1f754b coverage=+0/32/38 time=1ms
  RUN js-fuzzer-boundary-86f8354fc6fd.js [4362/10000] md5=86f8354fc6fd092b05683bbf230dc769 bytes=122 template=boundary origin=boundary:2147483647
 PASS js-fuzzer-boundary-86f8354fc6fd.js [4362/10000] status=ok obs=c588c0a459f4 coverage=+0/32/38 time=2ms
  RUN js-fuzzer-array-object-62ff77fac8f5.js [4363/10000] md5=62ff77fac8f5cef576451745011cfcdd bytes=133 template=array-object origin=seed:tests/corpus/syntax/logical-unary-nullish.test.js
 PASS js-fuzzer-array-object-62ff77fac8f5.js [4363/10000] status=ok obs=8f14e45fceea coverage=+0/32/38 time=2ms
  RUN js-fuzzer-closure-f67d9c6560b8.js [4364/10000] md5=f67d9c6560b814d652eec5231ed9b926 bytes=184 template=closure origin=seed:tests/corpus/syntax/object-destructure-and-members.test.js
 PASS js-fuzzer-closure-f67d9c6560b8.js [4364/10000] status=ok obs=b53b3a3d6ab9 coverage=+0/32/38 time=2ms
  RUN js-fuzzer-block-scope-8b79233a7c16.js [4365/10000] md5=8b79233a7c166fb0d6cb362ea16c5af0 bytes=114 template=block-scope origin=seed:tests/corpus/syntax/switch-do-while-sequence.test.js
 PASS js-fuzzer-block-scope-8b79233a7c16.js [4365/10000] status=ok obs=2723d092b638 coverage=+0/32/38 time=1ms
  RUN js-fuzzer-corpus-ff388659a641.js [4366/10000] md5=ff388659a6419d1e6e01ce4e7151a52e bytes=135 template=corpus origin=tests/corpus/syntax/template-array-destructure.test.js
 PASS js-fuzzer-corpus-ff388659a641.js [4366/10000] status=ok obs=f61c9a8be43c coverage=+0/32/38 time=2ms
  RUN js-fuzzer-try-catch-ee30a401530f.js [4367/10000] md5=ee30a401530f819cbc5581e8feb5d305 bytes=110 template=try-catch origin=seed:tests/corpus/syntax/typescript-assertions.test.ts
 PASS js-fuzzer-try-catch-ee30a401530f.js [4367/10000] status=ok obs=182be0c5cdcd coverage=+0/32/38 time=2ms
  RUN js-fuzzer-class-1fb70654253d.js [4368/10000] md5=1fb70654253d944404805630039f463c bytes=101 template=class origin=seed:tests/corpus/syntax/typescript-non-null-satisfies.test.ts
 PASS js-fuzzer-class-1fb70654253d.js [4368/10000] status=ok obs=c51ce410c124 coverage=+0/32/38 time=1ms
  RUN js-fuzzer-boundary-14a05a816d97.js [4369/10000] md5=14a05a816d975afa7654eb06610350d0 bytes=113 template=boundary origin=boundary:2
 PASS js-fuzzer-boundary-14a05a816d97.js [4369/10000] status=ok obs=c81e728d9d4c coverage=+0/32/38 time=2ms
  RUN js-fuzzer-function-4b9684ea9e29.js [4370/10000] md5=4b9684ea9e291ddb6515f98bf0c93905 bytes=153 template=function origin=seed:tests/corpus/fixtures/state-machine-workflow.test.js
 PASS js-fuzzer-function-4b9684ea9e29.js [4370/10000] status=ok obs=eccbc87e4b5c coverage=+0/32/38 time=2ms
  RUN js-fuzzer-array-object-91cd51c19234.js [4371/10000] md5=91cd51c19234ecb8c66cfcb4e85b3f45 bytes=133 template=array-object origin=seed:tests/corpus/fixtures/vue-script-workflow.test.vue
 PASS js-fuzzer-array-object-91cd51c19234.js [4371/10000] status=ok obs=1f0e3dad9990 coverage=+0/32/38 time=1ms
  RUN js-fuzzer-closure-346193d76c08.js [4372/10000] md5=346193d76c081acbdf9227f699ef03bf bytes=184 template=closure origin=seed:tests/corpus/obfuscation/constant-tag-mix.test.js
 PASS js-fuzzer-closure-346193d76c08.js [4372/10000] status=ok obs=735b90b45681 coverage=+0/32/38 time=2ms
  RUN js-fuzzer-block-scope-fe383ce7ccda.js [4373/10000] md5=fe383ce7ccda54bed90aad4ecee0cc01 bytes=114 template=block-scope origin=seed:tests/corpus/obfuscation/extern-slot-permutation.test.js
 PASS js-fuzzer-block-scope-fe383ce7ccda.js [4373/10000] status=ok obs=38b3eff8baf5 coverage=+0/32/38 time=2ms
  RUN js-fuzzer-loop-d35707ad0bf7.js [4374/10000] md5=d35707ad0bf74148f671ad8943998af6 bytes=81 template=loop origin=seed:tests/corpus/obfuscation/externs-console.test.js
 PASS js-fuzzer-loop-d35707ad0bf7.js [4374/10000] status=ok obs=9bf31c7ff062 coverage=+0/32/38 time=1ms
  RUN js-fuzzer-corpus-38ba19d9deb7.js [4375/10000] md5=38ba19d9deb7566cc8a420c27ada3f21 bytes=136 template=corpus origin=tests/corpus/obfuscation/seed-sensitive-functions.test.js
 PASS js-fuzzer-corpus-38ba19d9deb7.js [4375/10000] status=ok obs=a5bfc9e07964 coverage=+0/32/38 time=2ms
  RUN js-fuzzer-boundary-3ca041277ff0.js [4376/10000] md5=3ca041277ff0c3edafc1a1dcaf120940 bytes=113 template=boundary origin=boundary:1
 PASS js-fuzzer-boundary-3ca041277ff0.js [4376/10000] status=ok obs=c4ca4238a0b9 coverage=+0/32/38 time=2ms
  RUN js-fuzzer-arithmetic-54c00ad0d8d9.js [4377/10000] md5=54c00ad0d8d9c05523f1c95668204814 bytes=84 template=arithmetic origin=seed:tests/corpus/regressions/multiple-functions-fib-add.test.js
 PASS js-fuzzer-arithmetic-54c00ad0d8d9.js [4377/10000] status=ok obs=5fd0b37cd7db coverage=+0/32/38 time=1ms
  RUN js-fuzzer-function-ba7ea055d439.js [4378/10000] md5=ba7ea055d4397ffca213251195491d86 bytes=153 template=function origin=seed:tests/corpus/regressions/scope-compressed-closure-params.test.js
 PASS js-fuzzer-function-ba7ea055d439.js [4378/10000] status=ok obs=8f14e45fceea coverage=+0/32/38 time=2ms
  RUN js-fuzzer-array-object-ad400b8257c2.js [4379/10000] md5=ad400b8257c27f544ba6602e967fcfdc bytes=133 template=array-object origin=seed:tests/corpus/runtime/arrays-objects-methods.test.js
 PASS js-fuzzer-array-object-ad400b8257c2.js [4379/10000] status=ok obs=6512bd43d9ca coverage=+0/32/38 time=2ms
  RUN js-fuzzer-closure-0574a35434cf.js [4380/10000] md5=0574a35434cf603777d262932fdc4b87 bytes=185 template=closure origin=seed:tests/corpus/runtime/block-scopes.test.js
 PASS js-fuzzer-closure-0574a35434cf.js [4380/10000] status=ok obs=e2c420d928d4 coverage=+0/32/38 time=1ms
  RUN js-fuzzer-block-scope-b7354b2c1705.js [4381/10000] md5=b7354b2c17056cef9934cdad4bef523b bytes=114 template=block-scope origin=seed:tests/corpus/runtime/class-fields-static-methods.test.js
 PASS js-fuzzer-block-scope-b7354b2c1705.js [4381/10000] status=ok obs=f0935e4cd592 coverage=+0/32/38 time=2ms
  RUN js-fuzzer-loop-d35707ad0bf7.js [4382/10000] md5=d35707ad0bf74148f671ad8943998af6 bytes=81 template=loop origin=seed:tests/corpus/runtime/classes-and-objects.test.js
 PASS js-fuzzer-loop-d35707ad0bf7.js [4382/10000] status=ok obs=9bf31c7ff062 coverage=+0/32/38 time=2ms
  RUN js-fuzzer-boundary-37492c99ff33.js [4383/10000] md5=37492c99ff33e9d5e09e0b8e84ba785a bytes=129 template=boundary origin=boundary:-9007199254740991
 PASS js-fuzzer-boundary-37492c99ff33.js [4383/10000] status=ok obs=b3f3a95848f6 coverage=+0/32/38 time=1ms
  RUN js-fuzzer-corpus-08bc93bf5789.js [4384/10000] md5=08bc93bf57897bc88ce7161fe56cd099 bytes=169 template=corpus origin=tests/corpus/runtime/closures-read-captured-values.test.js
 PASS js-fuzzer-corpus-08bc93bf5789.js [4384/10000] status=ok obs=02e74f10e032 coverage=+0/32/38 time=2ms
  RUN js-fuzzer-arithmetic-781560262b51.js [4385/10000] md5=781560262b519be5b99c8a7f1bf909f0 bytes=84 template=arithmetic origin=seed:tests/corpus/runtime/exceptions-and-nullish.test.js
 PASS js-fuzzer-arithmetic-781560262b51.js [4385/10000] status=ok obs=d1fe173d08e9 coverage=+0/32/38 time=1ms
  RUN js-fuzzer-function-d3859b93eee1.js [4386/10000] md5=d3859b93eee1f3bcfec0cda51c4d02bf bytes=153 template=function origin=seed:tests/corpus/runtime/functions-closures-and-arrows.test.js
 PASS js-fuzzer-function-d3859b93eee1.js [4386/10000] status=ok obs=a87ff679a2f3 coverage=+0/32/38 time=2ms
  RUN js-fuzzer-array-object-75b00dfe6f21.js [4387/10000] md5=75b00dfe6f212ccc494eb71aea9da8ce bytes=133 template=array-object origin=seed:tests/corpus/runtime/lexical-shadowing.test.js
 PASS js-fuzzer-array-object-75b00dfe6f21.js [4387/10000] status=ok obs=aab3238922bc coverage=+0/32/38 time=2ms
  RUN js-fuzzer-closure-6b52267b7b82.js [4388/10000] md5=6b52267b7b821f47b4c5b5c510963f21 bytes=184 template=closure origin=seed:tests/corpus/runtime/modules-export.test.js
 PASS js-fuzzer-closure-6b52267b7b82.js [4388/10000] status=ok obs=17e62166fc85 coverage=+0/32/38 time=1ms
  RUN js-fuzzer-block-scope-c2c63e91e186.js [4389/10000] md5=c2c63e91e186252922a08e53abdbe3a5 bytes=115 template=block-scope origin=seed:tests/corpus/runtime/nested-try-finally.test.js
 PASS js-fuzzer-block-scope-c2c63e91e186.js [4389/10000] status=ok obs=5f93f983524d coverage=+0/32/38 time=2ms
  RUN js-fuzzer-boundary-205872a6e44c.js [4390/10000] md5=205872a6e44c1ea0cf94554af934fb09 bytes=123 template=boundary origin=boundary:-2147483648
 PASS js-fuzzer-boundary-205872a6e44c.js [4390/10000] status=ok obs=034ff5946105 coverage=+0/32/38 time=1ms
  RUN js-fuzzer-try-catch-c1605790c914.js [4391/10000] md5=c1605790c914ae1743dc7ccc9c3b6fda bytes=110 template=try-catch origin=seed:tests/corpus/syntax/logical-unary-nullish.test.js
 PASS js-fuzzer-try-catch-c1605790c914.js [4391/10000] status=ok obs=1c383cd30b7c coverage=+0/32/38 time=2ms
  RUN js-fuzzer-class-769274f77fa6.js [4392/10000] md5=769274f77fa62254ce7e0eb0e3adf7f1 bytes=100 template=class origin=seed:tests/corpus/syntax/object-destructure-and-members.test.js
 PASS js-fuzzer-class-769274f77fa6.js [4392/10000] status=ok obs=c4ca4238a0b9 coverage=+0/32/38 time=2ms
  RUN js-fuzzer-corpus-2aed353a2d20.js [4393/10000] md5=2aed353a2d200d64cbaf7beb40face20 bytes=275 template=corpus origin=tests/corpus/syntax/switch-do-while-sequence.test.js
 PASS js-fuzzer-corpus-2aed353a2d20.js [4393/10000] status=ok obs=6f4922f45568 coverage=+0/32/38 time=2ms
  RUN js-fuzzer-function-53ef3ed61b76.js [4394/10000] md5=53ef3ed61b76dc45be6c66e5b3206216 bytes=153 template=function origin=seed:tests/corpus/syntax/template-array-destructure.test.js
 PASS js-fuzzer-function-53ef3ed61b76.js [4394/10000] status=ok obs=70efdf2ec9b0 coverage=+0/32/38 time=2ms
  RUN js-fuzzer-array-object-3874acfdcc07.js [4395/10000] md5=3874acfdcc071427c0b11f2b8b2cb11e bytes=133 template=array-object origin=seed:tests/corpus/syntax/typescript-assertions.test.ts
 PASS js-fuzzer-array-object-3874acfdcc07.js [4395/10000] status=ok obs=9bf31c7ff062 coverage=+0/32/38 time=1ms
  RUN js-fuzzer-closure-ad781cdff4a1.js [4396/10000] md5=ad781cdff4a1581da763056555e9ae03 bytes=184 template=closure origin=seed:tests/corpus/syntax/typescript-non-null-satisfies.test.ts
 PASS js-fuzzer-closure-ad781cdff4a1.js [4396/10000] status=ok obs=14bfa6bb1487 coverage=+0/32/38 time=2ms
  RUN js-fuzzer-boundary-4ae25cb2e150.js [4397/10000] md5=4ae25cb2e15083bfca9f6b81b3f9f24b bytes=114 template=boundary origin=boundary:-2
 PASS js-fuzzer-boundary-4ae25cb2e150.js [4397/10000] status=ok obs=5d7b9adcbe1c coverage=+0/32/38 time=2ms
  RUN js-fuzzer-loop-d35707ad0bf7.js [4398/10000] md5=d35707ad0bf74148f671ad8943998af6 bytes=81 template=loop origin=seed:tests/corpus/fixtures/state-machine-workflow.test.js
 PASS js-fuzzer-loop-d35707ad0bf7.js [4398/10000] status=ok obs=9bf31c7ff062 coverage=+0/32/38 time=1ms
  RUN js-fuzzer-try-catch-85daf11db7ec.js [4399/10000] md5=85daf11db7ec5f71a0e05a86a536d94d bytes=110 template=try-catch origin=seed:tests/corpus/fixtures/vue-script-workflow.test.vue
 PASS js-fuzzer-try-catch-85daf11db7ec.js [4399/10000] status=ok obs=f7177163c833 coverage=+0/32/38 time=2ms
  RUN js-fuzzer-class-7c36fc3c0ad4.js [4400/10000] md5=7c36fc3c0ad4461d5dbbcd7afdfb6b5c bytes=101 template=class origin=seed:tests/corpus/obfuscation/constant-tag-mix.test.js
 PASS js-fuzzer-class-7c36fc3c0ad4.js [4400/10000] status=ok obs=d3d9446802a4 coverage=+0/32/38 time=1ms
  RUN js-fuzzer-arithmetic-19ef57128fdc.js [4401/10000] md5=19ef57128fdccefe880dd8a142084455 bytes=84 template=arithmetic origin=seed:tests/corpus/obfuscation/extern-slot-permutation.test.js
 PASS js-fuzzer-arithmetic-19ef57128fdc.js [4401/10000] status=ok obs=7f1de29e6da1 coverage=+0/32/38 time=2ms
  RUN js-fuzzer-corpus-efd663ac427b.js [4402/10000] md5=efd663ac427b5ca270b2f8b928c902bf bytes=112 template=corpus origin=tests/corpus/obfuscation/externs-console.test.js
 PASS js-fuzzer-corpus-efd663ac427b.js [4402/10000] status=ok obs=d289993e39c8 coverage=+0/32/38 time=2ms
  RUN js-fuzzer-array-object-58654fa3e4cc.js [4403/10000] md5=58654fa3e4ccf70fa39ff675251d4a1f bytes=133 template=array-object origin=seed:tests/corpus/obfuscation/seed-sensitive-functions.test.js
 PASS js-fuzzer-array-object-58654fa3e4cc.js [4403/10000] status=ok obs=d3d9446802a4 coverage=+0/32/38 time=1ms
  RUN js-fuzzer-boundary-3d1d4e90ebd9.js [4404/10000] md5=3d1d4e90ebd99aad7ece59efc98f7563 bytes=114 template=boundary origin=boundary:-1
 PASS js-fuzzer-boundary-3d1d4e90ebd9.js [4404/10000] status=ok obs=6bb61e3b7bce coverage=+0/32/38 time=1ms
  RUN js-fuzzer-block-scope-c359e2a72db2.js [4405/10000] md5=c359e2a72db2be0cf03b8eeda102b704 bytes=114 template=block-scope origin=seed:tests/corpus/regressions/multiple-functions-fib-add.test.js
 PASS js-fuzzer-block-scope-c359e2a72db2.js [4405/10000] status=ok obs=c9e1074f5b3f coverage=+0/32/38 time=2ms
  RUN js-fuzzer-loop-bbf1d7a15d8d.js [4406/10000] md5=bbf1d7a15d8dd015402d75c0e0108b5f bytes=81 template=loop origin=seed:tests/corpus/regressions/scope-compressed-closure-params.test.js
 PASS js-fuzzer-loop-bbf1d7a15d8d.js [4406/10000] status=ok obs=1679091c5a88 coverage=+0/32/38 time=1ms
  RUN js-fuzzer-try-catch-f24fba189d45.js [4407/10000] md5=f24fba189d4541ce9d4809156ecb450c bytes=110 template=try-catch origin=seed:tests/corpus/runtime/arrays-objects-methods.test.js
 PASS js-fuzzer-try-catch-f24fba189d45.js [4407/10000] status=ok obs=1ff1de774005 coverage=+0/32/38 time=2ms
  RUN js-fuzzer-class-f454a055ed5d.js [4408/10000] md5=f454a055ed5dc800cb1ab66abc7a01de bytes=100 template=class origin=seed:tests/corpus/runtime/block-scopes.test.js
 PASS js-fuzzer-class-f454a055ed5d.js [4408/10000] status=ok obs=a87ff679a2f3 coverage=+0/32/38 time=1ms
  RUN js-fuzzer-arithmetic-d2b72775eb11.js [4409/10000] md5=d2b72775eb11a7d2d9d6d24fd1f1c45b bytes=83 template=arithmetic origin=seed:tests/corpus/runtime/class-fields-static-methods.test.js
 PASS js-fuzzer-arithmetic-d2b72775eb11.js [4409/10000] status=ok obs=e369853df766 coverage=+0/32/38 time=2ms
  RUN js-fuzzer-function-cb7d7d91d83d.js [4410/10000] md5=cb7d7d91d83d165500656240f14cd1fc bytes=153 template=function origin=seed:tests/corpus/runtime/classes-and-objects.test.js
 PASS js-fuzzer-function-cb7d7d91d83d.js [4410/10000] status=ok obs=8f14e45fceea coverage=+0/32/38 time=2ms
  RUN js-fuzzer-corpus-ddcb99247fc8.js [4411/10000] md5=ddcb99247fc847c897b97c6bd6512b9f bytes=217 template=corpus origin=tests/corpus/runtime/closures-mutate-captured-bindings.test.js
 PASS js-fuzzer-corpus-ddcb99247fc8.js [4411/10000] status=ok obs=e4da3b7fbbce coverage=+0/32/38 time=1ms
  RUN js-fuzzer-closure-5e6c00b29d18.js [4412/10000] md5=5e6c00b29d18415fb87d90b87cbbcf2a bytes=184 template=closure origin=seed:tests/corpus/runtime/closures-read-captured-values.test.js
 PASS js-fuzzer-closure-5e6c00b29d18.js [4412/10000] status=ok obs=a5bfc9e07964 coverage=+0/32/38 time=1ms
  RUN js-fuzzer-block-scope-fa45d8b78690.js [4413/10000] md5=fa45d8b786908d2e2c9de01037b6f082 bytes=115 template=block-scope origin=seed:tests/corpus/runtime/exceptions-and-nullish.test.js
 PASS js-fuzzer-block-scope-fa45d8b78690.js [4413/10000] status=ok obs=5f93f983524d coverage=+0/32/38 time=2ms
  RUN js-fuzzer-loop-bbf1d7a15d8d.js [4414/10000] md5=bbf1d7a15d8dd015402d75c0e0108b5f bytes=81 template=loop origin=seed:tests/corpus/runtime/functions-closures-and-arrows.test.js
 PASS js-fuzzer-loop-bbf1d7a15d8d.js [4414/10000] status=ok obs=1679091c5a88 coverage=+0/32/38 time=2ms
  RUN js-fuzzer-try-catch-8a297d00e90e.js [4415/10000] md5=8a297d00e90eb93174a6d6eeae5be951 bytes=110 template=try-catch origin=seed:tests/corpus/runtime/lexical-shadowing.test.js
 PASS js-fuzzer-try-catch-8a297d00e90e.js [4415/10000] status=ok obs=98f137082101 coverage=+0/32/38 time=1ms
  RUN js-fuzzer-class-1fb70654253d.js [4416/10000] md5=1fb70654253d944404805630039f463c bytes=101 template=class origin=seed:tests/corpus/runtime/modules-export.test.js
 PASS js-fuzzer-class-1fb70654253d.js [4416/10000] status=ok obs=c51ce410c124 coverage=+0/32/38 time=2ms
  RUN js-fuzzer-arithmetic-ae926c97e8a3.js [4417/10000] md5=ae926c97e8a3ae133f403e473df950f1 bytes=84 template=arithmetic origin=seed:tests/corpus/runtime/nested-try-finally.test.js
 PASS js-fuzzer-arithmetic-ae926c97e8a3.js [4417/10000] status=ok obs=8f53295a7387 coverage=+0/32/38 time=1ms
  RUN js-fuzzer-boundary-83aee5cf07de.js [4418/10000] md5=83aee5cf07deb9d5ce59aec8aff7a227 bytes=128 template=boundary origin=boundary:9007199254740991
 PASS js-fuzzer-boundary-83aee5cf07de.js [4418/10000] status=ok obs=8bfa9ad090fb coverage=+0/32/38 time=1ms
  RUN js-fuzzer-array-object-f38a57dadc7b.js [4419/10000] md5=f38a57dadc7b42d3b4c7e4aaa3aeb8b5 bytes=133 template=array-object origin=seed:tests/corpus/syntax/logical-unary-nullish.test.js
 PASS js-fuzzer-array-object-f38a57dadc7b.js [4419/10000] status=ok obs=9bf31c7ff062 coverage=+0/32/38 time=2ms
  RUN js-fuzzer-corpus-96ebdcb81273.js [4420/10000] md5=96ebdcb81273f0e5e5778a6c70c94988 bytes=171 template=corpus origin=tests/corpus/syntax/object-destructure-and-members.test.js
 PASS js-fuzzer-corpus-96ebdcb81273.js [4420/10000] status=ok obs=bfad8dfa12ed coverage=+0/32/38 time=1ms
  RUN js-fuzzer-block-scope-5951239be5d3.js [4421/10000] md5=5951239be5d370f7e12ed89cd6c868b1 bytes=114 template=block-scope origin=seed:tests/corpus/syntax/switch-do-while-sequence.test.js
 PASS js-fuzzer-block-scope-5951239be5d3.js [4421/10000] status=ok obs=2723d092b638 coverage=+0/32/38 time=2ms
  RUN js-fuzzer-loop-f495ca2fc638.js [4422/10000] md5=f495ca2fc6389f933578fc501f5b1465 bytes=81 template=loop origin=seed:tests/corpus/syntax/template-array-destructure.test.js
 PASS js-fuzzer-loop-f495ca2fc638.js [4422/10000] status=ok obs=c4ca4238a0b9 coverage=+0/32/38 time=1ms
  RUN js-fuzzer-try-catch-676dafc46859.js [4423/10000] md5=676dafc4685905581f3925e95c53669f bytes=110 template=try-catch origin=seed:tests/corpus/syntax/typescript-assertions.test.ts
 PASS js-fuzzer-try-catch-676dafc46859.js [4423/10000] status=ok obs=a5771bce93e2 coverage=+0/32/38 time=2ms
  RUN js-fuzzer-class-51ea152a707e.js [4424/10000] md5=51ea152a707ed5422ab3e5b3ddb7fe43 bytes=100 template=class origin=seed:tests/corpus/syntax/typescript-non-null-satisfies.test.ts
 PASS js-fuzzer-class-51ea152a707e.js [4424/10000] status=ok obs=e4da3b7fbbce coverage=+0/32/38 time=2ms
  RUN js-fuzzer-boundary-5c12d757f0dd.js [4425/10000] md5=5c12d757f0ddd5c6b1207b14fb1e8d0c bytes=122 template=boundary origin=boundary:2147483647
 PASS js-fuzzer-boundary-5c12d757f0dd.js [4425/10000] status=ok obs=c588c0a459f4 coverage=+0/32/38 time=1ms
  RUN js-fuzzer-function-be199ff518ed.js [4426/10000] md5=be199ff518edad2305aebc8ea703ea8f bytes=153 template=function origin=seed:tests/corpus/fixtures/state-machine-workflow.test.js
 PASS js-fuzzer-function-be199ff518ed.js [4426/10000] status=ok obs=a87ff679a2f3 coverage=+0/32/38 time=2ms
  RUN js-fuzzer-array-object-37783cd279f9.js [4427/10000] md5=37783cd279f9e2b7c00710931c47eadd bytes=133 template=array-object origin=seed:tests/corpus/fixtures/vue-script-workflow.test.vue
 PASS js-fuzzer-array-object-37783cd279f9.js [4427/10000] status=ok obs=c74d97b01eae coverage=+0/32/38 time=2ms
  RUN js-fuzzer-closure-190622f1b8fa.js [4428/10000] md5=190622f1b8fa9e7991a5d869a6c78ee0 bytes=185 template=closure origin=seed:tests/corpus/obfuscation/constant-tag-mix.test.js
 PASS js-fuzzer-closure-190622f1b8fa.js [4428/10000] status=ok obs=14bfa6bb1487 coverage=+0/32/38 time=2ms
  RUN js-fuzzer-corpus-fe2d30a6e413.js [4429/10000] md5=fe2d30a6e4139e7a8b52405bed737faa bytes=220 template=corpus origin=tests/corpus/obfuscation/extern-slot-permutation.test.js
 PASS js-fuzzer-corpus-fe2d30a6e413.js [4429/10000] status=ok obs=c34c702d0256 coverage=+0/32/38 time=1ms
  RUN js-fuzzer-loop-f495ca2fc638.js [4430/10000] md5=f495ca2fc6389f933578fc501f5b1465 bytes=81 template=loop origin=seed:tests/corpus/obfuscation/externs-console.test.js
 PASS js-fuzzer-loop-f495ca2fc638.js [4430/10000] status=ok obs=c4ca4238a0b9 coverage=+0/32/38 time=2ms
  RUN js-fuzzer-try-catch-0db921dfa62d.js [4431/10000] md5=0db921dfa62dbbfd21889addc9a83362 bytes=110 template=try-catch origin=seed:tests/corpus/obfuscation/seed-sensitive-functions.test.js
 PASS js-fuzzer-try-catch-0db921dfa62d.js [4431/10000] status=ok obs=34173cb38f07 coverage=+0/32/38 time=1ms
  RUN js-fuzzer-boundary-14a05a816d97.js [4432/10000] md5=14a05a816d975afa7654eb06610350d0 bytes=113 template=boundary origin=boundary:2
 PASS js-fuzzer-boundary-14a05a816d97.js [4432/10000] status=ok obs=c81e728d9d4c coverage=+0/32/38 time=2ms
  RUN js-fuzzer-arithmetic-1fd2f9f83ec3.js [4433/10000] md5=1fd2f9f83ec3f62befdabf0a9d4a9eb3 bytes=85 template=arithmetic origin=seed:tests/corpus/regressions/multiple-functions-fib-add.test.js
 PASS js-fuzzer-arithmetic-1fd2f9f83ec3.js [4433/10000] status=ok obs=149e9677a598 coverage=+0/32/38 time=2ms
  RUN js-fuzzer-function-8384e80192dc.js [4434/10000] md5=8384e80192dc0232cf5e505b2f7d5501 bytes=153 template=function origin=seed:tests/corpus/regressions/scope-compressed-closure-params.test.js
 PASS js-fuzzer-function-8384e80192dc.js [4434/10000] status=ok obs=e4da3b7fbbce coverage=+0/32/38 time=1ms
  RUN js-fuzzer-array-object-47797561d6aa.js [4435/10000] md5=47797561d6aa0965baab77d781b38008 bytes=133 template=array-object origin=seed:tests/corpus/runtime/arrays-objects-methods.test.js
 PASS js-fuzzer-array-object-47797561d6aa.js [4435/10000] status=ok obs=c20ad4d76fe9 coverage=+0/32/38 time=1ms
  RUN js-fuzzer-closure-79b12ac260a8.js [4436/10000] md5=79b12ac260a8d3469ce187aa4f430cb0 bytes=184 template=closure origin=seed:tests/corpus/runtime/block-scopes.test.js
 PASS js-fuzzer-closure-79b12ac260a8.js [4436/10000] status=ok obs=d67d8ab4f4c1 coverage=+0/32/38 time=2ms
  RUN js-fuzzer-block-scope-4b457eeecddb.js [4437/10000] md5=4b457eeecddb6b0bd24e459f515190d8 bytes=114 template=block-scope origin=seed:tests/corpus/runtime/class-fields-static-methods.test.js
 PASS js-fuzzer-block-scope-4b457eeecddb.js [4437/10000] status=ok obs=2723d092b638 coverage=+0/32/38 time=1ms
  RUN js-fuzzer-corpus-663bf83cd082.js [4438/10000] md5=663bf83cd082bd221441dae6bbc85046 bytes=278 template=corpus origin=tests/corpus/runtime/classes-and-objects.test.js
 PASS js-fuzzer-corpus-663bf83cd082.js [4438/10000] status=ok obs=6f4922f45568 coverage=+0/32/38 time=2ms
  RUN js-fuzzer-boundary-a6a77cc918cc.js [4439/10000] md5=a6a77cc918cc479b04ccb7be2bd80dac bytes=113 template=boundary origin=boundary:1
 PASS js-fuzzer-boundary-a6a77cc918cc.js [4439/10000] status=ok obs=c4ca4238a0b9 coverage=+0/32/38 time=2ms
  RUN js-fuzzer-class-f454a055ed5d.js [4440/10000] md5=f454a055ed5dc800cb1ab66abc7a01de bytes=100 template=class origin=seed:tests/corpus/runtime/closures-read-captured-values.test.js
 PASS js-fuzzer-class-f454a055ed5d.js [4440/10000] status=ok obs=a87ff679a2f3 coverage=+0/32/38 time=1ms
  RUN js-fuzzer-arithmetic-97af3ac8d45f.js [4441/10000] md5=97af3ac8d45f7c0180434e22a6069918 bytes=85 template=arithmetic origin=seed:tests/corpus/runtime/exceptions-and-nullish.test.js
 PASS js-fuzzer-arithmetic-97af3ac8d45f.js [4441/10000] status=ok obs=9872ed9fc22f coverage=+0/32/38 time=2ms
  RUN js-fuzzer-function-d3859b93eee1.js [4442/10000] md5=d3859b93eee1f3bcfec0cda51c4d02bf bytes=153 template=function origin=seed:tests/corpus/runtime/functions-closures-and-arrows.test.js
 PASS js-fuzzer-function-d3859b93eee1.js [4442/10000] status=ok obs=a87ff679a2f3 coverage=+0/32/38 time=2ms
  RUN js-fuzzer-array-object-6447a2a95697.js [4443/10000] md5=6447a2a95697afd4407eb027fd7809fc bytes=133 template=array-object origin=seed:tests/corpus/runtime/lexical-shadowing.test.js
 PASS js-fuzzer-array-object-6447a2a95697.js [4443/10000] status=ok obs=6512bd43d9ca coverage=+0/32/38 time=1ms
  RUN js-fuzzer-closure-31c86a109bc0.js [4444/10000] md5=31c86a109bc0cc5bf40d51eb3da7b3c3 bytes=184 template=closure origin=seed:tests/corpus/runtime/modules-export.test.js
 PASS js-fuzzer-closure-31c86a109bc0.js [4444/10000] status=ok obs=fc490ca45c00 coverage=+0/32/38 time=2ms
  RUN js-fuzzer-block-scope-c62bd24f87c9.js [4445/10000] md5=c62bd24f87c9561c1ce7bf862c28f95d bytes=114 template=block-scope origin=seed:tests/corpus/runtime/nested-try-finally.test.js
 PASS js-fuzzer-block-scope-c62bd24f87c9.js [4445/10000] status=ok obs=ec8956637a99 coverage=+0/32/38 time=1ms
  RUN js-fuzzer-boundary-235131a2d0d1.js [4446/10000] md5=235131a2d0d184afe9327ca3bd456dde bytes=129 template=boundary origin=boundary:-9007199254740991
 PASS js-fuzzer-boundary-235131a2d0d1.js [4446/10000] status=ok obs=b3f3a95848f6 coverage=+0/32/38 time=2ms
  RUN js-fuzzer-corpus-279b64032335.js [4447/10000] md5=279b640323351a1b082b98b42d2a2d55 bytes=134 template=corpus origin=tests/corpus/syntax/logical-unary-nullish.test.js
 PASS js-fuzzer-corpus-279b64032335.js [4447/10000] status=ok obs=45c48cce2e2d coverage=+0/32/38 time=2ms
  RUN js-fuzzer-class-a365d1a76b7b.js [4448/10000] md5=a365d1a76b7b0d4310621afa7caac433 bytes=100 template=class origin=seed:tests/corpus/syntax/object-destructure-and-members.test.js
 PASS js-fuzzer-class-a365d1a76b7b.js [4448/10000] status=ok obs=8f14e45fceea coverage=+0/32/38 time=1ms
  RUN js-fuzzer-arithmetic-6f4c26a7d4db.js [4449/10000] md5=6f4c26a7d4dbd7a28b318d04117fc3b2 bytes=85 template=arithmetic origin=seed:tests/corpus/syntax/switch-do-while-sequence.test.js
 PASS js-fuzzer-arithmetic-6f4c26a7d4db.js [4449/10000] status=ok obs=84d9ee44e457 coverage=+0/32/38 time=2ms
  RUN js-fuzzer-function-53ef3ed61b76.js [4450/10000] md5=53ef3ed61b76dc45be6c66e5b3206216 bytes=153 template=function origin=seed:tests/corpus/syntax/template-array-destructure.test.js
 PASS js-fuzzer-function-53ef3ed61b76.js [4450/10000] status=ok obs=70efdf2ec9b0 coverage=+0/32/38 time=2ms
  RUN js-fuzzer-array-object-a92ac840643b.js [4451/10000] md5=a92ac840643b4eeff100d214dfde0891 bytes=133 template=array-object origin=seed:tests/corpus/syntax/typescript-assertions.test.ts
 PASS js-fuzzer-array-object-a92ac840643b.js [4451/10000] status=ok obs=c51ce410c124 coverage=+0/32/38 time=1ms
  RUN js-fuzzer-closure-3c00c88e9b91.js [4452/10000] md5=3c00c88e9b915290486c977dc9f8f6af bytes=185 template=closure origin=seed:tests/corpus/syntax/typescript-non-null-satisfies.test.ts
 PASS js-fuzzer-closure-3c00c88e9b91.js [4452/10000] status=ok obs=03afdbd66e79 coverage=+0/32/38 time=2ms
  RUN js-fuzzer-boundary-56f451fe2902.js [4453/10000] md5=56f451fe2902341a3a470031c46238b3 bytes=123 template=boundary origin=boundary:-2147483648
 PASS js-fuzzer-boundary-56f451fe2902.js [4453/10000] status=ok obs=034ff5946105 coverage=+0/32/38 time=2ms
  RUN js-fuzzer-loop-f495ca2fc638.js [4454/10000] md5=f495ca2fc6389f933578fc501f5b1465 bytes=81 template=loop origin=seed:tests/corpus/fixtures/state-machine-workflow.test.js
 PASS js-fuzzer-loop-f495ca2fc638.js [4454/10000] status=ok obs=c4ca4238a0b9 coverage=+0/32/38 time=1ms
  RUN js-fuzzer-try-catch-83aeb7d5f114.js [4455/10000] md5=83aeb7d5f114f448e90b2f3e31e7a7e9 bytes=110 template=try-catch origin=seed:tests/corpus/fixtures/vue-script-workflow.test.vue
 PASS js-fuzzer-try-catch-83aeb7d5f114.js [4455/10000] status=ok obs=e369853df766 coverage=+0/32/38 time=2ms
  RUN js-fuzzer-corpus-f00ef18b0a17.js [4456/10000] md5=f00ef18b0a172b2a2d9833f5b7fe94e2 bytes=199 template=corpus origin=tests/corpus/obfuscation/constant-tag-mix.test.js
 PASS js-fuzzer-corpus-f00ef18b0a17.js [4456/10000] status=ok obs=e86823f38986 coverage=+0/32/38 time=1ms
  RUN js-fuzzer-arithmetic-01429c1f8a72.js [4457/10000] md5=01429c1f8a72bb9f202f1bb7a9ee24d2 bytes=85 template=arithmetic origin=seed:tests/corpus/obfuscation/extern-slot-permutation.test.js
 PASS js-fuzzer-arithmetic-01429c1f8a72.js [4457/10000] status=ok obs=9872ed9fc22f coverage=+0/32/38 time=2ms
  RUN js-fuzzer-function-e38b8374b652.js [4458/10000] md5=e38b8374b65234ab6d6009c7a43720d9 bytes=153 template=function origin=seed:tests/corpus/obfuscation/externs-console.test.js
 PASS js-fuzzer-function-e38b8374b652.js [4458/10000] status=ok obs=1679091c5a88 coverage=+0/32/38 time=2ms
  RUN js-fuzzer-array-object-21e4ab7bc8be.js [4459/10000] md5=21e4ab7bc8be0f91df609d6a43b583d9 bytes=133 template=array-object origin=seed:tests/corpus/obfuscation/seed-sensitive-functions.test.js
 PASS js-fuzzer-array-object-21e4ab7bc8be.js [4459/10000] status=ok obs=1f0e3dad9990 coverage=+0/32/38 time=1ms
  RUN js-fuzzer-boundary-4ae25cb2e150.js [4460/10000] md5=4ae25cb2e15083bfca9f6b81b3f9f24b bytes=114 template=boundary origin=boundary:-2
 PASS js-fuzzer-boundary-4ae25cb2e150.js [4460/10000] status=ok obs=5d7b9adcbe1c coverage=+0/32/38 time=2ms
  RUN js-fuzzer-block-scope-cdbf5f7a5e45.js [4461/10000] md5=cdbf5f7a5e4556604c53c617bae60283 bytes=115 template=block-scope origin=seed:tests/corpus/regressions/multiple-functions-fib-add.test.js
 PASS js-fuzzer-block-scope-cdbf5f7a5e45.js [4461/10000] status=ok obs=5f93f983524d coverage=+0/32/38 time=2ms
  RUN js-fuzzer-loop-d35707ad0bf7.js [4462/10000] md5=d35707ad0bf74148f671ad8943998af6 bytes=81 template=loop origin=seed:tests/corpus/regressions/scope-compressed-closure-params.test.js
 PASS js-fuzzer-loop-d35707ad0bf7.js [4462/10000] status=ok obs=9bf31c7ff062 coverage=+0/32/38 time=1ms
  RUN js-fuzzer-try-catch-136d1b3d4ffd.js [4463/10000] md5=136d1b3d4ffdac816022c9faabe622ca bytes=110 template=try-catch origin=seed:tests/corpus/runtime/arrays-objects-methods.test.js
 PASS js-fuzzer-try-catch-136d1b3d4ffd.js [4463/10000] status=ok obs=9bf31c7ff062 coverage=+0/32/38 time=2ms
  RUN js-fuzzer-class-3b630e2d834a.js [4464/10000] md5=3b630e2d834a95a01ee75571f8bc0075 bytes=101 template=class origin=seed:tests/corpus/runtime/block-scopes.test.js
 PASS js-fuzzer-class-3b630e2d834a.js [4464/10000] status=ok obs=6512bd43d9ca coverage=+0/32/38 time=1ms
  RUN js-fuzzer-corpus-a64e83c2f849.js [4465/10000] md5=a64e83c2f84925dca8985eabe963ee21 bytes=179 template=corpus origin=tests/corpus/runtime/class-fields-static-methods.test.js
 PASS js-fuzzer-corpus-a64e83c2f849.js [4465/10000] status=ok obs=8f14e45fceea coverage=+0/32/38 time=2ms
  RUN js-fuzzer-function-c472354a037a.js [4466/10000] md5=c472354a037a48d197cd60b4e04af6e0 bytes=153 template=function origin=seed:tests/corpus/runtime/classes-and-objects.test.js
 PASS js-fuzzer-function-c472354a037a.js [4466/10000] status=ok obs=02e74f10e032 coverage=+0/32/38 time=2ms
  RUN js-fuzzer-boundary-7f379f781f4f.js [4467/10000] md5=7f379f781f4f9844733fb0f4c5d8aa15 bytes=114 template=boundary origin=boundary:-1
 PASS js-fuzzer-boundary-7f379f781f4f.js [4467/10000] status=ok obs=6bb61e3b7bce coverage=+0/32/38 time=2ms
  RUN js-fuzzer-closure-0aed081e2d12.js [4468/10000] md5=0aed081e2d124c6c459da7b00f50fe37 bytes=184 template=closure origin=seed:tests/corpus/runtime/closures-read-captured-values.test.js
 PASS js-fuzzer-closure-0aed081e2d12.js [4468/10000] status=ok obs=093f65e080a2 coverage=+0/32/38 time=2ms
  RUN js-fuzzer-block-scope-cdd8b51c02d7.js [4469/10000] md5=cdd8b51c02d709abe874e8214b24cf71 bytes=114 template=block-scope origin=seed:tests/corpus/runtime/exceptions-and-nullish.test.js
 PASS js-fuzzer-block-scope-cdd8b51c02d7.js [4469/10000] status=ok obs=2723d092b638 coverage=+0/32/38 time=1ms
  RUN js-fuzzer-loop-54e460cecf5c.js [4470/10000] md5=54e460cecf5c05dfcffaa3b2e5f57445 bytes=81 template=loop origin=seed:tests/corpus/runtime/functions-closures-and-arrows.test.js
 PASS js-fuzzer-loop-54e460cecf5c.js [4470/10000] status=ok obs=d3d9446802a4 coverage=+0/32/38 time=2ms
  RUN js-fuzzer-try-catch-4a24aaf1e66a.js [4471/10000] md5=4a24aaf1e66a8b823f90ea06221a0572 bytes=110 template=try-catch origin=seed:tests/corpus/runtime/lexical-shadowing.test.js
 PASS js-fuzzer-try-catch-4a24aaf1e66a.js [4471/10000] status=ok obs=d67d8ab4f4c1 coverage=+0/32/38 time=2ms
  RUN js-fuzzer-class-1fb70654253d.js [4472/10000] md5=1fb70654253d944404805630039f463c bytes=101 template=class origin=seed:tests/corpus/runtime/modules-export.test.js
 PASS js-fuzzer-class-1fb70654253d.js [4472/10000] status=ok obs=c51ce410c124 coverage=+0/32/38 time=1ms
  RUN js-fuzzer-arithmetic-4c1ec4e85ebd.js [4473/10000] md5=4c1ec4e85ebdd649d9083f6a966ab93b bytes=84 template=arithmetic origin=seed:tests/corpus/runtime/nested-try-finally.test.js
 PASS js-fuzzer-arithmetic-4c1ec4e85ebd.js [4473/10000] status=ok obs=bd4c9ab730f5 coverage=+0/32/38 time=2ms
  RUN js-fuzzer-corpus-89e900fcb72f.js [4474/10000] md5=89e900fcb72ff838bfe9a13ae091363f bytes=228 template=corpus origin=tests/corpus/syntax/control-flow-and-operators.test.js
 PASS js-fuzzer-corpus-89e900fcb72f.js [4474/10000] status=ok obs=aab3238922bc coverage=+0/32/38 time=2ms
  RUN js-fuzzer-array-object-5955b4f72845.js [4475/10000] md5=5955b4f72845800989f09c0c1eaf20b8 bytes=133 template=array-object origin=seed:tests/corpus/syntax/logical-unary-nullish.test.js
 PASS js-fuzzer-array-object-5955b4f72845.js [4475/10000] status=ok obs=c51ce410c124 coverage=+0/32/38 time=2ms
  RUN js-fuzzer-closure-e6766693ea21.js [4476/10000] md5=e6766693ea211273f3bc539992c7198b bytes=183 template=closure origin=seed:tests/corpus/syntax/object-destructure-and-members.test.js
 PASS js-fuzzer-closure-e6766693ea21.js [4476/10000] status=ok obs=a5bfc9e07964 coverage=+0/32/38 time=1ms
  RUN js-fuzzer-block-scope-041ad61d2adf.js [4477/10000] md5=041ad61d2adf327a5cb0cee5a2d4512d bytes=114 template=block-scope origin=seed:tests/corpus/syntax/switch-do-while-sequence.test.js
 PASS js-fuzzer-block-scope-041ad61d2adf.js [4477/10000] status=ok obs=65b9eea6e1cc coverage=+0/32/38 time=2ms
  RUN js-fuzzer-loop-54e460cecf5c.js [4478/10000] md5=54e460cecf5c05dfcffaa3b2e5f57445 bytes=81 template=loop origin=seed:tests/corpus/syntax/template-array-destructure.test.js
 PASS js-fuzzer-loop-54e460cecf5c.js [4478/10000] status=ok obs=d3d9446802a4 coverage=+0/32/38 time=2ms
  RUN js-fuzzer-try-catch-6c711f8bb184.js [4479/10000] md5=6c711f8bb184c228d8b20d70b1aabb73 bytes=109 template=try-catch origin=seed:tests/corpus/syntax/typescript-assertions.test.ts
 PASS js-fuzzer-try-catch-6c711f8bb184.js [4479/10000] status=ok obs=1679091c5a88 coverage=+0/32/38 time=1ms
  RUN js-fuzzer-class-587587295e00.js [4480/10000] md5=587587295e0075a0a19c4572e53274fe bytes=101 template=class origin=seed:tests/corpus/syntax/typescript-non-null-satisfies.test.ts
 PASS js-fuzzer-class-587587295e00.js [4480/10000] status=ok obs=1f0e3dad9990 coverage=+0/32/38 time=2ms
  RUN js-fuzzer-boundary-4bea2a6e0cb0.js [4481/10000] md5=4bea2a6e0cb0c7bb0b29e5b5d44112d8 bytes=128 template=boundary origin=boundary:9007199254740991
 PASS js-fuzzer-boundary-4bea2a6e0cb0.js [4481/10000] status=ok obs=dc9a0d67a31d coverage=+0/32/38 time=1ms
  RUN js-fuzzer-function-288d473b3a74.js [4482/10000] md5=288d473b3a7495d967aff826da7d201e bytes=153 template=function origin=seed:tests/corpus/fixtures/state-machine-workflow.test.js
 PASS js-fuzzer-function-288d473b3a74.js [4482/10000] status=ok obs=aab3238922bc coverage=+0/32/38 time=3ms
  RUN js-fuzzer-corpus-f722388c7961.js [4483/10000] md5=f722388c7961d2a0288508c35f28a5f8 bytes=96 template=corpus origin=tests/corpus/fixtures/vue-script-workflow.test.vue
 PASS js-fuzzer-corpus-f722388c7961.js [4483/10000] status=ok obs=6512bd43d9ca coverage=+0/32/38 time=1ms
  RUN js-fuzzer-closure-3af1a79202c4.js [4484/10000] md5=3af1a79202c4c36189229aab8bb094b7 bytes=184 template=closure origin=seed:tests/corpus/obfuscation/constant-tag-mix.test.js
 PASS js-fuzzer-closure-3af1a79202c4.js [4484/10000] status=ok obs=03afdbd66e79 coverage=+0/32/38 time=2ms
  RUN js-fuzzer-block-scope-7b0d8f9b9b67.js [4485/10000] md5=7b0d8f9b9b67aa367e1c074d91bfcec6 bytes=114 template=block-scope origin=seed:tests/corpus/obfuscation/extern-slot-permutation.test.js
 PASS js-fuzzer-block-scope-7b0d8f9b9b67.js [4485/10000] status=ok obs=2723d092b638 coverage=+0/32/38 time=2ms
  RUN js-fuzzer-loop-f495ca2fc638.js [4486/10000] md5=f495ca2fc6389f933578fc501f5b1465 bytes=81 template=loop origin=seed:tests/corpus/obfuscation/externs-console.test.js
 PASS js-fuzzer-loop-f495ca2fc638.js [4486/10000] status=ok obs=c4ca4238a0b9 coverage=+0/32/38 time=1ms
  RUN js-fuzzer-try-catch-78409afcd812.js [4487/10000] md5=78409afcd812e57d07238a91d9d67ddf bytes=110 template=try-catch origin=seed:tests/corpus/obfuscation/seed-sensitive-functions.test.js
 PASS js-fuzzer-try-catch-78409afcd812.js [4487/10000] status=ok obs=17e62166fc85 coverage=+0/32/38 time=2ms
  RUN js-fuzzer-boundary-86f8354fc6fd.js [4488/10000] md5=86f8354fc6fd092b05683bbf230dc769 bytes=122 template=boundary origin=boundary:2147483647
 PASS js-fuzzer-boundary-86f8354fc6fd.js [4488/10000] status=ok obs=c588c0a459f4 coverage=+0/32/38 time=1ms
  RUN js-fuzzer-arithmetic-a1f41db6cda9.js [4489/10000] md5=a1f41db6cda9848b7e27bd5e3f3a277b bytes=83 template=arithmetic origin=seed:tests/corpus/regressions/multiple-functions-fib-add.test.js
 PASS js-fuzzer-arithmetic-a1f41db6cda9.js [4489/10000] status=ok obs=28dd2c7955ce coverage=+0/32/38 time=2ms
  RUN js-fuzzer-function-e04598e59cc1.js [4490/10000] md5=e04598e59cc109c5f5c20638fe37a892 bytes=153 template=function origin=seed:tests/corpus/regressions/scope-compressed-closure-params.test.js
 PASS js-fuzzer-function-e04598e59cc1.js [4490/10000] status=ok obs=d3d9446802a4 coverage=+0/32/38 time=2ms
  RUN js-fuzzer-array-object-f38a57dadc7b.js [4491/10000] md5=f38a57dadc7b42d3b4c7e4aaa3aeb8b5 bytes=133 template=array-object origin=seed:tests/corpus/runtime/arrays-objects-methods.test.js
 PASS js-fuzzer-array-object-f38a57dadc7b.js [4491/10000] status=ok obs=9bf31c7ff062 coverage=+0/32/38 time=1ms
  RUN js-fuzzer-corpus-8b78ba7912c5.js [4492/10000] md5=8b78ba7912c51f6cf304b65c6ebdb2e3 bytes=289 template=corpus origin=tests/corpus/runtime/block-scopes.test.js
 PASS js-fuzzer-corpus-8b78ba7912c5.js [4492/10000] status=ok obs=37693cfc7480 coverage=+0/32/38 time=2ms
  RUN js-fuzzer-block-scope-c6c6dc9d4752.js [4493/10000] md5=c6c6dc9d47525217323991cffcd77b98 bytes=114 template=block-scope origin=seed:tests/corpus/runtime/class-fields-static-methods.test.js
 PASS js-fuzzer-block-scope-c6c6dc9d4752.js [4493/10000] status=ok obs=c9e1074f5b3f coverage=+0/32/38 time=2ms
  RUN js-fuzzer-loop-54e460cecf5c.js [4494/10000] md5=54e460cecf5c05dfcffaa3b2e5f57445 bytes=81 template=loop origin=seed:tests/corpus/runtime/classes-and-objects.test.js
 PASS js-fuzzer-loop-54e460cecf5c.js [4494/10000] status=ok obs=d3d9446802a4 coverage=+0/32/38 time=2ms
  RUN js-fuzzer-boundary-14a05a816d97.js [4495/10000] md5=14a05a816d975afa7654eb06610350d0 bytes=113 template=boundary origin=boundary:2
 PASS js-fuzzer-boundary-14a05a816d97.js [4495/10000] status=ok obs=c81e728d9d4c coverage=+0/32/38 time=1ms
  RUN js-fuzzer-class-d8979b510eb0.js [4496/10000] md5=d8979b510eb085c9e0e846586f80f265 bytes=101 template=class origin=seed:tests/corpus/runtime/closures-read-captured-values.test.js
 PASS js-fuzzer-class-d8979b510eb0.js [4496/10000] status=ok obs=c74d97b01eae coverage=+0/32/38 time=2ms
  RUN js-fuzzer-arithmetic-4d302035bd8e.js [4497/10000] md5=4d302035bd8e3058298ee722d534742a bytes=84 template=arithmetic origin=seed:tests/corpus/runtime/exceptions-and-nullish.test.js
 PASS js-fuzzer-arithmetic-4d302035bd8e.js [4497/10000] status=ok obs=fc490ca45c00 coverage=+0/32/38 time=1ms
  RUN js-fuzzer-function-84b6f0564867.js [4498/10000] md5=84b6f05648673d1e7da8df04c8cbab23 bytes=153 template=function origin=seed:tests/corpus/runtime/functions-closures-and-arrows.test.js
 PASS js-fuzzer-function-84b6f0564867.js [4498/10000] status=ok obs=c74d97b01eae coverage=+0/32/38 time=2ms
  RUN js-fuzzer-array-object-1cff378389fd.js [4499/10000] md5=1cff378389fdefef1d602feab140d0de bytes=133 template=array-object origin=seed:tests/corpus/runtime/lexical-shadowing.test.js
 PASS js-fuzzer-array-object-1cff378389fd.js [4499/10000] status=ok obs=6512bd43d9ca coverage=+0/32/38 time=2ms
  RUN js-fuzzer-closure-6b52267b7b82.js [4500/10000] md5=6b52267b7b821f47b4c5b5c510963f21 bytes=184 template=closure origin=seed:tests/corpus/runtime/modules-export.test.js
 PASS js-fuzzer-closure-6b52267b7b82.js [4500/10000] status=ok obs=17e62166fc85 coverage=+0/32/38 time=1ms
  RUN js-fuzzer-corpus-c557f8da2a9d.js [4501/10000] md5=c557f8da2a9d2904c70dca50c3eeb50e bytes=191 template=corpus origin=tests/corpus/runtime/nested-try-finally.test.js
 PASS js-fuzzer-corpus-c557f8da2a9d.js [4501/10000] status=ok obs=8f14e45fceea coverage=+0/32/38 time=2ms
  RUN js-fuzzer-boundary-a6a77cc918cc.js [4502/10000] md5=a6a77cc918cc479b04ccb7be2bd80dac bytes=113 template=boundary origin=boundary:1
 PASS js-fuzzer-boundary-a6a77cc918cc.js [4502/10000] status=ok obs=c4ca4238a0b9 coverage=+0/32/38 time=2ms
  RUN js-fuzzer-try-catch-6c711f8bb184.js [4503/10000] md5=6c711f8bb184c228d8b20d70b1aabb73 bytes=109 template=try-catch origin=seed:tests/corpus/syntax/logical-unary-nullish.test.js
 PASS js-fuzzer-try-catch-6c711f8bb184.js [4503/10000] status=ok obs=1679091c5a88 coverage=+0/32/38 time=2ms
  RUN js-fuzzer-class-7c36fc3c0ad4.js [4504/10000] md5=7c36fc3c0ad4461d5dbbcd7afdfb6b5c bytes=101 template=class origin=seed:tests/corpus/syntax/object-destructure-and-members.test.js
 PASS js-fuzzer-class-7c36fc3c0ad4.js [4504/10000] status=ok obs=d3d9446802a4 coverage=+0/32/38 time=1ms
  RUN js-fuzzer-arithmetic-cce9719de8c3.js [4505/10000] md5=cce9719de8c3068f2f46cfd73a653954 bytes=84 template=arithmetic origin=seed:tests/corpus/syntax/switch-do-while-sequence.test.js
 PASS js-fuzzer-arithmetic-cce9719de8c3.js [4505/10000] status=ok obs=6f3ef77ac0e3 coverage=+0/32/38 time=2ms
  RUN js-fuzzer-function-88a1a2ce9ecc.js [4506/10000] md5=88a1a2ce9eccc8d7f1092c43da9e0b1f bytes=153 template=function origin=seed:tests/corpus/syntax/template-array-destructure.test.js
 PASS js-fuzzer-function-88a1a2ce9ecc.js [4506/10000] status=ok obs=45c48cce2e2d coverage=+0/32/38 time=2ms
  RUN js-fuzzer-array-object-a989869ce02d.js [4507/10000] md5=a989869ce02df000d7124983ca912bd2 bytes=133 template=array-object origin=seed:tests/corpus/syntax/typescript-assertions.test.ts
 PASS js-fuzzer-array-object-a989869ce02d.js [4507/10000] status=ok obs=9bf31c7ff062 coverage=+0/32/38 time=1ms
  RUN js-fuzzer-closure-620bdbe9e564.js [4508/10000] md5=620bdbe9e564b2c91448e36b99035d54 bytes=184 template=closure origin=seed:tests/corpus/syntax/typescript-non-null-satisfies.test.ts
 PASS js-fuzzer-closure-620bdbe9e564.js [4508/10000] status=ok obs=093f65e080a2 coverage=+0/32/38 time=2ms
  RUN js-fuzzer-boundary-e62759fbe8d3.js [4509/10000] md5=e62759fbe8d36ad2cfb89a0f8bac18b9 bytes=129 template=boundary origin=boundary:-9007199254740991
 PASS js-fuzzer-boundary-e62759fbe8d3.js [4509/10000] status=ok obs=b3f3a95848f6 coverage=+0/32/38 time=2ms
  RUN js-fuzzer-corpus-ab8ca4f8757c.js [4510/10000] md5=ab8ca4f8757c6165b29cd6a662edad93 bytes=450 template=corpus origin=tests/corpus/fixtures/state-machine-workflow.test.js
 PASS js-fuzzer-corpus-ab8ca4f8757c.js [4510/10000] status=ok obs=b9f49c580664 coverage=+0/32/38 time=2ms
  RUN js-fuzzer-try-catch-7b36a94abb6d.js [4511/10000] md5=7b36a94abb6ddf002e9dd3f3d3a0cea5 bytes=110 template=try-catch origin=seed:tests/corpus/fixtures/vue-script-workflow.test.vue
 PASS js-fuzzer-try-catch-7b36a94abb6d.js [4511/10000] status=ok obs=37693cfc7480 coverage=+0/32/38 time=3ms
  RUN js-fuzzer-class-47fbd3db5853.js [4512/10000] md5=47fbd3db58539fc2e42627a4f3168c79 bytes=101 template=class origin=seed:tests/corpus/obfuscation/constant-tag-mix.test.js
 PASS js-fuzzer-class-47fbd3db5853.js [4512/10000] status=ok obs=98f137082101 coverage=+0/32/38 time=2ms
  RUN js-fuzzer-arithmetic-51239ad7fe11.js [4513/10000] md5=51239ad7fe113191b0fb706f49af2316 bytes=84 template=arithmetic origin=seed:tests/corpus/obfuscation/extern-slot-permutation.test.js
 PASS js-fuzzer-arithmetic-51239ad7fe11.js [4513/10000] status=ok obs=f033ab37c302 coverage=+0/32/38 time=1ms
  RUN js-fuzzer-function-98e8c4d5dcc0.js [4514/10000] md5=98e8c4d5dcc095fbcedf7527b98fd4fe bytes=153 template=function origin=seed:tests/corpus/obfuscation/externs-console.test.js
 PASS js-fuzzer-function-98e8c4d5dcc0.js [4514/10000] status=ok obs=c9f0f895fb98 coverage=+0/32/38 time=2ms
  RUN js-fuzzer-array-object-e1e92eb7cda4.js [4515/10000] md5=e1e92eb7cda4197169c443931bea4c14 bytes=133 template=array-object origin=seed:tests/corpus/obfuscation/seed-sensitive-functions.test.js
 PASS js-fuzzer-array-object-e1e92eb7cda4.js [4515/10000] status=ok obs=aab3238922bc coverage=+0/32/38 time=2ms
  RUN js-fuzzer-boundary-512d8e9b531d.js [4516/10000] md5=512d8e9b531dd316e823325cc949e70e bytes=123 template=boundary origin=boundary:-2147483648
 PASS js-fuzzer-boundary-512d8e9b531d.js [4516/10000] status=ok obs=034ff5946105 coverage=+0/32/38 time=1ms
  RUN js-fuzzer-block-scope-3618dfc383f1.js [4517/10000] md5=3618dfc383f176ec28b3df9bed8a3cec bytes=114 template=block-scope origin=seed:tests/corpus/regressions/multiple-functions-fib-add.test.js
 PASS js-fuzzer-block-scope-3618dfc383f1.js [4517/10000] status=ok obs=c9e1074f5b3f coverage=+0/32/38 time=2ms
  RUN js-fuzzer-loop-55c7c905bffb.js [4518/10000] md5=55c7c905bffb4bbbc4c8fb9b91df6ad8 bytes=81 template=loop origin=seed:tests/corpus/regressions/scope-compressed-closure-params.test.js
 PASS js-fuzzer-loop-55c7c905bffb.js [4518/10000] status=ok obs=eccbc87e4b5c coverage=+0/32/38 time=2ms
  RUN js-fuzzer-corpus-a07012429fce.js [4519/10000] md5=a07012429fce4b4d7c8af42f445f70b9 bytes=163 template=corpus origin=tests/corpus/runtime/arrays-objects-methods.test.js
 PASS js-fuzzer-corpus-a07012429fce.js [4519/10000] status=ok obs=c51ce410c124 coverage=+0/32/38 time=1ms
  RUN js-fuzzer-class-1fb70654253d.js [4520/10000] md5=1fb70654253d944404805630039f463c bytes=101 template=class origin=seed:tests/corpus/runtime/block-scopes.test.js
 PASS js-fuzzer-class-1fb70654253d.js [4520/10000] status=ok obs=c51ce410c124 coverage=+0/32/38 time=2ms
  RUN js-fuzzer-arithmetic-1faa5b9d7e21.js [4521/10000] md5=1faa5b9d7e21f782126f45e02c08d649 bytes=83 template=arithmetic origin=seed:tests/corpus/runtime/class-fields-static-methods.test.js
 PASS js-fuzzer-arithmetic-1faa5b9d7e21.js [4521/10000] status=ok obs=fbd7939d6749 coverage=+0/32/38 time=2ms
  RUN js-fuzzer-function-2a74733dc731.js [4522/10000] md5=2a74733dc7313f8fa40f843496dd9ed4 bytes=153 template=function origin=seed:tests/corpus/runtime/classes-and-objects.test.js
 PASS js-fuzzer-function-2a74733dc731.js [4522/10000] status=ok obs=45c48cce2e2d coverage=+0/32/38 time=2ms
  RUN js-fuzzer-boundary-4ae25cb2e150.js [4523/10000] md5=4ae25cb2e15083bfca9f6b81b3f9f24b bytes=114 template=boundary origin=boundary:-2
 PASS js-fuzzer-boundary-4ae25cb2e150.js [4523/10000] status=ok obs=5d7b9adcbe1c coverage=+0/32/38 time=1ms
  RUN js-fuzzer-closure-744af99959ed.js [4524/10000] md5=744af99959edcfc1709b9cb34e90d3c2 bytes=184 template=closure origin=seed:tests/corpus/runtime/closures-read-captured-values.test.js
 PASS js-fuzzer-closure-744af99959ed.js [4524/10000] status=ok obs=f457c545a9de coverage=+0/32/38 time=2ms
  RUN js-fuzzer-block-scope-0c46317176e8.js [4525/10000] md5=0c46317176e854b8247f7e6459f04d02 bytes=114 template=block-scope origin=seed:tests/corpus/runtime/exceptions-and-nullish.test.js
 PASS js-fuzzer-block-scope-0c46317176e8.js [4525/10000] status=ok obs=38b3eff8baf5 coverage=+0/32/38 time=2ms
  RUN js-fuzzer-loop-f495ca2fc638.js [4526/10000] md5=f495ca2fc6389f933578fc501f5b1465 bytes=81 template=loop origin=seed:tests/corpus/runtime/functions-closures-and-arrows.test.js
 PASS js-fuzzer-loop-f495ca2fc638.js [4526/10000] status=ok obs=c4ca4238a0b9 coverage=+0/32/38 time=1ms
  RUN js-fuzzer-try-catch-60965d400692.js [4527/10000] md5=60965d4006920d781586aecbf04b3493 bytes=110 template=try-catch origin=seed:tests/corpus/runtime/lexical-shadowing.test.js
 PASS js-fuzzer-try-catch-60965d400692.js [4527/10000] status=ok obs=1f0e3dad9990 coverage=+0/32/38 time=2ms
  RUN js-fuzzer-corpus-4131d841163b.js [4528/10000] md5=4131d841163b79e192bca9d4fc683c54 bytes=58 template=corpus origin=tests/corpus/runtime/modules-export.test.js
 PASS js-fuzzer-corpus-4131d841163b.js [4528/10000] status=ok obs=8f14e45fceea coverage=+0/32/38 time=1ms
  RUN js-fuzzer-arithmetic-80b653a7d20c.js [4529/10000] md5=80b653a7d20c596b62b5609d7913a0a3 bytes=84 template=arithmetic origin=seed:tests/corpus/runtime/nested-try-finally.test.js
 PASS js-fuzzer-arithmetic-80b653a7d20c.js [4529/10000] status=ok obs=d67d8ab4f4c1 coverage=+0/32/38 time=2ms
  RUN js-fuzzer-boundary-7f379f781f4f.js [4530/10000] md5=7f379f781f4f9844733fb0f4c5d8aa15 bytes=114 template=boundary origin=boundary:-1
 PASS js-fuzzer-boundary-7f379f781f4f.js [4530/10000] status=ok obs=6bb61e3b7bce coverage=+0/32/38 time=1ms
  RUN js-fuzzer-array-object-fa8b98b5ccf8.js [4531/10000] md5=fa8b98b5ccf8fd89932dfda8c291dfa7 bytes=133 template=array-object origin=seed:tests/corpus/syntax/logical-unary-nullish.test.js
 PASS js-fuzzer-array-object-fa8b98b5ccf8.js [4531/10000] status=ok obs=6f4922f45568 coverage=+0/32/38 time=2ms
  RUN js-fuzzer-closure-d5473c83785c.js [4532/10000] md5=d5473c83785ceb8cbf047e7e55ceeae4 bytes=184 template=closure origin=seed:tests/corpus/syntax/object-destructure-and-members.test.js
 PASS js-fuzzer-closure-d5473c83785c.js [4532/10000] status=ok obs=e2c420d928d4 coverage=+0/32/38 time=2ms
  RUN js-fuzzer-block-scope-94e52644855f.js [4533/10000] md5=94e52644855fafeeb23684aa653d5db5 bytes=114 template=block-scope origin=seed:tests/corpus/syntax/switch-do-while-sequence.test.js
 PASS js-fuzzer-block-scope-94e52644855f.js [4533/10000] status=ok obs=2723d092b638 coverage=+0/32/38 time=1ms
  RUN js-fuzzer-loop-f495ca2fc638.js [4534/10000] md5=f495ca2fc6389f933578fc501f5b1465 bytes=81 template=loop origin=seed:tests/corpus/syntax/template-array-destructure.test.js
 PASS js-fuzzer-loop-f495ca2fc638.js [4534/10000] status=ok obs=c4ca4238a0b9 coverage=+0/32/38 time=2ms
  RUN js-fuzzer-try-catch-49469dc3bbde.js [4535/10000] md5=49469dc3bbdee70291dead76d4352702 bytes=109 template=try-catch origin=seed:tests/corpus/syntax/typescript-assertions.test.ts
 PASS js-fuzzer-try-catch-49469dc3bbde.js [4535/10000] status=ok obs=d3d9446802a4 coverage=+0/32/38 time=1ms
  RUN js-fuzzer-class-769274f77fa6.js [4536/10000] md5=769274f77fa62254ce7e0eb0e3adf7f1 bytes=100 template=class origin=seed:tests/corpus/syntax/typescript-non-null-satisfies.test.ts
 PASS js-fuzzer-class-769274f77fa6.js [4536/10000] status=ok obs=c4ca4238a0b9 coverage=+0/32/38 time=2ms
  RUN js-fuzzer-corpus-797f152bf878.js [4537/10000] md5=797f152bf878d5049066c6db6d2360b3 bytes=355 template=corpus origin=tests/corpus/fixtures/job-workflow.test.js
 PASS js-fuzzer-corpus-797f152bf878.js [4537/10000] status=ok obs=b9de0628c8ec coverage=+0/32/38 time=2ms
  RUN js-fuzzer-function-134a85d12098.js [4538/10000] md5=134a85d120985077bd24a3a53ac64560 bytes=153 template=function origin=seed:tests/corpus/fixtures/state-machine-workflow.test.js
 PASS js-fuzzer-function-134a85d12098.js [4538/10000] status=ok obs=1679091c5a88 coverage=+0/32/38 time=2ms
  RUN js-fuzzer-array-object-0ab92fb69ec6.js [4539/10000] md5=0ab92fb69ec64ed254d384204d296471 bytes=133 template=array-object origin=seed:tests/corpus/fixtures/vue-script-workflow.test.vue
 PASS js-fuzzer-array-object-0ab92fb69ec6.js [4539/10000] status=ok obs=1679091c5a88 coverage=+0/32/38 time=1ms
  RUN js-fuzzer-closure-947902ec8516.js [4540/10000] md5=947902ec85168edf47f32eee87e3c019 bytes=184 template=closure origin=seed:tests/corpus/obfuscation/constant-tag-mix.test.js
 PASS js-fuzzer-closure-947902ec8516.js [4540/10000] status=ok obs=02e74f10e032 coverage=+0/32/38 time=2ms
  RUN js-fuzzer-block-scope-07f18117f78f.js [4541/10000] md5=07f18117f78f57cbdcf4267b9fd9100c bytes=114 template=block-scope origin=seed:tests/corpus/obfuscation/extern-slot-permutation.test.js
 PASS js-fuzzer-block-scope-07f18117f78f.js [4541/10000] status=ok obs=65b9eea6e1cc coverage=+0/32/38 time=2ms
  RUN js-fuzzer-loop-54e460cecf5c.js [4542/10000] md5=54e460cecf5c05dfcffaa3b2e5f57445 bytes=81 template=loop origin=seed:tests/corpus/obfuscation/externs-console.test.js
 PASS js-fuzzer-loop-54e460cecf5c.js [4542/10000] status=ok obs=d3d9446802a4 coverage=+0/32/38 time=1ms
  RUN js-fuzzer-try-catch-4a24aaf1e66a.js [4543/10000] md5=4a24aaf1e66a8b823f90ea06221a0572 bytes=110 template=try-catch origin=seed:tests/corpus/obfuscation/seed-sensitive-functions.test.js
 PASS js-fuzzer-try-catch-4a24aaf1e66a.js [4543/10000] status=ok obs=d67d8ab4f4c1 coverage=+0/32/38 time=2ms
  RUN js-fuzzer-boundary-6330cdecf02f.js [4544/10000] md5=6330cdecf02f68328876d88213acc2ac bytes=128 template=boundary origin=boundary:9007199254740991
 PASS js-fuzzer-boundary-6330cdecf02f.js [4544/10000] status=ok obs=8bfa9ad090fb coverage=+0/32/38 time=1ms
  RUN js-fuzzer-arithmetic-78aedae60247.js [4545/10000] md5=78aedae60247a4fec69ab296839f4582 bytes=84 template=arithmetic origin=seed:tests/corpus/regressions/multiple-functions-fib-add.test.js
 PASS js-fuzzer-arithmetic-78aedae60247.js [4545/10000] status=ok obs=02e74f10e032 coverage=+0/32/38 time=2ms
  RUN js-fuzzer-corpus-c28cfb056309.js [4546/10000] md5=c28cfb056309f2a77f8bd9756b123c54 bytes=147 template=corpus origin=tests/corpus/regressions/scope-compressed-closure-params.test.js
 PASS js-fuzzer-corpus-c28cfb056309.js [4546/10000] status=ok obs=c51ce410c124 coverage=+0/32/38 time=2ms
  RUN js-fuzzer-array-object-ec0cdc9de751.js [4547/10000] md5=ec0cdc9de7519e4071eb3e14e2c36291 bytes=133 template=array-object origin=seed:tests/corpus/runtime/arrays-objects-methods.test.js
 PASS js-fuzzer-array-object-ec0cdc9de751.js [4547/10000] status=ok obs=c20ad4d76fe9 coverage=+0/32/38 time=1ms
  RUN js-fuzzer-closure-3b10b0952ba2.js [4548/10000] md5=3b10b0952ba263d46a3c3a8b16a3410a bytes=183 template=closure origin=seed:tests/corpus/runtime/block-scopes.test.js
 PASS js-fuzzer-closure-3b10b0952ba2.js [4548/10000] status=ok obs=1f0e3dad9990 coverage=+0/32/38 time=2ms
  RUN js-fuzzer-block-scope-963ef95fccb2.js [4549/10000] md5=963ef95fccb2b37bf54c80ea854154f9 bytes=114 template=block-scope origin=seed:tests/corpus/runtime/class-fields-static-methods.test.js
 PASS js-fuzzer-block-scope-963ef95fccb2.js [4549/10000] status=ok obs=ec8956637a99 coverage=+0/32/38 time=1ms
  RUN js-fuzzer-loop-54e460cecf5c.js [4550/10000] md5=54e460cecf5c05dfcffaa3b2e5f57445 bytes=81 template=loop origin=seed:tests/corpus/runtime/classes-and-objects.test.js
 PASS js-fuzzer-loop-54e460cecf5c.js [4550/10000] status=ok obs=d3d9446802a4 coverage=+0/32/38 time=2ms
  RUN js-fuzzer-boundary-86f8354fc6fd.js [4551/10000] md5=86f8354fc6fd092b05683bbf230dc769 bytes=122 template=boundary origin=boundary:2147483647
 PASS js-fuzzer-boundary-86f8354fc6fd.js [4551/10000] status=ok obs=c588c0a459f4 coverage=+0/32/38 time=2ms
  RUN js-fuzzer-class-ff7d9ca3da86.js [4552/10000] md5=ff7d9ca3da86b49917ac34b4d48e8df9 bytes=101 template=class origin=seed:tests/corpus/runtime/closures-read-captured-values.test.js
 PASS js-fuzzer-class-ff7d9ca3da86.js [4552/10000] status=ok obs=c20ad4d76fe9 coverage=+0/32/38 time=1ms
  RUN js-fuzzer-arithmetic-08ef2122ce1d.js [4553/10000] md5=08ef2122ce1d2492312f032e754c1d36 bytes=84 template=arithmetic origin=seed:tests/corpus/runtime/exceptions-and-nullish.test.js
 PASS js-fuzzer-arithmetic-08ef2122ce1d.js [4553/10000] status=ok obs=43ec517d68b6 coverage=+0/32/38 time=2ms
  RUN js-fuzzer-function-66ad482026b9.js [4554/10000] md5=66ad482026b9df67ec5d25c1cce4c653 bytes=153 template=function origin=seed:tests/corpus/runtime/functions-closures-and-arrows.test.js
 PASS js-fuzzer-function-66ad482026b9.js [4554/10000] status=ok obs=6512bd43d9ca coverage=+0/32/38 time=2ms
  RUN js-fuzzer-corpus-463d4dee8a1f.js [4555/10000] md5=463d4dee8a1f930fa8af57a704cacf3e bytes=232 template=corpus origin=tests/corpus/runtime/lexical-shadowing.test.js
 PASS js-fuzzer-corpus-463d4dee8a1f.js [4555/10000] status=ok obs=c51ce410c124 coverage=+0/32/38 time=1ms
  RUN js-fuzzer-closure-8cf99f000395.js [4556/10000] md5=8cf99f000395191c99329144e3d48985 bytes=184 template=closure origin=seed:tests/corpus/runtime/modules-export.test.js
 PASS js-fuzzer-closure-8cf99f000395.js [4556/10000] status=ok obs=d2ddea18f006 coverage=+0/32/38 time=2ms
  RUN js-fuzzer-block-scope-0646405d6bb2.js [4557/10000] md5=0646405d6bb2ceae05fe69841edcc9c1 bytes=114 template=block-scope origin=seed:tests/corpus/runtime/nested-try-finally.test.js
 PASS js-fuzzer-block-scope-0646405d6bb2.js [4557/10000] status=ok obs=a97da629b098 coverage=+0/32/38 time=2ms
  RUN js-fuzzer-boundary-221618e58a55.js [4558/10000] md5=221618e58a55537e4dc7530ef9f57aaf bytes=113 template=boundary origin=boundary:2
 PASS js-fuzzer-boundary-221618e58a55.js [4558/10000] status=ok obs=c81e728d9d4c coverage=+0/32/38 time=1ms
  RUN js-fuzzer-try-catch-20dc98d64456.js [4559/10000] md5=20dc98d644569e4da77d458e1c7210ec bytes=110 template=try-catch origin=seed:tests/corpus/syntax/logical-unary-nullish.test.js
 PASS js-fuzzer-try-catch-20dc98d64456.js [4559/10000] status=ok obs=c51ce410c124 coverage=+0/32/38 time=2ms
  RUN js-fuzzer-class-587587295e00.js [4560/10000] md5=587587295e0075a0a19c4572e53274fe bytes=101 template=class origin=seed:tests/corpus/syntax/object-destructure-and-members.test.js
 PASS js-fuzzer-class-587587295e00.js [4560/10000] status=ok obs=1f0e3dad9990 coverage=+0/32/38 time=1ms
  RUN js-fuzzer-arithmetic-5ab7ecc6f093.js [4561/10000] md5=5ab7ecc6f0933b5283a3a61fa6992114 bytes=85 template=arithmetic origin=seed:tests/corpus/syntax/switch-do-while-sequence.test.js
 PASS js-fuzzer-arithmetic-5ab7ecc6f093.js [4561/10000] status=ok obs=6c9882bbac1c coverage=+0/32/38 time=2ms
  RUN js-fuzzer-function-88a1a2ce9ecc.js [4562/10000] md5=88a1a2ce9eccc8d7f1092c43da9e0b1f bytes=153 template=function origin=seed:tests/corpus/syntax/template-array-destructure.test.js
 PASS js-fuzzer-function-88a1a2ce9ecc.js [4562/10000] status=ok obs=45c48cce2e2d coverage=+0/32/38 time=2ms
  RUN js-fuzzer-array-object-e44477435418.js [4563/10000] md5=e44477435418c4fd40d2b8fed499e2d2 bytes=133 template=array-object origin=seed:tests/corpus/syntax/typescript-assertions.test.ts
 PASS js-fuzzer-array-object-e44477435418.js [4563/10000] status=ok obs=c20ad4d76fe9 coverage=+0/32/38 time=2ms
  RUN js-fuzzer-corpus-e3eeaea0f8a2.js [4564/10000] md5=e3eeaea0f8a2c5d5b650d4007cf78b4a bytes=104 template=corpus origin=tests/corpus/syntax/typescript-non-null-satisfies.test.ts
 PASS js-fuzzer-corpus-e3eeaea0f8a2.js [4564/10000] status=ok obs=d3d9446802a4 coverage=+0/32/38 time=1ms
  RUN js-fuzzer-boundary-3ca041277ff0.js [4565/10000] md5=3ca041277ff0c3edafc1a1dcaf120940 bytes=113 template=boundary origin=boundary:1
 PASS js-fuzzer-boundary-3ca041277ff0.js [4565/10000] status=ok obs=c4ca4238a0b9 coverage=+0/32/38 time=2ms
  RUN js-fuzzer-loop-b88258462a8d.js [4566/10000] md5=b88258462a8d880f8b0e459fa23b2536 bytes=81 template=loop origin=seed:tests/corpus/fixtures/state-machine-workflow.test.js
 PASS js-fuzzer-loop-b88258462a8d.js [4566/10000] status=ok obs=3c59dc048e88 coverage=+0/32/38 time=1ms
  RUN js-fuzzer-try-catch-a173285175b8.js [4567/10000] md5=a173285175b813cddca62eb427efafd5 bytes=110 template=try-catch origin=seed:tests/corpus/fixtures/vue-script-workflow.test.vue
 PASS js-fuzzer-try-catch-a173285175b8.js [4567/10000] status=ok obs=9a1158154dfa coverage=+0/32/38 time=2ms
  RUN js-fuzzer-class-c6bbe0a63455.js [4568/10000] md5=c6bbe0a634559d18fa82cf0c9a421610 bytes=100 template=class origin=seed:tests/corpus/obfuscation/constant-tag-mix.test.js
 PASS js-fuzzer-class-c6bbe0a63455.js [4568/10000] status=ok obs=1679091c5a88 coverage=+0/32/38 time=1ms
  RUN js-fuzzer-arithmetic-c1c592c0da6a.js [4569/10000] md5=c1c592c0da6a49f383456e667545a7db bytes=84 template=arithmetic origin=seed:tests/corpus/obfuscation/extern-slot-permutation.test.js
 PASS js-fuzzer-arithmetic-c1c592c0da6a.js [4569/10000] status=ok obs=02522a2b2726 coverage=+0/32/38 time=2ms
  RUN js-fuzzer-function-98e8c4d5dcc0.js [4570/10000] md5=98e8c4d5dcc095fbcedf7527b98fd4fe bytes=153 template=function origin=seed:tests/corpus/obfuscation/externs-console.test.js
 PASS js-fuzzer-function-98e8c4d5dcc0.js [4570/10000] status=ok obs=c9f0f895fb98 coverage=+0/32/38 time=2ms
  RUN js-fuzzer-array-object-02fd8b3ebdcd.js [4571/10000] md5=02fd8b3ebdcddddfa3ec757f0f603927 bytes=133 template=array-object origin=seed:tests/corpus/obfuscation/seed-sensitive-functions.test.js
 PASS js-fuzzer-array-object-02fd8b3ebdcd.js [4571/10000] status=ok obs=c51ce410c124 coverage=+0/32/38 time=2ms
  RUN js-fuzzer-boundary-6aec0a9b1ff4.js [4572/10000] md5=6aec0a9b1ff4294bcfecb539ba7e660b bytes=129 template=boundary origin=boundary:-9007199254740991
 PASS js-fuzzer-boundary-6aec0a9b1ff4.js [4572/10000] status=ok obs=b3f3a95848f6 coverage=+0/32/38 time=1ms
  RUN js-fuzzer-corpus-ad9ed8746461.js [4573/10000] md5=ad9ed87464611c6dd81b04b3754c760c bytes=214 template=corpus origin=tests/corpus/regressions/multiple-functions-fib-add.test.js
 PASS js-fuzzer-corpus-ad9ed8746461.js [4573/10000] status=ok obs=3c59dc048e88 coverage=+0/32/38 time=3ms
  RUN js-fuzzer-loop-55c7c905bffb.js [4574/10000] md5=55c7c905bffb4bbbc4c8fb9b91df6ad8 bytes=81 template=loop origin=seed:tests/corpus/regressions/scope-compressed-closure-params.test.js
 PASS js-fuzzer-loop-55c7c905bffb.js [4574/10000] status=ok obs=eccbc87e4b5c coverage=+0/32/38 time=1ms
  RUN js-fuzzer-try-catch-c5263a4b0fbd.js [4575/10000] md5=c5263a4b0fbd119742a040447111f34b bytes=109 template=try-catch origin=seed:tests/corpus/runtime/arrays-objects-methods.test.js
 PASS js-fuzzer-try-catch-c5263a4b0fbd.js [4575/10000] status=ok obs=8f14e45fceea coverage=+0/32/38 time=2ms
  RUN js-fuzzer-class-5baf4bed5db4.js [4576/10000] md5=5baf4bed5db4f8205173226efc8fff73 bytes=101 template=class origin=seed:tests/corpus/runtime/block-scopes.test.js
 PASS js-fuzzer-class-5baf4bed5db4.js [4576/10000] status=ok obs=6f4922f45568 coverage=+0/32/38 time=1ms
  RUN js-fuzzer-arithmetic-46b37b1d24c8.js [4577/10000] md5=46b37b1d24c84406c72eb91ee515d724 bytes=85 template=arithmetic origin=seed:tests/corpus/runtime/class-fields-static-methods.test.js
 PASS js-fuzzer-arithmetic-46b37b1d24c8.js [4577/10000] status=ok obs=9fd81843ad7f coverage=+0/32/38 time=2ms
  RUN js-fuzzer-function-8c13c976bcff.js [4578/10000] md5=8c13c976bcff676fd4a8e7119e7306e3 bytes=153 template=function origin=seed:tests/corpus/runtime/classes-and-objects.test.js
 PASS js-fuzzer-function-8c13c976bcff.js [4578/10000] status=ok obs=aab3238922bc coverage=+0/32/38 time=2ms
  RUN js-fuzzer-boundary-205872a6e44c.js [4579/10000] md5=205872a6e44c1ea0cf94554af934fb09 bytes=123 template=boundary origin=boundary:-2147483648
 PASS js-fuzzer-boundary-205872a6e44c.js [4579/10000] status=ok obs=034ff5946105 coverage=+0/32/38 time=1ms
  RUN js-fuzzer-closure-a392587cefad.js [4580/10000] md5=a392587cefadebb87f0199c89f117b0a bytes=183 template=closure origin=seed:tests/corpus/runtime/closures-read-captured-values.test.js
 PASS js-fuzzer-closure-a392587cefad.js [4580/10000] status=ok obs=182be0c5cdcd coverage=+0/32/38 time=2ms
  RUN js-fuzzer-block-scope-147cf17f3cbb.js [4581/10000] md5=147cf17f3cbb5c30886492372159c1c8 bytes=114 template=block-scope origin=seed:tests/corpus/runtime/exceptions-and-nullish.test.js
 PASS js-fuzzer-block-scope-147cf17f3cbb.js [4581/10000] status=ok obs=6974ce5ac660 coverage=+0/32/38 time=2ms
  RUN js-fuzzer-corpus-72746d071c58.js [4582/10000] md5=72746d071c58fadd9399bc8934c30553 bytes=197 template=corpus origin=tests/corpus/runtime/functions-closures-and-arrows.test.js
 PASS js-fuzzer-corpus-72746d071c58.js [4582/10000] status=ok obs=c74d97b01eae coverage=+0/32/38 time=1ms
  RUN js-fuzzer-try-catch-20dc98d64456.js [4583/10000] md5=20dc98d644569e4da77d458e1c7210ec bytes=110 template=try-catch origin=seed:tests/corpus/runtime/lexical-shadowing.test.js
 PASS js-fuzzer-try-catch-20dc98d64456.js [4583/10000] status=ok obs=c51ce410c124 coverage=+0/32/38 time=2ms
  RUN js-fuzzer-class-c0844991889f.js [4584/10000] md5=c0844991889f03308712cd6bc6b7c31c bytes=101 template=class origin=seed:tests/corpus/runtime/modules-export.test.js
 PASS js-fuzzer-class-c0844991889f.js [4584/10000] status=ok obs=70efdf2ec9b0 coverage=+0/32/38 time=2ms
  RUN js-fuzzer-arithmetic-a833ad5265ec.js [4585/10000] md5=a833ad5265ec1cbae1e194dbe25d5692 bytes=84 template=arithmetic origin=seed:tests/corpus/runtime/nested-try-finally.test.js
 PASS js-fuzzer-arithmetic-a833ad5265ec.js [4585/10000] status=ok obs=0f28b5d49b30 coverage=+0/32/38 time=1ms
  RUN js-fuzzer-boundary-6d89c3a838ae.js [4586/10000] md5=6d89c3a838ae354bda64ec37ec2b63b1 bytes=114 template=boundary origin=boundary:-2
 PASS js-fuzzer-boundary-6d89c3a838ae.js [4586/10000] status=ok obs=5d7b9adcbe1c coverage=+0/32/38 time=2ms
  RUN js-fuzzer-array-object-b1bbed78c128.js [4587/10000] md5=b1bbed78c128c8a4d721816113d320b1 bytes=133 template=array-object origin=seed:tests/corpus/syntax/logical-unary-nullish.test.js
 PASS js-fuzzer-array-object-b1bbed78c128.js [4587/10000] status=ok obs=c74d97b01eae coverage=+0/32/38 time=2ms
  RUN js-fuzzer-closure-76f4911a1f9b.js [4588/10000] md5=76f4911a1f9b1236b66ac611b1d80a62 bytes=184 template=closure origin=seed:tests/corpus/syntax/object-destructure-and-members.test.js
 PASS js-fuzzer-closure-76f4911a1f9b.js [4588/10000] status=ok obs=182be0c5cdcd coverage=+0/32/38 time=1ms
  RUN js-fuzzer-block-scope-8aaa483675b3.js [4589/10000] md5=8aaa483675b368db5813ee90004aac25 bytes=114 template=block-scope origin=seed:tests/corpus/syntax/switch-do-while-sequence.test.js
 PASS js-fuzzer-block-scope-8aaa483675b3.js [4589/10000] status=ok obs=6974ce5ac660 coverage=+0/32/38 time=2ms
  RUN js-fuzzer-loop-55c7c905bffb.js [4590/10000] md5=55c7c905bffb4bbbc4c8fb9b91df6ad8 bytes=81 template=loop origin=seed:tests/corpus/syntax/template-array-destructure.test.js
 PASS js-fuzzer-loop-55c7c905bffb.js [4590/10000] status=ok obs=eccbc87e4b5c coverage=+0/32/38 time=1ms
  RUN js-fuzzer-corpus-57a83a4b020d.js [4591/10000] md5=57a83a4b020d4b85b42b0a3709f283ad bytes=130 template=corpus origin=tests/corpus/syntax/typescript-assertions.test.ts
 PASS js-fuzzer-corpus-57a83a4b020d.js [4591/10000] status=ok obs=45c48cce2e2d coverage=+0/32/38 time=2ms
  RUN js-fuzzer-class-6736c24444bc.js [4592/10000] md5=6736c24444bc6ff151b05a9a974ae4d5 bytes=100 template=class origin=seed:tests/corpus/syntax/typescript-non-null-satisfies.test.ts
 PASS js-fuzzer-class-6736c24444bc.js [4592/10000] status=ok obs=45c48cce2e2d coverage=+0/32/38 time=2ms
  RUN js-fuzzer-boundary-1024adcac0e5.js [4593/10000] md5=1024adcac0e5cc9f99f478fa66dcc00c bytes=114 template=boundary origin=boundary:-1
 PASS js-fuzzer-boundary-1024adcac0e5.js [4593/10000] status=ok obs=6bb61e3b7bce coverage=+0/32/38 time=1ms
  RUN js-fuzzer-function-06471e1fced1.js [4594/10000] md5=06471e1fced163f025e3f67e77c6ce04 bytes=153 template=function origin=seed:tests/corpus/fixtures/state-machine-workflow.test.js
 PASS js-fuzzer-function-06471e1fced1.js [4594/10000] status=ok obs=45c48cce2e2d coverage=+0/32/38 time=2ms
  RUN js-fuzzer-array-object-83f2bd837a60.js [4595/10000] md5=83f2bd837a60af139477bd6c13c95f0b bytes=133 template=array-object origin=seed:tests/corpus/fixtures/vue-script-workflow.test.vue
 PASS js-fuzzer-array-object-83f2bd837a60.js [4595/10000] status=ok obs=9bf31c7ff062 coverage=+0/32/38 time=2ms
  RUN js-fuzzer-closure-59e825e2024b.js [4596/10000] md5=59e825e2024b576d2fc87965df9d6e7c bytes=184 template=closure origin=seed:tests/corpus/obfuscation/constant-tag-mix.test.js
 PASS js-fuzzer-closure-59e825e2024b.js [4596/10000] status=ok obs=6c8349cc7260 coverage=+0/32/38 time=1ms
  RUN js-fuzzer-block-scope-10430c6f962a.js [4597/10000] md5=10430c6f962a4db4653b711f73826914 bytes=114 template=block-scope origin=seed:tests/corpus/obfuscation/extern-slot-permutation.test.js
 PASS js-fuzzer-block-scope-10430c6f962a.js [4597/10000] status=ok obs=65b9eea6e1cc coverage=+0/32/38 time=2ms
  RUN js-fuzzer-loop-b88258462a8d.js [4598/10000] md5=b88258462a8d880f8b0e459fa23b2536 bytes=81 template=loop origin=seed:tests/corpus/obfuscation/externs-console.test.js
 PASS js-fuzzer-loop-b88258462a8d.js [4598/10000] status=ok obs=3c59dc048e88 coverage=+0/32/38 time=2ms
  RUN js-fuzzer-try-catch-a4e2330c4919.js [4599/10000] md5=a4e2330c49196805169dbf8449e466fa bytes=110 template=try-catch origin=seed:tests/corpus/obfuscation/seed-sensitive-functions.test.js
 PASS js-fuzzer-try-catch-a4e2330c4919.js [4599/10000] status=ok obs=3c59dc048e88 coverage=+0/32/38 time=1ms
  RUN js-fuzzer-corpus-79643e915862.js [4600/10000] md5=79643e91586251700d34c0c65a0220da bytes=89 template=corpus origin=tests/corpus/regressions/destructuring-lowers-to-member.test.js
 PASS js-fuzzer-corpus-79643e915862.js [4600/10000] status=ok obs=eccbc87e4b5c coverage=+0/32/38 time=2ms
  RUN js-fuzzer-arithmetic-a76e5d4f0e97.js [4601/10000] md5=a76e5d4f0e97b0881c625d84b5dfe0bd bytes=84 template=arithmetic origin=seed:tests/corpus/regressions/multiple-functions-fib-add.test.js
 PASS js-fuzzer-arithmetic-a76e5d4f0e97.js [4601/10000] status=ok obs=fe9fc289c3ff coverage=+0/32/38 time=1ms
  RUN js-fuzzer-function-1bdd3cdc8039.js [4602/10000] md5=1bdd3cdc8039303572ffd714360b1f25 bytes=153 template=function origin=seed:tests/corpus/regressions/scope-compressed-closure-params.test.js
 PASS js-fuzzer-function-1bdd3cdc8039.js [4602/10000] status=ok obs=37693cfc7480 coverage=+0/32/38 time=3ms
  RUN js-fuzzer-array-object-9c6f16ea3263.js [4603/10000] md5=9c6f16ea3263e0afc3dfc83d507cfaf2 bytes=133 template=array-object origin=seed:tests/corpus/runtime/arrays-objects-methods.test.js
 PASS js-fuzzer-array-object-9c6f16ea3263.js [4603/10000] status=ok obs=45c48cce2e2d coverage=+0/32/38 time=1ms
  RUN js-fuzzer-closure-e8485e220cea.js [4604/10000] md5=e8485e220ceab9f04302dcfd6cca577c bytes=184 template=closure origin=seed:tests/corpus/runtime/block-scopes.test.js
 PASS js-fuzzer-closure-e8485e220cea.js [4604/10000] status=ok obs=fc490ca45c00 coverage=+0/32/38 time=2ms
  RUN js-fuzzer-block-scope-403bacc3c4e2.js [4605/10000] md5=403bacc3c4e28bf043b2bddae5fcb47f bytes=114 template=block-scope origin=seed:tests/corpus/runtime/class-fields-static-methods.test.js
 PASS js-fuzzer-block-scope-403bacc3c4e2.js [4605/10000] status=ok obs=a3c65c297427 coverage=+0/32/38 time=2ms
  RUN js-fuzzer-loop-b88258462a8d.js [4606/10000] md5=b88258462a8d880f8b0e459fa23b2536 bytes=81 template=loop origin=seed:tests/corpus/runtime/classes-and-objects.test.js
 PASS js-fuzzer-loop-b88258462a8d.js [4606/10000] status=ok obs=3c59dc048e88 coverage=+0/32/38 time=1ms
  RUN js-fuzzer-boundary-2b35f90895ea.js [4607/10000] md5=2b35f90895ea85111e562e627044f919 bytes=128 template=boundary origin=boundary:9007199254740991
 PASS js-fuzzer-boundary-2b35f90895ea.js [4607/10000] status=ok obs=8bfa9ad090fb coverage=+0/32/38 time=2ms
  RUN js-fuzzer-class-f454a055ed5d.js [4608/10000] md5=f454a055ed5dc800cb1ab66abc7a01de bytes=100 template=class origin=seed:tests/corpus/runtime/closures-read-captured-values.test.js
 PASS js-fuzzer-class-f454a055ed5d.js [4608/10000] status=ok obs=a87ff679a2f3 coverage=+0/32/38 time=1ms
  RUN js-fuzzer-corpus-cf8fb96e8476.js [4609/10000] md5=cf8fb96e8476c262b73583c86dd80821 bytes=178 template=corpus origin=tests/corpus/runtime/exceptions-and-nullish.test.js
 PASS js-fuzzer-corpus-cf8fb96e8476.js [4609/10000] status=ok obs=24ed5e8718fc coverage=+0/32/38 time=2ms
  RUN js-fuzzer-function-0b0d1f5ee746.js [4610/10000] md5=0b0d1f5ee746281ffbedfb7f7f4c45bc bytes=153 template=function origin=seed:tests/corpus/runtime/functions-closures-and-arrows.test.js
 PASS js-fuzzer-function-0b0d1f5ee746.js [4610/10000] status=ok obs=e4da3b7fbbce coverage=+0/32/38 time=2ms
  RUN js-fuzzer-array-object-ff793b48d059.js [4611/10000] md5=ff793b48d0591951d0f3b8ff19b6cd0d bytes=133 template=array-object origin=seed:tests/corpus/runtime/lexical-shadowing.test.js
 PASS js-fuzzer-array-object-ff793b48d059.js [4611/10000] status=ok obs=c74d97b01eae coverage=+0/32/38 time=2ms
  RUN js-fuzzer-closure-e6fce2d27012.js [4612/10000] md5=e6fce2d27012748395d8d7ad4e63501a bytes=183 template=closure origin=seed:tests/corpus/runtime/modules-export.test.js
 PASS js-fuzzer-closure-e6fce2d27012.js [4612/10000] status=ok obs=c51ce410c124 coverage=+0/32/38 time=2ms
  RUN js-fuzzer-block-scope-080bd5d06140.js [4613/10000] md5=080bd5d06140a29fbd1527c29333c5c8 bytes=114 template=block-scope origin=seed:tests/corpus/runtime/nested-try-finally.test.js
 PASS js-fuzzer-block-scope-080bd5d06140.js [4613/10000] status=ok obs=c9e1074f5b3f coverage=+0/32/38 time=2ms
  RUN js-fuzzer-boundary-ac080ee0add8.js [4614/10000] md5=ac080ee0add8a3967f40d078a13e076b bytes=122 template=boundary origin=boundary:2147483647
 PASS js-fuzzer-boundary-ac080ee0add8.js [4614/10000] status=ok obs=c588c0a459f4 coverage=+0/32/38 time=1ms
  RUN js-fuzzer-try-catch-56393ff77182.js [4615/10000] md5=56393ff771824d567a8911f280bf7f9d bytes=110 template=try-catch origin=seed:tests/corpus/syntax/logical-unary-nullish.test.js
 PASS js-fuzzer-try-catch-56393ff77182.js [4615/10000] status=ok obs=4e732ced3463 coverage=+0/32/38 time=2ms
  RUN js-fuzzer-class-1fb70654253d.js [4616/10000] md5=1fb70654253d944404805630039f463c bytes=101 template=class origin=seed:tests/corpus/syntax/object-destructure-and-members.test.js
 PASS js-fuzzer-class-1fb70654253d.js [4616/10000] status=ok obs=c51ce410c124 coverage=+0/32/38 time=1ms
  RUN js-fuzzer-arithmetic-ecfcc3d14719.js [4617/10000] md5=ecfcc3d14719f713d5476873140f5033 bytes=85 template=arithmetic origin=seed:tests/corpus/syntax/switch-do-while-sequence.test.js
 PASS js-fuzzer-arithmetic-ecfcc3d14719.js [4617/10000] status=ok obs=7f39f8317fbd coverage=+0/32/38 time=1ms
  RUN js-fuzzer-corpus-ff388659a641.js [4618/10000] md5=ff388659a6419d1e6e01ce4e7151a52e bytes=135 template=corpus origin=tests/corpus/syntax/template-array-destructure.test.js
 PASS js-fuzzer-corpus-ff388659a641.js [4618/10000] status=ok obs=f61c9a8be43c coverage=+0/32/38 time=2ms
  RUN js-fuzzer-array-object-b631b61b09cd.js [4619/10000] md5=b631b61b09cd3878610d9f5f4f1380ea bytes=133 template=array-object origin=seed:tests/corpus/syntax/typescript-assertions.test.ts
 PASS js-fuzzer-array-object-b631b61b09cd.js [4619/10000] status=ok obs=1f0e3dad9990 coverage=+0/32/38 time=2ms
  RUN js-fuzzer-closure-c2fc9aa17831.js [4620/10000] md5=c2fc9aa178311eef6e456c40fbda7608 bytes=184 template=closure origin=seed:tests/corpus/syntax/typescript-non-null-satisfies.test.ts
 PASS js-fuzzer-closure-c2fc9aa17831.js [4620/10000] status=ok obs=67c6a1e7ce56 coverage=+0/32/38 time=1ms
  RUN js-fuzzer-boundary-85faf3787c26.js [4621/10000] md5=85faf3787c26ca3bad9215a544873988 bytes=113 template=boundary origin=boundary:2
 PASS js-fuzzer-boundary-85faf3787c26.js [4621/10000] status=ok obs=c81e728d9d4c coverage=+0/32/38 time=2ms
  RUN js-fuzzer-loop-54e460cecf5c.js [4622/10000] md5=54e460cecf5c05dfcffaa3b2e5f57445 bytes=81 template=loop origin=seed:tests/corpus/fixtures/state-machine-workflow.test.js
 PASS js-fuzzer-loop-54e460cecf5c.js [4622/10000] status=ok obs=d3d9446802a4 coverage=+0/32/38 time=2ms
  RUN js-fuzzer-try-catch-10b006553cce.js [4623/10000] md5=10b006553cced3afac446c8e96bc0d8a bytes=110 template=try-catch origin=seed:tests/corpus/fixtures/vue-script-workflow.test.vue
 PASS js-fuzzer-try-catch-10b006553cce.js [4623/10000] status=ok obs=8e296a067a37 coverage=+0/32/38 time=2ms
  RUN js-fuzzer-class-c6bbe0a63455.js [4624/10000] md5=c6bbe0a634559d18fa82cf0c9a421610 bytes=100 template=class origin=seed:tests/corpus/obfuscation/constant-tag-mix.test.js
 PASS js-fuzzer-class-c6bbe0a63455.js [4624/10000] status=ok obs=1679091c5a88 coverage=+0/32/38 time=1ms
  RUN js-fuzzer-arithmetic-ec81b8aedcf0.js [4625/10000] md5=ec81b8aedcf0a511c15a13efa2f72d40 bytes=85 template=arithmetic origin=seed:tests/corpus/obfuscation/extern-slot-permutation.test.js
 PASS js-fuzzer-arithmetic-ec81b8aedcf0.js [4625/10000] status=ok obs=d947bf06a885 coverage=+0/32/38 time=2ms
  RUN js-fuzzer-function-805986a3b478.js [4626/10000] md5=805986a3b4784e72cf43592e25340692 bytes=153 template=function origin=seed:tests/corpus/obfuscation/externs-console.test.js
 PASS js-fuzzer-function-805986a3b478.js [4626/10000] status=ok obs=c51ce410c124 coverage=+0/32/38 time=2ms
  RUN js-fuzzer-corpus-38ba19d9deb7.js [4627/10000] md5=38ba19d9deb7566cc8a420c27ada3f21 bytes=136 template=corpus origin=tests/corpus/obfuscation/seed-sensitive-functions.test.js
 PASS js-fuzzer-corpus-38ba19d9deb7.js [4627/10000] status=ok obs=a5bfc9e07964 coverage=+0/32/38 time=2ms
  RUN js-fuzzer-boundary-a6a77cc918cc.js [4628/10000] md5=a6a77cc918cc479b04ccb7be2bd80dac bytes=113 template=boundary origin=boundary:1
 PASS js-fuzzer-boundary-a6a77cc918cc.js [4628/10000] status=ok obs=c4ca4238a0b9 coverage=+0/32/38 time=1ms
  RUN js-fuzzer-block-scope-d7dc549f9ade.js [4629/10000] md5=d7dc549f9ade768b1ef849bbbf76ef07 bytes=114 template=block-scope origin=seed:tests/corpus/regressions/multiple-functions-fib-add.test.js
 PASS js-fuzzer-block-scope-d7dc549f9ade.js [4629/10000] status=ok obs=a3c65c297427 coverage=+0/32/38 time=2ms
  RUN js-fuzzer-loop-bbf1d7a15d8d.js [4630/10000] md5=bbf1d7a15d8dd015402d75c0e0108b5f bytes=81 template=loop origin=seed:tests/corpus/regressions/scope-compressed-closure-params.test.js
 PASS js-fuzzer-loop-bbf1d7a15d8d.js [4630/10000] status=ok obs=1679091c5a88 coverage=+0/32/38 time=2ms
  RUN js-fuzzer-try-catch-676dafc46859.js [4631/10000] md5=676dafc4685905581f3925e95c53669f bytes=110 template=try-catch origin=seed:tests/corpus/runtime/arrays-objects-methods.test.js
 PASS js-fuzzer-try-catch-676dafc46859.js [4631/10000] status=ok obs=a5771bce93e2 coverage=+0/32/38 time=1ms
  RUN js-fuzzer-class-769274f77fa6.js [4632/10000] md5=769274f77fa62254ce7e0eb0e3adf7f1 bytes=100 template=class origin=seed:tests/corpus/runtime/block-scopes.test.js
 PASS js-fuzzer-class-769274f77fa6.js [4632/10000] status=ok obs=c4ca4238a0b9 coverage=+0/32/38 time=2ms
  RUN js-fuzzer-arithmetic-a043015e6c0a.js [4633/10000] md5=a043015e6c0a296ddeb1c3df47105ad6 bytes=84 template=arithmetic origin=seed:tests/corpus/runtime/class-fields-static-methods.test.js
 PASS js-fuzzer-arithmetic-a043015e6c0a.js [4633/10000] status=ok obs=d2ddea18f006 coverage=+0/32/38 time=1ms
  RUN js-fuzzer-function-c472354a037a.js [4634/10000] md5=c472354a037a48d197cd60b4e04af6e0 bytes=153 template=function origin=seed:tests/corpus/runtime/classes-and-objects.test.js
 PASS js-fuzzer-function-c472354a037a.js [4634/10000] status=ok obs=02e74f10e032 coverage=+0/32/38 time=3ms
  RUN js-fuzzer-boundary-37492c99ff33.js [4635/10000] md5=37492c99ff33e9d5e09e0b8e84ba785a bytes=129 template=boundary origin=boundary:-9007199254740991
 PASS js-fuzzer-boundary-37492c99ff33.js [4635/10000] status=ok obs=b3f3a95848f6 coverage=+0/32/38 time=1ms
  RUN js-fuzzer-corpus-08bc93bf5789.js [4636/10000] md5=08bc93bf57897bc88ce7161fe56cd099 bytes=169 template=corpus origin=tests/corpus/runtime/closures-read-captured-values.test.js
 PASS js-fuzzer-corpus-08bc93bf5789.js [4636/10000] status=ok obs=02e74f10e032 coverage=+0/32/38 time=2ms
  RUN js-fuzzer-block-scope-521b3e3723d2.js [4637/10000] md5=521b3e3723d2c6d75529bfe53ce67ca8 bytes=114 template=block-scope origin=seed:tests/corpus/runtime/exceptions-and-nullish.test.js
 PASS js-fuzzer-block-scope-521b3e3723d2.js [4637/10000] status=ok obs=ec8956637a99 coverage=+0/32/38 time=1ms
  RUN js-fuzzer-loop-d35707ad0bf7.js [4638/10000] md5=d35707ad0bf74148f671ad8943998af6 bytes=81 template=loop origin=seed:tests/corpus/runtime/functions-closures-and-arrows.test.js
 PASS js-fuzzer-loop-d35707ad0bf7.js [4638/10000] status=ok obs=9bf31c7ff062 coverage=+0/32/38 time=1ms
  RUN js-fuzzer-try-catch-a173285175b8.js [4639/10000] md5=a173285175b813cddca62eb427efafd5 bytes=110 template=try-catch origin=seed:tests/corpus/runtime/lexical-shadowing.test.js
 PASS js-fuzzer-try-catch-a173285175b8.js [4639/10000] status=ok obs=9a1158154dfa coverage=+0/32/38 time=2ms
  RUN js-fuzzer-class-a35a4dd2f302.js [4640/10000] md5=a35a4dd2f302fda9a0e8d6e2c980c283 bytes=101 template=class origin=seed:tests/corpus/runtime/modules-export.test.js
 PASS js-fuzzer-class-a35a4dd2f302.js [4640/10000] status=ok obs=9bf31c7ff062 coverage=+0/32/38 time=1ms
  RUN js-fuzzer-arithmetic-21df90f76ca2.js [4641/10000] md5=21df90f76ca2ca49300f08229712c086 bytes=85 template=arithmetic origin=seed:tests/corpus/runtime/nested-try-finally.test.js
 PASS js-fuzzer-arithmetic-21df90f76ca2.js [4641/10000] status=ok obs=e56954b4f634 coverage=+0/32/38 time=2ms
  RUN js-fuzzer-boundary-512d8e9b531d.js [4642/10000] md5=512d8e9b531dd316e823325cc949e70e bytes=123 template=boundary origin=boundary:-2147483648
 PASS js-fuzzer-boundary-512d8e9b531d.js [4642/10000] status=ok obs=034ff5946105 coverage=+0/32/38 time=2ms
  RUN js-fuzzer-array-object-c737418f6507.js [4643/10000] md5=c737418f6507e6f6a74934bf56192736 bytes=133 template=array-object origin=seed:tests/corpus/syntax/logical-unary-nullish.test.js
 PASS js-fuzzer-array-object-c737418f6507.js [4643/10000] status=ok obs=d3d9446802a4 coverage=+0/32/38 time=1ms
  RUN js-fuzzer-closure-9087c9a6d676.js [4644/10000] md5=9087c9a6d6762e2897108a08a0b2ae8b bytes=184 template=closure origin=seed:tests/corpus/syntax/object-destructure-and-members.test.js
 PASS js-fuzzer-closure-9087c9a6d676.js [4644/10000] status=ok obs=3416a75f4cea coverage=+0/32/38 time=2ms
  RUN js-fuzzer-corpus-2aed353a2d20.js [4645/10000] md5=2aed353a2d200d64cbaf7beb40face20 bytes=275 template=corpus origin=tests/corpus/syntax/switch-do-while-sequence.test.js
 PASS js-fuzzer-corpus-2aed353a2d20.js [4645/10000] status=ok obs=6f4922f45568 coverage=+0/32/38 time=2ms
  RUN js-fuzzer-loop-d35707ad0bf7.js [4646/10000] md5=d35707ad0bf74148f671ad8943998af6 bytes=81 template=loop origin=seed:tests/corpus/syntax/template-array-destructure.test.js
 PASS js-fuzzer-loop-d35707ad0bf7.js [4646/10000] status=ok obs=9bf31c7ff062 coverage=+0/32/38 time=1ms
  RUN js-fuzzer-try-catch-7fa76a80e531.js [4647/10000] md5=7fa76a80e531298b12538ca11d858f94 bytes=110 template=try-catch origin=seed:tests/corpus/syntax/typescript-assertions.test.ts
 PASS js-fuzzer-try-catch-7fa76a80e531.js [4647/10000] status=ok obs=6ea9ab1baa0e coverage=+0/32/38 time=2ms
  RUN js-fuzzer-class-47fbd3db5853.js [4648/10000] md5=47fbd3db58539fc2e42627a4f3168c79 bytes=101 template=class origin=seed:tests/corpus/syntax/typescript-non-null-satisfies.test.ts
 PASS js-fuzzer-class-47fbd3db5853.js [4648/10000] status=ok obs=98f137082101 coverage=+0/32/38 time=1ms
  RUN js-fuzzer-boundary-6d89c3a838ae.js [4649/10000] md5=6d89c3a838ae354bda64ec37ec2b63b1 bytes=114 template=boundary origin=boundary:-2
 PASS js-fuzzer-boundary-6d89c3a838ae.js [4649/10000] status=ok obs=5d7b9adcbe1c coverage=+0/32/38 time=2ms
  RUN js-fuzzer-function-297962b584b2.js [4650/10000] md5=297962b584b2139723d9064b9ad0de50 bytes=153 template=function origin=seed:tests/corpus/fixtures/state-machine-workflow.test.js
 PASS js-fuzzer-function-297962b584b2.js [4650/10000] status=ok obs=c81e728d9d4c coverage=+0/32/38 time=2ms
  RUN js-fuzzer-array-object-5732b55ba0de.js [4651/10000] md5=5732b55ba0dee15daef690b13936dfe9 bytes=133 template=array-object origin=seed:tests/corpus/fixtures/vue-script-workflow.test.vue
 PASS js-fuzzer-array-object-5732b55ba0de.js [4651/10000] status=ok obs=6f4922f45568 coverage=+0/32/38 time=1ms
  RUN js-fuzzer-closure-47e8dc8d82bf.js [4652/10000] md5=47e8dc8d82bf0b28b6346f0ca212f964 bytes=183 template=closure origin=seed:tests/corpus/obfuscation/constant-tag-mix.test.js
 PASS js-fuzzer-closure-47e8dc8d82bf.js [4652/10000] status=ok obs=02e74f10e032 coverage=+0/32/38 time=1ms
  RUN js-fuzzer-block-scope-0646405d6bb2.js [4653/10000] md5=0646405d6bb2ceae05fe69841edcc9c1 bytes=114 template=block-scope origin=seed:tests/corpus/obfuscation/extern-slot-permutation.test.js
 PASS js-fuzzer-block-scope-0646405d6bb2.js [4653/10000] status=ok obs=a97da629b098 coverage=+0/32/38 time=2ms
  RUN js-fuzzer-corpus-efd663ac427b.js [4654/10000] md5=efd663ac427b5ca270b2f8b928c902bf bytes=112 template=corpus origin=tests/corpus/obfuscation/externs-console.test.js
 PASS js-fuzzer-corpus-efd663ac427b.js [4654/10000] status=ok obs=d289993e39c8 coverage=+0/32/38 time=1ms
  RUN js-fuzzer-try-catch-02a6aedaa978.js [4655/10000] md5=02a6aedaa97879d59ffd66c80df1d065 bytes=109 template=try-catch origin=seed:tests/corpus/obfuscation/seed-sensitive-functions.test.js
 PASS js-fuzzer-try-catch-02a6aedaa978.js [4655/10000] status=ok obs=e4da3b7fbbce coverage=+0/32/38 time=2ms
  RUN js-fuzzer-boundary-61a9a82f5f08.js [4656/10000] md5=61a9a82f5f08bc177f13c805ba785d7d bytes=114 template=boundary origin=boundary:-1
 PASS js-fuzzer-boundary-61a9a82f5f08.js [4656/10000] status=ok obs=6bb61e3b7bce coverage=+0/32/38 time=1ms
  RUN js-fuzzer-arithmetic-261317a01708.js [4657/10000] md5=261317a01708f4826010a9c267d9fb30 bytes=83 template=arithmetic origin=seed:tests/corpus/regressions/multiple-functions-fib-add.test.js
 PASS js-fuzzer-arithmetic-261317a01708.js [4657/10000] status=ok obs=3c59dc048e88 coverage=+0/32/38 time=1ms
  RUN js-fuzzer-function-e04598e59cc1.js [4658/10000] md5=e04598e59cc109c5f5c20638fe37a892 bytes=153 template=function origin=seed:tests/corpus/regressions/scope-compressed-closure-params.test.js
 PASS js-fuzzer-function-e04598e59cc1.js [4658/10000] status=ok obs=d3d9446802a4 coverage=+0/32/38 time=2ms
  RUN js-fuzzer-array-object-ded35a437ad5.js [4659/10000] md5=ded35a437ad5d57f7dfb50f9d542307e bytes=133 template=array-object origin=seed:tests/corpus/runtime/arrays-objects-methods.test.js
 PASS js-fuzzer-array-object-ded35a437ad5.js [4659/10000] status=ok obs=1f0e3dad9990 coverage=+0/32/38 time=2ms
  RUN js-fuzzer-closure-1d466197f780.js [4660/10000] md5=1d466197f780581c10c78bc9a1e10794 bytes=183 template=closure origin=seed:tests/corpus/runtime/block-scopes.test.js
 PASS js-fuzzer-closure-1d466197f780.js [4660/10000] status=ok obs=6ea9ab1baa0e coverage=+0/32/38 time=2ms
  RUN js-fuzzer-block-scope-8f840eb525e6.js [4661/10000] md5=8f840eb525e6e000702e158647a4de1c bytes=114 template=block-scope origin=seed:tests/corpus/runtime/class-fields-static-methods.test.js
 PASS js-fuzzer-block-scope-8f840eb525e6.js [4661/10000] status=ok obs=2723d092b638 coverage=+0/32/38 time=1ms
  RUN js-fuzzer-loop-55c7c905bffb.js [4662/10000] md5=55c7c905bffb4bbbc4c8fb9b91df6ad8 bytes=81 template=loop origin=seed:tests/corpus/runtime/classes-and-objects.test.js
 PASS js-fuzzer-loop-55c7c905bffb.js [4662/10000] status=ok obs=eccbc87e4b5c coverage=+0/32/38 time=2ms
  RUN js-fuzzer-corpus-ddcb99247fc8.js [4663/10000] md5=ddcb99247fc847c897b97c6bd6512b9f bytes=217 template=corpus origin=tests/corpus/runtime/closures-mutate-captured-bindings.test.js
 PASS js-fuzzer-corpus-ddcb99247fc8.js [4663/10000] status=ok obs=e4da3b7fbbce coverage=+0/32/38 time=1ms
  RUN js-fuzzer-class-f454a055ed5d.js [4664/10000] md5=f454a055ed5dc800cb1ab66abc7a01de bytes=100 template=class origin=seed:tests/corpus/runtime/closures-read-captured-values.test.js
 PASS js-fuzzer-class-f454a055ed5d.js [4664/10000] status=ok obs=a87ff679a2f3 coverage=+0/32/38 time=1ms
  RUN js-fuzzer-arithmetic-19f9972447fb.js [4665/10000] md5=19f9972447fb0d6e4fc77a238480718c bytes=84 template=arithmetic origin=seed:tests/corpus/runtime/exceptions-and-nullish.test.js
 PASS js-fuzzer-arithmetic-19f9972447fb.js [4665/10000] status=ok obs=2a38a4a9316c coverage=+0/32/38 time=2ms
  RUN js-fuzzer-function-3e322d578629.js [4666/10000] md5=3e322d5786297aab4fec4c2fa56a2542 bytes=153 template=function origin=seed:tests/corpus/runtime/functions-closures-and-arrows.test.js
 PASS js-fuzzer-function-3e322d578629.js [4666/10000] status=ok obs=1679091c5a88 coverage=+0/32/38 time=1ms
  RUN js-fuzzer-array-object-72872e9c1ab2.js [4667/10000] md5=72872e9c1ab2c94186f7dc13713e0dc8 bytes=133 template=array-object origin=seed:tests/corpus/runtime/lexical-shadowing.test.js
 PASS js-fuzzer-array-object-72872e9c1ab2.js [4667/10000] status=ok obs=c51ce410c124 coverage=+0/32/38 time=2ms
  RUN js-fuzzer-closure-26e9fa969e84.js [4668/10000] md5=26e9fa969e8413b3048c343a21f218ef bytes=184 template=closure origin=seed:tests/corpus/runtime/modules-export.test.js
 PASS js-fuzzer-closure-26e9fa969e84.js [4668/10000] status=ok obs=d82c8d1619ad coverage=+0/32/38 time=2ms
  RUN js-fuzzer-block-scope-df326a783e44.js [4669/10000] md5=df326a783e443a769c41a25a6d6a8cc0 bytes=114 template=block-scope origin=seed:tests/corpus/runtime/nested-try-finally.test.js
 PASS js-fuzzer-block-scope-df326a783e44.js [4669/10000] status=ok obs=a97da629b098 coverage=+0/32/38 time=1ms
  RUN js-fuzzer-boundary-4bea2a6e0cb0.js [4670/10000] md5=4bea2a6e0cb0c7bb0b29e5b5d44112d8 bytes=128 template=boundary origin=boundary:9007199254740991
 PASS js-fuzzer-boundary-4bea2a6e0cb0.js [4670/10000] status=ok obs=dc9a0d67a31d coverage=+0/32/38 time=2ms
  RUN js-fuzzer-try-catch-949865ef2d04.js [4671/10000] md5=949865ef2d045cce3ed2d503f7e03e63 bytes=110 template=try-catch origin=seed:tests/corpus/syntax/logical-unary-nullish.test.js
 PASS js-fuzzer-try-catch-949865ef2d04.js [4671/10000] status=ok obs=6f4922f45568 coverage=+0/32/38 time=2ms
  RUN js-fuzzer-corpus-96ebdcb81273.js [4672/10000] md5=96ebdcb81273f0e5e5778a6c70c94988 bytes=171 template=corpus origin=tests/corpus/syntax/object-destructure-and-members.test.js
 PASS js-fuzzer-corpus-96ebdcb81273.js [4672/10000] status=ok obs=bfad8dfa12ed coverage=+0/32/38 time=2ms
  RUN js-fuzzer-arithmetic-e07a6e413696.js [4673/10000] md5=e07a6e4136966e2c60f848e92aae72ca bytes=85 template=arithmetic origin=seed:tests/corpus/syntax/switch-do-while-sequence.test.js
 PASS js-fuzzer-arithmetic-e07a6e413696.js [4673/10000] status=ok obs=363663881777 coverage=+0/32/38 time=2ms
  RUN js-fuzzer-function-3c5d7cd75696.js [4674/10000] md5=3c5d7cd75696cd405bd2fe4a10121d7f bytes=153 template=function origin=seed:tests/corpus/syntax/template-array-destructure.test.js
 PASS js-fuzzer-function-3c5d7cd75696.js [4674/10000] status=ok obs=c20ad4d76fe9 coverage=+0/32/38 time=2ms
  RUN js-fuzzer-array-object-7b1b5522fd8f.js [4675/10000] md5=7b1b5522fd8fd8ceee2619f51c9a60ca bytes=133 template=array-object origin=seed:tests/corpus/syntax/typescript-assertions.test.ts
 PASS js-fuzzer-array-object-7b1b5522fd8f.js [4675/10000] status=ok obs=1679091c5a88 coverage=+0/32/38 time=1ms
  RUN js-fuzzer-closure-ad781cdff4a1.js [4676/10000] md5=ad781cdff4a1581da763056555e9ae03 bytes=184 template=closure origin=seed:tests/corpus/syntax/typescript-non-null-satisfies.test.ts
 PASS js-fuzzer-closure-ad781cdff4a1.js [4676/10000] status=ok obs=14bfa6bb1487 coverage=+0/32/38 time=1ms
  RUN js-fuzzer-boundary-5c12d757f0dd.js [4677/10000] md5=5c12d757f0ddd5c6b1207b14fb1e8d0c bytes=122 template=boundary origin=boundary:2147483647
 PASS js-fuzzer-boundary-5c12d757f0dd.js [4677/10000] status=ok obs=c588c0a459f4 coverage=+0/32/38 time=2ms
  RUN js-fuzzer-loop-d35707ad0bf7.js [4678/10000] md5=d35707ad0bf74148f671ad8943998af6 bytes=81 template=loop origin=seed:tests/corpus/fixtures/state-machine-workflow.test.js
 PASS js-fuzzer-loop-d35707ad0bf7.js [4678/10000] status=ok obs=9bf31c7ff062 coverage=+0/32/38 time=1ms
  RUN js-fuzzer-try-catch-676dafc46859.js [4679/10000] md5=676dafc4685905581f3925e95c53669f bytes=110 template=try-catch origin=seed:tests/corpus/fixtures/vue-script-workflow.test.vue
 PASS js-fuzzer-try-catch-676dafc46859.js [4679/10000] status=ok obs=a5771bce93e2 coverage=+0/32/38 time=1ms
  RUN js-fuzzer-class-b1e3642c0208.js [4680/10000] md5=b1e3642c0208992266fb21668a536292 bytes=100 template=class origin=seed:tests/corpus/obfuscation/constant-tag-mix.test.js
 PASS js-fuzzer-class-b1e3642c0208.js [4680/10000] status=ok obs=c9f0f895fb98 coverage=+0/32/38 time=2ms
  RUN js-fuzzer-corpus-fe2d30a6e413.js [4681/10000] md5=fe2d30a6e4139e7a8b52405bed737faa bytes=220 template=corpus origin=tests/corpus/obfuscation/extern-slot-permutation.test.js
 PASS js-fuzzer-corpus-fe2d30a6e413.js [4681/10000] status=ok obs=c34c702d0256 coverage=+0/32/38 time=2ms
  RUN js-fuzzer-function-d9597d28535f.js [4682/10000] md5=d9597d28535fd2b10f5ca10cf87a7bb6 bytes=153 template=function origin=seed:tests/corpus/obfuscation/externs-console.test.js
 PASS js-fuzzer-function-d9597d28535f.js [4682/10000] status=ok obs=6f4922f45568 coverage=+0/32/38 time=2ms
  RUN js-fuzzer-array-object-4107c6933995.js [4683/10000] md5=4107c693399501ce0d122f05a905ae8b bytes=133 template=array-object origin=seed:tests/corpus/obfuscation/seed-sensitive-functions.test.js
 PASS js-fuzzer-array-object-4107c6933995.js [4683/10000] status=ok obs=c74d97b01eae coverage=+0/32/38 time=2ms
  RUN js-fuzzer-boundary-85faf3787c26.js [4684/10000] md5=85faf3787c26ca3bad9215a544873988 bytes=113 template=boundary origin=boundary:2
 PASS js-fuzzer-boundary-85faf3787c26.js [4684/10000] status=ok obs=c81e728d9d4c coverage=+0/32/38 time=2ms
  RUN js-fuzzer-block-scope-cd4ca530ceaa.js [4685/10000] md5=cd4ca530ceaae2742d31ed87b34a7cc3 bytes=114 template=block-scope origin=seed:tests/corpus/regressions/multiple-functions-fib-add.test.js
 PASS js-fuzzer-block-scope-cd4ca530ceaa.js [4685/10000] status=ok obs=c9e1074f5b3f coverage=+0/32/38 time=1ms
  RUN js-fuzzer-loop-bbf1d7a15d8d.js [4686/10000] md5=bbf1d7a15d8dd015402d75c0e0108b5f bytes=81 template=loop origin=seed:tests/corpus/regressions/scope-compressed-closure-params.test.js
 PASS js-fuzzer-loop-bbf1d7a15d8d.js [4686/10000] status=ok obs=1679091c5a88 coverage=+0/32/38 time=2ms
  RUN js-fuzzer-try-catch-398077b2e1d6.js [4687/10000] md5=398077b2e1d6a50d953f7a907c7a061d bytes=110 template=try-catch origin=seed:tests/corpus/runtime/arrays-objects-methods.test.js
 PASS js-fuzzer-try-catch-398077b2e1d6.js [4687/10000] status=ok obs=6364d3f0f495 coverage=+0/32/38 time=2ms
  RUN js-fuzzer-class-51ea152a707e.js [4688/10000] md5=51ea152a707ed5422ab3e5b3ddb7fe43 bytes=100 template=class origin=seed:tests/corpus/runtime/block-scopes.test.js
 PASS js-fuzzer-class-51ea152a707e.js [4688/10000] status=ok obs=e4da3b7fbbce coverage=+0/32/38 time=1ms
  RUN js-fuzzer-arithmetic-0b4d3e4a42b2.js [4689/10000] md5=0b4d3e4a42b29d569d6627ac1c93769a bytes=85 template=arithmetic origin=seed:tests/corpus/runtime/class-fields-static-methods.test.js
 PASS js-fuzzer-arithmetic-0b4d3e4a42b2.js [4689/10000] status=ok obs=a3f390d88e4c coverage=+0/32/38 time=2ms
  RUN js-fuzzer-corpus-663bf83cd082.js [4690/10000] md5=663bf83cd082bd221441dae6bbc85046 bytes=278 template=corpus origin=tests/corpus/runtime/classes-and-objects.test.js
 PASS js-fuzzer-corpus-663bf83cd082.js [4690/10000] status=ok obs=6f4922f45568 coverage=+0/32/38 time=2ms
  RUN js-fuzzer-boundary-ccde2dac26f6.js [4691/10000] md5=ccde2dac26f6d3fd46c3698825685fe3 bytes=113 template=boundary origin=boundary:1
 PASS js-fuzzer-boundary-ccde2dac26f6.js [4691/10000] status=ok obs=c4ca4238a0b9 coverage=+0/32/38 time=1ms
  RUN js-fuzzer-closure-9ad26e7e8a90.js [4692/10000] md5=9ad26e7e8a90b966d4e3bafd67969ed8 bytes=183 template=closure origin=seed:tests/corpus/runtime/closures-read-captured-values.test.js
 PASS js-fuzzer-closure-9ad26e7e8a90.js [4692/10000] status=ok obs=02e74f10e032 coverage=+0/32/38 time=2ms
  RUN js-fuzzer-block-scope-bc0e6e638c42.js [4693/10000] md5=bc0e6e638c42d0e5f0ca421e2d343582 bytes=114 template=block-scope origin=seed:tests/corpus/runtime/exceptions-and-nullish.test.js
 PASS js-fuzzer-block-scope-bc0e6e638c42.js [4693/10000] status=ok obs=2723d092b638 coverage=+0/32/38 time=2ms
  RUN js-fuzzer-loop-b88258462a8d.js [4694/10000] md5=b88258462a8d880f8b0e459fa23b2536 bytes=81 template=loop origin=seed:tests/corpus/runtime/functions-closures-and-arrows.test.js
 PASS js-fuzzer-loop-b88258462a8d.js [4694/10000] status=ok obs=3c59dc048e88 coverage=+0/32/38 time=2ms
  RUN js-fuzzer-try-catch-42a4cfadce42.js [4695/10000] md5=42a4cfadce4239139aa1e7114c2e99a2 bytes=110 template=try-catch origin=seed:tests/corpus/runtime/lexical-shadowing.test.js
 PASS js-fuzzer-try-catch-42a4cfadce42.js [4695/10000] status=ok obs=19ca14e7ea63 coverage=+0/32/38 time=1ms
  RUN js-fuzzer-class-d8979b510eb0.js [4696/10000] md5=d8979b510eb085c9e0e846586f80f265 bytes=101 template=class origin=seed:tests/corpus/runtime/modules-export.test.js
 PASS js-fuzzer-class-d8979b510eb0.js [4696/10000] status=ok obs=c74d97b01eae coverage=+0/32/38 time=2ms
  RUN js-fuzzer-arithmetic-a011da162a7d.js [4697/10000] md5=a011da162a7d005e9977c361f86b220d bytes=84 template=arithmetic origin=seed:tests/corpus/runtime/nested-try-finally.test.js
 PASS js-fuzzer-arithmetic-a011da162a7d.js [4697/10000] status=ok obs=f4b9ec30ad9f coverage=+0/32/38 time=1ms
  RUN js-fuzzer-boundary-37492c99ff33.js [4698/10000] md5=37492c99ff33e9d5e09e0b8e84ba785a bytes=129 template=boundary origin=boundary:-9007199254740991
 PASS js-fuzzer-boundary-37492c99ff33.js [4698/10000] status=ok obs=b3f3a95848f6 coverage=+0/32/38 time=1ms
  RUN js-fuzzer-corpus-279b64032335.js [4699/10000] md5=279b640323351a1b082b98b42d2a2d55 bytes=134 template=corpus origin=tests/corpus/syntax/logical-unary-nullish.test.js
 PASS js-fuzzer-corpus-279b64032335.js [4699/10000] status=ok obs=45c48cce2e2d coverage=+0/32/38 time=2ms
  RUN js-fuzzer-closure-478db36f55ed.js [4700/10000] md5=478db36f55ed45a7a14849a44c78790e bytes=183 template=closure origin=seed:tests/corpus/syntax/object-destructure-and-members.test.js
 PASS js-fuzzer-closure-478db36f55ed.js [4700/10000] status=ok obs=70efdf2ec9b0 coverage=+0/32/38 time=2ms
  RUN js-fuzzer-block-scope-b7354b2c1705.js [4701/10000] md5=b7354b2c17056cef9934cdad4bef523b bytes=114 template=block-scope origin=seed:tests/corpus/syntax/switch-do-while-sequence.test.js
 PASS js-fuzzer-block-scope-b7354b2c1705.js [4701/10000] status=ok obs=f0935e4cd592 coverage=+0/32/38 time=4ms
  RUN js-fuzzer-loop-bbf1d7a15d8d.js [4702/10000] md5=bbf1d7a15d8dd015402d75c0e0108b5f bytes=81 template=loop origin=seed:tests/corpus/syntax/template-array-destructure.test.js
 PASS js-fuzzer-loop-bbf1d7a15d8d.js [4702/10000] status=ok obs=1679091c5a88 coverage=+0/32/38 time=2ms
  RUN js-fuzzer-try-catch-42a4cfadce42.js [4703/10000] md5=42a4cfadce4239139aa1e7114c2e99a2 bytes=110 template=try-catch origin=seed:tests/corpus/syntax/typescript-assertions.test.ts
 PASS js-fuzzer-try-catch-42a4cfadce42.js [4703/10000] status=ok obs=19ca14e7ea63 coverage=+0/32/38 time=2ms
  RUN js-fuzzer-class-47fbd3db5853.js [4704/10000] md5=47fbd3db58539fc2e42627a4f3168c79 bytes=101 template=class origin=seed:tests/corpus/syntax/typescript-non-null-satisfies.test.ts
 PASS js-fuzzer-class-47fbd3db5853.js [4704/10000] status=ok obs=98f137082101 coverage=+0/32/38 time=2ms
  RUN js-fuzzer-boundary-56f451fe2902.js [4705/10000] md5=56f451fe2902341a3a470031c46238b3 bytes=123 template=boundary origin=boundary:-2147483648
 PASS js-fuzzer-boundary-56f451fe2902.js [4705/10000] status=ok obs=034ff5946105 coverage=+0/32/38 time=3ms
  RUN js-fuzzer-function-4b9684ea9e29.js [4706/10000] md5=4b9684ea9e291ddb6515f98bf0c93905 bytes=153 template=function origin=seed:tests/corpus/fixtures/state-machine-workflow.test.js
 PASS js-fuzzer-function-4b9684ea9e29.js [4706/10000] status=ok obs=eccbc87e4b5c coverage=+0/32/38 time=2ms
  RUN js-fuzzer-array-object-61ff514e1d44.js [4707/10000] md5=61ff514e1d44a79b384039ac11295d7a bytes=133 template=array-object origin=seed:tests/corpus/fixtures/vue-script-workflow.test.vue
 PASS js-fuzzer-array-object-61ff514e1d44.js [4707/10000] status=ok obs=c51ce410c124 coverage=+0/32/38 time=2ms
  RUN js-fuzzer-corpus-f00ef18b0a17.js [4708/10000] md5=f00ef18b0a172b2a2d9833f5b7fe94e2 bytes=199 template=corpus origin=tests/corpus/obfuscation/constant-tag-mix.test.js
 PASS js-fuzzer-corpus-f00ef18b0a17.js [4708/10000] status=ok obs=e86823f38986 coverage=+0/32/38 time=1ms
  RUN js-fuzzer-block-scope-9dc0e86aca83.js [4709/10000] md5=9dc0e86aca83286834d822ec0fa34c95 bytes=114 template=block-scope origin=seed:tests/corpus/obfuscation/extern-slot-permutation.test.js
 PASS js-fuzzer-block-scope-9dc0e86aca83.js [4709/10000] status=ok obs=ec8956637a99 coverage=+0/32/38 time=2ms
  RUN js-fuzzer-loop-b88258462a8d.js [4710/10000] md5=b88258462a8d880f8b0e459fa23b2536 bytes=81 template=loop origin=seed:tests/corpus/obfuscation/externs-console.test.js
 PASS js-fuzzer-loop-b88258462a8d.js [4710/10000] status=ok obs=3c59dc048e88 coverage=+0/32/38 time=2ms
  RUN js-fuzzer-try-catch-7fa76a80e531.js [4711/10000] md5=7fa76a80e531298b12538ca11d858f94 bytes=110 template=try-catch origin=seed:tests/corpus/obfuscation/seed-sensitive-functions.test.js
 PASS js-fuzzer-try-catch-7fa76a80e531.js [4711/10000] status=ok obs=6ea9ab1baa0e coverage=+0/32/38 time=1ms
  RUN js-fuzzer-boundary-db03eeac3914.js [4712/10000] md5=db03eeac3914e8f0a7bfea9eefe9f0de bytes=114 template=boundary origin=boundary:-2
 PASS js-fuzzer-boundary-db03eeac3914.js [4712/10000] status=ok obs=5d7b9adcbe1c coverage=+0/32/38 time=2ms
  RUN js-fuzzer-arithmetic-5bebc67e7ada.js [4713/10000] md5=5bebc67e7ada5ccc241890d0b6f56c5a bytes=85 template=arithmetic origin=seed:tests/corpus/regressions/multiple-functions-fib-add.test.js
 PASS js-fuzzer-arithmetic-5bebc67e7ada.js [4713/10000] status=ok obs=c0e190d8267e coverage=+0/32/38 time=1ms
  RUN js-fuzzer-function-ba7ea055d439.js [4714/10000] md5=ba7ea055d4397ffca213251195491d86 bytes=153 template=function origin=seed:tests/corpus/regressions/scope-compressed-closure-params.test.js
 PASS js-fuzzer-function-ba7ea055d439.js [4714/10000] status=ok obs=8f14e45fceea coverage=+0/32/38 time=5ms
  RUN js-fuzzer-array-object-3e061f21d3f1.js [4715/10000] md5=3e061f21d3f1952ec8cdd3e762a65b59 bytes=133 template=array-object origin=seed:tests/corpus/runtime/arrays-objects-methods.test.js
 PASS js-fuzzer-array-object-3e061f21d3f1.js [4715/10000] status=ok obs=c9f0f895fb98 coverage=+0/32/38 time=1ms
  RUN js-fuzzer-closure-ba26aff6f7d9.js [4716/10000] md5=ba26aff6f7d945638af8e61787d4e4ea bytes=184 template=closure origin=seed:tests/corpus/runtime/block-scopes.test.js
 PASS js-fuzzer-closure-ba26aff6f7d9.js [4716/10000] status=ok obs=182be0c5cdcd coverage=+0/32/38 time=2ms
  RUN js-fuzzer-corpus-a64e83c2f849.js [4717/10000] md5=a64e83c2f84925dca8985eabe963ee21 bytes=179 template=corpus origin=tests/corpus/runtime/class-fields-static-methods.test.js
 PASS js-fuzzer-corpus-a64e83c2f849.js [4717/10000] status=ok obs=8f14e45fceea coverage=+0/32/38 time=2ms
  RUN js-fuzzer-loop-55c7c905bffb.js [4718/10000] md5=55c7c905bffb4bbbc4c8fb9b91df6ad8 bytes=81 template=loop origin=seed:tests/corpus/runtime/classes-and-objects.test.js
 PASS js-fuzzer-loop-55c7c905bffb.js [4718/10000] status=ok obs=eccbc87e4b5c coverage=+0/32/38 time=1ms
  RUN js-fuzzer-boundary-1024adcac0e5.js [4719/10000] md5=1024adcac0e5cc9f99f478fa66dcc00c bytes=114 template=boundary origin=boundary:-1
 PASS js-fuzzer-boundary-1024adcac0e5.js [4719/10000] status=ok obs=6bb61e3b7bce coverage=+0/32/38 time=2ms
  RUN js-fuzzer-class-d8979b510eb0.js [4720/10000] md5=d8979b510eb085c9e0e846586f80f265 bytes=101 template=class origin=seed:tests/corpus/runtime/closures-read-captured-values.test.js
 PASS js-fuzzer-class-d8979b510eb0.js [4720/10000] status=ok obs=c74d97b01eae coverage=+0/32/38 time=1ms
  RUN js-fuzzer-arithmetic-fb8a5a425deb.js [4721/10000] md5=fb8a5a425deb5724ef3f2cb2596a3027 bytes=86 template=arithmetic origin=seed:tests/corpus/runtime/exceptions-and-nullish.test.js
 PASS js-fuzzer-arithmetic-fb8a5a425deb.js [4721/10000] status=ok obs=e56954b4f634 coverage=+0/32/38 time=2ms
  RUN js-fuzzer-function-831f4ac0cd0e.js [4722/10000] md5=831f4ac0cd0ee5c472d5e3bccfaabf34 bytes=153 template=function origin=seed:tests/corpus/runtime/functions-closures-and-arrows.test.js
 PASS js-fuzzer-function-831f4ac0cd0e.js [4722/10000] status=ok obs=c9f0f895fb98 coverage=+0/32/38 time=3ms
  RUN js-fuzzer-array-object-821e3dd8a312.js [4723/10000] md5=821e3dd8a312fbe6d87462a901799f6a bytes=133 template=array-object origin=seed:tests/corpus/runtime/lexical-shadowing.test.js
 PASS js-fuzzer-array-object-821e3dd8a312.js [4723/10000] status=ok obs=c20ad4d76fe9 coverage=+0/32/38 time=2ms
  RUN js-fuzzer-closure-a44f6e079f72.js [4724/10000] md5=a44f6e079f72c5ca044334b5ad15c646 bytes=184 template=closure origin=seed:tests/corpus/runtime/modules-export.test.js
 PASS js-fuzzer-closure-a44f6e079f72.js [4724/10000] status=ok obs=2838023a778d coverage=+0/32/38 time=2ms
  RUN js-fuzzer-block-scope-8b9f5a7a09a4.js [4725/10000] md5=8b9f5a7a09a4f79722da979182f2730c bytes=114 template=block-scope origin=seed:tests/corpus/runtime/nested-try-finally.test.js
 PASS js-fuzzer-block-scope-8b9f5a7a09a4.js [4725/10000] status=ok obs=a97da629b098 coverage=+0/32/38 time=2ms
  RUN js-fuzzer-corpus-89e900fcb72f.js [4726/10000] md5=89e900fcb72ff838bfe9a13ae091363f bytes=228 template=corpus origin=tests/corpus/syntax/control-flow-and-operators.test.js
 PASS js-fuzzer-corpus-89e900fcb72f.js [4726/10000] status=ok obs=aab3238922bc coverage=+0/32/38 time=2ms
  RUN js-fuzzer-try-catch-e6fdc2579e78.js [4727/10000] md5=e6fdc2579e7880bc0b759de7af5133ab bytes=110 template=try-catch origin=seed:tests/corpus/syntax/logical-unary-nullish.test.js
 PASS js-fuzzer-try-catch-e6fdc2579e78.js [4727/10000] status=ok obs=d645920e395f coverage=+0/32/38 time=1ms
  RUN js-fuzzer-class-b1e3642c0208.js [4728/10000] md5=b1e3642c0208992266fb21668a536292 bytes=100 template=class origin=seed:tests/corpus/syntax/object-destructure-and-members.test.js
 PASS js-fuzzer-class-b1e3642c0208.js [4728/10000] status=ok obs=c9f0f895fb98 coverage=+0/32/38 time=2ms
  RUN js-fuzzer-arithmetic-a0b190d233ff.js [4729/10000] md5=a0b190d233ffae259384861e01eea0d7 bytes=85 template=arithmetic origin=seed:tests/corpus/syntax/switch-do-while-sequence.test.js
 PASS js-fuzzer-arithmetic-a0b190d233ff.js [4729/10000] status=ok obs=42a0e188f503 coverage=+0/32/38 time=1ms
  RUN js-fuzzer-function-88a1a2ce9ecc.js [4730/10000] md5=88a1a2ce9eccc8d7f1092c43da9e0b1f bytes=153 template=function origin=seed:tests/corpus/syntax/template-array-destructure.test.js
 PASS js-fuzzer-function-88a1a2ce9ecc.js [4730/10000] status=ok obs=45c48cce2e2d coverage=+0/32/38 time=2ms
  RUN js-fuzzer-array-object-1f916e43f0dd.js [4731/10000] md5=1f916e43f0dd817367dc23f647fe1a50 bytes=133 template=array-object origin=seed:tests/corpus/syntax/typescript-assertions.test.ts
 PASS js-fuzzer-array-object-1f916e43f0dd.js [4731/10000] status=ok obs=6512bd43d9ca coverage=+0/32/38 time=2ms
  RUN js-fuzzer-closure-a392587cefad.js [4732/10000] md5=a392587cefadebb87f0199c89f117b0a bytes=183 template=closure origin=seed:tests/corpus/syntax/typescript-non-null-satisfies.test.ts
 PASS js-fuzzer-closure-a392587cefad.js [4732/10000] status=ok obs=182be0c5cdcd coverage=+0/32/38 time=1ms
  RUN js-fuzzer-boundary-83aee5cf07de.js [4733/10000] md5=83aee5cf07deb9d5ce59aec8aff7a227 bytes=128 template=boundary origin=boundary:9007199254740991
 PASS js-fuzzer-boundary-83aee5cf07de.js [4733/10000] status=ok obs=8bfa9ad090fb coverage=+0/32/38 time=2ms
  RUN js-fuzzer-loop-f495ca2fc638.js [4734/10000] md5=f495ca2fc6389f933578fc501f5b1465 bytes=81 template=loop origin=seed:tests/corpus/fixtures/state-machine-workflow.test.js
 PASS js-fuzzer-loop-f495ca2fc638.js [4734/10000] status=ok obs=c4ca4238a0b9 coverage=+0/32/38 time=1ms
  RUN js-fuzzer-corpus-f722388c7961.js [4735/10000] md5=f722388c7961d2a0288508c35f28a5f8 bytes=96 template=corpus origin=tests/corpus/fixtures/vue-script-workflow.test.vue
 PASS js-fuzzer-corpus-f722388c7961.js [4735/10000] status=ok obs=6512bd43d9ca coverage=+0/32/38 time=2ms
  RUN js-fuzzer-class-1fb70654253d.js [4736/10000] md5=1fb70654253d944404805630039f463c bytes=101 template=class origin=seed:tests/corpus/obfuscation/constant-tag-mix.test.js
 PASS js-fuzzer-class-1fb70654253d.js [4736/10000] status=ok obs=c51ce410c124 coverage=+0/32/38 time=2ms
  RUN js-fuzzer-arithmetic-0f87cf45cd3c.js [4737/10000] md5=0f87cf45cd3c115ef859d648c4dde751 bytes=85 template=arithmetic origin=seed:tests/corpus/obfuscation/extern-slot-permutation.test.js
 PASS js-fuzzer-arithmetic-0f87cf45cd3c.js [4737/10000] status=ok obs=32bb90e8976a coverage=+0/32/38 time=1ms
  RUN js-fuzzer-function-d9597d28535f.js [4738/10000] md5=d9597d28535fd2b10f5ca10cf87a7bb6 bytes=153 template=function origin=seed:tests/corpus/obfuscation/externs-console.test.js
 PASS js-fuzzer-function-d9597d28535f.js [4738/10000] status=ok obs=6f4922f45568 coverage=+0/32/38 time=2ms
  RUN js-fuzzer-array-object-f21dcfcc6281.js [4739/10000] md5=f21dcfcc628180fec4a84e41729bc3d9 bytes=133 template=array-object origin=seed:tests/corpus/obfuscation/seed-sensitive-functions.test.js
 PASS js-fuzzer-array-object-f21dcfcc6281.js [4739/10000] status=ok obs=c74d97b01eae coverage=+0/32/38 time=2ms
  RUN js-fuzzer-boundary-4b188851088a.js [4740/10000] md5=4b188851088a18b5b5e1424320aec545 bytes=122 template=boundary origin=boundary:2147483647
 PASS js-fuzzer-boundary-4b188851088a.js [4740/10000] status=ok obs=c588c0a459f4 coverage=+0/32/38 time=1ms
  RUN js-fuzzer-block-scope-abe4791afcdb.js [4741/10000] md5=abe4791afcdb021f11eb2a51d3daa235 bytes=114 template=block-scope origin=seed:tests/corpus/regressions/multiple-functions-fib-add.test.js
 PASS js-fuzzer-block-scope-abe4791afcdb.js [4741/10000] status=ok obs=a3c65c297427 coverage=+0/32/38 time=2ms
  RUN js-fuzzer-loop-bbf1d7a15d8d.js [4742/10000] md5=bbf1d7a15d8dd015402d75c0e0108b5f bytes=81 template=loop origin=seed:tests/corpus/regressions/scope-compressed-closure-params.test.js
 PASS js-fuzzer-loop-bbf1d7a15d8d.js [4742/10000] status=ok obs=1679091c5a88 coverage=+0/32/38 time=2ms
  RUN js-fuzzer-try-catch-49469dc3bbde.js [4743/10000] md5=49469dc3bbdee70291dead76d4352702 bytes=109 template=try-catch origin=seed:tests/corpus/runtime/arrays-objects-methods.test.js
 PASS js-fuzzer-try-catch-49469dc3bbde.js [4743/10000] status=ok obs=d3d9446802a4 coverage=+0/32/38 time=1ms
  RUN js-fuzzer-corpus-8b78ba7912c5.js [4744/10000] md5=8b78ba7912c51f6cf304b65c6ebdb2e3 bytes=289 template=corpus origin=tests/corpus/runtime/block-scopes.test.js
 PASS js-fuzzer-corpus-8b78ba7912c5.js [4744/10000] status=ok obs=37693cfc7480 coverage=+0/32/38 time=2ms
  RUN js-fuzzer-arithmetic-361792f1a75a.js [4745/10000] md5=361792f1a75a94117ac90d3defd47bb4 bytes=83 template=arithmetic origin=seed:tests/corpus/runtime/class-fields-static-methods.test.js
 PASS js-fuzzer-arithmetic-361792f1a75a.js [4745/10000] status=ok obs=3416a75f4cea coverage=+0/32/38 time=2ms
  RUN js-fuzzer-function-cb7d7d91d83d.js [4746/10000] md5=cb7d7d91d83d165500656240f14cd1fc bytes=153 template=function origin=seed:tests/corpus/runtime/classes-and-objects.test.js
 PASS js-fuzzer-function-cb7d7d91d83d.js [4746/10000] status=ok obs=8f14e45fceea coverage=+0/32/38 time=1ms
  RUN js-fuzzer-boundary-221618e58a55.js [4747/10000] md5=221618e58a55537e4dc7530ef9f57aaf bytes=113 template=boundary origin=boundary:2
 PASS js-fuzzer-boundary-221618e58a55.js [4747/10000] status=ok obs=c81e728d9d4c coverage=+0/32/38 time=2ms
  RUN js-fuzzer-closure-fc3840d846bb.js [4748/10000] md5=fc3840d846bb95c298466c2052120ef3 bytes=184 template=closure origin=seed:tests/corpus/runtime/closures-read-captured-values.test.js
 PASS js-fuzzer-closure-fc3840d846bb.js [4748/10000] status=ok obs=093f65e080a2 coverage=+0/32/38 time=2ms
  RUN js-fuzzer-block-scope-0c46317176e8.js [4749/10000] md5=0c46317176e854b8247f7e6459f04d02 bytes=114 template=block-scope origin=seed:tests/corpus/runtime/exceptions-and-nullish.test.js
 PASS js-fuzzer-block-scope-0c46317176e8.js [4749/10000] status=ok obs=38b3eff8baf5 coverage=+0/32/38 time=1ms
  RUN js-fuzzer-loop-f495ca2fc638.js [4750/10000] md5=f495ca2fc6389f933578fc501f5b1465 bytes=81 template=loop origin=seed:tests/corpus/runtime/functions-closures-and-arrows.test.js
 PASS js-fuzzer-loop-f495ca2fc638.js [4750/10000] status=ok obs=c4ca4238a0b9 coverage=+0/32/38 time=2ms
  RUN js-fuzzer-try-catch-7fa76a80e531.js [4751/10000] md5=7fa76a80e531298b12538ca11d858f94 bytes=110 template=try-catch origin=seed:tests/corpus/runtime/lexical-shadowing.test.js
 PASS js-fuzzer-try-catch-7fa76a80e531.js [4751/10000] status=ok obs=6ea9ab1baa0e coverage=+0/32/38 time=1ms
  RUN js-fuzzer-class-f454a055ed5d.js [4752/10000] md5=f454a055ed5dc800cb1ab66abc7a01de bytes=100 template=class origin=seed:tests/corpus/runtime/modules-export.test.js
 PASS js-fuzzer-class-f454a055ed5d.js [4752/10000] status=ok obs=a87ff679a2f3 coverage=+0/32/38 time=2ms
  RUN js-fuzzer-corpus-c557f8da2a9d.js [4753/10000] md5=c557f8da2a9d2904c70dca50c3eeb50e bytes=191 template=corpus origin=tests/corpus/runtime/nested-try-finally.test.js
 PASS js-fuzzer-corpus-c557f8da2a9d.js [4753/10000] status=ok obs=8f14e45fceea coverage=+0/32/38 time=2ms
  RUN js-fuzzer-boundary-a6a77cc918cc.js [4754/10000] md5=a6a77cc918cc479b04ccb7be2bd80dac bytes=113 template=boundary origin=boundary:1
 PASS js-fuzzer-boundary-a6a77cc918cc.js [4754/10000] status=ok obs=c4ca4238a0b9 coverage=+0/32/38 time=1ms
  RUN js-fuzzer-array-object-e37396c04e16.js [4755/10000] md5=e37396c04e16627b91d37006cb677118 bytes=133 template=array-object origin=seed:tests/corpus/syntax/logical-unary-nullish.test.js
 PASS js-fuzzer-array-object-e37396c04e16.js [4755/10000] status=ok obs=45c48cce2e2d coverage=+0/32/38 time=2ms
  RUN js-fuzzer-closure-57d43b974186.js [4756/10000] md5=57d43b974186c7089206150479b4c27e bytes=184 template=closure origin=seed:tests/corpus/syntax/object-destructure-and-members.test.js
 PASS js-fuzzer-closure-57d43b974186.js [4756/10000] status=ok obs=2838023a778d coverage=+0/32/38 time=2ms
  RUN js-fuzzer-block-scope-afb6dee4b2ec.js [4757/10000] md5=afb6dee4b2ec9225553c3bff3995f1a9 bytes=114 template=block-scope origin=seed:tests/corpus/syntax/switch-do-while-sequence.test.js
 PASS js-fuzzer-block-scope-afb6dee4b2ec.js [4757/10000] status=ok obs=a97da629b098 coverage=+0/32/38 time=1ms
  RUN js-fuzzer-loop-f495ca2fc638.js [4758/10000] md5=f495ca2fc6389f933578fc501f5b1465 bytes=81 template=loop origin=seed:tests/corpus/syntax/template-array-destructure.test.js
 PASS js-fuzzer-loop-f495ca2fc638.js [4758/10000] status=ok obs=c4ca4238a0b9 coverage=+0/32/38 time=2ms
  RUN js-fuzzer-try-catch-47becaf372c3.js [4759/10000] md5=47becaf372c34523cd2fbacf2b53d016 bytes=110 template=try-catch origin=seed:tests/corpus/syntax/typescript-assertions.test.ts
 PASS js-fuzzer-try-catch-47becaf372c3.js [4759/10000] status=ok obs=02e74f10e032 coverage=+0/32/38 time=1ms
  RUN js-fuzzer-class-5baf4bed5db4.js [4760/10000] md5=5baf4bed5db4f8205173226efc8fff73 bytes=101 template=class origin=seed:tests/corpus/syntax/typescript-non-null-satisfies.test.ts
 PASS js-fuzzer-class-5baf4bed5db4.js [4760/10000] status=ok obs=6f4922f45568 coverage=+0/32/38 time=2ms
  RUN js-fuzzer-boundary-e62759fbe8d3.js [4761/10000] md5=e62759fbe8d36ad2cfb89a0f8bac18b9 bytes=129 template=boundary origin=boundary:-9007199254740991
 PASS js-fuzzer-boundary-e62759fbe8d3.js [4761/10000] status=ok obs=b3f3a95848f6 coverage=+0/32/38 time=2ms
  RUN js-fuzzer-corpus-ab8ca4f8757c.js [4762/10000] md5=ab8ca4f8757c6165b29cd6a662edad93 bytes=450 template=corpus origin=tests/corpus/fixtures/state-machine-workflow.test.js
 PASS js-fuzzer-corpus-ab8ca4f8757c.js [4762/10000] status=ok obs=b9f49c580664 coverage=+0/32/38 time=2ms
  RUN js-fuzzer-array-object-2cb7a77485d1.js [4763/10000] md5=2cb7a77485d1c7060aa290ccd9e57370 bytes=133 template=array-object origin=seed:tests/corpus/fixtures/vue-script-workflow.test.vue
 PASS js-fuzzer-array-object-2cb7a77485d1.js [4763/10000] status=ok obs=c9f0f895fb98 coverage=+0/32/38 time=1ms
  RUN js-fuzzer-closure-f8120a73d357.js [4764/10000] md5=f8120a73d357bb57b8c9a9aa2e5f177f bytes=183 template=closure origin=seed:tests/corpus/obfuscation/constant-tag-mix.test.js
 PASS js-fuzzer-closure-f8120a73d357.js [4764/10000] status=ok obs=1f0e3dad9990 coverage=+0/32/38 time=2ms
  RUN js-fuzzer-block-scope-ebaed504d2d1.js [4765/10000] md5=ebaed504d2d153868eb7bafedbfafd61 bytes=114 template=block-scope origin=seed:tests/corpus/obfuscation/extern-slot-permutation.test.js
 PASS js-fuzzer-block-scope-ebaed504d2d1.js [4765/10000] status=ok obs=65b9eea6e1cc coverage=+0/32/38 time=1ms
  RUN js-fuzzer-loop-b88258462a8d.js [4766/10000] md5=b88258462a8d880f8b0e459fa23b2536 bytes=81 template=loop origin=seed:tests/corpus/obfuscation/externs-console.test.js
 PASS js-fuzzer-loop-b88258462a8d.js [4766/10000] status=ok obs=3c59dc048e88 coverage=+0/32/38 time=1ms
  RUN js-fuzzer-try-catch-18b0b31fe014.js [4767/10000] md5=18b0b31fe014e787990869dd8a5ff18b bytes=110 template=try-catch origin=seed:tests/corpus/obfuscation/seed-sensitive-functions.test.js
 PASS js-fuzzer-try-catch-18b0b31fe014.js [4767/10000] status=ok obs=aab3238922bc coverage=+0/32/38 time=2ms
  RUN js-fuzzer-boundary-205872a6e44c.js [4768/10000] md5=205872a6e44c1ea0cf94554af934fb09 bytes=123 template=boundary origin=boundary:-2147483648
 PASS js-fuzzer-boundary-205872a6e44c.js [4768/10000] status=ok obs=034ff5946105 coverage=+0/32/38 time=1ms
  RUN js-fuzzer-arithmetic-900e61a9c318.js [4769/10000] md5=900e61a9c318d86122a0ed0a95d0f329 bytes=86 template=arithmetic origin=seed:tests/corpus/regressions/multiple-functions-fib-add.test.js
 PASS js-fuzzer-arithmetic-900e61a9c318.js [4769/10000] status=ok obs=f9b902fc3289 coverage=+0/32/38 time=2ms
  RUN js-fuzzer-function-1bdd3cdc8039.js [4770/10000] md5=1bdd3cdc8039303572ffd714360b1f25 bytes=153 template=function origin=seed:tests/corpus/regressions/scope-compressed-closure-params.test.js
 PASS js-fuzzer-function-1bdd3cdc8039.js [4770/10000] status=ok obs=37693cfc7480 coverage=+0/32/38 time=2ms
  RUN js-fuzzer-corpus-a07012429fce.js [4771/10000] md5=a07012429fce4b4d7c8af42f445f70b9 bytes=163 template=corpus origin=tests/corpus/runtime/arrays-objects-methods.test.js
 PASS js-fuzzer-corpus-a07012429fce.js [4771/10000] status=ok obs=c51ce410c124 coverage=+0/32/38 time=2ms
  RUN js-fuzzer-closure-ebb7f06a02b7.js [4772/10000] md5=ebb7f06a02b709bac77ef47fca784a69 bytes=184 template=closure origin=seed:tests/corpus/runtime/block-scopes.test.js
 PASS js-fuzzer-closure-ebb7f06a02b7.js [4772/10000] status=ok obs=f457c545a9de coverage=+0/32/38 time=1ms
  RUN js-fuzzer-block-scope-c9036716ef90.js [4773/10000] md5=c9036716ef90ee62936b6cdf496fd35c bytes=114 template=block-scope origin=seed:tests/corpus/runtime/class-fields-static-methods.test.js
 PASS js-fuzzer-block-scope-c9036716ef90.js [4773/10000] status=ok obs=38b3eff8baf5 coverage=+0/32/38 time=2ms
  RUN js-fuzzer-loop-b88258462a8d.js [4774/10000] md5=b88258462a8d880f8b0e459fa23b2536 bytes=81 template=loop origin=seed:tests/corpus/runtime/classes-and-objects.test.js
 PASS js-fuzzer-loop-b88258462a8d.js [4774/10000] status=ok obs=3c59dc048e88 coverage=+0/32/38 time=2ms
  RUN js-fuzzer-boundary-db03eeac3914.js [4775/10000] md5=db03eeac3914e8f0a7bfea9eefe9f0de bytes=114 template=boundary origin=boundary:-2
 PASS js-fuzzer-boundary-db03eeac3914.js [4775/10000] status=ok obs=5d7b9adcbe1c coverage=+0/32/38 time=1ms
  RUN js-fuzzer-class-ff7d9ca3da86.js [4776/10000] md5=ff7d9ca3da86b49917ac34b4d48e8df9 bytes=101 template=class origin=seed:tests/corpus/runtime/closures-read-captured-values.test.js
 PASS js-fuzzer-class-ff7d9ca3da86.js [4776/10000] status=ok obs=c20ad4d76fe9 coverage=+0/32/38 time=2ms
  RUN js-fuzzer-arithmetic-b3d6f7f237c2.js [4777/10000] md5=b3d6f7f237c28e2f4c90787272cbc7e1 bytes=84 template=arithmetic origin=seed:tests/corpus/runtime/exceptions-and-nullish.test.js
 PASS js-fuzzer-arithmetic-b3d6f7f237c2.js [4777/10000] status=ok obs=07e1cd7dca89 coverage=+0/32/38 time=1ms
  RUN js-fuzzer-function-0b0d1f5ee746.js [4778/10000] md5=0b0d1f5ee746281ffbedfb7f7f4c45bc bytes=153 template=function origin=seed:tests/corpus/runtime/functions-closures-and-arrows.test.js
 PASS js-fuzzer-function-0b0d1f5ee746.js [4778/10000] status=ok obs=e4da3b7fbbce coverage=+0/32/38 time=2ms
  RUN js-fuzzer-array-object-835fdbfca0d1.js [4779/10000] md5=835fdbfca0d127cd9d968a4dc647ad0f bytes=133 template=array-object origin=seed:tests/corpus/runtime/lexical-shadowing.test.js
 PASS js-fuzzer-array-object-835fdbfca0d1.js [4779/10000] status=ok obs=aab3238922bc coverage=+0/32/38 time=2ms
  RUN js-fuzzer-corpus-4131d841163b.js [4780/10000] md5=4131d841163b79e192bca9d4fc683c54 bytes=58 template=corpus origin=tests/corpus/runtime/modules-export.test.js
 PASS js-fuzzer-corpus-4131d841163b.js [4780/10000] status=ok obs=8f14e45fceea coverage=+0/32/38 time=1ms
  RUN js-fuzzer-block-scope-0d959b955ab6.js [4781/10000] md5=0d959b955ab696f224dd11a7efe26948 bytes=114 template=block-scope origin=seed:tests/corpus/runtime/nested-try-finally.test.js
 PASS js-fuzzer-block-scope-0d959b955ab6.js [4781/10000] status=ok obs=65b9eea6e1cc coverage=+0/32/38 time=2ms
  RUN js-fuzzer-boundary-61a9a82f5f08.js [4782/10000] md5=61a9a82f5f08bc177f13c805ba785d7d bytes=114 template=boundary origin=boundary:-1
 PASS js-fuzzer-boundary-61a9a82f5f08.js [4782/10000] status=ok obs=6bb61e3b7bce coverage=+0/32/38 time=1ms
  RUN js-fuzzer-try-catch-20dc98d64456.js [4783/10000] md5=20dc98d644569e4da77d458e1c7210ec bytes=110 template=try-catch origin=seed:tests/corpus/syntax/logical-unary-nullish.test.js
 PASS js-fuzzer-try-catch-20dc98d64456.js [4783/10000] status=ok obs=c51ce410c124 coverage=+0/32/38 time=2ms
  RUN js-fuzzer-class-47fbd3db5853.js [4784/10000] md5=47fbd3db58539fc2e42627a4f3168c79 bytes=101 template=class origin=seed:tests/corpus/syntax/object-destructure-and-members.test.js
 PASS js-fuzzer-class-47fbd3db5853.js [4784/10000] status=ok obs=98f137082101 coverage=+0/32/38 time=2ms
  RUN js-fuzzer-arithmetic-2509c540487e.js [4785/10000] md5=2509c540487e04b1168fbfbebe072d2b bytes=85 template=arithmetic origin=seed:tests/corpus/syntax/switch-do-while-sequence.test.js
 PASS js-fuzzer-arithmetic-2509c540487e.js [4785/10000] status=ok obs=1ff1de774005 coverage=+0/32/38 time=2ms
  RUN js-fuzzer-function-53ef3ed61b76.js [4786/10000] md5=53ef3ed61b76dc45be6c66e5b3206216 bytes=153 template=function origin=seed:tests/corpus/syntax/template-array-destructure.test.js
 PASS js-fuzzer-function-53ef3ed61b76.js [4786/10000] status=ok obs=70efdf2ec9b0 coverage=+0/32/38 time=2ms
  RUN js-fuzzer-array-object-88296df4a6d9.js [4787/10000] md5=88296df4a6d9144fd36dfe03aca46128 bytes=133 template=array-object origin=seed:tests/corpus/syntax/typescript-assertions.test.ts
 PASS js-fuzzer-array-object-88296df4a6d9.js [4787/10000] status=ok obs=c74d97b01eae coverage=+0/32/38 time=1ms
  RUN js-fuzzer-closure-a641eaf3e1ca.js [4788/10000] md5=a641eaf3e1ca79accfb48f344d237f8e bytes=184 template=closure origin=seed:tests/corpus/syntax/typescript-non-null-satisfies.test.ts
 PASS js-fuzzer-closure-a641eaf3e1ca.js [4788/10000] status=ok obs=7f39f8317fbd coverage=+0/32/38 time=2ms
  RUN js-fuzzer-corpus-797f152bf878.js [4789/10000] md5=797f152bf878d5049066c6db6d2360b3 bytes=355 template=corpus origin=tests/corpus/fixtures/job-workflow.test.js
 PASS js-fuzzer-corpus-797f152bf878.js [4789/10000] status=ok obs=b9de0628c8ec coverage=+0/32/38 time=2ms
  RUN js-fuzzer-loop-54e460cecf5c.js [4790/10000] md5=54e460cecf5c05dfcffaa3b2e5f57445 bytes=81 template=loop origin=seed:tests/corpus/fixtures/state-machine-workflow.test.js
 PASS js-fuzzer-loop-54e460cecf5c.js [4790/10000] status=ok obs=d3d9446802a4 coverage=+0/32/38 time=1ms
  RUN js-fuzzer-try-catch-ecee5cf418be.js [4791/10000] md5=ecee5cf418beff71c62f1aeee5aa3045 bytes=109 template=try-catch origin=seed:tests/corpus/fixtures/vue-script-workflow.test.vue
 PASS js-fuzzer-try-catch-ecee5cf418be.js [4791/10000] status=ok obs=45c48cce2e2d coverage=+0/32/38 time=2ms
  RUN js-fuzzer-class-a365d1a76b7b.js [4792/10000] md5=a365d1a76b7b0d4310621afa7caac433 bytes=100 template=class origin=seed:tests/corpus/obfuscation/constant-tag-mix.test.js
 PASS js-fuzzer-class-a365d1a76b7b.js [4792/10000] status=ok obs=8f14e45fceea coverage=+0/32/38 time=1ms
  RUN js-fuzzer-arithmetic-0b2eee6dfca1.js [4793/10000] md5=0b2eee6dfca1349247482d93a4425d11 bytes=85 template=arithmetic origin=seed:tests/corpus/obfuscation/extern-slot-permutation.test.js
 PASS js-fuzzer-arithmetic-0b2eee6dfca1.js [4793/10000] status=ok obs=4734ba6f3de8 coverage=+0/32/38 time=2ms
  RUN js-fuzzer-function-d9597d28535f.js [4794/10000] md5=d9597d28535fd2b10f5ca10cf87a7bb6 bytes=153 template=function origin=seed:tests/corpus/obfuscation/externs-console.test.js
 PASS js-fuzzer-function-d9597d28535f.js [4794/10000] status=ok obs=6f4922f45568 coverage=+0/32/38 time=2ms
  RUN js-fuzzer-array-object-791d66461238.js [4795/10000] md5=791d66461238a4bcba049cac019076c6 bytes=133 template=array-object origin=seed:tests/corpus/obfuscation/seed-sensitive-functions.test.js
 PASS js-fuzzer-array-object-791d66461238.js [4795/10000] status=ok obs=45c48cce2e2d coverage=+0/32/38 time=2ms
  RUN js-fuzzer-boundary-2b35f90895ea.js [4796/10000] md5=2b35f90895ea85111e562e627044f919 bytes=128 template=boundary origin=boundary:9007199254740991
 PASS js-fuzzer-boundary-2b35f90895ea.js [4796/10000] status=ok obs=8bfa9ad090fb coverage=+0/32/38 time=1ms
  RUN js-fuzzer-block-scope-14b6b6b6b53d.js [4797/10000] md5=14b6b6b6b53d42c0fbebfc54d050b975 bytes=114 template=block-scope origin=seed:tests/corpus/regressions/multiple-functions-fib-add.test.js
 PASS js-fuzzer-block-scope-14b6b6b6b53d.js [4797/10000] status=ok obs=6974ce5ac660 coverage=+0/32/38 time=2ms
  RUN js-fuzzer-corpus-c28cfb056309.js [4798/10000] md5=c28cfb056309f2a77f8bd9756b123c54 bytes=147 template=corpus origin=tests/corpus/regressions/scope-compressed-closure-params.test.js
 PASS js-fuzzer-corpus-c28cfb056309.js [4798/10000] status=ok obs=c51ce410c124 coverage=+0/32/38 time=2ms
  RUN js-fuzzer-try-catch-dd0b1ef9b53e.js [4799/10000] md5=dd0b1ef9b53e3ee92bf7cc86c8d4101e bytes=110 template=try-catch origin=seed:tests/corpus/runtime/arrays-objects-methods.test.js
 PASS js-fuzzer-try-catch-dd0b1ef9b53e.js [4799/10000] status=ok obs=642e92efb794 coverage=+0/32/38 time=1ms
  RUN js-fuzzer-class-b1e3642c0208.js [4800/10000] md5=b1e3642c0208992266fb21668a536292 bytes=100 template=class origin=seed:tests/corpus/runtime/block-scopes.test.js
 PASS js-fuzzer-class-b1e3642c0208.js [4800/10000] status=ok obs=c9f0f895fb98 coverage=+0/32/38 time=2ms
  RUN js-fuzzer-arithmetic-16a754a6d3e3.js [4801/10000] md5=16a754a6d3e3f470936fbc670df88f4b bytes=84 template=arithmetic origin=seed:tests/corpus/runtime/class-fields-static-methods.test.js
 PASS js-fuzzer-arithmetic-16a754a6d3e3.js [4801/10000] status=ok obs=98f137082101 coverage=+0/32/38 time=1ms
  RUN js-fuzzer-function-c6a41e639682.js [4802/10000] md5=c6a41e6396823bcfa91e05b3a10b01c0 bytes=153 template=function origin=seed:tests/corpus/runtime/classes-and-objects.test.js
 PASS js-fuzzer-function-c6a41e639682.js [4802/10000] status=ok obs=1f0e3dad9990 coverage=+0/32/38 time=2ms
  RUN js-fuzzer-boundary-4b188851088a.js [4803/10000] md5=4b188851088a18b5b5e1424320aec545 bytes=122 template=boundary origin=boundary:2147483647
 PASS js-fuzzer-boundary-4b188851088a.js [4803/10000] status=ok obs=c588c0a459f4 coverage=+0/32/38 time=2ms
  RUN js-fuzzer-closure-fd1eab5337ad.js [4804/10000] md5=fd1eab5337ad16fd194395712bc39c6f bytes=184 template=closure origin=seed:tests/corpus/runtime/closures-read-captured-values.test.js
 PASS js-fuzzer-closure-fd1eab5337ad.js [4804/10000] status=ok obs=f457c545a9de coverage=+0/32/38 time=2ms
  RUN js-fuzzer-block-scope-0646405d6bb2.js [4805/10000] md5=0646405d6bb2ceae05fe69841edcc9c1 bytes=114 template=block-scope origin=seed:tests/corpus/runtime/exceptions-and-nullish.test.js
 PASS js-fuzzer-block-scope-0646405d6bb2.js [4805/10000] status=ok obs=a97da629b098 coverage=+0/32/38 time=1ms
  RUN js-fuzzer-loop-d35707ad0bf7.js [4806/10000] md5=d35707ad0bf74148f671ad8943998af6 bytes=81 template=loop origin=seed:tests/corpus/runtime/functions-closures-and-arrows.test.js
 PASS js-fuzzer-loop-d35707ad0bf7.js [4806/10000] status=ok obs=9bf31c7ff062 coverage=+0/32/38 time=2ms
  RUN js-fuzzer-corpus-463d4dee8a1f.js [4807/10000] md5=463d4dee8a1f930fa8af57a704cacf3e bytes=232 template=corpus origin=tests/corpus/runtime/lexical-shadowing.test.js
 PASS js-fuzzer-corpus-463d4dee8a1f.js [4807/10000] status=ok obs=c51ce410c124 coverage=+0/32/38 time=1ms
  RUN js-fuzzer-class-a9875f561daf.js [4808/10000] md5=a9875f561daf181d949c68fc070db0e0 bytes=101 template=class origin=seed:tests/corpus/runtime/modules-export.test.js
 PASS js-fuzzer-class-a9875f561daf.js [4808/10000] status=ok obs=aab3238922bc coverage=+0/32/38 time=2ms
  RUN js-fuzzer-arithmetic-6a3b54571dba.js [4809/10000] md5=6a3b54571dbad74bc6dac231dada7246 bytes=85 template=arithmetic origin=seed:tests/corpus/runtime/nested-try-finally.test.js
 PASS js-fuzzer-arithmetic-6a3b54571dba.js [4809/10000] status=ok obs=1534b76d325a coverage=+0/32/38 time=1ms
  RUN js-fuzzer-boundary-85faf3787c26.js [4810/10000] md5=85faf3787c26ca3bad9215a544873988 bytes=113 template=boundary origin=boundary:2
 PASS js-fuzzer-boundary-85faf3787c26.js [4810/10000] status=ok obs=c81e728d9d4c coverage=+0/32/38 time=2ms
  RUN js-fuzzer-array-object-769cd8d5479b.js [4811/10000] md5=769cd8d5479bfda7238f3ed1881d6944 bytes=133 template=array-object origin=seed:tests/corpus/syntax/logical-unary-nullish.test.js
 PASS js-fuzzer-array-object-769cd8d5479b.js [4811/10000] status=ok obs=70efdf2ec9b0 coverage=+0/32/38 time=2ms
  RUN js-fuzzer-closure-dfe8465fca48.js [4812/10000] md5=dfe8465fca4823b5d6d32737657f830e bytes=184 template=closure origin=seed:tests/corpus/syntax/object-destructure-and-members.test.js
 PASS js-fuzzer-closure-dfe8465fca48.js [4812/10000] status=ok obs=fc490ca45c00 coverage=+0/32/38 time=1ms
  RUN js-fuzzer-block-scope-6e86f1693252.js [4813/10000] md5=6e86f169325214da2b271b09cc491de1 bytes=114 template=block-scope origin=seed:tests/corpus/syntax/switch-do-while-sequence.test.js
 PASS js-fuzzer-block-scope-6e86f1693252.js [4813/10000] status=ok obs=f0935e4cd592 coverage=+0/32/38 time=2ms
  RUN js-fuzzer-loop-bbf1d7a15d8d.js [4814/10000] md5=bbf1d7a15d8dd015402d75c0e0108b5f bytes=81 template=loop origin=seed:tests/corpus/syntax/template-array-destructure.test.js
 PASS js-fuzzer-loop-bbf1d7a15d8d.js [4814/10000] status=ok obs=1679091c5a88 coverage=+0/32/38 time=2ms
  RUN js-fuzzer-try-catch-4a24aaf1e66a.js [4815/10000] md5=4a24aaf1e66a8b823f90ea06221a0572 bytes=110 template=try-catch origin=seed:tests/corpus/syntax/typescript-assertions.test.ts
 PASS js-fuzzer-try-catch-4a24aaf1e66a.js [4815/10000] status=ok obs=d67d8ab4f4c1 coverage=+0/32/38 time=1ms
  RUN js-fuzzer-corpus-e3eeaea0f8a2.js [4816/10000] md5=e3eeaea0f8a2c5d5b650d4007cf78b4a bytes=104 template=corpus origin=tests/corpus/syntax/typescript-non-null-satisfies.test.ts
 PASS js-fuzzer-corpus-e3eeaea0f8a2.js [4816/10000] status=ok obs=d3d9446802a4 coverage=+0/32/38 time=2ms
  RUN js-fuzzer-boundary-ccde2dac26f6.js [4817/10000] md5=ccde2dac26f6d3fd46c3698825685fe3 bytes=113 template=boundary origin=boundary:1
 PASS js-fuzzer-boundary-ccde2dac26f6.js [4817/10000] status=ok obs=c4ca4238a0b9 coverage=+0/32/38 time=1ms
  RUN js-fuzzer-function-134a85d12098.js [4818/10000] md5=134a85d120985077bd24a3a53ac64560 bytes=153 template=function origin=seed:tests/corpus/fixtures/state-machine-workflow.test.js
 PASS js-fuzzer-function-134a85d12098.js [4818/10000] status=ok obs=1679091c5a88 coverage=+0/32/38 time=2ms
  RUN js-fuzzer-array-object-62ce27fc36fb.js [4819/10000] md5=62ce27fc36fb7fb9915a0fd91ca98ee4 bytes=133 template=array-object origin=seed:tests/corpus/fixtures/vue-script-workflow.test.vue
 PASS js-fuzzer-array-object-62ce27fc36fb.js [4819/10000] status=ok obs=d3d9446802a4 coverage=+0/32/38 time=2ms
  RUN js-fuzzer-closure-17108fa81f0f.js [4820/10000] md5=17108fa81f0f7931eecfe20051f4c7bd bytes=185 template=closure origin=seed:tests/corpus/obfuscation/constant-tag-mix.test.js
 PASS js-fuzzer-closure-17108fa81f0f.js [4820/10000] status=ok obs=f457c545a9de coverage=+0/32/38 time=1ms
  RUN js-fuzzer-block-scope-fc8a84ed6b55.js [4821/10000] md5=fc8a84ed6b55ab021d7ca999eea70faa bytes=114 template=block-scope origin=seed:tests/corpus/obfuscation/extern-slot-permutation.test.js
 PASS js-fuzzer-block-scope-fc8a84ed6b55.js [4821/10000] status=ok obs=6974ce5ac660 coverage=+0/32/38 time=2ms
  RUN js-fuzzer-loop-55c7c905bffb.js [4822/10000] md5=55c7c905bffb4bbbc4c8fb9b91df6ad8 bytes=81 template=loop origin=seed:tests/corpus/obfuscation/externs-console.test.js
 PASS js-fuzzer-loop-55c7c905bffb.js [4822/10000] status=ok obs=eccbc87e4b5c coverage=+0/32/38 time=1ms
  RUN js-fuzzer-try-catch-b442aa263f12.js [4823/10000] md5=b442aa263f129fb627b483e77db700ad bytes=110 template=try-catch origin=seed:tests/corpus/obfuscation/seed-sensitive-functions.test.js
 PASS js-fuzzer-try-catch-b442aa263f12.js [4823/10000] status=ok obs=c20ad4d76fe9 coverage=+0/32/38 time=2ms
  RUN js-fuzzer-boundary-37492c99ff33.js [4824/10000] md5=37492c99ff33e9d5e09e0b8e84ba785a bytes=129 template=boundary origin=boundary:-9007199254740991
 PASS js-fuzzer-boundary-37492c99ff33.js [4824/10000] status=ok obs=b3f3a95848f6 coverage=+0/32/38 time=2ms
  RUN js-fuzzer-corpus-ad9ed8746461.js [4825/10000] md5=ad9ed87464611c6dd81b04b3754c760c bytes=214 template=corpus origin=tests/corpus/regressions/multiple-functions-fib-add.test.js
 PASS js-fuzzer-corpus-ad9ed8746461.js [4825/10000] status=ok obs=3c59dc048e88 coverage=+0/32/38 time=2ms
  RUN js-fuzzer-function-ba7ea055d439.js [4826/10000] md5=ba7ea055d4397ffca213251195491d86 bytes=153 template=function origin=seed:tests/corpus/regressions/scope-compressed-closure-params.test.js
 PASS js-fuzzer-function-ba7ea055d439.js [4826/10000] status=ok obs=8f14e45fceea coverage=+0/32/38 time=2ms
  RUN js-fuzzer-array-object-231109598337.js [4827/10000] md5=2311095983370afb04ecad56f2c31629 bytes=133 template=array-object origin=seed:tests/corpus/runtime/arrays-objects-methods.test.js
 PASS js-fuzzer-array-object-231109598337.js [4827/10000] status=ok obs=1f0e3dad9990 coverage=+0/32/38 time=2ms
  RUN js-fuzzer-closure-08c99a9f7ce6.js [4828/10000] md5=08c99a9f7ce6556c4544e4d71c5c6227 bytes=185 template=closure origin=seed:tests/corpus/runtime/block-scopes.test.js
 PASS js-fuzzer-closure-08c99a9f7ce6.js [4828/10000] status=ok obs=d1fe173d08e9 coverage=+0/32/38 time=1ms
  RUN js-fuzzer-block-scope-bc0e6e638c42.js [4829/10000] md5=bc0e6e638c42d0e5f0ca421e2d343582 bytes=114 template=block-scope origin=seed:tests/corpus/runtime/class-fields-static-methods.test.js
 PASS js-fuzzer-block-scope-bc0e6e638c42.js [4829/10000] status=ok obs=2723d092b638 coverage=+0/32/38 time=2ms
  RUN js-fuzzer-loop-f495ca2fc638.js [4830/10000] md5=f495ca2fc6389f933578fc501f5b1465 bytes=81 template=loop origin=seed:tests/corpus/runtime/classes-and-objects.test.js
 PASS js-fuzzer-loop-f495ca2fc638.js [4830/10000] status=ok obs=c4ca4238a0b9 coverage=+0/32/38 time=2ms
  RUN js-fuzzer-boundary-205872a6e44c.js [4831/10000] md5=205872a6e44c1ea0cf94554af934fb09 bytes=123 template=boundary origin=boundary:-2147483648
 PASS js-fuzzer-boundary-205872a6e44c.js [4831/10000] status=ok obs=034ff5946105 coverage=+0/32/38 time=1ms
  RUN js-fuzzer-class-5baf4bed5db4.js [4832/10000] md5=5baf4bed5db4f8205173226efc8fff73 bytes=101 template=class origin=seed:tests/corpus/runtime/closures-read-captured-values.test.js
 PASS js-fuzzer-class-5baf4bed5db4.js [4832/10000] status=ok obs=6f4922f45568 coverage=+0/32/38 time=2ms
  RUN js-fuzzer-arithmetic-7dee5d2c9bc9.js [4833/10000] md5=7dee5d2c9bc97a704660863d639a4e7f bytes=84 template=arithmetic origin=seed:tests/corpus/runtime/exceptions-and-nullish.test.js
 PASS js-fuzzer-arithmetic-7dee5d2c9bc9.js [4833/10000] status=ok obs=7f6ffaa6bb0b coverage=+0/32/38 time=1ms
  RUN js-fuzzer-corpus-72746d071c58.js [4834/10000] md5=72746d071c58fadd9399bc8934c30553 bytes=197 template=corpus origin=tests/corpus/runtime/functions-closures-and-arrows.test.js
 PASS js-fuzzer-corpus-72746d071c58.js [4834/10000] status=ok obs=c74d97b01eae coverage=+0/32/38 time=2ms
  RUN js-fuzzer-array-object-c785daf31ab2.js [4835/10000] md5=c785daf31ab2d88b1342215720c98d95 bytes=133 template=array-object origin=seed:tests/corpus/runtime/lexical-shadowing.test.js
 PASS js-fuzzer-array-object-c785daf31ab2.js [4835/10000] status=ok obs=c51ce410c124 coverage=+0/32/38 time=2ms
  RUN js-fuzzer-closure-3c4474c1555e.js [4836/10000] md5=3c4474c1555ee369e907a1d6ccc05ec6 bytes=184 template=closure origin=seed:tests/corpus/runtime/modules-export.test.js
 PASS js-fuzzer-closure-3c4474c1555e.js [4836/10000] status=ok obs=37693cfc7480 coverage=+0/32/38 time=1ms
  RUN js-fuzzer-block-scope-81ca0cfe74d9.js [4837/10000] md5=81ca0cfe74d9ffb22aa3c0c8e9d9e407 bytes=115 template=block-scope origin=seed:tests/corpus/runtime/nested-try-finally.test.js
 PASS js-fuzzer-block-scope-81ca0cfe74d9.js [4837/10000] status=ok obs=5f93f983524d coverage=+0/32/38 time=1ms
  RUN js-fuzzer-boundary-6d89c3a838ae.js [4838/10000] md5=6d89c3a838ae354bda64ec37ec2b63b1 bytes=114 template=boundary origin=boundary:-2
 PASS js-fuzzer-boundary-6d89c3a838ae.js [4838/10000] status=ok obs=5d7b9adcbe1c coverage=+0/32/38 time=2ms
  RUN js-fuzzer-try-catch-f24fba189d45.js [4839/10000] md5=f24fba189d4541ce9d4809156ecb450c bytes=110 template=try-catch origin=seed:tests/corpus/syntax/logical-unary-nullish.test.js
 PASS js-fuzzer-try-catch-f24fba189d45.js [4839/10000] status=ok obs=1ff1de774005 coverage=+0/32/38 time=1ms
  RUN js-fuzzer-class-a365d1a76b7b.js [4840/10000] md5=a365d1a76b7b0d4310621afa7caac433 bytes=100 template=class origin=seed:tests/corpus/syntax/object-destructure-and-members.test.js
 PASS js-fuzzer-class-a365d1a76b7b.js [4840/10000] status=ok obs=8f14e45fceea coverage=+0/32/38 time=2ms
  RUN js-fuzzer-arithmetic-04fce00cac06.js [4841/10000] md5=04fce00cac063e10bf4720797ac3a2d7 bytes=83 template=arithmetic origin=seed:tests/corpus/syntax/switch-do-while-sequence.test.js
 PASS js-fuzzer-arithmetic-04fce00cac06.js [4841/10000] status=ok obs=65b9eea6e1cc coverage=+0/32/38 time=1ms
  RUN js-fuzzer-function-1d370c2e7126.js [4842/10000] md5=1d370c2e7126a84b090ad6eed5468375 bytes=153 template=function origin=seed:tests/corpus/syntax/template-array-destructure.test.js
 PASS js-fuzzer-function-1d370c2e7126.js [4842/10000] status=ok obs=8f14e45fceea coverage=+0/32/38 time=2ms
  RUN js-fuzzer-corpus-57a83a4b020d.js [4843/10000] md5=57a83a4b020d4b85b42b0a3709f283ad bytes=130 template=corpus origin=tests/corpus/syntax/typescript-assertions.test.ts
 PASS js-fuzzer-corpus-57a83a4b020d.js [4843/10000] status=ok obs=45c48cce2e2d coverage=+0/32/38 time=2ms
  RUN js-fuzzer-closure-54e5317422ac.js [4844/10000] md5=54e5317422aca8a340093f5afed857fa bytes=184 template=closure origin=seed:tests/corpus/syntax/typescript-non-null-satisfies.test.ts
 PASS js-fuzzer-closure-54e5317422ac.js [4844/10000] status=ok obs=3416a75f4cea coverage=+0/32/38 time=2ms
  RUN js-fuzzer-boundary-61a9a82f5f08.js [4845/10000] md5=61a9a82f5f08bc177f13c805ba785d7d bytes=114 template=boundary origin=boundary:-1
 PASS js-fuzzer-boundary-61a9a82f5f08.js [4845/10000] status=ok obs=6bb61e3b7bce coverage=+0/32/38 time=1ms
  RUN js-fuzzer-loop-d35707ad0bf7.js [4846/10000] md5=d35707ad0bf74148f671ad8943998af6 bytes=81 template=loop origin=seed:tests/corpus/fixtures/state-machine-workflow.test.js
 PASS js-fuzzer-loop-d35707ad0bf7.js [4846/10000] status=ok obs=9bf31c7ff062 coverage=+0/32/38 time=2ms
  RUN js-fuzzer-try-catch-8d9c7d254dda.js [4847/10000] md5=8d9c7d254ddaafdc283e844d5d9a6231 bytes=109 template=try-catch origin=seed:tests/corpus/fixtures/vue-script-workflow.test.vue
 PASS js-fuzzer-try-catch-8d9c7d254dda.js [4847/10000] status=ok obs=a87ff679a2f3 coverage=+0/32/38 time=1ms
  RUN js-fuzzer-class-51ea152a707e.js [4848/10000] md5=51ea152a707ed5422ab3e5b3ddb7fe43 bytes=100 template=class origin=seed:tests/corpus/obfuscation/constant-tag-mix.test.js
 PASS js-fuzzer-class-51ea152a707e.js [4848/10000] status=ok obs=e4da3b7fbbce coverage=+0/32/38 time=2ms
  RUN js-fuzzer-arithmetic-364f394410cc.js [4849/10000] md5=364f394410cc2f672f997838f3d2faa9 bytes=85 template=arithmetic origin=seed:tests/corpus/obfuscation/extern-slot-permutation.test.js
 PASS js-fuzzer-arithmetic-364f394410cc.js [4849/10000] status=ok obs=077e29b11be8 coverage=+0/32/38 time=1ms
  RUN js-fuzzer-function-59a47c73ec30.js [4850/10000] md5=59a47c73ec3039d5b72e8af0d1e410de bytes=153 template=function origin=seed:tests/corpus/obfuscation/externs-console.test.js
 PASS js-fuzzer-function-59a47c73ec30.js [4850/10000] status=ok obs=8f14e45fceea coverage=+0/32/38 time=2ms
  RUN js-fuzzer-array-object-a434dab0f10b.js [4851/10000] md5=a434dab0f10bab6ec794d54d06c390e2 bytes=133 template=array-object origin=seed:tests/corpus/obfuscation/seed-sensitive-functions.test.js
 PASS js-fuzzer-array-object-a434dab0f10b.js [4851/10000] status=ok obs=aab3238922bc coverage=+0/32/38 time=2ms
  RUN js-fuzzer-corpus-79643e915862.js [4852/10000] md5=79643e91586251700d34c0c65a0220da bytes=89 template=corpus origin=tests/corpus/regressions/destructuring-lowers-to-member.test.js
 PASS js-fuzzer-corpus-79643e915862.js [4852/10000] status=ok obs=eccbc87e4b5c coverage=+0/32/38 time=1ms
  RUN js-fuzzer-block-scope-28451b696e95.js [4853/10000] md5=28451b696e955d73172358244fc51400 bytes=114 template=block-scope origin=seed:tests/corpus/regressions/multiple-functions-fib-add.test.js
 PASS js-fuzzer-block-scope-28451b696e95.js [4853/10000] status=ok obs=c9e1074f5b3f coverage=+0/32/38 time=2ms
  RUN js-fuzzer-loop-55c7c905bffb.js [4854/10000] md5=55c7c905bffb4bbbc4c8fb9b91df6ad8 bytes=81 template=loop origin=seed:tests/corpus/regressions/scope-compressed-closure-params.test.js
 PASS js-fuzzer-loop-55c7c905bffb.js [4854/10000] status=ok obs=eccbc87e4b5c coverage=+0/32/38 time=1ms
  RUN js-fuzzer-try-catch-13abe4d24a2d.js [4855/10000] md5=13abe4d24a2dd7935e11d59d61044cdc bytes=109 template=try-catch origin=seed:tests/corpus/runtime/arrays-objects-methods.test.js
 PASS js-fuzzer-try-catch-13abe4d24a2d.js [4855/10000] status=ok obs=c9f0f895fb98 coverage=+0/32/38 time=2ms
  RUN js-fuzzer-class-b901915e3eda.js [4856/10000] md5=b901915e3eda1a96f77dcec9fff681b5 bytes=100 template=class origin=seed:tests/corpus/runtime/block-scopes.test.js
 PASS js-fuzzer-class-b901915e3eda.js [4856/10000] status=ok obs=c81e728d9d4c coverage=+0/32/38 time=2ms
  RUN js-fuzzer-arithmetic-fc67dfbc5712.js [4857/10000] md5=fc67dfbc5712bd09c10483ea65edb676 bytes=85 template=arithmetic origin=seed:tests/corpus/runtime/class-fields-static-methods.test.js
 PASS js-fuzzer-arithmetic-fc67dfbc5712.js [4857/10000] status=ok obs=07e1cd7dca89 coverage=+0/32/38 time=1ms
  RUN js-fuzzer-function-cb7d7d91d83d.js [4858/10000] md5=cb7d7d91d83d165500656240f14cd1fc bytes=153 template=function origin=seed:tests/corpus/runtime/classes-and-objects.test.js
 PASS js-fuzzer-function-cb7d7d91d83d.js [4858/10000] status=ok obs=8f14e45fceea coverage=+0/32/38 time=2ms
  RUN js-fuzzer-boundary-83aee5cf07de.js [4859/10000] md5=83aee5cf07deb9d5ce59aec8aff7a227 bytes=128 template=boundary origin=boundary:9007199254740991
 PASS js-fuzzer-boundary-83aee5cf07de.js [4859/10000] status=ok obs=8bfa9ad090fb coverage=+0/32/38 time=2ms
  RUN js-fuzzer-closure-962d4f1e2622.js [4860/10000] md5=962d4f1e262235e19adfa11e1769de5e bytes=185 template=closure origin=seed:tests/corpus/runtime/closures-read-captured-values.test.js
 PASS js-fuzzer-closure-962d4f1e2622.js [4860/10000] status=ok obs=2838023a778d coverage=+0/32/38 time=1ms
  RUN js-fuzzer-corpus-cf8fb96e8476.js [4861/10000] md5=cf8fb96e8476c262b73583c86dd80821 bytes=178 template=corpus origin=tests/corpus/runtime/exceptions-and-nullish.test.js
 PASS js-fuzzer-corpus-cf8fb96e8476.js [4861/10000] status=ok obs=24ed5e8718fc coverage=+0/32/38 time=2ms
  RUN js-fuzzer-loop-54e460cecf5c.js [4862/10000] md5=54e460cecf5c05dfcffaa3b2e5f57445 bytes=81 template=loop origin=seed:tests/corpus/runtime/functions-closures-and-arrows.test.js
 PASS js-fuzzer-loop-54e460cecf5c.js [4862/10000] status=ok obs=d3d9446802a4 coverage=+0/32/38 time=1ms
  RUN js-fuzzer-try-catch-49469dc3bbde.js [4863/10000] md5=49469dc3bbdee70291dead76d4352702 bytes=109 template=try-catch origin=seed:tests/corpus/runtime/lexical-shadowing.test.js
 PASS js-fuzzer-try-catch-49469dc3bbde.js [4863/10000] status=ok obs=d3d9446802a4 coverage=+0/32/38 time=2ms
  RUN js-fuzzer-class-d2b3669b495d.js [4864/10000] md5=d2b3669b495dd4792f9e1509f2bbf8a7 bytes=100 template=class origin=seed:tests/corpus/runtime/modules-export.test.js
 PASS js-fuzzer-class-d2b3669b495d.js [4864/10000] status=ok obs=eccbc87e4b5c coverage=+0/32/38 time=2ms
  RUN js-fuzzer-arithmetic-878b49063651.js [4865/10000] md5=878b490636518b5d5eb9331421ba2628 bytes=84 template=arithmetic origin=seed:tests/corpus/runtime/nested-try-finally.test.js
 PASS js-fuzzer-arithmetic-878b49063651.js [4865/10000] status=ok obs=6364d3f0f495 coverage=+0/32/38 time=1ms
  RUN js-fuzzer-boundary-5c12d757f0dd.js [4866/10000] md5=5c12d757f0ddd5c6b1207b14fb1e8d0c bytes=122 template=boundary origin=boundary:2147483647
 PASS js-fuzzer-boundary-5c12d757f0dd.js [4866/10000] status=ok obs=c588c0a459f4 coverage=+0/32/38 time=2ms
  RUN js-fuzzer-array-object-9234a987cee6.js [4867/10000] md5=9234a987cee6ccd43a7b5a16e0939788 bytes=133 template=array-object origin=seed:tests/corpus/syntax/logical-unary-nullish.test.js
 PASS js-fuzzer-array-object-9234a987cee6.js [4867/10000] status=ok obs=c20ad4d76fe9 coverage=+0/32/38 time=1ms
  RUN js-fuzzer-closure-402ab56c065b.js [4868/10000] md5=402ab56c065bcb0260e64be61e58b3ab bytes=184 template=closure origin=seed:tests/corpus/syntax/object-destructure-and-members.test.js
 PASS js-fuzzer-closure-402ab56c065b.js [4868/10000] status=ok obs=f457c545a9de coverage=+0/32/38 time=2ms
  RUN js-fuzzer-block-scope-ac3d07b5f6a1.js [4869/10000] md5=ac3d07b5f6a1ed4b926dc8df94f557f2 bytes=114 template=block-scope origin=seed:tests/corpus/syntax/switch-do-while-sequence.test.js
 PASS js-fuzzer-block-scope-ac3d07b5f6a1.js [4869/10000] status=ok obs=a3c65c297427 coverage=+0/32/38 time=2ms
  RUN js-fuzzer-corpus-ff388659a641.js [4870/10000] md5=ff388659a6419d1e6e01ce4e7151a52e bytes=135 template=corpus origin=tests/corpus/syntax/template-array-destructure.test.js
 PASS js-fuzzer-corpus-ff388659a641.js [4870/10000] status=ok obs=f61c9a8be43c coverage=+0/32/38 time=1ms
  RUN js-fuzzer-try-catch-7cb82b9a3fc9.js [4871/10000] md5=7cb82b9a3fc9743b17b967ebeeaab91b bytes=110 template=try-catch origin=seed:tests/corpus/syntax/typescript-assertions.test.ts
 PASS js-fuzzer-try-catch-7cb82b9a3fc9.js [4871/10000] status=ok obs=b6d767d2f8ed coverage=+0/32/38 time=2ms
  RUN js-fuzzer-class-a365d1a76b7b.js [4872/10000] md5=a365d1a76b7b0d4310621afa7caac433 bytes=100 template=class origin=seed:tests/corpus/syntax/typescript-non-null-satisfies.test.ts
 PASS js-fuzzer-class-a365d1a76b7b.js [4872/10000] status=ok obs=8f14e45fceea coverage=+0/32/38 time=1ms
  RUN js-fuzzer-boundary-e33d9dc9cd6c.js [4873/10000] md5=e33d9dc9cd6c84ec6ac6a01d1d18c4f2 bytes=113 template=boundary origin=boundary:2
 PASS js-fuzzer-boundary-e33d9dc9cd6c.js [4873/10000] status=ok obs=c81e728d9d4c coverage=+0/32/38 time=2ms
  RUN js-fuzzer-function-288d473b3a74.js [4874/10000] md5=288d473b3a7495d967aff826da7d201e bytes=153 template=function origin=seed:tests/corpus/fixtures/state-machine-workflow.test.js
 PASS js-fuzzer-function-288d473b3a74.js [4874/10000] status=ok obs=aab3238922bc coverage=+0/32/38 time=2ms
  RUN js-fuzzer-array-object-666617d7ef1c.js [4875/10000] md5=666617d7ef1c7c55a609706a39e015ff bytes=133 template=array-object origin=seed:tests/corpus/fixtures/vue-script-workflow.test.vue
 PASS js-fuzzer-array-object-666617d7ef1c.js [4875/10000] status=ok obs=c74d97b01eae coverage=+0/32/38 time=1ms
  RUN js-fuzzer-closure-8a95a02ac0ed.js [4876/10000] md5=8a95a02ac0edf426c0cb8fa45c379334 bytes=184 template=closure origin=seed:tests/corpus/obfuscation/constant-tag-mix.test.js
 PASS js-fuzzer-closure-8a95a02ac0ed.js [4876/10000] status=ok obs=3416a75f4cea coverage=+0/32/38 time=2ms
  RUN js-fuzzer-block-scope-cdd8b51c02d7.js [4877/10000] md5=cdd8b51c02d709abe874e8214b24cf71 bytes=114 template=block-scope origin=seed:tests/corpus/obfuscation/extern-slot-permutation.test.js
 PASS js-fuzzer-block-scope-cdd8b51c02d7.js [4877/10000] status=ok obs=2723d092b638 coverage=+0/32/38 time=2ms
  RUN js-fuzzer-loop-f495ca2fc638.js [4878/10000] md5=f495ca2fc6389f933578fc501f5b1465 bytes=81 template=loop origin=seed:tests/corpus/obfuscation/externs-console.test.js
 PASS js-fuzzer-loop-f495ca2fc638.js [4878/10000] status=ok obs=c4ca4238a0b9 coverage=+0/32/38 time=23ms
  RUN js-fuzzer-corpus-38ba19d9deb7.js [4879/10000] md5=38ba19d9deb7566cc8a420c27ada3f21 bytes=136 template=corpus origin=tests/corpus/obfuscation/seed-sensitive-functions.test.js
 PASS js-fuzzer-corpus-38ba19d9deb7.js [4879/10000] status=ok obs=a5bfc9e07964 coverage=+0/32/38 time=16ms
  RUN js-fuzzer-boundary-a6a77cc918cc.js [4880/10000] md5=a6a77cc918cc479b04ccb7be2bd80dac bytes=113 template=boundary origin=boundary:1
 PASS js-fuzzer-boundary-a6a77cc918cc.js [4880/10000] status=ok obs=c4ca4238a0b9 coverage=+0/32/38 time=2ms
  RUN js-fuzzer-arithmetic-2ae190ee667b.js [4881/10000] md5=2ae190ee667be3e7f699ff19ef6e566c bytes=84 template=arithmetic origin=seed:tests/corpus/regressions/multiple-functions-fib-add.test.js
 PASS js-fuzzer-arithmetic-2ae190ee667b.js [4881/10000] status=ok obs=73278a4a8696 coverage=+0/32/38 time=32ms
  RUN js-fuzzer-function-8a3820bf6e52.js [4882/10000] md5=8a3820bf6e52dcab1a0437ab7872cf6a bytes=153 template=function origin=seed:tests/corpus/regressions/scope-compressed-closure-params.test.js
 PASS js-fuzzer-function-8a3820bf6e52.js [4882/10000] status=ok obs=a87ff679a2f3 coverage=+0/32/38 time=2ms
  RUN js-fuzzer-array-object-08152533cb33.js [4883/10000] md5=08152533cb3369baff6e20662a4565e4 bytes=133 template=array-object origin=seed:tests/corpus/runtime/arrays-objects-methods.test.js
 PASS js-fuzzer-array-object-08152533cb33.js [4883/10000] status=ok obs=aab3238922bc coverage=+0/32/38 time=11ms
  RUN js-fuzzer-closure-40e8dd2f6310.js [4884/10000] md5=40e8dd2f63100371727e3ed4d23cca49 bytes=185 template=closure origin=seed:tests/corpus/runtime/block-scopes.test.js
 PASS js-fuzzer-closure-40e8dd2f6310.js [4884/10000] status=ok obs=735b90b45681 coverage=+0/32/38 time=4ms
  RUN js-fuzzer-block-scope-8b79233a7c16.js [4885/10000] md5=8b79233a7c166fb0d6cb362ea16c5af0 bytes=114 template=block-scope origin=seed:tests/corpus/runtime/class-fields-static-methods.test.js
 PASS js-fuzzer-block-scope-8b79233a7c16.js [4885/10000] status=ok obs=2723d092b638 coverage=+0/32/38 time=2ms
  RUN js-fuzzer-loop-b88258462a8d.js [4886/10000] md5=b88258462a8d880f8b0e459fa23b2536 bytes=81 template=loop origin=seed:tests/corpus/runtime/classes-and-objects.test.js
 PASS js-fuzzer-loop-b88258462a8d.js [4886/10000] status=ok obs=3c59dc048e88 coverage=+0/32/38 time=3ms
  RUN js-fuzzer-boundary-37492c99ff33.js [4887/10000] md5=37492c99ff33e9d5e09e0b8e84ba785a bytes=129 template=boundary origin=boundary:-9007199254740991
 PASS js-fuzzer-boundary-37492c99ff33.js [4887/10000] status=ok obs=b3f3a95848f6 coverage=+0/32/38 time=1ms
  RUN js-fuzzer-corpus-08bc93bf5789.js [4888/10000] md5=08bc93bf57897bc88ce7161fe56cd099 bytes=169 template=corpus origin=tests/corpus/runtime/closures-read-captured-values.test.js
 PASS js-fuzzer-corpus-08bc93bf5789.js [4888/10000] status=ok obs=02e74f10e032 coverage=+0/32/38 time=2ms
  RUN js-fuzzer-arithmetic-d34424940687.js [4889/10000] md5=d3442494068764d69a70da0b46494cf7 bytes=84 template=arithmetic origin=seed:tests/corpus/runtime/exceptions-and-nullish.test.js
 PASS js-fuzzer-arithmetic-d34424940687.js [4889/10000] status=ok obs=0f28b5d49b30 coverage=+0/32/38 time=2ms
  RUN js-fuzzer-function-d3859b93eee1.js [4890/10000] md5=d3859b93eee1f3bcfec0cda51c4d02bf bytes=153 template=function origin=seed:tests/corpus/runtime/functions-closures-and-arrows.test.js
 PASS js-fuzzer-function-d3859b93eee1.js [4890/10000] status=ok obs=a87ff679a2f3 coverage=+0/32/38 time=10ms
  RUN js-fuzzer-array-object-62ce27fc36fb.js [4891/10000] md5=62ce27fc36fb7fb9915a0fd91ca98ee4 bytes=133 template=array-object origin=seed:tests/corpus/runtime/lexical-shadowing.test.js
 PASS js-fuzzer-array-object-62ce27fc36fb.js [4891/10000] status=ok obs=d3d9446802a4 coverage=+0/32/38 time=7ms
  RUN js-fuzzer-closure-7d8a37b9fd99.js [4892/10000] md5=7d8a37b9fd99e4f59d82c026f4e21e3a bytes=183 template=closure origin=seed:tests/corpus/runtime/modules-export.test.js
 PASS js-fuzzer-closure-7d8a37b9fd99.js [4892/10000] status=ok obs=3c59dc048e88 coverage=+0/32/38 time=2ms
  RUN js-fuzzer-block-scope-6f7d6ccfdb3a.js [4893/10000] md5=6f7d6ccfdb3a011fdc3385fc6130aa3b bytes=114 template=block-scope origin=seed:tests/corpus/runtime/nested-try-finally.test.js
 PASS js-fuzzer-block-scope-6f7d6ccfdb3a.js [4893/10000] status=ok obs=a3c65c297427 coverage=+0/32/38 time=3ms
  RUN js-fuzzer-boundary-512d8e9b531d.js [4894/10000] md5=512d8e9b531dd316e823325cc949e70e bytes=123 template=boundary origin=boundary:-2147483648
 PASS js-fuzzer-boundary-512d8e9b531d.js [4894/10000] status=ok obs=034ff5946105 coverage=+0/32/38 time=2ms
  RUN js-fuzzer-try-catch-a173285175b8.js [4895/10000] md5=a173285175b813cddca62eb427efafd5 bytes=110 template=try-catch origin=seed:tests/corpus/syntax/logical-unary-nullish.test.js
 PASS js-fuzzer-try-catch-a173285175b8.js [4895/10000] status=ok obs=9a1158154dfa coverage=+0/32/38 time=1ms
  RUN js-fuzzer-class-a35a4dd2f302.js [4896/10000] md5=a35a4dd2f302fda9a0e8d6e2c980c283 bytes=101 template=class origin=seed:tests/corpus/syntax/object-destructure-and-members.test.js
 PASS js-fuzzer-class-a35a4dd2f302.js [4896/10000] status=ok obs=9bf31c7ff062 coverage=+0/32/38 time=2ms
  RUN js-fuzzer-corpus-2aed353a2d20.js [4897/10000] md5=2aed353a2d200d64cbaf7beb40face20 bytes=275 template=corpus origin=tests/corpus/syntax/switch-do-while-sequence.test.js
 PASS js-fuzzer-corpus-2aed353a2d20.js [4897/10000] status=ok obs=6f4922f45568 coverage=+0/32/38 time=2ms
  RUN js-fuzzer-function-7078b1558e88.js [4898/10000] md5=7078b1558e88c84f2ce4ff32c844a13e bytes=153 template=function origin=seed:tests/corpus/syntax/template-array-destructure.test.js
 PASS js-fuzzer-function-7078b1558e88.js [4898/10000] status=ok obs=1679091c5a88 coverage=+0/32/38 time=2ms
  RUN js-fuzzer-array-object-3fd2dbcada19.js [4899/10000] md5=3fd2dbcada1945a31ebce11ff291aae2 bytes=133 template=array-object origin=seed:tests/corpus/syntax/typescript-assertions.test.ts
 PASS js-fuzzer-array-object-3fd2dbcada19.js [4899/10000] status=ok obs=c74d97b01eae coverage=+0/32/38 time=1ms
  RUN js-fuzzer-closure-e9a3fac80669.js [4900/10000] md5=e9a3fac806692bdcce252bb7309d9092 bytes=183 template=closure origin=seed:tests/corpus/syntax/typescript-non-null-satisfies.test.ts
 PASS js-fuzzer-closure-e9a3fac80669.js [4900/10000] status=ok obs=8f14e45fceea coverage=+0/32/38 time=2ms
  RUN js-fuzzer-boundary-db03eeac3914.js [4901/10000] md5=db03eeac3914e8f0a7bfea9eefe9f0de bytes=114 template=boundary origin=boundary:-2
 PASS js-fuzzer-boundary-db03eeac3914.js [4901/10000] status=ok obs=5d7b9adcbe1c coverage=+0/32/38 time=1ms
  RUN js-fuzzer-loop-d35707ad0bf7.js [4902/10000] md5=d35707ad0bf74148f671ad8943998af6 bytes=81 template=loop origin=seed:tests/corpus/fixtures/state-machine-workflow.test.js
 PASS js-fuzzer-loop-d35707ad0bf7.js [4902/10000] status=ok obs=9bf31c7ff062 coverage=+0/32/38 time=2ms
  RUN js-fuzzer-try-catch-081c74da6bdb.js [4903/10000] md5=081c74da6bdbcec08ff71798dacff9f1 bytes=110 template=try-catch origin=seed:tests/corpus/fixtures/vue-script-workflow.test.vue
 PASS js-fuzzer-try-catch-081c74da6bdb.js [4903/10000] status=ok obs=6c8349cc7260 coverage=+0/32/38 time=2ms
  RUN js-fuzzer-class-6736c24444bc.js [4904/10000] md5=6736c24444bc6ff151b05a9a974ae4d5 bytes=100 template=class origin=seed:tests/corpus/obfuscation/constant-tag-mix.test.js
 PASS js-fuzzer-class-6736c24444bc.js [4904/10000] status=ok obs=45c48cce2e2d coverage=+0/32/38 time=1ms
  RUN js-fuzzer-arithmetic-fc69913e5f8d.js [4905/10000] md5=fc69913e5f8d062342465df5093a34fa bytes=85 template=arithmetic origin=seed:tests/corpus/obfuscation/extern-slot-permutation.test.js
 PASS js-fuzzer-arithmetic-fc69913e5f8d.js [4905/10000] status=ok obs=091d584fced3 coverage=+0/32/38 time=2ms
  RUN js-fuzzer-corpus-efd663ac427b.js [4906/10000] md5=efd663ac427b5ca270b2f8b928c902bf bytes=112 template=corpus origin=tests/corpus/obfuscation/externs-console.test.js
 PASS js-fuzzer-corpus-efd663ac427b.js [4906/10000] status=ok obs=d289993e39c8 coverage=+0/32/38 time=1ms
  RUN js-fuzzer-array-object-fb5118553ede.js [4907/10000] md5=fb5118553ede71ffdb6f647b441c6c64 bytes=133 template=array-object origin=seed:tests/corpus/obfuscation/seed-sensitive-functions.test.js
 PASS js-fuzzer-array-object-fb5118553ede.js [4907/10000] status=ok obs=c20ad4d76fe9 coverage=+0/32/38 time=1ms
  RUN js-fuzzer-boundary-3d1d4e90ebd9.js [4908/10000] md5=3d1d4e90ebd99aad7ece59efc98f7563 bytes=114 template=boundary origin=boundary:-1
 PASS js-fuzzer-boundary-3d1d4e90ebd9.js [4908/10000] status=ok obs=6bb61e3b7bce coverage=+0/32/38 time=2ms
  RUN js-fuzzer-block-scope-7fc664287876.js [4909/10000] md5=7fc6642878767985ab6325f8fdf02946 bytes=114 template=block-scope origin=seed:tests/corpus/regressions/multiple-functions-fib-add.test.js
 PASS js-fuzzer-block-scope-7fc664287876.js [4909/10000] status=ok obs=a3c65c297427 coverage=+0/32/38 time=2ms
  RUN js-fuzzer-loop-55c7c905bffb.js [4910/10000] md5=55c7c905bffb4bbbc4c8fb9b91df6ad8 bytes=81 template=loop origin=seed:tests/corpus/regressions/scope-compressed-closure-params.test.js
 PASS js-fuzzer-loop-55c7c905bffb.js [4910/10000] status=ok obs=eccbc87e4b5c coverage=+0/32/38 time=1ms
  RUN js-fuzzer-try-catch-0db921dfa62d.js [4911/10000] md5=0db921dfa62dbbfd21889addc9a83362 bytes=110 template=try-catch origin=seed:tests/corpus/runtime/arrays-objects-methods.test.js
 PASS js-fuzzer-try-catch-0db921dfa62d.js [4911/10000] status=ok obs=34173cb38f07 coverage=+0/32/38 time=2ms
  RUN js-fuzzer-class-1fb70654253d.js [4912/10000] md5=1fb70654253d944404805630039f463c bytes=101 template=class origin=seed:tests/corpus/runtime/block-scopes.test.js
 PASS js-fuzzer-class-1fb70654253d.js [4912/10000] status=ok obs=c51ce410c124 coverage=+0/32/38 time=1ms
  RUN js-fuzzer-arithmetic-27b3ab6b1371.js [4913/10000] md5=27b3ab6b1371991d287b8acfee881837 bytes=83 template=arithmetic origin=seed:tests/corpus/runtime/class-fields-static-methods.test.js
 PASS js-fuzzer-arithmetic-27b3ab6b1371.js [4913/10000] status=ok obs=73278a4a8696 coverage=+0/32/38 time=2ms
  RUN js-fuzzer-function-2a74733dc731.js [4914/10000] md5=2a74733dc7313f8fa40f843496dd9ed4 bytes=153 template=function origin=seed:tests/corpus/runtime/classes-and-objects.test.js
 PASS js-fuzzer-function-2a74733dc731.js [4914/10000] status=ok obs=45c48cce2e2d coverage=+0/32/38 time=1ms
  RUN js-fuzzer-corpus-ddcb99247fc8.js [4915/10000] md5=ddcb99247fc847c897b97c6bd6512b9f bytes=217 template=corpus origin=tests/corpus/runtime/closures-mutate-captured-bindings.test.js
 PASS js-fuzzer-corpus-ddcb99247fc8.js [4915/10000] status=ok obs=e4da3b7fbbce coverage=+0/32/38 time=1ms
  RUN js-fuzzer-closure-568d55d4bf17.js [4916/10000] md5=568d55d4bf1786fac40e15100031150c bytes=185 template=closure origin=seed:tests/corpus/runtime/closures-read-captured-values.test.js
 PASS js-fuzzer-closure-568d55d4bf17.js [4916/10000] status=ok obs=67c6a1e7ce56 coverage=+0/32/38 time=2ms
  RUN js-fuzzer-block-scope-32ac216b7324.js [4917/10000] md5=32ac216b7324d05afa8a5e5ef1ba6b62 bytes=114 template=block-scope origin=seed:tests/corpus/runtime/exceptions-and-nullish.test.js
 PASS js-fuzzer-block-scope-32ac216b7324.js [4917/10000] status=ok obs=38b3eff8baf5 coverage=+0/32/38 time=2ms
  RUN js-fuzzer-loop-f495ca2fc638.js [4918/10000] md5=f495ca2fc6389f933578fc501f5b1465 bytes=81 template=loop origin=seed:tests/corpus/runtime/functions-closures-and-arrows.test.js
 PASS js-fuzzer-loop-f495ca2fc638.js [4918/10000] status=ok obs=c4ca4238a0b9 coverage=+0/32/38 time=1ms
  RUN js-fuzzer-try-catch-14bcb064f014.js [4919/10000] md5=14bcb064f014dbe91c2010889dcaa2c0 bytes=110 template=try-catch origin=seed:tests/corpus/runtime/lexical-shadowing.test.js
 PASS js-fuzzer-try-catch-14bcb064f014.js [4919/10000] status=ok obs=c0c7c76d30bd coverage=+0/32/38 time=2ms
  RUN js-fuzzer-class-ff7d9ca3da86.js [4920/10000] md5=ff7d9ca3da86b49917ac34b4d48e8df9 bytes=101 template=class origin=seed:tests/corpus/runtime/modules-export.test.js
 PASS js-fuzzer-class-ff7d9ca3da86.js [4920/10000] status=ok obs=c20ad4d76fe9 coverage=+0/32/38 time=1ms
  RUN js-fuzzer-arithmetic-70cf7e760228.js [4921/10000] md5=70cf7e760228fc6ab5db44b91b33af09 bytes=84 template=arithmetic origin=seed:tests/corpus/runtime/nested-try-finally.test.js
 PASS js-fuzzer-arithmetic-70cf7e760228.js [4921/10000] status=ok obs=642e92efb794 coverage=+0/32/38 time=2ms
  RUN js-fuzzer-boundary-6330cdecf02f.js [4922/10000] md5=6330cdecf02f68328876d88213acc2ac bytes=128 template=boundary origin=boundary:9007199254740991
 PASS js-fuzzer-boundary-6330cdecf02f.js [4922/10000] status=ok obs=8bfa9ad090fb coverage=+0/32/38 time=2ms
  RUN js-fuzzer-array-object-0a53906e0d0f.js [4923/10000] md5=0a53906e0d0fc6ae187661b74972e730 bytes=133 template=array-object origin=seed:tests/corpus/syntax/logical-unary-nullish.test.js
 PASS js-fuzzer-array-object-0a53906e0d0f.js [4923/10000] status=ok obs=1f0e3dad9990 coverage=+0/32/38 time=1ms
  RUN js-fuzzer-corpus-96ebdcb81273.js [4924/10000] md5=96ebdcb81273f0e5e5778a6c70c94988 bytes=171 template=corpus origin=tests/corpus/syntax/object-destructure-and-members.test.js
 PASS js-fuzzer-corpus-96ebdcb81273.js [4924/10000] status=ok obs=bfad8dfa12ed coverage=+0/32/38 time=2ms
  RUN js-fuzzer-block-scope-1d6b190ceb7d.js [4925/10000] md5=1d6b190ceb7d9fb926a1e1646ae8a1f6 bytes=115 template=block-scope origin=seed:tests/corpus/syntax/switch-do-while-sequence.test.js
 PASS js-fuzzer-block-scope-1d6b190ceb7d.js [4925/10000] status=ok obs=5f93f983524d coverage=+0/32/38 time=1ms
  RUN js-fuzzer-loop-f495ca2fc638.js [4926/10000] md5=f495ca2fc6389f933578fc501f5b1465 bytes=81 template=loop origin=seed:tests/corpus/syntax/template-array-destructure.test.js
 PASS js-fuzzer-loop-f495ca2fc638.js [4926/10000] status=ok obs=c4ca4238a0b9 coverage=+0/32/38 time=2ms
  RUN js-fuzzer-try-catch-78409afcd812.js [4927/10000] md5=78409afcd812e57d07238a91d9d67ddf bytes=110 template=try-catch origin=seed:tests/corpus/syntax/typescript-assertions.test.ts
 PASS js-fuzzer-try-catch-78409afcd812.js [4927/10000] status=ok obs=17e62166fc85 coverage=+0/32/38 time=2ms
  RUN js-fuzzer-class-5baf4bed5db4.js [4928/10000] md5=5baf4bed5db4f8205173226efc8fff73 bytes=101 template=class origin=seed:tests/corpus/syntax/typescript-non-null-satisfies.test.ts
 PASS js-fuzzer-class-5baf4bed5db4.js [4928/10000] status=ok obs=6f4922f45568 coverage=+0/32/38 time=2ms
  RUN js-fuzzer-boundary-5c12d757f0dd.js [4929/10000] md5=5c12d757f0ddd5c6b1207b14fb1e8d0c bytes=122 template=boundary origin=boundary:2147483647
 PASS js-fuzzer-boundary-5c12d757f0dd.js [4929/10000] status=ok obs=c588c0a459f4 coverage=+0/32/38 time=1ms
  RUN js-fuzzer-function-134a85d12098.js [4930/10000] md5=134a85d120985077bd24a3a53ac64560 bytes=153 template=function origin=seed:tests/corpus/fixtures/state-machine-workflow.test.js
 PASS js-fuzzer-function-134a85d12098.js [4930/10000] status=ok obs=1679091c5a88 coverage=+0/32/38 time=2ms
  RUN js-fuzzer-array-object-4b7327d03a54.js [4931/10000] md5=4b7327d03a541fbf7b988e30336a52bf bytes=133 template=array-object origin=seed:tests/corpus/fixtures/vue-script-workflow.test.vue
 PASS js-fuzzer-array-object-4b7327d03a54.js [4931/10000] status=ok obs=6512bd43d9ca coverage=+0/32/38 time=2ms
  RUN js-fuzzer-closure-8cf99f000395.js [4932/10000] md5=8cf99f000395191c99329144e3d48985 bytes=184 template=closure origin=seed:tests/corpus/obfuscation/constant-tag-mix.test.js
 PASS js-fuzzer-closure-8cf99f000395.js [4932/10000] status=ok obs=d2ddea18f006 coverage=+0/32/38 time=1ms
  RUN js-fuzzer-corpus-fe2d30a6e413.js [4933/10000] md5=fe2d30a6e4139e7a8b52405bed737faa bytes=220 template=corpus origin=tests/corpus/obfuscation/extern-slot-permutation.test.js
 PASS js-fuzzer-corpus-fe2d30a6e413.js [4933/10000] status=ok obs=c34c702d0256 coverage=+0/32/38 time=2ms
  RUN js-fuzzer-loop-54e460cecf5c.js [4934/10000] md5=54e460cecf5c05dfcffaa3b2e5f57445 bytes=81 template=loop origin=seed:tests/corpus/obfuscation/externs-console.test.js
 PASS js-fuzzer-loop-54e460cecf5c.js [4934/10000] status=ok obs=d3d9446802a4 coverage=+0/32/38 time=2ms
  RUN js-fuzzer-try-catch-c5263a4b0fbd.js [4935/10000] md5=c5263a4b0fbd119742a040447111f34b bytes=109 template=try-catch origin=seed:tests/corpus/obfuscation/seed-sensitive-functions.test.js
 PASS js-fuzzer-try-catch-c5263a4b0fbd.js [4935/10000] status=ok obs=8f14e45fceea coverage=+0/32/38 time=1ms
  RUN js-fuzzer-boundary-14a05a816d97.js [4936/10000] md5=14a05a816d975afa7654eb06610350d0 bytes=113 template=boundary origin=boundary:2
 PASS js-fuzzer-boundary-14a05a816d97.js [4936/10000] status=ok obs=c81e728d9d4c coverage=+0/32/38 time=2ms
  RUN js-fuzzer-arithmetic-e47ad464bbbc.js [4937/10000] md5=e47ad464bbbc98e42f035705ca5f2b29 bytes=84 template=arithmetic origin=seed:tests/corpus/regressions/multiple-functions-fib-add.test.js
 PASS js-fuzzer-arithmetic-e47ad464bbbc.js [4937/10000] status=ok obs=a5e00132373a coverage=+0/32/38 time=2ms
  RUN js-fuzzer-function-67a4a16b508e.js [4938/10000] md5=67a4a16b508e8efc2a1fbbfc79004c7b bytes=153 template=function origin=seed:tests/corpus/regressions/scope-compressed-closure-params.test.js
 PASS js-fuzzer-function-67a4a16b508e.js [4938/10000] status=ok obs=eccbc87e4b5c coverage=+0/32/38 time=1ms
  RUN js-fuzzer-array-object-01c7fc8b4807.js [4939/10000] md5=01c7fc8b4807fbae6be15092d990a6a8 bytes=133 template=array-object origin=seed:tests/corpus/runtime/arrays-objects-methods.test.js
 PASS js-fuzzer-array-object-01c7fc8b4807.js [4939/10000] status=ok obs=6f4922f45568 coverage=+0/32/38 time=2ms
  RUN js-fuzzer-closure-df3f12e67ed3.js [4940/10000] md5=df3f12e67ed3f7981f6f6392f8ac7e21 bytes=185 template=closure origin=seed:tests/corpus/runtime/block-scopes.test.js
 PASS js-fuzzer-closure-df3f12e67ed3.js [4940/10000] status=ok obs=e2c420d928d4 coverage=+0/32/38 time=1ms
  RUN js-fuzzer-block-scope-eeb07e4712f5.js [4941/10000] md5=eeb07e4712f5b491c95d1d46d689b778 bytes=114 template=block-scope origin=seed:tests/corpus/runtime/class-fields-static-methods.test.js
 PASS js-fuzzer-block-scope-eeb07e4712f5.js [4941/10000] status=ok obs=6974ce5ac660 coverage=+0/32/38 time=1ms
  RUN js-fuzzer-corpus-663bf83cd082.js [4942/10000] md5=663bf83cd082bd221441dae6bbc85046 bytes=278 template=corpus origin=tests/corpus/runtime/classes-and-objects.test.js
 PASS js-fuzzer-corpus-663bf83cd082.js [4942/10000] status=ok obs=6f4922f45568 coverage=+0/32/38 time=2ms
  RUN js-fuzzer-boundary-a6a77cc918cc.js [4943/10000] md5=a6a77cc918cc479b04ccb7be2bd80dac bytes=113 template=boundary origin=boundary:1
 PASS js-fuzzer-boundary-a6a77cc918cc.js [4943/10000] status=ok obs=c4ca4238a0b9 coverage=+0/32/38 time=1ms
  RUN js-fuzzer-class-c6bbe0a63455.js [4944/10000] md5=c6bbe0a634559d18fa82cf0c9a421610 bytes=100 template=class origin=seed:tests/corpus/runtime/closures-read-captured-values.test.js
 PASS js-fuzzer-class-c6bbe0a63455.js [4944/10000] status=ok obs=1679091c5a88 coverage=+0/32/38 time=1ms
  RUN js-fuzzer-arithmetic-1faa5b9d7e21.js [4945/10000] md5=1faa5b9d7e21f782126f45e02c08d649 bytes=83 template=arithmetic origin=seed:tests/corpus/runtime/exceptions-and-nullish.test.js
 PASS js-fuzzer-arithmetic-1faa5b9d7e21.js [4945/10000] status=ok obs=fbd7939d6749 coverage=+0/32/38 time=2ms
  RUN js-fuzzer-function-3e322d578629.js [4946/10000] md5=3e322d5786297aab4fec4c2fa56a2542 bytes=153 template=function origin=seed:tests/corpus/runtime/functions-closures-and-arrows.test.js
 PASS js-fuzzer-function-3e322d578629.js [4946/10000] status=ok obs=1679091c5a88 coverage=+0/32/38 time=1ms
  RUN js-fuzzer-array-object-8dab430b5516.js [4947/10000] md5=8dab430b5516339ad3ab884ffd62b6a5 bytes=133 template=array-object origin=seed:tests/corpus/runtime/lexical-shadowing.test.js
 PASS js-fuzzer-array-object-8dab430b5516.js [4947/10000] status=ok obs=1679091c5a88 coverage=+0/32/38 time=2ms
  RUN js-fuzzer-closure-02734c80d55c.js [4948/10000] md5=02734c80d55cf06c00f55bb26992c800 bytes=184 template=closure origin=seed:tests/corpus/runtime/modules-export.test.js
 PASS js-fuzzer-closure-02734c80d55c.js [4948/10000] status=ok obs=2838023a778d coverage=+0/32/38 time=1ms
  RUN js-fuzzer-block-scope-afb6dee4b2ec.js [4949/10000] md5=afb6dee4b2ec9225553c3bff3995f1a9 bytes=114 template=block-scope origin=seed:tests/corpus/runtime/nested-try-finally.test.js
 PASS js-fuzzer-block-scope-afb6dee4b2ec.js [4949/10000] status=ok obs=a97da629b098 coverage=+0/32/38 time=2ms
  RUN js-fuzzer-boundary-6aec0a9b1ff4.js [4950/10000] md5=6aec0a9b1ff4294bcfecb539ba7e660b bytes=129 template=boundary origin=boundary:-9007199254740991
 PASS js-fuzzer-boundary-6aec0a9b1ff4.js [4950/10000] status=ok obs=b3f3a95848f6 coverage=+0/32/38 time=1ms
  RUN js-fuzzer-corpus-279b64032335.js [4951/10000] md5=279b640323351a1b082b98b42d2a2d55 bytes=134 template=corpus origin=tests/corpus/syntax/logical-unary-nullish.test.js
 PASS js-fuzzer-corpus-279b64032335.js [4951/10000] status=ok obs=45c48cce2e2d coverage=+0/32/38 time=2ms
  RUN js-fuzzer-class-51ea152a707e.js [4952/10000] md5=51ea152a707ed5422ab3e5b3ddb7fe43 bytes=100 template=class origin=seed:tests/corpus/syntax/object-destructure-and-members.test.js
 PASS js-fuzzer-class-51ea152a707e.js [4952/10000] status=ok obs=e4da3b7fbbce coverage=+0/32/38 time=2ms
  RUN js-fuzzer-arithmetic-0df57a8e17e8.js [4953/10000] md5=0df57a8e17e86e4665317f26b25d9a7d bytes=84 template=arithmetic origin=seed:tests/corpus/syntax/switch-do-while-sequence.test.js
 PASS js-fuzzer-arithmetic-0df57a8e17e8.js [4953/10000] status=ok obs=a0a080f42e6f coverage=+0/32/38 time=1ms
  RUN js-fuzzer-function-1d370c2e7126.js [4954/10000] md5=1d370c2e7126a84b090ad6eed5468375 bytes=153 template=function origin=seed:tests/corpus/syntax/template-array-destructure.test.js
 PASS js-fuzzer-function-1d370c2e7126.js [4954/10000] status=ok obs=8f14e45fceea coverage=+0/32/38 time=2ms
  RUN js-fuzzer-array-object-604ccba55ec5.js [4955/10000] md5=604ccba55ec5ef443bb1b65b85c75702 bytes=133 template=array-object origin=seed:tests/corpus/syntax/typescript-assertions.test.ts
 PASS js-fuzzer-array-object-604ccba55ec5.js [4955/10000] status=ok obs=aab3238922bc coverage=+0/32/38 time=2ms
  RUN js-fuzzer-closure-fe96cd83a11c.js [4956/10000] md5=fe96cd83a11cb6bc909da03552653567 bytes=184 template=closure origin=seed:tests/corpus/syntax/typescript-non-null-satisfies.test.ts
 PASS js-fuzzer-closure-fe96cd83a11c.js [4956/10000] status=ok obs=3416a75f4cea coverage=+0/32/38 time=1ms
  RUN js-fuzzer-boundary-4b8e58e2bd3b.js [4957/10000] md5=4b8e58e2bd3bc437f093fe0ab13ce109 bytes=123 template=boundary origin=boundary:-2147483648
 PASS js-fuzzer-boundary-4b8e58e2bd3b.js [4957/10000] status=ok obs=034ff5946105 coverage=+0/32/38 time=2ms
  RUN js-fuzzer-loop-bbf1d7a15d8d.js [4958/10000] md5=bbf1d7a15d8dd015402d75c0e0108b5f bytes=81 template=loop origin=seed:tests/corpus/fixtures/state-machine-workflow.test.js
 PASS js-fuzzer-loop-bbf1d7a15d8d.js [4958/10000] status=ok obs=1679091c5a88 coverage=+0/32/38 time=2ms
  RUN js-fuzzer-try-catch-a4e2330c4919.js [4959/10000] md5=a4e2330c49196805169dbf8449e466fa bytes=110 template=try-catch origin=seed:tests/corpus/fixtures/vue-script-workflow.test.vue
 PASS js-fuzzer-try-catch-a4e2330c4919.js [4959/10000] status=ok obs=3c59dc048e88 coverage=+0/32/38 time=1ms
  RUN js-fuzzer-corpus-f00ef18b0a17.js [4960/10000] md5=f00ef18b0a172b2a2d9833f5b7fe94e2 bytes=199 template=corpus origin=tests/corpus/obfuscation/constant-tag-mix.test.js
 PASS js-fuzzer-corpus-f00ef18b0a17.js [4960/10000] status=ok obs=e86823f38986 coverage=+0/32/38 time=2ms
  RUN js-fuzzer-arithmetic-3ef20864a2a0.js [4961/10000] md5=3ef20864a2a012b65140a72a9f02e8ba bytes=84 template=arithmetic origin=seed:tests/corpus/obfuscation/extern-slot-permutation.test.js
 PASS js-fuzzer-arithmetic-3ef20864a2a0.js [4961/10000] status=ok obs=fc490ca45c00 coverage=+0/32/38 time=1ms
  RUN js-fuzzer-function-59a47c73ec30.js [4962/10000] md5=59a47c73ec3039d5b72e8af0d1e410de bytes=153 template=function origin=seed:tests/corpus/obfuscation/externs-console.test.js
 PASS js-fuzzer-function-59a47c73ec30.js [4962/10000] status=ok obs=8f14e45fceea coverage=+0/32/38 time=2ms
  RUN js-fuzzer-array-object-36552d137b60.js [4963/10000] md5=36552d137b605430f6d637e6a483ca25 bytes=133 template=array-object origin=seed:tests/corpus/obfuscation/seed-sensitive-functions.test.js
 PASS js-fuzzer-array-object-36552d137b60.js [4963/10000] status=ok obs=c74d97b01eae coverage=+0/32/38 time=2ms
  RUN js-fuzzer-boundary-4ae25cb2e150.js [4964/10000] md5=4ae25cb2e15083bfca9f6b81b3f9f24b bytes=114 template=boundary origin=boundary:-2
 PASS js-fuzzer-boundary-4ae25cb2e150.js [4964/10000] status=ok obs=5d7b9adcbe1c coverage=+0/32/38 time=1ms
  RUN js-fuzzer-block-scope-cdbf5f7a5e45.js [4965/10000] md5=cdbf5f7a5e4556604c53c617bae60283 bytes=115 template=block-scope origin=seed:tests/corpus/regressions/multiple-functions-fib-add.test.js
 PASS js-fuzzer-block-scope-cdbf5f7a5e45.js [4965/10000] status=ok obs=5f93f983524d coverage=+0/32/38 time=2ms
  RUN js-fuzzer-loop-f495ca2fc638.js [4966/10000] md5=f495ca2fc6389f933578fc501f5b1465 bytes=81 template=loop origin=seed:tests/corpus/regressions/scope-compressed-closure-params.test.js
 PASS js-fuzzer-loop-f495ca2fc638.js [4966/10000] status=ok obs=c4ca4238a0b9 coverage=+0/32/38 time=1ms
  RUN js-fuzzer-try-catch-8a297d00e90e.js [4967/10000] md5=8a297d00e90eb93174a6d6eeae5be951 bytes=110 template=try-catch origin=seed:tests/corpus/runtime/arrays-objects-methods.test.js
 PASS js-fuzzer-try-catch-8a297d00e90e.js [4967/10000] status=ok obs=98f137082101 coverage=+0/32/38 time=2ms
  RUN js-fuzzer-class-f454a055ed5d.js [4968/10000] md5=f454a055ed5dc800cb1ab66abc7a01de bytes=100 template=class origin=seed:tests/corpus/runtime/block-scopes.test.js
 PASS js-fuzzer-class-f454a055ed5d.js [4968/10000] status=ok obs=a87ff679a2f3 coverage=+0/32/38 time=2ms
  RUN js-fuzzer-corpus-a64e83c2f849.js [4969/10000] md5=a64e83c2f84925dca8985eabe963ee21 bytes=179 template=corpus origin=tests/corpus/runtime/class-fields-static-methods.test.js
 PASS js-fuzzer-corpus-a64e83c2f849.js [4969/10000] status=ok obs=8f14e45fceea coverage=+0/32/38 time=1ms
  RUN js-fuzzer-function-79bb4335938d.js [4970/10000] md5=79bb4335938d82d557d11e6633b235d0 bytes=153 template=function origin=seed:tests/corpus/runtime/classes-and-objects.test.js
 PASS js-fuzzer-function-79bb4335938d.js [4970/10000] status=ok obs=6512bd43d9ca coverage=+0/32/38 time=2ms
  RUN js-fuzzer-boundary-7f379f781f4f.js [4971/10000] md5=7f379f781f4f9844733fb0f4c5d8aa15 bytes=114 template=boundary origin=boundary:-1
 PASS js-fuzzer-boundary-7f379f781f4f.js [4971/10000] status=ok obs=6bb61e3b7bce coverage=+0/32/38 time=2ms
  RUN js-fuzzer-closure-27ab9389e754.js [4972/10000] md5=27ab9389e75484e0389e821727b2ea12 bytes=184 template=closure origin=seed:tests/corpus/runtime/closures-read-captured-values.test.js
 PASS js-fuzzer-closure-27ab9389e754.js [4972/10000] status=ok obs=b53b3a3d6ab9 coverage=+0/32/38 time=1ms
  RUN js-fuzzer-block-scope-f9a48acda436.js [4973/10000] md5=f9a48acda436a6f7fcf3ecd8ac874dbb bytes=114 template=block-scope origin=seed:tests/corpus/runtime/exceptions-and-nullish.test.js
 PASS js-fuzzer-block-scope-f9a48acda436.js [4973/10000] status=ok obs=c9e1074f5b3f coverage=+0/32/38 time=2ms
  RUN js-fuzzer-loop-bbf1d7a15d8d.js [4974/10000] md5=bbf1d7a15d8dd015402d75c0e0108b5f bytes=81 template=loop origin=seed:tests/corpus/runtime/functions-closures-and-arrows.test.js
 PASS js-fuzzer-loop-bbf1d7a15d8d.js [4974/10000] status=ok obs=1679091c5a88 coverage=+0/32/38 time=1ms
  RUN js-fuzzer-try-catch-14bcb064f014.js [4975/10000] md5=14bcb064f014dbe91c2010889dcaa2c0 bytes=110 template=try-catch origin=seed:tests/corpus/runtime/lexical-shadowing.test.js
 PASS js-fuzzer-try-catch-14bcb064f014.js [4975/10000] status=ok obs=c0c7c76d30bd coverage=+0/32/38 time=1ms
  RUN js-fuzzer-class-a365d1a76b7b.js [4976/10000] md5=a365d1a76b7b0d4310621afa7caac433 bytes=100 template=class origin=seed:tests/corpus/runtime/modules-export.test.js
 PASS js-fuzzer-class-a365d1a76b7b.js [4976/10000] status=ok obs=8f14e45fceea coverage=+0/32/38 time=2ms
  RUN js-fuzzer-arithmetic-c559c7538e49.js [4977/10000] md5=c559c7538e49777175edb92cad9af46f bytes=85 template=arithmetic origin=seed:tests/corpus/runtime/nested-try-finally.test.js
 PASS js-fuzzer-arithmetic-c559c7538e49.js [4977/10000] status=ok obs=3b8a614226a9 coverage=+0/32/38 time=1ms
  RUN js-fuzzer-corpus-89e900fcb72f.js [4978/10000] md5=89e900fcb72ff838bfe9a13ae091363f bytes=228 template=corpus origin=tests/corpus/syntax/control-flow-and-operators.test.js
 PASS js-fuzzer-corpus-89e900fcb72f.js [4978/10000] status=ok obs=aab3238922bc coverage=+0/32/38 time=2ms
  RUN js-fuzzer-array-object-4738ce33b47e.js [4979/10000] md5=4738ce33b47e96c356a0398dfb513670 bytes=133 template=array-object origin=seed:tests/corpus/syntax/logical-unary-nullish.test.js
 PASS js-fuzzer-array-object-4738ce33b47e.js [4979/10000] status=ok obs=c51ce410c124 coverage=+0/32/38 time=2ms
  RUN js-fuzzer-closure-0ed4f12875d1.js [4980/10000] md5=0ed4f12875d124a7a3c02bd1fa7fc3fa bytes=183 template=closure origin=seed:tests/corpus/syntax/object-destructure-and-members.test.js
 PASS js-fuzzer-closure-0ed4f12875d1.js [4980/10000] status=ok obs=6512bd43d9ca coverage=+0/32/38 time=2ms
  RUN js-fuzzer-block-scope-8b79233a7c16.js [4981/10000] md5=8b79233a7c166fb0d6cb362ea16c5af0 bytes=114 template=block-scope origin=seed:tests/corpus/syntax/switch-do-while-sequence.test.js
 PASS js-fuzzer-block-scope-8b79233a7c16.js [4981/10000] status=ok obs=2723d092b638 coverage=+0/32/38 time=1ms
  RUN js-fuzzer-loop-d35707ad0bf7.js [4982/10000] md5=d35707ad0bf74148f671ad8943998af6 bytes=81 template=loop origin=seed:tests/corpus/syntax/template-array-destructure.test.js
 PASS js-fuzzer-loop-d35707ad0bf7.js [4982/10000] status=ok obs=9bf31c7ff062 coverage=+0/32/38 time=2ms
  RUN js-fuzzer-try-catch-8d9c7d254dda.js [4983/10000] md5=8d9c7d254ddaafdc283e844d5d9a6231 bytes=109 template=try-catch origin=seed:tests/corpus/syntax/typescript-assertions.test.ts
 PASS js-fuzzer-try-catch-8d9c7d254dda.js [4983/10000] status=ok obs=a87ff679a2f3 coverage=+0/32/38 time=1ms
  RUN js-fuzzer-class-3b630e2d834a.js [4984/10000] md5=3b630e2d834a95a01ee75571f8bc0075 bytes=101 template=class origin=seed:tests/corpus/syntax/typescript-non-null-satisfies.test.ts
 PASS js-fuzzer-class-3b630e2d834a.js [4984/10000] status=ok obs=6512bd43d9ca coverage=+0/32/38 time=2ms
  RUN js-fuzzer-boundary-4bea2a6e0cb0.js [4985/10000] md5=4bea2a6e0cb0c7bb0b29e5b5d44112d8 bytes=128 template=boundary origin=boundary:9007199254740991
 PASS js-fuzzer-boundary-4bea2a6e0cb0.js [4985/10000] status=ok obs=dc9a0d67a31d coverage=+0/32/38 time=2ms
  RUN js-fuzzer-function-4b9684ea9e29.js [4986/10000] md5=4b9684ea9e291ddb6515f98bf0c93905 bytes=153 template=function origin=seed:tests/corpus/fixtures/state-machine-workflow.test.js
 PASS js-fuzzer-function-4b9684ea9e29.js [4986/10000] status=ok obs=eccbc87e4b5c coverage=+0/32/38 time=1ms
  RUN js-fuzzer-corpus-f722388c7961.js [4987/10000] md5=f722388c7961d2a0288508c35f28a5f8 bytes=96 template=corpus origin=tests/corpus/fixtures/vue-script-workflow.test.vue
 PASS js-fuzzer-corpus-f722388c7961.js [4987/10000] status=ok obs=6512bd43d9ca coverage=+0/32/38 time=1ms
  RUN js-fuzzer-closure-df3f12e67ed3.js [4988/10000] md5=df3f12e67ed3f7981f6f6392f8ac7e21 bytes=185 template=closure origin=seed:tests/corpus/obfuscation/constant-tag-mix.test.js
 PASS js-fuzzer-closure-df3f12e67ed3.js [4988/10000] status=ok obs=e2c420d928d4 coverage=+0/32/38 time=2ms
  RUN js-fuzzer-block-scope-b62e371863bf.js [4989/10000] md5=b62e371863bf34426090ab1d2827b73f bytes=114 template=block-scope origin=seed:tests/corpus/obfuscation/extern-slot-permutation.test.js
 PASS js-fuzzer-block-scope-b62e371863bf.js [4989/10000] status=ok obs=a97da629b098 coverage=+0/32/38 time=1ms
  RUN js-fuzzer-loop-55c7c905bffb.js [4990/10000] md5=55c7c905bffb4bbbc4c8fb9b91df6ad8 bytes=81 template=loop origin=seed:tests/corpus/obfuscation/externs-console.test.js
 PASS js-fuzzer-loop-55c7c905bffb.js [4990/10000] status=ok obs=eccbc87e4b5c coverage=+0/32/38 time=2ms
  RUN js-fuzzer-try-catch-f457fe0c144d.js [4991/10000] md5=f457fe0c144d86e31ce7ae86f7f5c357 bytes=110 template=try-catch origin=seed:tests/corpus/obfuscation/seed-sensitive-functions.test.js
 PASS js-fuzzer-try-catch-f457fe0c144d.js [4991/10000] status=ok obs=67c6a1e7ce56 coverage=+0/32/38 time=2ms
  RUN js-fuzzer-boundary-5c12d757f0dd.js [4992/10000] md5=5c12d757f0ddd5c6b1207b14fb1e8d0c bytes=122 template=boundary origin=boundary:2147483647
 PASS js-fuzzer-boundary-5c12d757f0dd.js [4992/10000] status=ok obs=c588c0a459f4 coverage=+0/32/38 time=1ms
  RUN js-fuzzer-arithmetic-344c688eb65f.js [4993/10000] md5=344c688eb65f8710a5ea70708aa03026 bytes=84 template=arithmetic origin=seed:tests/corpus/regressions/multiple-functions-fib-add.test.js
 PASS js-fuzzer-arithmetic-344c688eb65f.js [4993/10000] status=ok obs=1d7f7abc18fc coverage=+0/32/38 time=2ms
  RUN js-fuzzer-function-8384e80192dc.js [4994/10000] md5=8384e80192dc0232cf5e505b2f7d5501 bytes=153 template=function origin=seed:tests/corpus/regressions/scope-compressed-closure-params.test.js
 PASS js-fuzzer-function-8384e80192dc.js [4994/10000] status=ok obs=e4da3b7fbbce coverage=+0/32/38 time=1ms
  RUN js-fuzzer-array-object-21a4e7e2e12e.js [4995/10000] md5=21a4e7e2e12e218bac9e459848fb9c31 bytes=133 template=array-object origin=seed:tests/corpus/runtime/arrays-objects-methods.test.js
 PASS js-fuzzer-array-object-21a4e7e2e12e.js [4995/10000] status=ok obs=6512bd43d9ca coverage=+0/32/38 time=2ms
  RUN js-fuzzer-corpus-8b78ba7912c5.js [4996/10000] md5=8b78ba7912c51f6cf304b65c6ebdb2e3 bytes=289 template=corpus origin=tests/corpus/runtime/block-scopes.test.js
 PASS js-fuzzer-corpus-8b78ba7912c5.js [4996/10000] status=ok obs=37693cfc7480 coverage=+0/32/38 time=2ms
  RUN js-fuzzer-block-scope-14b6b6b6b53d.js [4997/10000] md5=14b6b6b6b53d42c0fbebfc54d050b975 bytes=114 template=block-scope origin=seed:tests/corpus/runtime/class-fields-static-methods.test.js
 PASS js-fuzzer-block-scope-14b6b6b6b53d.js [4997/10000] status=ok obs=6974ce5ac660 coverage=+0/32/38 time=2ms
  RUN js-fuzzer-loop-b88258462a8d.js [4998/10000] md5=b88258462a8d880f8b0e459fa23b2536 bytes=81 template=loop origin=seed:tests/corpus/runtime/classes-and-objects.test.js
 PASS js-fuzzer-loop-b88258462a8d.js [4998/10000] status=ok obs=3c59dc048e88 coverage=+0/32/38 time=1ms
  RUN js-fuzzer-boundary-85faf3787c26.js [4999/10000] md5=85faf3787c26ca3bad9215a544873988 bytes=113 template=boundary origin=boundary:2
 PASS js-fuzzer-boundary-85faf3787c26.js [4999/10000] status=ok obs=c81e728d9d4c coverage=+0/32/38 time=2ms
  RUN js-fuzzer-class-c0844991889f.js [5000/10000] md5=c0844991889f03308712cd6bc6b7c31c bytes=101 template=class origin=seed:tests/corpus/runtime/closures-read-captured-values.test.js
 PASS js-fuzzer-class-c0844991889f.js [5000/10000] status=ok obs=70efdf2ec9b0 coverage=+0/32/38 time=1ms
  RUN js-fuzzer-arithmetic-acc9885c567d.js [5001/10000] md5=acc9885c567d5592ff36083ce5acc6ad bytes=84 template=arithmetic origin=seed:tests/corpus/runtime/exceptions-and-nullish.test.js
 PASS js-fuzzer-arithmetic-acc9885c567d.js [5001/10000] status=ok obs=58a2fc6ed39f coverage=+0/32/38 time=2ms
  RUN js-fuzzer-function-8a44cf2ceed5.js [5002/10000] md5=8a44cf2ceed595d9f22254a99d394b8c bytes=153 template=function origin=seed:tests/corpus/runtime/functions-closures-and-arrows.test.js
 PASS js-fuzzer-function-8a44cf2ceed5.js [5002/10000] status=ok obs=1ff1de774005 coverage=+0/32/38 time=2ms
  RUN js-fuzzer-array-object-cf1168fd5f8d.js [5003/10000] md5=cf1168fd5f8d0a7a3642c5a92117c43b bytes=133 template=array-object origin=seed:tests/corpus/runtime/lexical-shadowing.test.js
 PASS js-fuzzer-array-object-cf1168fd5f8d.js [5003/10000] status=ok obs=1f0e3dad9990 coverage=+0/32/38 time=2ms
  RUN js-fuzzer-closure-e8485e220cea.js [5004/10000] md5=e8485e220ceab9f04302dcfd6cca577c bytes=184 template=closure origin=seed:tests/corpus/runtime/modules-export.test.js
 PASS js-fuzzer-closure-e8485e220cea.js [5004/10000] status=ok obs=fc490ca45c00 coverage=+0/32/38 time=1ms
  RUN js-fuzzer-corpus-c557f8da2a9d.js [5005/10000] md5=c557f8da2a9d2904c70dca50c3eeb50e bytes=191 template=corpus origin=tests/corpus/runtime/nested-try-finally.test.js
 PASS js-fuzzer-corpus-c557f8da2a9d.js [5005/10000] status=ok obs=8f14e45fceea coverage=+0/32/38 time=2ms
  RUN js-fuzzer-boundary-2f35f880f964.js [5006/10000] md5=2f35f880f96468b375c4e71feba05308 bytes=113 template=boundary origin=boundary:1
 PASS js-fuzzer-boundary-2f35f880f964.js [5006/10000] status=ok obs=c4ca4238a0b9 coverage=+0/32/38 time=2ms
  RUN js-fuzzer-try-catch-e6fdc2579e78.js [5007/10000] md5=e6fdc2579e7880bc0b759de7af5133ab bytes=110 template=try-catch origin=seed:tests/corpus/syntax/logical-unary-nullish.test.js
 PASS js-fuzzer-try-catch-e6fdc2579e78.js [5007/10000] status=ok obs=d645920e395f coverage=+0/32/38 time=1ms
  RUN js-fuzzer-class-d2b3669b495d.js [5008/10000] md5=d2b3669b495dd4792f9e1509f2bbf8a7 bytes=100 template=class origin=seed:tests/corpus/syntax/object-destructure-and-members.test.js
 PASS js-fuzzer-class-d2b3669b495d.js [5008/10000] status=ok obs=eccbc87e4b5c coverage=+0/32/38 time=2ms
  RUN js-fuzzer-arithmetic-8343f3365e00.js [5009/10000] md5=8343f3365e007af4abde7637589ec827 bytes=85 template=arithmetic origin=seed:tests/corpus/syntax/switch-do-while-sequence.test.js
 PASS js-fuzzer-arithmetic-8343f3365e00.js [5009/10000] status=ok obs=d1c38a09acc3 coverage=+0/32/38 time=2ms
  RUN js-fuzzer-function-3dca9339a683.js [5010/10000] md5=3dca9339a6831946d3c5250be8e34eee bytes=153 template=function origin=seed:tests/corpus/syntax/template-array-destructure.test.js
 PASS js-fuzzer-function-3dca9339a683.js [5010/10000] status=ok obs=e4da3b7fbbce coverage=+0/32/38 time=1ms
  RUN js-fuzzer-array-object-c4b8c31c7103.js [5011/10000] md5=c4b8c31c7103c432a3cfc6b4f516dea2 bytes=133 template=array-object origin=seed:tests/corpus/syntax/typescript-assertions.test.ts
 PASS js-fuzzer-array-object-c4b8c31c7103.js [5011/10000] status=ok obs=aab3238922bc coverage=+0/32/38 time=2ms
  RUN js-fuzzer-closure-c85b2c9cf353.js [5012/10000] md5=c85b2c9cf3533711dc9700256d96a829 bytes=183 template=closure origin=seed:tests/corpus/syntax/typescript-non-null-satisfies.test.ts
 PASS js-fuzzer-closure-c85b2c9cf353.js [5012/10000] status=ok obs=3c59dc048e88 coverage=+0/32/38 time=2ms
  RUN js-fuzzer-boundary-37492c99ff33.js [5013/10000] md5=37492c99ff33e9d5e09e0b8e84ba785a bytes=129 template=boundary origin=boundary:-9007199254740991
 PASS js-fuzzer-boundary-37492c99ff33.js [5013/10000] status=ok obs=b3f3a95848f6 coverage=+0/32/38 time=1ms
  RUN js-fuzzer-corpus-ab8ca4f8757c.js [5014/10000] md5=ab8ca4f8757c6165b29cd6a662edad93 bytes=450 template=corpus origin=tests/corpus/fixtures/state-machine-workflow.test.js
 PASS js-fuzzer-corpus-ab8ca4f8757c.js [5014/10000] status=ok obs=b9f49c580664 coverage=+0/32/38 time=2ms
  RUN js-fuzzer-try-catch-e6fdc2579e78.js [5015/10000] md5=e6fdc2579e7880bc0b759de7af5133ab bytes=110 template=try-catch origin=seed:tests/corpus/fixtures/vue-script-workflow.test.vue
 PASS js-fuzzer-try-catch-e6fdc2579e78.js [5015/10000] status=ok obs=d645920e395f coverage=+0/32/38 time=2ms
  RUN js-fuzzer-class-f454a055ed5d.js [5016/10000] md5=f454a055ed5dc800cb1ab66abc7a01de bytes=100 template=class origin=seed:tests/corpus/obfuscation/constant-tag-mix.test.js
 PASS js-fuzzer-class-f454a055ed5d.js [5016/10000] status=ok obs=a87ff679a2f3 coverage=+0/32/38 time=2ms
  RUN js-fuzzer-arithmetic-5e401a0aabe9.js [5017/10000] md5=5e401a0aabe9790ccd948a367ac56794 bytes=86 template=arithmetic origin=seed:tests/corpus/obfuscation/extern-slot-permutation.test.js
 PASS js-fuzzer-arithmetic-5e401a0aabe9.js [5017/10000] status=ok obs=e3796ae83883 coverage=+0/32/38 time=1ms
  RUN js-fuzzer-function-e38b8374b652.js [5018/10000] md5=e38b8374b65234ab6d6009c7a43720d9 bytes=153 template=function origin=seed:tests/corpus/obfuscation/externs-console.test.js
 PASS js-fuzzer-function-e38b8374b652.js [5018/10000] status=ok obs=1679091c5a88 coverage=+0/32/38 time=2ms
  RUN js-fuzzer-array-object-b983e18fb1c0.js [5019/10000] md5=b983e18fb1c0f468c1bbcfa7a830a443 bytes=133 template=array-object origin=seed:tests/corpus/obfuscation/seed-sensitive-functions.test.js
 PASS js-fuzzer-array-object-b983e18fb1c0.js [5019/10000] status=ok obs=c20ad4d76fe9 coverage=+0/32/38 time=2ms
  RUN js-fuzzer-boundary-205872a6e44c.js [5020/10000] md5=205872a6e44c1ea0cf94554af934fb09 bytes=123 template=boundary origin=boundary:-2147483648
 PASS js-fuzzer-boundary-205872a6e44c.js [5020/10000] status=ok obs=034ff5946105 coverage=+0/32/38 time=1ms
  RUN js-fuzzer-block-scope-fdb149116902.js [5021/10000] md5=fdb14911690224a339347d7ee6dc6351 bytes=114 template=block-scope origin=seed:tests/corpus/regressions/multiple-functions-fib-add.test.js
 PASS js-fuzzer-block-scope-fdb149116902.js [5021/10000] status=ok obs=f0935e4cd592 coverage=+0/32/38 time=2ms
  RUN js-fuzzer-loop-54e460cecf5c.js [5022/10000] md5=54e460cecf5c05dfcffaa3b2e5f57445 bytes=81 template=loop origin=seed:tests/corpus/regressions/scope-compressed-closure-params.test.js
 PASS js-fuzzer-loop-54e460cecf5c.js [5022/10000] status=ok obs=d3d9446802a4 coverage=+0/32/38 time=1ms
  RUN js-fuzzer-corpus-a07012429fce.js [5023/10000] md5=a07012429fce4b4d7c8af42f445f70b9 bytes=163 template=corpus origin=tests/corpus/runtime/arrays-objects-methods.test.js
 PASS js-fuzzer-corpus-a07012429fce.js [5023/10000] status=ok obs=c51ce410c124 coverage=+0/32/38 time=2ms
  RUN js-fuzzer-class-6736c24444bc.js [5024/10000] md5=6736c24444bc6ff151b05a9a974ae4d5 bytes=100 template=class origin=seed:tests/corpus/runtime/block-scopes.test.js
 PASS js-fuzzer-class-6736c24444bc.js [5024/10000] status=ok obs=45c48cce2e2d coverage=+0/32/38 time=1ms
  RUN js-fuzzer-arithmetic-e924c2f00846.js [5025/10000] md5=e924c2f0084639c71a4eb5b7200dba43 bytes=84 template=arithmetic origin=seed:tests/corpus/runtime/class-fields-static-methods.test.js
 PASS js-fuzzer-arithmetic-e924c2f00846.js [5025/10000] status=ok obs=26657d5ff902 coverage=+0/32/38 time=2ms
  RUN js-fuzzer-function-c6a41e639682.js [5026/10000] md5=c6a41e6396823bcfa91e05b3a10b01c0 bytes=153 template=function origin=seed:tests/corpus/runtime/classes-and-objects.test.js
 PASS js-fuzzer-function-c6a41e639682.js [5026/10000] status=ok obs=1f0e3dad9990 coverage=+0/32/38 time=2ms
  RUN js-fuzzer-boundary-6d89c3a838ae.js [5027/10000] md5=6d89c3a838ae354bda64ec37ec2b63b1 bytes=114 template=boundary origin=boundary:-2
 PASS js-fuzzer-boundary-6d89c3a838ae.js [5027/10000] status=ok obs=5d7b9adcbe1c coverage=+0/32/38 time=2ms
  RUN js-fuzzer-closure-d5473c83785c.js [5028/10000] md5=d5473c83785ceb8cbf047e7e55ceeae4 bytes=184 template=closure origin=seed:tests/corpus/runtime/closures-read-captured-values.test.js
 PASS js-fuzzer-closure-d5473c83785c.js [5028/10000] status=ok obs=e2c420d928d4 coverage=+0/32/38 time=2ms
  RUN js-fuzzer-block-scope-a03b92e814f5.js [5029/10000] md5=a03b92e814f50e5bc4943f88eeffee51 bytes=114 template=block-scope origin=seed:tests/corpus/runtime/exceptions-and-nullish.test.js
 PASS js-fuzzer-block-scope-a03b92e814f5.js [5029/10000] status=ok obs=ec8956637a99 coverage=+0/32/38 time=2ms
  RUN js-fuzzer-loop-b88258462a8d.js [5030/10000] md5=b88258462a8d880f8b0e459fa23b2536 bytes=81 template=loop origin=seed:tests/corpus/runtime/functions-closures-and-arrows.test.js
 PASS js-fuzzer-loop-b88258462a8d.js [5030/10000] status=ok obs=3c59dc048e88 coverage=+0/32/38 time=1ms
  RUN js-fuzzer-try-catch-47becaf372c3.js [5031/10000] md5=47becaf372c34523cd2fbacf2b53d016 bytes=110 template=try-catch origin=seed:tests/corpus/runtime/lexical-shadowing.test.js
 PASS js-fuzzer-try-catch-47becaf372c3.js [5031/10000] status=ok obs=02e74f10e032 coverage=+0/32/38 time=2ms
  RUN js-fuzzer-corpus-4131d841163b.js [5032/10000] md5=4131d841163b79e192bca9d4fc683c54 bytes=58 template=corpus origin=tests/corpus/runtime/modules-export.test.js
 PASS js-fuzzer-corpus-4131d841163b.js [5032/10000] status=ok obs=8f14e45fceea coverage=+0/32/38 time=1ms
  RUN js-fuzzer-arithmetic-630c58f67f00.js [5033/10000] md5=630c58f67f003cb4d7b7521fe2286658 bytes=84 template=arithmetic origin=seed:tests/corpus/runtime/nested-try-finally.test.js
 PASS js-fuzzer-arithmetic-630c58f67f00.js [5033/10000] status=ok obs=c9e1074f5b3f coverage=+0/32/38 time=2ms
  RUN js-fuzzer-boundary-3d1d4e90ebd9.js [5034/10000] md5=3d1d4e90ebd99aad7ece59efc98f7563 bytes=114 template=boundary origin=boundary:-1
 PASS js-fuzzer-boundary-3d1d4e90ebd9.js [5034/10000] status=ok obs=6bb61e3b7bce coverage=+0/32/38 time=1ms
  RUN js-fuzzer-array-object-2184477170dd.js [5035/10000] md5=2184477170dd298f2449fbc748e9a736 bytes=133 template=array-object origin=seed:tests/corpus/syntax/logical-unary-nullish.test.js
 PASS js-fuzzer-array-object-2184477170dd.js [5035/10000] status=ok obs=1679091c5a88 coverage=+0/32/38 time=2ms
  RUN js-fuzzer-closure-07a28781f271.js [5036/10000] md5=07a28781f27107674a1bd9c2bd17ba3e bytes=184 template=closure origin=seed:tests/corpus/syntax/object-destructure-and-members.test.js
 PASS js-fuzzer-closure-07a28781f271.js [5036/10000] status=ok obs=093f65e080a2 coverage=+0/32/38 time=2ms
  RUN js-fuzzer-block-scope-06ac02369cd7.js [5037/10000] md5=06ac02369cd7513096646f945b821d0f bytes=114 template=block-scope origin=seed:tests/corpus/syntax/switch-do-while-sequence.test.js
 PASS js-fuzzer-block-scope-06ac02369cd7.js [5037/10000] status=ok obs=ec8956637a99 coverage=+0/32/38 time=1ms
  RUN js-fuzzer-loop-d35707ad0bf7.js [5038/10000] md5=d35707ad0bf74148f671ad8943998af6 bytes=81 template=loop origin=seed:tests/corpus/syntax/template-array-destructure.test.js
 PASS js-fuzzer-loop-d35707ad0bf7.js [5038/10000] status=ok obs=9bf31c7ff062 coverage=+0/32/38 time=2ms
  RUN js-fuzzer-try-catch-e6fdc2579e78.js [5039/10000] md5=e6fdc2579e7880bc0b759de7af5133ab bytes=110 template=try-catch origin=seed:tests/corpus/syntax/typescript-assertions.test.ts
 PASS js-fuzzer-try-catch-e6fdc2579e78.js [5039/10000] status=ok obs=d645920e395f coverage=+0/32/38 time=2ms
  RUN js-fuzzer-class-587587295e00.js [5040/10000] md5=587587295e0075a0a19c4572e53274fe bytes=101 template=class origin=seed:tests/corpus/syntax/typescript-non-null-satisfies.test.ts
 PASS js-fuzzer-class-587587295e00.js [5040/10000] status=ok obs=1f0e3dad9990 coverage=+0/32/38 time=1ms
  RUN js-fuzzer-corpus-797f152bf878.js [5041/10000] md5=797f152bf878d5049066c6db6d2360b3 bytes=355 template=corpus origin=tests/corpus/fixtures/job-workflow.test.js
 PASS js-fuzzer-corpus-797f152bf878.js [5041/10000] status=ok obs=b9de0628c8ec coverage=+0/32/38 time=2ms
  RUN js-fuzzer-function-be199ff518ed.js [5042/10000] md5=be199ff518edad2305aebc8ea703ea8f bytes=153 template=function origin=seed:tests/corpus/fixtures/state-machine-workflow.test.js
 PASS js-fuzzer-function-be199ff518ed.js [5042/10000] status=ok obs=a87ff679a2f3 coverage=+0/32/38 time=2ms
  RUN js-fuzzer-array-object-c9272432613a.js [5043/10000] md5=c9272432613a082ba0b24698498e0649 bytes=133 template=array-object origin=seed:tests/corpus/fixtures/vue-script-workflow.test.vue
 PASS js-fuzzer-array-object-c9272432613a.js [5043/10000] status=ok obs=c9f0f895fb98 coverage=+0/32/38 time=2ms
  RUN js-fuzzer-closure-67354f978ee4.js [5044/10000] md5=67354f978ee43d600c8bc22b5926e32c bytes=183 template=closure origin=seed:tests/corpus/obfuscation/constant-tag-mix.test.js
 PASS js-fuzzer-closure-67354f978ee4.js [5044/10000] status=ok obs=6ea9ab1baa0e coverage=+0/32/38 time=1ms
  RUN js-fuzzer-block-scope-b85ecadef581.js [5045/10000] md5=b85ecadef581053d14250d27c33151bf bytes=114 template=block-scope origin=seed:tests/corpus/obfuscation/extern-slot-permutation.test.js
 PASS js-fuzzer-block-scope-b85ecadef581.js [5045/10000] status=ok obs=c9e1074f5b3f coverage=+0/32/38 time=2ms
  RUN js-fuzzer-loop-b88258462a8d.js [5046/10000] md5=b88258462a8d880f8b0e459fa23b2536 bytes=81 template=loop origin=seed:tests/corpus/obfuscation/externs-console.test.js
 PASS js-fuzzer-loop-b88258462a8d.js [5046/10000] status=ok obs=3c59dc048e88 coverage=+0/32/38 time=2ms
  RUN js-fuzzer-try-catch-e6fdc2579e78.js [5047/10000] md5=e6fdc2579e7880bc0b759de7af5133ab bytes=110 template=try-catch origin=seed:tests/corpus/obfuscation/seed-sensitive-functions.test.js
 PASS js-fuzzer-try-catch-e6fdc2579e78.js [5047/10000] status=ok obs=d645920e395f coverage=+0/32/38 time=2ms
  RUN js-fuzzer-boundary-2b35f90895ea.js [5048/10000] md5=2b35f90895ea85111e562e627044f919 bytes=128 template=boundary origin=boundary:9007199254740991
 PASS js-fuzzer-boundary-2b35f90895ea.js [5048/10000] status=ok obs=8bfa9ad090fb coverage=+0/32/38 time=1ms
  RUN js-fuzzer-arithmetic-bd06e973bd2e.js [5049/10000] md5=bd06e973bd2e25526ae89b6a0355b29a bytes=83 template=arithmetic origin=seed:tests/corpus/regressions/multiple-functions-fib-add.test.js
 PASS js-fuzzer-arithmetic-bd06e973bd2e.js [5049/10000] status=ok obs=37693cfc7480 coverage=+0/32/38 time=2ms
  RUN js-fuzzer-corpus-c28cfb056309.js [5050/10000] md5=c28cfb056309f2a77f8bd9756b123c54 bytes=147 template=corpus origin=tests/corpus/regressions/scope-compressed-closure-params.test.js
 PASS js-fuzzer-corpus-c28cfb056309.js [5050/10000] status=ok obs=c51ce410c124 coverage=+0/32/38 time=1ms
  RUN js-fuzzer-array-object-dfd78431199b.js [5051/10000] md5=dfd78431199bdc1aabdf6a190aee7e53 bytes=133 template=array-object origin=seed:tests/corpus/runtime/arrays-objects-methods.test.js
 PASS js-fuzzer-array-object-dfd78431199b.js [5051/10000] status=ok obs=9bf31c7ff062 coverage=+0/32/38 time=2ms
  RUN js-fuzzer-closure-9febab6f9169.js [5052/10000] md5=9febab6f9169e771d562ad583c654e81 bytes=184 template=closure origin=seed:tests/corpus/runtime/block-scopes.test.js
 PASS js-fuzzer-closure-9febab6f9169.js [5052/10000] status=ok obs=72b32a1f754b coverage=+0/32/38 time=1ms
  RUN js-fuzzer-block-scope-94c02c5f9dd5.js [5053/10000] md5=94c02c5f9dd5a71f193fc5bdc917b6b5 bytes=114 template=block-scope origin=seed:tests/corpus/runtime/class-fields-static-methods.test.js
 PASS js-fuzzer-block-scope-94c02c5f9dd5.js [5053/10000] status=ok obs=6974ce5ac660 coverage=+0/32/38 time=1ms
  RUN js-fuzzer-loop-d35707ad0bf7.js [5054/10000] md5=d35707ad0bf74148f671ad8943998af6 bytes=81 template=loop origin=seed:tests/corpus/runtime/classes-and-objects.test.js
 PASS js-fuzzer-loop-d35707ad0bf7.js [5054/10000] status=ok obs=9bf31c7ff062 coverage=+0/32/38 time=2ms
  RUN js-fuzzer-boundary-ac080ee0add8.js [5055/10000] md5=ac080ee0add8a3967f40d078a13e076b bytes=122 template=boundary origin=boundary:2147483647
 PASS js-fuzzer-boundary-ac080ee0add8.js [5055/10000] status=ok obs=c588c0a459f4 coverage=+0/32/38 time=1ms
  RUN js-fuzzer-class-d2b3669b495d.js [5056/10000] md5=d2b3669b495dd4792f9e1509f2bbf8a7 bytes=100 template=class origin=seed:tests/corpus/runtime/closures-read-captured-values.test.js
 PASS js-fuzzer-class-d2b3669b495d.js [5056/10000] status=ok obs=eccbc87e4b5c coverage=+0/32/38 time=2ms
  RUN js-fuzzer-arithmetic-d7d7b87c4ffc.js [5057/10000] md5=d7d7b87c4ffc7336215f0a08605c5d6b bytes=85 template=arithmetic origin=seed:tests/corpus/runtime/exceptions-and-nullish.test.js
 PASS js-fuzzer-arithmetic-d7d7b87c4ffc.js [5057/10000] status=ok obs=47d1e990583c coverage=+0/32/38 time=2ms
  RUN js-fuzzer-function-d3859b93eee1.js [5058/10000] md5=d3859b93eee1f3bcfec0cda51c4d02bf bytes=153 template=function origin=seed:tests/corpus/runtime/functions-closures-and-arrows.test.js
 PASS js-fuzzer-function-d3859b93eee1.js [5058/10000] status=ok obs=a87ff679a2f3 coverage=+0/32/38 time=1ms
  RUN js-fuzzer-corpus-463d4dee8a1f.js [5059/10000] md5=463d4dee8a1f930fa8af57a704cacf3e bytes=232 template=corpus origin=tests/corpus/runtime/lexical-shadowing.test.js
 PASS js-fuzzer-corpus-463d4dee8a1f.js [5059/10000] status=ok obs=c51ce410c124 coverage=+0/32/38 time=1ms
  RUN js-fuzzer-closure-e959972eb7e8.js [5060/10000] md5=e959972eb7e8652b1401af626d88d02b bytes=184 template=closure origin=seed:tests/corpus/runtime/modules-export.test.js
 PASS js-fuzzer-closure-e959972eb7e8.js [5060/10000] status=ok obs=28dd2c7955ce coverage=+0/32/38 time=2ms
  RUN js-fuzzer-block-scope-09e18a57df24.js [5061/10000] md5=09e18a57df24519f14c7b0064ed573d9 bytes=114 template=block-scope origin=seed:tests/corpus/runtime/nested-try-finally.test.js
 PASS js-fuzzer-block-scope-09e18a57df24.js [5061/10000] status=ok obs=6974ce5ac660 coverage=+0/32/38 time=1ms
  RUN js-fuzzer-boundary-221618e58a55.js [5062/10000] md5=221618e58a55537e4dc7530ef9f57aaf bytes=113 template=boundary origin=boundary:2
 PASS js-fuzzer-boundary-221618e58a55.js [5062/10000] status=ok obs=c81e728d9d4c coverage=+0/32/38 time=2ms
  RUN js-fuzzer-try-catch-949865ef2d04.js [5063/10000] md5=949865ef2d045cce3ed2d503f7e03e63 bytes=110 template=try-catch origin=seed:tests/corpus/syntax/logical-unary-nullish.test.js
 PASS js-fuzzer-try-catch-949865ef2d04.js [5063/10000] status=ok obs=6f4922f45568 coverage=+0/32/38 time=2ms
  RUN js-fuzzer-class-c6bbe0a63455.js [5064/10000] md5=c6bbe0a634559d18fa82cf0c9a421610 bytes=100 template=class origin=seed:tests/corpus/syntax/object-destructure-and-members.test.js
 PASS js-fuzzer-class-c6bbe0a63455.js [5064/10000] status=ok obs=1679091c5a88 coverage=+0/32/38 time=1ms
  RUN js-fuzzer-arithmetic-e2931cfd8770.js [5065/10000] md5=e2931cfd8770443c6f452d5b16b08692 bytes=84 template=arithmetic origin=seed:tests/corpus/syntax/switch-do-while-sequence.test.js
 PASS js-fuzzer-arithmetic-e2931cfd8770.js [5065/10000] status=ok obs=70efdf2ec9b0 coverage=+0/32/38 time=2ms
  RUN js-fuzzer-function-53ef3ed61b76.js [5066/10000] md5=53ef3ed61b76dc45be6c66e5b3206216 bytes=153 template=function origin=seed:tests/corpus/syntax/template-array-destructure.test.js
 PASS js-fuzzer-function-53ef3ed61b76.js [5066/10000] status=ok obs=70efdf2ec9b0 coverage=+0/32/38 time=2ms
  RUN js-fuzzer-array-object-4e4521b50d77.js [5067/10000] md5=4e4521b50d7720857724c4c0be169c43 bytes=133 template=array-object origin=seed:tests/corpus/syntax/typescript-assertions.test.ts
 PASS js-fuzzer-array-object-4e4521b50d77.js [5067/10000] status=ok obs=1f0e3dad9990 coverage=+0/32/38 time=1ms
  RUN js-fuzzer-corpus-e3eeaea0f8a2.js [5068/10000] md5=e3eeaea0f8a2c5d5b650d4007cf78b4a bytes=104 template=corpus origin=tests/corpus/syntax/typescript-non-null-satisfies.test.ts
 PASS js-fuzzer-corpus-e3eeaea0f8a2.js [5068/10000] status=ok obs=d3d9446802a4 coverage=+0/32/38 time=2ms
  RUN js-fuzzer-boundary-3ca041277ff0.js [5069/10000] md5=3ca041277ff0c3edafc1a1dcaf120940 bytes=113 template=boundary origin=boundary:1
 PASS js-fuzzer-boundary-3ca041277ff0.js [5069/10000] status=ok obs=c4ca4238a0b9 coverage=+0/32/38 time=1ms
  RUN js-fuzzer-loop-55c7c905bffb.js [5070/10000] md5=55c7c905bffb4bbbc4c8fb9b91df6ad8 bytes=81 template=loop origin=seed:tests/corpus/fixtures/state-machine-workflow.test.js
 PASS js-fuzzer-loop-55c7c905bffb.js [5070/10000] status=ok obs=eccbc87e4b5c coverage=+0/32/38 time=1ms
  RUN js-fuzzer-try-catch-70fffa3518b3.js [5071/10000] md5=70fffa3518b3cd8f92c92fd09e60ecbc bytes=110 template=try-catch origin=seed:tests/corpus/fixtures/vue-script-workflow.test.vue
 PASS js-fuzzer-try-catch-70fffa3518b3.js [5071/10000] status=ok obs=a5bfc9e07964 coverage=+0/32/38 time=2ms
  RUN js-fuzzer-class-5baf4bed5db4.js [5072/10000] md5=5baf4bed5db4f8205173226efc8fff73 bytes=101 template=class origin=seed:tests/corpus/obfuscation/constant-tag-mix.test.js
 PASS js-fuzzer-class-5baf4bed5db4.js [5072/10000] status=ok obs=6f4922f45568 coverage=+0/32/38 time=1ms
  RUN js-fuzzer-arithmetic-d7e869216fd2.js [5073/10000] md5=d7e869216fd2b3e3cb735a30c72b3541 bytes=84 template=arithmetic origin=seed:tests/corpus/obfuscation/extern-slot-permutation.test.js
 PASS js-fuzzer-arithmetic-d7e869216fd2.js [5073/10000] status=ok obs=7f6ffaa6bb0b coverage=+0/32/38 time=2ms
  RUN js-fuzzer-function-98e8c4d5dcc0.js [5074/10000] md5=98e8c4d5dcc095fbcedf7527b98fd4fe bytes=153 template=function origin=seed:tests/corpus/obfuscation/externs-console.test.js
 PASS js-fuzzer-function-98e8c4d5dcc0.js [5074/10000] status=ok obs=c9f0f895fb98 coverage=+0/32/38 time=2ms
  RUN js-fuzzer-array-object-4ec8832b0106.js [5075/10000] md5=4ec8832b010650485fedf4db2470f820 bytes=133 template=array-object origin=seed:tests/corpus/obfuscation/seed-sensitive-functions.test.js
 PASS js-fuzzer-array-object-4ec8832b0106.js [5075/10000] status=ok obs=c74d97b01eae coverage=+0/32/38 time=1ms
  RUN js-fuzzer-boundary-37492c99ff33.js [5076/10000] md5=37492c99ff33e9d5e09e0b8e84ba785a bytes=129 template=boundary origin=boundary:-9007199254740991
 PASS js-fuzzer-boundary-37492c99ff33.js [5076/10000] status=ok obs=b3f3a95848f6 coverage=+0/32/38 time=2ms
  RUN js-fuzzer-corpus-ad9ed8746461.js [5077/10000] md5=ad9ed87464611c6dd81b04b3754c760c bytes=214 template=corpus origin=tests/corpus/regressions/multiple-functions-fib-add.test.js
 PASS js-fuzzer-corpus-ad9ed8746461.js [5077/10000] status=ok obs=3c59dc048e88 coverage=+0/32/38 time=2ms
  RUN js-fuzzer-loop-54e460cecf5c.js [5078/10000] md5=54e460cecf5c05dfcffaa3b2e5f57445 bytes=81 template=loop origin=seed:tests/corpus/regressions/scope-compressed-closure-params.test.js
 PASS js-fuzzer-loop-54e460cecf5c.js [5078/10000] status=ok obs=d3d9446802a4 coverage=+0/32/38 time=2ms
  RUN js-fuzzer-try-catch-18b0b31fe014.js [5079/10000] md5=18b0b31fe014e787990869dd8a5ff18b bytes=110 template=try-catch origin=seed:tests/corpus/runtime/arrays-objects-methods.test.js
 PASS js-fuzzer-try-catch-18b0b31fe014.js [5079/10000] status=ok obs=aab3238922bc coverage=+0/32/38 time=1ms
  RUN js-fuzzer-class-6736c24444bc.js [5080/10000] md5=6736c24444bc6ff151b05a9a974ae4d5 bytes=100 template=class origin=seed:tests/corpus/runtime/block-scopes.test.js
 PASS js-fuzzer-class-6736c24444bc.js [5080/10000] status=ok obs=45c48cce2e2d coverage=+0/32/38 time=2ms
  RUN js-fuzzer-arithmetic-910f125e55d1.js [5081/10000] md5=910f125e55d19e216d3253746eb8b31a bytes=85 template=arithmetic origin=seed:tests/corpus/runtime/class-fields-static-methods.test.js
 PASS js-fuzzer-arithmetic-910f125e55d1.js [5081/10000] status=ok obs=f899139df5e1 coverage=+0/32/38 time=1ms
  RUN js-fuzzer-function-c6a41e639682.js [5082/10000] md5=c6a41e6396823bcfa91e05b3a10b01c0 bytes=153 template=function origin=seed:tests/corpus/runtime/classes-and-objects.test.js
 PASS js-fuzzer-function-c6a41e639682.js [5082/10000] status=ok obs=1f0e3dad9990 coverage=+0/32/38 time=2ms
  RUN js-fuzzer-boundary-205872a6e44c.js [5083/10000] md5=205872a6e44c1ea0cf94554af934fb09 bytes=123 template=boundary origin=boundary:-2147483648
 PASS js-fuzzer-boundary-205872a6e44c.js [5083/10000] status=ok obs=034ff5946105 coverage=+0/32/38 time=1ms
  RUN js-fuzzer-closure-b1f95680ccd8.js [5084/10000] md5=b1f95680ccd8a67088af4d2dd0dfb049 bytes=184 template=closure origin=seed:tests/corpus/runtime/closures-read-captured-values.test.js
 PASS js-fuzzer-closure-b1f95680ccd8.js [5084/10000] status=ok obs=a5bfc9e07964 coverage=+0/32/38 time=2ms
  RUN js-fuzzer-block-scope-f877ae029493.js [5085/10000] md5=f877ae0294938a62cf201f72c0ac662a bytes=114 template=block-scope origin=seed:tests/corpus/runtime/exceptions-and-nullish.test.js
 PASS js-fuzzer-block-scope-f877ae029493.js [5085/10000] status=ok obs=38b3eff8baf5 coverage=+0/32/38 time=1ms
  RUN js-fuzzer-corpus-72746d071c58.js [5086/10000] md5=72746d071c58fadd9399bc8934c30553 bytes=197 template=corpus origin=tests/corpus/runtime/functions-closures-and-arrows.test.js
 PASS js-fuzzer-corpus-72746d071c58.js [5086/10000] status=ok obs=c74d97b01eae coverage=+0/32/38 time=2ms
  RUN js-fuzzer-try-catch-676dafc46859.js [5087/10000] md5=676dafc4685905581f3925e95c53669f bytes=110 template=try-catch origin=seed:tests/corpus/runtime/lexical-shadowing.test.js
 PASS js-fuzzer-try-catch-676dafc46859.js [5087/10000] status=ok obs=a5771bce93e2 coverage=+0/32/38 time=2ms
  RUN js-fuzzer-class-587587295e00.js [5088/10000] md5=587587295e0075a0a19c4572e53274fe bytes=101 template=class origin=seed:tests/corpus/runtime/modules-export.test.js
 PASS js-fuzzer-class-587587295e00.js [5088/10000] status=ok obs=1f0e3dad9990 coverage=+0/32/38 time=1ms
  RUN js-fuzzer-arithmetic-e5cc1f694da3.js [5089/10000] md5=e5cc1f694da3b0f1b67ffd95973bac90 bytes=85 template=arithmetic origin=seed:tests/corpus/runtime/nested-try-finally.test.js
 PASS js-fuzzer-arithmetic-e5cc1f694da3.js [5089/10000] status=ok obs=82161242827b coverage=+0/32/38 time=2ms
  RUN js-fuzzer-boundary-6d89c3a838ae.js [5090/10000] md5=6d89c3a838ae354bda64ec37ec2b63b1 bytes=114 template=boundary origin=boundary:-2
 PASS js-fuzzer-boundary-6d89c3a838ae.js [5090/10000] status=ok obs=5d7b9adcbe1c coverage=+0/32/38 time=2ms
  RUN js-fuzzer-array-object-1a39fb1703bf.js [5091/10000] md5=1a39fb1703bf2a8ee5f4e9eb15cb84f9 bytes=133 template=array-object origin=seed:tests/corpus/syntax/logical-unary-nullish.test.js
 PASS js-fuzzer-array-object-1a39fb1703bf.js [5091/10000] status=ok obs=9bf31c7ff062 coverage=+0/32/38 time=1ms
  RUN js-fuzzer-closure-0ed4f12875d1.js [5092/10000] md5=0ed4f12875d124a7a3c02bd1fa7fc3fa bytes=183 template=closure origin=seed:tests/corpus/syntax/object-destructure-and-members.test.js
 PASS js-fuzzer-closure-0ed4f12875d1.js [5092/10000] status=ok obs=6512bd43d9ca coverage=+0/32/38 time=2ms
  RUN js-fuzzer-block-scope-14b6b6b6b53d.js [5093/10000] md5=14b6b6b6b53d42c0fbebfc54d050b975 bytes=114 template=block-scope origin=seed:tests/corpus/syntax/switch-do-while-sequence.test.js
 PASS js-fuzzer-block-scope-14b6b6b6b53d.js [5093/10000] status=ok obs=6974ce5ac660 coverage=+0/32/38 time=1ms
  RUN js-fuzzer-loop-d35707ad0bf7.js [5094/10000] md5=d35707ad0bf74148f671ad8943998af6 bytes=81 template=loop origin=seed:tests/corpus/syntax/template-array-destructure.test.js
 PASS js-fuzzer-loop-d35707ad0bf7.js [5094/10000] status=ok obs=9bf31c7ff062 coverage=+0/32/38 time=2ms
  RUN js-fuzzer-corpus-57a83a4b020d.js [5095/10000] md5=57a83a4b020d4b85b42b0a3709f283ad bytes=130 template=corpus origin=tests/corpus/syntax/typescript-assertions.test.ts
 PASS js-fuzzer-corpus-57a83a4b020d.js [5095/10000] status=ok obs=45c48cce2e2d coverage=+0/32/38 time=2ms
  RUN js-fuzzer-class-b901915e3eda.js [5096/10000] md5=b901915e3eda1a96f77dcec9fff681b5 bytes=100 template=class origin=seed:tests/corpus/syntax/typescript-non-null-satisfies.test.ts
 PASS js-fuzzer-class-b901915e3eda.js [5096/10000] status=ok obs=c81e728d9d4c coverage=+0/32/38 time=1ms
  RUN js-fuzzer-boundary-1024adcac0e5.js [5097/10000] md5=1024adcac0e5cc9f99f478fa66dcc00c bytes=114 template=boundary origin=boundary:-1
 PASS js-fuzzer-boundary-1024adcac0e5.js [5097/10000] status=ok obs=6bb61e3b7bce coverage=+0/32/38 time=2ms
  RUN js-fuzzer-function-06471e1fced1.js [5098/10000] md5=06471e1fced163f025e3f67e77c6ce04 bytes=153 template=function origin=seed:tests/corpus/fixtures/state-machine-workflow.test.js
 PASS js-fuzzer-function-06471e1fced1.js [5098/10000] status=ok obs=45c48cce2e2d coverage=+0/32/38 time=2ms
  RUN js-fuzzer-array-object-2fcca81eece3.js [5099/10000] md5=2fcca81eece34294c7e36b7440af4266 bytes=133 template=array-object origin=seed:tests/corpus/fixtures/vue-script-workflow.test.vue
 PASS js-fuzzer-array-object-2fcca81eece3.js [5099/10000] status=ok obs=c74d97b01eae coverage=+0/32/38 time=1ms
  RUN js-fuzzer-closure-223595a17309.js [5100/10000] md5=223595a17309d75b877da90d83d2f6e3 bytes=184 template=closure origin=seed:tests/corpus/obfuscation/constant-tag-mix.test.js
 PASS js-fuzzer-closure-223595a17309.js [5100/10000] status=ok obs=1c383cd30b7c coverage=+0/32/38 time=2ms
  RUN js-fuzzer-block-scope-555932537451.js [5101/10000] md5=555932537451052be68a084b1b7c5d9d bytes=114 template=block-scope origin=seed:tests/corpus/obfuscation/extern-slot-permutation.test.js
 PASS js-fuzzer-block-scope-555932537451.js [5101/10000] status=ok obs=f0935e4cd592 coverage=+0/32/38 time=2ms
  RUN js-fuzzer-loop-f495ca2fc638.js [5102/10000] md5=f495ca2fc6389f933578fc501f5b1465 bytes=81 template=loop origin=seed:tests/corpus/obfuscation/externs-console.test.js
 PASS js-fuzzer-loop-f495ca2fc638.js [5102/10000] status=ok obs=c4ca4238a0b9 coverage=+0/32/38 time=1ms
  RUN js-fuzzer-try-catch-8a297d00e90e.js [5103/10000] md5=8a297d00e90eb93174a6d6eeae5be951 bytes=110 template=try-catch origin=seed:tests/corpus/obfuscation/seed-sensitive-functions.test.js
 PASS js-fuzzer-try-catch-8a297d00e90e.js [5103/10000] status=ok obs=98f137082101 coverage=+0/32/38 time=2ms
  RUN js-fuzzer-corpus-79643e915862.js [5104/10000] md5=79643e91586251700d34c0c65a0220da bytes=89 template=corpus origin=tests/corpus/regressions/destructuring-lowers-to-member.test.js
 PASS js-fuzzer-corpus-79643e915862.js [5104/10000] status=ok obs=eccbc87e4b5c coverage=+0/32/38 time=1ms
  RUN js-fuzzer-arithmetic-fa5869e7602d.js [5105/10000] md5=fa5869e7602d171efe818508f0b90d40 bytes=85 template=arithmetic origin=seed:tests/corpus/regressions/multiple-functions-fib-add.test.js
 PASS js-fuzzer-arithmetic-fa5869e7602d.js [5105/10000] status=ok obs=9188905e74c2 coverage=+0/32/38 time=2ms
  RUN js-fuzzer-function-67a4a16b508e.js [5106/10000] md5=67a4a16b508e8efc2a1fbbfc79004c7b bytes=153 template=function origin=seed:tests/corpus/regressions/scope-compressed-closure-params.test.js
 PASS js-fuzzer-function-67a4a16b508e.js [5106/10000] status=ok obs=eccbc87e4b5c coverage=+0/32/38 time=2ms
  RUN js-fuzzer-array-object-6c323c4ef4b3.js [5107/10000] md5=6c323c4ef4b3d6c13804db5b7b42a2a9 bytes=133 template=array-object origin=seed:tests/corpus/runtime/arrays-objects-methods.test.js
 PASS js-fuzzer-array-object-6c323c4ef4b3.js [5107/10000] status=ok obs=c9f0f895fb98 coverage=+0/32/38 time=2ms
  RUN js-fuzzer-closure-35ec5379c796.js [5108/10000] md5=35ec5379c7966a472e4214768c19f58a bytes=184 template=closure origin=seed:tests/corpus/runtime/block-scopes.test.js
 PASS js-fuzzer-closure-35ec5379c796.js [5108/10000] status=ok obs=6ea9ab1baa0e coverage=+0/32/38 time=1ms
  RUN js-fuzzer-block-scope-e119c125daf9.js [5109/10000] md5=e119c125daf9e99a9bcadff85dcfcc56 bytes=114 template=block-scope origin=seed:tests/corpus/runtime/class-fields-static-methods.test.js
 PASS js-fuzzer-block-scope-e119c125daf9.js [5109/10000] status=ok obs=2723d092b638 coverage=+0/32/38 time=2ms
  RUN js-fuzzer-loop-55c7c905bffb.js [5110/10000] md5=55c7c905bffb4bbbc4c8fb9b91df6ad8 bytes=81 template=loop origin=seed:tests/corpus/runtime/classes-and-objects.test.js
 PASS js-fuzzer-loop-55c7c905bffb.js [5110/10000] status=ok obs=eccbc87e4b5c coverage=+0/32/38 time=2ms
  RUN js-fuzzer-boundary-83aee5cf07de.js [5111/10000] md5=83aee5cf07deb9d5ce59aec8aff7a227 bytes=128 template=boundary origin=boundary:9007199254740991
 PASS js-fuzzer-boundary-83aee5cf07de.js [5111/10000] status=ok obs=8bfa9ad090fb coverage=+0/32/38 time=1ms
  RUN js-fuzzer-class-c6bbe0a63455.js [5112/10000] md5=c6bbe0a634559d18fa82cf0c9a421610 bytes=100 template=class origin=seed:tests/corpus/runtime/closures-read-captured-values.test.js
 PASS js-fuzzer-class-c6bbe0a63455.js [5112/10000] status=ok obs=1679091c5a88 coverage=+0/32/38 time=2ms
  RUN js-fuzzer-corpus-cf8fb96e8476.js [5113/10000] md5=cf8fb96e8476c262b73583c86dd80821 bytes=178 template=corpus origin=tests/corpus/runtime/exceptions-and-nullish.test.js
 PASS js-fuzzer-corpus-cf8fb96e8476.js [5113/10000] status=ok obs=24ed5e8718fc coverage=+0/32/38 time=1ms
  RUN js-fuzzer-function-0b0d1f5ee746.js [5114/10000] md5=0b0d1f5ee746281ffbedfb7f7f4c45bc bytes=153 template=function origin=seed:tests/corpus/runtime/functions-closures-and-arrows.test.js
 PASS js-fuzzer-function-0b0d1f5ee746.js [5114/10000] status=ok obs=e4da3b7fbbce coverage=+0/32/38 time=2ms
  RUN js-fuzzer-array-object-afe6f608bd73.js [5115/10000] md5=afe6f608bd73db3dea96ee57173547f4 bytes=133 template=array-object origin=seed:tests/corpus/runtime/lexical-shadowing.test.js
 PASS js-fuzzer-array-object-afe6f608bd73.js [5115/10000] status=ok obs=c20ad4d76fe9 coverage=+0/32/38 time=2ms
  RUN js-fuzzer-closure-60e11df9decb.js [5116/10000] md5=60e11df9decb8163c19ec38a3b1ddd27 bytes=183 template=closure origin=seed:tests/corpus/runtime/modules-export.test.js
 PASS js-fuzzer-closure-60e11df9decb.js [5116/10000] status=ok obs=8e296a067a37 coverage=+0/32/38 time=1ms
  RUN js-fuzzer-block-scope-174fa4fc97e1.js [5117/10000] md5=174fa4fc97e1645d7383ebda1e653a4c bytes=114 template=block-scope origin=seed:tests/corpus/runtime/nested-try-finally.test.js
 PASS js-fuzzer-block-scope-174fa4fc97e1.js [5117/10000] status=ok obs=a3c65c297427 coverage=+0/32/38 time=2ms
  RUN js-fuzzer-boundary-4b188851088a.js [5118/10000] md5=4b188851088a18b5b5e1424320aec545 bytes=122 template=boundary origin=boundary:2147483647
 PASS js-fuzzer-boundary-4b188851088a.js [5118/10000] status=ok obs=c588c0a459f4 coverage=+0/32/38 time=2ms
  RUN js-fuzzer-try-catch-398077b2e1d6.js [5119/10000] md5=398077b2e1d6a50d953f7a907c7a061d bytes=110 template=try-catch origin=seed:tests/corpus/syntax/logical-unary-nullish.test.js
 PASS js-fuzzer-try-catch-398077b2e1d6.js [5119/10000] status=ok obs=6364d3f0f495 coverage=+0/32/38 time=1ms
  RUN js-fuzzer-class-769274f77fa6.js [5120/10000] md5=769274f77fa62254ce7e0eb0e3adf7f1 bytes=100 template=class origin=seed:tests/corpus/syntax/object-destructure-and-members.test.js
 PASS js-fuzzer-class-769274f77fa6.js [5120/10000] status=ok obs=c4ca4238a0b9 coverage=+0/32/38 time=2ms
  RUN js-fuzzer-arithmetic-e3da35646a2d.js [5121/10000] md5=e3da35646a2d50cdc43206944f6e99dc bytes=84 template=arithmetic origin=seed:tests/corpus/syntax/switch-do-while-sequence.test.js
 PASS js-fuzzer-arithmetic-e3da35646a2d.js [5121/10000] status=ok obs=5f93f983524d coverage=+0/32/38 time=2ms
  RUN js-fuzzer-corpus-ff388659a641.js [5122/10000] md5=ff388659a6419d1e6e01ce4e7151a52e bytes=135 template=corpus origin=tests/corpus/syntax/template-array-destructure.test.js
 PASS js-fuzzer-corpus-ff388659a641.js [5122/10000] status=ok obs=f61c9a8be43c coverage=+0/32/38 time=1ms
  RUN js-fuzzer-array-object-ff9c5a36e3ce.js [5123/10000] md5=ff9c5a36e3cee8a82bfedb77a9409184 bytes=133 template=array-object origin=seed:tests/corpus/syntax/typescript-assertions.test.ts
 PASS js-fuzzer-array-object-ff9c5a36e3ce.js [5123/10000] status=ok obs=1679091c5a88 coverage=+0/32/38 time=2ms
  RUN js-fuzzer-closure-a641eaf3e1ca.js [5124/10000] md5=a641eaf3e1ca79accfb48f344d237f8e bytes=184 template=closure origin=seed:tests/corpus/syntax/typescript-non-null-satisfies.test.ts
 PASS js-fuzzer-closure-a641eaf3e1ca.js [5124/10000] status=ok obs=7f39f8317fbd coverage=+0/32/38 time=1ms
  RUN js-fuzzer-boundary-14a05a816d97.js [5125/10000] md5=14a05a816d975afa7654eb06610350d0 bytes=113 template=boundary origin=boundary:2
 PASS js-fuzzer-boundary-14a05a816d97.js [5125/10000] status=ok obs=c81e728d9d4c coverage=+0/32/38 time=2ms
  RUN js-fuzzer-loop-55c7c905bffb.js [5126/10000] md5=55c7c905bffb4bbbc4c8fb9b91df6ad8 bytes=81 template=loop origin=seed:tests/corpus/fixtures/state-machine-workflow.test.js
 PASS js-fuzzer-loop-55c7c905bffb.js [5126/10000] status=ok obs=eccbc87e4b5c coverage=+0/32/38 time=1ms
  RUN js-fuzzer-try-catch-78409afcd812.js [5127/10000] md5=78409afcd812e57d07238a91d9d67ddf bytes=110 template=try-catch origin=seed:tests/corpus/fixtures/vue-script-workflow.test.vue
 PASS js-fuzzer-try-catch-78409afcd812.js [5127/10000] status=ok obs=17e62166fc85 coverage=+0/32/38 time=1ms
  RUN js-fuzzer-class-d2b3669b495d.js [5128/10000] md5=d2b3669b495dd4792f9e1509f2bbf8a7 bytes=100 template=class origin=seed:tests/corpus/obfuscation/constant-tag-mix.test.js
 PASS js-fuzzer-class-d2b3669b495d.js [5128/10000] status=ok obs=eccbc87e4b5c coverage=+0/32/38 time=2ms
  RUN js-fuzzer-arithmetic-e2931cfd8770.js [5129/10000] md5=e2931cfd8770443c6f452d5b16b08692 bytes=84 template=arithmetic origin=seed:tests/corpus/obfuscation/extern-slot-permutation.test.js
 PASS js-fuzzer-arithmetic-e2931cfd8770.js [5129/10000] status=ok obs=70efdf2ec9b0 coverage=+0/32/38 time=1ms
  RUN js-fuzzer-function-d9597d28535f.js [5130/10000] md5=d9597d28535fd2b10f5ca10cf87a7bb6 bytes=153 template=function origin=seed:tests/corpus/obfuscation/externs-console.test.js
 PASS js-fuzzer-function-d9597d28535f.js [5130/10000] status=ok obs=6f4922f45568 coverage=+0/32/38 time=2ms
  RUN js-fuzzer-corpus-38ba19d9deb7.js [5131/10000] md5=38ba19d9deb7566cc8a420c27ada3f21 bytes=136 template=corpus origin=tests/corpus/obfuscation/seed-sensitive-functions.test.js
 PASS js-fuzzer-corpus-38ba19d9deb7.js [5131/10000] status=ok obs=a5bfc9e07964 coverage=+0/32/38 time=2ms
  RUN js-fuzzer-boundary-2f35f880f964.js [5132/10000] md5=2f35f880f96468b375c4e71feba05308 bytes=113 template=boundary origin=boundary:1
 PASS js-fuzzer-boundary-2f35f880f964.js [5132/10000] status=ok obs=c4ca4238a0b9 coverage=+0/32/38 time=1ms
  RUN js-fuzzer-block-scope-a8e327bbe626.js [5133/10000] md5=a8e327bbe6261141f09ba57789d8f00f bytes=114 template=block-scope origin=seed:tests/corpus/regressions/multiple-functions-fib-add.test.js
 PASS js-fuzzer-block-scope-a8e327bbe626.js [5133/10000] status=ok obs=a97da629b098 coverage=+0/32/38 time=1ms
  RUN js-fuzzer-loop-bbf1d7a15d8d.js [5134/10000] md5=bbf1d7a15d8dd015402d75c0e0108b5f bytes=81 template=loop origin=seed:tests/corpus/regressions/scope-compressed-closure-params.test.js
 PASS js-fuzzer-loop-bbf1d7a15d8d.js [5134/10000] status=ok obs=1679091c5a88 coverage=+0/32/38 time=2ms
  RUN js-fuzzer-try-catch-4a24aaf1e66a.js [5135/10000] md5=4a24aaf1e66a8b823f90ea06221a0572 bytes=110 template=try-catch origin=seed:tests/corpus/runtime/arrays-objects-methods.test.js
 PASS js-fuzzer-try-catch-4a24aaf1e66a.js [5135/10000] status=ok obs=d67d8ab4f4c1 coverage=+0/32/38 time=1ms
  RUN js-fuzzer-class-7c36fc3c0ad4.js [5136/10000] md5=7c36fc3c0ad4461d5dbbcd7afdfb6b5c bytes=101 template=class origin=seed:tests/corpus/runtime/block-scopes.test.js
 PASS js-fuzzer-class-7c36fc3c0ad4.js [5136/10000] status=ok obs=d3d9446802a4 coverage=+0/32/38 time=2ms
  RUN js-fuzzer-arithmetic-f85eee3b3bb5.js [5137/10000] md5=f85eee3b3bb5e22913415956a4e4b42c bytes=85 template=arithmetic origin=seed:tests/corpus/runtime/class-fields-static-methods.test.js
 PASS js-fuzzer-arithmetic-f85eee3b3bb5.js [5137/10000] status=ok obs=d2ddea18f006 coverage=+0/32/38 time=1ms
  RUN js-fuzzer-function-cb7d7d91d83d.js [5138/10000] md5=cb7d7d91d83d165500656240f14cd1fc bytes=153 template=function origin=seed:tests/corpus/runtime/classes-and-objects.test.js
 PASS js-fuzzer-function-cb7d7d91d83d.js [5138/10000] status=ok obs=8f14e45fceea coverage=+0/32/38 time=2ms
  RUN js-fuzzer-boundary-e62759fbe8d3.js [5139/10000] md5=e62759fbe8d36ad2cfb89a0f8bac18b9 bytes=129 template=boundary origin=boundary:-9007199254740991
 PASS js-fuzzer-boundary-e62759fbe8d3.js [5139/10000] status=ok obs=b3f3a95848f6 coverage=+0/32/38 time=2ms
  RUN js-fuzzer-corpus-08bc93bf5789.js [5140/10000] md5=08bc93bf57897bc88ce7161fe56cd099 bytes=169 template=corpus origin=tests/corpus/runtime/closures-read-captured-values.test.js
 PASS js-fuzzer-corpus-08bc93bf5789.js [5140/10000] status=ok obs=02e74f10e032 coverage=+0/32/38 time=2ms
  RUN js-fuzzer-block-scope-860e21104a7a.js [5141/10000] md5=860e21104a7a4ed4d3b6822443e621df bytes=114 template=block-scope origin=seed:tests/corpus/runtime/exceptions-and-nullish.test.js
 PASS js-fuzzer-block-scope-860e21104a7a.js [5141/10000] status=ok obs=ec8956637a99 coverage=+0/32/38 time=1ms
  RUN js-fuzzer-loop-bbf1d7a15d8d.js [5142/10000] md5=bbf1d7a15d8dd015402d75c0e0108b5f bytes=81 template=loop origin=seed:tests/corpus/runtime/functions-closures-and-arrows.test.js
 PASS js-fuzzer-loop-bbf1d7a15d8d.js [5142/10000] status=ok obs=1679091c5a88 coverage=+0/32/38 time=2ms
  RUN js-fuzzer-try-catch-a4e2330c4919.js [5143/10000] md5=a4e2330c49196805169dbf8449e466fa bytes=110 template=try-catch origin=seed:tests/corpus/runtime/lexical-shadowing.test.js
 PASS js-fuzzer-try-catch-a4e2330c4919.js [5143/10000] status=ok obs=3c59dc048e88 coverage=+0/32/38 time=1ms
  RUN js-fuzzer-class-587587295e00.js [5144/10000] md5=587587295e0075a0a19c4572e53274fe bytes=101 template=class origin=seed:tests/corpus/runtime/modules-export.test.js
 PASS js-fuzzer-class-587587295e00.js [5144/10000] status=ok obs=1f0e3dad9990 coverage=+0/32/38 time=2ms
  RUN js-fuzzer-arithmetic-c2d6429a36a5.js [5145/10000] md5=c2d6429a36a5dfb8685fd9f433de740d bytes=85 template=arithmetic origin=seed:tests/corpus/runtime/nested-try-finally.test.js
 PASS js-fuzzer-arithmetic-c2d6429a36a5.js [5145/10000] status=ok obs=6974ce5ac660 coverage=+0/32/38 time=2ms
  RUN js-fuzzer-boundary-56f451fe2902.js [5146/10000] md5=56f451fe2902341a3a470031c46238b3 bytes=123 template=boundary origin=boundary:-2147483648
 PASS js-fuzzer-boundary-56f451fe2902.js [5146/10000] status=ok obs=034ff5946105 coverage=+0/32/38 time=1ms
  RUN js-fuzzer-array-object-7c235db9b994.js [5147/10000] md5=7c235db9b994cb7dc5c4190b17bc6cec bytes=133 template=array-object origin=seed:tests/corpus/syntax/logical-unary-nullish.test.js
 PASS js-fuzzer-array-object-7c235db9b994.js [5147/10000] status=ok obs=70efdf2ec9b0 coverage=+0/32/38 time=2ms
  RUN js-fuzzer-closure-f4b35cc064ee.js [5148/10000] md5=f4b35cc064eef8143c5b003838854644 bytes=184 template=closure origin=seed:tests/corpus/syntax/object-destructure-and-members.test.js
 PASS js-fuzzer-closure-f4b35cc064ee.js [5148/10000] status=ok obs=28dd2c7955ce coverage=+0/32/38 time=2ms
  RUN js-fuzzer-corpus-2aed353a2d20.js [5149/10000] md5=2aed353a2d200d64cbaf7beb40face20 bytes=275 template=corpus origin=tests/corpus/syntax/switch-do-while-sequence.test.js
 PASS js-fuzzer-corpus-2aed353a2d20.js [5149/10000] status=ok obs=6f4922f45568 coverage=+0/32/38 time=2ms
  RUN js-fuzzer-loop-f495ca2fc638.js [5150/10000] md5=f495ca2fc6389f933578fc501f5b1465 bytes=81 template=loop origin=seed:tests/corpus/syntax/template-array-destructure.test.js
 PASS js-fuzzer-loop-f495ca2fc638.js [5150/10000] status=ok obs=c4ca4238a0b9 coverage=+0/32/38 time=1ms
  RUN js-fuzzer-try-catch-e92e59cfe8b3.js [5151/10000] md5=e92e59cfe8b3da295d2f9e96a4effe15 bytes=109 template=try-catch origin=seed:tests/corpus/syntax/typescript-assertions.test.ts
 PASS js-fuzzer-try-catch-e92e59cfe8b3.js [5151/10000] status=ok obs=eccbc87e4b5c coverage=+0/32/38 time=2ms
  RUN js-fuzzer-class-a9875f561daf.js [5152/10000] md5=a9875f561daf181d949c68fc070db0e0 bytes=101 template=class origin=seed:tests/corpus/syntax/typescript-non-null-satisfies.test.ts
 PASS js-fuzzer-class-a9875f561daf.js [5152/10000] status=ok obs=aab3238922bc coverage=+0/32/38 time=1ms
  RUN js-fuzzer-boundary-4ae25cb2e150.js [5153/10000] md5=4ae25cb2e15083bfca9f6b81b3f9f24b bytes=114 template=boundary origin=boundary:-2
 PASS js-fuzzer-boundary-4ae25cb2e150.js [5153/10000] status=ok obs=5d7b9adcbe1c coverage=+0/32/38 time=2ms
  RUN js-fuzzer-function-297962b584b2.js [5154/10000] md5=297962b584b2139723d9064b9ad0de50 bytes=153 template=function origin=seed:tests/corpus/fixtures/state-machine-workflow.test.js
 PASS js-fuzzer-function-297962b584b2.js [5154/10000] status=ok obs=c81e728d9d4c coverage=+0/32/38 time=2ms
  RUN js-fuzzer-array-object-6c323c4ef4b3.js [5155/10000] md5=6c323c4ef4b3d6c13804db5b7b42a2a9 bytes=133 template=array-object origin=seed:tests/corpus/fixtures/vue-script-workflow.test.vue
 PASS js-fuzzer-array-object-6c323c4ef4b3.js [5155/10000] status=ok obs=c9f0f895fb98 coverage=+0/32/38 time=1ms
  RUN js-fuzzer-closure-6fb8e7b946db.js [5156/10000] md5=6fb8e7b946db08e5260aecf83a4010cd bytes=183 template=closure origin=seed:tests/corpus/obfuscation/constant-tag-mix.test.js
 PASS js-fuzzer-closure-6fb8e7b946db.js [5156/10000] status=ok obs=8e296a067a37 coverage=+0/32/38 time=2ms
  RUN js-fuzzer-block-scope-521b3e3723d2.js [5157/10000] md5=521b3e3723d2c6d75529bfe53ce67ca8 bytes=114 template=block-scope origin=seed:tests/corpus/obfuscation/extern-slot-permutation.test.js
 PASS js-fuzzer-block-scope-521b3e3723d2.js [5157/10000] status=ok obs=ec8956637a99 coverage=+0/32/38 time=1ms
  RUN js-fuzzer-corpus-efd663ac427b.js [5158/10000] md5=efd663ac427b5ca270b2f8b928c902bf bytes=112 template=corpus origin=tests/corpus/obfuscation/externs-console.test.js
 PASS js-fuzzer-corpus-efd663ac427b.js [5158/10000] status=ok obs=d289993e39c8 coverage=+0/32/38 time=2ms
  RUN js-fuzzer-try-catch-78409afcd812.js [5159/10000] md5=78409afcd812e57d07238a91d9d67ddf bytes=110 template=try-catch origin=seed:tests/corpus/obfuscation/seed-sensitive-functions.test.js
 PASS js-fuzzer-try-catch-78409afcd812.js [5159/10000] status=ok obs=17e62166fc85 coverage=+0/32/38 time=2ms
  RUN js-fuzzer-boundary-1024adcac0e5.js [5160/10000] md5=1024adcac0e5cc9f99f478fa66dcc00c bytes=114 template=boundary origin=boundary:-1
 PASS js-fuzzer-boundary-1024adcac0e5.js [5160/10000] status=ok obs=6bb61e3b7bce coverage=+0/32/38 time=1ms
  RUN js-fuzzer-arithmetic-3c363021e0b1.js [5161/10000] md5=3c363021e0b1a68585989e6ffda35245 bytes=84 template=arithmetic origin=seed:tests/corpus/regressions/multiple-functions-fib-add.test.js
 PASS js-fuzzer-arithmetic-3c363021e0b1.js [5161/10000] status=ok obs=5878a7ab84fb coverage=+0/32/38 time=2ms
  RUN js-fuzzer-function-8a3820bf6e52.js [5162/10000] md5=8a3820bf6e52dcab1a0437ab7872cf6a bytes=153 template=function origin=seed:tests/corpus/regressions/scope-compressed-closure-params.test.js
 PASS js-fuzzer-function-8a3820bf6e52.js [5162/10000] status=ok obs=a87ff679a2f3 coverage=+0/32/38 time=2ms
  RUN js-fuzzer-array-object-ff9c5a36e3ce.js [5163/10000] md5=ff9c5a36e3cee8a82bfedb77a9409184 bytes=133 template=array-object origin=seed:tests/corpus/runtime/arrays-objects-methods.test.js
 PASS js-fuzzer-array-object-ff9c5a36e3ce.js [5163/10000] status=ok obs=1679091c5a88 coverage=+0/32/38 time=1ms
  RUN js-fuzzer-closure-c8cd1e50dc44.js [5164/10000] md5=c8cd1e50dc44c3c6059326ee95388a8b bytes=184 template=closure origin=seed:tests/corpus/runtime/block-scopes.test.js
 PASS js-fuzzer-closure-c8cd1e50dc44.js [5164/10000] status=ok obs=7f39f8317fbd coverage=+0/32/38 time=2ms
  RUN js-fuzzer-block-scope-92fded31019c.js [5165/10000] md5=92fded31019c366b63c0d84345739f9a bytes=114 template=block-scope origin=seed:tests/corpus/runtime/class-fields-static-methods.test.js
 PASS js-fuzzer-block-scope-92fded31019c.js [5165/10000] status=ok obs=65b9eea6e1cc coverage=+0/32/38 time=2ms
  RUN js-fuzzer-loop-b88258462a8d.js [5166/10000] md5=b88258462a8d880f8b0e459fa23b2536 bytes=81 template=loop origin=seed:tests/corpus/runtime/classes-and-objects.test.js
 PASS js-fuzzer-loop-b88258462a8d.js [5166/10000] status=ok obs=3c59dc048e88 coverage=+0/32/38 time=1ms
  RUN js-fuzzer-corpus-ddcb99247fc8.js [5167/10000] md5=ddcb99247fc847c897b97c6bd6512b9f bytes=217 template=corpus origin=tests/corpus/runtime/closures-mutate-captured-bindings.test.js
 PASS js-fuzzer-corpus-ddcb99247fc8.js [5167/10000] status=ok obs=e4da3b7fbbce coverage=+0/32/38 time=2ms
  RUN js-fuzzer-class-769274f77fa6.js [5168/10000] md5=769274f77fa62254ce7e0eb0e3adf7f1 bytes=100 template=class origin=seed:tests/corpus/runtime/closures-read-captured-values.test.js
 PASS js-fuzzer-class-769274f77fa6.js [5168/10000] status=ok obs=c4ca4238a0b9 coverage=+0/32/38 time=2ms
  RUN js-fuzzer-arithmetic-fdc356a89e5c.js [5169/10000] md5=fdc356a89e5c4d1f4bfc8e16f6fd1c0f bytes=84 template=arithmetic origin=seed:tests/corpus/runtime/exceptions-and-nullish.test.js
 PASS js-fuzzer-arithmetic-fdc356a89e5c.js [5169/10000] status=ok obs=f899139df5e1 coverage=+0/32/38 time=1ms
  RUN js-fuzzer-function-d3859b93eee1.js [5170/10000] md5=d3859b93eee1f3bcfec0cda51c4d02bf bytes=153 template=function origin=seed:tests/corpus/runtime/functions-closures-and-arrows.test.js
 PASS js-fuzzer-function-d3859b93eee1.js [5170/10000] status=ok obs=a87ff679a2f3 coverage=+0/32/38 time=2ms
  RUN js-fuzzer-array-object-99525bc73b79.js [5171/10000] md5=99525bc73b792e35edf874005a53982a bytes=133 template=array-object origin=seed:tests/corpus/runtime/lexical-shadowing.test.js
 PASS js-fuzzer-array-object-99525bc73b79.js [5171/10000] status=ok obs=c74d97b01eae coverage=+0/32/38 time=2ms
  RUN js-fuzzer-closure-c0f5a323b959.js [5172/10000] md5=c0f5a323b959409f365911edf055604e bytes=184 template=closure origin=seed:tests/corpus/runtime/modules-export.test.js
 PASS js-fuzzer-closure-c0f5a323b959.js [5172/10000] status=ok obs=093f65e080a2 coverage=+0/32/38 time=1ms
  RUN js-fuzzer-block-scope-718bfc054c61.js [5173/10000] md5=718bfc054c612231e7c0ff47c22e7aaf bytes=114 template=block-scope origin=seed:tests/corpus/runtime/nested-try-finally.test.js
 PASS js-fuzzer-block-scope-718bfc054c61.js [5173/10000] status=ok obs=38b3eff8baf5 coverage=+0/32/38 time=2ms
  RUN js-fuzzer-boundary-2b35f90895ea.js [5174/10000] md5=2b35f90895ea85111e562e627044f919 bytes=128 template=boundary origin=boundary:9007199254740991
 PASS js-fuzzer-boundary-2b35f90895ea.js [5174/10000] status=ok obs=8bfa9ad090fb coverage=+0/32/38 time=2ms
  RUN js-fuzzer-try-catch-83aeb7d5f114.js [5175/10000] md5=83aeb7d5f114f448e90b2f3e31e7a7e9 bytes=110 template=try-catch origin=seed:tests/corpus/syntax/logical-unary-nullish.test.js
 PASS js-fuzzer-try-catch-83aeb7d5f114.js [5175/10000] status=ok obs=e369853df766 coverage=+0/32/38 time=1ms
  RUN js-fuzzer-corpus-96ebdcb81273.js [5176/10000] md5=96ebdcb81273f0e5e5778a6c70c94988 bytes=171 template=corpus origin=tests/corpus/syntax/object-destructure-and-members.test.js
 PASS js-fuzzer-corpus-96ebdcb81273.js [5176/10000] status=ok obs=bfad8dfa12ed coverage=+0/32/38 time=2ms
  RUN js-fuzzer-arithmetic-a5fdfb267816.js [5177/10000] md5=a5fdfb267816d708dac4536b786a614a bytes=86 template=arithmetic origin=seed:tests/corpus/syntax/switch-do-while-sequence.test.js
 PASS js-fuzzer-arithmetic-a5fdfb267816.js [5177/10000] status=ok obs=fe73f687e5bc coverage=+0/32/38 time=1ms
  RUN js-fuzzer-function-7078b1558e88.js [5178/10000] md5=7078b1558e88c84f2ce4ff32c844a13e bytes=153 template=function origin=seed:tests/corpus/syntax/template-array-destructure.test.js
 PASS js-fuzzer-function-7078b1558e88.js [5178/10000] status=ok obs=1679091c5a88 coverage=+0/32/38 time=2ms
  RUN js-fuzzer-array-object-a28664243213.js [5179/10000] md5=a28664243213c44f301ec05e7f94a0ae bytes=133 template=array-object origin=seed:tests/corpus/syntax/typescript-assertions.test.ts
 PASS js-fuzzer-array-object-a28664243213.js [5179/10000] status=ok obs=c51ce410c124 coverage=+0/32/38 time=2ms
  RUN js-fuzzer-closure-ebb7f06a02b7.js [5180/10000] md5=ebb7f06a02b709bac77ef47fca784a69 bytes=184 template=closure origin=seed:tests/corpus/syntax/typescript-non-null-satisfies.test.ts
 PASS js-fuzzer-closure-ebb7f06a02b7.js [5180/10000] status=ok obs=f457c545a9de coverage=+0/32/38 time=1ms
  RUN js-fuzzer-boundary-ac080ee0add8.js [5181/10000] md5=ac080ee0add8a3967f40d078a13e076b bytes=122 template=boundary origin=boundary:2147483647
 PASS js-fuzzer-boundary-ac080ee0add8.js [5181/10000] status=ok obs=c588c0a459f4 coverage=+0/32/38 time=1ms
  RUN js-fuzzer-loop-55c7c905bffb.js [5182/10000] md5=55c7c905bffb4bbbc4c8fb9b91df6ad8 bytes=81 template=loop origin=seed:tests/corpus/fixtures/state-machine-workflow.test.js
 PASS js-fuzzer-loop-55c7c905bffb.js [5182/10000] status=ok obs=eccbc87e4b5c coverage=+0/32/38 time=2ms
  RUN js-fuzzer-try-catch-e6fdc2579e78.js [5183/10000] md5=e6fdc2579e7880bc0b759de7af5133ab bytes=110 template=try-catch origin=seed:tests/corpus/fixtures/vue-script-workflow.test.vue
 PASS js-fuzzer-try-catch-e6fdc2579e78.js [5183/10000] status=ok obs=d645920e395f coverage=+0/32/38 time=1ms
  RUN js-fuzzer-class-769274f77fa6.js [5184/10000] md5=769274f77fa62254ce7e0eb0e3adf7f1 bytes=100 template=class origin=seed:tests/corpus/obfuscation/constant-tag-mix.test.js
 PASS js-fuzzer-class-769274f77fa6.js [5184/10000] status=ok obs=c4ca4238a0b9 coverage=+0/32/38 time=2ms
  RUN js-fuzzer-corpus-fe2d30a6e413.js [5185/10000] md5=fe2d30a6e4139e7a8b52405bed737faa bytes=220 template=corpus origin=tests/corpus/obfuscation/extern-slot-permutation.test.js
 PASS js-fuzzer-corpus-fe2d30a6e413.js [5185/10000] status=ok obs=c34c702d0256 coverage=+0/32/38 time=1ms
  RUN js-fuzzer-function-e38b8374b652.js [5186/10000] md5=e38b8374b65234ab6d6009c7a43720d9 bytes=153 template=function origin=seed:tests/corpus/obfuscation/externs-console.test.js
 PASS js-fuzzer-function-e38b8374b652.js [5186/10000] status=ok obs=1679091c5a88 coverage=+0/32/38 time=2ms
  RUN js-fuzzer-array-object-47797561d6aa.js [5187/10000] md5=47797561d6aa0965baab77d781b38008 bytes=133 template=array-object origin=seed:tests/corpus/obfuscation/seed-sensitive-functions.test.js
 PASS js-fuzzer-array-object-47797561d6aa.js [5187/10000] status=ok obs=c20ad4d76fe9 coverage=+0/32/38 time=2ms
  RUN js-fuzzer-boundary-85faf3787c26.js [5188/10000] md5=85faf3787c26ca3bad9215a544873988 bytes=113 template=boundary origin=boundary:2
 PASS js-fuzzer-boundary-85faf3787c26.js [5188/10000] status=ok obs=c81e728d9d4c coverage=+0/32/38 time=1ms
  RUN js-fuzzer-block-scope-c54c93e141bc.js [5189/10000] md5=c54c93e141bc8ee7724d1c13ebb51f74 bytes=114 template=block-scope origin=seed:tests/corpus/regressions/multiple-functions-fib-add.test.js
 PASS js-fuzzer-block-scope-c54c93e141bc.js [5189/10000] status=ok obs=ec8956637a99 coverage=+0/32/38 time=2ms
  RUN js-fuzzer-loop-55c7c905bffb.js [5190/10000] md5=55c7c905bffb4bbbc4c8fb9b91df6ad8 bytes=81 template=loop origin=seed:tests/corpus/regressions/scope-compressed-closure-params.test.js
 PASS js-fuzzer-loop-55c7c905bffb.js [5190/10000] status=ok obs=eccbc87e4b5c coverage=+0/32/38 time=2ms
  RUN js-fuzzer-try-catch-ce914b0cd471.js [5191/10000] md5=ce914b0cd471f7c9ec83cbcd645ee9eb bytes=110 template=try-catch origin=seed:tests/corpus/runtime/arrays-objects-methods.test.js
 PASS js-fuzzer-try-catch-ce914b0cd471.js [5191/10000] status=ok obs=2838023a778d coverage=+0/32/38 time=1ms
  RUN js-fuzzer-class-5baf4bed5db4.js [5192/10000] md5=5baf4bed5db4f8205173226efc8fff73 bytes=101 template=class origin=seed:tests/corpus/runtime/block-scopes.test.js
 PASS js-fuzzer-class-5baf4bed5db4.js [5192/10000] status=ok obs=6f4922f45568 coverage=+0/32/38 time=2ms
  RUN js-fuzzer-arithmetic-20ff49602189.js [5193/10000] md5=20ff49602189468118632ae846db8e75 bytes=83 template=arithmetic origin=seed:tests/corpus/runtime/class-fields-static-methods.test.js
 PASS js-fuzzer-arithmetic-20ff49602189.js [5193/10000] status=ok obs=072b030ba126 coverage=+0/32/38 time=1ms
  RUN js-fuzzer-corpus-663bf83cd082.js [5194/10000] md5=663bf83cd082bd221441dae6bbc85046 bytes=278 template=corpus origin=tests/corpus/runtime/classes-and-objects.test.js
 PASS js-fuzzer-corpus-663bf83cd082.js [5194/10000] status=ok obs=6f4922f45568 coverage=+0/32/38 time=2ms
  RUN js-fuzzer-boundary-ccde2dac26f6.js [5195/10000] md5=ccde2dac26f6d3fd46c3698825685fe3 bytes=113 template=boundary origin=boundary:1
 PASS js-fuzzer-boundary-ccde2dac26f6.js [5195/10000] status=ok obs=c4ca4238a0b9 coverage=+0/32/38 time=2ms
  RUN js-fuzzer-closure-44f8d475e7b4.js [5196/10000] md5=44f8d475e7b469fd29ee336b3bad8e0e bytes=185 template=closure origin=seed:tests/corpus/runtime/closures-read-captured-values.test.js
 PASS js-fuzzer-closure-44f8d475e7b4.js [5196/10000] status=ok obs=6c8349cc7260 coverage=+0/32/38 time=2ms
  RUN js-fuzzer-block-scope-3618dfc383f1.js [5197/10000] md5=3618dfc383f176ec28b3df9bed8a3cec bytes=114 template=block-scope origin=seed:tests/corpus/runtime/exceptions-and-nullish.test.js
 PASS js-fuzzer-block-scope-3618dfc383f1.js [5197/10000] status=ok obs=c9e1074f5b3f coverage=+0/32/38 time=1ms
  RUN js-fuzzer-loop-d35707ad0bf7.js [5198/10000] md5=d35707ad0bf74148f671ad8943998af6 bytes=81 template=loop origin=seed:tests/corpus/runtime/functions-closures-and-arrows.test.js
 PASS js-fuzzer-loop-d35707ad0bf7.js [5198/10000] status=ok obs=9bf31c7ff062 coverage=+0/32/38 time=2ms
  RUN js-fuzzer-try-catch-40520a1b7956.js [5199/10000] md5=40520a1b7956f57804d753ea77e1e468 bytes=110 template=try-catch origin=seed:tests/corpus/runtime/lexical-shadowing.test.js
 PASS js-fuzzer-try-catch-40520a1b7956.js [5199/10000] status=ok obs=70efdf2ec9b0 coverage=+0/32/38 time=1ms
  RUN js-fuzzer-class-5baf4bed5db4.js [5200/10000] md5=5baf4bed5db4f8205173226efc8fff73 bytes=101 template=class origin=seed:tests/corpus/runtime/modules-export.test.js
 PASS js-fuzzer-class-5baf4bed5db4.js [5200/10000] status=ok obs=6f4922f45568 coverage=+0/32/38 time=2ms
  RUN js-fuzzer-arithmetic-2c2724eae4c9.js [5201/10000] md5=2c2724eae4c946092c4379b0d153d5d4 bytes=85 template=arithmetic origin=seed:tests/corpus/runtime/nested-try-finally.test.js
 PASS js-fuzzer-arithmetic-2c2724eae4c9.js [5201/10000] status=ok obs=577ef1154f32 coverage=+0/32/38 time=2ms
  RUN js-fuzzer-boundary-235131a2d0d1.js [5202/10000] md5=235131a2d0d184afe9327ca3bd456dde bytes=129 template=boundary origin=boundary:-9007199254740991
 PASS js-fuzzer-boundary-235131a2d0d1.js [5202/10000] status=ok obs=b3f3a95848f6 coverage=+0/32/38 time=1ms
  RUN js-fuzzer-corpus-279b64032335.js [5203/10000] md5=279b640323351a1b082b98b42d2a2d55 bytes=134 template=corpus origin=tests/corpus/syntax/logical-unary-nullish.test.js
 PASS js-fuzzer-corpus-279b64032335.js [5203/10000] status=ok obs=45c48cce2e2d coverage=+0/32/38 time=2ms
  RUN js-fuzzer-closure-06a301373036.js [5204/10000] md5=06a301373036014c518b8a65580287fe bytes=183 template=closure origin=seed:tests/corpus/syntax/object-destructure-and-members.test.js
 PASS js-fuzzer-closure-06a301373036.js [5204/10000] status=ok obs=45c48cce2e2d coverage=+0/32/38 time=1ms
  RUN js-fuzzer-block-scope-10430c6f962a.js [5205/10000] md5=10430c6f962a4db4653b711f73826914 bytes=114 template=block-scope origin=seed:tests/corpus/syntax/switch-do-while-sequence.test.js
 PASS js-fuzzer-block-scope-10430c6f962a.js [5205/10000] status=ok obs=65b9eea6e1cc coverage=+0/32/38 time=1ms
  RUN js-fuzzer-loop-f495ca2fc638.js [5206/10000] md5=f495ca2fc6389f933578fc501f5b1465 bytes=81 template=loop origin=seed:tests/corpus/syntax/template-array-destructure.test.js
 PASS js-fuzzer-loop-f495ca2fc638.js [5206/10000] status=ok obs=c4ca4238a0b9 coverage=+0/32/38 time=2ms
  RUN js-fuzzer-try-catch-b442aa263f12.js [5207/10000] md5=b442aa263f129fb627b483e77db700ad bytes=110 template=try-catch origin=seed:tests/corpus/syntax/typescript-assertions.test.ts
 PASS js-fuzzer-try-catch-b442aa263f12.js [5207/10000] status=ok obs=c20ad4d76fe9 coverage=+0/32/38 time=1ms
  RUN js-fuzzer-class-a35a4dd2f302.js [5208/10000] md5=a35a4dd2f302fda9a0e8d6e2c980c283 bytes=101 template=class origin=seed:tests/corpus/syntax/typescript-non-null-satisfies.test.ts
 PASS js-fuzzer-class-a35a4dd2f302.js [5208/10000] status=ok obs=9bf31c7ff062 coverage=+0/32/38 time=2ms
  RUN js-fuzzer-boundary-4b8e58e2bd3b.js [5209/10000] md5=4b8e58e2bd3bc437f093fe0ab13ce109 bytes=123 template=boundary origin=boundary:-2147483648
 PASS js-fuzzer-boundary-4b8e58e2bd3b.js [5209/10000] status=ok obs=034ff5946105 coverage=+0/32/38 time=2ms
  RUN js-fuzzer-function-134a85d12098.js [5210/10000] md5=134a85d120985077bd24a3a53ac64560 bytes=153 template=function origin=seed:tests/corpus/fixtures/state-machine-workflow.test.js
 PASS js-fuzzer-function-134a85d12098.js [5210/10000] status=ok obs=1679091c5a88 coverage=+0/32/38 time=2ms
  RUN js-fuzzer-array-object-def5a461094d.js [5211/10000] md5=def5a461094df306c3165cc994daa819 bytes=133 template=array-object origin=seed:tests/corpus/fixtures/vue-script-workflow.test.vue
 PASS js-fuzzer-array-object-def5a461094d.js [5211/10000] status=ok obs=6f4922f45568 coverage=+0/32/38 time=1ms
  RUN js-fuzzer-corpus-f00ef18b0a17.js [5212/10000] md5=f00ef18b0a172b2a2d9833f5b7fe94e2 bytes=199 template=corpus origin=tests/corpus/obfuscation/constant-tag-mix.test.js
 PASS js-fuzzer-corpus-f00ef18b0a17.js [5212/10000] status=ok obs=e86823f38986 coverage=+0/32/38 time=2ms
  RUN js-fuzzer-block-scope-14b6b6b6b53d.js [5213/10000] md5=14b6b6b6b53d42c0fbebfc54d050b975 bytes=114 template=block-scope origin=seed:tests/corpus/obfuscation/extern-slot-permutation.test.js
 PASS js-fuzzer-block-scope-14b6b6b6b53d.js [5213/10000] status=ok obs=6974ce5ac660 coverage=+0/32/38 time=1ms
  RUN js-fuzzer-loop-d35707ad0bf7.js [5214/10000] md5=d35707ad0bf74148f671ad8943998af6 bytes=81 template=loop origin=seed:tests/corpus/obfuscation/externs-console.test.js
 PASS js-fuzzer-loop-d35707ad0bf7.js [5214/10000] status=ok obs=9bf31c7ff062 coverage=+0/32/38 time=2ms
  RUN js-fuzzer-try-catch-dd0b1ef9b53e.js [5215/10000] md5=dd0b1ef9b53e3ee92bf7cc86c8d4101e bytes=110 template=try-catch origin=seed:tests/corpus/obfuscation/seed-sensitive-functions.test.js
 PASS js-fuzzer-try-catch-dd0b1ef9b53e.js [5215/10000] status=ok obs=642e92efb794 coverage=+0/32/38 time=2ms
  RUN js-fuzzer-boundary-92df4f5b559a.js [5216/10000] md5=92df4f5b559a550058b4133ffb629932 bytes=114 template=boundary origin=boundary:-2
 PASS js-fuzzer-boundary-92df4f5b559a.js [5216/10000] status=ok obs=5d7b9adcbe1c coverage=+0/32/38 time=1ms
  RUN js-fuzzer-arithmetic-53f1bb16fb82.js [5217/10000] md5=53f1bb16fb82ad6ab6e00c8ec70be5df bytes=84 template=arithmetic origin=seed:tests/corpus/regressions/multiple-functions-fib-add.test.js
 PASS js-fuzzer-arithmetic-53f1bb16fb82.js [5217/10000] status=ok obs=ec5decca5ed3 coverage=+0/32/38 time=2ms
  RUN js-fuzzer-function-67a4a16b508e.js [5218/10000] md5=67a4a16b508e8efc2a1fbbfc79004c7b bytes=153 template=function origin=seed:tests/corpus/regressions/scope-compressed-closure-params.test.js
 PASS js-fuzzer-function-67a4a16b508e.js [5218/10000] status=ok obs=eccbc87e4b5c coverage=+0/32/38 time=2ms
  RUN js-fuzzer-array-object-6faebef5c698.js [5219/10000] md5=6faebef5c6986d5545ac861adf4d82fa bytes=133 template=array-object origin=seed:tests/corpus/runtime/arrays-objects-methods.test.js
 PASS js-fuzzer-array-object-6faebef5c698.js [5219/10000] status=ok obs=c74d97b01eae coverage=+0/32/38 time=1ms
  RUN js-fuzzer-closure-fe3a0e2b7a07.js [5220/10000] md5=fe3a0e2b7a079135b85ba11458593d51 bytes=183 template=closure origin=seed:tests/corpus/runtime/block-scopes.test.js
 PASS js-fuzzer-closure-fe3a0e2b7a07.js [5220/10000] status=ok obs=182be0c5cdcd coverage=+0/32/38 time=1ms
  RUN js-fuzzer-corpus-a64e83c2f849.js [5221/10000] md5=a64e83c2f84925dca8985eabe963ee21 bytes=179 template=corpus origin=tests/corpus/runtime/class-fields-static-methods.test.js
 PASS js-fuzzer-corpus-a64e83c2f849.js [5221/10000] status=ok obs=8f14e45fceea coverage=+0/32/38 time=2ms
  RUN js-fuzzer-loop-bbf1d7a15d8d.js [5222/10000] md5=bbf1d7a15d8dd015402d75c0e0108b5f bytes=81 template=loop origin=seed:tests/corpus/runtime/classes-and-objects.test.js
 PASS js-fuzzer-loop-bbf1d7a15d8d.js [5222/10000] status=ok obs=1679091c5a88 coverage=+0/32/38 time=1ms
  RUN js-fuzzer-boundary-1024adcac0e5.js [5223/10000] md5=1024adcac0e5cc9f99f478fa66dcc00c bytes=114 template=boundary origin=boundary:-1
 PASS js-fuzzer-boundary-1024adcac0e5.js [5223/10000] status=ok obs=6bb61e3b7bce coverage=+0/32/38 time=1ms
  RUN js-fuzzer-class-a9875f561daf.js [5224/10000] md5=a9875f561daf181d949c68fc070db0e0 bytes=101 template=class origin=seed:tests/corpus/runtime/closures-read-captured-values.test.js
 PASS js-fuzzer-class-a9875f561daf.js [5224/10000] status=ok obs=aab3238922bc coverage=+0/32/38 time=2ms
  RUN js-fuzzer-arithmetic-eda7acab8e60.js [5225/10000] md5=eda7acab8e60da97d1a89fe6d2e3a4c1 bytes=84 template=arithmetic origin=seed:tests/corpus/runtime/exceptions-and-nullish.test.js
 PASS js-fuzzer-arithmetic-eda7acab8e60.js [5225/10000] status=ok obs=da4fb5c6e93e coverage=+0/32/38 time=1ms
  RUN js-fuzzer-function-831f4ac0cd0e.js [5226/10000] md5=831f4ac0cd0ee5c472d5e3bccfaabf34 bytes=153 template=function origin=seed:tests/corpus/runtime/functions-closures-and-arrows.test.js
 PASS js-fuzzer-function-831f4ac0cd0e.js [5226/10000] status=ok obs=c9f0f895fb98 coverage=+0/32/38 time=2ms
  RUN js-fuzzer-array-object-4cb4bda8152a.js [5227/10000] md5=4cb4bda8152a7a3a5e86ec09bc274b54 bytes=133 template=array-object origin=seed:tests/corpus/runtime/lexical-shadowing.test.js
 PASS js-fuzzer-array-object-4cb4bda8152a.js [5227/10000] status=ok obs=98f137082101 coverage=+0/32/38 time=2ms
  RUN js-fuzzer-closure-79b12ac260a8.js [5228/10000] md5=79b12ac260a8d3469ce187aa4f430cb0 bytes=184 template=closure origin=seed:tests/corpus/runtime/modules-export.test.js
 PASS js-fuzzer-closure-79b12ac260a8.js [5228/10000] status=ok obs=d67d8ab4f4c1 coverage=+0/32/38 time=1ms
  RUN js-fuzzer-block-scope-d8df7d1b46d0.js [5229/10000] md5=d8df7d1b46d0804e1af6eb67e0b78b16 bytes=114 template=block-scope origin=seed:tests/corpus/runtime/nested-try-finally.test.js
 PASS js-fuzzer-block-scope-d8df7d1b46d0.js [5229/10000] status=ok obs=f0935e4cd592 coverage=+0/32/38 time=2ms
  RUN js-fuzzer-corpus-89e900fcb72f.js [5230/10000] md5=89e900fcb72ff838bfe9a13ae091363f bytes=228 template=corpus origin=tests/corpus/syntax/control-flow-and-operators.test.js
 PASS js-fuzzer-corpus-89e900fcb72f.js [5230/10000] status=ok obs=aab3238922bc coverage=+0/32/38 time=2ms
  RUN js-fuzzer-try-catch-ce914b0cd471.js [5231/10000] md5=ce914b0cd471f7c9ec83cbcd645ee9eb bytes=110 template=try-catch origin=seed:tests/corpus/syntax/logical-unary-nullish.test.js
 PASS js-fuzzer-try-catch-ce914b0cd471.js [5231/10000] status=ok obs=2838023a778d coverage=+0/32/38 time=2ms
  RUN js-fuzzer-class-587587295e00.js [5232/10000] md5=587587295e0075a0a19c4572e53274fe bytes=101 template=class origin=seed:tests/corpus/syntax/object-destructure-and-members.test.js
 PASS js-fuzzer-class-587587295e00.js [5232/10000] status=ok obs=1f0e3dad9990 coverage=+0/32/38 time=1ms
  RUN js-fuzzer-arithmetic-ab84bab0e1c0.js [5233/10000] md5=ab84bab0e1c0495e942fa1002cf66331 bytes=84 template=arithmetic origin=seed:tests/corpus/syntax/switch-do-while-sequence.test.js
 PASS js-fuzzer-arithmetic-ab84bab0e1c0.js [5233/10000] status=ok obs=fc490ca45c00 coverage=+0/32/38 time=2ms
  RUN js-fuzzer-function-ced1d0daab2e.js [5234/10000] md5=ced1d0daab2e23fdcfec672d899d9739 bytes=153 template=function origin=seed:tests/corpus/syntax/template-array-destructure.test.js
 PASS js-fuzzer-function-ced1d0daab2e.js [5234/10000] status=ok obs=8e296a067a37 coverage=+0/32/38 time=2ms
  RUN js-fuzzer-array-object-e9957e57b802.js [5235/10000] md5=e9957e57b8029b0ab7a42a4b96d6e7b6 bytes=133 template=array-object origin=seed:tests/corpus/syntax/typescript-assertions.test.ts
 PASS js-fuzzer-array-object-e9957e57b802.js [5235/10000] status=ok obs=e4da3b7fbbce coverage=+0/32/38 time=2ms
  RUN js-fuzzer-closure-fe3a0e2b7a07.js [5236/10000] md5=fe3a0e2b7a079135b85ba11458593d51 bytes=183 template=closure origin=seed:tests/corpus/syntax/typescript-non-null-satisfies.test.ts
 PASS js-fuzzer-closure-fe3a0e2b7a07.js [5236/10000] status=ok obs=182be0c5cdcd coverage=+0/32/38 time=2ms
  RUN js-fuzzer-boundary-83aee5cf07de.js [5237/10000] md5=83aee5cf07deb9d5ce59aec8aff7a227 bytes=128 template=boundary origin=boundary:9007199254740991
 PASS js-fuzzer-boundary-83aee5cf07de.js [5237/10000] status=ok obs=8bfa9ad090fb coverage=+0/32/38 time=2ms
  RUN js-fuzzer-loop-d35707ad0bf7.js [5238/10000] md5=d35707ad0bf74148f671ad8943998af6 bytes=81 template=loop origin=seed:tests/corpus/fixtures/state-machine-workflow.test.js
 PASS js-fuzzer-loop-d35707ad0bf7.js [5238/10000] status=ok obs=9bf31c7ff062 coverage=+0/32/38 time=2ms
  RUN js-fuzzer-corpus-f722388c7961.js [5239/10000] md5=f722388c7961d2a0288508c35f28a5f8 bytes=96 template=corpus origin=tests/corpus/fixtures/vue-script-workflow.test.vue
 PASS js-fuzzer-corpus-f722388c7961.js [5239/10000] status=ok obs=6512bd43d9ca coverage=+0/32/38 time=1ms
  RUN js-fuzzer-class-a35a4dd2f302.js [5240/10000] md5=a35a4dd2f302fda9a0e8d6e2c980c283 bytes=101 template=class origin=seed:tests/corpus/obfuscation/constant-tag-mix.test.js
 PASS js-fuzzer-class-a35a4dd2f302.js [5240/10000] status=ok obs=9bf31c7ff062 coverage=+0/32/38 time=2ms
  RUN js-fuzzer-arithmetic-cc0d83ed1bff.js [5241/10000] md5=cc0d83ed1bff40a13c8860b42372b559 bytes=84 template=arithmetic origin=seed:tests/corpus/obfuscation/extern-slot-permutation.test.js
 PASS js-fuzzer-arithmetic-cc0d83ed1bff.js [5241/10000] status=ok obs=2b24d495052a coverage=+0/32/38 time=1ms
  RUN js-fuzzer-function-f9a15ede1a13.js [5242/10000] md5=f9a15ede1a136ec60ae593fd7d4d8635 bytes=153 template=function origin=seed:tests/corpus/obfuscation/externs-console.test.js
 PASS js-fuzzer-function-f9a15ede1a13.js [5242/10000] status=ok obs=d3d9446802a4 coverage=+0/32/38 time=2ms
  RUN js-fuzzer-array-object-adda345e5134.js [5243/10000] md5=adda345e5134da29dc98d0342e989f63 bytes=133 template=array-object origin=seed:tests/corpus/obfuscation/seed-sensitive-functions.test.js
 PASS js-fuzzer-array-object-adda345e5134.js [5243/10000] status=ok obs=1f0e3dad9990 coverage=+0/32/38 time=2ms
  RUN js-fuzzer-boundary-86f8354fc6fd.js [5244/10000] md5=86f8354fc6fd092b05683bbf230dc769 bytes=122 template=boundary origin=boundary:2147483647
 PASS js-fuzzer-boundary-86f8354fc6fd.js [5244/10000] status=ok obs=c588c0a459f4 coverage=+0/32/38 time=1ms
  RUN js-fuzzer-block-scope-07f18117f78f.js [5245/10000] md5=07f18117f78f57cbdcf4267b9fd9100c bytes=114 template=block-scope origin=seed:tests/corpus/regressions/multiple-functions-fib-add.test.js
 PASS js-fuzzer-block-scope-07f18117f78f.js [5245/10000] status=ok obs=65b9eea6e1cc coverage=+0/32/38 time=2ms
  RUN js-fuzzer-loop-d35707ad0bf7.js [5246/10000] md5=d35707ad0bf74148f671ad8943998af6 bytes=81 template=loop origin=seed:tests/corpus/regressions/scope-compressed-closure-params.test.js
 PASS js-fuzzer-loop-d35707ad0bf7.js [5246/10000] status=ok obs=9bf31c7ff062 coverage=+0/32/38 time=2ms
  RUN js-fuzzer-try-catch-8a297d00e90e.js [5247/10000] md5=8a297d00e90eb93174a6d6eeae5be951 bytes=110 template=try-catch origin=seed:tests/corpus/runtime/arrays-objects-methods.test.js
 PASS js-fuzzer-try-catch-8a297d00e90e.js [5247/10000] status=ok obs=98f137082101 coverage=+0/32/38 time=1ms
  RUN js-fuzzer-corpus-8b78ba7912c5.js [5248/10000] md5=8b78ba7912c51f6cf304b65c6ebdb2e3 bytes=289 template=corpus origin=tests/corpus/runtime/block-scopes.test.js
 PASS js-fuzzer-corpus-8b78ba7912c5.js [5248/10000] status=ok obs=37693cfc7480 coverage=+0/32/38 time=2ms
  RUN js-fuzzer-arithmetic-d659e2dac195.js [5249/10000] md5=d659e2dac195c5aa12346a56b0523122 bytes=85 template=arithmetic origin=seed:tests/corpus/runtime/class-fields-static-methods.test.js
 PASS js-fuzzer-arithmetic-d659e2dac195.js [5249/10000] status=ok obs=7ef605fc8dba coverage=+0/32/38 time=2ms
  RUN js-fuzzer-function-c472354a037a.js [5250/10000] md5=c472354a037a48d197cd60b4e04af6e0 bytes=153 template=function origin=seed:tests/corpus/runtime/classes-and-objects.test.js
 PASS js-fuzzer-function-c472354a037a.js [5250/10000] status=ok obs=02e74f10e032 coverage=+0/32/38 time=2ms
  RUN js-fuzzer-boundary-221618e58a55.js [5251/10000] md5=221618e58a55537e4dc7530ef9f57aaf bytes=113 template=boundary origin=boundary:2
 PASS js-fuzzer-boundary-221618e58a55.js [5251/10000] status=ok obs=c81e728d9d4c coverage=+0/32/38 time=2ms
  RUN js-fuzzer-closure-ead8940d2d15.js [5252/10000] md5=ead8940d2d15dfa8fad428e46baaedd0 bytes=184 template=closure origin=seed:tests/corpus/runtime/closures-read-captured-values.test.js
 PASS js-fuzzer-closure-ead8940d2d15.js [5252/10000] status=ok obs=3416a75f4cea coverage=+0/32/38 time=1ms
  RUN js-fuzzer-block-scope-afb6dee4b2ec.js [5253/10000] md5=afb6dee4b2ec9225553c3bff3995f1a9 bytes=114 template=block-scope origin=seed:tests/corpus/runtime/exceptions-and-nullish.test.js
 PASS js-fuzzer-block-scope-afb6dee4b2ec.js [5253/10000] status=ok obs=a97da629b098 coverage=+0/32/38 time=2ms
  RUN js-fuzzer-loop-b88258462a8d.js [5254/10000] md5=b88258462a8d880f8b0e459fa23b2536 bytes=81 template=loop origin=seed:tests/corpus/runtime/functions-closures-and-arrows.test.js
 PASS js-fuzzer-loop-b88258462a8d.js [5254/10000] status=ok obs=3c59dc048e88 coverage=+0/32/38 time=2ms
  RUN js-fuzzer-try-catch-22e41d89137c.js [5255/10000] md5=22e41d89137ce4eac020880cbeff06ef bytes=110 template=try-catch origin=seed:tests/corpus/runtime/lexical-shadowing.test.js
 PASS js-fuzzer-try-catch-22e41d89137c.js [5255/10000] status=ok obs=d9d4f495e875 coverage=+0/32/38 time=1ms
  RUN js-fuzzer-class-d2b3669b495d.js [5256/10000] md5=d2b3669b495dd4792f9e1509f2bbf8a7 bytes=100 template=class origin=seed:tests/corpus/runtime/modules-export.test.js
 PASS js-fuzzer-class-d2b3669b495d.js [5256/10000] status=ok obs=eccbc87e4b5c coverage=+0/32/38 time=2ms
  RUN js-fuzzer-corpus-c557f8da2a9d.js [5257/10000] md5=c557f8da2a9d2904c70dca50c3eeb50e bytes=191 template=corpus origin=tests/corpus/runtime/nested-try-finally.test.js
 PASS js-fuzzer-corpus-c557f8da2a9d.js [5257/10000] status=ok obs=8f14e45fceea coverage=+0/32/38 time=1ms
  RUN js-fuzzer-boundary-3ca041277ff0.js [5258/10000] md5=3ca041277ff0c3edafc1a1dcaf120940 bytes=113 template=boundary origin=boundary:1
 PASS js-fuzzer-boundary-3ca041277ff0.js [5258/10000] status=ok obs=c4ca4238a0b9 coverage=+0/32/38 time=2ms
  RUN js-fuzzer-array-object-b1866a698d77.js [5259/10000] md5=b1866a698d775c0425256f8570cde0f2 bytes=133 template=array-object origin=seed:tests/corpus/syntax/logical-unary-nullish.test.js
 PASS js-fuzzer-array-object-b1866a698d77.js [5259/10000] status=ok obs=45c48cce2e2d coverage=+0/32/38 time=2ms
  RUN js-fuzzer-closure-e9a3fac80669.js [5260/10000] md5=e9a3fac806692bdcce252bb7309d9092 bytes=183 template=closure origin=seed:tests/corpus/syntax/object-destructure-and-members.test.js
 PASS js-fuzzer-closure-e9a3fac80669.js [5260/10000] status=ok obs=8f14e45fceea coverage=+0/32/38 time=1ms
  RUN js-fuzzer-block-scope-7fc664287876.js [5261/10000] md5=7fc6642878767985ab6325f8fdf02946 bytes=114 template=block-scope origin=seed:tests/corpus/syntax/switch-do-while-sequence.test.js
 PASS js-fuzzer-block-scope-7fc664287876.js [5261/10000] status=ok obs=a3c65c297427 coverage=+0/32/38 time=1ms
  RUN js-fuzzer-loop-54e460cecf5c.js [5262/10000] md5=54e460cecf5c05dfcffaa3b2e5f57445 bytes=81 template=loop origin=seed:tests/corpus/syntax/template-array-destructure.test.js
 PASS js-fuzzer-loop-54e460cecf5c.js [5262/10000] status=ok obs=d3d9446802a4 coverage=+0/32/38 time=2ms
  RUN js-fuzzer-try-catch-20dc98d64456.js [5263/10000] md5=20dc98d644569e4da77d458e1c7210ec bytes=110 template=try-catch origin=seed:tests/corpus/syntax/typescript-assertions.test.ts
 PASS js-fuzzer-try-catch-20dc98d64456.js [5263/10000] status=ok obs=c51ce410c124 coverage=+0/32/38 time=1ms
  RUN js-fuzzer-class-a365d1a76b7b.js [5264/10000] md5=a365d1a76b7b0d4310621afa7caac433 bytes=100 template=class origin=seed:tests/corpus/syntax/typescript-non-null-satisfies.test.ts
 PASS js-fuzzer-class-a365d1a76b7b.js [5264/10000] status=ok obs=8f14e45fceea coverage=+0/32/38 time=2ms
  RUN js-fuzzer-boundary-e62759fbe8d3.js [5265/10000] md5=e62759fbe8d36ad2cfb89a0f8bac18b9 bytes=129 template=boundary origin=boundary:-9007199254740991
 PASS js-fuzzer-boundary-e62759fbe8d3.js [5265/10000] status=ok obs=b3f3a95848f6 coverage=+0/32/38 time=1ms
  RUN js-fuzzer-corpus-ab8ca4f8757c.js [5266/10000] md5=ab8ca4f8757c6165b29cd6a662edad93 bytes=450 template=corpus origin=tests/corpus/fixtures/state-machine-workflow.test.js
 PASS js-fuzzer-corpus-ab8ca4f8757c.js [5266/10000] status=ok obs=b9f49c580664 coverage=+0/32/38 time=3ms
  RUN js-fuzzer-array-object-e1e92eb7cda4.js [5267/10000] md5=e1e92eb7cda4197169c443931bea4c14 bytes=133 template=array-object origin=seed:tests/corpus/fixtures/vue-script-workflow.test.vue
 PASS js-fuzzer-array-object-e1e92eb7cda4.js [5267/10000] status=ok obs=aab3238922bc coverage=+0/32/38 time=2ms
  RUN js-fuzzer-closure-223595a17309.js [5268/10000] md5=223595a17309d75b877da90d83d2f6e3 bytes=184 template=closure origin=seed:tests/corpus/obfuscation/constant-tag-mix.test.js
 PASS js-fuzzer-closure-223595a17309.js [5268/10000] status=ok obs=1c383cd30b7c coverage=+0/32/38 time=2ms
  RUN js-fuzzer-block-scope-d91a7021820e.js [5269/10000] md5=d91a7021820e6be8bb5d840fafff4dcb bytes=115 template=block-scope origin=seed:tests/corpus/obfuscation/extern-slot-permutation.test.js
 PASS js-fuzzer-block-scope-d91a7021820e.js [5269/10000] status=ok obs=5f93f983524d coverage=+0/32/38 time=1ms
  RUN js-fuzzer-loop-d35707ad0bf7.js [5270/10000] md5=d35707ad0bf74148f671ad8943998af6 bytes=81 template=loop origin=seed:tests/corpus/obfuscation/externs-console.test.js
 PASS js-fuzzer-loop-d35707ad0bf7.js [5270/10000] status=ok obs=9bf31c7ff062 coverage=+0/32/38 time=2ms
  RUN js-fuzzer-try-catch-47becaf372c3.js [5271/10000] md5=47becaf372c34523cd2fbacf2b53d016 bytes=110 template=try-catch origin=seed:tests/corpus/obfuscation/seed-sensitive-functions.test.js
 PASS js-fuzzer-try-catch-47becaf372c3.js [5271/10000] status=ok obs=02e74f10e032 coverage=+0/32/38 time=2ms
  RUN js-fuzzer-boundary-56f451fe2902.js [5272/10000] md5=56f451fe2902341a3a470031c46238b3 bytes=123 template=boundary origin=boundary:-2147483648
 PASS js-fuzzer-boundary-56f451fe2902.js [5272/10000] status=ok obs=034ff5946105 coverage=+0/32/38 time=2ms
  RUN js-fuzzer-arithmetic-d8a00accb507.js [5273/10000] md5=d8a00accb507ee5176f9db48078ba798 bytes=84 template=arithmetic origin=seed:tests/corpus/regressions/multiple-functions-fib-add.test.js
 PASS js-fuzzer-arithmetic-d8a00accb507.js [5273/10000] status=ok obs=93db85ed909c coverage=+0/32/38 time=1ms
  RUN js-fuzzer-function-e04598e59cc1.js [5274/10000] md5=e04598e59cc109c5f5c20638fe37a892 bytes=153 template=function origin=seed:tests/corpus/regressions/scope-compressed-closure-params.test.js
 PASS js-fuzzer-function-e04598e59cc1.js [5274/10000] status=ok obs=d3d9446802a4 coverage=+0/32/38 time=2ms
  RUN js-fuzzer-corpus-a07012429fce.js [5275/10000] md5=a07012429fce4b4d7c8af42f445f70b9 bytes=163 template=corpus origin=tests/corpus/runtime/arrays-objects-methods.test.js
 PASS js-fuzzer-corpus-a07012429fce.js [5275/10000] status=ok obs=c51ce410c124 coverage=+0/32/38 time=2ms
  RUN js-fuzzer-closure-cd9ae5d35b10.js [5276/10000] md5=cd9ae5d35b10855365d2e633c9b4a5c7 bytes=183 template=closure origin=seed:tests/corpus/runtime/block-scopes.test.js
 PASS js-fuzzer-closure-cd9ae5d35b10.js [5276/10000] status=ok obs=8e296a067a37 coverage=+0/32/38 time=3ms
  RUN js-fuzzer-block-scope-5929829bb015.js [5277/10000] md5=5929829bb0156e79a3a2d2cf8153931a bytes=114 template=block-scope origin=seed:tests/corpus/runtime/class-fields-static-methods.test.js
 PASS js-fuzzer-block-scope-5929829bb015.js [5277/10000] status=ok obs=f0935e4cd592 coverage=+0/32/38 time=2ms
  RUN js-fuzzer-loop-55c7c905bffb.js [5278/10000] md5=55c7c905bffb4bbbc4c8fb9b91df6ad8 bytes=81 template=loop origin=seed:tests/corpus/runtime/classes-and-objects.test.js
 PASS js-fuzzer-loop-55c7c905bffb.js [5278/10000] status=ok obs=eccbc87e4b5c coverage=+0/32/38 time=2ms
  RUN js-fuzzer-boundary-4ae25cb2e150.js [5279/10000] md5=4ae25cb2e15083bfca9f6b81b3f9f24b bytes=114 template=boundary origin=boundary:-2
 PASS js-fuzzer-boundary-4ae25cb2e150.js [5279/10000] status=ok obs=5d7b9adcbe1c coverage=+0/32/38 time=1ms
  RUN js-fuzzer-class-b1e3642c0208.js [5280/10000] md5=b1e3642c0208992266fb21668a536292 bytes=100 template=class origin=seed:tests/corpus/runtime/closures-read-captured-values.test.js
 PASS js-fuzzer-class-b1e3642c0208.js [5280/10000] status=ok obs=c9f0f895fb98 coverage=+0/32/38 time=2ms
  RUN js-fuzzer-arithmetic-6862d6158e1b.js [5281/10000] md5=6862d6158e1b377be9abefc4a9b8ccb0 bytes=85 template=arithmetic origin=seed:tests/corpus/runtime/exceptions-and-nullish.test.js
 PASS js-fuzzer-arithmetic-6862d6158e1b.js [5281/10000] status=ok obs=fc2213097460 coverage=+0/32/38 time=1ms
  RUN js-fuzzer-function-0b0d1f5ee746.js [5282/10000] md5=0b0d1f5ee746281ffbedfb7f7f4c45bc bytes=153 template=function origin=seed:tests/corpus/runtime/functions-closures-and-arrows.test.js
 PASS js-fuzzer-function-0b0d1f5ee746.js [5282/10000] status=ok obs=e4da3b7fbbce coverage=+0/32/38 time=2ms
  RUN js-fuzzer-array-object-779750dc7743.js [5283/10000] md5=779750dc77432a0446478921a785634e bytes=133 template=array-object origin=seed:tests/corpus/runtime/lexical-shadowing.test.js
 PASS js-fuzzer-array-object-779750dc7743.js [5283/10000] status=ok obs=8f14e45fceea coverage=+0/32/38 time=2ms
  RUN js-fuzzer-corpus-4131d841163b.js [5284/10000] md5=4131d841163b79e192bca9d4fc683c54 bytes=58 template=corpus origin=tests/corpus/runtime/modules-export.test.js
 PASS js-fuzzer-corpus-4131d841163b.js [5284/10000] status=ok obs=8f14e45fceea coverage=+0/32/38 time=3ms
  RUN js-fuzzer-block-scope-741e2fdef7a8.js [5285/10000] md5=741e2fdef7a88eb9a4bedb77b8a949ae bytes=114 template=block-scope origin=seed:tests/corpus/runtime/nested-try-finally.test.js
 PASS js-fuzzer-block-scope-741e2fdef7a8.js [5285/10000] status=ok obs=65b9eea6e1cc coverage=+0/32/38 time=2ms
  RUN js-fuzzer-boundary-1024adcac0e5.js [5286/10000] md5=1024adcac0e5cc9f99f478fa66dcc00c bytes=114 template=boundary origin=boundary:-1
 PASS js-fuzzer-boundary-1024adcac0e5.js [5286/10000] status=ok obs=6bb61e3b7bce coverage=+0/32/38 time=2ms
  RUN js-fuzzer-try-catch-b442aa263f12.js [5287/10000] md5=b442aa263f129fb627b483e77db700ad bytes=110 template=try-catch origin=seed:tests/corpus/syntax/logical-unary-nullish.test.js
 PASS js-fuzzer-try-catch-b442aa263f12.js [5287/10000] status=ok obs=c20ad4d76fe9 coverage=+0/32/38 time=1ms
  RUN js-fuzzer-class-47fbd3db5853.js [5288/10000] md5=47fbd3db58539fc2e42627a4f3168c79 bytes=101 template=class origin=seed:tests/corpus/syntax/object-destructure-and-members.test.js
 PASS js-fuzzer-class-47fbd3db5853.js [5288/10000] status=ok obs=98f137082101 coverage=+0/32/38 time=2ms
  RUN js-fuzzer-arithmetic-5967d960252e.js [5289/10000] md5=5967d960252e4e746a7900264ab57126 bytes=85 template=arithmetic origin=seed:tests/corpus/syntax/switch-do-while-sequence.test.js
 PASS js-fuzzer-arithmetic-5967d960252e.js [5289/10000] status=ok obs=758874998f5b coverage=+0/32/38 time=2ms
  RUN js-fuzzer-function-53ef3ed61b76.js [5290/10000] md5=53ef3ed61b76dc45be6c66e5b3206216 bytes=153 template=function origin=seed:tests/corpus/syntax/template-array-destructure.test.js
 PASS js-fuzzer-function-53ef3ed61b76.js [5290/10000] status=ok obs=70efdf2ec9b0 coverage=+0/32/38 time=2ms
  RUN js-fuzzer-array-object-9a255397dce6.js [5291/10000] md5=9a255397dce65295f541142f2213ec10 bytes=133 template=array-object origin=seed:tests/corpus/syntax/typescript-assertions.test.ts
 PASS js-fuzzer-array-object-9a255397dce6.js [5291/10000] status=ok obs=d3d9446802a4 coverage=+0/32/38 time=3ms
  RUN js-fuzzer-closure-2cc5094ed803.js [5292/10000] md5=2cc5094ed8038532adb80128bac76016 bytes=184 template=closure origin=seed:tests/corpus/syntax/typescript-non-null-satisfies.test.ts
 PASS js-fuzzer-closure-2cc5094ed803.js [5292/10000] status=ok obs=6c8349cc7260 coverage=+0/32/38 time=3ms
  RUN js-fuzzer-corpus-797f152bf878.js [5293/10000] md5=797f152bf878d5049066c6db6d2360b3 bytes=355 template=corpus origin=tests/corpus/fixtures/job-workflow.test.js
 PASS js-fuzzer-corpus-797f152bf878.js [5293/10000] status=ok obs=b9de0628c8ec coverage=+0/32/38 time=2ms
  RUN js-fuzzer-loop-bbf1d7a15d8d.js [5294/10000] md5=bbf1d7a15d8dd015402d75c0e0108b5f bytes=81 template=loop origin=seed:tests/corpus/fixtures/state-machine-workflow.test.js
 PASS js-fuzzer-loop-bbf1d7a15d8d.js [5294/10000] status=ok obs=1679091c5a88 coverage=+0/32/38 time=2ms
  RUN js-fuzzer-try-catch-f24fba189d45.js [5295/10000] md5=f24fba189d4541ce9d4809156ecb450c bytes=110 template=try-catch origin=seed:tests/corpus/fixtures/vue-script-workflow.test.vue
 PASS js-fuzzer-try-catch-f24fba189d45.js [5295/10000] status=ok obs=1ff1de774005 coverage=+0/32/38 time=1ms
  RUN js-fuzzer-class-a365d1a76b7b.js [5296/10000] md5=a365d1a76b7b0d4310621afa7caac433 bytes=100 template=class origin=seed:tests/corpus/obfuscation/constant-tag-mix.test.js
 PASS js-fuzzer-class-a365d1a76b7b.js [5296/10000] status=ok obs=8f14e45fceea coverage=+0/32/38 time=2ms
  RUN js-fuzzer-arithmetic-5077c4cc72c9.js [5297/10000] md5=5077c4cc72c9c31614966767caadebba bytes=84 template=arithmetic origin=seed:tests/corpus/obfuscation/extern-slot-permutation.test.js
 PASS js-fuzzer-arithmetic-5077c4cc72c9.js [5297/10000] status=ok obs=8613985ec49e coverage=+0/32/38 time=1ms
  RUN js-fuzzer-function-f9a15ede1a13.js [5298/10000] md5=f9a15ede1a136ec60ae593fd7d4d8635 bytes=153 template=function origin=seed:tests/corpus/obfuscation/externs-console.test.js
 PASS js-fuzzer-function-f9a15ede1a13.js [5298/10000] status=ok obs=d3d9446802a4 coverage=+0/32/38 time=2ms
  RUN js-fuzzer-array-object-f0e1bd3a5358.js [5299/10000] md5=f0e1bd3a5358851105a70d2b684927fd bytes=133 template=array-object origin=seed:tests/corpus/obfuscation/seed-sensitive-functions.test.js
 PASS js-fuzzer-array-object-f0e1bd3a5358.js [5299/10000] status=ok obs=aab3238922bc coverage=+0/32/38 time=2ms
  RUN js-fuzzer-boundary-83aee5cf07de.js [5300/10000] md5=83aee5cf07deb9d5ce59aec8aff7a227 bytes=128 template=boundary origin=boundary:9007199254740991
 PASS js-fuzzer-boundary-83aee5cf07de.js [5300/10000] status=ok obs=8bfa9ad090fb coverage=+0/32/38 time=3ms
  RUN js-fuzzer-block-scope-f877ae029493.js [5301/10000] md5=f877ae0294938a62cf201f72c0ac662a bytes=114 template=block-scope origin=seed:tests/corpus/regressions/multiple-functions-fib-add.test.js
 PASS js-fuzzer-block-scope-f877ae029493.js [5301/10000] status=ok obs=38b3eff8baf5 coverage=+0/32/38 time=1ms
  RUN js-fuzzer-corpus-c28cfb056309.js [5302/10000] md5=c28cfb056309f2a77f8bd9756b123c54 bytes=147 template=corpus origin=tests/corpus/regressions/scope-compressed-closure-params.test.js
 PASS js-fuzzer-corpus-c28cfb056309.js [5302/10000] status=ok obs=c51ce410c124 coverage=+0/32/38 time=2ms
  RUN js-fuzzer-try-catch-c5263a4b0fbd.js [5303/10000] md5=c5263a4b0fbd119742a040447111f34b bytes=109 template=try-catch origin=seed:tests/corpus/runtime/arrays-objects-methods.test.js
 PASS js-fuzzer-try-catch-c5263a4b0fbd.js [5303/10000] status=ok obs=8f14e45fceea coverage=+0/32/38 time=2ms
  RUN js-fuzzer-class-51ea152a707e.js [5304/10000] md5=51ea152a707ed5422ab3e5b3ddb7fe43 bytes=100 template=class origin=seed:tests/corpus/runtime/block-scopes.test.js
 PASS js-fuzzer-class-51ea152a707e.js [5304/10000] status=ok obs=e4da3b7fbbce coverage=+0/32/38 time=1ms
  RUN js-fuzzer-arithmetic-144cb9bdc18a.js [5305/10000] md5=144cb9bdc18a7a45e999381cd7f3624f bytes=85 template=arithmetic origin=seed:tests/corpus/runtime/class-fields-static-methods.test.js
 PASS js-fuzzer-arithmetic-144cb9bdc18a.js [5305/10000] status=ok obs=63dc7ed1010d coverage=+0/32/38 time=2ms
  RUN js-fuzzer-function-c6a41e639682.js [5306/10000] md5=c6a41e6396823bcfa91e05b3a10b01c0 bytes=153 template=function origin=seed:tests/corpus/runtime/classes-and-objects.test.js
 PASS js-fuzzer-function-c6a41e639682.js [5306/10000] status=ok obs=1f0e3dad9990 coverage=+0/32/38 time=2ms
  RUN js-fuzzer-boundary-4b188851088a.js [5307/10000] md5=4b188851088a18b5b5e1424320aec545 bytes=122 template=boundary origin=boundary:2147483647
 PASS js-fuzzer-boundary-4b188851088a.js [5307/10000] status=ok obs=c588c0a459f4 coverage=+0/32/38 time=1ms
  RUN js-fuzzer-closure-81fc84ae85f0.js [5308/10000] md5=81fc84ae85f09d04b8c853013a55ae6a bytes=183 template=closure origin=seed:tests/corpus/runtime/closures-read-captured-values.test.js
 PASS js-fuzzer-closure-81fc84ae85f0.js [5308/10000] status=ok obs=02e74f10e032 coverage=+0/32/38 time=2ms
  RUN js-fuzzer-block-scope-afb6dee4b2ec.js [5309/10000] md5=afb6dee4b2ec9225553c3bff3995f1a9 bytes=114 template=block-scope origin=seed:tests/corpus/runtime/exceptions-and-nullish.test.js
 PASS js-fuzzer-block-scope-afb6dee4b2ec.js [5309/10000] status=ok obs=a97da629b098 coverage=+0/32/38 time=1ms
  RUN js-fuzzer-loop-b88258462a8d.js [5310/10000] md5=b88258462a8d880f8b0e459fa23b2536 bytes=81 template=loop origin=seed:tests/corpus/runtime/functions-closures-and-arrows.test.js
 PASS js-fuzzer-loop-b88258462a8d.js [5310/10000] status=ok obs=3c59dc048e88 coverage=+0/32/38 time=2ms
  RUN js-fuzzer-corpus-463d4dee8a1f.js [5311/10000] md5=463d4dee8a1f930fa8af57a704cacf3e bytes=232 template=corpus origin=tests/corpus/runtime/lexical-shadowing.test.js
 PASS js-fuzzer-corpus-463d4dee8a1f.js [5311/10000] status=ok obs=c51ce410c124 coverage=+0/32/38 time=2ms
  RUN js-fuzzer-class-b901915e3eda.js [5312/10000] md5=b901915e3eda1a96f77dcec9fff681b5 bytes=100 template=class origin=seed:tests/corpus/runtime/modules-export.test.js
 PASS js-fuzzer-class-b901915e3eda.js [5312/10000] status=ok obs=c81e728d9d4c coverage=+0/32/38 time=2ms
  RUN js-fuzzer-arithmetic-44b3ec492ed1.js [5313/10000] md5=44b3ec492ed1a04c55361eb6f3989987 bytes=84 template=arithmetic origin=seed:tests/corpus/runtime/nested-try-finally.test.js
 PASS js-fuzzer-arithmetic-44b3ec492ed1.js [5313/10000] status=ok obs=5878a7ab84fb coverage=+0/32/38 time=1ms
  RUN js-fuzzer-boundary-221618e58a55.js [5314/10000] md5=221618e58a55537e4dc7530ef9f57aaf bytes=113 template=boundary origin=boundary:2
 PASS js-fuzzer-boundary-221618e58a55.js [5314/10000] status=ok obs=c81e728d9d4c coverage=+0/32/38 time=2ms
  RUN js-fuzzer-array-object-435833ec4f4b.js [5315/10000] md5=435833ec4f4bfd4b1b1c879adb4279c6 bytes=133 template=array-object origin=seed:tests/corpus/syntax/logical-unary-nullish.test.js
 PASS js-fuzzer-array-object-435833ec4f4b.js [5315/10000] status=ok obs=c9f0f895fb98 coverage=+0/32/38 time=1ms
  RUN js-fuzzer-closure-6b71bb10a1d1.js [5316/10000] md5=6b71bb10a1d1fd843503ef1619e80b71 bytes=183 template=closure origin=seed:tests/corpus/syntax/object-destructure-and-members.test.js
 PASS js-fuzzer-closure-6b71bb10a1d1.js [5316/10000] status=ok obs=1f0e3dad9990 coverage=+0/32/38 time=2ms
  RUN js-fuzzer-block-scope-912afc323051.js [5317/10000] md5=912afc323051f534059d08f91a5db94b bytes=114 template=block-scope origin=seed:tests/corpus/syntax/switch-do-while-sequence.test.js
 PASS js-fuzzer-block-scope-912afc323051.js [5317/10000] status=ok obs=6974ce5ac660 coverage=+0/32/38 time=2ms
  RUN js-fuzzer-loop-b88258462a8d.js [5318/10000] md5=b88258462a8d880f8b0e459fa23b2536 bytes=81 template=loop origin=seed:tests/corpus/syntax/template-array-destructure.test.js
 PASS js-fuzzer-loop-b88258462a8d.js [5318/10000] status=ok obs=3c59dc048e88 coverage=+0/32/38 time=1ms
  RUN js-fuzzer-try-catch-081c74da6bdb.js [5319/10000] md5=081c74da6bdbcec08ff71798dacff9f1 bytes=110 template=try-catch origin=seed:tests/corpus/syntax/typescript-assertions.test.ts
 PASS js-fuzzer-try-catch-081c74da6bdb.js [5319/10000] status=ok obs=6c8349cc7260 coverage=+0/32/38 time=2ms
  RUN js-fuzzer-corpus-e3eeaea0f8a2.js [5320/10000] md5=e3eeaea0f8a2c5d5b650d4007cf78b4a bytes=104 template=corpus origin=tests/corpus/syntax/typescript-non-null-satisfies.test.ts
 PASS js-fuzzer-corpus-e3eeaea0f8a2.js [5320/10000] status=ok obs=d3d9446802a4 coverage=+0/32/38 time=1ms
  RUN js-fuzzer-boundary-3ca041277ff0.js [5321/10000] md5=3ca041277ff0c3edafc1a1dcaf120940 bytes=113 template=boundary origin=boundary:1
 PASS js-fuzzer-boundary-3ca041277ff0.js [5321/10000] status=ok obs=c4ca4238a0b9 coverage=+0/32/38 time=2ms
  RUN js-fuzzer-function-06471e1fced1.js [5322/10000] md5=06471e1fced163f025e3f67e77c6ce04 bytes=153 template=function origin=seed:tests/corpus/fixtures/state-machine-workflow.test.js
 PASS js-fuzzer-function-06471e1fced1.js [5322/10000] status=ok obs=45c48cce2e2d coverage=+0/32/38 time=2ms
  RUN js-fuzzer-array-object-efbccfc1261a.js [5323/10000] md5=efbccfc1261a2f4997de776710b0c844 bytes=133 template=array-object origin=seed:tests/corpus/fixtures/vue-script-workflow.test.vue
 PASS js-fuzzer-array-object-efbccfc1261a.js [5323/10000] status=ok obs=6512bd43d9ca coverage=+0/32/38 time=2ms
  RUN js-fuzzer-closure-a3645b5f49ad.js [5324/10000] md5=a3645b5f49ad972965dafd4c0f3cd013 bytes=184 template=closure origin=seed:tests/corpus/obfuscation/constant-tag-mix.test.js
 PASS js-fuzzer-closure-a3645b5f49ad.js [5324/10000] status=ok obs=a5bfc9e07964 coverage=+0/32/38 time=2ms
  RUN js-fuzzer-block-scope-c6c6dc9d4752.js [5325/10000] md5=c6c6dc9d47525217323991cffcd77b98 bytes=114 template=block-scope origin=seed:tests/corpus/obfuscation/extern-slot-permutation.test.js
 PASS js-fuzzer-block-scope-c6c6dc9d4752.js [5325/10000] status=ok obs=c9e1074f5b3f coverage=+0/32/38 time=1ms
  RUN js-fuzzer-loop-54e460cecf5c.js [5326/10000] md5=54e460cecf5c05dfcffaa3b2e5f57445 bytes=81 template=loop origin=seed:tests/corpus/obfuscation/externs-console.test.js
 PASS js-fuzzer-loop-54e460cecf5c.js [5326/10000] status=ok obs=d3d9446802a4 coverage=+0/32/38 time=2ms
  RUN js-fuzzer-try-catch-e92e59cfe8b3.js [5327/10000] md5=e92e59cfe8b3da295d2f9e96a4effe15 bytes=109 template=try-catch origin=seed:tests/corpus/obfuscation/seed-sensitive-functions.test.js
 PASS js-fuzzer-try-catch-e92e59cfe8b3.js [5327/10000] status=ok obs=eccbc87e4b5c coverage=+0/32/38 time=1ms
  RUN js-fuzzer-boundary-235131a2d0d1.js [5328/10000] md5=235131a2d0d184afe9327ca3bd456dde bytes=129 template=boundary origin=boundary:-9007199254740991
 PASS js-fuzzer-boundary-235131a2d0d1.js [5328/10000] status=ok obs=b3f3a95848f6 coverage=+0/32/38 time=2ms
  RUN js-fuzzer-corpus-ad9ed8746461.js [5329/10000] md5=ad9ed87464611c6dd81b04b3754c760c bytes=214 template=corpus origin=tests/corpus/regressions/multiple-functions-fib-add.test.js
 PASS js-fuzzer-corpus-ad9ed8746461.js [5329/10000] status=ok obs=3c59dc048e88 coverage=+0/32/38 time=2ms
  RUN js-fuzzer-function-9a24649f1cae.js [5330/10000] md5=9a24649f1caec2a9716934902cbac103 bytes=153 template=function origin=seed:tests/corpus/regressions/scope-compressed-closure-params.test.js
 PASS js-fuzzer-function-9a24649f1cae.js [5330/10000] status=ok obs=9bf31c7ff062 coverage=+0/32/38 time=2ms
  RUN js-fuzzer-array-object-86aabe2bcb77.js [5331/10000] md5=86aabe2bcb77b551e8614f63848d38f6 bytes=133 template=array-object origin=seed:tests/corpus/runtime/arrays-objects-methods.test.js
 PASS js-fuzzer-array-object-86aabe2bcb77.js [5331/10000] status=ok obs=c9f0f895fb98 coverage=+0/32/38 time=2ms
  RUN js-fuzzer-closure-fd1eab5337ad.js [5332/10000] md5=fd1eab5337ad16fd194395712bc39c6f bytes=184 template=closure origin=seed:tests/corpus/runtime/block-scopes.test.js
 PASS js-fuzzer-closure-fd1eab5337ad.js [5332/10000] status=ok obs=f457c545a9de coverage=+0/32/38 time=2ms
  RUN js-fuzzer-block-scope-c359e2a72db2.js [5333/10000] md5=c359e2a72db2be0cf03b8eeda102b704 bytes=114 template=block-scope origin=seed:tests/corpus/runtime/class-fields-static-methods.test.js
 PASS js-fuzzer-block-scope-c359e2a72db2.js [5333/10000] status=ok obs=c9e1074f5b3f coverage=+0/32/38 time=1ms
  RUN js-fuzzer-loop-bbf1d7a15d8d.js [5334/10000] md5=bbf1d7a15d8dd015402d75c0e0108b5f bytes=81 template=loop origin=seed:tests/corpus/runtime/classes-and-objects.test.js
 PASS js-fuzzer-loop-bbf1d7a15d8d.js [5334/10000] status=ok obs=1679091c5a88 coverage=+0/32/38 time=2ms
  RUN js-fuzzer-boundary-512d8e9b531d.js [5335/10000] md5=512d8e9b531dd316e823325cc949e70e bytes=123 template=boundary origin=boundary:-2147483648
 PASS js-fuzzer-boundary-512d8e9b531d.js [5335/10000] status=ok obs=034ff5946105 coverage=+0/32/38 time=2ms
  RUN js-fuzzer-class-587587295e00.js [5336/10000] md5=587587295e0075a0a19c4572e53274fe bytes=101 template=class origin=seed:tests/corpus/runtime/closures-read-captured-values.test.js
 PASS js-fuzzer-class-587587295e00.js [5336/10000] status=ok obs=1f0e3dad9990 coverage=+0/32/38 time=1ms
  RUN js-fuzzer-arithmetic-565292debce6.js [5337/10000] md5=565292debce69b31657aa099c8588a83 bytes=84 template=arithmetic origin=seed:tests/corpus/runtime/exceptions-and-nullish.test.js
 PASS js-fuzzer-arithmetic-565292debce6.js [5337/10000] status=ok obs=3416a75f4cea coverage=+0/32/38 time=2ms
  RUN js-fuzzer-corpus-72746d071c58.js [5338/10000] md5=72746d071c58fadd9399bc8934c30553 bytes=197 template=corpus origin=tests/corpus/runtime/functions-closures-and-arrows.test.js
 PASS js-fuzzer-corpus-72746d071c58.js [5338/10000] status=ok obs=c74d97b01eae coverage=+0/32/38 time=1ms
  RUN js-fuzzer-array-object-a13dedc82ef6.js [5339/10000] md5=a13dedc82ef6eca556dad87a4380c85c bytes=133 template=array-object origin=seed:tests/corpus/runtime/lexical-shadowing.test.js
 PASS js-fuzzer-array-object-a13dedc82ef6.js [5339/10000] status=ok obs=aab3238922bc coverage=+0/32/38 time=2ms
  RUN js-fuzzer-closure-7e46f429b89a.js [5340/10000] md5=7e46f429b89a1350bef05534c0c2219a bytes=183 template=closure origin=seed:tests/corpus/runtime/modules-export.test.js
 PASS js-fuzzer-closure-7e46f429b89a.js [5340/10000] status=ok obs=02e74f10e032 coverage=+0/32/38 time=2ms
  RUN js-fuzzer-block-scope-fe862d331d9c.js [5341/10000] md5=fe862d331d9cb6fbf11c9dc294796f54 bytes=114 template=block-scope origin=seed:tests/corpus/runtime/nested-try-finally.test.js
 PASS js-fuzzer-block-scope-fe862d331d9c.js [5341/10000] status=ok obs=6974ce5ac660 coverage=+0/32/38 time=1ms
  RUN js-fuzzer-boundary-6d89c3a838ae.js [5342/10000] md5=6d89c3a838ae354bda64ec37ec2b63b1 bytes=114 template=boundary origin=boundary:-2
 PASS js-fuzzer-boundary-6d89c3a838ae.js [5342/10000] status=ok obs=5d7b9adcbe1c coverage=+0/32/38 time=2ms
  RUN js-fuzzer-try-catch-949865ef2d04.js [5343/10000] md5=949865ef2d045cce3ed2d503f7e03e63 bytes=110 template=try-catch origin=seed:tests/corpus/syntax/logical-unary-nullish.test.js
 PASS js-fuzzer-try-catch-949865ef2d04.js [5343/10000] status=ok obs=6f4922f45568 coverage=+0/32/38 time=2ms
  RUN js-fuzzer-class-c6bbe0a63455.js [5344/10000] md5=c6bbe0a634559d18fa82cf0c9a421610 bytes=100 template=class origin=seed:tests/corpus/syntax/object-destructure-and-members.test.js
 PASS js-fuzzer-class-c6bbe0a63455.js [5344/10000] status=ok obs=1679091c5a88 coverage=+0/32/38 time=1ms
  RUN js-fuzzer-arithmetic-9801e1e7d35d.js [5345/10000] md5=9801e1e7d35d4d86b58cfcdf7a06fc17 bytes=85 template=arithmetic origin=seed:tests/corpus/syntax/switch-do-while-sequence.test.js
 PASS js-fuzzer-arithmetic-9801e1e7d35d.js [5345/10000] status=ok obs=1ff8a7b5dc7a coverage=+0/32/38 time=2ms
  RUN js-fuzzer-function-3dca9339a683.js [5346/10000] md5=3dca9339a6831946d3c5250be8e34eee bytes=153 template=function origin=seed:tests/corpus/syntax/template-array-destructure.test.js
 PASS js-fuzzer-function-3dca9339a683.js [5346/10000] status=ok obs=e4da3b7fbbce coverage=+0/32/38 time=1ms
  RUN js-fuzzer-corpus-57a83a4b020d.js [5347/10000] md5=57a83a4b020d4b85b42b0a3709f283ad bytes=130 template=corpus origin=tests/corpus/syntax/typescript-assertions.test.ts
 PASS js-fuzzer-corpus-57a83a4b020d.js [5347/10000] status=ok obs=45c48cce2e2d coverage=+0/32/38 time=2ms
  RUN js-fuzzer-closure-b970a7be0312.js [5348/10000] md5=b970a7be031244400f531cb4b970ecc8 bytes=184 template=closure origin=seed:tests/corpus/syntax/typescript-non-null-satisfies.test.ts
 PASS js-fuzzer-closure-b970a7be0312.js [5348/10000] status=ok obs=02e74f10e032 coverage=+0/32/38 time=2ms
  RUN js-fuzzer-boundary-61a9a82f5f08.js [5349/10000] md5=61a9a82f5f08bc177f13c805ba785d7d bytes=114 template=boundary origin=boundary:-1
 PASS js-fuzzer-boundary-61a9a82f5f08.js [5349/10000] status=ok obs=6bb61e3b7bce coverage=+0/32/38 time=1ms
  RUN js-fuzzer-loop-54e460cecf5c.js [5350/10000] md5=54e460cecf5c05dfcffaa3b2e5f57445 bytes=81 template=loop origin=seed:tests/corpus/fixtures/state-machine-workflow.test.js
 PASS js-fuzzer-loop-54e460cecf5c.js [5350/10000] status=ok obs=d3d9446802a4 coverage=+0/32/38 time=2ms
  RUN js-fuzzer-try-catch-22e41d89137c.js [5351/10000] md5=22e41d89137ce4eac020880cbeff06ef bytes=110 template=try-catch origin=seed:tests/corpus/fixtures/vue-script-workflow.test.vue
 PASS js-fuzzer-try-catch-22e41d89137c.js [5351/10000] status=ok obs=d9d4f495e875 coverage=+0/32/38 time=1ms
  RUN js-fuzzer-class-a35a4dd2f302.js [5352/10000] md5=a35a4dd2f302fda9a0e8d6e2c980c283 bytes=101 template=class origin=seed:tests/corpus/obfuscation/constant-tag-mix.test.js
 PASS js-fuzzer-class-a35a4dd2f302.js [5352/10000] status=ok obs=9bf31c7ff062 coverage=+0/32/38 time=2ms
  RUN js-fuzzer-arithmetic-f2cce1793fab.js [5353/10000] md5=f2cce1793fabd5ed06915221adb4d9f2 bytes=83 template=arithmetic origin=seed:tests/corpus/obfuscation/extern-slot-permutation.test.js
 PASS js-fuzzer-arithmetic-f2cce1793fab.js [5353/10000] status=ok obs=33e75ff09dd6 coverage=+0/32/38 time=2ms
  RUN js-fuzzer-function-59a47c73ec30.js [5354/10000] md5=59a47c73ec3039d5b72e8af0d1e410de bytes=153 template=function origin=seed:tests/corpus/obfuscation/externs-console.test.js
 PASS js-fuzzer-function-59a47c73ec30.js [5354/10000] status=ok obs=8f14e45fceea coverage=+0/32/38 time=1ms
  RUN js-fuzzer-array-object-a42ed4c1797b.js [5355/10000] md5=a42ed4c1797b01b5e7f148e16fe92889 bytes=133 template=array-object origin=seed:tests/corpus/obfuscation/seed-sensitive-functions.test.js
 PASS js-fuzzer-array-object-a42ed4c1797b.js [5355/10000] status=ok obs=70efdf2ec9b0 coverage=+0/32/38 time=2ms
  RUN js-fuzzer-corpus-79643e915862.js [5356/10000] md5=79643e91586251700d34c0c65a0220da bytes=89 template=corpus origin=tests/corpus/regressions/destructuring-lowers-to-member.test.js
 PASS js-fuzzer-corpus-79643e915862.js [5356/10000] status=ok obs=eccbc87e4b5c coverage=+0/32/38 time=2ms
  RUN js-fuzzer-block-scope-fcd01903f38a.js [5357/10000] md5=fcd01903f38aa111dee5ffd68bea2f1a bytes=114 template=block-scope origin=seed:tests/corpus/regressions/multiple-functions-fib-add.test.js
 PASS js-fuzzer-block-scope-fcd01903f38a.js [5357/10000] status=ok obs=f0935e4cd592 coverage=+0/32/38 time=1ms
  RUN js-fuzzer-loop-54e460cecf5c.js [5358/10000] md5=54e460cecf5c05dfcffaa3b2e5f57445 bytes=81 template=loop origin=seed:tests/corpus/regressions/scope-compressed-closure-params.test.js
 PASS js-fuzzer-loop-54e460cecf5c.js [5358/10000] status=ok obs=d3d9446802a4 coverage=+0/32/38 time=2ms
  RUN js-fuzzer-try-catch-42a4cfadce42.js [5359/10000] md5=42a4cfadce4239139aa1e7114c2e99a2 bytes=110 template=try-catch origin=seed:tests/corpus/runtime/arrays-objects-methods.test.js
 PASS js-fuzzer-try-catch-42a4cfadce42.js [5359/10000] status=ok obs=19ca14e7ea63 coverage=+0/32/38 time=1ms
  RUN js-fuzzer-class-d8979b510eb0.js [5360/10000] md5=d8979b510eb085c9e0e846586f80f265 bytes=101 template=class origin=seed:tests/corpus/runtime/block-scopes.test.js
 PASS js-fuzzer-class-d8979b510eb0.js [5360/10000] status=ok obs=c74d97b01eae coverage=+0/32/38 time=2ms
  RUN js-fuzzer-arithmetic-60f657b52810.js [5361/10000] md5=60f657b52810668d94247cc9ae192317 bytes=83 template=arithmetic origin=seed:tests/corpus/runtime/class-fields-static-methods.test.js
 PASS js-fuzzer-arithmetic-60f657b52810.js [5361/10000] status=ok obs=76dc611d6eba coverage=+0/32/38 time=2ms
  RUN js-fuzzer-function-cb7d7d91d83d.js [5362/10000] md5=cb7d7d91d83d165500656240f14cd1fc bytes=153 template=function origin=seed:tests/corpus/runtime/classes-and-objects.test.js
 PASS js-fuzzer-function-cb7d7d91d83d.js [5362/10000] status=ok obs=8f14e45fceea coverage=+0/32/38 time=1ms
  RUN js-fuzzer-boundary-83aee5cf07de.js [5363/10000] md5=83aee5cf07deb9d5ce59aec8aff7a227 bytes=128 template=boundary origin=boundary:9007199254740991
 PASS js-fuzzer-boundary-83aee5cf07de.js [5363/10000] status=ok obs=8bfa9ad090fb coverage=+0/32/38 time=2ms
  RUN js-fuzzer-closure-947902ec8516.js [5364/10000] md5=947902ec85168edf47f32eee87e3c019 bytes=184 template=closure origin=seed:tests/corpus/runtime/closures-read-captured-values.test.js
 PASS js-fuzzer-closure-947902ec8516.js [5364/10000] status=ok obs=02e74f10e032 coverage=+0/32/38 time=2ms
  RUN js-fuzzer-corpus-cf8fb96e8476.js [5365/10000] md5=cf8fb96e8476c262b73583c86dd80821 bytes=178 template=corpus origin=tests/corpus/runtime/exceptions-and-nullish.test.js
 PASS js-fuzzer-corpus-cf8fb96e8476.js [5365/10000] status=ok obs=24ed5e8718fc coverage=+0/32/38 time=1ms
  RUN js-fuzzer-loop-d35707ad0bf7.js [5366/10000] md5=d35707ad0bf74148f671ad8943998af6 bytes=81 template=loop origin=seed:tests/corpus/runtime/functions-closures-and-arrows.test.js
 PASS js-fuzzer-loop-d35707ad0bf7.js [5366/10000] status=ok obs=9bf31c7ff062 coverage=+0/32/38 time=2ms
  RUN js-fuzzer-try-catch-8d9c7d254dda.js [5367/10000] md5=8d9c7d254ddaafdc283e844d5d9a6231 bytes=109 template=try-catch origin=seed:tests/corpus/runtime/lexical-shadowing.test.js
 PASS js-fuzzer-try-catch-8d9c7d254dda.js [5367/10000] status=ok obs=a87ff679a2f3 coverage=+0/32/38 time=1ms
  RUN js-fuzzer-class-5baf4bed5db4.js [5368/10000] md5=5baf4bed5db4f8205173226efc8fff73 bytes=101 template=class origin=seed:tests/corpus/runtime/modules-export.test.js
 PASS js-fuzzer-class-5baf4bed5db4.js [5368/10000] status=ok obs=6f4922f45568 coverage=+0/32/38 time=2ms
  RUN js-fuzzer-arithmetic-fc7f0292fa1e.js [5369/10000] md5=fc7f0292fa1e7a3185833a2c88e32540 bytes=85 template=arithmetic origin=seed:tests/corpus/runtime/nested-try-finally.test.js
 PASS js-fuzzer-arithmetic-fc7f0292fa1e.js [5369/10000] status=ok obs=3ef815416f77 coverage=+0/32/38 time=1ms
  RUN js-fuzzer-boundary-ac080ee0add8.js [5370/10000] md5=ac080ee0add8a3967f40d078a13e076b bytes=122 template=boundary origin=boundary:2147483647
 PASS js-fuzzer-boundary-ac080ee0add8.js [5370/10000] status=ok obs=c588c0a459f4 coverage=+0/32/38 time=2ms
  RUN js-fuzzer-array-object-38c897dee834.js [5371/10000] md5=38c897dee8340c946388aa6019592de2 bytes=133 template=array-object origin=seed:tests/corpus/syntax/logical-unary-nullish.test.js
 PASS js-fuzzer-array-object-38c897dee834.js [5371/10000] status=ok obs=c74d97b01eae coverage=+0/32/38 time=2ms
  RUN js-fuzzer-closure-a39ab81e00ee.js [5372/10000] md5=a39ab81e00ee8856888b039a670185dc bytes=184 template=closure origin=seed:tests/corpus/syntax/object-destructure-and-members.test.js
 PASS js-fuzzer-closure-a39ab81e00ee.js [5372/10000] status=ok obs=02e74f10e032 coverage=+0/32/38 time=2ms
  RUN js-fuzzer-block-scope-9d4d69844277.js [5373/10000] md5=9d4d69844277eda0e679045a91f2bcf9 bytes=114 template=block-scope origin=seed:tests/corpus/syntax/switch-do-while-sequence.test.js
 PASS js-fuzzer-block-scope-9d4d69844277.js [5373/10000] status=ok obs=38b3eff8baf5 coverage=+0/32/38 time=1ms
  RUN js-fuzzer-corpus-ff388659a641.js [5374/10000] md5=ff388659a6419d1e6e01ce4e7151a52e bytes=135 template=corpus origin=tests/corpus/syntax/template-array-destructure.test.js
 PASS js-fuzzer-corpus-ff388659a641.js [5374/10000] status=ok obs=f61c9a8be43c coverage=+0/32/38 time=2ms
  RUN js-fuzzer-try-catch-c1605790c914.js [5375/10000] md5=c1605790c914ae1743dc7ccc9c3b6fda bytes=110 template=try-catch origin=seed:tests/corpus/syntax/typescript-assertions.test.ts
 PASS js-fuzzer-try-catch-c1605790c914.js [5375/10000] status=ok obs=1c383cd30b7c coverage=+0/32/38 time=1ms
  RUN js-fuzzer-class-a9875f561daf.js [5376/10000] md5=a9875f561daf181d949c68fc070db0e0 bytes=101 template=class origin=seed:tests/corpus/syntax/typescript-non-null-satisfies.test.ts
 PASS js-fuzzer-class-a9875f561daf.js [5376/10000] status=ok obs=aab3238922bc coverage=+0/32/38 time=2ms
  RUN js-fuzzer-boundary-85faf3787c26.js [5377/10000] md5=85faf3787c26ca3bad9215a544873988 bytes=113 template=boundary origin=boundary:2
 PASS js-fuzzer-boundary-85faf3787c26.js [5377/10000] status=ok obs=c81e728d9d4c coverage=+0/32/38 time=2ms
  RUN js-fuzzer-function-be199ff518ed.js [5378/10000] md5=be199ff518edad2305aebc8ea703ea8f bytes=153 template=function origin=seed:tests/corpus/fixtures/state-machine-workflow.test.js
 PASS js-fuzzer-function-be199ff518ed.js [5378/10000] status=ok obs=a87ff679a2f3 coverage=+0/32/38 time=1ms
  RUN js-fuzzer-array-object-1a2dad2f5047.js [5379/10000] md5=1a2dad2f50476a55622f6546b2bcce90 bytes=133 template=array-object origin=seed:tests/corpus/fixtures/vue-script-workflow.test.vue
 PASS js-fuzzer-array-object-1a2dad2f5047.js [5379/10000] status=ok obs=d3d9446802a4 coverage=+0/32/38 time=2ms
  RUN js-fuzzer-closure-6ce98a52a82d.js [5380/10000] md5=6ce98a52a82d09b63aa5c19e49f92fda bytes=184 template=closure origin=seed:tests/corpus/obfuscation/constant-tag-mix.test.js
 PASS js-fuzzer-closure-6ce98a52a82d.js [5380/10000] status=ok obs=6c8349cc7260 coverage=+0/32/38 time=2ms
  RUN js-fuzzer-block-scope-ebaed504d2d1.js [5381/10000] md5=ebaed504d2d153868eb7bafedbfafd61 bytes=114 template=block-scope origin=seed:tests/corpus/obfuscation/extern-slot-permutation.test.js
 PASS js-fuzzer-block-scope-ebaed504d2d1.js [5381/10000] status=ok obs=65b9eea6e1cc coverage=+0/32/38 time=2ms
  RUN js-fuzzer-loop-bbf1d7a15d8d.js [5382/10000] md5=bbf1d7a15d8dd015402d75c0e0108b5f bytes=81 template=loop origin=seed:tests/corpus/obfuscation/externs-console.test.js
 PASS js-fuzzer-loop-bbf1d7a15d8d.js [5382/10000] status=ok obs=1679091c5a88 coverage=+0/32/38 time=1ms
  RUN js-fuzzer-corpus-38ba19d9deb7.js [5383/10000] md5=38ba19d9deb7566cc8a420c27ada3f21 bytes=136 template=corpus origin=tests/corpus/obfuscation/seed-sensitive-functions.test.js
 PASS js-fuzzer-corpus-38ba19d9deb7.js [5383/10000] status=ok obs=a5bfc9e07964 coverage=+0/32/38 time=1ms
  RUN js-fuzzer-boundary-a6a77cc918cc.js [5384/10000] md5=a6a77cc918cc479b04ccb7be2bd80dac bytes=113 template=boundary origin=boundary:1
 PASS js-fuzzer-boundary-a6a77cc918cc.js [5384/10000] status=ok obs=c4ca4238a0b9 coverage=+0/32/38 time=2ms
  RUN js-fuzzer-arithmetic-9da2e7738aa7.js [5385/10000] md5=9da2e7738aa7dc00e713fa6f86a160e1 bytes=85 template=arithmetic origin=seed:tests/corpus/regressions/multiple-functions-fib-add.test.js
 PASS js-fuzzer-arithmetic-9da2e7738aa7.js [5385/10000] status=ok obs=f899139df5e1 coverage=+0/32/38 time=2ms
  RUN js-fuzzer-function-1bdd3cdc8039.js [5386/10000] md5=1bdd3cdc8039303572ffd714360b1f25 bytes=153 template=function origin=seed:tests/corpus/regressions/scope-compressed-closure-params.test.js
 PASS js-fuzzer-function-1bdd3cdc8039.js [5386/10000] status=ok obs=37693cfc7480 coverage=+0/32/38 time=2ms
  RUN js-fuzzer-array-object-769cd8d5479b.js [5387/10000] md5=769cd8d5479bfda7238f3ed1881d6944 bytes=133 template=array-object origin=seed:tests/corpus/runtime/arrays-objects-methods.test.js
 PASS js-fuzzer-array-object-769cd8d5479b.js [5387/10000] status=ok obs=70efdf2ec9b0 coverage=+0/32/38 time=1ms
  RUN js-fuzzer-closure-02734c80d55c.js [5388/10000] md5=02734c80d55cf06c00f55bb26992c800 bytes=184 template=closure origin=seed:tests/corpus/runtime/block-scopes.test.js
 PASS js-fuzzer-closure-02734c80d55c.js [5388/10000] status=ok obs=2838023a778d coverage=+0/32/38 time=1ms
  RUN js-fuzzer-block-scope-d7dc549f9ade.js [5389/10000] md5=d7dc549f9ade768b1ef849bbbf76ef07 bytes=114 template=block-scope origin=seed:tests/corpus/runtime/class-fields-static-methods.test.js
 PASS js-fuzzer-block-scope-d7dc549f9ade.js [5389/10000] status=ok obs=a3c65c297427 coverage=+0/32/38 time=2ms
  RUN js-fuzzer-loop-b88258462a8d.js [5390/10000] md5=b88258462a8d880f8b0e459fa23b2536 bytes=81 template=loop origin=seed:tests/corpus/runtime/classes-and-objects.test.js
 PASS js-fuzzer-loop-b88258462a8d.js [5390/10000] status=ok obs=3c59dc048e88 coverage=+0/32/38 time=2ms
  RUN js-fuzzer-boundary-6aec0a9b1ff4.js [5391/10000] md5=6aec0a9b1ff4294bcfecb539ba7e660b bytes=129 template=boundary origin=boundary:-9007199254740991
 PASS js-fuzzer-boundary-6aec0a9b1ff4.js [5391/10000] status=ok obs=b3f3a95848f6 coverage=+0/32/38 time=1ms
  RUN js-fuzzer-corpus-08bc93bf5789.js [5392/10000] md5=08bc93bf57897bc88ce7161fe56cd099 bytes=169 template=corpus origin=tests/corpus/runtime/closures-read-captured-values.test.js
 PASS js-fuzzer-corpus-08bc93bf5789.js [5392/10000] status=ok obs=02e74f10e032 coverage=+0/32/38 time=2ms
  RUN js-fuzzer-arithmetic-f07204b86560.js [5393/10000] md5=f07204b86560690e0705df65864108e2 bytes=84 template=arithmetic origin=seed:tests/corpus/runtime/exceptions-and-nullish.test.js
 PASS js-fuzzer-arithmetic-f07204b86560.js [5393/10000] status=ok obs=757b505cfd34 coverage=+0/32/38 time=2ms
  RUN js-fuzzer-function-831f4ac0cd0e.js [5394/10000] md5=831f4ac0cd0ee5c472d5e3bccfaabf34 bytes=153 template=function origin=seed:tests/corpus/runtime/functions-closures-and-arrows.test.js
 PASS js-fuzzer-function-831f4ac0cd0e.js [5394/10000] status=ok obs=c9f0f895fb98 coverage=+0/32/38 time=2ms
  RUN js-fuzzer-array-object-2e7952b32605.js [5395/10000] md5=2e7952b32605ccf3d55894933b50d8c2 bytes=133 template=array-object origin=seed:tests/corpus/runtime/lexical-shadowing.test.js
 PASS js-fuzzer-array-object-2e7952b32605.js [5395/10000] status=ok obs=d3d9446802a4 coverage=+0/32/38 time=1ms
  RUN js-fuzzer-closure-65373065d904.js [5396/10000] md5=65373065d90497ca4144e84a42223213 bytes=183 template=closure origin=seed:tests/corpus/runtime/modules-export.test.js
 PASS js-fuzzer-closure-65373065d904.js [5396/10000] status=ok obs=1f0e3dad9990 coverage=+0/32/38 time=2ms
  RUN js-fuzzer-block-scope-bf636b85262e.js [5397/10000] md5=bf636b85262e6449faae7bd6852e9af3 bytes=114 template=block-scope origin=seed:tests/corpus/runtime/nested-try-finally.test.js
 PASS js-fuzzer-block-scope-bf636b85262e.js [5397/10000] status=ok obs=c9e1074f5b3f coverage=+0/32/38 time=2ms
  RUN js-fuzzer-boundary-512d8e9b531d.js [5398/10000] md5=512d8e9b531dd316e823325cc949e70e bytes=123 template=boundary origin=boundary:-2147483648
 PASS js-fuzzer-boundary-512d8e9b531d.js [5398/10000] status=ok obs=034ff5946105 coverage=+0/32/38 time=1ms
  RUN js-fuzzer-try-catch-47becaf372c3.js [5399/10000] md5=47becaf372c34523cd2fbacf2b53d016 bytes=110 template=try-catch origin=seed:tests/corpus/syntax/logical-unary-nullish.test.js
 PASS js-fuzzer-try-catch-47becaf372c3.js [5399/10000] status=ok obs=02e74f10e032 coverage=+0/32/38 time=2ms
  RUN js-fuzzer-class-a365d1a76b7b.js [5400/10000] md5=a365d1a76b7b0d4310621afa7caac433 bytes=100 template=class origin=seed:tests/corpus/syntax/object-destructure-and-members.test.js
 PASS js-fuzzer-class-a365d1a76b7b.js [5400/10000] status=ok obs=8f14e45fceea coverage=+0/32/38 time=2ms
  RUN js-fuzzer-corpus-2aed353a2d20.js [5401/10000] md5=2aed353a2d200d64cbaf7beb40face20 bytes=275 template=corpus origin=tests/corpus/syntax/switch-do-while-sequence.test.js
 PASS js-fuzzer-corpus-2aed353a2d20.js [5401/10000] status=ok obs=6f4922f45568 coverage=+0/32/38 time=2ms
  RUN js-fuzzer-function-ced1d0daab2e.js [5402/10000] md5=ced1d0daab2e23fdcfec672d899d9739 bytes=153 template=function origin=seed:tests/corpus/syntax/template-array-destructure.test.js
 PASS js-fuzzer-function-ced1d0daab2e.js [5402/10000] status=ok obs=8e296a067a37 coverage=+0/32/38 time=2ms
  RUN js-fuzzer-array-object-6dfc943a5422.js [5403/10000] md5=6dfc943a5422b17fbc2c77e0ae415662 bytes=133 template=array-object origin=seed:tests/corpus/syntax/typescript-assertions.test.ts
 PASS js-fuzzer-array-object-6dfc943a5422.js [5403/10000] status=ok obs=45c48cce2e2d coverage=+0/32/38 time=2ms
  RUN js-fuzzer-closure-6a6a12eff366.js [5404/10000] md5=6a6a12eff36617d03fd6e20d03b388e2 bytes=184 template=closure origin=seed:tests/corpus/syntax/typescript-non-null-satisfies.test.ts
 PASS js-fuzzer-closure-6a6a12eff366.js [5404/10000] status=ok obs=6ea9ab1baa0e coverage=+0/32/38 time=1ms
  RUN js-fuzzer-boundary-4ae25cb2e150.js [5405/10000] md5=4ae25cb2e15083bfca9f6b81b3f9f24b bytes=114 template=boundary origin=boundary:-2
 PASS js-fuzzer-boundary-4ae25cb2e150.js [5405/10000] status=ok obs=5d7b9adcbe1c coverage=+0/32/38 time=2ms
  RUN js-fuzzer-loop-54e460cecf5c.js [5406/10000] md5=54e460cecf5c05dfcffaa3b2e5f57445 bytes=81 template=loop origin=seed:tests/corpus/fixtures/state-machine-workflow.test.js
 PASS js-fuzzer-loop-54e460cecf5c.js [5406/10000] status=ok obs=d3d9446802a4 coverage=+0/32/38 time=2ms
  RUN js-fuzzer-try-catch-a4e2330c4919.js [5407/10000] md5=a4e2330c49196805169dbf8449e466fa bytes=110 template=try-catch origin=seed:tests/corpus/fixtures/vue-script-workflow.test.vue
 PASS js-fuzzer-try-catch-a4e2330c4919.js [5407/10000] status=ok obs=3c59dc048e88 coverage=+0/32/38 time=1ms
  RUN js-fuzzer-class-5baf4bed5db4.js [5408/10000] md5=5baf4bed5db4f8205173226efc8fff73 bytes=101 template=class origin=seed:tests/corpus/obfuscation/constant-tag-mix.test.js
 PASS js-fuzzer-class-5baf4bed5db4.js [5408/10000] status=ok obs=6f4922f45568 coverage=+0/32/38 time=2ms
  RUN js-fuzzer-arithmetic-495de3c6acf1.js [5409/10000] md5=495de3c6acf13f12fd6db820a3f0f250 bytes=84 template=arithmetic origin=seed:tests/corpus/obfuscation/extern-slot-permutation.test.js
 PASS js-fuzzer-arithmetic-495de3c6acf1.js [5409/10000] status=ok obs=c51ce410c124 coverage=+0/32/38 time=1ms
  RUN js-fuzzer-corpus-efd663ac427b.js [5410/10000] md5=efd663ac427b5ca270b2f8b928c902bf bytes=112 template=corpus origin=tests/corpus/obfuscation/externs-console.test.js
 PASS js-fuzzer-corpus-efd663ac427b.js [5410/10000] status=ok obs=d289993e39c8 coverage=+0/32/38 time=2ms
  RUN js-fuzzer-array-object-173463d6ed2d.js [5411/10000] md5=173463d6ed2da2ff9583b7f6afe6c91a bytes=133 template=array-object origin=seed:tests/corpus/obfuscation/seed-sensitive-functions.test.js
 PASS js-fuzzer-array-object-173463d6ed2d.js [5411/10000] status=ok obs=70efdf2ec9b0 coverage=+0/32/38 time=2ms
  RUN js-fuzzer-boundary-61a9a82f5f08.js [5412/10000] md5=61a9a82f5f08bc177f13c805ba785d7d bytes=114 template=boundary origin=boundary:-1
 PASS js-fuzzer-boundary-61a9a82f5f08.js [5412/10000] status=ok obs=6bb61e3b7bce coverage=+0/32/38 time=1ms
  RUN js-fuzzer-block-scope-bf636b85262e.js [5413/10000] md5=bf636b85262e6449faae7bd6852e9af3 bytes=114 template=block-scope origin=seed:tests/corpus/regressions/multiple-functions-fib-add.test.js
 PASS js-fuzzer-block-scope-bf636b85262e.js [5413/10000] status=ok obs=c9e1074f5b3f coverage=+0/32/38 time=1ms
  RUN js-fuzzer-loop-54e460cecf5c.js [5414/10000] md5=54e460cecf5c05dfcffaa3b2e5f57445 bytes=81 template=loop origin=seed:tests/corpus/regressions/scope-compressed-closure-params.test.js
 PASS js-fuzzer-loop-54e460cecf5c.js [5414/10000] status=ok obs=d3d9446802a4 coverage=+0/32/38 time=2ms
  RUN js-fuzzer-try-catch-dd0b1ef9b53e.js [5415/10000] md5=dd0b1ef9b53e3ee92bf7cc86c8d4101e bytes=110 template=try-catch origin=seed:tests/corpus/runtime/arrays-objects-methods.test.js
 PASS js-fuzzer-try-catch-dd0b1ef9b53e.js [5415/10000] status=ok obs=642e92efb794 coverage=+0/32/38 time=2ms
  RUN js-fuzzer-class-7c36fc3c0ad4.js [5416/10000] md5=7c36fc3c0ad4461d5dbbcd7afdfb6b5c bytes=101 template=class origin=seed:tests/corpus/runtime/block-scopes.test.js
 PASS js-fuzzer-class-7c36fc3c0ad4.js [5416/10000] status=ok obs=d3d9446802a4 coverage=+0/32/38 time=1ms
  RUN js-fuzzer-arithmetic-2dde0ffe7c54.js [5417/10000] md5=2dde0ffe7c54a54cfcc891dc9710ef4c bytes=83 template=arithmetic origin=seed:tests/corpus/runtime/class-fields-static-methods.test.js
 PASS js-fuzzer-arithmetic-2dde0ffe7c54.js [5417/10000] status=ok obs=c16a5320fa47 coverage=+0/32/38 time=2ms
  RUN js-fuzzer-function-cb7d7d91d83d.js [5418/10000] md5=cb7d7d91d83d165500656240f14cd1fc bytes=153 template=function origin=seed:tests/corpus/runtime/classes-and-objects.test.js
 PASS js-fuzzer-function-cb7d7d91d83d.js [5418/10000] status=ok obs=8f14e45fceea coverage=+0/32/38 time=2ms
  RUN js-fuzzer-corpus-ddcb99247fc8.js [5419/10000] md5=ddcb99247fc847c897b97c6bd6512b9f bytes=217 template=corpus origin=tests/corpus/runtime/closures-mutate-captured-bindings.test.js
 PASS js-fuzzer-corpus-ddcb99247fc8.js [5419/10000] status=ok obs=e4da3b7fbbce coverage=+0/32/38 time=1ms
  RUN js-fuzzer-closure-5c2fdee9f6a0.js [5420/10000] md5=5c2fdee9f6a0617d39a14617c90cf53a bytes=184 template=closure origin=seed:tests/corpus/runtime/closures-read-captured-values.test.js
 PASS js-fuzzer-closure-5c2fdee9f6a0.js [5420/10000] status=ok obs=6c8349cc7260 coverage=+0/32/38 time=2ms
  RUN js-fuzzer-block-scope-d8288c36008a.js [5421/10000] md5=d8288c36008a7988b7e5fcb1701a1daa bytes=114 template=block-scope origin=seed:tests/corpus/runtime/exceptions-and-nullish.test.js
 PASS js-fuzzer-block-scope-d8288c36008a.js [5421/10000] status=ok obs=38b3eff8baf5 coverage=+0/32/38 time=2ms
  RUN js-fuzzer-loop-55c7c905bffb.js [5422/10000] md5=55c7c905bffb4bbbc4c8fb9b91df6ad8 bytes=81 template=loop origin=seed:tests/corpus/runtime/functions-closures-and-arrows.test.js
 PASS js-fuzzer-loop-55c7c905bffb.js [5422/10000] status=ok obs=eccbc87e4b5c coverage=+0/32/38 time=1ms
  RUN js-fuzzer-try-catch-8d9c7d254dda.js [5423/10000] md5=8d9c7d254ddaafdc283e844d5d9a6231 bytes=109 template=try-catch origin=seed:tests/corpus/runtime/lexical-shadowing.test.js
 PASS js-fuzzer-try-catch-8d9c7d254dda.js [5423/10000] status=ok obs=a87ff679a2f3 coverage=+0/32/38 time=1ms
  RUN js-fuzzer-class-a365d1a76b7b.js [5424/10000] md5=a365d1a76b7b0d4310621afa7caac433 bytes=100 template=class origin=seed:tests/corpus/runtime/modules-export.test.js
 PASS js-fuzzer-class-a365d1a76b7b.js [5424/10000] status=ok obs=8f14e45fceea coverage=+0/32/38 time=2ms
  RUN js-fuzzer-arithmetic-5e0666ac4190.js [5425/10000] md5=5e0666ac41902f9af1484e732758ebd2 bytes=84 template=arithmetic origin=seed:tests/corpus/runtime/nested-try-finally.test.js
 PASS js-fuzzer-arithmetic-5e0666ac4190.js [5425/10000] status=ok obs=1534b76d325a coverage=+0/32/38 time=2ms
  RUN js-fuzzer-boundary-2b35f90895ea.js [5426/10000] md5=2b35f90895ea85111e562e627044f919 bytes=128 template=boundary origin=boundary:9007199254740991
 PASS js-fuzzer-boundary-2b35f90895ea.js [5426/10000] status=ok obs=8bfa9ad090fb coverage=+0/32/38 time=1ms
  RUN js-fuzzer-array-object-3463145dc010.js [5427/10000] md5=3463145dc010408891e9456115c8de5c bytes=133 template=array-object origin=seed:tests/corpus/syntax/logical-unary-nullish.test.js
 PASS js-fuzzer-array-object-3463145dc010.js [5427/10000] status=ok obs=70efdf2ec9b0 coverage=+0/32/38 time=2ms
  RUN js-fuzzer-corpus-96ebdcb81273.js [5428/10000] md5=96ebdcb81273f0e5e5778a6c70c94988 bytes=171 template=corpus origin=tests/corpus/syntax/object-destructure-and-members.test.js
 PASS js-fuzzer-corpus-96ebdcb81273.js [5428/10000] status=ok obs=bfad8dfa12ed coverage=+0/32/38 time=1ms
  RUN js-fuzzer-block-scope-f43d79d837fe.js [5429/10000] md5=f43d79d837fe16df019f7fe4650eb100 bytes=114 template=block-scope origin=seed:tests/corpus/syntax/switch-do-while-sequence.test.js
 PASS js-fuzzer-block-scope-f43d79d837fe.js [5429/10000] status=ok obs=6974ce5ac660 coverage=+0/32/38 time=2ms
  RUN js-fuzzer-loop-f495ca2fc638.js [5430/10000] md5=f495ca2fc6389f933578fc501f5b1465 bytes=81 template=loop origin=seed:tests/corpus/syntax/template-array-destructure.test.js
 PASS js-fuzzer-loop-f495ca2fc638.js [5430/10000] status=ok obs=c4ca4238a0b9 coverage=+0/32/38 time=2ms
  RUN js-fuzzer-try-catch-684f084d24b8.js [5431/10000] md5=684f084d24b8db7c12c5b7b39189e1fb bytes=110 template=try-catch origin=seed:tests/corpus/syntax/typescript-assertions.test.ts
 PASS js-fuzzer-try-catch-684f084d24b8.js [5431/10000] status=ok obs=3416a75f4cea coverage=+0/32/38 time=1ms
  RUN js-fuzzer-class-1fb70654253d.js [5432/10000] md5=1fb70654253d944404805630039f463c bytes=101 template=class origin=seed:tests/corpus/syntax/typescript-non-null-satisfies.test.ts
 PASS js-fuzzer-class-1fb70654253d.js [5432/10000] status=ok obs=c51ce410c124 coverage=+0/32/38 time=2ms
  RUN js-fuzzer-boundary-5c12d757f0dd.js [5433/10000] md5=5c12d757f0ddd5c6b1207b14fb1e8d0c bytes=122 template=boundary origin=boundary:2147483647
 PASS js-fuzzer-boundary-5c12d757f0dd.js [5433/10000] status=ok obs=c588c0a459f4 coverage=+0/32/38 time=2ms
  RUN js-fuzzer-function-134a85d12098.js [5434/10000] md5=134a85d120985077bd24a3a53ac64560 bytes=153 template=function origin=seed:tests/corpus/fixtures/state-machine-workflow.test.js
 PASS js-fuzzer-function-134a85d12098.js [5434/10000] status=ok obs=1679091c5a88 coverage=+0/32/38 time=1ms
  RUN js-fuzzer-array-object-79af6a44b322.js [5435/10000] md5=79af6a44b32288b89579eb6490ba6568 bytes=133 template=array-object origin=seed:tests/corpus/fixtures/vue-script-workflow.test.vue
 PASS js-fuzzer-array-object-79af6a44b322.js [5435/10000] status=ok obs=c51ce410c124 coverage=+0/32/38 time=2ms
  RUN js-fuzzer-closure-7f466ee5d5a5.js [5436/10000] md5=7f466ee5d5a59728379c29d2994c8ac3 bytes=184 template=closure origin=seed:tests/corpus/obfuscation/constant-tag-mix.test.js
 PASS js-fuzzer-closure-7f466ee5d5a5.js [5436/10000] status=ok obs=2838023a778d coverage=+0/32/38 time=2ms
  RUN js-fuzzer-corpus-fe2d30a6e413.js [5437/10000] md5=fe2d30a6e4139e7a8b52405bed737faa bytes=220 template=corpus origin=tests/corpus/obfuscation/extern-slot-permutation.test.js
 PASS js-fuzzer-corpus-fe2d30a6e413.js [5437/10000] status=ok obs=c34c702d0256 coverage=+0/32/38 time=1ms
  RUN js-fuzzer-loop-d35707ad0bf7.js [5438/10000] md5=d35707ad0bf74148f671ad8943998af6 bytes=81 template=loop origin=seed:tests/corpus/obfuscation/externs-console.test.js
 PASS js-fuzzer-loop-d35707ad0bf7.js [5438/10000] status=ok obs=9bf31c7ff062 coverage=+0/32/38 time=2ms
  RUN js-fuzzer-try-catch-70fffa3518b3.js [5439/10000] md5=70fffa3518b3cd8f92c92fd09e60ecbc bytes=110 template=try-catch origin=seed:tests/corpus/obfuscation/seed-sensitive-functions.test.js
 PASS js-fuzzer-try-catch-70fffa3518b3.js [5439/10000] status=ok obs=a5bfc9e07964 coverage=+0/32/38 time=2ms
  RUN js-fuzzer-boundary-221618e58a55.js [5440/10000] md5=221618e58a55537e4dc7530ef9f57aaf bytes=113 template=boundary origin=boundary:2
 PASS js-fuzzer-boundary-221618e58a55.js [5440/10000] status=ok obs=c81e728d9d4c coverage=+0/32/38 time=1ms
  RUN js-fuzzer-arithmetic-f7e7808d11bf.js [5441/10000] md5=f7e7808d11bf956f65814da235794a91 bytes=84 template=arithmetic origin=seed:tests/corpus/regressions/multiple-functions-fib-add.test.js
 PASS js-fuzzer-arithmetic-f7e7808d11bf.js [5441/10000] status=ok obs=65b9eea6e1cc coverage=+0/32/38 time=2ms
  RUN js-fuzzer-function-8384e80192dc.js [5442/10000] md5=8384e80192dc0232cf5e505b2f7d5501 bytes=153 template=function origin=seed:tests/corpus/regressions/scope-compressed-closure-params.test.js
 PASS js-fuzzer-function-8384e80192dc.js [5442/10000] status=ok obs=e4da3b7fbbce coverage=+0/32/38 time=2ms
  RUN js-fuzzer-array-object-ea46a302cf9e.js [5443/10000] md5=ea46a302cf9e138433f61c6e4e9b1d21 bytes=133 template=array-object origin=seed:tests/corpus/runtime/arrays-objects-methods.test.js
 PASS js-fuzzer-array-object-ea46a302cf9e.js [5443/10000] status=ok obs=45c48cce2e2d coverage=+0/32/38 time=2ms
  RUN js-fuzzer-closure-f51523796550.js [5444/10000] md5=f51523796550de105bfcd1357f0148fe bytes=183 template=closure origin=seed:tests/corpus/runtime/block-scopes.test.js
 PASS js-fuzzer-closure-f51523796550.js [5444/10000] status=ok obs=02e74f10e032 coverage=+0/32/38 time=2ms
  RUN js-fuzzer-block-scope-6f7d6ccfdb3a.js [5445/10000] md5=6f7d6ccfdb3a011fdc3385fc6130aa3b bytes=114 template=block-scope origin=seed:tests/corpus/runtime/class-fields-static-methods.test.js
 PASS js-fuzzer-block-scope-6f7d6ccfdb3a.js [5445/10000] status=ok obs=a3c65c297427 coverage=+0/32/38 time=1ms
  RUN js-fuzzer-corpus-663bf83cd082.js [5446/10000] md5=663bf83cd082bd221441dae6bbc85046 bytes=278 template=corpus origin=tests/corpus/runtime/classes-and-objects.test.js
 PASS js-fuzzer-corpus-663bf83cd082.js [5446/10000] status=ok obs=6f4922f45568 coverage=+0/32/38 time=2ms
  RUN js-fuzzer-boundary-2f35f880f964.js [5447/10000] md5=2f35f880f96468b375c4e71feba05308 bytes=113 template=boundary origin=boundary:1
 PASS js-fuzzer-boundary-2f35f880f964.js [5447/10000] status=ok obs=c4ca4238a0b9 coverage=+0/32/38 time=2ms
  RUN js-fuzzer-class-b1e3642c0208.js [5448/10000] md5=b1e3642c0208992266fb21668a536292 bytes=100 template=class origin=seed:tests/corpus/runtime/closures-read-captured-values.test.js
 PASS js-fuzzer-class-b1e3642c0208.js [5448/10000] status=ok obs=c9f0f895fb98 coverage=+0/32/38 time=1ms
  RUN js-fuzzer-arithmetic-0c48ac2d91c3.js [5449/10000] md5=0c48ac2d91c398f09dea483e30e91735 bytes=85 template=arithmetic origin=seed:tests/corpus/runtime/exceptions-and-nullish.test.js
 PASS js-fuzzer-arithmetic-0c48ac2d91c3.js [5449/10000] status=ok obs=a0a080f42e6f coverage=+0/32/38 time=2ms
  RUN js-fuzzer-function-d3859b93eee1.js [5450/10000] md5=d3859b93eee1f3bcfec0cda51c4d02bf bytes=153 template=function origin=seed:tests/corpus/runtime/functions-closures-and-arrows.test.js
 PASS js-fuzzer-function-d3859b93eee1.js [5450/10000] status=ok obs=a87ff679a2f3 coverage=+0/32/38 time=2ms
  RUN js-fuzzer-array-object-c087ac0d6bdb.js [5451/10000] md5=c087ac0d6bdbfc49f8dac894a6fde0bc bytes=133 template=array-object origin=seed:tests/corpus/runtime/lexical-shadowing.test.js
 PASS js-fuzzer-array-object-c087ac0d6bdb.js [5451/10000] status=ok obs=8f14e45fceea coverage=+0/32/38 time=1ms
  RUN js-fuzzer-closure-67354f978ee4.js [5452/10000] md5=67354f978ee43d600c8bc22b5926e32c bytes=183 template=closure origin=seed:tests/corpus/runtime/modules-export.test.js
 PASS js-fuzzer-closure-67354f978ee4.js [5452/10000] status=ok obs=6ea9ab1baa0e coverage=+0/32/38 time=2ms
  RUN js-fuzzer-block-scope-b85ecadef581.js [5453/10000] md5=b85ecadef581053d14250d27c33151bf bytes=114 template=block-scope origin=seed:tests/corpus/runtime/nested-try-finally.test.js
 PASS js-fuzzer-block-scope-b85ecadef581.js [5453/10000] status=ok obs=c9e1074f5b3f coverage=+0/32/38 time=2ms
  RUN js-fuzzer-boundary-6aec0a9b1ff4.js [5454/10000] md5=6aec0a9b1ff4294bcfecb539ba7e660b bytes=129 template=boundary origin=boundary:-9007199254740991
 PASS js-fuzzer-boundary-6aec0a9b1ff4.js [5454/10000] status=ok obs=b3f3a95848f6 coverage=+0/32/38 time=1ms
  RUN js-fuzzer-corpus-279b64032335.js [5455/10000] md5=279b640323351a1b082b98b42d2a2d55 bytes=134 template=corpus origin=tests/corpus/syntax/logical-unary-nullish.test.js
 PASS js-fuzzer-corpus-279b64032335.js [5455/10000] status=ok obs=45c48cce2e2d coverage=+0/32/38 time=2ms
  RUN js-fuzzer-class-b1e3642c0208.js [5456/10000] md5=b1e3642c0208992266fb21668a536292 bytes=100 template=class origin=seed:tests/corpus/syntax/object-destructure-and-members.test.js
 PASS js-fuzzer-class-b1e3642c0208.js [5456/10000] status=ok obs=c9f0f895fb98 coverage=+0/32/38 time=1ms
  RUN js-fuzzer-arithmetic-0462e3972411.js [5457/10000] md5=0462e3972411d17b77a2a68ccbfee935 bytes=85 template=arithmetic origin=seed:tests/corpus/syntax/switch-do-while-sequence.test.js
 PASS js-fuzzer-arithmetic-0462e3972411.js [5457/10000] status=ok obs=8e296a067a37 coverage=+0/32/38 time=2ms
  RUN js-fuzzer-function-1d370c2e7126.js [5458/10000] md5=1d370c2e7126a84b090ad6eed5468375 bytes=153 template=function origin=seed:tests/corpus/syntax/template-array-destructure.test.js
 PASS js-fuzzer-function-1d370c2e7126.js [5458/10000] status=ok obs=8f14e45fceea coverage=+0/32/38 time=2ms
  RUN js-fuzzer-array-object-c997fb918a8f.js [5459/10000] md5=c997fb918a8f8fa8d2523718e7255e17 bytes=133 template=array-object origin=seed:tests/corpus/syntax/typescript-assertions.test.ts
 PASS js-fuzzer-array-object-c997fb918a8f.js [5459/10000] status=ok obs=70efdf2ec9b0 coverage=+0/32/38 time=2ms
  RUN js-fuzzer-closure-717f86ce4a51.js [5460/10000] md5=717f86ce4a517c3acd8a5aae7fa96f45 bytes=185 template=closure origin=seed:tests/corpus/syntax/typescript-non-null-satisfies.test.ts
 PASS js-fuzzer-closure-717f86ce4a51.js [5460/10000] status=ok obs=093f65e080a2 coverage=+0/32/38 time=3ms
  RUN js-fuzzer-boundary-56f451fe2902.js [5461/10000] md5=56f451fe2902341a3a470031c46238b3 bytes=123 template=boundary origin=boundary:-2147483648
 PASS js-fuzzer-boundary-56f451fe2902.js [5461/10000] status=ok obs=034ff5946105 coverage=+0/32/38 time=1ms
  RUN js-fuzzer-loop-bbf1d7a15d8d.js [5462/10000] md5=bbf1d7a15d8dd015402d75c0e0108b5f bytes=81 template=loop origin=seed:tests/corpus/fixtures/state-machine-workflow.test.js
 PASS js-fuzzer-loop-bbf1d7a15d8d.js [5462/10000] status=ok obs=1679091c5a88 coverage=+0/32/38 time=2ms
  RUN js-fuzzer-try-catch-ee30a401530f.js [5463/10000] md5=ee30a401530f819cbc5581e8feb5d305 bytes=110 template=try-catch origin=seed:tests/corpus/fixtures/vue-script-workflow.test.vue
 PASS js-fuzzer-try-catch-ee30a401530f.js [5463/10000] status=ok obs=182be0c5cdcd coverage=+0/32/38 time=2ms
  RUN js-fuzzer-corpus-f00ef18b0a17.js [5464/10000] md5=f00ef18b0a172b2a2d9833f5b7fe94e2 bytes=199 template=corpus origin=tests/corpus/obfuscation/constant-tag-mix.test.js
 PASS js-fuzzer-corpus-f00ef18b0a17.js [5464/10000] status=ok obs=e86823f38986 coverage=+0/32/38 time=2ms
  RUN js-fuzzer-arithmetic-34043dfb10fc.js [5465/10000] md5=34043dfb10fce4e121240fc5b45f7f8e bytes=83 template=arithmetic origin=seed:tests/corpus/obfuscation/extern-slot-permutation.test.js
 PASS js-fuzzer-arithmetic-34043dfb10fc.js [5465/10000] status=ok obs=a5bfc9e07964 coverage=+0/32/38 time=1ms
  RUN js-fuzzer-function-98e8c4d5dcc0.js [5466/10000] md5=98e8c4d5dcc095fbcedf7527b98fd4fe bytes=153 template=function origin=seed:tests/corpus/obfuscation/externs-console.test.js
 PASS js-fuzzer-function-98e8c4d5dcc0.js [5466/10000] status=ok obs=c9f0f895fb98 coverage=+0/32/38 time=1ms
  RUN js-fuzzer-array-object-223fa9cef23a.js [5467/10000] md5=223fa9cef23a1738a3a6eff15f2fb8a2 bytes=133 template=array-object origin=seed:tests/corpus/obfuscation/seed-sensitive-functions.test.js
 PASS js-fuzzer-array-object-223fa9cef23a.js [5467/10000] status=ok obs=45c48cce2e2d coverage=+0/32/38 time=2ms
  RUN js-fuzzer-boundary-92df4f5b559a.js [5468/10000] md5=92df4f5b559a550058b4133ffb629932 bytes=114 template=boundary origin=boundary:-2
 PASS js-fuzzer-boundary-92df4f5b559a.js [5468/10000] status=ok obs=5d7b9adcbe1c coverage=+0/32/38 time=2ms
  RUN js-fuzzer-block-scope-278e1355754c.js [5469/10000] md5=278e1355754cd4ed42a12b75127f78a4 bytes=114 template=block-scope origin=seed:tests/corpus/regressions/multiple-functions-fib-add.test.js
 PASS js-fuzzer-block-scope-278e1355754c.js [5469/10000] status=ok obs=a97da629b098 coverage=+0/32/38 time=2ms
  RUN js-fuzzer-loop-bbf1d7a15d8d.js [5470/10000] md5=bbf1d7a15d8dd015402d75c0e0108b5f bytes=81 template=loop origin=seed:tests/corpus/regressions/scope-compressed-closure-params.test.js
 PASS js-fuzzer-loop-bbf1d7a15d8d.js [5470/10000] status=ok obs=1679091c5a88 coverage=+0/32/38 time=1ms
  RUN js-fuzzer-try-catch-78409afcd812.js [5471/10000] md5=78409afcd812e57d07238a91d9d67ddf bytes=110 template=try-catch origin=seed:tests/corpus/runtime/arrays-objects-methods.test.js
 PASS js-fuzzer-try-catch-78409afcd812.js [5471/10000] status=ok obs=17e62166fc85 coverage=+0/32/38 time=2ms
  RUN js-fuzzer-class-b1e3642c0208.js [5472/10000] md5=b1e3642c0208992266fb21668a536292 bytes=100 template=class origin=seed:tests/corpus/runtime/block-scopes.test.js
 PASS js-fuzzer-class-b1e3642c0208.js [5472/10000] status=ok obs=c9f0f895fb98 coverage=+0/32/38 time=1ms
  RUN js-fuzzer-corpus-a64e83c2f849.js [5473/10000] md5=a64e83c2f84925dca8985eabe963ee21 bytes=179 template=corpus origin=tests/corpus/runtime/class-fields-static-methods.test.js
 PASS js-fuzzer-corpus-a64e83c2f849.js [5473/10000] status=ok obs=8f14e45fceea coverage=+0/32/38 time=2ms
  RUN js-fuzzer-function-79bb4335938d.js [5474/10000] md5=79bb4335938d82d557d11e6633b235d0 bytes=153 template=function origin=seed:tests/corpus/runtime/classes-and-objects.test.js
 PASS js-fuzzer-function-79bb4335938d.js [5474/10000] status=ok obs=6512bd43d9ca coverage=+0/32/38 time=2ms
  RUN js-fuzzer-boundary-61a9a82f5f08.js [5475/10000] md5=61a9a82f5f08bc177f13c805ba785d7d bytes=114 template=boundary origin=boundary:-1
 PASS js-fuzzer-boundary-61a9a82f5f08.js [5475/10000] status=ok obs=6bb61e3b7bce coverage=+0/32/38 time=1ms
  RUN js-fuzzer-closure-cea13aa51f61.js [5476/10000] md5=cea13aa51f618ff0a710574957dae957 bytes=185 template=closure origin=seed:tests/corpus/runtime/closures-read-captured-values.test.js
 PASS js-fuzzer-closure-cea13aa51f61.js [5476/10000] status=ok obs=7f39f8317fbd coverage=+0/32/38 time=2ms
  RUN js-fuzzer-block-scope-ea937aa60c51.js [5477/10000] md5=ea937aa60c514e346f9d949aa4ae8932 bytes=114 template=block-scope origin=seed:tests/corpus/runtime/exceptions-and-nullish.test.js
 PASS js-fuzzer-block-scope-ea937aa60c51.js [5477/10000] status=ok obs=c9e1074f5b3f coverage=+0/32/38 time=2ms
  RUN js-fuzzer-loop-54e460cecf5c.js [5478/10000] md5=54e460cecf5c05dfcffaa3b2e5f57445 bytes=81 template=loop origin=seed:tests/corpus/runtime/functions-closures-and-arrows.test.js
 PASS js-fuzzer-loop-54e460cecf5c.js [5478/10000] status=ok obs=d3d9446802a4 coverage=+0/32/38 time=1ms
  RUN js-fuzzer-try-catch-8d9c7d254dda.js [5479/10000] md5=8d9c7d254ddaafdc283e844d5d9a6231 bytes=109 template=try-catch origin=seed:tests/corpus/runtime/lexical-shadowing.test.js
 PASS js-fuzzer-try-catch-8d9c7d254dda.js [5479/10000] status=ok obs=a87ff679a2f3 coverage=+0/32/38 time=2ms
  RUN js-fuzzer-class-a9875f561daf.js [5480/10000] md5=a9875f561daf181d949c68fc070db0e0 bytes=101 template=class origin=seed:tests/corpus/runtime/modules-export.test.js
 PASS js-fuzzer-class-a9875f561daf.js [5480/10000] status=ok obs=aab3238922bc coverage=+0/32/38 time=2ms
  RUN js-fuzzer-arithmetic-9ed813c4d211.js [5481/10000] md5=9ed813c4d211b7b5c49b5c835bcb3f99 bytes=84 template=arithmetic origin=seed:tests/corpus/runtime/nested-try-finally.test.js
 PASS js-fuzzer-arithmetic-9ed813c4d211.js [5481/10000] status=ok obs=7e7757b1e12a coverage=+0/32/38 time=1ms
  RUN js-fuzzer-corpus-89e900fcb72f.js [5482/10000] md5=89e900fcb72ff838bfe9a13ae091363f bytes=228 template=corpus origin=tests/corpus/syntax/control-flow-and-operators.test.js
 PASS js-fuzzer-corpus-89e900fcb72f.js [5482/10000] status=ok obs=aab3238922bc coverage=+0/32/38 time=2ms
  RUN js-fuzzer-array-object-cae7f065764b.js [5483/10000] md5=cae7f065764b7f1982e7fdaa2df2df46 bytes=133 template=array-object origin=seed:tests/corpus/syntax/logical-unary-nullish.test.js
 PASS js-fuzzer-array-object-cae7f065764b.js [5483/10000] status=ok obs=e4da3b7fbbce coverage=+0/32/38 time=2ms
  RUN js-fuzzer-closure-73abde9223c3.js [5484/10000] md5=73abde9223c36253abce96856e05ce93 bytes=184 template=closure origin=seed:tests/corpus/syntax/object-destructure-and-members.test.js
 PASS js-fuzzer-closure-73abde9223c3.js [5484/10000] status=ok obs=67c6a1e7ce56 coverage=+0/32/38 time=1ms
  RUN js-fuzzer-block-scope-fe862d331d9c.js [5485/10000] md5=fe862d331d9cb6fbf11c9dc294796f54 bytes=114 template=block-scope origin=seed:tests/corpus/syntax/switch-do-while-sequence.test.js
 PASS js-fuzzer-block-scope-fe862d331d9c.js [5485/10000] status=ok obs=6974ce5ac660 coverage=+0/32/38 time=2ms
  RUN js-fuzzer-loop-54e460cecf5c.js [5486/10000] md5=54e460cecf5c05dfcffaa3b2e5f57445 bytes=81 template=loop origin=seed:tests/corpus/syntax/template-array-destructure.test.js
 PASS js-fuzzer-loop-54e460cecf5c.js [5486/10000] status=ok obs=d3d9446802a4 coverage=+0/32/38 time=1ms
  RUN js-fuzzer-try-catch-84bb82ab521c.js [5487/10000] md5=84bb82ab521cc370007aca532f77c9e1 bytes=110 template=try-catch origin=seed:tests/corpus/syntax/typescript-assertions.test.ts
 PASS js-fuzzer-try-catch-84bb82ab521c.js [5487/10000] status=ok obs=c16a5320fa47 coverage=+0/32/38 time=2ms
  RUN js-fuzzer-class-a9875f561daf.js [5488/10000] md5=a9875f561daf181d949c68fc070db0e0 bytes=101 template=class origin=seed:tests/corpus/syntax/typescript-non-null-satisfies.test.ts
 PASS js-fuzzer-class-a9875f561daf.js [5488/10000] status=ok obs=aab3238922bc coverage=+0/32/38 time=2ms
  RUN js-fuzzer-boundary-83aee5cf07de.js [5489/10000] md5=83aee5cf07deb9d5ce59aec8aff7a227 bytes=128 template=boundary origin=boundary:9007199254740991
 PASS js-fuzzer-boundary-83aee5cf07de.js [5489/10000] status=ok obs=8bfa9ad090fb coverage=+0/32/38 time=1ms
  RUN js-fuzzer-function-288d473b3a74.js [5490/10000] md5=288d473b3a7495d967aff826da7d201e bytes=153 template=function origin=seed:tests/corpus/fixtures/state-machine-workflow.test.js
 PASS js-fuzzer-function-288d473b3a74.js [5490/10000] status=ok obs=aab3238922bc coverage=+0/32/38 time=2ms
  RUN js-fuzzer-corpus-f722388c7961.js [5491/10000] md5=f722388c7961d2a0288508c35f28a5f8 bytes=96 template=corpus origin=tests/corpus/fixtures/vue-script-workflow.test.vue
 PASS js-fuzzer-corpus-f722388c7961.js [5491/10000] status=ok obs=6512bd43d9ca coverage=+0/32/38 time=1ms
  RUN js-fuzzer-closure-1c9109f1f16b.js [5492/10000] md5=1c9109f1f16b90e293fbc939ac646933 bytes=183 template=closure origin=seed:tests/corpus/obfuscation/constant-tag-mix.test.js
 PASS js-fuzzer-closure-1c9109f1f16b.js [5492/10000] status=ok obs=37693cfc7480 coverage=+0/32/38 time=2ms
  RUN js-fuzzer-block-scope-cee200465655.js [5493/10000] md5=cee2004656551503c47ff6eabad21b25 bytes=114 template=block-scope origin=seed:tests/corpus/obfuscation/extern-slot-permutation.test.js
 PASS js-fuzzer-block-scope-cee200465655.js [5493/10000] status=ok obs=a3c65c297427 coverage=+0/32/38 time=1ms
  RUN js-fuzzer-loop-54e460cecf5c.js [5494/10000] md5=54e460cecf5c05dfcffaa3b2e5f57445 bytes=81 template=loop origin=seed:tests/corpus/obfuscation/externs-console.test.js
 PASS js-fuzzer-loop-54e460cecf5c.js [5494/10000] status=ok obs=d3d9446802a4 coverage=+0/32/38 time=2ms
  RUN js-fuzzer-try-catch-7cb82b9a3fc9.js [5495/10000] md5=7cb82b9a3fc9743b17b967ebeeaab91b bytes=110 template=try-catch origin=seed:tests/corpus/obfuscation/seed-sensitive-functions.test.js
 PASS js-fuzzer-try-catch-7cb82b9a3fc9.js [5495/10000] status=ok obs=b6d767d2f8ed coverage=+0/32/38 time=2ms
  RUN js-fuzzer-boundary-86f8354fc6fd.js [5496/10000] md5=86f8354fc6fd092b05683bbf230dc769 bytes=122 template=boundary origin=boundary:2147483647
 PASS js-fuzzer-boundary-86f8354fc6fd.js [5496/10000] status=ok obs=c588c0a459f4 coverage=+0/32/38 time=1ms
  RUN js-fuzzer-arithmetic-9f05cff3f384.js [5497/10000] md5=9f05cff3f38469f4a55c2453fd5feb87 bytes=84 template=arithmetic origin=seed:tests/corpus/regressions/multiple-functions-fib-add.test.js
 PASS js-fuzzer-arithmetic-9f05cff3f384.js [5497/10000] status=ok obs=9b8619251a19 coverage=+0/32/38 time=2ms
  RUN js-fuzzer-function-8a3820bf6e52.js [5498/10000] md5=8a3820bf6e52dcab1a0437ab7872cf6a bytes=153 template=function origin=seed:tests/corpus/regressions/scope-compressed-closure-params.test.js
 PASS js-fuzzer-function-8a3820bf6e52.js [5498/10000] status=ok obs=a87ff679a2f3 coverage=+0/32/38 time=1ms
  RUN js-fuzzer-array-object-951b1d5a7e2c.js [5499/10000] md5=951b1d5a7e2cd709b7df8a8e568201e5 bytes=133 template=array-object origin=seed:tests/corpus/runtime/arrays-objects-methods.test.js
 PASS js-fuzzer-array-object-951b1d5a7e2c.js [5499/10000] status=ok obs=3c59dc048e88 coverage=+0/32/38 time=2ms
  RUN js-fuzzer-corpus-8b78ba7912c5.js [5500/10000] md5=8b78ba7912c51f6cf304b65c6ebdb2e3 bytes=289 template=corpus origin=tests/corpus/runtime/block-scopes.test.js
 PASS js-fuzzer-corpus-8b78ba7912c5.js [5500/10000] status=ok obs=37693cfc7480 coverage=+0/32/38 time=2ms
  RUN js-fuzzer-block-scope-016b7f6e9976.js [5501/10000] md5=016b7f6e997636dc77e33da31ef097e1 bytes=114 template=block-scope origin=seed:tests/corpus/runtime/class-fields-static-methods.test.js
 PASS js-fuzzer-block-scope-016b7f6e9976.js [5501/10000] status=ok obs=a97da629b098 coverage=+0/32/38 time=2ms
  RUN js-fuzzer-loop-55c7c905bffb.js [5502/10000] md5=55c7c905bffb4bbbc4c8fb9b91df6ad8 bytes=81 template=loop origin=seed:tests/corpus/runtime/classes-and-objects.test.js
 PASS js-fuzzer-loop-55c7c905bffb.js [5502/10000] status=ok obs=eccbc87e4b5c coverage=+0/32/38 time=1ms
  RUN js-fuzzer-boundary-85faf3787c26.js [5503/10000] md5=85faf3787c26ca3bad9215a544873988 bytes=113 template=boundary origin=boundary:2
 PASS js-fuzzer-boundary-85faf3787c26.js [5503/10000] status=ok obs=c81e728d9d4c coverage=+0/32/38 time=2ms
  RUN js-fuzzer-class-47fbd3db5853.js [5504/10000] md5=47fbd3db58539fc2e42627a4f3168c79 bytes=101 template=class origin=seed:tests/corpus/runtime/closures-read-captured-values.test.js
 PASS js-fuzzer-class-47fbd3db5853.js [5504/10000] status=ok obs=98f137082101 coverage=+0/32/38 time=1ms
  RUN js-fuzzer-arithmetic-9111323a850f.js [5505/10000] md5=9111323a850f98ffa7a3b8b247d20e79 bytes=84 template=arithmetic origin=seed:tests/corpus/runtime/exceptions-and-nullish.test.js
 PASS js-fuzzer-arithmetic-9111323a850f.js [5505/10000] status=ok obs=7647966b7343 coverage=+0/32/38 time=2ms
  RUN js-fuzzer-function-d3859b93eee1.js [5506/10000] md5=d3859b93eee1f3bcfec0cda51c4d02bf bytes=153 template=function origin=seed:tests/corpus/runtime/functions-closures-and-arrows.test.js
 PASS js-fuzzer-function-d3859b93eee1.js [5506/10000] status=ok obs=a87ff679a2f3 coverage=+0/32/38 time=1ms
  RUN js-fuzzer-array-object-aea676d03f19.js [5507/10000] md5=aea676d03f19031f6ab56b86b6e87d6e bytes=133 template=array-object origin=seed:tests/corpus/runtime/lexical-shadowing.test.js
 PASS js-fuzzer-array-object-aea676d03f19.js [5507/10000] status=ok obs=6512bd43d9ca coverage=+0/32/38 time=1ms
  RUN js-fuzzer-closure-67354f978ee4.js [5508/10000] md5=67354f978ee43d600c8bc22b5926e32c bytes=183 template=closure origin=seed:tests/corpus/runtime/modules-export.test.js
 PASS js-fuzzer-closure-67354f978ee4.js [5508/10000] status=ok obs=6ea9ab1baa0e coverage=+0/32/38 time=2ms
  RUN js-fuzzer-corpus-c557f8da2a9d.js [5509/10000] md5=c557f8da2a9d2904c70dca50c3eeb50e bytes=191 template=corpus origin=tests/corpus/runtime/nested-try-finally.test.js
 PASS js-fuzzer-corpus-c557f8da2a9d.js [5509/10000] status=ok obs=8f14e45fceea coverage=+0/32/38 time=1ms
  RUN js-fuzzer-boundary-ccde2dac26f6.js [5510/10000] md5=ccde2dac26f6d3fd46c3698825685fe3 bytes=113 template=boundary origin=boundary:1
 PASS js-fuzzer-boundary-ccde2dac26f6.js [5510/10000] status=ok obs=c4ca4238a0b9 coverage=+0/32/38 time=2ms
  RUN js-fuzzer-try-catch-14bcb064f014.js [5511/10000] md5=14bcb064f014dbe91c2010889dcaa2c0 bytes=110 template=try-catch origin=seed:tests/corpus/syntax/logical-unary-nullish.test.js
 PASS js-fuzzer-try-catch-14bcb064f014.js [5511/10000] status=ok obs=c0c7c76d30bd coverage=+0/32/38 time=2ms
  RUN js-fuzzer-class-b1e3642c0208.js [5512/10000] md5=b1e3642c0208992266fb21668a536292 bytes=100 template=class origin=seed:tests/corpus/syntax/object-destructure-and-members.test.js
 PASS js-fuzzer-class-b1e3642c0208.js [5512/10000] status=ok obs=c9f0f895fb98 coverage=+0/32/38 time=1ms
  RUN js-fuzzer-arithmetic-03e7664b9a30.js [5513/10000] md5=03e7664b9a30a8bea370bba57d6c7979 bytes=84 template=arithmetic origin=seed:tests/corpus/syntax/switch-do-while-sequence.test.js
 PASS js-fuzzer-arithmetic-03e7664b9a30.js [5513/10000] status=ok obs=d67d8ab4f4c1 coverage=+0/32/38 time=2ms
  RUN js-fuzzer-function-7078b1558e88.js [5514/10000] md5=7078b1558e88c84f2ce4ff32c844a13e bytes=153 template=function origin=seed:tests/corpus/syntax/template-array-destructure.test.js
 PASS js-fuzzer-function-7078b1558e88.js [5514/10000] status=ok obs=1679091c5a88 coverage=+0/32/38 time=2ms
  RUN js-fuzzer-array-object-1de2b8b881e2.js [5515/10000] md5=1de2b8b881e202299b68c5e172a7ec14 bytes=133 template=array-object origin=seed:tests/corpus/syntax/typescript-assertions.test.ts
 PASS js-fuzzer-array-object-1de2b8b881e2.js [5515/10000] status=ok obs=d3d9446802a4 coverage=+0/32/38 time=1ms
  RUN js-fuzzer-closure-d76224201035.js [5516/10000] md5=d762242010354168e8a71a9306569ad1 bytes=184 template=closure origin=seed:tests/corpus/syntax/typescript-non-null-satisfies.test.ts
 PASS js-fuzzer-closure-d76224201035.js [5516/10000] status=ok obs=e2c420d928d4 coverage=+0/32/38 time=2ms
  RUN js-fuzzer-boundary-37492c99ff33.js [5517/10000] md5=37492c99ff33e9d5e09e0b8e84ba785a bytes=129 template=boundary origin=boundary:-9007199254740991
 PASS js-fuzzer-boundary-37492c99ff33.js [5517/10000] status=ok obs=b3f3a95848f6 coverage=+0/32/38 time=1ms
  RUN js-fuzzer-corpus-ab8ca4f8757c.js [5518/10000] md5=ab8ca4f8757c6165b29cd6a662edad93 bytes=450 template=corpus origin=tests/corpus/fixtures/state-machine-workflow.test.js
 PASS js-fuzzer-corpus-ab8ca4f8757c.js [5518/10000] status=ok obs=b9f49c580664 coverage=+0/32/38 time=2ms
  RUN js-fuzzer-try-catch-a4e2330c4919.js [5519/10000] md5=a4e2330c49196805169dbf8449e466fa bytes=110 template=try-catch origin=seed:tests/corpus/fixtures/vue-script-workflow.test.vue
 PASS js-fuzzer-try-catch-a4e2330c4919.js [5519/10000] status=ok obs=3c59dc048e88 coverage=+0/32/38 time=2ms
  RUN js-fuzzer-class-51ea152a707e.js [5520/10000] md5=51ea152a707ed5422ab3e5b3ddb7fe43 bytes=100 template=class origin=seed:tests/corpus/obfuscation/constant-tag-mix.test.js
 PASS js-fuzzer-class-51ea152a707e.js [5520/10000] status=ok obs=e4da3b7fbbce coverage=+0/32/38 time=2ms
  RUN js-fuzzer-arithmetic-78ca56a97797.js [5521/10000] md5=78ca56a97797615c3cc9d14606e1d59e bytes=85 template=arithmetic origin=seed:tests/corpus/obfuscation/extern-slot-permutation.test.js
 PASS js-fuzzer-arithmetic-78ca56a97797.js [5521/10000] status=ok obs=115f89503138 coverage=+0/32/38 time=1ms
  RUN js-fuzzer-function-21f30959172f.js [5522/10000] md5=21f30959172fc1289c7ff8ad630f96bf bytes=153 template=function origin=seed:tests/corpus/obfuscation/externs-console.test.js
 PASS js-fuzzer-function-21f30959172f.js [5522/10000] status=ok obs=4e732ced3463 coverage=+0/32/38 time=3ms
  RUN js-fuzzer-array-object-9234a987cee6.js [5523/10000] md5=9234a987cee6ccd43a7b5a16e0939788 bytes=133 template=array-object origin=seed:tests/corpus/obfuscation/seed-sensitive-functions.test.js
 PASS js-fuzzer-array-object-9234a987cee6.js [5523/10000] status=ok obs=c20ad4d76fe9 coverage=+0/32/38 time=1ms
  RUN js-fuzzer-boundary-56f451fe2902.js [5524/10000] md5=56f451fe2902341a3a470031c46238b3 bytes=123 template=boundary origin=boundary:-2147483648
 PASS js-fuzzer-boundary-56f451fe2902.js [5524/10000] status=ok obs=034ff5946105 coverage=+0/32/38 time=2ms
  RUN js-fuzzer-block-scope-0fffa3c5ef20.js [5525/10000] md5=0fffa3c5ef20042b10d9c41d545d90c8 bytes=114 template=block-scope origin=seed:tests/corpus/regressions/multiple-functions-fib-add.test.js
 PASS js-fuzzer-block-scope-0fffa3c5ef20.js [5525/10000] status=ok obs=a97da629b098 coverage=+0/32/38 time=1ms
  RUN js-fuzzer-loop-b88258462a8d.js [5526/10000] md5=b88258462a8d880f8b0e459fa23b2536 bytes=81 template=loop origin=seed:tests/corpus/regressions/scope-compressed-closure-params.test.js
 PASS js-fuzzer-loop-b88258462a8d.js [5526/10000] status=ok obs=3c59dc048e88 coverage=+0/32/38 time=2ms
  RUN js-fuzzer-corpus-a07012429fce.js [5527/10000] md5=a07012429fce4b4d7c8af42f445f70b9 bytes=163 template=corpus origin=tests/corpus/runtime/arrays-objects-methods.test.js
 PASS js-fuzzer-corpus-a07012429fce.js [5527/10000] status=ok obs=c51ce410c124 coverage=+0/32/38 time=2ms
  RUN js-fuzzer-class-a9875f561daf.js [5528/10000] md5=a9875f561daf181d949c68fc070db0e0 bytes=101 template=class origin=seed:tests/corpus/runtime/block-scopes.test.js
 PASS js-fuzzer-class-a9875f561daf.js [5528/10000] status=ok obs=aab3238922bc coverage=+0/32/38 time=1ms
  RUN js-fuzzer-arithmetic-71f9f54840f3.js [5529/10000] md5=71f9f54840f35a5e1cb97b06d8617b9e bytes=85 template=arithmetic origin=seed:tests/corpus/runtime/class-fields-static-methods.test.js
 PASS js-fuzzer-arithmetic-71f9f54840f3.js [5529/10000] status=ok obs=eddea82ad275 coverage=+0/32/38 time=2ms
  RUN js-fuzzer-function-c472354a037a.js [5530/10000] md5=c472354a037a48d197cd60b4e04af6e0 bytes=153 template=function origin=seed:tests/corpus/runtime/classes-and-objects.test.js
 PASS js-fuzzer-function-c472354a037a.js [5530/10000] status=ok obs=02e74f10e032 coverage=+0/32/38 time=2ms
  RUN js-fuzzer-boundary-6d89c3a838ae.js [5531/10000] md5=6d89c3a838ae354bda64ec37ec2b63b1 bytes=114 template=boundary origin=boundary:-2
 PASS js-fuzzer-boundary-6d89c3a838ae.js [5531/10000] status=ok obs=5d7b9adcbe1c coverage=+0/32/38 time=2ms
  RUN js-fuzzer-closure-568d55d4bf17.js [5532/10000] md5=568d55d4bf1786fac40e15100031150c bytes=185 template=closure origin=seed:tests/corpus/runtime/closures-read-captured-values.test.js
 PASS js-fuzzer-closure-568d55d4bf17.js [5532/10000] status=ok obs=67c6a1e7ce56 coverage=+0/32/38 time=2ms
  RUN js-fuzzer-block-scope-457ab2a38efb.js [5533/10000] md5=457ab2a38efb9670e933edf492eb7c27 bytes=114 template=block-scope origin=seed:tests/corpus/runtime/exceptions-and-nullish.test.js
 PASS js-fuzzer-block-scope-457ab2a38efb.js [5533/10000] status=ok obs=65b9eea6e1cc coverage=+0/32/38 time=1ms
  RUN js-fuzzer-loop-b88258462a8d.js [5534/10000] md5=b88258462a8d880f8b0e459fa23b2536 bytes=81 template=loop origin=seed:tests/corpus/runtime/functions-closures-and-arrows.test.js
 PASS js-fuzzer-loop-b88258462a8d.js [5534/10000] status=ok obs=3c59dc048e88 coverage=+0/32/38 time=2ms
  RUN js-fuzzer-try-catch-684f084d24b8.js [5535/10000] md5=684f084d24b8db7c12c5b7b39189e1fb bytes=110 template=try-catch origin=seed:tests/corpus/runtime/lexical-shadowing.test.js
 PASS js-fuzzer-try-catch-684f084d24b8.js [5535/10000] status=ok obs=3416a75f4cea coverage=+0/32/38 time=2ms
  RUN js-fuzzer-corpus-4131d841163b.js [5536/10000] md5=4131d841163b79e192bca9d4fc683c54 bytes=58 template=corpus origin=tests/corpus/runtime/modules-export.test.js
 PASS js-fuzzer-corpus-4131d841163b.js [5536/10000] status=ok obs=8f14e45fceea coverage=+0/32/38 time=1ms
  RUN js-fuzzer-arithmetic-a1b9337ef0ef.js [5537/10000] md5=a1b9337ef0ef383bc52b87d9eb5d91d9 bytes=85 template=arithmetic origin=seed:tests/corpus/runtime/nested-try-finally.test.js
 PASS js-fuzzer-arithmetic-a1b9337ef0ef.js [5537/10000] status=ok obs=b2eb73490357 coverage=+0/32/38 time=2ms
  RUN js-fuzzer-boundary-7f379f781f4f.js [5538/10000] md5=7f379f781f4f9844733fb0f4c5d8aa15 bytes=114 template=boundary origin=boundary:-1
 PASS js-fuzzer-boundary-7f379f781f4f.js [5538/10000] status=ok obs=6bb61e3b7bce coverage=+0/32/38 time=1ms
  RUN js-fuzzer-array-object-8f47ce99545b.js [5539/10000] md5=8f47ce99545bd5edec34a59307701d66 bytes=133 template=array-object origin=seed:tests/corpus/syntax/logical-unary-nullish.test.js
 PASS js-fuzzer-array-object-8f47ce99545b.js [5539/10000] status=ok obs=9bf31c7ff062 coverage=+0/32/38 time=2ms
  RUN js-fuzzer-closure-684c58a706f8.js [5540/10000] md5=684c58a706f826b3d6b631cbc9c662ad bytes=183 template=closure origin=seed:tests/corpus/syntax/object-destructure-and-members.test.js
 PASS js-fuzzer-closure-684c58a706f8.js [5540/10000] status=ok obs=c51ce410c124 coverage=+0/32/38 time=2ms
  RUN js-fuzzer-block-scope-f4af244bce9d.js [5541/10000] md5=f4af244bce9d564ffa8b0548ef025cb6 bytes=114 template=block-scope origin=seed:tests/corpus/syntax/switch-do-while-sequence.test.js
 PASS js-fuzzer-block-scope-f4af244bce9d.js [5541/10000] status=ok obs=c9e1074f5b3f coverage=+0/32/38 time=1ms
  RUN js-fuzzer-loop-54e460cecf5c.js [5542/10000] md5=54e460cecf5c05dfcffaa3b2e5f57445 bytes=81 template=loop origin=seed:tests/corpus/syntax/template-array-destructure.test.js
 PASS js-fuzzer-loop-54e460cecf5c.js [5542/10000] status=ok obs=d3d9446802a4 coverage=+0/32/38 time=2ms
  RUN js-fuzzer-try-catch-78409afcd812.js [5543/10000] md5=78409afcd812e57d07238a91d9d67ddf bytes=110 template=try-catch origin=seed:tests/corpus/syntax/typescript-assertions.test.ts
 PASS js-fuzzer-try-catch-78409afcd812.js [5543/10000] status=ok obs=17e62166fc85 coverage=+0/32/38 time=1ms
  RUN js-fuzzer-class-ff7d9ca3da86.js [5544/10000] md5=ff7d9ca3da86b49917ac34b4d48e8df9 bytes=101 template=class origin=seed:tests/corpus/syntax/typescript-non-null-satisfies.test.ts
 PASS js-fuzzer-class-ff7d9ca3da86.js [5544/10000] status=ok obs=c20ad4d76fe9 coverage=+0/32/38 time=1ms
  RUN js-fuzzer-corpus-797f152bf878.js [5545/10000] md5=797f152bf878d5049066c6db6d2360b3 bytes=355 template=corpus origin=tests/corpus/fixtures/job-workflow.test.js
 PASS js-fuzzer-corpus-797f152bf878.js [5545/10000] status=ok obs=b9de0628c8ec coverage=+0/32/38 time=2ms
  RUN js-fuzzer-function-4b9684ea9e29.js [5546/10000] md5=4b9684ea9e291ddb6515f98bf0c93905 bytes=153 template=function origin=seed:tests/corpus/fixtures/state-machine-workflow.test.js
 PASS js-fuzzer-function-4b9684ea9e29.js [5546/10000] status=ok obs=eccbc87e4b5c coverage=+0/32/38 time=2ms
  RUN js-fuzzer-array-object-8c896a739d84.js [5547/10000] md5=8c896a739d848932423db788a7f2f672 bytes=133 template=array-object origin=seed:tests/corpus/fixtures/vue-script-workflow.test.vue
 PASS js-fuzzer-array-object-8c896a739d84.js [5547/10000] status=ok obs=c51ce410c124 coverage=+0/32/38 time=1ms
  RUN js-fuzzer-closure-d38c2bf4278b.js [5548/10000] md5=d38c2bf4278b6215fb4c3b9d2029da59 bytes=184 template=closure origin=seed:tests/corpus/obfuscation/constant-tag-mix.test.js
 PASS js-fuzzer-closure-d38c2bf4278b.js [5548/10000] status=ok obs=2838023a778d coverage=+0/32/38 time=2ms
  RUN js-fuzzer-block-scope-041ad61d2adf.js [5549/10000] md5=041ad61d2adf327a5cb0cee5a2d4512d bytes=114 template=block-scope origin=seed:tests/corpus/obfuscation/extern-slot-permutation.test.js
 PASS js-fuzzer-block-scope-041ad61d2adf.js [5549/10000] status=ok obs=65b9eea6e1cc coverage=+0/32/38 time=2ms
  RUN js-fuzzer-loop-b88258462a8d.js [5550/10000] md5=b88258462a8d880f8b0e459fa23b2536 bytes=81 template=loop origin=seed:tests/corpus/obfuscation/externs-console.test.js
 PASS js-fuzzer-loop-b88258462a8d.js [5550/10000] status=ok obs=3c59dc048e88 coverage=+0/32/38 time=1ms
  RUN js-fuzzer-try-catch-684f084d24b8.js [5551/10000] md5=684f084d24b8db7c12c5b7b39189e1fb bytes=110 template=try-catch origin=seed:tests/corpus/obfuscation/seed-sensitive-functions.test.js
 PASS js-fuzzer-try-catch-684f084d24b8.js [5551/10000] status=ok obs=3416a75f4cea coverage=+0/32/38 time=2ms
  RUN js-fuzzer-boundary-83aee5cf07de.js [5552/10000] md5=83aee5cf07deb9d5ce59aec8aff7a227 bytes=128 template=boundary origin=boundary:9007199254740991
 PASS js-fuzzer-boundary-83aee5cf07de.js [5552/10000] status=ok obs=8bfa9ad090fb coverage=+0/32/38 time=2ms
  RUN js-fuzzer-arithmetic-419752e3947a.js [5553/10000] md5=419752e3947aba6433775795e6cbe777 bytes=85 template=arithmetic origin=seed:tests/corpus/regressions/multiple-functions-fib-add.test.js
 PASS js-fuzzer-arithmetic-419752e3947a.js [5553/10000] status=ok obs=14bfa6bb1487 coverage=+0/32/38 time=1ms
  RUN js-fuzzer-corpus-c28cfb056309.js [5554/10000] md5=c28cfb056309f2a77f8bd9756b123c54 bytes=147 template=corpus origin=tests/corpus/regressions/scope-compressed-closure-params.test.js
 PASS js-fuzzer-corpus-c28cfb056309.js [5554/10000] status=ok obs=c51ce410c124 coverage=+0/32/38 time=2ms
  RUN js-fuzzer-array-object-0b743f75bfb1.js [5555/10000] md5=0b743f75bfb144bcc2900dc0cdd76a48 bytes=133 template=array-object origin=seed:tests/corpus/runtime/arrays-objects-methods.test.js
 PASS js-fuzzer-array-object-0b743f75bfb1.js [5555/10000] status=ok obs=aab3238922bc coverage=+0/32/38 time=1ms
  RUN js-fuzzer-closure-2afb95a67c88.js [5556/10000] md5=2afb95a67c88a1d263227eec8cb0dea8 bytes=184 template=closure origin=seed:tests/corpus/runtime/block-scopes.test.js
 PASS js-fuzzer-closure-2afb95a67c88.js [5556/10000] status=ok obs=1c383cd30b7c coverage=+0/32/38 time=2ms
  RUN js-fuzzer-block-scope-48f2f9956d1a.js [5557/10000] md5=48f2f9956d1af52ff488b20e9feb23da bytes=114 template=block-scope origin=seed:tests/corpus/runtime/class-fields-static-methods.test.js
 PASS js-fuzzer-block-scope-48f2f9956d1a.js [5557/10000] status=ok obs=f0935e4cd592 coverage=+0/32/38 time=2ms
  RUN js-fuzzer-loop-d35707ad0bf7.js [5558/10000] md5=d35707ad0bf74148f671ad8943998af6 bytes=81 template=loop origin=seed:tests/corpus/runtime/classes-and-objects.test.js
 PASS js-fuzzer-loop-d35707ad0bf7.js [5558/10000] status=ok obs=9bf31c7ff062 coverage=+0/32/38 time=1ms
  RUN js-fuzzer-boundary-4b188851088a.js [5559/10000] md5=4b188851088a18b5b5e1424320aec545 bytes=122 template=boundary origin=boundary:2147483647
 PASS js-fuzzer-boundary-4b188851088a.js [5559/10000] status=ok obs=c588c0a459f4 coverage=+0/32/38 time=2ms
  RUN js-fuzzer-class-3b630e2d834a.js [5560/10000] md5=3b630e2d834a95a01ee75571f8bc0075 bytes=101 template=class origin=seed:tests/corpus/runtime/closures-read-captured-values.test.js
 PASS js-fuzzer-class-3b630e2d834a.js [5560/10000] status=ok obs=6512bd43d9ca coverage=+0/32/38 time=2ms
  RUN js-fuzzer-arithmetic-0b88bae894fc.js [5561/10000] md5=0b88bae894fc263392c586877e520caa bytes=84 template=arithmetic origin=seed:tests/corpus/runtime/exceptions-and-nullish.test.js
 PASS js-fuzzer-arithmetic-0b88bae894fc.js [5561/10000] status=ok obs=a3c65c297427 coverage=+0/32/38 time=1ms
  RUN js-fuzzer-function-831f4ac0cd0e.js [5562/10000] md5=831f4ac0cd0ee5c472d5e3bccfaabf34 bytes=153 template=function origin=seed:tests/corpus/runtime/functions-closures-and-arrows.test.js
 PASS js-fuzzer-function-831f4ac0cd0e.js [5562/10000] status=ok obs=c9f0f895fb98 coverage=+0/32/38 time=2ms
  RUN js-fuzzer-corpus-463d4dee8a1f.js [5563/10000] md5=463d4dee8a1f930fa8af57a704cacf3e bytes=232 template=corpus origin=tests/corpus/runtime/lexical-shadowing.test.js
 PASS js-fuzzer-corpus-463d4dee8a1f.js [5563/10000] status=ok obs=c51ce410c124 coverage=+0/32/38 time=1ms
  RUN js-fuzzer-closure-65373065d904.js [5564/10000] md5=65373065d90497ca4144e84a42223213 bytes=183 template=closure origin=seed:tests/corpus/runtime/modules-export.test.js
 PASS js-fuzzer-closure-65373065d904.js [5564/10000] status=ok obs=1f0e3dad9990 coverage=+0/32/38 time=1ms
  RUN js-fuzzer-block-scope-9e4782b43fd1.js [5565/10000] md5=9e4782b43fd166fd159be156661cfecd bytes=114 template=block-scope origin=seed:tests/corpus/runtime/nested-try-finally.test.js
 PASS js-fuzzer-block-scope-9e4782b43fd1.js [5565/10000] status=ok obs=a97da629b098 coverage=+0/32/38 time=2ms
  RUN js-fuzzer-boundary-85faf3787c26.js [5566/10000] md5=85faf3787c26ca3bad9215a544873988 bytes=113 template=boundary origin=boundary:2
 PASS js-fuzzer-boundary-85faf3787c26.js [5566/10000] status=ok obs=c81e728d9d4c coverage=+0/32/38 time=1ms
  RUN js-fuzzer-try-catch-676dafc46859.js [5567/10000] md5=676dafc4685905581f3925e95c53669f bytes=110 template=try-catch origin=seed:tests/corpus/syntax/logical-unary-nullish.test.js
 PASS js-fuzzer-try-catch-676dafc46859.js [5567/10000] status=ok obs=a5771bce93e2 coverage=+0/32/38 time=2ms
  RUN js-fuzzer-class-5baf4bed5db4.js [5568/10000] md5=5baf4bed5db4f8205173226efc8fff73 bytes=101 template=class origin=seed:tests/corpus/syntax/object-destructure-and-members.test.js
 PASS js-fuzzer-class-5baf4bed5db4.js [5568/10000] status=ok obs=6f4922f45568 coverage=+0/32/38 time=2ms
  RUN js-fuzzer-arithmetic-844f73774051.js [5569/10000] md5=844f73774051ec16a871c643e29081ea bytes=84 template=arithmetic origin=seed:tests/corpus/syntax/switch-do-while-sequence.test.js
 PASS js-fuzzer-arithmetic-844f73774051.js [5569/10000] status=ok obs=67c6a1e7ce56 coverage=+0/32/38 time=1ms
  RUN js-fuzzer-function-3dca9339a683.js [5570/10000] md5=3dca9339a6831946d3c5250be8e34eee bytes=153 template=function origin=seed:tests/corpus/syntax/template-array-destructure.test.js
 PASS js-fuzzer-function-3dca9339a683.js [5570/10000] status=ok obs=e4da3b7fbbce coverage=+0/32/38 time=2ms
  RUN js-fuzzer-array-object-1f916e43f0dd.js [5571/10000] md5=1f916e43f0dd817367dc23f647fe1a50 bytes=133 template=array-object origin=seed:tests/corpus/syntax/typescript-assertions.test.ts
 PASS js-fuzzer-array-object-1f916e43f0dd.js [5571/10000] status=ok obs=6512bd43d9ca coverage=+0/32/38 time=2ms
  RUN js-fuzzer-corpus-e3eeaea0f8a2.js [5572/10000] md5=e3eeaea0f8a2c5d5b650d4007cf78b4a bytes=104 template=corpus origin=tests/corpus/syntax/typescript-non-null-satisfies.test.ts
 PASS js-fuzzer-corpus-e3eeaea0f8a2.js [5572/10000] status=ok obs=d3d9446802a4 coverage=+0/32/38 time=1ms
  RUN js-fuzzer-boundary-a6a77cc918cc.js [5573/10000] md5=a6a77cc918cc479b04ccb7be2bd80dac bytes=113 template=boundary origin=boundary:1
 PASS js-fuzzer-boundary-a6a77cc918cc.js [5573/10000] status=ok obs=c4ca4238a0b9 coverage=+0/32/38 time=2ms
  RUN js-fuzzer-loop-f495ca2fc638.js [5574/10000] md5=f495ca2fc6389f933578fc501f5b1465 bytes=81 template=loop origin=seed:tests/corpus/fixtures/state-machine-workflow.test.js
 PASS js-fuzzer-loop-f495ca2fc638.js [5574/10000] status=ok obs=c4ca4238a0b9 coverage=+0/32/38 time=1ms
  RUN js-fuzzer-try-catch-7fa76a80e531.js [5575/10000] md5=7fa76a80e531298b12538ca11d858f94 bytes=110 template=try-catch origin=seed:tests/corpus/fixtures/vue-script-workflow.test.vue
 PASS js-fuzzer-try-catch-7fa76a80e531.js [5575/10000] status=ok obs=6ea9ab1baa0e coverage=+0/32/38 time=2ms
  RUN js-fuzzer-class-51ea152a707e.js [5576/10000] md5=51ea152a707ed5422ab3e5b3ddb7fe43 bytes=100 template=class origin=seed:tests/corpus/obfuscation/constant-tag-mix.test.js
 PASS js-fuzzer-class-51ea152a707e.js [5576/10000] status=ok obs=e4da3b7fbbce coverage=+0/32/38 time=2ms
  RUN js-fuzzer-arithmetic-bbe5070236f7.js [5577/10000] md5=bbe5070236f701c1f2c9eaad96e85b1a bytes=85 template=arithmetic origin=seed:tests/corpus/obfuscation/extern-slot-permutation.test.js
 PASS js-fuzzer-arithmetic-bbe5070236f7.js [5577/10000] status=ok obs=6364d3f0f495 coverage=+0/32/38 time=1ms
  RUN js-fuzzer-function-21f30959172f.js [5578/10000] md5=21f30959172fc1289c7ff8ad630f96bf bytes=153 template=function origin=seed:tests/corpus/obfuscation/externs-console.test.js
 PASS js-fuzzer-function-21f30959172f.js [5578/10000] status=ok obs=4e732ced3463 coverage=+0/32/38 time=3ms
  RUN js-fuzzer-array-object-676e624448d5.js [5579/10000] md5=676e624448d5a2d4e41a54970e4ca084 bytes=133 template=array-object origin=seed:tests/corpus/obfuscation/seed-sensitive-functions.test.js
 PASS js-fuzzer-array-object-676e624448d5.js [5579/10000] status=ok obs=c51ce410c124 coverage=+0/32/38 time=1ms
  RUN js-fuzzer-boundary-235131a2d0d1.js [5580/10000] md5=235131a2d0d184afe9327ca3bd456dde bytes=129 template=boundary origin=boundary:-9007199254740991
 PASS js-fuzzer-boundary-235131a2d0d1.js [5580/10000] status=ok obs=b3f3a95848f6 coverage=+0/32/38 time=2ms
  RUN js-fuzzer-corpus-ad9ed8746461.js [5581/10000] md5=ad9ed87464611c6dd81b04b3754c760c bytes=214 template=corpus origin=tests/corpus/regressions/multiple-functions-fib-add.test.js
 PASS js-fuzzer-corpus-ad9ed8746461.js [5581/10000] status=ok obs=3c59dc048e88 coverage=+0/32/38 time=2ms
  RUN js-fuzzer-loop-bbf1d7a15d8d.js [5582/10000] md5=bbf1d7a15d8dd015402d75c0e0108b5f bytes=81 template=loop origin=seed:tests/corpus/regressions/scope-compressed-closure-params.test.js
 PASS js-fuzzer-loop-bbf1d7a15d8d.js [5582/10000] status=ok obs=1679091c5a88 coverage=+0/32/38 time=2ms
  RUN js-fuzzer-try-catch-4a24aaf1e66a.js [5583/10000] md5=4a24aaf1e66a8b823f90ea06221a0572 bytes=110 template=try-catch origin=seed:tests/corpus/runtime/arrays-objects-methods.test.js
 PASS js-fuzzer-try-catch-4a24aaf1e66a.js [5583/10000] status=ok obs=d67d8ab4f4c1 coverage=+0/32/38 time=2ms
  RUN js-fuzzer-class-f454a055ed5d.js [5584/10000] md5=f454a055ed5dc800cb1ab66abc7a01de bytes=100 template=class origin=seed:tests/corpus/runtime/block-scopes.test.js
 PASS js-fuzzer-class-f454a055ed5d.js [5584/10000] status=ok obs=a87ff679a2f3 coverage=+0/32/38 time=1ms
  RUN js-fuzzer-arithmetic-5d1d4a83d83f.js [5585/10000] md5=5d1d4a83d83f800b9d2efeb361d0d4df bytes=84 template=arithmetic origin=seed:tests/corpus/runtime/class-fields-static-methods.test.js
 PASS js-fuzzer-arithmetic-5d1d4a83d83f.js [5585/10000] status=ok obs=9b8619251a19 coverage=+0/32/38 time=2ms
  RUN js-fuzzer-function-f172d914fe2f.js [5586/10000] md5=f172d914fe2f2d124fd9ee51d2714545 bytes=153 template=function origin=seed:tests/corpus/runtime/classes-and-objects.test.js
 PASS js-fuzzer-function-f172d914fe2f.js [5586/10000] status=ok obs=c9f0f895fb98 coverage=+0/32/38 time=2ms
  RUN js-fuzzer-boundary-205872a6e44c.js [5587/10000] md5=205872a6e44c1ea0cf94554af934fb09 bytes=123 template=boundary origin=boundary:-2147483648
 PASS js-fuzzer-boundary-205872a6e44c.js [5587/10000] status=ok obs=034ff5946105 coverage=+0/32/38 time=1ms
  RUN js-fuzzer-closure-8723969a0600.js [5588/10000] md5=8723969a0600cc1431e156c431152e89 bytes=184 template=closure origin=seed:tests/corpus/runtime/closures-read-captured-values.test.js
 PASS js-fuzzer-closure-8723969a0600.js [5588/10000] status=ok obs=6c8349cc7260 coverage=+0/32/38 time=2ms
  RUN js-fuzzer-block-scope-92fded31019c.js [5589/10000] md5=92fded31019c366b63c0d84345739f9a bytes=114 template=block-scope origin=seed:tests/corpus/runtime/exceptions-and-nullish.test.js
 PASS js-fuzzer-block-scope-92fded31019c.js [5589/10000] status=ok obs=65b9eea6e1cc coverage=+0/32/38 time=2ms
  RUN js-fuzzer-corpus-72746d071c58.js [5590/10000] md5=72746d071c58fadd9399bc8934c30553 bytes=197 template=corpus origin=tests/corpus/runtime/functions-closures-and-arrows.test.js
 PASS js-fuzzer-corpus-72746d071c58.js [5590/10000] status=ok obs=c74d97b01eae coverage=+0/32/38 time=1ms
  RUN js-fuzzer-try-catch-ee30a401530f.js [5591/10000] md5=ee30a401530f819cbc5581e8feb5d305 bytes=110 template=try-catch origin=seed:tests/corpus/runtime/lexical-shadowing.test.js
 PASS js-fuzzer-try-catch-ee30a401530f.js [5591/10000] status=ok obs=182be0c5cdcd coverage=+0/32/38 time=2ms
  RUN js-fuzzer-class-b1e3642c0208.js [5592/10000] md5=b1e3642c0208992266fb21668a536292 bytes=100 template=class origin=seed:tests/corpus/runtime/modules-export.test.js
 PASS js-fuzzer-class-b1e3642c0208.js [5592/10000] status=ok obs=c9f0f895fb98 coverage=+0/32/38 time=1ms
  RUN js-fuzzer-arithmetic-296176a75d53.js [5593/10000] md5=296176a75d53194368bc37489704d04a bytes=83 template=arithmetic origin=seed:tests/corpus/runtime/nested-try-finally.test.js
 PASS js-fuzzer-arithmetic-296176a75d53.js [5593/10000] status=ok obs=43ec517d68b6 coverage=+0/32/38 time=1ms
  RUN js-fuzzer-boundary-db03eeac3914.js [5594/10000] md5=db03eeac3914e8f0a7bfea9eefe9f0de bytes=114 template=boundary origin=boundary:-2
 PASS js-fuzzer-boundary-db03eeac3914.js [5594/10000] status=ok obs=5d7b9adcbe1c coverage=+0/32/38 time=2ms
  RUN js-fuzzer-array-object-1cff378389fd.js [5595/10000] md5=1cff378389fdefef1d602feab140d0de bytes=133 template=array-object origin=seed:tests/corpus/syntax/logical-unary-nullish.test.js
 PASS js-fuzzer-array-object-1cff378389fd.js [5595/10000] status=ok obs=6512bd43d9ca coverage=+0/32/38 time=1ms
  RUN js-fuzzer-closure-a3125c28b8fa.js [5596/10000] md5=a3125c28b8fa23005ff4d97fb848335a bytes=184 template=closure origin=seed:tests/corpus/syntax/object-destructure-and-members.test.js
 PASS js-fuzzer-closure-a3125c28b8fa.js [5596/10000] status=ok obs=fc490ca45c00 coverage=+0/32/38 time=2ms
  RUN js-fuzzer-block-scope-afb6dee4b2ec.js [5597/10000] md5=afb6dee4b2ec9225553c3bff3995f1a9 bytes=114 template=block-scope origin=seed:tests/corpus/syntax/switch-do-while-sequence.test.js
 PASS js-fuzzer-block-scope-afb6dee4b2ec.js [5597/10000] status=ok obs=a97da629b098 coverage=+0/32/38 time=1ms
  RUN js-fuzzer-loop-54e460cecf5c.js [5598/10000] md5=54e460cecf5c05dfcffaa3b2e5f57445 bytes=81 template=loop origin=seed:tests/corpus/syntax/template-array-destructure.test.js
 PASS js-fuzzer-loop-54e460cecf5c.js [5598/10000] status=ok obs=d3d9446802a4 coverage=+0/32/38 time=1ms
  RUN js-fuzzer-corpus-57a83a4b020d.js [5599/10000] md5=57a83a4b020d4b85b42b0a3709f283ad bytes=130 template=corpus origin=tests/corpus/syntax/typescript-assertions.test.ts
 PASS js-fuzzer-corpus-57a83a4b020d.js [5599/10000] status=ok obs=45c48cce2e2d coverage=+0/32/38 time=2ms
  RUN js-fuzzer-class-ff7d9ca3da86.js [5600/10000] md5=ff7d9ca3da86b49917ac34b4d48e8df9 bytes=101 template=class origin=seed:tests/corpus/syntax/typescript-non-null-satisfies.test.ts
 PASS js-fuzzer-class-ff7d9ca3da86.js [5600/10000] status=ok obs=c20ad4d76fe9 coverage=+0/32/38 time=1ms
  RUN js-fuzzer-boundary-61a9a82f5f08.js [5601/10000] md5=61a9a82f5f08bc177f13c805ba785d7d bytes=114 template=boundary origin=boundary:-1
 PASS js-fuzzer-boundary-61a9a82f5f08.js [5601/10000] status=ok obs=6bb61e3b7bce coverage=+0/32/38 time=2ms
  RUN js-fuzzer-function-06471e1fced1.js [5602/10000] md5=06471e1fced163f025e3f67e77c6ce04 bytes=153 template=function origin=seed:tests/corpus/fixtures/state-machine-workflow.test.js
 PASS js-fuzzer-function-06471e1fced1.js [5602/10000] status=ok obs=45c48cce2e2d coverage=+0/32/38 time=2ms
  RUN js-fuzzer-array-object-08152533cb33.js [5603/10000] md5=08152533cb3369baff6e20662a4565e4 bytes=133 template=array-object origin=seed:tests/corpus/fixtures/vue-script-workflow.test.vue
 PASS js-fuzzer-array-object-08152533cb33.js [5603/10000] status=ok obs=aab3238922bc coverage=+0/32/38 time=2ms
  RUN js-fuzzer-closure-71c3f3878a77.js [5604/10000] md5=71c3f3878a777a5dedd4738ed4a02822 bytes=183 template=closure origin=seed:tests/corpus/obfuscation/constant-tag-mix.test.js
 PASS js-fuzzer-closure-71c3f3878a77.js [5604/10000] status=ok obs=6512bd43d9ca coverage=+0/32/38 time=1ms
  RUN js-fuzzer-block-scope-eeb07e4712f5.js [5605/10000] md5=eeb07e4712f5b491c95d1d46d689b778 bytes=114 template=block-scope origin=seed:tests/corpus/obfuscation/extern-slot-permutation.test.js
 PASS js-fuzzer-block-scope-eeb07e4712f5.js [5605/10000] status=ok obs=6974ce5ac660 coverage=+0/32/38 time=2ms
  RUN js-fuzzer-loop-55c7c905bffb.js [5606/10000] md5=55c7c905bffb4bbbc4c8fb9b91df6ad8 bytes=81 template=loop origin=seed:tests/corpus/obfuscation/externs-console.test.js
 PASS js-fuzzer-loop-55c7c905bffb.js [5606/10000] status=ok obs=eccbc87e4b5c coverage=+0/32/38 time=2ms
  RUN js-fuzzer-try-catch-0db921dfa62d.js [5607/10000] md5=0db921dfa62dbbfd21889addc9a83362 bytes=110 template=try-catch origin=seed:tests/corpus/obfuscation/seed-sensitive-functions.test.js
 PASS js-fuzzer-try-catch-0db921dfa62d.js [5607/10000] status=ok obs=34173cb38f07 coverage=+0/32/38 time=1ms
  RUN js-fuzzer-corpus-79643e915862.js [5608/10000] md5=79643e91586251700d34c0c65a0220da bytes=89 template=corpus origin=tests/corpus/regressions/destructuring-lowers-to-member.test.js
 PASS js-fuzzer-corpus-79643e915862.js [5608/10000] status=ok obs=eccbc87e4b5c coverage=+0/32/38 time=2ms
  RUN js-fuzzer-arithmetic-891f5c4105e4.js [5609/10000] md5=891f5c4105e4c26438f73986a40e6b7c bytes=85 template=arithmetic origin=seed:tests/corpus/regressions/multiple-functions-fib-add.test.js
 PASS js-fuzzer-arithmetic-891f5c4105e4.js [5609/10000] status=ok obs=b53b3a3d6ab9 coverage=+0/32/38 time=1ms
  RUN js-fuzzer-function-e04598e59cc1.js [5610/10000] md5=e04598e59cc109c5f5c20638fe37a892 bytes=153 template=function origin=seed:tests/corpus/regressions/scope-compressed-closure-params.test.js
 PASS js-fuzzer-function-e04598e59cc1.js [5610/10000] status=ok obs=d3d9446802a4 coverage=+0/32/38 time=2ms
  RUN js-fuzzer-array-object-5e323fc19b5e.js [5611/10000] md5=5e323fc19b5e208f7ebc4b69e8563174 bytes=133 template=array-object origin=seed:tests/corpus/runtime/arrays-objects-methods.test.js
 PASS js-fuzzer-array-object-5e323fc19b5e.js [5611/10000] status=ok obs=9bf31c7ff062 coverage=+0/32/38 time=2ms
  RUN js-fuzzer-closure-85690de51ff6.js [5612/10000] md5=85690de51ff67441c681fddbd0c60269 bytes=183 template=closure origin=seed:tests/corpus/runtime/block-scopes.test.js
 PASS js-fuzzer-closure-85690de51ff6.js [5612/10000] status=ok obs=37693cfc7480 coverage=+0/32/38 time=2ms
  RUN js-fuzzer-block-scope-06ac02369cd7.js [5613/10000] md5=06ac02369cd7513096646f945b821d0f bytes=114 template=block-scope origin=seed:tests/corpus/runtime/class-fields-static-methods.test.js
 PASS js-fuzzer-block-scope-06ac02369cd7.js [5613/10000] status=ok obs=ec8956637a99 coverage=+0/32/38 time=1ms
  RUN js-fuzzer-loop-f495ca2fc638.js [5614/10000] md5=f495ca2fc6389f933578fc501f5b1465 bytes=81 template=loop origin=seed:tests/corpus/runtime/classes-and-objects.test.js
 PASS js-fuzzer-loop-f495ca2fc638.js [5614/10000] status=ok obs=c4ca4238a0b9 coverage=+0/32/38 time=2ms
  RUN js-fuzzer-boundary-4bea2a6e0cb0.js [5615/10000] md5=4bea2a6e0cb0c7bb0b29e5b5d44112d8 bytes=128 template=boundary origin=boundary:9007199254740991
 PASS js-fuzzer-boundary-4bea2a6e0cb0.js [5615/10000] status=ok obs=dc9a0d67a31d coverage=+0/32/38 time=1ms
  RUN js-fuzzer-class-47fbd3db5853.js [5616/10000] md5=47fbd3db58539fc2e42627a4f3168c79 bytes=101 template=class origin=seed:tests/corpus/runtime/closures-read-captured-values.test.js
 PASS js-fuzzer-class-47fbd3db5853.js [5616/10000] status=ok obs=98f137082101 coverage=+0/32/38 time=1ms
  RUN js-fuzzer-corpus-cf8fb96e8476.js [5617/10000] md5=cf8fb96e8476c262b73583c86dd80821 bytes=178 template=corpus origin=tests/corpus/runtime/exceptions-and-nullish.test.js
 PASS js-fuzzer-corpus-cf8fb96e8476.js [5617/10000] status=ok obs=24ed5e8718fc coverage=+0/32/38 time=2ms
  RUN js-fuzzer-function-0b0d1f5ee746.js [5618/10000] md5=0b0d1f5ee746281ffbedfb7f7f4c45bc bytes=153 template=function origin=seed:tests/corpus/runtime/functions-closures-and-arrows.test.js
 PASS js-fuzzer-function-0b0d1f5ee746.js [5618/10000] status=ok obs=e4da3b7fbbce coverage=+0/32/38 time=1ms
  RUN js-fuzzer-array-object-ff9c5a36e3ce.js [5619/10000] md5=ff9c5a36e3cee8a82bfedb77a9409184 bytes=133 template=array-object origin=seed:tests/corpus/runtime/lexical-shadowing.test.js
 PASS js-fuzzer-array-object-ff9c5a36e3ce.js [5619/10000] status=ok obs=1679091c5a88 coverage=+0/32/38 time=2ms
  RUN js-fuzzer-closure-b3150db307e7.js [5620/10000] md5=b3150db307e73d214ce02d91550cb537 bytes=185 template=closure origin=seed:tests/corpus/runtime/modules-export.test.js
 PASS js-fuzzer-closure-b3150db307e7.js [5620/10000] status=ok obs=7f39f8317fbd coverage=+0/32/38 time=2ms
  RUN js-fuzzer-block-scope-53cd7c53dcef.js [5621/10000] md5=53cd7c53dceff32e4732b28209c6bef1 bytes=114 template=block-scope origin=seed:tests/corpus/runtime/nested-try-finally.test.js
 PASS js-fuzzer-block-scope-53cd7c53dcef.js [5621/10000] status=ok obs=6974ce5ac660 coverage=+0/32/38 time=1ms
  RUN js-fuzzer-boundary-5c12d757f0dd.js [5622/10000] md5=5c12d757f0ddd5c6b1207b14fb1e8d0c bytes=122 template=boundary origin=boundary:2147483647
 PASS js-fuzzer-boundary-5c12d757f0dd.js [5622/10000] status=ok obs=c588c0a459f4 coverage=+0/32/38 time=2ms
  RUN js-fuzzer-try-catch-02a6aedaa978.js [5623/10000] md5=02a6aedaa97879d59ffd66c80df1d065 bytes=109 template=try-catch origin=seed:tests/corpus/syntax/logical-unary-nullish.test.js
 PASS js-fuzzer-try-catch-02a6aedaa978.js [5623/10000] status=ok obs=e4da3b7fbbce coverage=+0/32/38 time=2ms
  RUN js-fuzzer-class-ff7d9ca3da86.js [5624/10000] md5=ff7d9ca3da86b49917ac34b4d48e8df9 bytes=101 template=class origin=seed:tests/corpus/syntax/object-destructure-and-members.test.js
 PASS js-fuzzer-class-ff7d9ca3da86.js [5624/10000] status=ok obs=c20ad4d76fe9 coverage=+0/32/38 time=1ms
  RUN js-fuzzer-arithmetic-8e7039eb0752.js [5625/10000] md5=8e7039eb075217ca3e92713d974fc04e bytes=84 template=arithmetic origin=seed:tests/corpus/syntax/switch-do-while-sequence.test.js
 PASS js-fuzzer-arithmetic-8e7039eb0752.js [5625/10000] status=ok obs=1c383cd30b7c coverage=+0/32/38 time=2ms
  RUN js-fuzzer-corpus-ff388659a641.js [5626/10000] md5=ff388659a6419d1e6e01ce4e7151a52e bytes=135 template=corpus origin=tests/corpus/syntax/template-array-destructure.test.js
 PASS js-fuzzer-corpus-ff388659a641.js [5626/10000] status=ok obs=f61c9a8be43c coverage=+0/32/38 time=1ms
  RUN js-fuzzer-array-object-36552d137b60.js [5627/10000] md5=36552d137b605430f6d637e6a483ca25 bytes=133 template=array-object origin=seed:tests/corpus/syntax/typescript-assertions.test.ts
 PASS js-fuzzer-array-object-36552d137b60.js [5627/10000] status=ok obs=c74d97b01eae coverage=+0/32/38 time=2ms
  RUN js-fuzzer-closure-2200362f9c4d.js [5628/10000] md5=2200362f9c4d9c47f8ed5928ecff7d26 bytes=184 template=closure origin=seed:tests/corpus/syntax/typescript-non-null-satisfies.test.ts
 PASS js-fuzzer-closure-2200362f9c4d.js [5628/10000] status=ok obs=735b90b45681 coverage=+0/32/38 time=2ms
  RUN js-fuzzer-boundary-14a05a816d97.js [5629/10000] md5=14a05a816d975afa7654eb06610350d0 bytes=113 template=boundary origin=boundary:2
 PASS js-fuzzer-boundary-14a05a816d97.js [5629/10000] status=ok obs=c81e728d9d4c coverage=+0/32/38 time=1ms
  RUN js-fuzzer-loop-f495ca2fc638.js [5630/10000] md5=f495ca2fc6389f933578fc501f5b1465 bytes=81 template=loop origin=seed:tests/corpus/fixtures/state-machine-workflow.test.js
 PASS js-fuzzer-loop-f495ca2fc638.js [5630/10000] status=ok obs=c4ca4238a0b9 coverage=+0/32/38 time=2ms
  RUN js-fuzzer-try-catch-b442aa263f12.js [5631/10000] md5=b442aa263f129fb627b483e77db700ad bytes=110 template=try-catch origin=seed:tests/corpus/fixtures/vue-script-workflow.test.vue
 PASS js-fuzzer-try-catch-b442aa263f12.js [5631/10000] status=ok obs=c20ad4d76fe9 coverage=+0/32/38 time=1ms
  RUN js-fuzzer-class-b1e3642c0208.js [5632/10000] md5=b1e3642c0208992266fb21668a536292 bytes=100 template=class origin=seed:tests/corpus/obfuscation/constant-tag-mix.test.js
 PASS js-fuzzer-class-b1e3642c0208.js [5632/10000] status=ok obs=c9f0f895fb98 coverage=+0/32/38 time=2ms
  RUN js-fuzzer-arithmetic-c436175e5e4b.js [5633/10000] md5=c436175e5e4be85ee259e9f1d1844eae bytes=84 template=arithmetic origin=seed:tests/corpus/obfuscation/extern-slot-permutation.test.js
 PASS js-fuzzer-arithmetic-c436175e5e4b.js [5633/10000] status=ok obs=98f137082101 coverage=+0/32/38 time=2ms
  RUN js-fuzzer-function-f9a15ede1a13.js [5634/10000] md5=f9a15ede1a136ec60ae593fd7d4d8635 bytes=153 template=function origin=seed:tests/corpus/obfuscation/externs-console.test.js
 PASS js-fuzzer-function-f9a15ede1a13.js [5634/10000] status=ok obs=d3d9446802a4 coverage=+0/32/38 time=1ms
  RUN js-fuzzer-corpus-38ba19d9deb7.js [5635/10000] md5=38ba19d9deb7566cc8a420c27ada3f21 bytes=136 template=corpus origin=tests/corpus/obfuscation/seed-sensitive-functions.test.js
 PASS js-fuzzer-corpus-38ba19d9deb7.js [5635/10000] status=ok obs=a5bfc9e07964 coverage=+0/32/38 time=2ms
  RUN js-fuzzer-boundary-3ca041277ff0.js [5636/10000] md5=3ca041277ff0c3edafc1a1dcaf120940 bytes=113 template=boundary origin=boundary:1
 PASS js-fuzzer-boundary-3ca041277ff0.js [5636/10000] status=ok obs=c4ca4238a0b9 coverage=+0/32/38 time=1ms
  RUN js-fuzzer-block-scope-fcd01903f38a.js [5637/10000] md5=fcd01903f38aa111dee5ffd68bea2f1a bytes=114 template=block-scope origin=seed:tests/corpus/regressions/multiple-functions-fib-add.test.js
 PASS js-fuzzer-block-scope-fcd01903f38a.js [5637/10000] status=ok obs=f0935e4cd592 coverage=+0/32/38 time=2ms
  RUN js-fuzzer-loop-55c7c905bffb.js [5638/10000] md5=55c7c905bffb4bbbc4c8fb9b91df6ad8 bytes=81 template=loop origin=seed:tests/corpus/regressions/scope-compressed-closure-params.test.js
 PASS js-fuzzer-loop-55c7c905bffb.js [5638/10000] status=ok obs=eccbc87e4b5c coverage=+0/32/38 time=2ms
  RUN js-fuzzer-try-catch-e6fdc2579e78.js [5639/10000] md5=e6fdc2579e7880bc0b759de7af5133ab bytes=110 template=try-catch origin=seed:tests/corpus/runtime/arrays-objects-methods.test.js
 PASS js-fuzzer-try-catch-e6fdc2579e78.js [5639/10000] status=ok obs=d645920e395f coverage=+0/32/38 time=1ms
  RUN js-fuzzer-class-f454a055ed5d.js [5640/10000] md5=f454a055ed5dc800cb1ab66abc7a01de bytes=100 template=class origin=seed:tests/corpus/runtime/block-scopes.test.js
 PASS js-fuzzer-class-f454a055ed5d.js [5640/10000] status=ok obs=a87ff679a2f3 coverage=+0/32/38 time=2ms
  RUN js-fuzzer-arithmetic-beb9ae674e69.js [5641/10000] md5=beb9ae674e693f12308b921153e5dfb5 bytes=84 template=arithmetic origin=seed:tests/corpus/runtime/class-fields-static-methods.test.js
 PASS js-fuzzer-arithmetic-beb9ae674e69.js [5641/10000] status=ok obs=a5771bce93e2 coverage=+0/32/38 time=1ms
  RUN js-fuzzer-function-79bb4335938d.js [5642/10000] md5=79bb4335938d82d557d11e6633b235d0 bytes=153 template=function origin=seed:tests/corpus/runtime/classes-and-objects.test.js
 PASS js-fuzzer-function-79bb4335938d.js [5642/10000] status=ok obs=6512bd43d9ca coverage=+0/32/38 time=2ms
  RUN js-fuzzer-boundary-37492c99ff33.js [5643/10000] md5=37492c99ff33e9d5e09e0b8e84ba785a bytes=129 template=boundary origin=boundary:-9007199254740991
 PASS js-fuzzer-boundary-37492c99ff33.js [5643/10000] status=ok obs=b3f3a95848f6 coverage=+0/32/38 time=2ms
  RUN js-fuzzer-corpus-08bc93bf5789.js [5644/10000] md5=08bc93bf57897bc88ce7161fe56cd099 bytes=169 template=corpus origin=tests/corpus/runtime/closures-read-captured-values.test.js
 PASS js-fuzzer-corpus-08bc93bf5789.js [5644/10000] status=ok obs=02e74f10e032 coverage=+0/32/38 time=1ms
  RUN js-fuzzer-block-scope-11fb617d5900.js [5645/10000] md5=11fb617d590029dda70331908604740a bytes=114 template=block-scope origin=seed:tests/corpus/runtime/exceptions-and-nullish.test.js
 PASS js-fuzzer-block-scope-11fb617d5900.js [5645/10000] status=ok obs=65b9eea6e1cc coverage=+0/32/38 time=1ms
  RUN js-fuzzer-loop-d35707ad0bf7.js [5646/10000] md5=d35707ad0bf74148f671ad8943998af6 bytes=81 template=loop origin=seed:tests/corpus/runtime/functions-closures-and-arrows.test.js
 PASS js-fuzzer-loop-d35707ad0bf7.js [5646/10000] status=ok obs=9bf31c7ff062 coverage=+0/32/38 time=2ms
  RUN js-fuzzer-try-catch-10b006553cce.js [5647/10000] md5=10b006553cced3afac446c8e96bc0d8a bytes=110 template=try-catch origin=seed:tests/corpus/runtime/lexical-shadowing.test.js
 PASS js-fuzzer-try-catch-10b006553cce.js [5647/10000] status=ok obs=8e296a067a37 coverage=+0/32/38 time=1ms
  RUN js-fuzzer-class-587587295e00.js [5648/10000] md5=587587295e0075a0a19c4572e53274fe bytes=101 template=class origin=seed:tests/corpus/runtime/modules-export.test.js
 PASS js-fuzzer-class-587587295e00.js [5648/10000] status=ok obs=1f0e3dad9990 coverage=+0/32/38 time=2ms
  RUN js-fuzzer-arithmetic-6f29c888edf6.js [5649/10000] md5=6f29c888edf6ffbf143530def0b6cace bytes=85 template=arithmetic origin=seed:tests/corpus/runtime/nested-try-finally.test.js
 PASS js-fuzzer-arithmetic-6f29c888edf6.js [5649/10000] status=ok obs=bd686fd640be coverage=+0/32/38 time=2ms
  RUN js-fuzzer-boundary-205872a6e44c.js [5650/10000] md5=205872a6e44c1ea0cf94554af934fb09 bytes=123 template=boundary origin=boundary:-2147483648
 PASS js-fuzzer-boundary-205872a6e44c.js [5650/10000] status=ok obs=034ff5946105 coverage=+0/32/38 time=2ms
  RUN js-fuzzer-array-object-6d6bcb6f9ef4.js [5651/10000] md5=6d6bcb6f9ef4f79ae3fc1ea9fc876286 bytes=133 template=array-object origin=seed:tests/corpus/syntax/logical-unary-nullish.test.js
 PASS js-fuzzer-array-object-6d6bcb6f9ef4.js [5651/10000] status=ok obs=6f4922f45568 coverage=+0/32/38 time=2ms
  RUN js-fuzzer-closure-860fba736987.js [5652/10000] md5=860fba736987961b54f54d0ffe0a636b bytes=183 template=closure origin=seed:tests/corpus/syntax/object-destructure-and-members.test.js
 PASS js-fuzzer-closure-860fba736987.js [5652/10000] status=ok obs=1f0e3dad9990 coverage=+0/32/38 time=1ms
  RUN js-fuzzer-corpus-2aed353a2d20.js [5653/10000] md5=2aed353a2d200d64cbaf7beb40face20 bytes=275 template=corpus origin=tests/corpus/syntax/switch-do-while-sequence.test.js
 PASS js-fuzzer-corpus-2aed353a2d20.js [5653/10000] status=ok obs=6f4922f45568 coverage=+0/32/38 time=2ms
  RUN js-fuzzer-loop-f495ca2fc638.js [5654/10000] md5=f495ca2fc6389f933578fc501f5b1465 bytes=81 template=loop origin=seed:tests/corpus/syntax/template-array-destructure.test.js
 PASS js-fuzzer-loop-f495ca2fc638.js [5654/10000] status=ok obs=c4ca4238a0b9 coverage=+0/32/38 time=2ms
  RUN js-fuzzer-try-catch-394293a01c1f.js [5655/10000] md5=394293a01c1f5412b61d69cb8738d61b bytes=110 template=try-catch origin=seed:tests/corpus/syntax/typescript-assertions.test.ts
 PASS js-fuzzer-try-catch-394293a01c1f.js [5655/10000] status=ok obs=c74d97b01eae coverage=+0/32/38 time=1ms
  RUN js-fuzzer-class-ff7d9ca3da86.js [5656/10000] md5=ff7d9ca3da86b49917ac34b4d48e8df9 bytes=101 template=class origin=seed:tests/corpus/syntax/typescript-non-null-satisfies.test.ts
 PASS js-fuzzer-class-ff7d9ca3da86.js [5656/10000] status=ok obs=c20ad4d76fe9 coverage=+0/32/38 time=2ms
  RUN js-fuzzer-boundary-4ae25cb2e150.js [5657/10000] md5=4ae25cb2e15083bfca9f6b81b3f9f24b bytes=114 template=boundary origin=boundary:-2
 PASS js-fuzzer-boundary-4ae25cb2e150.js [5657/10000] status=ok obs=5d7b9adcbe1c coverage=+0/32/38 time=1ms
  RUN js-fuzzer-function-4b9684ea9e29.js [5658/10000] md5=4b9684ea9e291ddb6515f98bf0c93905 bytes=153 template=function origin=seed:tests/corpus/fixtures/state-machine-workflow.test.js
 PASS js-fuzzer-function-4b9684ea9e29.js [5658/10000] status=ok obs=eccbc87e4b5c coverage=+0/32/38 time=2ms
  RUN js-fuzzer-array-object-ffe7cda8457c.js [5659/10000] md5=ffe7cda8457c568c09bf585bcc77b85a bytes=133 template=array-object origin=seed:tests/corpus/fixtures/vue-script-workflow.test.vue
 PASS js-fuzzer-array-object-ffe7cda8457c.js [5659/10000] status=ok obs=6f4922f45568 coverage=+0/32/38 time=2ms
  RUN js-fuzzer-closure-356273d10e9c.js [5660/10000] md5=356273d10e9c4bdaf88b72241f0cc351 bytes=184 template=closure origin=seed:tests/corpus/obfuscation/constant-tag-mix.test.js
 PASS js-fuzzer-closure-356273d10e9c.js [5660/10000] status=ok obs=7f39f8317fbd coverage=+0/32/38 time=1ms
  RUN js-fuzzer-block-scope-e3231a7a656b.js [5661/10000] md5=e3231a7a656be8eb499090ebcb867bc7 bytes=114 template=block-scope origin=seed:tests/corpus/obfuscation/extern-slot-permutation.test.js
 PASS js-fuzzer-block-scope-e3231a7a656b.js [5661/10000] status=ok obs=ec8956637a99 coverage=+0/32/38 time=2ms
  RUN js-fuzzer-corpus-efd663ac427b.js [5662/10000] md5=efd663ac427b5ca270b2f8b928c902bf bytes=112 template=corpus origin=tests/corpus/obfuscation/externs-console.test.js
 PASS js-fuzzer-corpus-efd663ac427b.js [5662/10000] status=ok obs=d289993e39c8 coverage=+0/32/38 time=2ms
  RUN js-fuzzer-try-catch-081c74da6bdb.js [5663/10000] md5=081c74da6bdbcec08ff71798dacff9f1 bytes=110 template=try-catch origin=seed:tests/corpus/obfuscation/seed-sensitive-functions.test.js
 PASS js-fuzzer-try-catch-081c74da6bdb.js [5663/10000] status=ok obs=6c8349cc7260 coverage=+0/32/38 time=1ms
  RUN js-fuzzer-boundary-7f379f781f4f.js [5664/10000] md5=7f379f781f4f9844733fb0f4c5d8aa15 bytes=114 template=boundary origin=boundary:-1
 PASS js-fuzzer-boundary-7f379f781f4f.js [5664/10000] status=ok obs=6bb61e3b7bce coverage=+0/32/38 time=2ms
  RUN js-fuzzer-arithmetic-6ab73442db9e.js [5665/10000] md5=6ab73442db9eac535f994d03fc3233d9 bytes=85 template=arithmetic origin=seed:tests/corpus/regressions/multiple-functions-fib-add.test.js
 PASS js-fuzzer-arithmetic-6ab73442db9e.js [5665/10000] status=ok obs=1385974ed590 coverage=+0/32/38 time=1ms
  RUN js-fuzzer-function-8384e80192dc.js [5666/10000] md5=8384e80192dc0232cf5e505b2f7d5501 bytes=153 template=function origin=seed:tests/corpus/regressions/scope-compressed-closure-params.test.js
 PASS js-fuzzer-function-8384e80192dc.js [5666/10000] status=ok obs=e4da3b7fbbce coverage=+0/32/38 time=2ms
  RUN js-fuzzer-array-object-cae7f065764b.js [5667/10000] md5=cae7f065764b7f1982e7fdaa2df2df46 bytes=133 template=array-object origin=seed:tests/corpus/runtime/arrays-objects-methods.test.js
 PASS js-fuzzer-array-object-cae7f065764b.js [5667/10000] status=ok obs=e4da3b7fbbce coverage=+0/32/38 time=2ms
  RUN js-fuzzer-closure-b86ff73c9a61.js [5668/10000] md5=b86ff73c9a6165ba287ba3b62c8ed4da bytes=184 template=closure origin=seed:tests/corpus/runtime/block-scopes.test.js
 PASS js-fuzzer-closure-b86ff73c9a61.js [5668/10000] status=ok obs=7f39f8317fbd coverage=+0/32/38 time=1ms
  RUN js-fuzzer-block-scope-c63543f997c3.js [5669/10000] md5=c63543f997c36488ec75fbd01eca5496 bytes=114 template=block-scope origin=seed:tests/corpus/runtime/class-fields-static-methods.test.js
 PASS js-fuzzer-block-scope-c63543f997c3.js [5669/10000] status=ok obs=ec8956637a99 coverage=+0/32/38 time=2ms
  RUN js-fuzzer-loop-b88258462a8d.js [5670/10000] md5=b88258462a8d880f8b0e459fa23b2536 bytes=81 template=loop origin=seed:tests/corpus/runtime/classes-and-objects.test.js
 PASS js-fuzzer-loop-b88258462a8d.js [5670/10000] status=ok obs=3c59dc048e88 coverage=+0/32/38 time=2ms
  RUN js-fuzzer-corpus-ddcb99247fc8.js [5671/10000] md5=ddcb99247fc847c897b97c6bd6512b9f bytes=217 template=corpus origin=tests/corpus/runtime/closures-mutate-captured-bindings.test.js
 PASS js-fuzzer-corpus-ddcb99247fc8.js [5671/10000] status=ok obs=e4da3b7fbbce coverage=+0/32/38 time=1ms
  RUN js-fuzzer-class-b1e3642c0208.js [5672/10000] md5=b1e3642c0208992266fb21668a536292 bytes=100 template=class origin=seed:tests/corpus/runtime/closures-read-captured-values.test.js
 PASS js-fuzzer-class-b1e3642c0208.js [5672/10000] status=ok obs=c9f0f895fb98 coverage=+0/32/38 time=2ms
  RUN js-fuzzer-arithmetic-6c67ea53db24.js [5673/10000] md5=6c67ea53db248b6ec9b9b64903fbed28 bytes=84 template=arithmetic origin=seed:tests/corpus/runtime/exceptions-and-nullish.test.js
 PASS js-fuzzer-arithmetic-6c67ea53db24.js [5673/10000] status=ok obs=17e62166fc85 coverage=+0/32/38 time=2ms
  RUN js-fuzzer-function-8a44cf2ceed5.js [5674/10000] md5=8a44cf2ceed595d9f22254a99d394b8c bytes=153 template=function origin=seed:tests/corpus/runtime/functions-closures-and-arrows.test.js
 PASS js-fuzzer-function-8a44cf2ceed5.js [5674/10000] status=ok obs=1ff1de774005 coverage=+0/32/38 time=2ms
  RUN js-fuzzer-array-object-91cd51c19234.js [5675/10000] md5=91cd51c19234ecb8c66cfcb4e85b3f45 bytes=133 template=array-object origin=seed:tests/corpus/runtime/lexical-shadowing.test.js
 PASS js-fuzzer-array-object-91cd51c19234.js [5675/10000] status=ok obs=1f0e3dad9990 coverage=+0/32/38 time=2ms
  RUN js-fuzzer-closure-96763299b510.js [5676/10000] md5=96763299b51016dadfa0705e605fb542 bytes=184 template=closure origin=seed:tests/corpus/runtime/modules-export.test.js
 PASS js-fuzzer-closure-96763299b510.js [5676/10000] status=ok obs=d67d8ab4f4c1 coverage=+0/32/38 time=1ms
  RUN js-fuzzer-block-scope-f9a48acda436.js [5677/10000] md5=f9a48acda436a6f7fcf3ecd8ac874dbb bytes=114 template=block-scope origin=seed:tests/corpus/runtime/nested-try-finally.test.js
 PASS js-fuzzer-block-scope-f9a48acda436.js [5677/10000] status=ok obs=c9e1074f5b3f coverage=+0/32/38 time=2ms
  RUN js-fuzzer-boundary-83aee5cf07de.js [5678/10000] md5=83aee5cf07deb9d5ce59aec8aff7a227 bytes=128 template=boundary origin=boundary:9007199254740991
 PASS js-fuzzer-boundary-83aee5cf07de.js [5678/10000] status=ok obs=8bfa9ad090fb coverage=+0/32/38 time=2ms
  RUN js-fuzzer-try-catch-70fffa3518b3.js [5679/10000] md5=70fffa3518b3cd8f92c92fd09e60ecbc bytes=110 template=try-catch origin=seed:tests/corpus/syntax/logical-unary-nullish.test.js
 PASS js-fuzzer-try-catch-70fffa3518b3.js [5679/10000] status=ok obs=a5bfc9e07964 coverage=+0/32/38 time=1ms
  RUN js-fuzzer-corpus-96ebdcb81273.js [5680/10000] md5=96ebdcb81273f0e5e5778a6c70c94988 bytes=171 template=corpus origin=tests/corpus/syntax/object-destructure-and-members.test.js
 PASS js-fuzzer-corpus-96ebdcb81273.js [5680/10000] status=ok obs=bfad8dfa12ed coverage=+0/32/38 time=2ms
  RUN js-fuzzer-arithmetic-54c9826d8a42.js [5681/10000] md5=54c9826d8a42666063a40a62727a70be bytes=85 template=arithmetic origin=seed:tests/corpus/syntax/switch-do-while-sequence.test.js
 PASS js-fuzzer-arithmetic-54c9826d8a42.js [5681/10000] status=ok obs=4c56ff4ce4aa coverage=+0/32/38 time=2ms
  RUN js-fuzzer-function-53ef3ed61b76.js [5682/10000] md5=53ef3ed61b76dc45be6c66e5b3206216 bytes=153 template=function origin=seed:tests/corpus/syntax/template-array-destructure.test.js
 PASS js-fuzzer-function-53ef3ed61b76.js [5682/10000] status=ok obs=70efdf2ec9b0 coverage=+0/32/38 time=2ms
  RUN js-fuzzer-array-object-519d6e1dab04.js [5683/10000] md5=519d6e1dab0433bbeb71ccb7fabf9e6a bytes=133 template=array-object origin=seed:tests/corpus/syntax/typescript-assertions.test.ts
 PASS js-fuzzer-array-object-519d6e1dab04.js [5683/10000] status=ok obs=c51ce410c124 coverage=+0/32/38 time=1ms
  RUN js-fuzzer-closure-84553f6d7ef5.js [5684/10000] md5=84553f6d7ef5c7447dc954193831d248 bytes=184 template=closure origin=seed:tests/corpus/syntax/typescript-non-null-satisfies.test.ts
 PASS js-fuzzer-closure-84553f6d7ef5.js [5684/10000] status=ok obs=03afdbd66e79 coverage=+0/32/38 time=2ms
  RUN js-fuzzer-boundary-4b188851088a.js [5685/10000] md5=4b188851088a18b5b5e1424320aec545 bytes=122 template=boundary origin=boundary:2147483647
 PASS js-fuzzer-boundary-4b188851088a.js [5685/10000] status=ok obs=c588c0a459f4 coverage=+0/32/38 time=1ms
  RUN js-fuzzer-loop-bbf1d7a15d8d.js [5686/10000] md5=bbf1d7a15d8dd015402d75c0e0108b5f bytes=81 template=loop origin=seed:tests/corpus/fixtures/state-machine-workflow.test.js
 PASS js-fuzzer-loop-bbf1d7a15d8d.js [5686/10000] status=ok obs=1679091c5a88 coverage=+0/32/38 time=2ms
  RUN js-fuzzer-try-catch-ecde19ac059d.js [5687/10000] md5=ecde19ac059dab5b524e2da1cfde28b0 bytes=110 template=try-catch origin=seed:tests/corpus/fixtures/vue-script-workflow.test.vue
 PASS js-fuzzer-try-catch-ecde19ac059d.js [5687/10000] status=ok obs=f457c545a9de coverage=+0/32/38 time=2ms
  RUN js-fuzzer-class-a9875f561daf.js [5688/10000] md5=a9875f561daf181d949c68fc070db0e0 bytes=101 template=class origin=seed:tests/corpus/obfuscation/constant-tag-mix.test.js
 PASS js-fuzzer-class-a9875f561daf.js [5688/10000] status=ok obs=aab3238922bc coverage=+0/32/38 time=1ms
  RUN js-fuzzer-corpus-fe2d30a6e413.js [5689/10000] md5=fe2d30a6e4139e7a8b52405bed737faa bytes=220 template=corpus origin=tests/corpus/obfuscation/extern-slot-permutation.test.js
 PASS js-fuzzer-corpus-fe2d30a6e413.js [5689/10000] status=ok obs=c34c702d0256 coverage=+0/32/38 time=2ms
  RUN js-fuzzer-function-98e8c4d5dcc0.js [5690/10000] md5=98e8c4d5dcc095fbcedf7527b98fd4fe bytes=153 template=function origin=seed:tests/corpus/obfuscation/externs-console.test.js
 PASS js-fuzzer-function-98e8c4d5dcc0.js [5690/10000] status=ok obs=c9f0f895fb98 coverage=+0/32/38 time=2ms
  RUN js-fuzzer-array-object-eb189667f97b.js [5691/10000] md5=eb189667f97b9ccb6e7233b9faac7d65 bytes=133 template=array-object origin=seed:tests/corpus/obfuscation/seed-sensitive-functions.test.js
 PASS js-fuzzer-array-object-eb189667f97b.js [5691/10000] status=ok obs=1f0e3dad9990 coverage=+0/32/38 time=1ms
  RUN js-fuzzer-boundary-14a05a816d97.js [5692/10000] md5=14a05a816d975afa7654eb06610350d0 bytes=113 template=boundary origin=boundary:2
 PASS js-fuzzer-boundary-14a05a816d97.js [5692/10000] status=ok obs=c81e728d9d4c coverage=+0/32/38 time=2ms
  RUN js-fuzzer-block-scope-0c46317176e8.js [5693/10000] md5=0c46317176e854b8247f7e6459f04d02 bytes=114 template=block-scope origin=seed:tests/corpus/regressions/multiple-functions-fib-add.test.js
 PASS js-fuzzer-block-scope-0c46317176e8.js [5693/10000] status=ok obs=38b3eff8baf5 coverage=+0/32/38 time=1ms
  RUN js-fuzzer-loop-54e460cecf5c.js [5694/10000] md5=54e460cecf5c05dfcffaa3b2e5f57445 bytes=81 template=loop origin=seed:tests/corpus/regressions/scope-compressed-closure-params.test.js
 PASS js-fuzzer-loop-54e460cecf5c.js [5694/10000] status=ok obs=d3d9446802a4 coverage=+0/32/38 time=1ms
  RUN js-fuzzer-try-catch-ecee5cf418be.js [5695/10000] md5=ecee5cf418beff71c62f1aeee5aa3045 bytes=109 template=try-catch origin=seed:tests/corpus/runtime/arrays-objects-methods.test.js
 PASS js-fuzzer-try-catch-ecee5cf418be.js [5695/10000] status=ok obs=45c48cce2e2d coverage=+0/32/38 time=2ms
  RUN js-fuzzer-class-d2b3669b495d.js [5696/10000] md5=d2b3669b495dd4792f9e1509f2bbf8a7 bytes=100 template=class origin=seed:tests/corpus/runtime/block-scopes.test.js
 PASS js-fuzzer-class-d2b3669b495d.js [5696/10000] status=ok obs=eccbc87e4b5c coverage=+0/32/38 time=1ms
  RUN js-fuzzer-arithmetic-ccbb35647b73.js [5697/10000] md5=ccbb35647b73c2eac232d2b1fdb81e4a bytes=84 template=arithmetic origin=seed:tests/corpus/runtime/class-fields-static-methods.test.js
 PASS js-fuzzer-arithmetic-ccbb35647b73.js [5697/10000] status=ok obs=c74d97b01eae coverage=+0/32/38 time=2ms
  RUN js-fuzzer-corpus-663bf83cd082.js [5698/10000] md5=663bf83cd082bd221441dae6bbc85046 bytes=278 template=corpus origin=tests/corpus/runtime/classes-and-objects.test.js
 PASS js-fuzzer-corpus-663bf83cd082.js [5698/10000] status=ok obs=6f4922f45568 coverage=+0/32/38 time=2ms
  RUN js-fuzzer-boundary-ccde2dac26f6.js [5699/10000] md5=ccde2dac26f6d3fd46c3698825685fe3 bytes=113 template=boundary origin=boundary:1
 PASS js-fuzzer-boundary-ccde2dac26f6.js [5699/10000] status=ok obs=c4ca4238a0b9 coverage=+0/32/38 time=1ms
  RUN js-fuzzer-closure-712a63303258.js [5700/10000] md5=712a63303258e8498461d3220fc3decb bytes=185 template=closure origin=seed:tests/corpus/runtime/closures-read-captured-values.test.js
 PASS js-fuzzer-closure-712a63303258.js [5700/10000] status=ok obs=28dd2c7955ce coverage=+0/32/38 time=2ms
  RUN js-fuzzer-block-scope-aa99f3b15079.js [5701/10000] md5=aa99f3b1507939a1697583e3c7532b7e bytes=114 template=block-scope origin=seed:tests/corpus/runtime/exceptions-and-nullish.test.js
 PASS js-fuzzer-block-scope-aa99f3b15079.js [5701/10000] status=ok obs=38b3eff8baf5 coverage=+0/32/38 time=2ms
  RUN js-fuzzer-loop-b88258462a8d.js [5702/10000] md5=b88258462a8d880f8b0e459fa23b2536 bytes=81 template=loop origin=seed:tests/corpus/runtime/functions-closures-and-arrows.test.js
 PASS js-fuzzer-loop-b88258462a8d.js [5702/10000] status=ok obs=3c59dc048e88 coverage=+0/32/38 time=1ms
  RUN js-fuzzer-try-catch-394293a01c1f.js [5703/10000] md5=394293a01c1f5412b61d69cb8738d61b bytes=110 template=try-catch origin=seed:tests/corpus/runtime/lexical-shadowing.test.js
 PASS js-fuzzer-try-catch-394293a01c1f.js [5703/10000] status=ok obs=c74d97b01eae coverage=+0/32/38 time=2ms
  RUN js-fuzzer-class-1fb70654253d.js [5704/10000] md5=1fb70654253d944404805630039f463c bytes=101 template=class origin=seed:tests/corpus/runtime/modules-export.test.js
 PASS js-fuzzer-class-1fb70654253d.js [5704/10000] status=ok obs=c51ce410c124 coverage=+0/32/38 time=1ms
  RUN js-fuzzer-arithmetic-5834f4ab6d9a.js [5705/10000] md5=5834f4ab6d9ab55744f9ff846ce67da2 bytes=85 template=arithmetic origin=seed:tests/corpus/runtime/nested-try-finally.test.js
 PASS js-fuzzer-arithmetic-5834f4ab6d9a.js [5705/10000] status=ok obs=a4a042cf4fd6 coverage=+0/32/38 time=2ms
  RUN js-fuzzer-boundary-37492c99ff33.js [5706/10000] md5=37492c99ff33e9d5e09e0b8e84ba785a bytes=129 template=boundary origin=boundary:-9007199254740991
 PASS js-fuzzer-boundary-37492c99ff33.js [5706/10000] status=ok obs=b3f3a95848f6 coverage=+0/32/38 time=2ms
  RUN js-fuzzer-corpus-279b64032335.js [5707/10000] md5=279b640323351a1b082b98b42d2a2d55 bytes=134 template=corpus origin=tests/corpus/syntax/logical-unary-nullish.test.js
 PASS js-fuzzer-corpus-279b64032335.js [5707/10000] status=ok obs=45c48cce2e2d coverage=+0/32/38 time=1ms
  RUN js-fuzzer-closure-6b52267b7b82.js [5708/10000] md5=6b52267b7b821f47b4c5b5c510963f21 bytes=184 template=closure origin=seed:tests/corpus/syntax/object-destructure-and-members.test.js
 PASS js-fuzzer-closure-6b52267b7b82.js [5708/10000] status=ok obs=17e62166fc85 coverage=+0/32/38 time=2ms
  RUN js-fuzzer-block-scope-9929c6e8a974.js [5709/10000] md5=9929c6e8a974fc51fc8c5155b52f5f75 bytes=114 template=block-scope origin=seed:tests/corpus/syntax/switch-do-while-sequence.test.js
 PASS js-fuzzer-block-scope-9929c6e8a974.js [5709/10000] status=ok obs=c9e1074f5b3f coverage=+0/32/38 time=2ms
  RUN js-fuzzer-loop-54e460cecf5c.js [5710/10000] md5=54e460cecf5c05dfcffaa3b2e5f57445 bytes=81 template=loop origin=seed:tests/corpus/syntax/template-array-destructure.test.js
 PASS js-fuzzer-loop-54e460cecf5c.js [5710/10000] status=ok obs=d3d9446802a4 coverage=+0/32/38 time=1ms
  RUN js-fuzzer-try-catch-8d9c7d254dda.js [5711/10000] md5=8d9c7d254ddaafdc283e844d5d9a6231 bytes=109 template=try-catch origin=seed:tests/corpus/syntax/typescript-assertions.test.ts
 PASS js-fuzzer-try-catch-8d9c7d254dda.js [5711/10000] status=ok obs=a87ff679a2f3 coverage=+0/32/38 time=2ms
  RUN js-fuzzer-class-a35a4dd2f302.js [5712/10000] md5=a35a4dd2f302fda9a0e8d6e2c980c283 bytes=101 template=class origin=seed:tests/corpus/syntax/typescript-non-null-satisfies.test.ts
 PASS js-fuzzer-class-a35a4dd2f302.js [5712/10000] status=ok obs=9bf31c7ff062 coverage=+0/32/38 time=2ms
  RUN js-fuzzer-boundary-512d8e9b531d.js [5713/10000] md5=512d8e9b531dd316e823325cc949e70e bytes=123 template=boundary origin=boundary:-2147483648
 PASS js-fuzzer-boundary-512d8e9b531d.js [5713/10000] status=ok obs=034ff5946105 coverage=+0/32/38 time=1ms
  RUN js-fuzzer-function-297962b584b2.js [5714/10000] md5=297962b584b2139723d9064b9ad0de50 bytes=153 template=function origin=seed:tests/corpus/fixtures/state-machine-workflow.test.js
 PASS js-fuzzer-function-297962b584b2.js [5714/10000] status=ok obs=c81e728d9d4c coverage=+0/32/38 time=2ms
  RUN js-fuzzer-array-object-d71c9bc6cc3e.js [5715/10000] md5=d71c9bc6cc3e13ed9da7f371fa593140 bytes=133 template=array-object origin=seed:tests/corpus/fixtures/vue-script-workflow.test.vue
 PASS js-fuzzer-array-object-d71c9bc6cc3e.js [5715/10000] status=ok obs=d3d9446802a4 coverage=+0/32/38 time=1ms
  RUN js-fuzzer-corpus-f00ef18b0a17.js [5716/10000] md5=f00ef18b0a172b2a2d9833f5b7fe94e2 bytes=199 template=corpus origin=tests/corpus/obfuscation/constant-tag-mix.test.js
 PASS js-fuzzer-corpus-f00ef18b0a17.js [5716/10000] status=ok obs=e86823f38986 coverage=+0/32/38 time=2ms
  RUN js-fuzzer-block-scope-aa99f3b15079.js [5717/10000] md5=aa99f3b1507939a1697583e3c7532b7e bytes=114 template=block-scope origin=seed:tests/corpus/obfuscation/extern-slot-permutation.test.js
 PASS js-fuzzer-block-scope-aa99f3b15079.js [5717/10000] status=ok obs=38b3eff8baf5 coverage=+0/32/38 time=2ms
  RUN js-fuzzer-loop-bbf1d7a15d8d.js [5718/10000] md5=bbf1d7a15d8dd015402d75c0e0108b5f bytes=81 template=loop origin=seed:tests/corpus/obfuscation/externs-console.test.js
 PASS js-fuzzer-loop-bbf1d7a15d8d.js [5718/10000] status=ok obs=1679091c5a88 coverage=+0/32/38 time=1ms
  RUN js-fuzzer-try-catch-7fa76a80e531.js [5719/10000] md5=7fa76a80e531298b12538ca11d858f94 bytes=110 template=try-catch origin=seed:tests/corpus/obfuscation/seed-sensitive-functions.test.js
 PASS js-fuzzer-try-catch-7fa76a80e531.js [5719/10000] status=ok obs=6ea9ab1baa0e coverage=+0/32/38 time=2ms
  RUN js-fuzzer-boundary-6d89c3a838ae.js [5720/10000] md5=6d89c3a838ae354bda64ec37ec2b63b1 bytes=114 template=boundary origin=boundary:-2
 PASS js-fuzzer-boundary-6d89c3a838ae.js [5720/10000] status=ok obs=5d7b9adcbe1c coverage=+0/32/38 time=2ms
  RUN js-fuzzer-arithmetic-7b0d0111ee40.js [5721/10000] md5=7b0d0111ee409e539fc8d32129a3b862 bytes=84 template=arithmetic origin=seed:tests/corpus/regressions/multiple-functions-fib-add.test.js
 PASS js-fuzzer-arithmetic-7b0d0111ee40.js [5721/10000] status=ok obs=ad61ab143223 coverage=+0/32/38 time=2ms
  RUN js-fuzzer-function-8384e80192dc.js [5722/10000] md5=8384e80192dc0232cf5e505b2f7d5501 bytes=153 template=function origin=seed:tests/corpus/regressions/scope-compressed-closure-params.test.js
 PASS js-fuzzer-function-8384e80192dc.js [5722/10000] status=ok obs=e4da3b7fbbce coverage=+0/32/38 time=1ms
  RUN js-fuzzer-array-object-791d66461238.js [5723/10000] md5=791d66461238a4bcba049cac019076c6 bytes=133 template=array-object origin=seed:tests/corpus/runtime/arrays-objects-methods.test.js
 PASS js-fuzzer-array-object-791d66461238.js [5723/10000] status=ok obs=45c48cce2e2d coverage=+0/32/38 time=1ms
  RUN js-fuzzer-closure-9febab6f9169.js [5724/10000] md5=9febab6f9169e771d562ad583c654e81 bytes=184 template=closure origin=seed:tests/corpus/runtime/block-scopes.test.js
 PASS js-fuzzer-closure-9febab6f9169.js [5724/10000] status=ok obs=72b32a1f754b coverage=+0/32/38 time=2ms
  RUN js-fuzzer-corpus-a64e83c2f849.js [5725/10000] md5=a64e83c2f84925dca8985eabe963ee21 bytes=179 template=corpus origin=tests/corpus/runtime/class-fields-static-methods.test.js
 PASS js-fuzzer-corpus-a64e83c2f849.js [5725/10000] status=ok obs=8f14e45fceea coverage=+0/32/38 time=1ms
  RUN js-fuzzer-loop-bbf1d7a15d8d.js [5726/10000] md5=bbf1d7a15d8dd015402d75c0e0108b5f bytes=81 template=loop origin=seed:tests/corpus/runtime/classes-and-objects.test.js
 PASS js-fuzzer-loop-bbf1d7a15d8d.js [5726/10000] status=ok obs=1679091c5a88 coverage=+0/32/38 time=2ms
  RUN js-fuzzer-boundary-3d1d4e90ebd9.js [5727/10000] md5=3d1d4e90ebd99aad7ece59efc98f7563 bytes=114 template=boundary origin=boundary:-1
 PASS js-fuzzer-boundary-3d1d4e90ebd9.js [5727/10000] status=ok obs=6bb61e3b7bce coverage=+0/32/38 time=1ms
  RUN js-fuzzer-class-1fb70654253d.js [5728/10000] md5=1fb70654253d944404805630039f463c bytes=101 template=class origin=seed:tests/corpus/runtime/closures-read-captured-values.test.js
 PASS js-fuzzer-class-1fb70654253d.js [5728/10000] status=ok obs=c51ce410c124 coverage=+0/32/38 time=1ms
  RUN js-fuzzer-arithmetic-a9883e22bf31.js [5729/10000] md5=a9883e22bf31a0f272690c6ec4a300c9 bytes=85 template=arithmetic origin=seed:tests/corpus/runtime/exceptions-and-nullish.test.js
 PASS js-fuzzer-arithmetic-a9883e22bf31.js [5729/10000] status=ok obs=fc2213097460 coverage=+0/32/38 time=2ms
  RUN js-fuzzer-function-831f4ac0cd0e.js [5730/10000] md5=831f4ac0cd0ee5c472d5e3bccfaabf34 bytes=153 template=function origin=seed:tests/corpus/runtime/functions-closures-and-arrows.test.js
 PASS js-fuzzer-function-831f4ac0cd0e.js [5730/10000] status=ok obs=c9f0f895fb98 coverage=+0/32/38 time=2ms
  RUN js-fuzzer-array-object-6f8618aabe1b.js [5731/10000] md5=6f8618aabe1b1a64b9ed027399a079d6 bytes=133 template=array-object origin=seed:tests/corpus/runtime/lexical-shadowing.test.js
 PASS js-fuzzer-array-object-6f8618aabe1b.js [5731/10000] status=ok obs=45c48cce2e2d coverage=+0/32/38 time=1ms
  RUN js-fuzzer-closure-557de75c1da4.js [5732/10000] md5=557de75c1da49c2982837083e1ea9393 bytes=183 template=closure origin=seed:tests/corpus/runtime/modules-export.test.js
 PASS js-fuzzer-closure-557de75c1da4.js [5732/10000] status=ok obs=6ea9ab1baa0e coverage=+0/32/38 time=2ms
  RUN js-fuzzer-block-scope-e315f4c12bc1.js [5733/10000] md5=e315f4c12bc13b4f7f4a55f8bf99f422 bytes=115 template=block-scope origin=seed:tests/corpus/runtime/nested-try-finally.test.js
 PASS js-fuzzer-block-scope-e315f4c12bc1.js [5733/10000] status=ok obs=5f93f983524d coverage=+0/32/38 time=2ms
  RUN js-fuzzer-corpus-89e900fcb72f.js [5734/10000] md5=89e900fcb72ff838bfe9a13ae091363f bytes=228 template=corpus origin=tests/corpus/syntax/control-flow-and-operators.test.js
 PASS js-fuzzer-corpus-89e900fcb72f.js [5734/10000] status=ok obs=aab3238922bc coverage=+0/32/38 time=2ms
  RUN js-fuzzer-try-catch-7fa76a80e531.js [5735/10000] md5=7fa76a80e531298b12538ca11d858f94 bytes=110 template=try-catch origin=seed:tests/corpus/syntax/logical-unary-nullish.test.js
 PASS js-fuzzer-try-catch-7fa76a80e531.js [5735/10000] status=ok obs=6ea9ab1baa0e coverage=+0/32/38 time=1ms
  RUN js-fuzzer-class-d2b3669b495d.js [5736/10000] md5=d2b3669b495dd4792f9e1509f2bbf8a7 bytes=100 template=class origin=seed:tests/corpus/syntax/object-destructure-and-members.test.js
 PASS js-fuzzer-class-d2b3669b495d.js [5736/10000] status=ok obs=eccbc87e4b5c coverage=+0/32/38 time=2ms
  RUN js-fuzzer-arithmetic-81b82433423e.js [5737/10000] md5=81b82433423e8a83a3bc871d51378824 bytes=85 template=arithmetic origin=seed:tests/corpus/syntax/switch-do-while-sequence.test.js
 PASS js-fuzzer-arithmetic-81b82433423e.js [5737/10000] status=ok obs=0aa1883c6411 coverage=+0/32/38 time=1ms
  RUN js-fuzzer-function-1d370c2e7126.js [5738/10000] md5=1d370c2e7126a84b090ad6eed5468375 bytes=153 template=function origin=seed:tests/corpus/syntax/template-array-destructure.test.js
 PASS js-fuzzer-function-1d370c2e7126.js [5738/10000] status=ok obs=8f14e45fceea coverage=+0/32/38 time=2ms
  RUN js-fuzzer-array-object-7ecd16057278.js [5739/10000] md5=7ecd1605727893e5cfa633fb4c298df8 bytes=133 template=array-object origin=seed:tests/corpus/syntax/typescript-assertions.test.ts
 PASS js-fuzzer-array-object-7ecd16057278.js [5739/10000] status=ok obs=9bf31c7ff062 coverage=+0/32/38 time=2ms
  RUN js-fuzzer-closure-0574a35434cf.js [5740/10000] md5=0574a35434cf603777d262932fdc4b87 bytes=185 template=closure origin=seed:tests/corpus/syntax/typescript-non-null-satisfies.test.ts
 PASS js-fuzzer-closure-0574a35434cf.js [5740/10000] status=ok obs=e2c420d928d4 coverage=+0/32/38 time=2ms
  RUN js-fuzzer-boundary-4bea2a6e0cb0.js [5741/10000] md5=4bea2a6e0cb0c7bb0b29e5b5d44112d8 bytes=128 template=boundary origin=boundary:9007199254740991
 PASS js-fuzzer-boundary-4bea2a6e0cb0.js [5741/10000] status=ok obs=dc9a0d67a31d coverage=+0/32/38 time=1ms
  RUN js-fuzzer-loop-bbf1d7a15d8d.js [5742/10000] md5=bbf1d7a15d8dd015402d75c0e0108b5f bytes=81 template=loop origin=seed:tests/corpus/fixtures/state-machine-workflow.test.js
 PASS js-fuzzer-loop-bbf1d7a15d8d.js [5742/10000] status=ok obs=1679091c5a88 coverage=+0/32/38 time=2ms
  RUN js-fuzzer-corpus-f722388c7961.js [5743/10000] md5=f722388c7961d2a0288508c35f28a5f8 bytes=96 template=corpus origin=tests/corpus/fixtures/vue-script-workflow.test.vue
 PASS js-fuzzer-corpus-f722388c7961.js [5743/10000] status=ok obs=6512bd43d9ca coverage=+0/32/38 time=1ms
  RUN js-fuzzer-class-a365d1a76b7b.js [5744/10000] md5=a365d1a76b7b0d4310621afa7caac433 bytes=100 template=class origin=seed:tests/corpus/obfuscation/constant-tag-mix.test.js
 PASS js-fuzzer-class-a365d1a76b7b.js [5744/10000] status=ok obs=8f14e45fceea coverage=+0/32/38 time=6ms
  RUN js-fuzzer-arithmetic-04ce0e92b74c.js [5745/10000] md5=04ce0e92b74c48b1237546be86baa59c bytes=84 template=arithmetic origin=seed:tests/corpus/obfuscation/extern-slot-permutation.test.js
 PASS js-fuzzer-arithmetic-04ce0e92b74c.js [5745/10000] status=ok obs=b6d767d2f8ed coverage=+0/32/38 time=6ms
  RUN js-fuzzer-function-59a47c73ec30.js [5746/10000] md5=59a47c73ec3039d5b72e8af0d1e410de bytes=153 template=function origin=seed:tests/corpus/obfuscation/externs-console.test.js
 PASS js-fuzzer-function-59a47c73ec30.js [5746/10000] status=ok obs=8f14e45fceea coverage=+0/32/38 time=74ms
  RUN js-fuzzer-array-object-50eda77486d2.js [5747/10000] md5=50eda77486d2b0a53cab867d9edc5fe0 bytes=133 template=array-object origin=seed:tests/corpus/obfuscation/seed-sensitive-functions.test.js
 PASS js-fuzzer-array-object-50eda77486d2.js [5747/10000] status=ok obs=c9f0f895fb98 coverage=+0/32/38 time=4ms
  RUN js-fuzzer-boundary-4b188851088a.js [5748/10000] md5=4b188851088a18b5b5e1424320aec545 bytes=122 template=boundary origin=boundary:2147483647
 PASS js-fuzzer-boundary-4b188851088a.js [5748/10000] status=ok obs=c588c0a459f4 coverage=+0/32/38 time=2ms
  RUN js-fuzzer-block-scope-17e58dbd255d.js [5749/10000] md5=17e58dbd255d5d20dba9bd2d8839fd75 bytes=114 template=block-scope origin=seed:tests/corpus/regressions/multiple-functions-fib-add.test.js
 PASS js-fuzzer-block-scope-17e58dbd255d.js [5749/10000] status=ok obs=f0935e4cd592 coverage=+0/32/38 time=2ms
  RUN js-fuzzer-loop-55c7c905bffb.js [5750/10000] md5=55c7c905bffb4bbbc4c8fb9b91df6ad8 bytes=81 template=loop origin=seed:tests/corpus/regressions/scope-compressed-closure-params.test.js
 PASS js-fuzzer-loop-55c7c905bffb.js [5750/10000] status=ok obs=eccbc87e4b5c coverage=+0/32/38 time=2ms
  RUN js-fuzzer-try-catch-081c74da6bdb.js [5751/10000] md5=081c74da6bdbcec08ff71798dacff9f1 bytes=110 template=try-catch origin=seed:tests/corpus/runtime/arrays-objects-methods.test.js
 PASS js-fuzzer-try-catch-081c74da6bdb.js [5751/10000] status=ok obs=6c8349cc7260 coverage=+0/32/38 time=2ms
  RUN js-fuzzer-corpus-8b78ba7912c5.js [5752/10000] md5=8b78ba7912c51f6cf304b65c6ebdb2e3 bytes=289 template=corpus origin=tests/corpus/runtime/block-scopes.test.js
 PASS js-fuzzer-corpus-8b78ba7912c5.js [5752/10000] status=ok obs=37693cfc7480 coverage=+0/32/38 time=2ms
  RUN js-fuzzer-arithmetic-4a8d2541f767.js [5753/10000] md5=4a8d2541f7678d2b49d96099f34cd6c3 bytes=84 template=arithmetic origin=seed:tests/corpus/runtime/class-fields-static-methods.test.js
 PASS js-fuzzer-arithmetic-4a8d2541f767.js [5753/10000] status=ok obs=33e75ff09dd6 coverage=+0/32/38 time=13ms
  RUN js-fuzzer-function-79bb4335938d.js [5754/10000] md5=79bb4335938d82d557d11e6633b235d0 bytes=153 template=function origin=seed:tests/corpus/runtime/classes-and-objects.test.js
 PASS js-fuzzer-function-79bb4335938d.js [5754/10000] status=ok obs=6512bd43d9ca coverage=+0/32/38 time=8ms
  RUN js-fuzzer-boundary-e33d9dc9cd6c.js [5755/10000] md5=e33d9dc9cd6c84ec6ac6a01d1d18c4f2 bytes=113 template=boundary origin=boundary:2
 PASS js-fuzzer-boundary-e33d9dc9cd6c.js [5755/10000] status=ok obs=c81e728d9d4c coverage=+0/32/38 time=3ms
  RUN js-fuzzer-closure-8a6cd8c0e4c4.js [5756/10000] md5=8a6cd8c0e4c4152dc89b4cd6a6457671 bytes=184 template=closure origin=seed:tests/corpus/runtime/closures-read-captured-values.test.js
 PASS js-fuzzer-closure-8a6cd8c0e4c4.js [5756/10000] status=ok obs=d67d8ab4f4c1 coverage=+0/32/38 time=2ms
  RUN js-fuzzer-block-scope-d9b4a70cffce.js [5757/10000] md5=d9b4a70cffcebdfd8a421423e79d02c6 bytes=114 template=block-scope origin=seed:tests/corpus/runtime/exceptions-and-nullish.test.js
 PASS js-fuzzer-block-scope-d9b4a70cffce.js [5757/10000] status=ok obs=a97da629b098 coverage=+0/32/38 time=1ms
  RUN js-fuzzer-loop-bbf1d7a15d8d.js [5758/10000] md5=bbf1d7a15d8dd015402d75c0e0108b5f bytes=81 template=loop origin=seed:tests/corpus/runtime/functions-closures-and-arrows.test.js
 PASS js-fuzzer-loop-bbf1d7a15d8d.js [5758/10000] status=ok obs=1679091c5a88 coverage=+0/32/38 time=2ms
  RUN js-fuzzer-try-catch-10b006553cce.js [5759/10000] md5=10b006553cced3afac446c8e96bc0d8a bytes=110 template=try-catch origin=seed:tests/corpus/runtime/lexical-shadowing.test.js
 PASS js-fuzzer-try-catch-10b006553cce.js [5759/10000] status=ok obs=8e296a067a37 coverage=+0/32/38 time=2ms
  RUN js-fuzzer-class-6736c24444bc.js [5760/10000] md5=6736c24444bc6ff151b05a9a974ae4d5 bytes=100 template=class origin=seed:tests/corpus/runtime/modules-export.test.js
 PASS js-fuzzer-class-6736c24444bc.js [5760/10000] status=ok obs=45c48cce2e2d coverage=+0/32/38 time=1ms
  RUN js-fuzzer-corpus-c557f8da2a9d.js [5761/10000] md5=c557f8da2a9d2904c70dca50c3eeb50e bytes=191 template=corpus origin=tests/corpus/runtime/nested-try-finally.test.js
 PASS js-fuzzer-corpus-c557f8da2a9d.js [5761/10000] status=ok obs=8f14e45fceea coverage=+0/32/38 time=2ms
  RUN js-fuzzer-boundary-ccde2dac26f6.js [5762/10000] md5=ccde2dac26f6d3fd46c3698825685fe3 bytes=113 template=boundary origin=boundary:1
 PASS js-fuzzer-boundary-ccde2dac26f6.js [5762/10000] status=ok obs=c4ca4238a0b9 coverage=+0/32/38 time=2ms
  RUN js-fuzzer-array-object-50cca12195dc.js [5763/10000] md5=50cca12195dc3f1a930561de451d2128 bytes=133 template=array-object origin=seed:tests/corpus/syntax/logical-unary-nullish.test.js
 PASS js-fuzzer-array-object-50cca12195dc.js [5763/10000] status=ok obs=c51ce410c124 coverage=+0/32/38 time=1ms
  RUN js-fuzzer-closure-51403da8d7e9.js [5764/10000] md5=51403da8d7e928c8a625069187db801e bytes=183 template=closure origin=seed:tests/corpus/syntax/object-destructure-and-members.test.js
 PASS js-fuzzer-closure-51403da8d7e9.js [5764/10000] status=ok obs=8e296a067a37 coverage=+0/32/38 time=2ms
  RUN js-fuzzer-block-scope-7fc664287876.js [5765/10000] md5=7fc6642878767985ab6325f8fdf02946 bytes=114 template=block-scope origin=seed:tests/corpus/syntax/switch-do-while-sequence.test.js
 PASS js-fuzzer-block-scope-7fc664287876.js [5765/10000] status=ok obs=a3c65c297427 coverage=+0/32/38 time=2ms
  RUN js-fuzzer-loop-d35707ad0bf7.js [5766/10000] md5=d35707ad0bf74148f671ad8943998af6 bytes=81 template=loop origin=seed:tests/corpus/syntax/template-array-destructure.test.js
 PASS js-fuzzer-loop-d35707ad0bf7.js [5766/10000] status=ok obs=9bf31c7ff062 coverage=+0/32/38 time=2ms
  RUN js-fuzzer-try-catch-394293a01c1f.js [5767/10000] md5=394293a01c1f5412b61d69cb8738d61b bytes=110 template=try-catch origin=seed:tests/corpus/syntax/typescript-assertions.test.ts
 PASS js-fuzzer-try-catch-394293a01c1f.js [5767/10000] status=ok obs=c74d97b01eae coverage=+0/32/38 time=2ms
  RUN js-fuzzer-class-a9875f561daf.js [5768/10000] md5=a9875f561daf181d949c68fc070db0e0 bytes=101 template=class origin=seed:tests/corpus/syntax/typescript-non-null-satisfies.test.ts
 PASS js-fuzzer-class-a9875f561daf.js [5768/10000] status=ok obs=aab3238922bc coverage=+0/32/38 time=1ms
  RUN js-fuzzer-boundary-235131a2d0d1.js [5769/10000] md5=235131a2d0d184afe9327ca3bd456dde bytes=129 template=boundary origin=boundary:-9007199254740991
 PASS js-fuzzer-boundary-235131a2d0d1.js [5769/10000] status=ok obs=b3f3a95848f6 coverage=+0/32/38 time=2ms
  RUN js-fuzzer-corpus-ab8ca4f8757c.js [5770/10000] md5=ab8ca4f8757c6165b29cd6a662edad93 bytes=450 template=corpus origin=tests/corpus/fixtures/state-machine-workflow.test.js
 PASS js-fuzzer-corpus-ab8ca4f8757c.js [5770/10000] status=ok obs=b9f49c580664 coverage=+0/32/38 time=2ms
  RUN js-fuzzer-array-object-6df7f1fdbf43.js [5771/10000] md5=6df7f1fdbf43df6e1bb1ad84c66ab88d bytes=133 template=array-object origin=seed:tests/corpus/fixtures/vue-script-workflow.test.vue
 PASS js-fuzzer-array-object-6df7f1fdbf43.js [5771/10000] status=ok obs=c20ad4d76fe9 coverage=+0/32/38 time=1ms
  RUN js-fuzzer-closure-c438e2dca4a1.js [5772/10000] md5=c438e2dca4a19810a5307decb51ba56f bytes=185 template=closure origin=seed:tests/corpus/obfuscation/constant-tag-mix.test.js
 PASS js-fuzzer-closure-c438e2dca4a1.js [5772/10000] status=ok obs=28dd2c7955ce coverage=+0/32/38 time=2ms
  RUN js-fuzzer-block-scope-cdbf5f7a5e45.js [5773/10000] md5=cdbf5f7a5e4556604c53c617bae60283 bytes=115 template=block-scope origin=seed:tests/corpus/obfuscation/extern-slot-permutation.test.js
 PASS js-fuzzer-block-scope-cdbf5f7a5e45.js [5773/10000] status=ok obs=5f93f983524d coverage=+0/32/38 time=2ms
  RUN js-fuzzer-loop-54e460cecf5c.js [5774/10000] md5=54e460cecf5c05dfcffaa3b2e5f57445 bytes=81 template=loop origin=seed:tests/corpus/obfuscation/externs-console.test.js
 PASS js-fuzzer-loop-54e460cecf5c.js [5774/10000] status=ok obs=d3d9446802a4 coverage=+0/32/38 time=1ms
  RUN js-fuzzer-try-catch-a173285175b8.js [5775/10000] md5=a173285175b813cddca62eb427efafd5 bytes=110 template=try-catch origin=seed:tests/corpus/obfuscation/seed-sensitive-functions.test.js
 PASS js-fuzzer-try-catch-a173285175b8.js [5775/10000] status=ok obs=9a1158154dfa coverage=+0/32/38 time=2ms
  RUN js-fuzzer-boundary-512d8e9b531d.js [5776/10000] md5=512d8e9b531dd316e823325cc949e70e bytes=123 template=boundary origin=boundary:-2147483648
 PASS js-fuzzer-boundary-512d8e9b531d.js [5776/10000] status=ok obs=034ff5946105 coverage=+0/32/38 time=1ms
  RUN js-fuzzer-arithmetic-126834082ba4.js [5777/10000] md5=126834082ba47fe32d55aed4a1d9ba83 bytes=85 template=arithmetic origin=seed:tests/corpus/regressions/multiple-functions-fib-add.test.js
 PASS js-fuzzer-arithmetic-126834082ba4.js [5777/10000] status=ok obs=96da2f590cd7 coverage=+0/32/38 time=1ms
  RUN js-fuzzer-function-1bdd3cdc8039.js [5778/10000] md5=1bdd3cdc8039303572ffd714360b1f25 bytes=153 template=function origin=seed:tests/corpus/regressions/scope-compressed-closure-params.test.js
 PASS js-fuzzer-function-1bdd3cdc8039.js [5778/10000] status=ok obs=37693cfc7480 coverage=+0/32/38 time=3ms
  RUN js-fuzzer-corpus-a07012429fce.js [5779/10000] md5=a07012429fce4b4d7c8af42f445f70b9 bytes=163 template=corpus origin=tests/corpus/runtime/arrays-objects-methods.test.js
 PASS js-fuzzer-corpus-a07012429fce.js [5779/10000] status=ok obs=c51ce410c124 coverage=+0/32/38 time=1ms
  RUN js-fuzzer-closure-684c58a706f8.js [5780/10000] md5=684c58a706f826b3d6b631cbc9c662ad bytes=183 template=closure origin=seed:tests/corpus/runtime/block-scopes.test.js
 PASS js-fuzzer-closure-684c58a706f8.js [5780/10000] status=ok obs=c51ce410c124 coverage=+0/32/38 time=2ms
  RUN js-fuzzer-block-scope-7fc664287876.js [5781/10000] md5=7fc6642878767985ab6325f8fdf02946 bytes=114 template=block-scope origin=seed:tests/corpus/runtime/class-fields-static-methods.test.js
 PASS js-fuzzer-block-scope-7fc664287876.js [5781/10000] status=ok obs=a3c65c297427 coverage=+0/32/38 time=1ms
  RUN js-fuzzer-loop-bbf1d7a15d8d.js [5782/10000] md5=bbf1d7a15d8dd015402d75c0e0108b5f bytes=81 template=loop origin=seed:tests/corpus/runtime/classes-and-objects.test.js
 PASS js-fuzzer-loop-bbf1d7a15d8d.js [5782/10000] status=ok obs=1679091c5a88 coverage=+0/32/38 time=2ms
  RUN js-fuzzer-boundary-db03eeac3914.js [5783/10000] md5=db03eeac3914e8f0a7bfea9eefe9f0de bytes=114 template=boundary origin=boundary:-2
 PASS js-fuzzer-boundary-db03eeac3914.js [5783/10000] status=ok obs=5d7b9adcbe1c coverage=+0/32/38 time=2ms
  RUN js-fuzzer-class-c6bbe0a63455.js [5784/10000] md5=c6bbe0a634559d18fa82cf0c9a421610 bytes=100 template=class origin=seed:tests/corpus/runtime/closures-read-captured-values.test.js
 PASS js-fuzzer-class-c6bbe0a63455.js [5784/10000] status=ok obs=1679091c5a88 coverage=+0/32/38 time=1ms
  RUN js-fuzzer-arithmetic-f7fc3bbc91f3.js [5785/10000] md5=f7fc3bbc91f3fbd7cd81de7ac719690a bytes=84 template=arithmetic origin=seed:tests/corpus/runtime/exceptions-and-nullish.test.js
 PASS js-fuzzer-arithmetic-f7fc3bbc91f3.js [5785/10000] status=ok obs=72b32a1f754b coverage=+0/32/38 time=2ms
  RUN js-fuzzer-function-66ad482026b9.js [5786/10000] md5=66ad482026b9df67ec5d25c1cce4c653 bytes=153 template=function origin=seed:tests/corpus/runtime/functions-closures-and-arrows.test.js
 PASS js-fuzzer-function-66ad482026b9.js [5786/10000] status=ok obs=6512bd43d9ca coverage=+0/32/38 time=2ms
  RUN js-fuzzer-array-object-a06ea78e8005.js [5787/10000] md5=a06ea78e800585ecab9ff8eb65ea34f2 bytes=133 template=array-object origin=seed:tests/corpus/runtime/lexical-shadowing.test.js
 PASS js-fuzzer-array-object-a06ea78e8005.js [5787/10000] status=ok obs=c74d97b01eae coverage=+0/32/38 time=1ms
  RUN js-fuzzer-corpus-4131d841163b.js [5788/10000] md5=4131d841163b79e192bca9d4fc683c54 bytes=58 template=corpus origin=tests/corpus/runtime/modules-export.test.js
 PASS js-fuzzer-corpus-4131d841163b.js [5788/10000] status=ok obs=8f14e45fceea coverage=+0/32/38 time=2ms
  RUN js-fuzzer-block-scope-cd4ca530ceaa.js [5789/10000] md5=cd4ca530ceaae2742d31ed87b34a7cc3 bytes=114 template=block-scope origin=seed:tests/corpus/runtime/nested-try-finally.test.js
 PASS js-fuzzer-block-scope-cd4ca530ceaa.js [5789/10000] status=ok obs=c9e1074f5b3f coverage=+0/32/38 time=1ms
  RUN js-fuzzer-boundary-1024adcac0e5.js [5790/10000] md5=1024adcac0e5cc9f99f478fa66dcc00c bytes=114 template=boundary origin=boundary:-1
 PASS js-fuzzer-boundary-1024adcac0e5.js [5790/10000] status=ok obs=6bb61e3b7bce coverage=+0/32/38 time=1ms
  RUN js-fuzzer-try-catch-8eb6765f66fd.js [5791/10000] md5=8eb6765f66fd409e223a9383e9857a4c bytes=109 template=try-catch origin=seed:tests/corpus/syntax/logical-unary-nullish.test.js
 PASS js-fuzzer-try-catch-8eb6765f66fd.js [5791/10000] status=ok obs=6512bd43d9ca coverage=+0/32/38 time=2ms
  RUN js-fuzzer-class-a365d1a76b7b.js [5792/10000] md5=a365d1a76b7b0d4310621afa7caac433 bytes=100 template=class origin=seed:tests/corpus/syntax/object-destructure-and-members.test.js
 PASS js-fuzzer-class-a365d1a76b7b.js [5792/10000] status=ok obs=8f14e45fceea coverage=+0/32/38 time=1ms
  RUN js-fuzzer-arithmetic-31220e4d9d7f.js [5793/10000] md5=31220e4d9d7fb821e52ef7ab62905244 bytes=84 template=arithmetic origin=seed:tests/corpus/syntax/switch-do-while-sequence.test.js
 PASS js-fuzzer-arithmetic-31220e4d9d7f.js [5793/10000] status=ok obs=f4b9ec30ad9f coverage=+0/32/38 time=2ms
  RUN js-fuzzer-function-7078b1558e88.js [5794/10000] md5=7078b1558e88c84f2ce4ff32c844a13e bytes=153 template=function origin=seed:tests/corpus/syntax/template-array-destructure.test.js
 PASS js-fuzzer-function-7078b1558e88.js [5794/10000] status=ok obs=1679091c5a88 coverage=+0/32/38 time=2ms
  RUN js-fuzzer-array-object-faf6ff4dee3b.js [5795/10000] md5=faf6ff4dee3bb5efc4cd957bb21ff440 bytes=133 template=array-object origin=seed:tests/corpus/syntax/typescript-assertions.test.ts
 PASS js-fuzzer-array-object-faf6ff4dee3b.js [5795/10000] status=ok obs=1679091c5a88 coverage=+0/32/38 time=1ms
  RUN js-fuzzer-closure-ad331688c0a8.js [5796/10000] md5=ad331688c0a89f7e39c14fc395670360 bytes=183 template=closure origin=seed:tests/corpus/syntax/typescript-non-null-satisfies.test.ts
 PASS js-fuzzer-closure-ad331688c0a8.js [5796/10000] status=ok obs=3c59dc048e88 coverage=+0/32/38 time=2ms
  RUN js-fuzzer-corpus-797f152bf878.js [5797/10000] md5=797f152bf878d5049066c6db6d2360b3 bytes=355 template=corpus origin=tests/corpus/fixtures/job-workflow.test.js
 PASS js-fuzzer-corpus-797f152bf878.js [5797/10000] status=ok obs=b9de0628c8ec coverage=+0/32/38 time=2ms
  RUN js-fuzzer-loop-54e460cecf5c.js [5798/10000] md5=54e460cecf5c05dfcffaa3b2e5f57445 bytes=81 template=loop origin=seed:tests/corpus/fixtures/state-machine-workflow.test.js
 PASS js-fuzzer-loop-54e460cecf5c.js [5798/10000] status=ok obs=d3d9446802a4 coverage=+0/32/38 time=1ms
  RUN js-fuzzer-try-catch-85daf11db7ec.js [5799/10000] md5=85daf11db7ec5f71a0e05a86a536d94d bytes=110 template=try-catch origin=seed:tests/corpus/fixtures/vue-script-workflow.test.vue
 PASS js-fuzzer-try-catch-85daf11db7ec.js [5799/10000] status=ok obs=f7177163c833 coverage=+0/32/38 time=1ms
  RUN js-fuzzer-class-3b630e2d834a.js [5800/10000] md5=3b630e2d834a95a01ee75571f8bc0075 bytes=101 template=class origin=seed:tests/corpus/obfuscation/constant-tag-mix.test.js
 PASS js-fuzzer-class-3b630e2d834a.js [5800/10000] status=ok obs=6512bd43d9ca coverage=+0/32/38 time=2ms
  RUN js-fuzzer-arithmetic-e705efc444f9.js [5801/10000] md5=e705efc444f9dab9d02cfe399ab4ae22 bytes=85 template=arithmetic origin=seed:tests/corpus/obfuscation/extern-slot-permutation.test.js
 PASS js-fuzzer-arithmetic-e705efc444f9.js [5801/10000] status=ok obs=642e92efb794 coverage=+0/32/38 time=1ms
  RUN js-fuzzer-function-98e8c4d5dcc0.js [5802/10000] md5=98e8c4d5dcc095fbcedf7527b98fd4fe bytes=153 template=function origin=seed:tests/corpus/obfuscation/externs-console.test.js
 PASS js-fuzzer-function-98e8c4d5dcc0.js [5802/10000] status=ok obs=c9f0f895fb98 coverage=+0/32/38 time=2ms
  RUN js-fuzzer-array-object-24da76332340.js [5803/10000] md5=24da76332340440ce30f5bf61b584f2d bytes=133 template=array-object origin=seed:tests/corpus/obfuscation/seed-sensitive-functions.test.js
 PASS js-fuzzer-array-object-24da76332340.js [5803/10000] status=ok obs=aab3238922bc coverage=+0/32/38 time=1ms
  RUN js-fuzzer-boundary-4bea2a6e0cb0.js [5804/10000] md5=4bea2a6e0cb0c7bb0b29e5b5d44112d8 bytes=128 template=boundary origin=boundary:9007199254740991
 PASS js-fuzzer-boundary-4bea2a6e0cb0.js [5804/10000] status=ok obs=dc9a0d67a31d coverage=+0/32/38 time=1ms
  RUN js-fuzzer-block-scope-f4af244bce9d.js [5805/10000] md5=f4af244bce9d564ffa8b0548ef025cb6 bytes=114 template=block-scope origin=seed:tests/corpus/regressions/multiple-functions-fib-add.test.js
 PASS js-fuzzer-block-scope-f4af244bce9d.js [5805/10000] status=ok obs=c9e1074f5b3f coverage=+0/32/38 time=2ms
  RUN js-fuzzer-corpus-c28cfb056309.js [5806/10000] md5=c28cfb056309f2a77f8bd9756b123c54 bytes=147 template=corpus origin=tests/corpus/regressions/scope-compressed-closure-params.test.js
 PASS js-fuzzer-corpus-c28cfb056309.js [5806/10000] status=ok obs=c51ce410c124 coverage=+0/32/38 time=1ms
  RUN js-fuzzer-try-catch-ecee5cf418be.js [5807/10000] md5=ecee5cf418beff71c62f1aeee5aa3045 bytes=109 template=try-catch origin=seed:tests/corpus/runtime/arrays-objects-methods.test.js
 PASS js-fuzzer-try-catch-ecee5cf418be.js [5807/10000] status=ok obs=45c48cce2e2d coverage=+0/32/38 time=2ms
  RUN js-fuzzer-class-a9875f561daf.js [5808/10000] md5=a9875f561daf181d949c68fc070db0e0 bytes=101 template=class origin=seed:tests/corpus/runtime/block-scopes.test.js
 PASS js-fuzzer-class-a9875f561daf.js [5808/10000] status=ok obs=aab3238922bc coverage=+0/32/38 time=2ms
  RUN js-fuzzer-arithmetic-f75aabc1d7fc.js [5809/10000] md5=f75aabc1d7fc65830a9fcb02417d7df0 bytes=85 template=arithmetic origin=seed:tests/corpus/runtime/class-fields-static-methods.test.js
 PASS js-fuzzer-arithmetic-f75aabc1d7fc.js [5809/10000] status=ok obs=2838023a778d coverage=+0/32/38 time=1ms
  RUN js-fuzzer-function-c6a41e639682.js [5810/10000] md5=c6a41e6396823bcfa91e05b3a10b01c0 bytes=153 template=function origin=seed:tests/corpus/runtime/classes-and-objects.test.js
 PASS js-fuzzer-function-c6a41e639682.js [5810/10000] status=ok obs=1f0e3dad9990 coverage=+0/32/38 time=2ms
  RUN js-fuzzer-boundary-ac080ee0add8.js [5811/10000] md5=ac080ee0add8a3967f40d078a13e076b bytes=122 template=boundary origin=boundary:2147483647
 PASS js-fuzzer-boundary-ac080ee0add8.js [5811/10000] status=ok obs=c588c0a459f4 coverage=+0/32/38 time=2ms
  RUN js-fuzzer-closure-1d466197f780.js [5812/10000] md5=1d466197f780581c10c78bc9a1e10794 bytes=183 template=closure origin=seed:tests/corpus/runtime/closures-read-captured-values.test.js
 PASS js-fuzzer-closure-1d466197f780.js [5812/10000] status=ok obs=6ea9ab1baa0e coverage=+0/32/38 time=1ms
  RUN js-fuzzer-block-scope-189a154b2a8c.js [5813/10000] md5=189a154b2a8c69df7c7931b59dffde25 bytes=114 template=block-scope origin=seed:tests/corpus/runtime/exceptions-and-nullish.test.js
 PASS js-fuzzer-block-scope-189a154b2a8c.js [5813/10000] status=ok obs=6974ce5ac660 coverage=+0/32/38 time=2ms
  RUN js-fuzzer-loop-55c7c905bffb.js [5814/10000] md5=55c7c905bffb4bbbc4c8fb9b91df6ad8 bytes=81 template=loop origin=seed:tests/corpus/runtime/functions-closures-and-arrows.test.js
 PASS js-fuzzer-loop-55c7c905bffb.js [5814/10000] status=ok obs=eccbc87e4b5c coverage=+0/32/38 time=2ms
  RUN js-fuzzer-corpus-463d4dee8a1f.js [5815/10000] md5=463d4dee8a1f930fa8af57a704cacf3e bytes=232 template=corpus origin=tests/corpus/runtime/lexical-shadowing.test.js
 PASS js-fuzzer-corpus-463d4dee8a1f.js [5815/10000] status=ok obs=c51ce410c124 coverage=+0/32/38 time=1ms
  RUN js-fuzzer-class-ff7d9ca3da86.js [5816/10000] md5=ff7d9ca3da86b49917ac34b4d48e8df9 bytes=101 template=class origin=seed:tests/corpus/runtime/modules-export.test.js
 PASS js-fuzzer-class-ff7d9ca3da86.js [5816/10000] status=ok obs=c20ad4d76fe9 coverage=+0/32/38 time=2ms
  RUN js-fuzzer-arithmetic-c8e7318b2324.js [5817/10000] md5=c8e7318b2324cfef9fc1ea42788275be bytes=85 template=arithmetic origin=seed:tests/corpus/runtime/nested-try-finally.test.js
 PASS js-fuzzer-arithmetic-c8e7318b2324.js [5817/10000] status=ok obs=a2557a7b2e94 coverage=+0/32/38 time=2ms
  RUN js-fuzzer-boundary-e33d9dc9cd6c.js [5818/10000] md5=e33d9dc9cd6c84ec6ac6a01d1d18c4f2 bytes=113 template=boundary origin=boundary:2
 PASS js-fuzzer-boundary-e33d9dc9cd6c.js [5818/10000] status=ok obs=c81e728d9d4c coverage=+0/32/38 time=1ms
  RUN js-fuzzer-array-object-130c82ac38cb.js [5819/10000] md5=130c82ac38cb276aac7583868e3a52db bytes=133 template=array-object origin=seed:tests/corpus/syntax/logical-unary-nullish.test.js
 PASS js-fuzzer-array-object-130c82ac38cb.js [5819/10000] status=ok obs=c9f0f895fb98 coverage=+0/32/38 time=2ms
  RUN js-fuzzer-closure-bff319a66489.js [5820/10000] md5=bff319a66489bffb556049eb4f83f21d bytes=185 template=closure origin=seed:tests/corpus/syntax/object-destructure-and-members.test.js
 PASS js-fuzzer-closure-bff319a66489.js [5820/10000] status=ok obs=735b90b45681 coverage=+0/32/38 time=2ms
  RUN js-fuzzer-block-scope-bdee2ca933f4.js [5821/10000] md5=bdee2ca933f4d75f33d7f05fede856cb bytes=114 template=block-scope origin=seed:tests/corpus/syntax/switch-do-while-sequence.test.js
 PASS js-fuzzer-block-scope-bdee2ca933f4.js [5821/10000] status=ok obs=a3c65c297427 coverage=+0/32/38 time=1ms
  RUN js-fuzzer-loop-bbf1d7a15d8d.js [5822/10000] md5=bbf1d7a15d8dd015402d75c0e0108b5f bytes=81 template=loop origin=seed:tests/corpus/syntax/template-array-destructure.test.js
 PASS js-fuzzer-loop-bbf1d7a15d8d.js [5822/10000] status=ok obs=1679091c5a88 coverage=+0/32/38 time=2ms
  RUN js-fuzzer-try-catch-394293a01c1f.js [5823/10000] md5=394293a01c1f5412b61d69cb8738d61b bytes=110 template=try-catch origin=seed:tests/corpus/syntax/typescript-assertions.test.ts
 PASS js-fuzzer-try-catch-394293a01c1f.js [5823/10000] status=ok obs=c74d97b01eae coverage=+0/32/38 time=1ms
  RUN js-fuzzer-corpus-e3eeaea0f8a2.js [5824/10000] md5=e3eeaea0f8a2c5d5b650d4007cf78b4a bytes=104 template=corpus origin=tests/corpus/syntax/typescript-non-null-satisfies.test.ts
 PASS js-fuzzer-corpus-e3eeaea0f8a2.js [5824/10000] status=ok obs=d3d9446802a4 coverage=+0/32/38 time=2ms
  RUN js-fuzzer-boundary-a6a77cc918cc.js [5825/10000] md5=a6a77cc918cc479b04ccb7be2bd80dac bytes=113 template=boundary origin=boundary:1
 PASS js-fuzzer-boundary-a6a77cc918cc.js [5825/10000] status=ok obs=c4ca4238a0b9 coverage=+0/32/38 time=1ms
  RUN js-fuzzer-function-288d473b3a74.js [5826/10000] md5=288d473b3a7495d967aff826da7d201e bytes=153 template=function origin=seed:tests/corpus/fixtures/state-machine-workflow.test.js
 PASS js-fuzzer-function-288d473b3a74.js [5826/10000] status=ok obs=aab3238922bc coverage=+0/32/38 time=3ms
  RUN js-fuzzer-array-object-17ede140cd0b.js [5827/10000] md5=17ede140cd0b7ed910c11169290a1a21 bytes=133 template=array-object origin=seed:tests/corpus/fixtures/vue-script-workflow.test.vue
 PASS js-fuzzer-array-object-17ede140cd0b.js [5827/10000] status=ok obs=45c48cce2e2d coverage=+0/32/38 time=1ms
  RUN js-fuzzer-closure-712a63303258.js [5828/10000] md5=712a63303258e8498461d3220fc3decb bytes=185 template=closure origin=seed:tests/corpus/obfuscation/constant-tag-mix.test.js
 PASS js-fuzzer-closure-712a63303258.js [5828/10000] status=ok obs=28dd2c7955ce coverage=+0/32/38 time=1ms
  RUN js-fuzzer-block-scope-056e31486d60.js [5829/10000] md5=056e31486d6076b39b9b6454f54dba4b bytes=114 template=block-scope origin=seed:tests/corpus/obfuscation/extern-slot-permutation.test.js
 PASS js-fuzzer-block-scope-056e31486d60.js [5829/10000] status=ok obs=a97da629b098 coverage=+0/32/38 time=2ms
  RUN js-fuzzer-loop-f495ca2fc638.js [5830/10000] md5=f495ca2fc6389f933578fc501f5b1465 bytes=81 template=loop origin=seed:tests/corpus/obfuscation/externs-console.test.js
 PASS js-fuzzer-loop-f495ca2fc638.js [5830/10000] status=ok obs=c4ca4238a0b9 coverage=+0/32/38 time=1ms
  RUN js-fuzzer-try-catch-56393ff77182.js [5831/10000] md5=56393ff771824d567a8911f280bf7f9d bytes=110 template=try-catch origin=seed:tests/corpus/obfuscation/seed-sensitive-functions.test.js
 PASS js-fuzzer-try-catch-56393ff77182.js [5831/10000] status=ok obs=4e732ced3463 coverage=+0/32/38 time=2ms
  RUN js-fuzzer-boundary-6aec0a9b1ff4.js [5832/10000] md5=6aec0a9b1ff4294bcfecb539ba7e660b bytes=129 template=boundary origin=boundary:-9007199254740991
 PASS js-fuzzer-boundary-6aec0a9b1ff4.js [5832/10000] status=ok obs=b3f3a95848f6 coverage=+0/32/38 time=1ms
  RUN js-fuzzer-corpus-ad9ed8746461.js [5833/10000] md5=ad9ed87464611c6dd81b04b3754c760c bytes=214 template=corpus origin=tests/corpus/regressions/multiple-functions-fib-add.test.js
 PASS js-fuzzer-corpus-ad9ed8746461.js [5833/10000] status=ok obs=3c59dc048e88 coverage=+0/32/38 time=3ms
  RUN js-fuzzer-function-8384e80192dc.js [5834/10000] md5=8384e80192dc0232cf5e505b2f7d5501 bytes=153 template=function origin=seed:tests/corpus/regressions/scope-compressed-closure-params.test.js
 PASS js-fuzzer-function-8384e80192dc.js [5834/10000] status=ok obs=e4da3b7fbbce coverage=+0/32/38 time=2ms
  RUN js-fuzzer-array-object-0ab92fb69ec6.js [5835/10000] md5=0ab92fb69ec64ed254d384204d296471 bytes=133 template=array-object origin=seed:tests/corpus/runtime/arrays-objects-methods.test.js
 PASS js-fuzzer-array-object-0ab92fb69ec6.js [5835/10000] status=ok obs=1679091c5a88 coverage=+0/32/38 time=1ms
  RUN js-fuzzer-closure-67f99515306d.js [5836/10000] md5=67f99515306d76c56ec370b34630a759 bytes=184 template=closure origin=seed:tests/corpus/runtime/block-scopes.test.js
 PASS js-fuzzer-closure-67f99515306d.js [5836/10000] status=ok obs=02e74f10e032 coverage=+0/32/38 time=2ms
  RUN js-fuzzer-block-scope-09e18a57df24.js [5837/10000] md5=09e18a57df24519f14c7b0064ed573d9 bytes=114 template=block-scope origin=seed:tests/corpus/runtime/class-fields-static-methods.test.js
 PASS js-fuzzer-block-scope-09e18a57df24.js [5837/10000] status=ok obs=6974ce5ac660 coverage=+0/32/38 time=2ms
  RUN js-fuzzer-loop-b88258462a8d.js [5838/10000] md5=b88258462a8d880f8b0e459fa23b2536 bytes=81 template=loop origin=seed:tests/corpus/runtime/classes-and-objects.test.js
 PASS js-fuzzer-loop-b88258462a8d.js [5838/10000] status=ok obs=3c59dc048e88 coverage=+0/32/38 time=1ms
  RUN js-fuzzer-boundary-56f451fe2902.js [5839/10000] md5=56f451fe2902341a3a470031c46238b3 bytes=123 template=boundary origin=boundary:-2147483648
 PASS js-fuzzer-boundary-56f451fe2902.js [5839/10000] status=ok obs=034ff5946105 coverage=+0/32/38 time=2ms
  RUN js-fuzzer-class-c0844991889f.js [5840/10000] md5=c0844991889f03308712cd6bc6b7c31c bytes=101 template=class origin=seed:tests/corpus/runtime/closures-read-captured-values.test.js
 PASS js-fuzzer-class-c0844991889f.js [5840/10000] status=ok obs=70efdf2ec9b0 coverage=+0/32/38 time=1ms
  RUN js-fuzzer-arithmetic-5c74f29e5b5c.js [5841/10000] md5=5c74f29e5b5c742d4e20fdd0a03be21f bytes=85 template=arithmetic origin=seed:tests/corpus/runtime/exceptions-and-nullish.test.js
 PASS js-fuzzer-arithmetic-5c74f29e5b5c.js [5841/10000] status=ok obs=3b8a614226a9 coverage=+0/32/38 time=2ms
  RUN js-fuzzer-corpus-72746d071c58.js [5842/10000] md5=72746d071c58fadd9399bc8934c30553 bytes=197 template=corpus origin=tests/corpus/runtime/functions-closures-and-arrows.test.js
 PASS js-fuzzer-corpus-72746d071c58.js [5842/10000] status=ok obs=c74d97b01eae coverage=+0/32/38 time=2ms
  RUN js-fuzzer-array-object-1fb819022970.js [5843/10000] md5=1fb8190229705e422f7d9d292b5f862e bytes=133 template=array-object origin=seed:tests/corpus/runtime/lexical-shadowing.test.js
 PASS js-fuzzer-array-object-1fb819022970.js [5843/10000] status=ok obs=70efdf2ec9b0 coverage=+0/32/38 time=1ms
  RUN js-fuzzer-closure-579c7d33cf59.js [5844/10000] md5=579c7d33cf5957880b3db64450576401 bytes=183 template=closure origin=seed:tests/corpus/runtime/modules-export.test.js
 PASS js-fuzzer-closure-579c7d33cf59.js [5844/10000] status=ok obs=c51ce410c124 coverage=+0/32/38 time=2ms
  RUN js-fuzzer-block-scope-53cd7c53dcef.js [5845/10000] md5=53cd7c53dceff32e4732b28209c6bef1 bytes=114 template=block-scope origin=seed:tests/corpus/runtime/nested-try-finally.test.js
 PASS js-fuzzer-block-scope-53cd7c53dcef.js [5845/10000] status=ok obs=6974ce5ac660 coverage=+0/32/38 time=2ms
  RUN js-fuzzer-boundary-92df4f5b559a.js [5846/10000] md5=92df4f5b559a550058b4133ffb629932 bytes=114 template=boundary origin=boundary:-2
 PASS js-fuzzer-boundary-92df4f5b559a.js [5846/10000] status=ok obs=5d7b9adcbe1c coverage=+0/32/38 time=2ms
  RUN js-fuzzer-try-catch-18b0b31fe014.js [5847/10000] md5=18b0b31fe014e787990869dd8a5ff18b bytes=110 template=try-catch origin=seed:tests/corpus/syntax/logical-unary-nullish.test.js
 PASS js-fuzzer-try-catch-18b0b31fe014.js [5847/10000] status=ok obs=aab3238922bc coverage=+0/32/38 time=1ms
  RUN js-fuzzer-class-ff7d9ca3da86.js [5848/10000] md5=ff7d9ca3da86b49917ac34b4d48e8df9 bytes=101 template=class origin=seed:tests/corpus/syntax/object-destructure-and-members.test.js
 PASS js-fuzzer-class-ff7d9ca3da86.js [5848/10000] status=ok obs=c20ad4d76fe9 coverage=+0/32/38 time=2ms
  RUN js-fuzzer-arithmetic-8373efea78a7.js [5849/10000] md5=8373efea78a758ca19d7789dbe14761c bytes=84 template=arithmetic origin=seed:tests/corpus/syntax/switch-do-while-sequence.test.js
 PASS js-fuzzer-arithmetic-8373efea78a7.js [5849/10000] status=ok obs=0f28b5d49b30 coverage=+0/32/38 time=2ms
  RUN js-fuzzer-function-88a1a2ce9ecc.js [5850/10000] md5=88a1a2ce9eccc8d7f1092c43da9e0b1f bytes=153 template=function origin=seed:tests/corpus/syntax/template-array-destructure.test.js
 PASS js-fuzzer-function-88a1a2ce9ecc.js [5850/10000] status=ok obs=45c48cce2e2d coverage=+0/32/38 time=2ms
  RUN js-fuzzer-corpus-57a83a4b020d.js [5851/10000] md5=57a83a4b020d4b85b42b0a3709f283ad bytes=130 template=corpus origin=tests/corpus/syntax/typescript-assertions.test.ts
 PASS js-fuzzer-corpus-57a83a4b020d.js [5851/10000] status=ok obs=45c48cce2e2d coverage=+0/32/38 time=1ms
  RUN js-fuzzer-closure-b0a00c908b7a.js [5852/10000] md5=b0a00c908b7a3a1e92ceb638aceb3a3f bytes=184 template=closure origin=seed:tests/corpus/syntax/typescript-non-null-satisfies.test.ts
 PASS js-fuzzer-closure-b0a00c908b7a.js [5852/10000] status=ok obs=7f39f8317fbd coverage=+0/32/38 time=2ms
  RUN js-fuzzer-boundary-1024adcac0e5.js [5853/10000] md5=1024adcac0e5cc9f99f478fa66dcc00c bytes=114 template=boundary origin=boundary:-1
 PASS js-fuzzer-boundary-1024adcac0e5.js [5853/10000] status=ok obs=6bb61e3b7bce coverage=+0/32/38 time=1ms
  RUN js-fuzzer-loop-b88258462a8d.js [5854/10000] md5=b88258462a8d880f8b0e459fa23b2536 bytes=81 template=loop origin=seed:tests/corpus/fixtures/state-machine-workflow.test.js
 PASS js-fuzzer-loop-b88258462a8d.js [5854/10000] status=ok obs=3c59dc048e88 coverage=+0/32/38 time=1ms
  RUN js-fuzzer-try-catch-14bcb064f014.js [5855/10000] md5=14bcb064f014dbe91c2010889dcaa2c0 bytes=110 template=try-catch origin=seed:tests/corpus/fixtures/vue-script-workflow.test.vue
 PASS js-fuzzer-try-catch-14bcb064f014.js [5855/10000] status=ok obs=c0c7c76d30bd coverage=+0/32/38 time=3ms
  RUN js-fuzzer-class-7c36fc3c0ad4.js [5856/10000] md5=7c36fc3c0ad4461d5dbbcd7afdfb6b5c bytes=101 template=class origin=seed:tests/corpus/obfuscation/constant-tag-mix.test.js
 PASS js-fuzzer-class-7c36fc3c0ad4.js [5856/10000] status=ok obs=d3d9446802a4 coverage=+0/32/38 time=1ms
  RUN js-fuzzer-arithmetic-ec3e4dbf4d53.js [5857/10000] md5=ec3e4dbf4d53127506ecbe2f40861c96 bytes=84 template=arithmetic origin=seed:tests/corpus/obfuscation/extern-slot-permutation.test.js
 PASS js-fuzzer-arithmetic-ec3e4dbf4d53.js [5857/10000] status=ok obs=fc490ca45c00 coverage=+0/32/38 time=2ms
  RUN js-fuzzer-function-59a47c73ec30.js [5858/10000] md5=59a47c73ec3039d5b72e8af0d1e410de bytes=153 template=function origin=seed:tests/corpus/obfuscation/externs-console.test.js
 PASS js-fuzzer-function-59a47c73ec30.js [5858/10000] status=ok obs=8f14e45fceea coverage=+0/32/38 time=2ms
  RUN js-fuzzer-array-object-8f47ce99545b.js [5859/10000] md5=8f47ce99545bd5edec34a59307701d66 bytes=133 template=array-object origin=seed:tests/corpus/obfuscation/seed-sensitive-functions.test.js
 PASS js-fuzzer-array-object-8f47ce99545b.js [5859/10000] status=ok obs=9bf31c7ff062 coverage=+0/32/38 time=1ms
  RUN js-fuzzer-corpus-79643e915862.js [5860/10000] md5=79643e91586251700d34c0c65a0220da bytes=89 template=corpus origin=tests/corpus/regressions/destructuring-lowers-to-member.test.js
 PASS js-fuzzer-corpus-79643e915862.js [5860/10000] status=ok obs=eccbc87e4b5c coverage=+0/32/38 time=1ms
  RUN js-fuzzer-block-scope-70d77e23658d.js [5861/10000] md5=70d77e23658d38d7c2e6dfd67f30a9f0 bytes=115 template=block-scope origin=seed:tests/corpus/regressions/multiple-functions-fib-add.test.js
 PASS js-fuzzer-block-scope-70d77e23658d.js [5861/10000] status=ok obs=5f93f983524d coverage=+0/32/38 time=2ms
  RUN js-fuzzer-loop-bbf1d7a15d8d.js [5862/10000] md5=bbf1d7a15d8dd015402d75c0e0108b5f bytes=81 template=loop origin=seed:tests/corpus/regressions/scope-compressed-closure-params.test.js
 PASS js-fuzzer-loop-bbf1d7a15d8d.js [5862/10000] status=ok obs=1679091c5a88 coverage=+0/32/38 time=1ms
  RUN js-fuzzer-try-catch-49469dc3bbde.js [5863/10000] md5=49469dc3bbdee70291dead76d4352702 bytes=109 template=try-catch origin=seed:tests/corpus/runtime/arrays-objects-methods.test.js
 PASS js-fuzzer-try-catch-49469dc3bbde.js [5863/10000] status=ok obs=d3d9446802a4 coverage=+0/32/38 time=2ms
  RUN js-fuzzer-class-1fb70654253d.js [5864/10000] md5=1fb70654253d944404805630039f463c bytes=101 template=class origin=seed:tests/corpus/runtime/block-scopes.test.js
 PASS js-fuzzer-class-1fb70654253d.js [5864/10000] status=ok obs=c51ce410c124 coverage=+0/32/38 time=1ms
  RUN js-fuzzer-arithmetic-492d84666110.js [5865/10000] md5=492d846661107b9bdec0e45fd03d6b8f bytes=85 template=arithmetic origin=seed:tests/corpus/runtime/class-fields-static-methods.test.js
 PASS js-fuzzer-arithmetic-492d84666110.js [5865/10000] status=ok obs=89f0fd5c927d coverage=+0/32/38 time=1ms
  RUN js-fuzzer-function-79bb4335938d.js [5866/10000] md5=79bb4335938d82d557d11e6633b235d0 bytes=153 template=function origin=seed:tests/corpus/runtime/classes-and-objects.test.js
 PASS js-fuzzer-function-79bb4335938d.js [5866/10000] status=ok obs=6512bd43d9ca coverage=+0/32/38 time=2ms
  RUN js-fuzzer-boundary-4bea2a6e0cb0.js [5867/10000] md5=4bea2a6e0cb0c7bb0b29e5b5d44112d8 bytes=128 template=boundary origin=boundary:9007199254740991
 PASS js-fuzzer-boundary-4bea2a6e0cb0.js [5867/10000] status=ok obs=dc9a0d67a31d coverage=+0/32/38 time=2ms
  RUN js-fuzzer-closure-32a8ddffde70.js [5868/10000] md5=32a8ddffde709f3a7a4d74c4616eae77 bytes=184 template=closure origin=seed:tests/corpus/runtime/closures-read-captured-values.test.js
 PASS js-fuzzer-closure-32a8ddffde70.js [5868/10000] status=ok obs=d82c8d1619ad coverage=+0/32/38 time=2ms
  RUN js-fuzzer-corpus-cf8fb96e8476.js [5869/10000] md5=cf8fb96e8476c262b73583c86dd80821 bytes=178 template=corpus origin=tests/corpus/runtime/exceptions-and-nullish.test.js
 PASS js-fuzzer-corpus-cf8fb96e8476.js [5869/10000] status=ok obs=24ed5e8718fc coverage=+0/32/38 time=1ms
  RUN js-fuzzer-loop-d35707ad0bf7.js [5870/10000] md5=d35707ad0bf74148f671ad8943998af6 bytes=81 template=loop origin=seed:tests/corpus/runtime/functions-closures-and-arrows.test.js
 PASS js-fuzzer-loop-d35707ad0bf7.js [5870/10000] status=ok obs=9bf31c7ff062 coverage=+0/32/38 time=2ms
  RUN js-fuzzer-try-catch-7b36a94abb6d.js [5871/10000] md5=7b36a94abb6ddf002e9dd3f3d3a0cea5 bytes=110 template=try-catch origin=seed:tests/corpus/runtime/lexical-shadowing.test.js
 PASS js-fuzzer-try-catch-7b36a94abb6d.js [5871/10000] status=ok obs=37693cfc7480 coverage=+0/32/38 time=2ms
  RUN js-fuzzer-class-51ea152a707e.js [5872/10000] md5=51ea152a707ed5422ab3e5b3ddb7fe43 bytes=100 template=class origin=seed:tests/corpus/runtime/modules-export.test.js
 PASS js-fuzzer-class-51ea152a707e.js [5872/10000] status=ok obs=e4da3b7fbbce coverage=+0/32/38 time=1ms
  RUN js-fuzzer-arithmetic-7647e78623db.js [5873/10000] md5=7647e78623db10a5be55dc3294f897b0 bytes=85 template=arithmetic origin=seed:tests/corpus/runtime/nested-try-finally.test.js
 PASS js-fuzzer-arithmetic-7647e78623db.js [5873/10000] status=ok obs=ea5d2f1c4608 coverage=+0/32/38 time=2ms
  RUN js-fuzzer-boundary-86f8354fc6fd.js [5874/10000] md5=86f8354fc6fd092b05683bbf230dc769 bytes=122 template=boundary origin=boundary:2147483647
 PASS js-fuzzer-boundary-86f8354fc6fd.js [5874/10000] status=ok obs=c588c0a459f4 coverage=+0/32/38 time=2ms
  RUN js-fuzzer-array-object-30b63a9d053c.js [5875/10000] md5=30b63a9d053c3fab48c889e9f0755da6 bytes=133 template=array-object origin=seed:tests/corpus/syntax/logical-unary-nullish.test.js
 PASS js-fuzzer-array-object-30b63a9d053c.js [5875/10000] status=ok obs=1679091c5a88 coverage=+0/32/38 time=1ms
  RUN js-fuzzer-closure-d76224201035.js [5876/10000] md5=d762242010354168e8a71a9306569ad1 bytes=184 template=closure origin=seed:tests/corpus/syntax/object-destructure-and-members.test.js
 PASS js-fuzzer-closure-d76224201035.js [5876/10000] status=ok obs=e2c420d928d4 coverage=+0/32/38 time=2ms
  RUN js-fuzzer-block-scope-9929c6e8a974.js [5877/10000] md5=9929c6e8a974fc51fc8c5155b52f5f75 bytes=114 template=block-scope origin=seed:tests/corpus/syntax/switch-do-while-sequence.test.js
 PASS js-fuzzer-block-scope-9929c6e8a974.js [5877/10000] status=ok obs=c9e1074f5b3f coverage=+0/32/38 time=2ms
  RUN js-fuzzer-corpus-ff388659a641.js [5878/10000] md5=ff388659a6419d1e6e01ce4e7151a52e bytes=135 template=corpus origin=tests/corpus/syntax/template-array-destructure.test.js
 PASS js-fuzzer-corpus-ff388659a641.js [5878/10000] status=ok obs=f61c9a8be43c coverage=+0/32/38 time=1ms
  RUN js-fuzzer-try-catch-e6a0f565fc4e.js [5879/10000] md5=e6a0f565fc4ec95ea847cca573b5900c bytes=110 template=try-catch origin=seed:tests/corpus/syntax/typescript-assertions.test.ts
 PASS js-fuzzer-try-catch-e6a0f565fc4e.js [5879/10000] status=ok obs=33e75ff09dd6 coverage=+0/32/38 time=2ms
  RUN js-fuzzer-class-1fb70654253d.js [5880/10000] md5=1fb70654253d944404805630039f463c bytes=101 template=class origin=seed:tests/corpus/syntax/typescript-non-null-satisfies.test.ts
 PASS js-fuzzer-class-1fb70654253d.js [5880/10000] status=ok obs=c51ce410c124 coverage=+0/32/38 time=1ms
  RUN js-fuzzer-boundary-14a05a816d97.js [5881/10000] md5=14a05a816d975afa7654eb06610350d0 bytes=113 template=boundary origin=boundary:2
 PASS js-fuzzer-boundary-14a05a816d97.js [5881/10000] status=ok obs=c81e728d9d4c coverage=+0/32/38 time=2ms
  RUN js-fuzzer-function-4b9684ea9e29.js [5882/10000] md5=4b9684ea9e291ddb6515f98bf0c93905 bytes=153 template=function origin=seed:tests/corpus/fixtures/state-machine-workflow.test.js
 PASS js-fuzzer-function-4b9684ea9e29.js [5882/10000] status=ok obs=eccbc87e4b5c coverage=+0/32/38 time=1ms
  RUN js-fuzzer-array-object-139433833be4.js [5883/10000] md5=139433833be41dadae23245819059575 bytes=133 template=array-object origin=seed:tests/corpus/fixtures/vue-script-workflow.test.vue
 PASS js-fuzzer-array-object-139433833be4.js [5883/10000] status=ok obs=1679091c5a88 coverage=+0/32/38 time=2ms
  RUN js-fuzzer-closure-8998d61c7527.js [5884/10000] md5=8998d61c752711dda145b02c4376e516 bytes=184 template=closure origin=seed:tests/corpus/obfuscation/constant-tag-mix.test.js
 PASS js-fuzzer-closure-8998d61c7527.js [5884/10000] status=ok obs=b53b3a3d6ab9 coverage=+0/32/38 time=2ms
  RUN js-fuzzer-block-scope-e3231a7a656b.js [5885/10000] md5=e3231a7a656be8eb499090ebcb867bc7 bytes=114 template=block-scope origin=seed:tests/corpus/obfuscation/extern-slot-permutation.test.js
 PASS js-fuzzer-block-scope-e3231a7a656b.js [5885/10000] status=ok obs=ec8956637a99 coverage=+0/32/38 time=2ms
  RUN js-fuzzer-loop-f495ca2fc638.js [5886/10000] md5=f495ca2fc6389f933578fc501f5b1465 bytes=81 template=loop origin=seed:tests/corpus/obfuscation/externs-console.test.js
 PASS js-fuzzer-loop-f495ca2fc638.js [5886/10000] status=ok obs=c4ca4238a0b9 coverage=+0/32/38 time=1ms
  RUN js-fuzzer-corpus-38ba19d9deb7.js [5887/10000] md5=38ba19d9deb7566cc8a420c27ada3f21 bytes=136 template=corpus origin=tests/corpus/obfuscation/seed-sensitive-functions.test.js
 PASS js-fuzzer-corpus-38ba19d9deb7.js [5887/10000] status=ok obs=a5bfc9e07964 coverage=+0/32/38 time=1ms
  RUN js-fuzzer-boundary-a6a77cc918cc.js [5888/10000] md5=a6a77cc918cc479b04ccb7be2bd80dac bytes=113 template=boundary origin=boundary:1
 PASS js-fuzzer-boundary-a6a77cc918cc.js [5888/10000] status=ok obs=c4ca4238a0b9 coverage=+0/32/38 time=2ms
  RUN js-fuzzer-arithmetic-73d6541e047c.js [5889/10000] md5=73d6541e047ca13b1a6a125c4152c76b bytes=83 template=arithmetic origin=seed:tests/corpus/regressions/multiple-functions-fib-add.test.js
 PASS js-fuzzer-arithmetic-73d6541e047c.js [5889/10000] status=ok obs=6974ce5ac660 coverage=+0/32/38 time=2ms
  RUN js-fuzzer-function-ba7ea055d439.js [5890/10000] md5=ba7ea055d4397ffca213251195491d86 bytes=153 template=function origin=seed:tests/corpus/regressions/scope-compressed-closure-params.test.js
 PASS js-fuzzer-function-ba7ea055d439.js [5890/10000] status=ok obs=8f14e45fceea coverage=+0/32/38 time=1ms
  RUN js-fuzzer-array-object-a82711ac7367.js [5891/10000] md5=a82711ac73677991f901a0daead19962 bytes=133 template=array-object origin=seed:tests/corpus/runtime/arrays-objects-methods.test.js
 PASS js-fuzzer-array-object-a82711ac7367.js [5891/10000] status=ok obs=8f14e45fceea coverage=+0/32/38 time=1ms
  RUN js-fuzzer-closure-4915344c9129.js [5892/10000] md5=4915344c9129475ae523ac1e02b1ac5e bytes=183 template=closure origin=seed:tests/corpus/runtime/block-scopes.test.js
 PASS js-fuzzer-closure-4915344c9129.js [5892/10000] status=ok obs=70efdf2ec9b0 coverage=+0/32/38 time=2ms
  RUN js-fuzzer-block-scope-acc5b759b515.js [5893/10000] md5=acc5b759b5155f53a9fe4678a8e8b693 bytes=114 template=block-scope origin=seed:tests/corpus/runtime/class-fields-static-methods.test.js
 PASS js-fuzzer-block-scope-acc5b759b515.js [5893/10000] status=ok obs=c9e1074f5b3f coverage=+0/32/38 time=1ms
  RUN js-fuzzer-loop-bbf1d7a15d8d.js [5894/10000] md5=bbf1d7a15d8dd015402d75c0e0108b5f bytes=81 template=loop origin=seed:tests/corpus/runtime/classes-and-objects.test.js
 PASS js-fuzzer-loop-bbf1d7a15d8d.js [5894/10000] status=ok obs=1679091c5a88 coverage=+0/32/38 time=2ms
  RUN js-fuzzer-boundary-e62759fbe8d3.js [5895/10000] md5=e62759fbe8d36ad2cfb89a0f8bac18b9 bytes=129 template=boundary origin=boundary:-9007199254740991
 PASS js-fuzzer-boundary-e62759fbe8d3.js [5895/10000] status=ok obs=b3f3a95848f6 coverage=+0/32/38 time=2ms
  RUN js-fuzzer-corpus-08bc93bf5789.js [5896/10000] md5=08bc93bf57897bc88ce7161fe56cd099 bytes=169 template=corpus origin=tests/corpus/runtime/closures-read-captured-values.test.js
 PASS js-fuzzer-corpus-08bc93bf5789.js [5896/10000] status=ok obs=02e74f10e032 coverage=+0/32/38 time=1ms
  RUN js-fuzzer-arithmetic-ab4b76da1845.js [5897/10000] md5=ab4b76da18458f6294d92fab1efe3fb0 bytes=84 template=arithmetic origin=seed:tests/corpus/runtime/exceptions-and-nullish.test.js
 PASS js-fuzzer-arithmetic-ab4b76da1845.js [5897/10000] status=ok obs=6f4922f45568 coverage=+0/32/38 time=2ms
  RUN js-fuzzer-function-3e322d578629.js [5898/10000] md5=3e322d5786297aab4fec4c2fa56a2542 bytes=153 template=function origin=seed:tests/corpus/runtime/functions-closures-and-arrows.test.js
 PASS js-fuzzer-function-3e322d578629.js [5898/10000] status=ok obs=1679091c5a88 coverage=+0/32/38 time=2ms
  RUN js-fuzzer-array-object-eb189667f97b.js [5899/10000] md5=eb189667f97b9ccb6e7233b9faac7d65 bytes=133 template=array-object origin=seed:tests/corpus/runtime/lexical-shadowing.test.js
 PASS js-fuzzer-array-object-eb189667f97b.js [5899/10000] status=ok obs=1f0e3dad9990 coverage=+0/32/38 time=1ms
  RUN js-fuzzer-closure-f554636b7b72.js [5900/10000] md5=f554636b7b728fc30798f03a545cb883 bytes=184 template=closure origin=seed:tests/corpus/runtime/modules-export.test.js
 PASS js-fuzzer-closure-f554636b7b72.js [5900/10000] status=ok obs=d67d8ab4f4c1 coverage=+0/32/38 time=2ms
  RUN js-fuzzer-block-scope-bea8b8cb7cd8.js [5901/10000] md5=bea8b8cb7cd8e287e2d01cc6fb3c6f55 bytes=114 template=block-scope origin=seed:tests/corpus/runtime/nested-try-finally.test.js
 PASS js-fuzzer-block-scope-bea8b8cb7cd8.js [5901/10000] status=ok obs=6974ce5ac660 coverage=+0/32/38 time=1ms
  RUN js-fuzzer-boundary-56f451fe2902.js [5902/10000] md5=56f451fe2902341a3a470031c46238b3 bytes=123 template=boundary origin=boundary:-2147483648
 PASS js-fuzzer-boundary-56f451fe2902.js [5902/10000] status=ok obs=034ff5946105 coverage=+0/32/38 time=2ms
  RUN js-fuzzer-try-catch-e6a0f565fc4e.js [5903/10000] md5=e6a0f565fc4ec95ea847cca573b5900c bytes=110 template=try-catch origin=seed:tests/corpus/syntax/logical-unary-nullish.test.js
 PASS js-fuzzer-try-catch-e6a0f565fc4e.js [5903/10000] status=ok obs=33e75ff09dd6 coverage=+0/32/38 time=1ms
  RUN js-fuzzer-class-a35a4dd2f302.js [5904/10000] md5=a35a4dd2f302fda9a0e8d6e2c980c283 bytes=101 template=class origin=seed:tests/corpus/syntax/object-destructure-and-members.test.js
 PASS js-fuzzer-class-a35a4dd2f302.js [5904/10000] status=ok obs=9bf31c7ff062 coverage=+0/32/38 time=2ms
  RUN js-fuzzer-corpus-2aed353a2d20.js [5905/10000] md5=2aed353a2d200d64cbaf7beb40face20 bytes=275 template=corpus origin=tests/corpus/syntax/switch-do-while-sequence.test.js
 PASS js-fuzzer-corpus-2aed353a2d20.js [5905/10000] status=ok obs=6f4922f45568 coverage=+0/32/38 time=2ms
  RUN js-fuzzer-function-3dca9339a683.js [5906/10000] md5=3dca9339a6831946d3c5250be8e34eee bytes=153 template=function origin=seed:tests/corpus/syntax/template-array-destructure.test.js
 PASS js-fuzzer-function-3dca9339a683.js [5906/10000] status=ok obs=e4da3b7fbbce coverage=+0/32/38 time=2ms
  RUN js-fuzzer-array-object-f37fc1203557.js [5907/10000] md5=f37fc12035574118cc33c793ddee7e21 bytes=133 template=array-object origin=seed:tests/corpus/syntax/typescript-assertions.test.ts
 PASS js-fuzzer-array-object-f37fc1203557.js [5907/10000] status=ok obs=c9f0f895fb98 coverage=+0/32/38 time=1ms
  RUN js-fuzzer-closure-3150ca80a488.js [5908/10000] md5=3150ca80a488567df3f26e8883b397bf bytes=184 template=closure origin=seed:tests/corpus/syntax/typescript-non-null-satisfies.test.ts
 PASS js-fuzzer-closure-3150ca80a488.js [5908/10000] status=ok obs=b53b3a3d6ab9 coverage=+0/32/38 time=2ms
  RUN js-fuzzer-boundary-6d89c3a838ae.js [5909/10000] md5=6d89c3a838ae354bda64ec37ec2b63b1 bytes=114 template=boundary origin=boundary:-2
 PASS js-fuzzer-boundary-6d89c3a838ae.js [5909/10000] status=ok obs=5d7b9adcbe1c coverage=+0/32/38 time=2ms
  RUN js-fuzzer-loop-b88258462a8d.js [5910/10000] md5=b88258462a8d880f8b0e459fa23b2536 bytes=81 template=loop origin=seed:tests/corpus/fixtures/state-machine-workflow.test.js
 PASS js-fuzzer-loop-b88258462a8d.js [5910/10000] status=ok obs=3c59dc048e88 coverage=+0/32/38 time=1ms
  RUN js-fuzzer-try-catch-8eb6765f66fd.js [5911/10000] md5=8eb6765f66fd409e223a9383e9857a4c bytes=109 template=try-catch origin=seed:tests/corpus/fixtures/vue-script-workflow.test.vue
 PASS js-fuzzer-try-catch-8eb6765f66fd.js [5911/10000] status=ok obs=6512bd43d9ca coverage=+0/32/38 time=2ms
  RUN js-fuzzer-class-d2b3669b495d.js [5912/10000] md5=d2b3669b495dd4792f9e1509f2bbf8a7 bytes=100 template=class origin=seed:tests/corpus/obfuscation/constant-tag-mix.test.js
 PASS js-fuzzer-class-d2b3669b495d.js [5912/10000] status=ok obs=eccbc87e4b5c coverage=+0/32/38 time=1ms
  RUN js-fuzzer-arithmetic-6b11fbbc2c2a.js [5913/10000] md5=6b11fbbc2c2ab74d4acdbcde6758738f bytes=84 template=arithmetic origin=seed:tests/corpus/obfuscation/extern-slot-permutation.test.js
 PASS js-fuzzer-arithmetic-6b11fbbc2c2a.js [5913/10000] status=ok obs=a8f15eda80c5 coverage=+0/32/38 time=2ms
  RUN js-fuzzer-corpus-efd663ac427b.js [5914/10000] md5=efd663ac427b5ca270b2f8b928c902bf bytes=112 template=corpus origin=tests/corpus/obfuscation/externs-console.test.js
 PASS js-fuzzer-corpus-efd663ac427b.js [5914/10000] status=ok obs=d289993e39c8 coverage=+0/32/38 time=2ms
  RUN js-fuzzer-array-object-ea1e54639aad.js [5915/10000] md5=ea1e54639aad98cf6864f3dc234e6e25 bytes=133 template=array-object origin=seed:tests/corpus/obfuscation/seed-sensitive-functions.test.js
 PASS js-fuzzer-array-object-ea1e54639aad.js [5915/10000] status=ok obs=98f137082101 coverage=+0/32/38 time=1ms
  RUN js-fuzzer-boundary-3d1d4e90ebd9.js [5916/10000] md5=3d1d4e90ebd99aad7ece59efc98f7563 bytes=114 template=boundary origin=boundary:-1
 PASS js-fuzzer-boundary-3d1d4e90ebd9.js [5916/10000] status=ok obs=6bb61e3b7bce coverage=+0/32/38 time=2ms
  RUN js-fuzzer-block-scope-6c0b222ddc47.js [5917/10000] md5=6c0b222ddc47d7dd8ad0d2cf6f93b269 bytes=114 template=block-scope origin=seed:tests/corpus/regressions/multiple-functions-fib-add.test.js
 PASS js-fuzzer-block-scope-6c0b222ddc47.js [5917/10000] status=ok obs=2723d092b638 coverage=+0/32/38 time=2ms
  RUN js-fuzzer-loop-d35707ad0bf7.js [5918/10000] md5=d35707ad0bf74148f671ad8943998af6 bytes=81 template=loop origin=seed:tests/corpus/regressions/scope-compressed-closure-params.test.js
 PASS js-fuzzer-loop-d35707ad0bf7.js [5918/10000] status=ok obs=9bf31c7ff062 coverage=+0/32/38 time=1ms
  RUN js-fuzzer-try-catch-14bcb064f014.js [5919/10000] md5=14bcb064f014dbe91c2010889dcaa2c0 bytes=110 template=try-catch origin=seed:tests/corpus/runtime/arrays-objects-methods.test.js
 PASS js-fuzzer-try-catch-14bcb064f014.js [5919/10000] status=ok obs=c0c7c76d30bd coverage=+0/32/38 time=2ms
  RUN js-fuzzer-class-1fb70654253d.js [5920/10000] md5=1fb70654253d944404805630039f463c bytes=101 template=class origin=seed:tests/corpus/runtime/block-scopes.test.js
 PASS js-fuzzer-class-1fb70654253d.js [5920/10000] status=ok obs=c51ce410c124 coverage=+0/32/38 time=2ms
  RUN js-fuzzer-arithmetic-d58cbe75b343.js [5921/10000] md5=d58cbe75b3431f199d9881beb84e2bb7 bytes=84 template=arithmetic origin=seed:tests/corpus/runtime/class-fields-static-methods.test.js
 PASS js-fuzzer-arithmetic-d58cbe75b343.js [5921/10000] status=ok obs=34173cb38f07 coverage=+0/32/38 time=1ms
  RUN js-fuzzer-function-cb7d7d91d83d.js [5922/10000] md5=cb7d7d91d83d165500656240f14cd1fc bytes=153 template=function origin=seed:tests/corpus/runtime/classes-and-objects.test.js
 PASS js-fuzzer-function-cb7d7d91d83d.js [5922/10000] status=ok obs=8f14e45fceea coverage=+0/32/38 time=2ms
  RUN js-fuzzer-corpus-ddcb99247fc8.js [5923/10000] md5=ddcb99247fc847c897b97c6bd6512b9f bytes=217 template=corpus origin=tests/corpus/runtime/closures-mutate-captured-bindings.test.js
 PASS js-fuzzer-corpus-ddcb99247fc8.js [5923/10000] status=ok obs=e4da3b7fbbce coverage=+0/32/38 time=2ms
  RUN js-fuzzer-closure-177ac1f6e5b8.js [5924/10000] md5=177ac1f6e5b820f1c8af5a52a84b0398 bytes=184 template=closure origin=seed:tests/corpus/runtime/closures-read-captured-values.test.js
 PASS js-fuzzer-closure-177ac1f6e5b8.js [5924/10000] status=ok obs=03afdbd66e79 coverage=+0/32/38 time=1ms
  RUN js-fuzzer-block-scope-5929829bb015.js [5925/10000] md5=5929829bb0156e79a3a2d2cf8153931a bytes=114 template=block-scope origin=seed:tests/corpus/runtime/exceptions-and-nullish.test.js
 PASS js-fuzzer-block-scope-5929829bb015.js [5925/10000] status=ok obs=f0935e4cd592 coverage=+0/32/38 time=2ms
  RUN js-fuzzer-loop-bbf1d7a15d8d.js [5926/10000] md5=bbf1d7a15d8dd015402d75c0e0108b5f bytes=81 template=loop origin=seed:tests/corpus/runtime/functions-closures-and-arrows.test.js
 PASS js-fuzzer-loop-bbf1d7a15d8d.js [5926/10000] status=ok obs=1679091c5a88 coverage=+0/32/38 time=2ms
  RUN js-fuzzer-try-catch-8a297d00e90e.js [5927/10000] md5=8a297d00e90eb93174a6d6eeae5be951 bytes=110 template=try-catch origin=seed:tests/corpus/runtime/lexical-shadowing.test.js
 PASS js-fuzzer-try-catch-8a297d00e90e.js [5927/10000] status=ok obs=98f137082101 coverage=+0/32/38 time=1ms
  RUN js-fuzzer-class-d8979b510eb0.js [5928/10000] md5=d8979b510eb085c9e0e846586f80f265 bytes=101 template=class origin=seed:tests/corpus/runtime/modules-export.test.js
 PASS js-fuzzer-class-d8979b510eb0.js [5928/10000] status=ok obs=c74d97b01eae coverage=+0/32/38 time=2ms
  RUN js-fuzzer-arithmetic-dde1df4bce70.js [5929/10000] md5=dde1df4bce70d0c0ff1806bf9a451f69 bytes=84 template=arithmetic origin=seed:tests/corpus/runtime/nested-try-finally.test.js
 PASS js-fuzzer-arithmetic-dde1df4bce70.js [5929/10000] status=ok obs=1c9ac0159c94 coverage=+0/32/38 time=1ms
  RUN js-fuzzer-boundary-6330cdecf02f.js [5930/10000] md5=6330cdecf02f68328876d88213acc2ac bytes=128 template=boundary origin=boundary:9007199254740991
 PASS js-fuzzer-boundary-6330cdecf02f.js [5930/10000] status=ok obs=8bfa9ad090fb coverage=+0/32/38 time=2ms
  RUN js-fuzzer-array-object-fb999e03b21a.js [5931/10000] md5=fb999e03b21a12b275cdb8f3f695c917 bytes=133 template=array-object origin=seed:tests/corpus/syntax/logical-unary-nullish.test.js
 PASS js-fuzzer-array-object-fb999e03b21a.js [5931/10000] status=ok obs=aab3238922bc coverage=+0/32/38 time=2ms
  RUN js-fuzzer-corpus-96ebdcb81273.js [5932/10000] md5=96ebdcb81273f0e5e5778a6c70c94988 bytes=171 template=corpus origin=tests/corpus/syntax/object-destructure-and-members.test.js
 PASS js-fuzzer-corpus-96ebdcb81273.js [5932/10000] status=ok obs=bfad8dfa12ed coverage=+0/32/38 time=1ms
  RUN js-fuzzer-block-scope-28451b696e95.js [5933/10000] md5=28451b696e955d73172358244fc51400 bytes=114 template=block-scope origin=seed:tests/corpus/syntax/switch-do-while-sequence.test.js
 PASS js-fuzzer-block-scope-28451b696e95.js [5933/10000] status=ok obs=c9e1074f5b3f coverage=+0/32/38 time=2ms
  RUN js-fuzzer-loop-d35707ad0bf7.js [5934/10000] md5=d35707ad0bf74148f671ad8943998af6 bytes=81 template=loop origin=seed:tests/corpus/syntax/template-array-destructure.test.js
 PASS js-fuzzer-loop-d35707ad0bf7.js [5934/10000] status=ok obs=9bf31c7ff062 coverage=+0/32/38 time=1ms
  RUN js-fuzzer-try-catch-ee30a401530f.js [5935/10000] md5=ee30a401530f819cbc5581e8feb5d305 bytes=110 template=try-catch origin=seed:tests/corpus/syntax/typescript-assertions.test.ts
 PASS js-fuzzer-try-catch-ee30a401530f.js [5935/10000] status=ok obs=182be0c5cdcd coverage=+0/32/38 time=1ms
  RUN js-fuzzer-class-769274f77fa6.js [5936/10000] md5=769274f77fa62254ce7e0eb0e3adf7f1 bytes=100 template=class origin=seed:tests/corpus/syntax/typescript-non-null-satisfies.test.ts
 PASS js-fuzzer-class-769274f77fa6.js [5936/10000] status=ok obs=c4ca4238a0b9 coverage=+0/32/38 time=2ms
  RUN js-fuzzer-boundary-5c12d757f0dd.js [5937/10000] md5=5c12d757f0ddd5c6b1207b14fb1e8d0c bytes=122 template=boundary origin=boundary:2147483647
 PASS js-fuzzer-boundary-5c12d757f0dd.js [5937/10000] status=ok obs=c588c0a459f4 coverage=+0/32/38 time=1ms
  RUN js-fuzzer-function-297962b584b2.js [5938/10000] md5=297962b584b2139723d9064b9ad0de50 bytes=153 template=function origin=seed:tests/corpus/fixtures/state-machine-workflow.test.js
 PASS js-fuzzer-function-297962b584b2.js [5938/10000] status=ok obs=c81e728d9d4c coverage=+0/32/38 time=2ms
  RUN js-fuzzer-array-object-e237d21a7f95.js [5939/10000] md5=e237d21a7f95bf226a6bce79bf16a0bb bytes=133 template=array-object origin=seed:tests/corpus/fixtures/vue-script-workflow.test.vue
 PASS js-fuzzer-array-object-e237d21a7f95.js [5939/10000] status=ok obs=c51ce410c124 coverage=+0/32/38 time=2ms
  RUN js-fuzzer-closure-207c5cc19557.js [5940/10000] md5=207c5cc19557e83c488a8c35a2162c2c bytes=184 template=closure origin=seed:tests/corpus/obfuscation/constant-tag-mix.test.js
 PASS js-fuzzer-closure-207c5cc19557.js [5940/10000] status=ok obs=03afdbd66e79 coverage=+0/32/38 time=1ms
  RUN js-fuzzer-corpus-fe2d30a6e413.js [5941/10000] md5=fe2d30a6e4139e7a8b52405bed737faa bytes=220 template=corpus origin=tests/corpus/obfuscation/extern-slot-permutation.test.js
 PASS js-fuzzer-corpus-fe2d30a6e413.js [5941/10000] status=ok obs=c34c702d0256 coverage=+0/32/38 time=2ms
  RUN js-fuzzer-loop-55c7c905bffb.js [5942/10000] md5=55c7c905bffb4bbbc4c8fb9b91df6ad8 bytes=81 template=loop origin=seed:tests/corpus/obfuscation/externs-console.test.js
 PASS js-fuzzer-loop-55c7c905bffb.js [5942/10000] status=ok obs=eccbc87e4b5c coverage=+0/32/38 time=2ms
  RUN js-fuzzer-try-catch-47becaf372c3.js [5943/10000] md5=47becaf372c34523cd2fbacf2b53d016 bytes=110 template=try-catch origin=seed:tests/corpus/obfuscation/seed-sensitive-functions.test.js
 PASS js-fuzzer-try-catch-47becaf372c3.js [5943/10000] status=ok obs=02e74f10e032 coverage=+0/32/38 time=1ms
  RUN js-fuzzer-boundary-85faf3787c26.js [5944/10000] md5=85faf3787c26ca3bad9215a544873988 bytes=113 template=boundary origin=boundary:2
 PASS js-fuzzer-boundary-85faf3787c26.js [5944/10000] status=ok obs=c81e728d9d4c coverage=+0/32/38 time=2ms
  RUN js-fuzzer-arithmetic-d3b14fe899a6.js [5945/10000] md5=d3b14fe899a6a40ac2d8ced051a6a521 bytes=84 template=arithmetic origin=seed:tests/corpus/regressions/multiple-functions-fib-add.test.js
 PASS js-fuzzer-arithmetic-d3b14fe899a6.js [5945/10000] status=ok obs=0f28b5d49b30 coverage=+0/32/38 time=2ms
  RUN js-fuzzer-function-8384e80192dc.js [5946/10000] md5=8384e80192dc0232cf5e505b2f7d5501 bytes=153 template=function origin=seed:tests/corpus/regressions/scope-compressed-closure-params.test.js
 PASS js-fuzzer-function-8384e80192dc.js [5946/10000] status=ok obs=e4da3b7fbbce coverage=+0/32/38 time=2ms
  RUN js-fuzzer-array-object-8c896a739d84.js [5947/10000] md5=8c896a739d848932423db788a7f2f672 bytes=133 template=array-object origin=seed:tests/corpus/runtime/arrays-objects-methods.test.js
 PASS js-fuzzer-array-object-8c896a739d84.js [5947/10000] status=ok obs=c51ce410c124 coverage=+0/32/38 time=1ms
  RUN js-fuzzer-closure-44f8d475e7b4.js [5948/10000] md5=44f8d475e7b469fd29ee336b3bad8e0e bytes=185 template=closure origin=seed:tests/corpus/runtime/block-scopes.test.js
 PASS js-fuzzer-closure-44f8d475e7b4.js [5948/10000] status=ok obs=6c8349cc7260 coverage=+0/32/38 time=2ms
  RUN js-fuzzer-block-scope-5d14e55e65b6.js [5949/10000] md5=5d14e55e65b6c22946ddcf2f918ac8f9 bytes=114 template=block-scope origin=seed:tests/corpus/runtime/class-fields-static-methods.test.js
 PASS js-fuzzer-block-scope-5d14e55e65b6.js [5949/10000] status=ok obs=ec8956637a99 coverage=+0/32/38 time=1ms
  RUN js-fuzzer-corpus-663bf83cd082.js [5950/10000] md5=663bf83cd082bd221441dae6bbc85046 bytes=278 template=corpus origin=tests/corpus/runtime/classes-and-objects.test.js
 PASS js-fuzzer-corpus-663bf83cd082.js [5950/10000] status=ok obs=6f4922f45568 coverage=+0/32/38 time=2ms
  RUN js-fuzzer-boundary-a6a77cc918cc.js [5951/10000] md5=a6a77cc918cc479b04ccb7be2bd80dac bytes=113 template=boundary origin=boundary:1
 PASS js-fuzzer-boundary-a6a77cc918cc.js [5951/10000] status=ok obs=c4ca4238a0b9 coverage=+0/32/38 time=2ms
  RUN js-fuzzer-class-51ea152a707e.js [5952/10000] md5=51ea152a707ed5422ab3e5b3ddb7fe43 bytes=100 template=class origin=seed:tests/corpus/runtime/closures-read-captured-values.test.js
 PASS js-fuzzer-class-51ea152a707e.js [5952/10000] status=ok obs=e4da3b7fbbce coverage=+0/32/38 time=1ms
  RUN js-fuzzer-arithmetic-7484ba393dad.js [5953/10000] md5=7484ba393dad4e8ebe6972978a35142a bytes=85 template=arithmetic origin=seed:tests/corpus/runtime/exceptions-and-nullish.test.js
 PASS js-fuzzer-arithmetic-7484ba393dad.js [5953/10000] status=ok obs=c042f4db68f2 coverage=+0/32/38 time=2ms
  RUN js-fuzzer-function-84b6f0564867.js [5954/10000] md5=84b6f05648673d1e7da8df04c8cbab23 bytes=153 template=function origin=seed:tests/corpus/runtime/functions-closures-and-arrows.test.js
 PASS js-fuzzer-function-84b6f0564867.js [5954/10000] status=ok obs=c74d97b01eae coverage=+0/32/38 time=2ms
  RUN js-fuzzer-array-object-2cb7a77485d1.js [5955/10000] md5=2cb7a77485d1c7060aa290ccd9e57370 bytes=133 template=array-object origin=seed:tests/corpus/runtime/lexical-shadowing.test.js
 PASS js-fuzzer-array-object-2cb7a77485d1.js [5955/10000] status=ok obs=c9f0f895fb98 coverage=+0/32/38 time=2ms
  RUN js-fuzzer-closure-d8b8ba3564a6.js [5956/10000] md5=d8b8ba3564a609b9904a864892bfaaee bytes=185 template=closure origin=seed:tests/corpus/runtime/modules-export.test.js
 PASS js-fuzzer-closure-d8b8ba3564a6.js [5956/10000] status=ok obs=03afdbd66e79 coverage=+0/32/38 time=2ms
  RUN js-fuzzer-block-scope-c54c93e141bc.js [5957/10000] md5=c54c93e141bc8ee7724d1c13ebb51f74 bytes=114 template=block-scope origin=seed:tests/corpus/runtime/nested-try-finally.test.js
 PASS js-fuzzer-block-scope-c54c93e141bc.js [5957/10000] status=ok obs=ec8956637a99 coverage=+0/32/38 time=1ms
  RUN js-fuzzer-boundary-6aec0a9b1ff4.js [5958/10000] md5=6aec0a9b1ff4294bcfecb539ba7e660b bytes=129 template=boundary origin=boundary:-9007199254740991
 PASS js-fuzzer-boundary-6aec0a9b1ff4.js [5958/10000] status=ok obs=b3f3a95848f6 coverage=+0/32/38 time=2ms
  RUN js-fuzzer-corpus-279b64032335.js [5959/10000] md5=279b640323351a1b082b98b42d2a2d55 bytes=134 template=corpus origin=tests/corpus/syntax/logical-unary-nullish.test.js
 PASS js-fuzzer-corpus-279b64032335.js [5959/10000] status=ok obs=45c48cce2e2d coverage=+0/32/38 time=2ms
  RUN js-fuzzer-class-a365d1a76b7b.js [5960/10000] md5=a365d1a76b7b0d4310621afa7caac433 bytes=100 template=class origin=seed:tests/corpus/syntax/object-destructure-and-members.test.js
 PASS js-fuzzer-class-a365d1a76b7b.js [5960/10000] status=ok obs=8f14e45fceea coverage=+0/32/38 time=1ms
  RUN js-fuzzer-arithmetic-4ce0d8e8218e.js [5961/10000] md5=4ce0d8e8218ea788625a9b22ead609de bytes=85 template=arithmetic origin=seed:tests/corpus/syntax/switch-do-while-sequence.test.js
 PASS js-fuzzer-arithmetic-4ce0d8e8218e.js [5961/10000] status=ok obs=3644a684f98e coverage=+0/32/38 time=2ms
  RUN js-fuzzer-function-53ef3ed61b76.js [5962/10000] md5=53ef3ed61b76dc45be6c66e5b3206216 bytes=153 template=function origin=seed:tests/corpus/syntax/template-array-destructure.test.js
 PASS js-fuzzer-function-53ef3ed61b76.js [5962/10000] status=ok obs=70efdf2ec9b0 coverage=+0/32/38 time=2ms
  RUN js-fuzzer-array-object-77104c6928e3.js [5963/10000] md5=77104c6928e31aa2a94d07a07983022e bytes=133 template=array-object origin=seed:tests/corpus/syntax/typescript-assertions.test.ts
 PASS js-fuzzer-array-object-77104c6928e3.js [5963/10000] status=ok obs=c20ad4d76fe9 coverage=+0/32/38 time=2ms
  RUN js-fuzzer-closure-b8932a890e99.js [5964/10000] md5=b8932a890e99d0be8d5769e2167a36c3 bytes=185 template=closure origin=seed:tests/corpus/syntax/typescript-non-null-satisfies.test.ts
 PASS js-fuzzer-closure-b8932a890e99.js [5964/10000] status=ok obs=43ec517d68b6 coverage=+0/32/38 time=1ms
  RUN js-fuzzer-boundary-4b8e58e2bd3b.js [5965/10000] md5=4b8e58e2bd3bc437f093fe0ab13ce109 bytes=123 template=boundary origin=boundary:-2147483648
 PASS js-fuzzer-boundary-4b8e58e2bd3b.js [5965/10000] status=ok obs=034ff5946105 coverage=+0/32/38 time=2ms
  RUN js-fuzzer-loop-bbf1d7a15d8d.js [5966/10000] md5=bbf1d7a15d8dd015402d75c0e0108b5f bytes=81 template=loop origin=seed:tests/corpus/fixtures/state-machine-workflow.test.js
 PASS js-fuzzer-loop-bbf1d7a15d8d.js [5966/10000] status=ok obs=1679091c5a88 coverage=+0/32/38 time=2ms
  RUN js-fuzzer-try-catch-47becaf372c3.js [5967/10000] md5=47becaf372c34523cd2fbacf2b53d016 bytes=110 template=try-catch origin=seed:tests/corpus/fixtures/vue-script-workflow.test.vue
 PASS js-fuzzer-try-catch-47becaf372c3.js [5967/10000] status=ok obs=02e74f10e032 coverage=+0/32/38 time=1ms
  RUN js-fuzzer-corpus-f00ef18b0a17.js [5968/10000] md5=f00ef18b0a172b2a2d9833f5b7fe94e2 bytes=199 template=corpus origin=tests/corpus/obfuscation/constant-tag-mix.test.js
 PASS js-fuzzer-corpus-f00ef18b0a17.js [5968/10000] status=ok obs=e86823f38986 coverage=+0/32/38 time=2ms
  RUN js-fuzzer-arithmetic-33de075c8dd3.js [5969/10000] md5=33de075c8dd3587fe7f494d2aac6a955 bytes=84 template=arithmetic origin=seed:tests/corpus/obfuscation/extern-slot-permutation.test.js
 PASS js-fuzzer-arithmetic-33de075c8dd3.js [5969/10000] status=ok obs=0777d5c17d40 coverage=+0/32/38 time=1ms
  RUN js-fuzzer-function-59a47c73ec30.js [5970/10000] md5=59a47c73ec3039d5b72e8af0d1e410de bytes=153 template=function origin=seed:tests/corpus/obfuscation/externs-console.test.js
 PASS js-fuzzer-function-59a47c73ec30.js [5970/10000] status=ok obs=8f14e45fceea coverage=+0/32/38 time=2ms
  RUN js-fuzzer-array-object-209c60c48ee7.js [5971/10000] md5=209c60c48ee7736e08e1f6c2c1181cf3 bytes=133 template=array-object origin=seed:tests/corpus/obfuscation/seed-sensitive-functions.test.js
 PASS js-fuzzer-array-object-209c60c48ee7.js [5971/10000] status=ok obs=45c48cce2e2d coverage=+0/32/38 time=2ms
  RUN js-fuzzer-boundary-db03eeac3914.js [5972/10000] md5=db03eeac3914e8f0a7bfea9eefe9f0de bytes=114 template=boundary origin=boundary:-2
 PASS js-fuzzer-boundary-db03eeac3914.js [5972/10000] status=ok obs=5d7b9adcbe1c coverage=+0/32/38 time=1ms
  RUN js-fuzzer-block-scope-48f2f9956d1a.js [5973/10000] md5=48f2f9956d1af52ff488b20e9feb23da bytes=114 template=block-scope origin=seed:tests/corpus/regressions/multiple-functions-fib-add.test.js
 PASS js-fuzzer-block-scope-48f2f9956d1a.js [5973/10000] status=ok obs=f0935e4cd592 coverage=+0/32/38 time=2ms
  RUN js-fuzzer-loop-55c7c905bffb.js [5974/10000] md5=55c7c905bffb4bbbc4c8fb9b91df6ad8 bytes=81 template=loop origin=seed:tests/corpus/regressions/scope-compressed-closure-params.test.js
 PASS js-fuzzer-loop-55c7c905bffb.js [5974/10000] status=ok obs=eccbc87e4b5c coverage=+0/32/38 time=1ms
  RUN js-fuzzer-try-catch-136d1b3d4ffd.js [5975/10000] md5=136d1b3d4ffdac816022c9faabe622ca bytes=110 template=try-catch origin=seed:tests/corpus/runtime/arrays-objects-methods.test.js
 PASS js-fuzzer-try-catch-136d1b3d4ffd.js [5975/10000] status=ok obs=9bf31c7ff062 coverage=+0/32/38 time=2ms
  RUN js-fuzzer-class-3b630e2d834a.js [5976/10000] md5=3b630e2d834a95a01ee75571f8bc0075 bytes=101 template=class origin=seed:tests/corpus/runtime/block-scopes.test.js
 PASS js-fuzzer-class-3b630e2d834a.js [5976/10000] status=ok obs=6512bd43d9ca coverage=+0/32/38 time=2ms
  RUN js-fuzzer-corpus-a64e83c2f849.js [5977/10000] md5=a64e83c2f84925dca8985eabe963ee21 bytes=179 template=corpus origin=tests/corpus/runtime/class-fields-static-methods.test.js
 PASS js-fuzzer-corpus-a64e83c2f849.js [5977/10000] status=ok obs=8f14e45fceea coverage=+0/32/38 time=1ms
  RUN js-fuzzer-function-79bb4335938d.js [5978/10000] md5=79bb4335938d82d557d11e6633b235d0 bytes=153 template=function origin=seed:tests/corpus/runtime/classes-and-objects.test.js
 PASS js-fuzzer-function-79bb4335938d.js [5978/10000] status=ok obs=6512bd43d9ca coverage=+0/32/38 time=2ms
  RUN js-fuzzer-boundary-61a9a82f5f08.js [5979/10000] md5=61a9a82f5f08bc177f13c805ba785d7d bytes=114 template=boundary origin=boundary:-1
 PASS js-fuzzer-boundary-61a9a82f5f08.js [5979/10000] status=ok obs=6bb61e3b7bce coverage=+0/32/38 time=2ms
  RUN js-fuzzer-closure-cd9ae5d35b10.js [5980/10000] md5=cd9ae5d35b10855365d2e633c9b4a5c7 bytes=183 template=closure origin=seed:tests/corpus/runtime/closures-read-captured-values.test.js
 PASS js-fuzzer-closure-cd9ae5d35b10.js [5980/10000] status=ok obs=8e296a067a37 coverage=+0/32/38 time=1ms
  RUN js-fuzzer-block-scope-3669e9c80f27.js [5981/10000] md5=3669e9c80f272a494a66ad30003318ed bytes=114 template=block-scope origin=seed:tests/corpus/runtime/exceptions-and-nullish.test.js
 PASS js-fuzzer-block-scope-3669e9c80f27.js [5981/10000] status=ok obs=a97da629b098 coverage=+0/32/38 time=2ms
  RUN js-fuzzer-loop-55c7c905bffb.js [5982/10000] md5=55c7c905bffb4bbbc4c8fb9b91df6ad8 bytes=81 template=loop origin=seed:tests/corpus/runtime/functions-closures-and-arrows.test.js
 PASS js-fuzzer-loop-55c7c905bffb.js [5982/10000] status=ok obs=eccbc87e4b5c coverage=+0/32/38 time=1ms
  RUN js-fuzzer-try-catch-f457fe0c144d.js [5983/10000] md5=f457fe0c144d86e31ce7ae86f7f5c357 bytes=110 template=try-catch origin=seed:tests/corpus/runtime/lexical-shadowing.test.js
 PASS js-fuzzer-try-catch-f457fe0c144d.js [5983/10000] status=ok obs=67c6a1e7ce56 coverage=+0/32/38 time=2ms
  RUN js-fuzzer-class-3b630e2d834a.js [5984/10000] md5=3b630e2d834a95a01ee75571f8bc0075 bytes=101 template=class origin=seed:tests/corpus/runtime/modules-export.test.js
 PASS js-fuzzer-class-3b630e2d834a.js [5984/10000] status=ok obs=6512bd43d9ca coverage=+0/32/38 time=1ms
  RUN js-fuzzer-arithmetic-e1a223f136d4.js [5985/10000] md5=e1a223f136d4ecc994039981696a1128 bytes=84 template=arithmetic origin=seed:tests/corpus/runtime/nested-try-finally.test.js
 PASS js-fuzzer-arithmetic-e1a223f136d4.js [5985/10000] status=ok obs=ad61ab143223 coverage=+0/32/38 time=1ms
  RUN js-fuzzer-corpus-89e900fcb72f.js [5986/10000] md5=89e900fcb72ff838bfe9a13ae091363f bytes=228 template=corpus origin=tests/corpus/syntax/control-flow-and-operators.test.js
 PASS js-fuzzer-corpus-89e900fcb72f.js [5986/10000] status=ok obs=aab3238922bc coverage=+0/32/38 time=2ms
  RUN js-fuzzer-array-object-e237d21a7f95.js [5987/10000] md5=e237d21a7f95bf226a6bce79bf16a0bb bytes=133 template=array-object origin=seed:tests/corpus/syntax/logical-unary-nullish.test.js
 PASS js-fuzzer-array-object-e237d21a7f95.js [5987/10000] status=ok obs=c51ce410c124 coverage=+0/32/38 time=2ms
  RUN js-fuzzer-closure-a7c0528ab5e2.js [5988/10000] md5=a7c0528ab5e27173a4f9cc6c7a5167ad bytes=183 template=closure origin=seed:tests/corpus/syntax/object-destructure-and-members.test.js
 PASS js-fuzzer-closure-a7c0528ab5e2.js [5988/10000] status=ok obs=70efdf2ec9b0 coverage=+0/32/38 time=2ms
  RUN js-fuzzer-block-scope-5951239be5d3.js [5989/10000] md5=5951239be5d370f7e12ed89cd6c868b1 bytes=114 template=block-scope origin=seed:tests/corpus/syntax/switch-do-while-sequence.test.js
 PASS js-fuzzer-block-scope-5951239be5d3.js [5989/10000] status=ok obs=2723d092b638 coverage=+0/32/38 time=1ms
  RUN js-fuzzer-loop-bbf1d7a15d8d.js [5990/10000] md5=bbf1d7a15d8dd015402d75c0e0108b5f bytes=81 template=loop origin=seed:tests/corpus/syntax/template-array-destructure.test.js
 PASS js-fuzzer-loop-bbf1d7a15d8d.js [5990/10000] status=ok obs=1679091c5a88 coverage=+0/32/38 time=2ms
  RUN js-fuzzer-try-catch-22e41d89137c.js [5991/10000] md5=22e41d89137ce4eac020880cbeff06ef bytes=110 template=try-catch origin=seed:tests/corpus/syntax/typescript-assertions.test.ts
 PASS js-fuzzer-try-catch-22e41d89137c.js [5991/10000] status=ok obs=d9d4f495e875 coverage=+0/32/38 time=1ms
  RUN js-fuzzer-class-c0844991889f.js [5992/10000] md5=c0844991889f03308712cd6bc6b7c31c bytes=101 template=class origin=seed:tests/corpus/syntax/typescript-non-null-satisfies.test.ts
 PASS js-fuzzer-class-c0844991889f.js [5992/10000] status=ok obs=70efdf2ec9b0 coverage=+0/32/38 time=2ms
  RUN js-fuzzer-boundary-6330cdecf02f.js [5993/10000] md5=6330cdecf02f68328876d88213acc2ac bytes=128 template=boundary origin=boundary:9007199254740991
 PASS js-fuzzer-boundary-6330cdecf02f.js [5993/10000] status=ok obs=8bfa9ad090fb coverage=+0/32/38 time=2ms
  RUN js-fuzzer-function-134a85d12098.js [5994/10000] md5=134a85d120985077bd24a3a53ac64560 bytes=153 template=function origin=seed:tests/corpus/fixtures/state-machine-workflow.test.js
 PASS js-fuzzer-function-134a85d12098.js [5994/10000] status=ok obs=1679091c5a88 coverage=+0/32/38 time=2ms
  RUN js-fuzzer-corpus-f722388c7961.js [5995/10000] md5=f722388c7961d2a0288508c35f28a5f8 bytes=96 template=corpus origin=tests/corpus/fixtures/vue-script-workflow.test.vue
 PASS js-fuzzer-corpus-f722388c7961.js [5995/10000] status=ok obs=6512bd43d9ca coverage=+0/32/38 time=1ms
  RUN js-fuzzer-closure-9087c9a6d676.js [5996/10000] md5=9087c9a6d6762e2897108a08a0b2ae8b bytes=184 template=closure origin=seed:tests/corpus/obfuscation/constant-tag-mix.test.js
 PASS js-fuzzer-closure-9087c9a6d676.js [5996/10000] status=ok obs=3416a75f4cea coverage=+0/32/38 time=2ms
  RUN js-fuzzer-block-scope-9b83029a9d26.js [5997/10000] md5=9b83029a9d26cfe10fda7e7e2e76d45a bytes=114 template=block-scope origin=seed:tests/corpus/obfuscation/extern-slot-permutation.test.js
 PASS js-fuzzer-block-scope-9b83029a9d26.js [5997/10000] status=ok obs=a3c65c297427 coverage=+0/32/38 time=2ms
  RUN js-fuzzer-loop-55c7c905bffb.js [5998/10000] md5=55c7c905bffb4bbbc4c8fb9b91df6ad8 bytes=81 template=loop origin=seed:tests/corpus/obfuscation/externs-console.test.js
 PASS js-fuzzer-loop-55c7c905bffb.js [5998/10000] status=ok obs=eccbc87e4b5c coverage=+0/32/38 time=1ms
  RUN js-fuzzer-try-catch-e92e59cfe8b3.js [5999/10000] md5=e92e59cfe8b3da295d2f9e96a4effe15 bytes=109 template=try-catch origin=seed:tests/corpus/obfuscation/seed-sensitive-functions.test.js
 PASS js-fuzzer-try-catch-e92e59cfe8b3.js [5999/10000] status=ok obs=eccbc87e4b5c coverage=+0/32/38 time=2ms
  RUN js-fuzzer-boundary-ac080ee0add8.js [6000/10000] md5=ac080ee0add8a3967f40d078a13e076b bytes=122 template=boundary origin=boundary:2147483647
 PASS js-fuzzer-boundary-ac080ee0add8.js [6000/10000] status=ok obs=c588c0a459f4 coverage=+0/32/38 time=1ms
  RUN js-fuzzer-arithmetic-4581884b8d92.js [6001/10000] md5=4581884b8d92129f908a0016c37b0c4b bytes=86 template=arithmetic origin=seed:tests/corpus/regressions/multiple-functions-fib-add.test.js
 PASS js-fuzzer-arithmetic-4581884b8d92.js [6001/10000] status=ok obs=335f5352088d coverage=+0/32/38 time=2ms
  RUN js-fuzzer-function-e04598e59cc1.js [6002/10000] md5=e04598e59cc109c5f5c20638fe37a892 bytes=153 template=function origin=seed:tests/corpus/regressions/scope-compressed-closure-params.test.js
 PASS js-fuzzer-function-e04598e59cc1.js [6002/10000] status=ok obs=d3d9446802a4 coverage=+0/32/38 time=2ms
  RUN js-fuzzer-array-object-1e838ce0f51c.js [6003/10000] md5=1e838ce0f51c2a928928da3ac2f65bc4 bytes=133 template=array-object origin=seed:tests/corpus/runtime/arrays-objects-methods.test.js
 PASS js-fuzzer-array-object-1e838ce0f51c.js [6003/10000] status=ok obs=aab3238922bc coverage=+0/32/38 time=2ms
  RUN js-fuzzer-corpus-8b78ba7912c5.js [6004/10000] md5=8b78ba7912c51f6cf304b65c6ebdb2e3 bytes=289 template=corpus origin=tests/corpus/runtime/block-scopes.test.js
 PASS js-fuzzer-corpus-8b78ba7912c5.js [6004/10000] status=ok obs=37693cfc7480 coverage=+0/32/38 time=1ms
  RUN js-fuzzer-block-scope-cdbf5f7a5e45.js [6005/10000] md5=cdbf5f7a5e4556604c53c617bae60283 bytes=115 template=block-scope origin=seed:tests/corpus/runtime/class-fields-static-methods.test.js
 PASS js-fuzzer-block-scope-cdbf5f7a5e45.js [6005/10000] status=ok obs=5f93f983524d coverage=+0/32/38 time=2ms
  RUN js-fuzzer-loop-55c7c905bffb.js [6006/10000] md5=55c7c905bffb4bbbc4c8fb9b91df6ad8 bytes=81 template=loop origin=seed:tests/corpus/runtime/classes-and-objects.test.js
 PASS js-fuzzer-loop-55c7c905bffb.js [6006/10000] status=ok obs=eccbc87e4b5c coverage=+0/32/38 time=2ms
  RUN js-fuzzer-boundary-85faf3787c26.js [6007/10000] md5=85faf3787c26ca3bad9215a544873988 bytes=113 template=boundary origin=boundary:2
 PASS js-fuzzer-boundary-85faf3787c26.js [6007/10000] status=ok obs=c81e728d9d4c coverage=+0/32/38 time=1ms
  RUN js-fuzzer-class-d2b3669b495d.js [6008/10000] md5=d2b3669b495dd4792f9e1509f2bbf8a7 bytes=100 template=class origin=seed:tests/corpus/runtime/closures-read-captured-values.test.js
 PASS js-fuzzer-class-d2b3669b495d.js [6008/10000] status=ok obs=eccbc87e4b5c coverage=+0/32/38 time=2ms
  RUN js-fuzzer-arithmetic-503d29b4e32b.js [6009/10000] md5=503d29b4e32bb8e1cca67a54207165c8 bytes=83 template=arithmetic origin=seed:tests/corpus/runtime/exceptions-and-nullish.test.js
 PASS js-fuzzer-arithmetic-503d29b4e32b.js [6009/10000] status=ok obs=9778d5d219c5 coverage=+0/32/38 time=1ms
  RUN js-fuzzer-function-66ad482026b9.js [6010/10000] md5=66ad482026b9df67ec5d25c1cce4c653 bytes=153 template=function origin=seed:tests/corpus/runtime/functions-closures-and-arrows.test.js
 PASS js-fuzzer-function-66ad482026b9.js [6010/10000] status=ok obs=6512bd43d9ca coverage=+0/32/38 time=2ms
  RUN js-fuzzer-array-object-e0f0ac785552.js [6011/10000] md5=e0f0ac785552a2aee1da40f9249b508d bytes=133 template=array-object origin=seed:tests/corpus/runtime/lexical-shadowing.test.js
 PASS js-fuzzer-array-object-e0f0ac785552.js [6011/10000] status=ok obs=c51ce410c124 coverage=+0/32/38 time=2ms
  RUN js-fuzzer-closure-190622f1b8fa.js [6012/10000] md5=190622f1b8fa9e7991a5d869a6c78ee0 bytes=185 template=closure origin=seed:tests/corpus/runtime/modules-export.test.js
 PASS js-fuzzer-closure-190622f1b8fa.js [6012/10000] status=ok obs=14bfa6bb1487 coverage=+0/32/38 time=1ms
  RUN js-fuzzer-corpus-c557f8da2a9d.js [6013/10000] md5=c557f8da2a9d2904c70dca50c3eeb50e bytes=191 template=corpus origin=tests/corpus/runtime/nested-try-finally.test.js
 PASS js-fuzzer-corpus-c557f8da2a9d.js [6013/10000] status=ok obs=8f14e45fceea coverage=+0/32/38 time=2ms
  RUN js-fuzzer-boundary-3ca041277ff0.js [6014/10000] md5=3ca041277ff0c3edafc1a1dcaf120940 bytes=113 template=boundary origin=boundary:1
 PASS js-fuzzer-boundary-3ca041277ff0.js [6014/10000] status=ok obs=c4ca4238a0b9 coverage=+0/32/38 time=1ms
  RUN js-fuzzer-try-catch-8d9c7d254dda.js [6015/10000] md5=8d9c7d254ddaafdc283e844d5d9a6231 bytes=109 template=try-catch origin=seed:tests/corpus/syntax/logical-unary-nullish.test.js
 PASS js-fuzzer-try-catch-8d9c7d254dda.js [6015/10000] status=ok obs=a87ff679a2f3 coverage=+0/32/38 time=2ms
  RUN js-fuzzer-class-7c36fc3c0ad4.js [6016/10000] md5=7c36fc3c0ad4461d5dbbcd7afdfb6b5c bytes=101 template=class origin=seed:tests/corpus/syntax/object-destructure-and-members.test.js
 PASS js-fuzzer-class-7c36fc3c0ad4.js [6016/10000] status=ok obs=d3d9446802a4 coverage=+0/32/38 time=2ms
  RUN js-fuzzer-arithmetic-635aa48271de.js [6017/10000] md5=635aa48271de79762b94cf76e614244e bytes=84 template=arithmetic origin=seed:tests/corpus/syntax/switch-do-while-sequence.test.js
 PASS js-fuzzer-arithmetic-635aa48271de.js [6017/10000] status=ok obs=1afa34a7f984 coverage=+0/32/38 time=1ms
  RUN js-fuzzer-function-7078b1558e88.js [6018/10000] md5=7078b1558e88c84f2ce4ff32c844a13e bytes=153 template=function origin=seed:tests/corpus/syntax/template-array-destructure.test.js
 PASS js-fuzzer-function-7078b1558e88.js [6018/10000] status=ok obs=1679091c5a88 coverage=+0/32/38 time=2ms
  RUN js-fuzzer-array-object-1fb819022970.js [6019/10000] md5=1fb8190229705e422f7d9d292b5f862e bytes=133 template=array-object origin=seed:tests/corpus/syntax/typescript-assertions.test.ts
 PASS js-fuzzer-array-object-1fb819022970.js [6019/10000] status=ok obs=70efdf2ec9b0 coverage=+0/32/38 time=2ms
  RUN js-fuzzer-closure-270f1cecd00e.js [6020/10000] md5=270f1cecd00eef52f266880888a845b7 bytes=183 template=closure origin=seed:tests/corpus/syntax/typescript-non-null-satisfies.test.ts
 PASS js-fuzzer-closure-270f1cecd00e.js [6020/10000] status=ok obs=1f0e3dad9990 coverage=+0/32/38 time=1ms
  RUN js-fuzzer-boundary-235131a2d0d1.js [6021/10000] md5=235131a2d0d184afe9327ca3bd456dde bytes=129 template=boundary origin=boundary:-9007199254740991
 PASS js-fuzzer-boundary-235131a2d0d1.js [6021/10000] status=ok obs=b3f3a95848f6 coverage=+0/32/38 time=2ms
  RUN js-fuzzer-corpus-ab8ca4f8757c.js [6022/10000] md5=ab8ca4f8757c6165b29cd6a662edad93 bytes=450 template=corpus origin=tests/corpus/fixtures/state-machine-workflow.test.js
 PASS js-fuzzer-corpus-ab8ca4f8757c.js [6022/10000] status=ok obs=b9f49c580664 coverage=+0/32/38 time=2ms
  RUN js-fuzzer-try-catch-18b0b31fe014.js [6023/10000] md5=18b0b31fe014e787990869dd8a5ff18b bytes=110 template=try-catch origin=seed:tests/corpus/fixtures/vue-script-workflow.test.vue
 PASS js-fuzzer-try-catch-18b0b31fe014.js [6023/10000] status=ok obs=aab3238922bc coverage=+0/32/38 time=2ms
  RUN js-fuzzer-class-f454a055ed5d.js [6024/10000] md5=f454a055ed5dc800cb1ab66abc7a01de bytes=100 template=class origin=seed:tests/corpus/obfuscation/constant-tag-mix.test.js
 PASS js-fuzzer-class-f454a055ed5d.js [6024/10000] status=ok obs=a87ff679a2f3 coverage=+0/32/38 time=1ms
  RUN js-fuzzer-arithmetic-b3bb8bfd95ce.js [6025/10000] md5=b3bb8bfd95ced2d06be9cb656bbb79ba bytes=85 template=arithmetic origin=seed:tests/corpus/obfuscation/extern-slot-permutation.test.js
 PASS js-fuzzer-arithmetic-b3bb8bfd95ce.js [6025/10000] status=ok obs=7f6ffaa6bb0b coverage=+0/32/38 time=2ms
  RUN js-fuzzer-function-f9a15ede1a13.js [6026/10000] md5=f9a15ede1a136ec60ae593fd7d4d8635 bytes=153 template=function origin=seed:tests/corpus/obfuscation/externs-console.test.js
 PASS js-fuzzer-function-f9a15ede1a13.js [6026/10000] status=ok obs=d3d9446802a4 coverage=+0/32/38 time=2ms
  RUN js-fuzzer-array-object-4eaae6308013.js [6027/10000] md5=4eaae63080134004bdcfeb9ab644bfd0 bytes=133 template=array-object origin=seed:tests/corpus/obfuscation/seed-sensitive-functions.test.js
 PASS js-fuzzer-array-object-4eaae6308013.js [6027/10000] status=ok obs=6512bd43d9ca coverage=+0/32/38 time=1ms
  RUN js-fuzzer-boundary-4b8e58e2bd3b.js [6028/10000] md5=4b8e58e2bd3bc437f093fe0ab13ce109 bytes=123 template=boundary origin=boundary:-2147483648
 PASS js-fuzzer-boundary-4b8e58e2bd3b.js [6028/10000] status=ok obs=034ff5946105 coverage=+0/32/38 time=2ms
  RUN js-fuzzer-block-scope-311be2c58659.js [6029/10000] md5=311be2c58659ae2ad03e69ef08c4beb9 bytes=115 template=block-scope origin=seed:tests/corpus/regressions/multiple-functions-fib-add.test.js
 PASS js-fuzzer-block-scope-311be2c58659.js [6029/10000] status=ok obs=5f93f983524d coverage=+0/32/38 time=2ms
  RUN js-fuzzer-loop-f495ca2fc638.js [6030/10000] md5=f495ca2fc6389f933578fc501f5b1465 bytes=81 template=loop origin=seed:tests/corpus/regressions/scope-compressed-closure-params.test.js
 PASS js-fuzzer-loop-f495ca2fc638.js [6030/10000] status=ok obs=c4ca4238a0b9 coverage=+0/32/38 time=1ms
  RUN js-fuzzer-corpus-a07012429fce.js [6031/10000] md5=a07012429fce4b4d7c8af42f445f70b9 bytes=163 template=corpus origin=tests/corpus/runtime/arrays-objects-methods.test.js
 PASS js-fuzzer-corpus-a07012429fce.js [6031/10000] status=ok obs=c51ce410c124 coverage=+0/32/38 time=2ms
  RUN js-fuzzer-class-3b630e2d834a.js [6032/10000] md5=3b630e2d834a95a01ee75571f8bc0075 bytes=101 template=class origin=seed:tests/corpus/runtime/block-scopes.test.js
 PASS js-fuzzer-class-3b630e2d834a.js [6032/10000] status=ok obs=6512bd43d9ca coverage=+0/32/38 time=1ms
  RUN js-fuzzer-arithmetic-892b17827b7c.js [6033/10000] md5=892b17827b7c5f76e6d30d3f9c5c6fc6 bytes=84 template=arithmetic origin=seed:tests/corpus/runtime/class-fields-static-methods.test.js
 PASS js-fuzzer-arithmetic-892b17827b7c.js [6033/10000] status=ok obs=5878a7ab84fb coverage=+0/32/38 time=2ms
  RUN js-fuzzer-function-79bb4335938d.js [6034/10000] md5=79bb4335938d82d557d11e6633b235d0 bytes=153 template=function origin=seed:tests/corpus/runtime/classes-and-objects.test.js
 PASS js-fuzzer-function-79bb4335938d.js [6034/10000] status=ok obs=6512bd43d9ca coverage=+0/32/38 time=2ms
  RUN js-fuzzer-boundary-92df4f5b559a.js [6035/10000] md5=92df4f5b559a550058b4133ffb629932 bytes=114 template=boundary origin=boundary:-2
 PASS js-fuzzer-boundary-92df4f5b559a.js [6035/10000] status=ok obs=5d7b9adcbe1c coverage=+0/32/38 time=1ms
  RUN js-fuzzer-closure-8062cdec265d.js [6036/10000] md5=8062cdec265d081afc2b1b8c67f8d8dd bytes=184 template=closure origin=seed:tests/corpus/runtime/closures-read-captured-values.test.js
 PASS js-fuzzer-closure-8062cdec265d.js [6036/10000] status=ok obs=fc490ca45c00 coverage=+0/32/38 time=2ms
  RUN js-fuzzer-block-scope-fe862d331d9c.js [6037/10000] md5=fe862d331d9cb6fbf11c9dc294796f54 bytes=114 template=block-scope origin=seed:tests/corpus/runtime/exceptions-and-nullish.test.js
 PASS js-fuzzer-block-scope-fe862d331d9c.js [6037/10000] status=ok obs=6974ce5ac660 coverage=+0/32/38 time=2ms
  RUN js-fuzzer-loop-bbf1d7a15d8d.js [6038/10000] md5=bbf1d7a15d8dd015402d75c0e0108b5f bytes=81 template=loop origin=seed:tests/corpus/runtime/functions-closures-and-arrows.test.js
 PASS js-fuzzer-loop-bbf1d7a15d8d.js [6038/10000] status=ok obs=1679091c5a88 coverage=+0/32/38 time=1ms
  RUN js-fuzzer-try-catch-0db921dfa62d.js [6039/10000] md5=0db921dfa62dbbfd21889addc9a83362 bytes=110 template=try-catch origin=seed:tests/corpus/runtime/lexical-shadowing.test.js
 PASS js-fuzzer-try-catch-0db921dfa62d.js [6039/10000] status=ok obs=34173cb38f07 coverage=+0/32/38 time=2ms
  RUN js-fuzzer-corpus-4131d841163b.js [6040/10000] md5=4131d841163b79e192bca9d4fc683c54 bytes=58 template=corpus origin=tests/corpus/runtime/modules-export.test.js
 PASS js-fuzzer-corpus-4131d841163b.js [6040/10000] status=ok obs=8f14e45fceea coverage=+0/32/38 time=1ms
  RUN js-fuzzer-arithmetic-24655d2310e8.js [6041/10000] md5=24655d2310e8e3fccdc70a930e876a59 bytes=84 template=arithmetic origin=seed:tests/corpus/runtime/nested-try-finally.test.js
 PASS js-fuzzer-arithmetic-24655d2310e8.js [6041/10000] status=ok obs=7e7757b1e12a coverage=+0/32/38 time=1ms
  RUN js-fuzzer-boundary-1024adcac0e5.js [6042/10000] md5=1024adcac0e5cc9f99f478fa66dcc00c bytes=114 template=boundary origin=boundary:-1
 PASS js-fuzzer-boundary-1024adcac0e5.js [6042/10000] status=ok obs=6bb61e3b7bce coverage=+0/32/38 time=2ms
  RUN js-fuzzer-array-object-841cc522418f.js [6043/10000] md5=841cc522418fe6c18f306261ebc40055 bytes=133 template=array-object origin=seed:tests/corpus/syntax/logical-unary-nullish.test.js
 PASS js-fuzzer-array-object-841cc522418f.js [6043/10000] status=ok obs=1f0e3dad9990 coverage=+0/32/38 time=1ms
  RUN js-fuzzer-closure-c438e2dca4a1.js [6044/10000] md5=c438e2dca4a19810a5307decb51ba56f bytes=185 template=closure origin=seed:tests/corpus/syntax/object-destructure-and-members.test.js
 PASS js-fuzzer-closure-c438e2dca4a1.js [6044/10000] status=ok obs=28dd2c7955ce coverage=+0/32/38 time=2ms
  RUN js-fuzzer-block-scope-a0b56fb999f4.js [6045/10000] md5=a0b56fb999f4bb984544d4262e239b2c bytes=114 template=block-scope origin=seed:tests/corpus/syntax/switch-do-while-sequence.test.js
 PASS js-fuzzer-block-scope-a0b56fb999f4.js [6045/10000] status=ok obs=2723d092b638 coverage=+0/32/38 time=2ms
  RUN js-fuzzer-loop-d35707ad0bf7.js [6046/10000] md5=d35707ad0bf74148f671ad8943998af6 bytes=81 template=loop origin=seed:tests/corpus/syntax/template-array-destructure.test.js
 PASS js-fuzzer-loop-d35707ad0bf7.js [6046/10000] status=ok obs=9bf31c7ff062 coverage=+0/32/38 time=1ms
  RUN js-fuzzer-try-catch-7cb82b9a3fc9.js [6047/10000] md5=7cb82b9a3fc9743b17b967ebeeaab91b bytes=110 template=try-catch origin=seed:tests/corpus/syntax/typescript-assertions.test.ts
 PASS js-fuzzer-try-catch-7cb82b9a3fc9.js [6047/10000] status=ok obs=b6d767d2f8ed coverage=+0/32/38 time=2ms
  RUN js-fuzzer-class-769274f77fa6.js [6048/10000] md5=769274f77fa62254ce7e0eb0e3adf7f1 bytes=100 template=class origin=seed:tests/corpus/syntax/typescript-non-null-satisfies.test.ts
 PASS js-fuzzer-class-769274f77fa6.js [6048/10000] status=ok obs=c4ca4238a0b9 coverage=+0/32/38 time=1ms
  RUN js-fuzzer-corpus-797f152bf878.js [6049/10000] md5=797f152bf878d5049066c6db6d2360b3 bytes=355 template=corpus origin=tests/corpus/fixtures/job-workflow.test.js
 PASS js-fuzzer-corpus-797f152bf878.js [6049/10000] status=ok obs=b9de0628c8ec coverage=+0/32/38 time=2ms
  RUN js-fuzzer-function-288d473b3a74.js [6050/10000] md5=288d473b3a7495d967aff826da7d201e bytes=153 template=function origin=seed:tests/corpus/fixtures/state-machine-workflow.test.js
 PASS js-fuzzer-function-288d473b3a74.js [6050/10000] status=ok obs=aab3238922bc coverage=+0/32/38 time=2ms
  RUN js-fuzzer-array-object-63f7e7c331b7.js [6051/10000] md5=63f7e7c331b7350f3b958b33463fb805 bytes=133 template=array-object origin=seed:tests/corpus/fixtures/vue-script-workflow.test.vue
 PASS js-fuzzer-array-object-63f7e7c331b7.js [6051/10000] status=ok obs=c9f0f895fb98 coverage=+0/32/38 time=2ms
  RUN js-fuzzer-closure-a3645b5f49ad.js [6052/10000] md5=a3645b5f49ad972965dafd4c0f3cd013 bytes=184 template=closure origin=seed:tests/corpus/obfuscation/constant-tag-mix.test.js
 PASS js-fuzzer-closure-a3645b5f49ad.js [6052/10000] status=ok obs=a5bfc9e07964 coverage=+0/32/38 time=2ms
  RUN js-fuzzer-block-scope-228c1dce5de7.js [6053/10000] md5=228c1dce5de7c217a2be2f9fda5f88c0 bytes=114 template=block-scope origin=seed:tests/corpus/obfuscation/extern-slot-permutation.test.js
 PASS js-fuzzer-block-scope-228c1dce5de7.js [6053/10000] status=ok obs=2723d092b638 coverage=+0/32/38 time=1ms
  RUN js-fuzzer-loop-54e460cecf5c.js [6054/10000] md5=54e460cecf5c05dfcffaa3b2e5f57445 bytes=81 template=loop origin=seed:tests/corpus/obfuscation/externs-console.test.js
 PASS js-fuzzer-loop-54e460cecf5c.js [6054/10000] status=ok obs=d3d9446802a4 coverage=+0/32/38 time=2ms
  RUN js-fuzzer-try-catch-14bcb064f014.js [6055/10000] md5=14bcb064f014dbe91c2010889dcaa2c0 bytes=110 template=try-catch origin=seed:tests/corpus/obfuscation/seed-sensitive-functions.test.js
 PASS js-fuzzer-try-catch-14bcb064f014.js [6055/10000] status=ok obs=c0c7c76d30bd coverage=+0/32/38 time=1ms
  RUN js-fuzzer-boundary-83aee5cf07de.js [6056/10000] md5=83aee5cf07deb9d5ce59aec8aff7a227 bytes=128 template=boundary origin=boundary:9007199254740991
 PASS js-fuzzer-boundary-83aee5cf07de.js [6056/10000] status=ok obs=8bfa9ad090fb coverage=+0/32/38 time=1ms
  RUN js-fuzzer-arithmetic-b7e8d88b9f2a.js [6057/10000] md5=b7e8d88b9f2a48d4c212c5059bbde116 bytes=85 template=arithmetic origin=seed:tests/corpus/regressions/multiple-functions-fib-add.test.js
 PASS js-fuzzer-arithmetic-b7e8d88b9f2a.js [6057/10000] status=ok obs=8613985ec49e coverage=+0/32/38 time=2ms
  RUN js-fuzzer-corpus-c28cfb056309.js [6058/10000] md5=c28cfb056309f2a77f8bd9756b123c54 bytes=147 template=corpus origin=tests/corpus/regressions/scope-compressed-closure-params.test.js
 PASS js-fuzzer-corpus-c28cfb056309.js [6058/10000] status=ok obs=c51ce410c124 coverage=+0/32/38 time=1ms
  RUN js-fuzzer-array-object-a3d0557b4deb.js [6059/10000] md5=a3d0557b4deb7d7bbad654106b394ada bytes=133 template=array-object origin=seed:tests/corpus/runtime/arrays-objects-methods.test.js
 PASS js-fuzzer-array-object-a3d0557b4deb.js [6059/10000] status=ok obs=c51ce410c124 coverage=+0/32/38 time=2ms
  RUN js-fuzzer-closure-1c9109f1f16b.js [6060/10000] md5=1c9109f1f16b90e293fbc939ac646933 bytes=183 template=closure origin=seed:tests/corpus/runtime/block-scopes.test.js
 PASS js-fuzzer-closure-1c9109f1f16b.js [6060/10000] status=ok obs=37693cfc7480 coverage=+0/32/38 time=2ms
  RUN js-fuzzer-block-scope-14b6b6b6b53d.js [6061/10000] md5=14b6b6b6b53d42c0fbebfc54d050b975 bytes=114 template=block-scope origin=seed:tests/corpus/runtime/class-fields-static-methods.test.js
 PASS js-fuzzer-block-scope-14b6b6b6b53d.js [6061/10000] status=ok obs=6974ce5ac660 coverage=+0/32/38 time=1ms
  RUN js-fuzzer-loop-d35707ad0bf7.js [6062/10000] md5=d35707ad0bf74148f671ad8943998af6 bytes=81 template=loop origin=seed:tests/corpus/runtime/classes-and-objects.test.js
 PASS js-fuzzer-loop-d35707ad0bf7.js [6062/10000] status=ok obs=9bf31c7ff062 coverage=+0/32/38 time=2ms
  RUN js-fuzzer-boundary-5c12d757f0dd.js [6063/10000] md5=5c12d757f0ddd5c6b1207b14fb1e8d0c bytes=122 template=boundary origin=boundary:2147483647
 PASS js-fuzzer-boundary-5c12d757f0dd.js [6063/10000] status=ok obs=c588c0a459f4 coverage=+0/32/38 time=2ms
  RUN js-fuzzer-class-47fbd3db5853.js [6064/10000] md5=47fbd3db58539fc2e42627a4f3168c79 bytes=101 template=class origin=seed:tests/corpus/runtime/closures-read-captured-values.test.js
 PASS js-fuzzer-class-47fbd3db5853.js [6064/10000] status=ok obs=98f137082101 coverage=+0/32/38 time=1ms
  RUN js-fuzzer-arithmetic-3424b0cbbba3.js [6065/10000] md5=3424b0cbbba31c3ed6d16153bdae39d9 bytes=86 template=arithmetic origin=seed:tests/corpus/runtime/exceptions-and-nullish.test.js
 PASS js-fuzzer-arithmetic-3424b0cbbba3.js [6065/10000] status=ok obs=f718499c1c8c coverage=+0/32/38 time=2ms
  RUN js-fuzzer-function-84b6f0564867.js [6066/10000] md5=84b6f05648673d1e7da8df04c8cbab23 bytes=153 template=function origin=seed:tests/corpus/runtime/functions-closures-and-arrows.test.js
 PASS js-fuzzer-function-84b6f0564867.js [6066/10000] status=ok obs=c74d97b01eae coverage=+0/32/38 time=2ms
  RUN js-fuzzer-corpus-463d4dee8a1f.js [6067/10000] md5=463d4dee8a1f930fa8af57a704cacf3e bytes=232 template=corpus origin=tests/corpus/runtime/lexical-shadowing.test.js
 PASS js-fuzzer-corpus-463d4dee8a1f.js [6067/10000] status=ok obs=c51ce410c124 coverage=+0/32/38 time=2ms
  RUN js-fuzzer-closure-71cc813f8760.js [6068/10000] md5=71cc813f87604c07caf975556695ade7 bytes=185 template=closure origin=seed:tests/corpus/runtime/modules-export.test.js
 PASS js-fuzzer-closure-71cc813f8760.js [6068/10000] status=ok obs=fe9fc289c3ff coverage=+0/32/38 time=2ms
  RUN js-fuzzer-block-scope-70d77e23658d.js [6069/10000] md5=70d77e23658d38d7c2e6dfd67f30a9f0 bytes=115 template=block-scope origin=seed:tests/corpus/runtime/nested-try-finally.test.js
 PASS js-fuzzer-block-scope-70d77e23658d.js [6069/10000] status=ok obs=5f93f983524d coverage=+0/32/38 time=1ms
  RUN js-fuzzer-boundary-14a05a816d97.js [6070/10000] md5=14a05a816d975afa7654eb06610350d0 bytes=113 template=boundary origin=boundary:2
 PASS js-fuzzer-boundary-14a05a816d97.js [6070/10000] status=ok obs=c81e728d9d4c coverage=+0/32/38 time=2ms
  RUN js-fuzzer-try-catch-ce914b0cd471.js [6071/10000] md5=ce914b0cd471f7c9ec83cbcd645ee9eb bytes=110 template=try-catch origin=seed:tests/corpus/syntax/logical-unary-nullish.test.js
 PASS js-fuzzer-try-catch-ce914b0cd471.js [6071/10000] status=ok obs=2838023a778d coverage=+0/32/38 time=1ms
  RUN js-fuzzer-class-a365d1a76b7b.js [6072/10000] md5=a365d1a76b7b0d4310621afa7caac433 bytes=100 template=class origin=seed:tests/corpus/syntax/object-destructure-and-members.test.js
 PASS js-fuzzer-class-a365d1a76b7b.js [6072/10000] status=ok obs=8f14e45fceea coverage=+0/32/38 time=2ms
  RUN js-fuzzer-arithmetic-f4b2f54788f3.js [6073/10000] md5=f4b2f54788f375fbfa7150cfd60c5f51 bytes=85 template=arithmetic origin=seed:tests/corpus/syntax/switch-do-while-sequence.test.js
 PASS js-fuzzer-arithmetic-f4b2f54788f3.js [6073/10000] status=ok obs=f2217062e9a3 coverage=+0/32/38 time=1ms
  RUN js-fuzzer-function-1d370c2e7126.js [6074/10000] md5=1d370c2e7126a84b090ad6eed5468375 bytes=153 template=function origin=seed:tests/corpus/syntax/template-array-destructure.test.js
 PASS js-fuzzer-function-1d370c2e7126.js [6074/10000] status=ok obs=8f14e45fceea coverage=+0/32/38 time=2ms
  RUN js-fuzzer-array-object-6e6e15e2f49e.js [6075/10000] md5=6e6e15e2f49ee20f163c917a76c9ee29 bytes=133 template=array-object origin=seed:tests/corpus/syntax/typescript-assertions.test.ts
 PASS js-fuzzer-array-object-6e6e15e2f49e.js [6075/10000] status=ok obs=c20ad4d76fe9 coverage=+0/32/38 time=2ms
  RUN js-fuzzer-corpus-e3eeaea0f8a2.js [6076/10000] md5=e3eeaea0f8a2c5d5b650d4007cf78b4a bytes=104 template=corpus origin=tests/corpus/syntax/typescript-non-null-satisfies.test.ts
 PASS js-fuzzer-corpus-e3eeaea0f8a2.js [6076/10000] status=ok obs=d3d9446802a4 coverage=+0/32/38 time=1ms
  RUN js-fuzzer-boundary-3ca041277ff0.js [6077/10000] md5=3ca041277ff0c3edafc1a1dcaf120940 bytes=113 template=boundary origin=boundary:1
 PASS js-fuzzer-boundary-3ca041277ff0.js [6077/10000] status=ok obs=c4ca4238a0b9 coverage=+0/32/38 time=2ms
  RUN js-fuzzer-loop-b88258462a8d.js [6078/10000] md5=b88258462a8d880f8b0e459fa23b2536 bytes=81 template=loop origin=seed:tests/corpus/fixtures/state-machine-workflow.test.js
 PASS js-fuzzer-loop-b88258462a8d.js [6078/10000] status=ok obs=3c59dc048e88 coverage=+0/32/38 time=2ms
  RUN js-fuzzer-try-catch-e6a0f565fc4e.js [6079/10000] md5=e6a0f565fc4ec95ea847cca573b5900c bytes=110 template=try-catch origin=seed:tests/corpus/fixtures/vue-script-workflow.test.vue
 PASS js-fuzzer-try-catch-e6a0f565fc4e.js [6079/10000] status=ok obs=33e75ff09dd6 coverage=+0/32/38 time=1ms
  RUN js-fuzzer-class-b901915e3eda.js [6080/10000] md5=b901915e3eda1a96f77dcec9fff681b5 bytes=100 template=class origin=seed:tests/corpus/obfuscation/constant-tag-mix.test.js
 PASS js-fuzzer-class-b901915e3eda.js [6080/10000] status=ok obs=c81e728d9d4c coverage=+0/32/38 time=2ms
  RUN js-fuzzer-arithmetic-93f9e50af5a4.js [6081/10000] md5=93f9e50af5a4cf1767b43d7cbf88b839 bytes=85 template=arithmetic origin=seed:tests/corpus/obfuscation/extern-slot-permutation.test.js
 PASS js-fuzzer-arithmetic-93f9e50af5a4.js [6081/10000] status=ok obs=6cdd60ea0045 coverage=+0/32/38 time=1ms
  RUN js-fuzzer-function-f9a15ede1a13.js [6082/10000] md5=f9a15ede1a136ec60ae593fd7d4d8635 bytes=153 template=function origin=seed:tests/corpus/obfuscation/externs-console.test.js
 PASS js-fuzzer-function-f9a15ede1a13.js [6082/10000] status=ok obs=d3d9446802a4 coverage=+0/32/38 time=2ms
  RUN js-fuzzer-array-object-a9e3030d170c.js [6083/10000] md5=a9e3030d170c271ea8673aba97112bee bytes=133 template=array-object origin=seed:tests/corpus/obfuscation/seed-sensitive-functions.test.js
 PASS js-fuzzer-array-object-a9e3030d170c.js [6083/10000] status=ok obs=aab3238922bc coverage=+0/32/38 time=2ms
  RUN js-fuzzer-boundary-6aec0a9b1ff4.js [6084/10000] md5=6aec0a9b1ff4294bcfecb539ba7e660b bytes=129 template=boundary origin=boundary:-9007199254740991
 PASS js-fuzzer-boundary-6aec0a9b1ff4.js [6084/10000] status=ok obs=b3f3a95848f6 coverage=+0/32/38 time=1ms
  RUN js-fuzzer-corpus-ad9ed8746461.js [6085/10000] md5=ad9ed87464611c6dd81b04b3754c760c bytes=214 template=corpus origin=tests/corpus/regressions/multiple-functions-fib-add.test.js
 PASS js-fuzzer-corpus-ad9ed8746461.js [6085/10000] status=ok obs=3c59dc048e88 coverage=+0/32/38 time=3ms
  RUN js-fuzzer-loop-d35707ad0bf7.js [6086/10000] md5=d35707ad0bf74148f671ad8943998af6 bytes=81 template=loop origin=seed:tests/corpus/regressions/scope-compressed-closure-params.test.js
 PASS js-fuzzer-loop-d35707ad0bf7.js [6086/10000] status=ok obs=9bf31c7ff062 coverage=+0/32/38 time=1ms
  RUN js-fuzzer-try-catch-dd0b1ef9b53e.js [6087/10000] md5=dd0b1ef9b53e3ee92bf7cc86c8d4101e bytes=110 template=try-catch origin=seed:tests/corpus/runtime/arrays-objects-methods.test.js
 PASS js-fuzzer-try-catch-dd0b1ef9b53e.js [6087/10000] status=ok obs=642e92efb794 coverage=+0/32/38 time=2ms
  RUN js-fuzzer-class-6736c24444bc.js [6088/10000] md5=6736c24444bc6ff151b05a9a974ae4d5 bytes=100 template=class origin=seed:tests/corpus/runtime/block-scopes.test.js
 PASS js-fuzzer-class-6736c24444bc.js [6088/10000] status=ok obs=45c48cce2e2d coverage=+0/32/38 time=2ms
  RUN js-fuzzer-arithmetic-4b50a876e0cf.js [6089/10000] md5=4b50a876e0cf4b652344abdacdcad76a bytes=84 template=arithmetic origin=seed:tests/corpus/runtime/class-fields-static-methods.test.js
 PASS js-fuzzer-arithmetic-4b50a876e0cf.js [6089/10000] status=ok obs=38b3eff8baf5 coverage=+0/32/38 time=1ms
  RUN js-fuzzer-function-f172d914fe2f.js [6090/10000] md5=f172d914fe2f2d124fd9ee51d2714545 bytes=153 template=function origin=seed:tests/corpus/runtime/classes-and-objects.test.js
 PASS js-fuzzer-function-f172d914fe2f.js [6090/10000] status=ok obs=c9f0f895fb98 coverage=+0/32/38 time=2ms
  RUN js-fuzzer-boundary-56f451fe2902.js [6091/10000] md5=56f451fe2902341a3a470031c46238b3 bytes=123 template=boundary origin=boundary:-2147483648
 PASS js-fuzzer-boundary-56f451fe2902.js [6091/10000] status=ok obs=034ff5946105 coverage=+0/32/38 time=1ms
  RUN js-fuzzer-closure-7d81d9df4108.js [6092/10000] md5=7d81d9df41082550a099655cba1bdd84 bytes=184 template=closure origin=seed:tests/corpus/runtime/closures-read-captured-values.test.js
 PASS js-fuzzer-closure-7d81d9df4108.js [6092/10000] status=ok obs=1c383cd30b7c coverage=+0/32/38 time=2ms
  RUN js-fuzzer-block-scope-11fb617d5900.js [6093/10000] md5=11fb617d590029dda70331908604740a bytes=114 template=block-scope origin=seed:tests/corpus/runtime/exceptions-and-nullish.test.js
 PASS js-fuzzer-block-scope-11fb617d5900.js [6093/10000] status=ok obs=65b9eea6e1cc coverage=+0/32/38 time=2ms
  RUN js-fuzzer-corpus-72746d071c58.js [6094/10000] md5=72746d071c58fadd9399bc8934c30553 bytes=197 template=corpus origin=tests/corpus/runtime/functions-closures-and-arrows.test.js
 PASS js-fuzzer-corpus-72746d071c58.js [6094/10000] status=ok obs=c74d97b01eae coverage=+0/32/38 time=1ms
  RUN js-fuzzer-try-catch-0db921dfa62d.js [6095/10000] md5=0db921dfa62dbbfd21889addc9a83362 bytes=110 template=try-catch origin=seed:tests/corpus/runtime/lexical-shadowing.test.js
 PASS js-fuzzer-try-catch-0db921dfa62d.js [6095/10000] status=ok obs=34173cb38f07 coverage=+0/32/38 time=2ms
  RUN js-fuzzer-class-5baf4bed5db4.js [6096/10000] md5=5baf4bed5db4f8205173226efc8fff73 bytes=101 template=class origin=seed:tests/corpus/runtime/modules-export.test.js
 PASS js-fuzzer-class-5baf4bed5db4.js [6096/10000] status=ok obs=6f4922f45568 coverage=+0/32/38 time=2ms
  RUN js-fuzzer-arithmetic-18ce93c8d325.js [6097/10000] md5=18ce93c8d3255901bdd86374e01d61b3 bytes=85 template=arithmetic origin=seed:tests/corpus/runtime/nested-try-finally.test.js
 PASS js-fuzzer-arithmetic-18ce93c8d325.js [6097/10000] status=ok obs=38db3aed920c coverage=+0/32/38 time=1ms
  RUN js-fuzzer-boundary-4ae25cb2e150.js [6098/10000] md5=4ae25cb2e15083bfca9f6b81b3f9f24b bytes=114 template=boundary origin=boundary:-2
 PASS js-fuzzer-boundary-4ae25cb2e150.js [6098/10000] status=ok obs=5d7b9adcbe1c coverage=+0/32/38 time=2ms
  RUN js-fuzzer-array-object-0a53906e0d0f.js [6099/10000] md5=0a53906e0d0fc6ae187661b74972e730 bytes=133 template=array-object origin=seed:tests/corpus/syntax/logical-unary-nullish.test.js
 PASS js-fuzzer-array-object-0a53906e0d0f.js [6099/10000] status=ok obs=1f0e3dad9990 coverage=+0/32/38 time=1ms
  RUN js-fuzzer-closure-45be6fe353e4.js [6100/10000] md5=45be6fe353e4f7b54f8e5459beab4f4b bytes=184 template=closure origin=seed:tests/corpus/syntax/object-destructure-and-members.test.js
 PASS js-fuzzer-closure-45be6fe353e4.js [6100/10000] status=ok obs=c16a5320fa47 coverage=+0/32/38 time=2ms
  RUN js-fuzzer-block-scope-a0b56fb999f4.js [6101/10000] md5=a0b56fb999f4bb984544d4262e239b2c bytes=114 template=block-scope origin=seed:tests/corpus/syntax/switch-do-while-sequence.test.js
 PASS js-fuzzer-block-scope-a0b56fb999f4.js [6101/10000] status=ok obs=2723d092b638 coverage=+0/32/38 time=2ms
  RUN js-fuzzer-loop-d35707ad0bf7.js [6102/10000] md5=d35707ad0bf74148f671ad8943998af6 bytes=81 template=loop origin=seed:tests/corpus/syntax/template-array-destructure.test.js
 PASS js-fuzzer-loop-d35707ad0bf7.js [6102/10000] status=ok obs=9bf31c7ff062 coverage=+0/32/38 time=1ms
  RUN js-fuzzer-corpus-57a83a4b020d.js [6103/10000] md5=57a83a4b020d4b85b42b0a3709f283ad bytes=130 template=corpus origin=tests/corpus/syntax/typescript-assertions.test.ts
 PASS js-fuzzer-corpus-57a83a4b020d.js [6103/10000] status=ok obs=45c48cce2e2d coverage=+0/32/38 time=2ms
  RUN js-fuzzer-class-c0844991889f.js [6104/10000] md5=c0844991889f03308712cd6bc6b7c31c bytes=101 template=class origin=seed:tests/corpus/syntax/typescript-non-null-satisfies.test.ts
 PASS js-fuzzer-class-c0844991889f.js [6104/10000] status=ok obs=70efdf2ec9b0 coverage=+0/32/38 time=1ms
  RUN js-fuzzer-boundary-1024adcac0e5.js [6105/10000] md5=1024adcac0e5cc9f99f478fa66dcc00c bytes=114 template=boundary origin=boundary:-1
 PASS js-fuzzer-boundary-1024adcac0e5.js [6105/10000] status=ok obs=6bb61e3b7bce coverage=+0/32/38 time=2ms
  RUN js-fuzzer-function-4b9684ea9e29.js [6106/10000] md5=4b9684ea9e291ddb6515f98bf0c93905 bytes=153 template=function origin=seed:tests/corpus/fixtures/state-machine-workflow.test.js
 PASS js-fuzzer-function-4b9684ea9e29.js [6106/10000] status=ok obs=eccbc87e4b5c coverage=+0/32/38 time=2ms
  RUN js-fuzzer-array-object-9062047f5fb2.js [6107/10000] md5=9062047f5fb217fcb4596ec0f8ff8753 bytes=133 template=array-object origin=seed:tests/corpus/fixtures/vue-script-workflow.test.vue
 PASS js-fuzzer-array-object-9062047f5fb2.js [6107/10000] status=ok obs=aab3238922bc coverage=+0/32/38 time=1ms
  RUN js-fuzzer-closure-611b688fcc8d.js [6108/10000] md5=611b688fcc8d216501f51f9de0491846 bytes=184 template=closure origin=seed:tests/corpus/obfuscation/constant-tag-mix.test.js
 PASS js-fuzzer-closure-611b688fcc8d.js [6108/10000] status=ok obs=72b32a1f754b coverage=+0/32/38 time=2ms
  RUN js-fuzzer-block-scope-f877ae029493.js [6109/10000] md5=f877ae0294938a62cf201f72c0ac662a bytes=114 template=block-scope origin=seed:tests/corpus/obfuscation/extern-slot-permutation.test.js
 PASS js-fuzzer-block-scope-f877ae029493.js [6109/10000] status=ok obs=38b3eff8baf5 coverage=+0/32/38 time=2ms
  RUN js-fuzzer-loop-f495ca2fc638.js [6110/10000] md5=f495ca2fc6389f933578fc501f5b1465 bytes=81 template=loop origin=seed:tests/corpus/obfuscation/externs-console.test.js
 PASS js-fuzzer-loop-f495ca2fc638.js [6110/10000] status=ok obs=c4ca4238a0b9 coverage=+0/32/38 time=1ms
  RUN js-fuzzer-try-catch-c1605790c914.js [6111/10000] md5=c1605790c914ae1743dc7ccc9c3b6fda bytes=110 template=try-catch origin=seed:tests/corpus/obfuscation/seed-sensitive-functions.test.js
 PASS js-fuzzer-try-catch-c1605790c914.js [6111/10000] status=ok obs=1c383cd30b7c coverage=+0/32/38 time=2ms
  RUN js-fuzzer-corpus-79643e915862.js [6112/10000] md5=79643e91586251700d34c0c65a0220da bytes=89 template=corpus origin=tests/corpus/regressions/destructuring-lowers-to-member.test.js
 PASS js-fuzzer-corpus-79643e915862.js [6112/10000] status=ok obs=eccbc87e4b5c coverage=+0/32/38 time=1ms
  RUN js-fuzzer-arithmetic-66878ba808e7.js [6113/10000] md5=66878ba808e73926a948e3c45be3e9fd bytes=83 template=arithmetic origin=seed:tests/corpus/regressions/multiple-functions-fib-add.test.js
 PASS js-fuzzer-arithmetic-66878ba808e7.js [6113/10000] status=ok obs=d67d8ab4f4c1 coverage=+0/32/38 time=2ms
  RUN js-fuzzer-function-67a4a16b508e.js [6114/10000] md5=67a4a16b508e8efc2a1fbbfc79004c7b bytes=153 template=function origin=seed:tests/corpus/regressions/scope-compressed-closure-params.test.js
 PASS js-fuzzer-function-67a4a16b508e.js [6114/10000] status=ok obs=eccbc87e4b5c coverage=+0/32/38 time=1ms
  RUN js-fuzzer-array-object-c12e9e0baec9.js [6115/10000] md5=c12e9e0baec934f3af9c01bf4be2a979 bytes=133 template=array-object origin=seed:tests/corpus/runtime/arrays-objects-methods.test.js
 PASS js-fuzzer-array-object-c12e9e0baec9.js [6115/10000] status=ok obs=c9f0f895fb98 coverage=+0/32/38 time=2ms
  RUN js-fuzzer-closure-ac1b0be3299a.js [6116/10000] md5=ac1b0be3299a0d78b1150042cdb93d73 bytes=184 template=closure origin=seed:tests/corpus/runtime/block-scopes.test.js
 PASS js-fuzzer-closure-ac1b0be3299a.js [6116/10000] status=ok obs=17e62166fc85 coverage=+0/32/38 time=2ms
  RUN js-fuzzer-block-scope-69416eacfa80.js [6117/10000] md5=69416eacfa80d4cc39f9ef48aa81ecf4 bytes=114 template=block-scope origin=seed:tests/corpus/runtime/class-fields-static-methods.test.js
 PASS js-fuzzer-block-scope-69416eacfa80.js [6117/10000] status=ok obs=a3c65c297427 coverage=+0/32/38 time=2ms
  RUN js-fuzzer-loop-f495ca2fc638.js [6118/10000] md5=f495ca2fc6389f933578fc501f5b1465 bytes=81 template=loop origin=seed:tests/corpus/runtime/classes-and-objects.test.js
 PASS js-fuzzer-loop-f495ca2fc638.js [6118/10000] status=ok obs=c4ca4238a0b9 coverage=+0/32/38 time=1ms
  RUN js-fuzzer-boundary-4bea2a6e0cb0.js [6119/10000] md5=4bea2a6e0cb0c7bb0b29e5b5d44112d8 bytes=128 template=boundary origin=boundary:9007199254740991
 PASS js-fuzzer-boundary-4bea2a6e0cb0.js [6119/10000] status=ok obs=dc9a0d67a31d coverage=+0/32/38 time=2ms
  RUN js-fuzzer-class-7c36fc3c0ad4.js [6120/10000] md5=7c36fc3c0ad4461d5dbbcd7afdfb6b5c bytes=101 template=class origin=seed:tests/corpus/runtime/closures-read-captured-values.test.js
 PASS js-fuzzer-class-7c36fc3c0ad4.js [6120/10000] status=ok obs=d3d9446802a4 coverage=+0/32/38 time=1ms
  RUN js-fuzzer-corpus-cf8fb96e8476.js [6121/10000] md5=cf8fb96e8476c262b73583c86dd80821 bytes=178 template=corpus origin=tests/corpus/runtime/exceptions-and-nullish.test.js
 PASS js-fuzzer-corpus-cf8fb96e8476.js [6121/10000] status=ok obs=24ed5e8718fc coverage=+0/32/38 time=2ms
  RUN js-fuzzer-function-831f4ac0cd0e.js [6122/10000] md5=831f4ac0cd0ee5c472d5e3bccfaabf34 bytes=153 template=function origin=seed:tests/corpus/runtime/functions-closures-and-arrows.test.js
 PASS js-fuzzer-function-831f4ac0cd0e.js [6122/10000] status=ok obs=c9f0f895fb98 coverage=+0/32/38 time=2ms
  RUN js-fuzzer-array-object-fcadf176287e.js [6123/10000] md5=fcadf176287e2432f75edd608143a73f bytes=133 template=array-object origin=seed:tests/corpus/runtime/lexical-shadowing.test.js
 PASS js-fuzzer-array-object-fcadf176287e.js [6123/10000] status=ok obs=45c48cce2e2d coverage=+0/32/38 time=1ms
  RUN js-fuzzer-closure-207c5cc19557.js [6124/10000] md5=207c5cc19557e83c488a8c35a2162c2c bytes=184 template=closure origin=seed:tests/corpus/runtime/modules-export.test.js
 PASS js-fuzzer-closure-207c5cc19557.js [6124/10000] status=ok obs=03afdbd66e79 coverage=+0/32/38 time=1ms
  RUN js-fuzzer-block-scope-592cce677ffc.js [6125/10000] md5=592cce677ffc23a91cff1cbffbb25225 bytes=114 template=block-scope origin=seed:tests/corpus/runtime/nested-try-finally.test.js
 PASS js-fuzzer-block-scope-592cce677ffc.js [6125/10000] status=ok obs=6974ce5ac660 coverage=+0/32/38 time=2ms
  RUN js-fuzzer-boundary-5c12d757f0dd.js [6126/10000] md5=5c12d757f0ddd5c6b1207b14fb1e8d0c bytes=122 template=boundary origin=boundary:2147483647
 PASS js-fuzzer-boundary-5c12d757f0dd.js [6126/10000] status=ok obs=c588c0a459f4 coverage=+0/32/38 time=2ms
  RUN js-fuzzer-try-catch-40520a1b7956.js [6127/10000] md5=40520a1b7956f57804d753ea77e1e468 bytes=110 template=try-catch origin=seed:tests/corpus/syntax/logical-unary-nullish.test.js
 PASS js-fuzzer-try-catch-40520a1b7956.js [6127/10000] status=ok obs=70efdf2ec9b0 coverage=+0/32/38 time=1ms
  RUN js-fuzzer-class-769274f77fa6.js [6128/10000] md5=769274f77fa62254ce7e0eb0e3adf7f1 bytes=100 template=class origin=seed:tests/corpus/syntax/object-destructure-and-members.test.js
 PASS js-fuzzer-class-769274f77fa6.js [6128/10000] status=ok obs=c4ca4238a0b9 coverage=+0/32/38 time=2ms
  RUN js-fuzzer-arithmetic-cc0d83ed1bff.js [6129/10000] md5=cc0d83ed1bff40a13c8860b42372b559 bytes=84 template=arithmetic origin=seed:tests/corpus/syntax/switch-do-while-sequence.test.js
 PASS js-fuzzer-arithmetic-cc0d83ed1bff.js [6129/10000] status=ok obs=2b24d495052a coverage=+0/32/38 time=2ms
  RUN js-fuzzer-corpus-ff388659a641.js [6130/10000] md5=ff388659a6419d1e6e01ce4e7151a52e bytes=135 template=corpus origin=tests/corpus/syntax/template-array-destructure.test.js
 PASS js-fuzzer-corpus-ff388659a641.js [6130/10000] status=ok obs=f61c9a8be43c coverage=+0/32/38 time=1ms
  RUN js-fuzzer-array-object-9234a987cee6.js [6131/10000] md5=9234a987cee6ccd43a7b5a16e0939788 bytes=133 template=array-object origin=seed:tests/corpus/syntax/typescript-assertions.test.ts
 PASS js-fuzzer-array-object-9234a987cee6.js [6131/10000] status=ok obs=c20ad4d76fe9 coverage=+0/32/38 time=2ms
  RUN js-fuzzer-closure-44e7720ce0a0.js [6132/10000] md5=44e7720ce0a09c319e557ddb04de8b21 bytes=183 template=closure origin=seed:tests/corpus/syntax/typescript-non-null-satisfies.test.ts
 PASS js-fuzzer-closure-44e7720ce0a0.js [6132/10000] status=ok obs=9bf31c7ff062 coverage=+0/32/38 time=1ms
  RUN js-fuzzer-boundary-221618e58a55.js [6133/10000] md5=221618e58a55537e4dc7530ef9f57aaf bytes=113 template=boundary origin=boundary:2
 PASS js-fuzzer-boundary-221618e58a55.js [6133/10000] status=ok obs=c81e728d9d4c coverage=+0/32/38 time=2ms
  RUN js-fuzzer-loop-b88258462a8d.js [6134/10000] md5=b88258462a8d880f8b0e459fa23b2536 bytes=81 template=loop origin=seed:tests/corpus/fixtures/state-machine-workflow.test.js
 PASS js-fuzzer-loop-b88258462a8d.js [6134/10000] status=ok obs=3c59dc048e88 coverage=+0/32/38 time=1ms
  RUN js-fuzzer-try-catch-84bb82ab521c.js [6135/10000] md5=84bb82ab521cc370007aca532f77c9e1 bytes=110 template=try-catch origin=seed:tests/corpus/fixtures/vue-script-workflow.test.vue
 PASS js-fuzzer-try-catch-84bb82ab521c.js [6135/10000] status=ok obs=c16a5320fa47 coverage=+0/32/38 time=2ms
  RUN js-fuzzer-class-c0844991889f.js [6136/10000] md5=c0844991889f03308712cd6bc6b7c31c bytes=101 template=class origin=seed:tests/corpus/obfuscation/constant-tag-mix.test.js
 PASS js-fuzzer-class-c0844991889f.js [6136/10000] status=ok obs=70efdf2ec9b0 coverage=+0/32/38 time=2ms
  RUN js-fuzzer-arithmetic-f8bf52144c5d.js [6137/10000] md5=f8bf52144c5d8c8bafdd743e29ca5e83 bytes=83 template=arithmetic origin=seed:tests/corpus/obfuscation/extern-slot-permutation.test.js
 PASS js-fuzzer-arithmetic-f8bf52144c5d.js [6137/10000] status=ok obs=66f041e16a60 coverage=+0/32/38 time=1ms
  RUN js-fuzzer-function-98e8c4d5dcc0.js [6138/10000] md5=98e8c4d5dcc095fbcedf7527b98fd4fe bytes=153 template=function origin=seed:tests/corpus/obfuscation/externs-console.test.js
 PASS js-fuzzer-function-98e8c4d5dcc0.js [6138/10000] status=ok obs=c9f0f895fb98 coverage=+0/32/38 time=2ms
  RUN js-fuzzer-corpus-38ba19d9deb7.js [6139/10000] md5=38ba19d9deb7566cc8a420c27ada3f21 bytes=136 template=corpus origin=tests/corpus/obfuscation/seed-sensitive-functions.test.js
 PASS js-fuzzer-corpus-38ba19d9deb7.js [6139/10000] status=ok obs=a5bfc9e07964 coverage=+0/32/38 time=2ms
  RUN js-fuzzer-boundary-a6a77cc918cc.js [6140/10000] md5=a6a77cc918cc479b04ccb7be2bd80dac bytes=113 template=boundary origin=boundary:1
 PASS js-fuzzer-boundary-a6a77cc918cc.js [6140/10000] status=ok obs=c4ca4238a0b9 coverage=+0/32/38 time=1ms
  RUN js-fuzzer-block-scope-e5edf6b2fdfb.js [6141/10000] md5=e5edf6b2fdfbf92b26e48345ee99c5d9 bytes=114 template=block-scope origin=seed:tests/corpus/regressions/multiple-functions-fib-add.test.js
 PASS js-fuzzer-block-scope-e5edf6b2fdfb.js [6141/10000] status=ok obs=a3c65c297427 coverage=+0/32/38 time=2ms
  RUN js-fuzzer-loop-bbf1d7a15d8d.js [6142/10000] md5=bbf1d7a15d8dd015402d75c0e0108b5f bytes=81 template=loop origin=seed:tests/corpus/regressions/scope-compressed-closure-params.test.js
 PASS js-fuzzer-loop-bbf1d7a15d8d.js [6142/10000] status=ok obs=1679091c5a88 coverage=+0/32/38 time=1ms
  RUN js-fuzzer-try-catch-ee30a401530f.js [6143/10000] md5=ee30a401530f819cbc5581e8feb5d305 bytes=110 template=try-catch origin=seed:tests/corpus/runtime/arrays-objects-methods.test.js
 PASS js-fuzzer-try-catch-ee30a401530f.js [6143/10000] status=ok obs=182be0c5cdcd coverage=+0/32/38 time=2ms
  RUN js-fuzzer-class-c6bbe0a63455.js [6144/10000] md5=c6bbe0a634559d18fa82cf0c9a421610 bytes=100 template=class origin=seed:tests/corpus/runtime/block-scopes.test.js
 PASS js-fuzzer-class-c6bbe0a63455.js [6144/10000] status=ok obs=1679091c5a88 coverage=+0/32/38 time=1ms
  RUN js-fuzzer-arithmetic-5967d960252e.js [6145/10000] md5=5967d960252e4e746a7900264ab57126 bytes=85 template=arithmetic origin=seed:tests/corpus/runtime/class-fields-static-methods.test.js
 PASS js-fuzzer-arithmetic-5967d960252e.js [6145/10000] status=ok obs=758874998f5b coverage=+0/32/38 time=2ms
  RUN js-fuzzer-function-cb7d7d91d83d.js [6146/10000] md5=cb7d7d91d83d165500656240f14cd1fc bytes=153 template=function origin=seed:tests/corpus/runtime/classes-and-objects.test.js
 PASS js-fuzzer-function-cb7d7d91d83d.js [6146/10000] status=ok obs=8f14e45fceea coverage=+0/32/38 time=2ms
  RUN js-fuzzer-boundary-e62759fbe8d3.js [6147/10000] md5=e62759fbe8d36ad2cfb89a0f8bac18b9 bytes=129 template=boundary origin=boundary:-9007199254740991
 PASS js-fuzzer-boundary-e62759fbe8d3.js [6147/10000] status=ok obs=b3f3a95848f6 coverage=+0/32/38 time=1ms
  RUN js-fuzzer-corpus-08bc93bf5789.js [6148/10000] md5=08bc93bf57897bc88ce7161fe56cd099 bytes=169 template=corpus origin=tests/corpus/runtime/closures-read-captured-values.test.js
 PASS js-fuzzer-corpus-08bc93bf5789.js [6148/10000] status=ok obs=02e74f10e032 coverage=+0/32/38 time=2ms
  RUN js-fuzzer-block-scope-cee200465655.js [6149/10000] md5=cee2004656551503c47ff6eabad21b25 bytes=114 template=block-scope origin=seed:tests/corpus/runtime/exceptions-and-nullish.test.js
 PASS js-fuzzer-block-scope-cee200465655.js [6149/10000] status=ok obs=a3c65c297427 coverage=+0/32/38 time=2ms
  RUN js-fuzzer-loop-54e460cecf5c.js [6150/10000] md5=54e460cecf5c05dfcffaa3b2e5f57445 bytes=81 template=loop origin=seed:tests/corpus/runtime/functions-closures-and-arrows.test.js
 PASS js-fuzzer-loop-54e460cecf5c.js [6150/10000] status=ok obs=d3d9446802a4 coverage=+0/32/38 time=1ms
  RUN js-fuzzer-try-catch-8eb6765f66fd.js [6151/10000] md5=8eb6765f66fd409e223a9383e9857a4c bytes=109 template=try-catch origin=seed:tests/corpus/runtime/lexical-shadowing.test.js
 PASS js-fuzzer-try-catch-8eb6765f66fd.js [6151/10000] status=ok obs=6512bd43d9ca coverage=+0/32/38 time=2ms
  RUN js-fuzzer-class-a35a4dd2f302.js [6152/10000] md5=a35a4dd2f302fda9a0e8d6e2c980c283 bytes=101 template=class origin=seed:tests/corpus/runtime/modules-export.test.js
 PASS js-fuzzer-class-a35a4dd2f302.js [6152/10000] status=ok obs=9bf31c7ff062 coverage=+0/32/38 time=1ms
  RUN js-fuzzer-arithmetic-f1a3fb0a29e5.js [6153/10000] md5=f1a3fb0a29e5c827c9d4f35049a65f2e bytes=85 template=arithmetic origin=seed:tests/corpus/runtime/nested-try-finally.test.js
 PASS js-fuzzer-arithmetic-f1a3fb0a29e5.js [6153/10000] status=ok obs=4c5bde74a8f1 coverage=+0/32/38 time=2ms
  RUN js-fuzzer-boundary-56f451fe2902.js [6154/10000] md5=56f451fe2902341a3a470031c46238b3 bytes=123 template=boundary origin=boundary:-2147483648
 PASS js-fuzzer-boundary-56f451fe2902.js [6154/10000] status=ok obs=034ff5946105 coverage=+0/32/38 time=1ms
  RUN js-fuzzer-array-object-5d9ddd3dd467.js [6155/10000] md5=5d9ddd3dd4674fbcb1877f7839bc8e09 bytes=133 template=array-object origin=seed:tests/corpus/syntax/logical-unary-nullish.test.js
 PASS js-fuzzer-array-object-5d9ddd3dd467.js [6155/10000] status=ok obs=6f4922f45568 coverage=+0/32/38 time=2ms
  RUN js-fuzzer-closure-f88ede9fbfc3.js [6156/10000] md5=f88ede9fbfc3ab4becb38fcb59420027 bytes=183 template=closure origin=seed:tests/corpus/syntax/object-destructure-and-members.test.js
 PASS js-fuzzer-closure-f88ede9fbfc3.js [6156/10000] status=ok obs=c16a5320fa47 coverage=+0/32/38 time=2ms
  RUN js-fuzzer-corpus-2aed353a2d20.js [6157/10000] md5=2aed353a2d200d64cbaf7beb40face20 bytes=275 template=corpus origin=tests/corpus/syntax/switch-do-while-sequence.test.js
 PASS js-fuzzer-corpus-2aed353a2d20.js [6157/10000] status=ok obs=6f4922f45568 coverage=+0/32/38 time=2ms
  RUN js-fuzzer-loop-d35707ad0bf7.js [6158/10000] md5=d35707ad0bf74148f671ad8943998af6 bytes=81 template=loop origin=seed:tests/corpus/syntax/template-array-destructure.test.js
 PASS js-fuzzer-loop-d35707ad0bf7.js [6158/10000] status=ok obs=9bf31c7ff062 coverage=+0/32/38 time=1ms
  RUN js-fuzzer-try-catch-394293a01c1f.js [6159/10000] md5=394293a01c1f5412b61d69cb8738d61b bytes=110 template=try-catch origin=seed:tests/corpus/syntax/typescript-assertions.test.ts
 PASS js-fuzzer-try-catch-394293a01c1f.js [6159/10000] status=ok obs=c74d97b01eae coverage=+0/32/38 time=2ms
  RUN js-fuzzer-class-c6bbe0a63455.js [6160/10000] md5=c6bbe0a634559d18fa82cf0c9a421610 bytes=100 template=class origin=seed:tests/corpus/syntax/typescript-non-null-satisfies.test.ts
 PASS js-fuzzer-class-c6bbe0a63455.js [6160/10000] status=ok obs=1679091c5a88 coverage=+0/32/38 time=1ms
  RUN js-fuzzer-boundary-4ae25cb2e150.js [6161/10000] md5=4ae25cb2e15083bfca9f6b81b3f9f24b bytes=114 template=boundary origin=boundary:-2
 PASS js-fuzzer-boundary-4ae25cb2e150.js [6161/10000] status=ok obs=5d7b9adcbe1c coverage=+0/32/38 time=2ms
  RUN js-fuzzer-function-134a85d12098.js [6162/10000] md5=134a85d120985077bd24a3a53ac64560 bytes=153 template=function origin=seed:tests/corpus/fixtures/state-machine-workflow.test.js
 PASS js-fuzzer-function-134a85d12098.js [6162/10000] status=ok obs=1679091c5a88 coverage=+0/32/38 time=2ms
  RUN js-fuzzer-array-object-47f0154f80a6.js [6163/10000] md5=47f0154f80a6ee4997074f5f2a558c08 bytes=133 template=array-object origin=seed:tests/corpus/fixtures/vue-script-workflow.test.vue
 PASS js-fuzzer-array-object-47f0154f80a6.js [6163/10000] status=ok obs=8f14e45fceea coverage=+0/32/38 time=1ms
  RUN js-fuzzer-closure-9ee51b7713b1.js [6164/10000] md5=9ee51b7713b17712852316b387954239 bytes=184 template=closure origin=seed:tests/corpus/obfuscation/constant-tag-mix.test.js
 PASS js-fuzzer-closure-9ee51b7713b1.js [6164/10000] status=ok obs=d67d8ab4f4c1 coverage=+0/32/38 time=2ms
  RUN js-fuzzer-block-scope-c9036716ef90.js [6165/10000] md5=c9036716ef90ee62936b6cdf496fd35c bytes=114 template=block-scope origin=seed:tests/corpus/obfuscation/extern-slot-permutation.test.js
 PASS js-fuzzer-block-scope-c9036716ef90.js [6165/10000] status=ok obs=38b3eff8baf5 coverage=+0/32/38 time=2ms
  RUN js-fuzzer-corpus-efd663ac427b.js [6166/10000] md5=efd663ac427b5ca270b2f8b928c902bf bytes=112 template=corpus origin=tests/corpus/obfuscation/externs-console.test.js
 PASS js-fuzzer-corpus-efd663ac427b.js [6166/10000] status=ok obs=d289993e39c8 coverage=+0/32/38 time=1ms
  RUN js-fuzzer-try-catch-0db921dfa62d.js [6167/10000] md5=0db921dfa62dbbfd21889addc9a83362 bytes=110 template=try-catch origin=seed:tests/corpus/obfuscation/seed-sensitive-functions.test.js
 PASS js-fuzzer-try-catch-0db921dfa62d.js [6167/10000] status=ok obs=34173cb38f07 coverage=+0/32/38 time=2ms
  RUN js-fuzzer-boundary-7f379f781f4f.js [6168/10000] md5=7f379f781f4f9844733fb0f4c5d8aa15 bytes=114 template=boundary origin=boundary:-1
 PASS js-fuzzer-boundary-7f379f781f4f.js [6168/10000] status=ok obs=6bb61e3b7bce coverage=+0/32/38 time=2ms
  RUN js-fuzzer-arithmetic-64afdb0e812e.js [6169/10000] md5=64afdb0e812e4907c8889600b357224d bytes=85 template=arithmetic origin=seed:tests/corpus/regressions/multiple-functions-fib-add.test.js
 PASS js-fuzzer-arithmetic-64afdb0e812e.js [6169/10000] status=ok obs=4e732ced3463 coverage=+0/32/38 time=1ms
  RUN js-fuzzer-function-67a4a16b508e.js [6170/10000] md5=67a4a16b508e8efc2a1fbbfc79004c7b bytes=153 template=function origin=seed:tests/corpus/regressions/scope-compressed-closure-params.test.js
 PASS js-fuzzer-function-67a4a16b508e.js [6170/10000] status=ok obs=eccbc87e4b5c coverage=+0/32/38 time=2ms
  RUN js-fuzzer-array-object-77104c6928e3.js [6171/10000] md5=77104c6928e31aa2a94d07a07983022e bytes=133 template=array-object origin=seed:tests/corpus/runtime/arrays-objects-methods.test.js
 PASS js-fuzzer-array-object-77104c6928e3.js [6171/10000] status=ok obs=c20ad4d76fe9 coverage=+0/32/38 time=2ms
  RUN js-fuzzer-closure-5e6c00b29d18.js [6172/10000] md5=5e6c00b29d18415fb87d90b87cbbcf2a bytes=184 template=closure origin=seed:tests/corpus/runtime/block-scopes.test.js
 PASS js-fuzzer-closure-5e6c00b29d18.js [6172/10000] status=ok obs=a5bfc9e07964 coverage=+0/32/38 time=1ms
  RUN js-fuzzer-block-scope-250010e390cc.js [6173/10000] md5=250010e390ccf01ade8aa57381b7974e bytes=114 template=block-scope origin=seed:tests/corpus/runtime/class-fields-static-methods.test.js
 PASS js-fuzzer-block-scope-250010e390cc.js [6173/10000] status=ok obs=ec8956637a99 coverage=+0/32/38 time=2ms
  RUN js-fuzzer-loop-d35707ad0bf7.js [6174/10000] md5=d35707ad0bf74148f671ad8943998af6 bytes=81 template=loop origin=seed:tests/corpus/runtime/classes-and-objects.test.js
 PASS js-fuzzer-loop-d35707ad0bf7.js [6174/10000] status=ok obs=9bf31c7ff062 coverage=+0/32/38 time=1ms
  RUN js-fuzzer-corpus-ddcb99247fc8.js [6175/10000] md5=ddcb99247fc847c897b97c6bd6512b9f bytes=217 template=corpus origin=tests/corpus/runtime/closures-mutate-captured-bindings.test.js
 PASS js-fuzzer-corpus-ddcb99247fc8.js [6175/10000] status=ok obs=e4da3b7fbbce coverage=+0/32/38 time=2ms
  RUN js-fuzzer-class-b901915e3eda.js [6176/10000] md5=b901915e3eda1a96f77dcec9fff681b5 bytes=100 template=class origin=seed:tests/corpus/runtime/closures-read-captured-values.test.js
 PASS js-fuzzer-class-b901915e3eda.js [6176/10000] status=ok obs=c81e728d9d4c coverage=+0/32/38 time=1ms
  RUN js-fuzzer-arithmetic-a2aa6450e318.js [6177/10000] md5=a2aa6450e31825ca5072325b8e9d2d1b bytes=86 template=arithmetic origin=seed:tests/corpus/runtime/exceptions-and-nullish.test.js
 PASS js-fuzzer-arithmetic-a2aa6450e318.js [6177/10000] status=ok obs=d395771085aa coverage=+0/32/38 time=2ms
  RUN js-fuzzer-function-831f4ac0cd0e.js [6178/10000] md5=831f4ac0cd0ee5c472d5e3bccfaabf34 bytes=153 template=function origin=seed:tests/corpus/runtime/functions-closures-and-arrows.test.js
 PASS js-fuzzer-function-831f4ac0cd0e.js [6178/10000] status=ok obs=c9f0f895fb98 coverage=+0/32/38 time=2ms
  RUN js-fuzzer-array-object-21a4e7e2e12e.js [6179/10000] md5=21a4e7e2e12e218bac9e459848fb9c31 bytes=133 template=array-object origin=seed:tests/corpus/runtime/lexical-shadowing.test.js
 PASS js-fuzzer-array-object-21a4e7e2e12e.js [6179/10000] status=ok obs=6512bd43d9ca coverage=+0/32/38 time=2ms
  RUN js-fuzzer-closure-1f1c26b5f4c8.js [6180/10000] md5=1f1c26b5f4c802b4f79a712bcbb674c5 bytes=184 template=closure origin=seed:tests/corpus/runtime/modules-export.test.js
 PASS js-fuzzer-closure-1f1c26b5f4c8.js [6180/10000] status=ok obs=6ea9ab1baa0e coverage=+0/32/38 time=1ms
  RUN js-fuzzer-block-scope-58f9e3de3887.js [6181/10000] md5=58f9e3de38876b109c415b07da76f87c bytes=114 template=block-scope origin=seed:tests/corpus/runtime/nested-try-finally.test.js
 PASS js-fuzzer-block-scope-58f9e3de3887.js [6181/10000] status=ok obs=c9e1074f5b3f coverage=+0/32/38 time=2ms
  RUN js-fuzzer-boundary-83aee5cf07de.js [6182/10000] md5=83aee5cf07deb9d5ce59aec8aff7a227 bytes=128 template=boundary origin=boundary:9007199254740991
 PASS js-fuzzer-boundary-83aee5cf07de.js [6182/10000] status=ok obs=8bfa9ad090fb coverage=+0/32/38 time=2ms
  RUN js-fuzzer-try-catch-20dc98d64456.js [6183/10000] md5=20dc98d644569e4da77d458e1c7210ec bytes=110 template=try-catch origin=seed:tests/corpus/syntax/logical-unary-nullish.test.js
 PASS js-fuzzer-try-catch-20dc98d64456.js [6183/10000] status=ok obs=c51ce410c124 coverage=+0/32/38 time=1ms
  RUN js-fuzzer-corpus-96ebdcb81273.js [6184/10000] md5=96ebdcb81273f0e5e5778a6c70c94988 bytes=171 template=corpus origin=tests/corpus/syntax/object-destructure-and-members.test.js
 PASS js-fuzzer-corpus-96ebdcb81273.js [6184/10000] status=ok obs=bfad8dfa12ed coverage=+0/32/38 time=2ms
  RUN js-fuzzer-arithmetic-6b58252394d5.js [6185/10000] md5=6b58252394d57e12d7d6f1c15df32d1d bytes=83 template=arithmetic origin=seed:tests/corpus/syntax/switch-do-while-sequence.test.js
 PASS js-fuzzer-arithmetic-6b58252394d5.js [6185/10000] status=ok obs=2838023a778d coverage=+0/32/38 time=1ms
  RUN js-fuzzer-function-3c5d7cd75696.js [6186/10000] md5=3c5d7cd75696cd405bd2fe4a10121d7f bytes=153 template=function origin=seed:tests/corpus/syntax/template-array-destructure.test.js
 PASS js-fuzzer-function-3c5d7cd75696.js [6186/10000] status=ok obs=c20ad4d76fe9 coverage=+0/32/38 time=2ms
  RUN js-fuzzer-array-object-87e23b479a63.js [6187/10000] md5=87e23b479a638c8563440fa5bf342c2c bytes=133 template=array-object origin=seed:tests/corpus/syntax/typescript-assertions.test.ts
 PASS js-fuzzer-array-object-87e23b479a63.js [6187/10000] status=ok obs=c20ad4d76fe9 coverage=+0/32/38 time=2ms
  RUN js-fuzzer-closure-dfe8465fca48.js [6188/10000] md5=dfe8465fca4823b5d6d32737657f830e bytes=184 template=closure origin=seed:tests/corpus/syntax/typescript-non-null-satisfies.test.ts
 PASS js-fuzzer-closure-dfe8465fca48.js [6188/10000] status=ok obs=fc490ca45c00 coverage=+0/32/38 time=1ms
  RUN js-fuzzer-boundary-5c12d757f0dd.js [6189/10000] md5=5c12d757f0ddd5c6b1207b14fb1e8d0c bytes=122 template=boundary origin=boundary:2147483647
 PASS js-fuzzer-boundary-5c12d757f0dd.js [6189/10000] status=ok obs=c588c0a459f4 coverage=+0/32/38 time=1ms
  RUN js-fuzzer-loop-b88258462a8d.js [6190/10000] md5=b88258462a8d880f8b0e459fa23b2536 bytes=81 template=loop origin=seed:tests/corpus/fixtures/state-machine-workflow.test.js
 PASS js-fuzzer-loop-b88258462a8d.js [6190/10000] status=ok obs=3c59dc048e88 coverage=+0/32/38 time=2ms
  RUN js-fuzzer-try-catch-394293a01c1f.js [6191/10000] md5=394293a01c1f5412b61d69cb8738d61b bytes=110 template=try-catch origin=seed:tests/corpus/fixtures/vue-script-workflow.test.vue
 PASS js-fuzzer-try-catch-394293a01c1f.js [6191/10000] status=ok obs=c74d97b01eae coverage=+0/32/38 time=1ms
  RUN js-fuzzer-class-a365d1a76b7b.js [6192/10000] md5=a365d1a76b7b0d4310621afa7caac433 bytes=100 template=class origin=seed:tests/corpus/obfuscation/constant-tag-mix.test.js
 PASS js-fuzzer-class-a365d1a76b7b.js [6192/10000] status=ok obs=8f14e45fceea coverage=+0/32/38 time=2ms
  RUN js-fuzzer-corpus-fe2d30a6e413.js [6193/10000] md5=fe2d30a6e4139e7a8b52405bed737faa bytes=220 template=corpus origin=tests/corpus/obfuscation/extern-slot-permutation.test.js
 PASS js-fuzzer-corpus-fe2d30a6e413.js [6193/10000] status=ok obs=c34c702d0256 coverage=+0/32/38 time=2ms
  RUN js-fuzzer-function-59a47c73ec30.js [6194/10000] md5=59a47c73ec3039d5b72e8af0d1e410de bytes=153 template=function origin=seed:tests/corpus/obfuscation/externs-console.test.js
 PASS js-fuzzer-function-59a47c73ec30.js [6194/10000] status=ok obs=8f14e45fceea coverage=+0/32/38 time=1ms
  RUN js-fuzzer-array-object-5a8a68fc863f.js [6195/10000] md5=5a8a68fc863ffa888205203603efa1eb bytes=133 template=array-object origin=seed:tests/corpus/obfuscation/seed-sensitive-functions.test.js
 PASS js-fuzzer-array-object-5a8a68fc863f.js [6195/10000] status=ok obs=9bf31c7ff062 coverage=+0/32/38 time=1ms
  RUN js-fuzzer-boundary-14a05a816d97.js [6196/10000] md5=14a05a816d975afa7654eb06610350d0 bytes=113 template=boundary origin=boundary:2
 PASS js-fuzzer-boundary-14a05a816d97.js [6196/10000] status=ok obs=c81e728d9d4c coverage=+0/32/38 time=2ms
  RUN js-fuzzer-block-scope-0646405d6bb2.js [6197/10000] md5=0646405d6bb2ceae05fe69841edcc9c1 bytes=114 template=block-scope origin=seed:tests/corpus/regressions/multiple-functions-fib-add.test.js
 PASS js-fuzzer-block-scope-0646405d6bb2.js [6197/10000] status=ok obs=a97da629b098 coverage=+0/32/38 time=1ms
  RUN js-fuzzer-loop-55c7c905bffb.js [6198/10000] md5=55c7c905bffb4bbbc4c8fb9b91df6ad8 bytes=81 template=loop origin=seed:tests/corpus/regressions/scope-compressed-closure-params.test.js
 PASS js-fuzzer-loop-55c7c905bffb.js [6198/10000] status=ok obs=eccbc87e4b5c coverage=+0/32/38 time=2ms
  RUN js-fuzzer-try-catch-40520a1b7956.js [6199/10000] md5=40520a1b7956f57804d753ea77e1e468 bytes=110 template=try-catch origin=seed:tests/corpus/runtime/arrays-objects-methods.test.js
 PASS js-fuzzer-try-catch-40520a1b7956.js [6199/10000] status=ok obs=70efdf2ec9b0 coverage=+0/32/38 time=2ms
  RUN js-fuzzer-class-a365d1a76b7b.js [6200/10000] md5=a365d1a76b7b0d4310621afa7caac433 bytes=100 template=class origin=seed:tests/corpus/runtime/block-scopes.test.js
 PASS js-fuzzer-class-a365d1a76b7b.js [6200/10000] status=ok obs=8f14e45fceea coverage=+0/32/38 time=2ms
  RUN js-fuzzer-arithmetic-30b2cb2bbf80.js [6201/10000] md5=30b2cb2bbf805f8504778a90743961ea bytes=83 template=arithmetic origin=seed:tests/corpus/runtime/class-fields-static-methods.test.js
 PASS js-fuzzer-arithmetic-30b2cb2bbf80.js [6201/10000] status=ok obs=7f39f8317fbd coverage=+0/32/38 time=1ms
  RUN js-fuzzer-corpus-663bf83cd082.js [6202/10000] md5=663bf83cd082bd221441dae6bbc85046 bytes=278 template=corpus origin=tests/corpus/runtime/classes-and-objects.test.js
 PASS js-fuzzer-corpus-663bf83cd082.js [6202/10000] status=ok obs=6f4922f45568 coverage=+0/32/38 time=2ms
  RUN js-fuzzer-boundary-ccde2dac26f6.js [6203/10000] md5=ccde2dac26f6d3fd46c3698825685fe3 bytes=113 template=boundary origin=boundary:1
 PASS js-fuzzer-boundary-ccde2dac26f6.js [6203/10000] status=ok obs=c4ca4238a0b9 coverage=+0/32/38 time=1ms
  RUN js-fuzzer-closure-27591241eba9.js [6204/10000] md5=27591241eba978d29c9543bc2f2d353b bytes=184 template=closure origin=seed:tests/corpus/runtime/closures-read-captured-values.test.js
 PASS js-fuzzer-closure-27591241eba9.js [6204/10000] status=ok obs=1c383cd30b7c coverage=+0/32/38 time=1ms
  RUN js-fuzzer-block-scope-7e8cdf97cccd.js [6205/10000] md5=7e8cdf97cccd36b7f4da6cb53f820c60 bytes=114 template=block-scope origin=seed:tests/corpus/runtime/exceptions-and-nullish.test.js
 PASS js-fuzzer-block-scope-7e8cdf97cccd.js [6205/10000] status=ok obs=f0935e4cd592 coverage=+0/32/38 time=2ms
  RUN js-fuzzer-loop-b88258462a8d.js [6206/10000] md5=b88258462a8d880f8b0e459fa23b2536 bytes=81 template=loop origin=seed:tests/corpus/runtime/functions-closures-and-arrows.test.js
 PASS js-fuzzer-loop-b88258462a8d.js [6206/10000] status=ok obs=3c59dc048e88 coverage=+0/32/38 time=1ms
  RUN js-fuzzer-try-catch-f24fba189d45.js [6207/10000] md5=f24fba189d4541ce9d4809156ecb450c bytes=110 template=try-catch origin=seed:tests/corpus/runtime/lexical-shadowing.test.js
 PASS js-fuzzer-try-catch-f24fba189d45.js [6207/10000] status=ok obs=1ff1de774005 coverage=+0/32/38 time=2ms
  RUN js-fuzzer-class-ff7d9ca3da86.js [6208/10000] md5=ff7d9ca3da86b49917ac34b4d48e8df9 bytes=101 template=class origin=seed:tests/corpus/runtime/modules-export.test.js
 PASS js-fuzzer-class-ff7d9ca3da86.js [6208/10000] status=ok obs=c20ad4d76fe9 coverage=+0/32/38 time=2ms
  RUN js-fuzzer-arithmetic-2525efef9ba4.js [6209/10000] md5=2525efef9ba42e47398a9beebc4e2e35 bytes=84 template=arithmetic origin=seed:tests/corpus/runtime/nested-try-finally.test.js
 PASS js-fuzzer-arithmetic-2525efef9ba4.js [6209/10000] status=ok obs=6c4b761a28b7 coverage=+0/32/38 time=2ms
  RUN js-fuzzer-boundary-37492c99ff33.js [6210/10000] md5=37492c99ff33e9d5e09e0b8e84ba785a bytes=129 template=boundary origin=boundary:-9007199254740991
 PASS js-fuzzer-boundary-37492c99ff33.js [6210/10000] status=ok obs=b3f3a95848f6 coverage=+0/32/38 time=1ms
  RUN js-fuzzer-corpus-279b64032335.js [6211/10000] md5=279b640323351a1b082b98b42d2a2d55 bytes=134 template=corpus origin=tests/corpus/syntax/logical-unary-nullish.test.js
 PASS js-fuzzer-corpus-279b64032335.js [6211/10000] status=ok obs=45c48cce2e2d coverage=+0/32/38 time=2ms
  RUN js-fuzzer-closure-72b4f45bb276.js [6212/10000] md5=72b4f45bb276de5a43bf41985860eded bytes=184 template=closure origin=seed:tests/corpus/syntax/object-destructure-and-members.test.js
 PASS js-fuzzer-closure-72b4f45bb276.js [6212/10000] status=ok obs=e2c420d928d4 coverage=+0/32/38 time=1ms
  RUN js-fuzzer-block-scope-0302820b0ae8.js [6213/10000] md5=0302820b0ae8aefde6290aa22f61f26f bytes=114 template=block-scope origin=seed:tests/corpus/syntax/switch-do-while-sequence.test.js
 PASS js-fuzzer-block-scope-0302820b0ae8.js [6213/10000] status=ok obs=65b9eea6e1cc coverage=+0/32/38 time=2ms
  RUN js-fuzzer-loop-55c7c905bffb.js [6214/10000] md5=55c7c905bffb4bbbc4c8fb9b91df6ad8 bytes=81 template=loop origin=seed:tests/corpus/syntax/template-array-destructure.test.js
 PASS js-fuzzer-loop-55c7c905bffb.js [6214/10000] status=ok obs=eccbc87e4b5c coverage=+0/32/38 time=2ms
  RUN js-fuzzer-try-catch-ee30a401530f.js [6215/10000] md5=ee30a401530f819cbc5581e8feb5d305 bytes=110 template=try-catch origin=seed:tests/corpus/syntax/typescript-assertions.test.ts
 PASS js-fuzzer-try-catch-ee30a401530f.js [6215/10000] status=ok obs=182be0c5cdcd coverage=+0/32/38 time=1ms
  RUN js-fuzzer-class-d2b3669b495d.js [6216/10000] md5=d2b3669b495dd4792f9e1509f2bbf8a7 bytes=100 template=class origin=seed:tests/corpus/syntax/typescript-non-null-satisfies.test.ts
 PASS js-fuzzer-class-d2b3669b495d.js [6216/10000] status=ok obs=eccbc87e4b5c coverage=+0/32/38 time=2ms
  RUN js-fuzzer-boundary-56f451fe2902.js [6217/10000] md5=56f451fe2902341a3a470031c46238b3 bytes=123 template=boundary origin=boundary:-2147483648
 PASS js-fuzzer-boundary-56f451fe2902.js [6217/10000] status=ok obs=034ff5946105 coverage=+0/32/38 time=2ms
  RUN js-fuzzer-function-4b9684ea9e29.js [6218/10000] md5=4b9684ea9e291ddb6515f98bf0c93905 bytes=153 template=function origin=seed:tests/corpus/fixtures/state-machine-workflow.test.js
 PASS js-fuzzer-function-4b9684ea9e29.js [6218/10000] status=ok obs=eccbc87e4b5c coverage=+0/32/38 time=1ms
  RUN js-fuzzer-array-object-e9957e57b802.js [6219/10000] md5=e9957e57b8029b0ab7a42a4b96d6e7b6 bytes=133 template=array-object origin=seed:tests/corpus/fixtures/vue-script-workflow.test.vue
 PASS js-fuzzer-array-object-e9957e57b802.js [6219/10000] status=ok obs=e4da3b7fbbce coverage=+0/32/38 time=2ms
  RUN js-fuzzer-corpus-f00ef18b0a17.js [6220/10000] md5=f00ef18b0a172b2a2d9833f5b7fe94e2 bytes=199 template=corpus origin=tests/corpus/obfuscation/constant-tag-mix.test.js
 PASS js-fuzzer-corpus-f00ef18b0a17.js [6220/10000] status=ok obs=e86823f38986 coverage=+0/32/38 time=2ms
  RUN js-fuzzer-block-scope-f43d79d837fe.js [6221/10000] md5=f43d79d837fe16df019f7fe4650eb100 bytes=114 template=block-scope origin=seed:tests/corpus/obfuscation/extern-slot-permutation.test.js
 PASS js-fuzzer-block-scope-f43d79d837fe.js [6221/10000] status=ok obs=6974ce5ac660 coverage=+0/32/38 time=1ms
  RUN js-fuzzer-loop-d35707ad0bf7.js [6222/10000] md5=d35707ad0bf74148f671ad8943998af6 bytes=81 template=loop origin=seed:tests/corpus/obfuscation/externs-console.test.js
 PASS js-fuzzer-loop-d35707ad0bf7.js [6222/10000] status=ok obs=9bf31c7ff062 coverage=+0/32/38 time=2ms
  RUN js-fuzzer-try-catch-e6fdc2579e78.js [6223/10000] md5=e6fdc2579e7880bc0b759de7af5133ab bytes=110 template=try-catch origin=seed:tests/corpus/obfuscation/seed-sensitive-functions.test.js
 PASS js-fuzzer-try-catch-e6fdc2579e78.js [6223/10000] status=ok obs=d645920e395f coverage=+0/32/38 time=1ms
  RUN js-fuzzer-boundary-4ae25cb2e150.js [6224/10000] md5=4ae25cb2e15083bfca9f6b81b3f9f24b bytes=114 template=boundary origin=boundary:-2
 PASS js-fuzzer-boundary-4ae25cb2e150.js [6224/10000] status=ok obs=5d7b9adcbe1c coverage=+0/32/38 time=2ms
  RUN js-fuzzer-arithmetic-9559600bb5ba.js [6225/10000] md5=9559600bb5ba0836dbab725d1d6dcc54 bytes=84 template=arithmetic origin=seed:tests/corpus/regressions/multiple-functions-fib-add.test.js
 PASS js-fuzzer-arithmetic-9559600bb5ba.js [6225/10000] status=ok obs=093f65e080a2 coverage=+0/32/38 time=1ms
  RUN js-fuzzer-function-e04598e59cc1.js [6226/10000] md5=e04598e59cc109c5f5c20638fe37a892 bytes=153 template=function origin=seed:tests/corpus/regressions/scope-compressed-closure-params.test.js
 PASS js-fuzzer-function-e04598e59cc1.js [6226/10000] status=ok obs=d3d9446802a4 coverage=+0/32/38 time=2ms
  RUN js-fuzzer-array-object-e1d475337f85.js [6227/10000] md5=e1d475337f8561bff8aba2247934ac68 bytes=133 template=array-object origin=seed:tests/corpus/runtime/arrays-objects-methods.test.js
 PASS js-fuzzer-array-object-e1d475337f85.js [6227/10000] status=ok obs=9bf31c7ff062 coverage=+0/32/38 time=2ms
  RUN js-fuzzer-closure-a0d8513526d7.js [6228/10000] md5=a0d8513526d7ea64e917f6b555e38a3a bytes=184 template=closure origin=seed:tests/corpus/runtime/block-scopes.test.js
 PASS js-fuzzer-closure-a0d8513526d7.js [6228/10000] status=ok obs=17e62166fc85 coverage=+0/32/38 time=2ms
  RUN js-fuzzer-corpus-a64e83c2f849.js [6229/10000] md5=a64e83c2f84925dca8985eabe963ee21 bytes=179 template=corpus origin=tests/corpus/runtime/class-fields-static-methods.test.js
 PASS js-fuzzer-corpus-a64e83c2f849.js [6229/10000] status=ok obs=8f14e45fceea coverage=+0/32/38 time=1ms
  RUN js-fuzzer-loop-b88258462a8d.js [6230/10000] md5=b88258462a8d880f8b0e459fa23b2536 bytes=81 template=loop origin=seed:tests/corpus/runtime/classes-and-objects.test.js
 PASS js-fuzzer-loop-b88258462a8d.js [6230/10000] status=ok obs=3c59dc048e88 coverage=+0/32/38 time=2ms
  RUN js-fuzzer-boundary-3d1d4e90ebd9.js [6231/10000] md5=3d1d4e90ebd99aad7ece59efc98f7563 bytes=114 template=boundary origin=boundary:-1
 PASS js-fuzzer-boundary-3d1d4e90ebd9.js [6231/10000] status=ok obs=6bb61e3b7bce coverage=+0/32/38 time=2ms
  RUN js-fuzzer-class-47fbd3db5853.js [6232/10000] md5=47fbd3db58539fc2e42627a4f3168c79 bytes=101 template=class origin=seed:tests/corpus/runtime/closures-read-captured-values.test.js
 PASS js-fuzzer-class-47fbd3db5853.js [6232/10000] status=ok obs=98f137082101 coverage=+0/32/38 time=1ms
  RUN js-fuzzer-arithmetic-178cfb4adac9.js [6233/10000] md5=178cfb4adac9e02bb5fd4b297c892a92 bytes=85 template=arithmetic origin=seed:tests/corpus/runtime/exceptions-and-nullish.test.js
 PASS js-fuzzer-arithmetic-178cfb4adac9.js [6233/10000] status=ok obs=854d6fae5ee4 coverage=+0/32/38 time=2ms
  RUN js-fuzzer-function-0b0d1f5ee746.js [6234/10000] md5=0b0d1f5ee746281ffbedfb7f7f4c45bc bytes=153 template=function origin=seed:tests/corpus/runtime/functions-closures-and-arrows.test.js
 PASS js-fuzzer-function-0b0d1f5ee746.js [6234/10000] status=ok obs=e4da3b7fbbce coverage=+0/32/38 time=1ms
  RUN js-fuzzer-array-object-de6210d3b5a5.js [6235/10000] md5=de6210d3b5a56841e5bddb256da48e45 bytes=133 template=array-object origin=seed:tests/corpus/runtime/lexical-shadowing.test.js
 PASS js-fuzzer-array-object-de6210d3b5a5.js [6235/10000] status=ok obs=e4da3b7fbbce coverage=+0/32/38 time=2ms
  RUN js-fuzzer-closure-e51e12636ab5.js [6236/10000] md5=e51e12636ab524f5ab341e21f9dc4e02 bytes=184 template=closure origin=seed:tests/corpus/runtime/modules-export.test.js
 PASS js-fuzzer-closure-e51e12636ab5.js [6236/10000] status=ok obs=7f39f8317fbd coverage=+0/32/38 time=2ms
  RUN js-fuzzer-block-scope-963ef95fccb2.js [6237/10000] md5=963ef95fccb2b37bf54c80ea854154f9 bytes=114 template=block-scope origin=seed:tests/corpus/runtime/nested-try-finally.test.js
 PASS js-fuzzer-block-scope-963ef95fccb2.js [6237/10000] status=ok obs=ec8956637a99 coverage=+0/32/38 time=1ms
  RUN js-fuzzer-corpus-89e900fcb72f.js [6238/10000] md5=89e900fcb72ff838bfe9a13ae091363f bytes=228 template=corpus origin=tests/corpus/syntax/control-flow-and-operators.test.js
 PASS js-fuzzer-corpus-89e900fcb72f.js [6238/10000] status=ok obs=aab3238922bc coverage=+0/32/38 time=2ms
  RUN js-fuzzer-try-catch-8031e9fbb6ce.js [6239/10000] md5=8031e9fbb6ce9336eae93af8638d05b3 bytes=110 template=try-catch origin=seed:tests/corpus/syntax/logical-unary-nullish.test.js
 PASS js-fuzzer-try-catch-8031e9fbb6ce.js [6239/10000] status=ok obs=a1d0c6e83f02 coverage=+0/32/38 time=2ms
  RUN js-fuzzer-class-b1e3642c0208.js [6240/10000] md5=b1e3642c0208992266fb21668a536292 bytes=100 template=class origin=seed:tests/corpus/syntax/object-destructure-and-members.test.js
 PASS js-fuzzer-class-b1e3642c0208.js [6240/10000] status=ok obs=c9f0f895fb98 coverage=+0/32/38 time=1ms
  RUN js-fuzzer-arithmetic-f2478769fab4.js [6241/10000] md5=f2478769fab4955d3904e09b52f18d75 bytes=83 template=arithmetic origin=seed:tests/corpus/syntax/switch-do-while-sequence.test.js
 PASS js-fuzzer-arithmetic-f2478769fab4.js [6241/10000] status=ok obs=d3d9446802a4 coverage=+0/32/38 time=1ms
  RUN js-fuzzer-function-ced1d0daab2e.js [6242/10000] md5=ced1d0daab2e23fdcfec672d899d9739 bytes=153 template=function origin=seed:tests/corpus/syntax/template-array-destructure.test.js
 PASS js-fuzzer-function-ced1d0daab2e.js [6242/10000] status=ok obs=8e296a067a37 coverage=+0/32/38 time=2ms
  RUN js-fuzzer-array-object-770797ca1231.js [6243/10000] md5=770797ca12313b78903d2db1d8aeff82 bytes=133 template=array-object origin=seed:tests/corpus/syntax/typescript-assertions.test.ts
 PASS js-fuzzer-array-object-770797ca1231.js [6243/10000] status=ok obs=c74d97b01eae coverage=+0/32/38 time=2ms
  RUN js-fuzzer-closure-60e11df9decb.js [6244/10000] md5=60e11df9decb8163c19ec38a3b1ddd27 bytes=183 template=closure origin=seed:tests/corpus/syntax/typescript-non-null-satisfies.test.ts
 PASS js-fuzzer-closure-60e11df9decb.js [6244/10000] status=ok obs=8e296a067a37 coverage=+0/32/38 time=2ms
  RUN js-fuzzer-boundary-6330cdecf02f.js [6245/10000] md5=6330cdecf02f68328876d88213acc2ac bytes=128 template=boundary origin=boundary:9007199254740991
 PASS js-fuzzer-boundary-6330cdecf02f.js [6245/10000] status=ok obs=8bfa9ad090fb coverage=+0/32/38 time=1ms
  RUN js-fuzzer-loop-d35707ad0bf7.js [6246/10000] md5=d35707ad0bf74148f671ad8943998af6 bytes=81 template=loop origin=seed:tests/corpus/fixtures/state-machine-workflow.test.js
 PASS js-fuzzer-loop-d35707ad0bf7.js [6246/10000] status=ok obs=9bf31c7ff062 coverage=+0/32/38 time=2ms
  RUN js-fuzzer-corpus-f722388c7961.js [6247/10000] md5=f722388c7961d2a0288508c35f28a5f8 bytes=96 template=corpus origin=tests/corpus/fixtures/vue-script-workflow.test.vue
 PASS js-fuzzer-corpus-f722388c7961.js [6247/10000] status=ok obs=6512bd43d9ca coverage=+0/32/38 time=2ms
  RUN js-fuzzer-class-b1e3642c0208.js [6248/10000] md5=b1e3642c0208992266fb21668a536292 bytes=100 template=class origin=seed:tests/corpus/obfuscation/constant-tag-mix.test.js
 PASS js-fuzzer-class-b1e3642c0208.js [6248/10000] status=ok obs=c9f0f895fb98 coverage=+0/32/38 time=1ms
  RUN js-fuzzer-arithmetic-4017eb9d30a4.js [6249/10000] md5=4017eb9d30a4ec41b0218bb577f1d048 bytes=85 template=arithmetic origin=seed:tests/corpus/obfuscation/extern-slot-permutation.test.js
 PASS js-fuzzer-arithmetic-4017eb9d30a4.js [6249/10000] status=ok obs=0a09c8844ba8 coverage=+0/32/38 time=2ms
  RUN js-fuzzer-function-21f30959172f.js [6250/10000] md5=21f30959172fc1289c7ff8ad630f96bf bytes=153 template=function origin=seed:tests/corpus/obfuscation/externs-console.test.js
 PASS js-fuzzer-function-21f30959172f.js [6250/10000] status=ok obs=4e732ced3463 coverage=+0/32/38 time=2ms
  RUN js-fuzzer-array-object-1e8aad05863e.js [6251/10000] md5=1e8aad05863ee5fafb314f385ceba6f7 bytes=133 template=array-object origin=seed:tests/corpus/obfuscation/seed-sensitive-functions.test.js
 PASS js-fuzzer-array-object-1e8aad05863e.js [6251/10000] status=ok obs=d3d9446802a4 coverage=+0/32/38 time=2ms
  RUN js-fuzzer-boundary-4b188851088a.js [6252/10000] md5=4b188851088a18b5b5e1424320aec545 bytes=122 template=boundary origin=boundary:2147483647
 PASS js-fuzzer-boundary-4b188851088a.js [6252/10000] status=ok obs=c588c0a459f4 coverage=+0/32/38 time=2ms
  RUN js-fuzzer-block-scope-e75f812a30d7.js [6253/10000] md5=e75f812a30d74855b33a6109922aae9f bytes=114 template=block-scope origin=seed:tests/corpus/regressions/multiple-functions-fib-add.test.js
 PASS js-fuzzer-block-scope-e75f812a30d7.js [6253/10000] status=ok obs=65b9eea6e1cc coverage=+0/32/38 time=1ms
  RUN js-fuzzer-loop-b88258462a8d.js [6254/10000] md5=b88258462a8d880f8b0e459fa23b2536 bytes=81 template=loop origin=seed:tests/corpus/regressions/scope-compressed-closure-params.test.js
 PASS js-fuzzer-loop-b88258462a8d.js [6254/10000] status=ok obs=3c59dc048e88 coverage=+0/32/38 time=2ms
  RUN js-fuzzer-try-catch-70fffa3518b3.js [6255/10000] md5=70fffa3518b3cd8f92c92fd09e60ecbc bytes=110 template=try-catch origin=seed:tests/corpus/runtime/arrays-objects-methods.test.js
 PASS js-fuzzer-try-catch-70fffa3518b3.js [6255/10000] status=ok obs=a5bfc9e07964 coverage=+0/32/38 time=1ms
  RUN js-fuzzer-corpus-8b78ba7912c5.js [6256/10000] md5=8b78ba7912c51f6cf304b65c6ebdb2e3 bytes=289 template=corpus origin=tests/corpus/runtime/block-scopes.test.js
 PASS js-fuzzer-corpus-8b78ba7912c5.js [6256/10000] status=ok obs=37693cfc7480 coverage=+0/32/38 time=2ms
  RUN js-fuzzer-arithmetic-544fd0c98c87.js [6257/10000] md5=544fd0c98c8794891c6bdc9f1b0c78b7 bytes=85 template=arithmetic origin=seed:tests/corpus/runtime/class-fields-static-methods.test.js
 PASS js-fuzzer-arithmetic-544fd0c98c87.js [6257/10000] status=ok obs=6ea9ab1baa0e coverage=+0/32/38 time=2ms
  RUN js-fuzzer-function-cb7d7d91d83d.js [6258/10000] md5=cb7d7d91d83d165500656240f14cd1fc bytes=153 template=function origin=seed:tests/corpus/runtime/classes-and-objects.test.js
 PASS js-fuzzer-function-cb7d7d91d83d.js [6258/10000] status=ok obs=8f14e45fceea coverage=+0/32/38 time=1ms
  RUN js-fuzzer-boundary-85faf3787c26.js [6259/10000] md5=85faf3787c26ca3bad9215a544873988 bytes=113 template=boundary origin=boundary:2
 PASS js-fuzzer-boundary-85faf3787c26.js [6259/10000] status=ok obs=c81e728d9d4c coverage=+0/32/38 time=1ms
  RUN js-fuzzer-closure-a641eaf3e1ca.js [6260/10000] md5=a641eaf3e1ca79accfb48f344d237f8e bytes=184 template=closure origin=seed:tests/corpus/runtime/closures-read-captured-values.test.js
 PASS js-fuzzer-closure-a641eaf3e1ca.js [6260/10000] status=ok obs=7f39f8317fbd coverage=+0/32/38 time=2ms
  RUN js-fuzzer-block-scope-ac3d07b5f6a1.js [6261/10000] md5=ac3d07b5f6a1ed4b926dc8df94f557f2 bytes=114 template=block-scope origin=seed:tests/corpus/runtime/exceptions-and-nullish.test.js
 PASS js-fuzzer-block-scope-ac3d07b5f6a1.js [6261/10000] status=ok obs=a3c65c297427 coverage=+0/32/38 time=1ms
  RUN js-fuzzer-loop-f495ca2fc638.js [6262/10000] md5=f495ca2fc6389f933578fc501f5b1465 bytes=81 template=loop origin=seed:tests/corpus/runtime/functions-closures-and-arrows.test.js
 PASS js-fuzzer-loop-f495ca2fc638.js [6262/10000] status=ok obs=c4ca4238a0b9 coverage=+0/32/38 time=2ms
  RUN js-fuzzer-try-catch-13abe4d24a2d.js [6263/10000] md5=13abe4d24a2dd7935e11d59d61044cdc bytes=109 template=try-catch origin=seed:tests/corpus/runtime/lexical-shadowing.test.js
 PASS js-fuzzer-try-catch-13abe4d24a2d.js [6263/10000] status=ok obs=c9f0f895fb98 coverage=+0/32/38 time=1ms
  RUN js-fuzzer-class-c0844991889f.js [6264/10000] md5=c0844991889f03308712cd6bc6b7c31c bytes=101 template=class origin=seed:tests/corpus/runtime/modules-export.test.js
 PASS js-fuzzer-class-c0844991889f.js [6264/10000] status=ok obs=70efdf2ec9b0 coverage=+0/32/38 time=2ms
  RUN js-fuzzer-corpus-c557f8da2a9d.js [6265/10000] md5=c557f8da2a9d2904c70dca50c3eeb50e bytes=191 template=corpus origin=tests/corpus/runtime/nested-try-finally.test.js
 PASS js-fuzzer-corpus-c557f8da2a9d.js [6265/10000] status=ok obs=8f14e45fceea coverage=+0/32/38 time=2ms
  RUN js-fuzzer-boundary-a6a77cc918cc.js [6266/10000] md5=a6a77cc918cc479b04ccb7be2bd80dac bytes=113 template=boundary origin=boundary:1
 PASS js-fuzzer-boundary-a6a77cc918cc.js [6266/10000] status=ok obs=c4ca4238a0b9 coverage=+0/32/38 time=1ms
  RUN js-fuzzer-array-object-afb064446d32.js [6267/10000] md5=afb064446d32daf22b4e3c35ca8e00a6 bytes=133 template=array-object origin=seed:tests/corpus/syntax/logical-unary-nullish.test.js
 PASS js-fuzzer-array-object-afb064446d32.js [6267/10000] status=ok obs=aab3238922bc coverage=+0/32/38 time=2ms
  RUN js-fuzzer-closure-3150ca80a488.js [6268/10000] md5=3150ca80a488567df3f26e8883b397bf bytes=184 template=closure origin=seed:tests/corpus/syntax/object-destructure-and-members.test.js
 PASS js-fuzzer-closure-3150ca80a488.js [6268/10000] status=ok obs=b53b3a3d6ab9 coverage=+0/32/38 time=1ms
  RUN js-fuzzer-block-scope-0e2f1ddd0627.js [6269/10000] md5=0e2f1ddd0627f4a9c4a62578b5531929 bytes=114 template=block-scope origin=seed:tests/corpus/syntax/switch-do-while-sequence.test.js
 PASS js-fuzzer-block-scope-0e2f1ddd0627.js [6269/10000] status=ok obs=2723d092b638 coverage=+0/32/38 time=2ms
  RUN js-fuzzer-loop-d35707ad0bf7.js [6270/10000] md5=d35707ad0bf74148f671ad8943998af6 bytes=81 template=loop origin=seed:tests/corpus/syntax/template-array-destructure.test.js
 PASS js-fuzzer-loop-d35707ad0bf7.js [6270/10000] status=ok obs=9bf31c7ff062 coverage=+0/32/38 time=1ms
  RUN js-fuzzer-try-catch-394293a01c1f.js [6271/10000] md5=394293a01c1f5412b61d69cb8738d61b bytes=110 template=try-catch origin=seed:tests/corpus/syntax/typescript-assertions.test.ts
 PASS js-fuzzer-try-catch-394293a01c1f.js [6271/10000] status=ok obs=c74d97b01eae coverage=+0/32/38 time=2ms
  RUN js-fuzzer-class-ff7d9ca3da86.js [6272/10000] md5=ff7d9ca3da86b49917ac34b4d48e8df9 bytes=101 template=class origin=seed:tests/corpus/syntax/typescript-non-null-satisfies.test.ts
 PASS js-fuzzer-class-ff7d9ca3da86.js [6272/10000] status=ok obs=c20ad4d76fe9 coverage=+0/32/38 time=2ms
  RUN js-fuzzer-boundary-235131a2d0d1.js [6273/10000] md5=235131a2d0d184afe9327ca3bd456dde bytes=129 template=boundary origin=boundary:-9007199254740991
 PASS js-fuzzer-boundary-235131a2d0d1.js [6273/10000] status=ok obs=b3f3a95848f6 coverage=+0/32/38 time=1ms
  RUN js-fuzzer-corpus-ab8ca4f8757c.js [6274/10000] md5=ab8ca4f8757c6165b29cd6a662edad93 bytes=450 template=corpus origin=tests/corpus/fixtures/state-machine-workflow.test.js
 PASS js-fuzzer-corpus-ab8ca4f8757c.js [6274/10000] status=ok obs=b9f49c580664 coverage=+0/32/38 time=2ms
  RUN js-fuzzer-array-object-82f1a093bf9b.js [6275/10000] md5=82f1a093bf9b2d6a4a6b65d89ac60455 bytes=133 template=array-object origin=seed:tests/corpus/fixtures/vue-script-workflow.test.vue
 PASS js-fuzzer-array-object-82f1a093bf9b.js [6275/10000] status=ok obs=d3d9446802a4 coverage=+0/32/38 time=2ms
  RUN js-fuzzer-closure-ad331688c0a8.js [6276/10000] md5=ad331688c0a89f7e39c14fc395670360 bytes=183 template=closure origin=seed:tests/corpus/obfuscation/constant-tag-mix.test.js
 PASS js-fuzzer-closure-ad331688c0a8.js [6276/10000] status=ok obs=3c59dc048e88 coverage=+0/32/38 time=1ms
  RUN js-fuzzer-block-scope-8aaa483675b3.js [6277/10000] md5=8aaa483675b368db5813ee90004aac25 bytes=114 template=block-scope origin=seed:tests/corpus/obfuscation/extern-slot-permutation.test.js
 PASS js-fuzzer-block-scope-8aaa483675b3.js [6277/10000] status=ok obs=6974ce5ac660 coverage=+0/32/38 time=2ms
  RUN js-fuzzer-loop-f495ca2fc638.js [6278/10000] md5=f495ca2fc6389f933578fc501f5b1465 bytes=81 template=loop origin=seed:tests/corpus/obfuscation/externs-console.test.js
 PASS js-fuzzer-loop-f495ca2fc638.js [6278/10000] status=ok obs=c4ca4238a0b9 coverage=+0/32/38 time=2ms
  RUN js-fuzzer-try-catch-a173285175b8.js [6279/10000] md5=a173285175b813cddca62eb427efafd5 bytes=110 template=try-catch origin=seed:tests/corpus/obfuscation/seed-sensitive-functions.test.js
 PASS js-fuzzer-try-catch-a173285175b8.js [6279/10000] status=ok obs=9a1158154dfa coverage=+0/32/38 time=1ms
  RUN js-fuzzer-boundary-205872a6e44c.js [6280/10000] md5=205872a6e44c1ea0cf94554af934fb09 bytes=123 template=boundary origin=boundary:-2147483648
 PASS js-fuzzer-boundary-205872a6e44c.js [6280/10000] status=ok obs=034ff5946105 coverage=+0/32/38 time=2ms
  RUN js-fuzzer-arithmetic-3eb1c563e42f.js [6281/10000] md5=3eb1c563e42ffad066095f883bbd3b56 bytes=84 template=arithmetic origin=seed:tests/corpus/regressions/multiple-functions-fib-add.test.js
 PASS js-fuzzer-arithmetic-3eb1c563e42f.js [6281/10000] status=ok obs=37693cfc7480 coverage=+0/32/38 time=1ms
  RUN js-fuzzer-function-8a3820bf6e52.js [6282/10000] md5=8a3820bf6e52dcab1a0437ab7872cf6a bytes=153 template=function origin=seed:tests/corpus/regressions/scope-compressed-closure-params.test.js
 PASS js-fuzzer-function-8a3820bf6e52.js [6282/10000] status=ok obs=a87ff679a2f3 coverage=+0/32/38 time=2ms
  RUN js-fuzzer-corpus-a07012429fce.js [6283/10000] md5=a07012429fce4b4d7c8af42f445f70b9 bytes=163 template=corpus origin=tests/corpus/runtime/arrays-objects-methods.test.js
 PASS js-fuzzer-corpus-a07012429fce.js [6283/10000] status=ok obs=c51ce410c124 coverage=+0/32/38 time=2ms
  RUN js-fuzzer-closure-0d9fdf518e58.js [6284/10000] md5=0d9fdf518e5836d10781637ba5109553 bytes=184 template=closure origin=seed:tests/corpus/runtime/block-scopes.test.js
 PASS js-fuzzer-closure-0d9fdf518e58.js [6284/10000] status=ok obs=14bfa6bb1487 coverage=+0/32/38 time=1ms
  RUN js-fuzzer-block-scope-69416eacfa80.js [6285/10000] md5=69416eacfa80d4cc39f9ef48aa81ecf4 bytes=114 template=block-scope origin=seed:tests/corpus/runtime/class-fields-static-methods.test.js
 PASS js-fuzzer-block-scope-69416eacfa80.js [6285/10000] status=ok obs=a3c65c297427 coverage=+0/32/38 time=2ms
  RUN js-fuzzer-loop-f495ca2fc638.js [6286/10000] md5=f495ca2fc6389f933578fc501f5b1465 bytes=81 template=loop origin=seed:tests/corpus/runtime/classes-and-objects.test.js
 PASS js-fuzzer-loop-f495ca2fc638.js [6286/10000] status=ok obs=c4ca4238a0b9 coverage=+0/32/38 time=2ms
  RUN js-fuzzer-boundary-4ae25cb2e150.js [6287/10000] md5=4ae25cb2e15083bfca9f6b81b3f9f24b bytes=114 template=boundary origin=boundary:-2
 PASS js-fuzzer-boundary-4ae25cb2e150.js [6287/10000] status=ok obs=5d7b9adcbe1c coverage=+0/32/38 time=1ms
  RUN js-fuzzer-class-d2b3669b495d.js [6288/10000] md5=d2b3669b495dd4792f9e1509f2bbf8a7 bytes=100 template=class origin=seed:tests/corpus/runtime/closures-read-captured-values.test.js
 PASS js-fuzzer-class-d2b3669b495d.js [6288/10000] status=ok obs=eccbc87e4b5c coverage=+0/32/38 time=2ms
  RUN js-fuzzer-arithmetic-8073288acd71.js [6289/10000] md5=8073288acd718008be835d2a8c23076f bytes=83 template=arithmetic origin=seed:tests/corpus/runtime/exceptions-and-nullish.test.js
 PASS js-fuzzer-arithmetic-8073288acd71.js [6289/10000] status=ok obs=a87ff679a2f3 coverage=+0/32/38 time=1ms
  RUN js-fuzzer-function-3e322d578629.js [6290/10000] md5=3e322d5786297aab4fec4c2fa56a2542 bytes=153 template=function origin=seed:tests/corpus/runtime/functions-closures-and-arrows.test.js
 PASS js-fuzzer-function-3e322d578629.js [6290/10000] status=ok obs=1679091c5a88 coverage=+0/32/38 time=2ms
  RUN js-fuzzer-array-object-b337fc626a15.js [6291/10000] md5=b337fc626a1590b7ec82020118aafb0a bytes=133 template=array-object origin=seed:tests/corpus/runtime/lexical-shadowing.test.js
 PASS js-fuzzer-array-object-b337fc626a15.js [6291/10000] status=ok obs=aab3238922bc coverage=+0/32/38 time=2ms
  RUN js-fuzzer-corpus-4131d841163b.js [6292/10000] md5=4131d841163b79e192bca9d4fc683c54 bytes=58 template=corpus origin=tests/corpus/runtime/modules-export.test.js
 PASS js-fuzzer-corpus-4131d841163b.js [6292/10000] status=ok obs=8f14e45fceea coverage=+0/32/38 time=1ms
  RUN js-fuzzer-block-scope-2d241bc04b81.js [6293/10000] md5=2d241bc04b81ff536710e4bb73cdb7c7 bytes=114 template=block-scope origin=seed:tests/corpus/runtime/nested-try-finally.test.js
 PASS js-fuzzer-block-scope-2d241bc04b81.js [6293/10000] status=ok obs=38b3eff8baf5 coverage=+0/32/38 time=2ms
  RUN js-fuzzer-boundary-61a9a82f5f08.js [6294/10000] md5=61a9a82f5f08bc177f13c805ba785d7d bytes=114 template=boundary origin=boundary:-1
 PASS js-fuzzer-boundary-61a9a82f5f08.js [6294/10000] status=ok obs=6bb61e3b7bce coverage=+0/32/38 time=1ms
  RUN js-fuzzer-try-catch-85daf11db7ec.js [6295/10000] md5=85daf11db7ec5f71a0e05a86a536d94d bytes=110 template=try-catch origin=seed:tests/corpus/syntax/logical-unary-nullish.test.js
 PASS js-fuzzer-try-catch-85daf11db7ec.js [6295/10000] status=ok obs=f7177163c833 coverage=+0/32/38 time=2ms
  RUN js-fuzzer-class-c6bbe0a63455.js [6296/10000] md5=c6bbe0a634559d18fa82cf0c9a421610 bytes=100 template=class origin=seed:tests/corpus/syntax/object-destructure-and-members.test.js
 PASS js-fuzzer-class-c6bbe0a63455.js [6296/10000] status=ok obs=1679091c5a88 coverage=+0/32/38 time=2ms
  RUN js-fuzzer-arithmetic-401183ee4e02.js [6297/10000] md5=401183ee4e026d8b77119a0a69e21104 bytes=84 template=arithmetic origin=seed:tests/corpus/syntax/switch-do-while-sequence.test.js
 PASS js-fuzzer-arithmetic-401183ee4e02.js [6297/10000] status=ok obs=6974ce5ac660 coverage=+0/32/38 time=1ms
  RUN js-fuzzer-function-53ef3ed61b76.js [6298/10000] md5=53ef3ed61b76dc45be6c66e5b3206216 bytes=153 template=function origin=seed:tests/corpus/syntax/template-array-destructure.test.js
 PASS js-fuzzer-function-53ef3ed61b76.js [6298/10000] status=ok obs=70efdf2ec9b0 coverage=+0/32/38 time=2ms
  RUN js-fuzzer-array-object-209c60c48ee7.js [6299/10000] md5=209c60c48ee7736e08e1f6c2c1181cf3 bytes=133 template=array-object origin=seed:tests/corpus/syntax/typescript-assertions.test.ts
 PASS js-fuzzer-array-object-209c60c48ee7.js [6299/10000] status=ok obs=45c48cce2e2d coverage=+0/32/38 time=2ms
  RUN js-fuzzer-closure-b86ff73c9a61.js [6300/10000] md5=b86ff73c9a6165ba287ba3b62c8ed4da bytes=184 template=closure origin=seed:tests/corpus/syntax/typescript-non-null-satisfies.test.ts
 PASS js-fuzzer-closure-b86ff73c9a61.js [6300/10000] status=ok obs=7f39f8317fbd coverage=+0/32/38 time=2ms
  RUN js-fuzzer-corpus-797f152bf878.js [6301/10000] md5=797f152bf878d5049066c6db6d2360b3 bytes=355 template=corpus origin=tests/corpus/fixtures/job-workflow.test.js
 PASS js-fuzzer-corpus-797f152bf878.js [6301/10000] status=ok obs=b9de0628c8ec coverage=+0/32/38 time=1ms
  RUN js-fuzzer-loop-b88258462a8d.js [6302/10000] md5=b88258462a8d880f8b0e459fa23b2536 bytes=81 template=loop origin=seed:tests/corpus/fixtures/state-machine-workflow.test.js
 PASS js-fuzzer-loop-b88258462a8d.js [6302/10000] status=ok obs=3c59dc048e88 coverage=+0/32/38 time=2ms
  RUN js-fuzzer-try-catch-394293a01c1f.js [6303/10000] md5=394293a01c1f5412b61d69cb8738d61b bytes=110 template=try-catch origin=seed:tests/corpus/fixtures/vue-script-workflow.test.vue
 PASS js-fuzzer-try-catch-394293a01c1f.js [6303/10000] status=ok obs=c74d97b01eae coverage=+0/32/38 time=2ms
  RUN js-fuzzer-class-a365d1a76b7b.js [6304/10000] md5=a365d1a76b7b0d4310621afa7caac433 bytes=100 template=class origin=seed:tests/corpus/obfuscation/constant-tag-mix.test.js
 PASS js-fuzzer-class-a365d1a76b7b.js [6304/10000] status=ok obs=8f14e45fceea coverage=+0/32/38 time=1ms
  RUN js-fuzzer-arithmetic-701a8da7603f.js [6305/10000] md5=701a8da7603fa5f59e75eb60a450057c bytes=85 template=arithmetic origin=seed:tests/corpus/obfuscation/extern-slot-permutation.test.js
 PASS js-fuzzer-arithmetic-701a8da7603f.js [6305/10000] status=ok obs=7cbbc409ec99 coverage=+0/32/38 time=2ms
  RUN js-fuzzer-function-e38b8374b652.js [6306/10000] md5=e38b8374b65234ab6d6009c7a43720d9 bytes=153 template=function origin=seed:tests/corpus/obfuscation/externs-console.test.js
 PASS js-fuzzer-function-e38b8374b652.js [6306/10000] status=ok obs=1679091c5a88 coverage=+0/32/38 time=1ms
  RUN js-fuzzer-array-object-d64c5e98220a.js [6307/10000] md5=d64c5e98220a52bd3392b81d79eb4591 bytes=133 template=array-object origin=seed:tests/corpus/obfuscation/seed-sensitive-functions.test.js
 PASS js-fuzzer-array-object-d64c5e98220a.js [6307/10000] status=ok obs=9bf31c7ff062 coverage=+0/32/38 time=2ms
  RUN js-fuzzer-boundary-83aee5cf07de.js [6308/10000] md5=83aee5cf07deb9d5ce59aec8aff7a227 bytes=128 template=boundary origin=boundary:9007199254740991
 PASS js-fuzzer-boundary-83aee5cf07de.js [6308/10000] status=ok obs=8bfa9ad090fb coverage=+0/32/38 time=2ms
  RUN js-fuzzer-block-scope-f4af244bce9d.js [6309/10000] md5=f4af244bce9d564ffa8b0548ef025cb6 bytes=114 template=block-scope origin=seed:tests/corpus/regressions/multiple-functions-fib-add.test.js
 PASS js-fuzzer-block-scope-f4af244bce9d.js [6309/10000] status=ok obs=c9e1074f5b3f coverage=+0/32/38 time=2ms
  RUN js-fuzzer-corpus-c28cfb056309.js [6310/10000] md5=c28cfb056309f2a77f8bd9756b123c54 bytes=147 template=corpus origin=tests/corpus/regressions/scope-compressed-closure-params.test.js
 PASS js-fuzzer-corpus-c28cfb056309.js [6310/10000] status=ok obs=c51ce410c124 coverage=+0/32/38 time=1ms
  RUN js-fuzzer-try-catch-47becaf372c3.js [6311/10000] md5=47becaf372c34523cd2fbacf2b53d016 bytes=110 template=try-catch origin=seed:tests/corpus/runtime/arrays-objects-methods.test.js
 PASS js-fuzzer-try-catch-47becaf372c3.js [6311/10000] status=ok obs=02e74f10e032 coverage=+0/32/38 time=2ms
  RUN js-fuzzer-class-b1e3642c0208.js [6312/10000] md5=b1e3642c0208992266fb21668a536292 bytes=100 template=class origin=seed:tests/corpus/runtime/block-scopes.test.js
 PASS js-fuzzer-class-b1e3642c0208.js [6312/10000] status=ok obs=c9f0f895fb98 coverage=+0/32/38 time=1ms
  RUN js-fuzzer-arithmetic-04862b1ce108.js [6313/10000] md5=04862b1ce108510411dcb037cca3f906 bytes=83 template=arithmetic origin=seed:tests/corpus/runtime/class-fields-static-methods.test.js
 PASS js-fuzzer-arithmetic-04862b1ce108.js [6313/10000] status=ok obs=a5771bce93e2 coverage=+0/32/38 time=2ms
  RUN js-fuzzer-function-c6a41e639682.js [6314/10000] md5=c6a41e6396823bcfa91e05b3a10b01c0 bytes=153 template=function origin=seed:tests/corpus/runtime/classes-and-objects.test.js
 PASS js-fuzzer-function-c6a41e639682.js [6314/10000] status=ok obs=1f0e3dad9990 coverage=+0/32/38 time=2ms
  RUN js-fuzzer-boundary-86f8354fc6fd.js [6315/10000] md5=86f8354fc6fd092b05683bbf230dc769 bytes=122 template=boundary origin=boundary:2147483647
 PASS js-fuzzer-boundary-86f8354fc6fd.js [6315/10000] status=ok obs=c588c0a459f4 coverage=+0/32/38 time=1ms
  RUN js-fuzzer-closure-c981fbe6810d.js [6316/10000] md5=c981fbe6810dc100e4e6a66b9e36bc85 bytes=184 template=closure origin=seed:tests/corpus/runtime/closures-read-captured-values.test.js
 PASS js-fuzzer-closure-c981fbe6810d.js [6316/10000] status=ok obs=03afdbd66e79 coverage=+0/32/38 time=2ms
  RUN js-fuzzer-block-scope-9b5f2a61b064.js [6317/10000] md5=9b5f2a61b064984be8e4dedf9ba10531 bytes=114 template=block-scope origin=seed:tests/corpus/runtime/exceptions-and-nullish.test.js
 PASS js-fuzzer-block-scope-9b5f2a61b064.js [6317/10000] status=ok obs=a3c65c297427 coverage=+0/32/38 time=2ms
  RUN js-fuzzer-loop-55c7c905bffb.js [6318/10000] md5=55c7c905bffb4bbbc4c8fb9b91df6ad8 bytes=81 template=loop origin=seed:tests/corpus/runtime/functions-closures-and-arrows.test.js
 PASS js-fuzzer-loop-55c7c905bffb.js [6318/10000] status=ok obs=eccbc87e4b5c coverage=+0/32/38 time=1ms
  RUN js-fuzzer-corpus-463d4dee8a1f.js [6319/10000] md5=463d4dee8a1f930fa8af57a704cacf3e bytes=232 template=corpus origin=tests/corpus/runtime/lexical-shadowing.test.js
 PASS js-fuzzer-corpus-463d4dee8a1f.js [6319/10000] status=ok obs=c51ce410c124 coverage=+0/32/38 time=2ms
  RUN js-fuzzer-class-3b630e2d834a.js [6320/10000] md5=3b630e2d834a95a01ee75571f8bc0075 bytes=101 template=class origin=seed:tests/corpus/runtime/modules-export.test.js
 PASS js-fuzzer-class-3b630e2d834a.js [6320/10000] status=ok obs=6512bd43d9ca coverage=+0/32/38 time=2ms
  RUN js-fuzzer-arithmetic-05e3817b159f.js [6321/10000] md5=05e3817b159f2a9a87dbb5a8bde4956c bytes=85 template=arithmetic origin=seed:tests/corpus/runtime/nested-try-finally.test.js
 PASS js-fuzzer-arithmetic-05e3817b159f.js [6321/10000] status=ok obs=ed3d2c21991e coverage=+0/32/38 time=1ms
  RUN js-fuzzer-boundary-85faf3787c26.js [6322/10000] md5=85faf3787c26ca3bad9215a544873988 bytes=113 template=boundary origin=boundary:2
 PASS js-fuzzer-boundary-85faf3787c26.js [6322/10000] status=ok obs=c81e728d9d4c coverage=+0/32/38 time=2ms
  RUN js-fuzzer-array-object-47b604e193a6.js [6323/10000] md5=47b604e193a6902cf4018187a8ccfa87 bytes=133 template=array-object origin=seed:tests/corpus/syntax/logical-unary-nullish.test.js
 PASS js-fuzzer-array-object-47b604e193a6.js [6323/10000] status=ok obs=c20ad4d76fe9 coverage=+0/32/38 time=2ms
  RUN js-fuzzer-closure-9b6a1b1ec482.js [6324/10000] md5=9b6a1b1ec48268d10bf09009ef7b43be bytes=185 template=closure origin=seed:tests/corpus/syntax/object-destructure-and-members.test.js
 PASS js-fuzzer-closure-9b6a1b1ec482.js [6324/10000] status=ok obs=b53b3a3d6ab9 coverage=+0/32/38 time=1ms
  RUN js-fuzzer-block-scope-9e4782b43fd1.js [6325/10000] md5=9e4782b43fd166fd159be156661cfecd bytes=114 template=block-scope origin=seed:tests/corpus/syntax/switch-do-while-sequence.test.js
 PASS js-fuzzer-block-scope-9e4782b43fd1.js [6325/10000] status=ok obs=a97da629b098 coverage=+0/32/38 time=2ms
  RUN js-fuzzer-loop-bbf1d7a15d8d.js [6326/10000] md5=bbf1d7a15d8dd015402d75c0e0108b5f bytes=81 template=loop origin=seed:tests/corpus/syntax/template-array-destructure.test.js
 PASS js-fuzzer-loop-bbf1d7a15d8d.js [6326/10000] status=ok obs=1679091c5a88 coverage=+0/32/38 time=2ms
  RUN js-fuzzer-try-catch-394293a01c1f.js [6327/10000] md5=394293a01c1f5412b61d69cb8738d61b bytes=110 template=try-catch origin=seed:tests/corpus/syntax/typescript-assertions.test.ts
 PASS js-fuzzer-try-catch-394293a01c1f.js [6327/10000] status=ok obs=c74d97b01eae coverage=+0/32/38 time=1ms
  RUN js-fuzzer-corpus-e3eeaea0f8a2.js [6328/10000] md5=e3eeaea0f8a2c5d5b650d4007cf78b4a bytes=104 template=corpus origin=tests/corpus/syntax/typescript-non-null-satisfies.test.ts
 PASS js-fuzzer-corpus-e3eeaea0f8a2.js [6328/10000] status=ok obs=d3d9446802a4 coverage=+0/32/38 time=2ms
  RUN js-fuzzer-boundary-ccde2dac26f6.js [6329/10000] md5=ccde2dac26f6d3fd46c3698825685fe3 bytes=113 template=boundary origin=boundary:1
 PASS js-fuzzer-boundary-ccde2dac26f6.js [6329/10000] status=ok obs=c4ca4238a0b9 coverage=+0/32/38 time=2ms
  RUN js-fuzzer-function-134a85d12098.js [6330/10000] md5=134a85d120985077bd24a3a53ac64560 bytes=153 template=function origin=seed:tests/corpus/fixtures/state-machine-workflow.test.js
 PASS js-fuzzer-function-134a85d12098.js [6330/10000] status=ok obs=1679091c5a88 coverage=+0/32/38 time=1ms
  RUN js-fuzzer-array-object-25a61a95b319.js [6331/10000] md5=25a61a95b3193a0fe211cdd44555b964 bytes=133 template=array-object origin=seed:tests/corpus/fixtures/vue-script-workflow.test.vue
 PASS js-fuzzer-array-object-25a61a95b319.js [6331/10000] status=ok obs=c51ce410c124 coverage=+0/32/38 time=1ms
  RUN js-fuzzer-closure-ddf4fbe61d25.js [6332/10000] md5=ddf4fbe61d25f765b50f70d929a0cae7 bytes=184 template=closure origin=seed:tests/corpus/obfuscation/constant-tag-mix.test.js
 PASS js-fuzzer-closure-ddf4fbe61d25.js [6332/10000] status=ok obs=b53b3a3d6ab9 coverage=+0/32/38 time=2ms
  RUN js-fuzzer-block-scope-1aea42ff83c7.js [6333/10000] md5=1aea42ff83c7426f6beafa17777ff418 bytes=114 template=block-scope origin=seed:tests/corpus/obfuscation/extern-slot-permutation.test.js
 PASS js-fuzzer-block-scope-1aea42ff83c7.js [6333/10000] status=ok obs=a3c65c297427 coverage=+0/32/38 time=1ms
  RUN js-fuzzer-loop-b88258462a8d.js [6334/10000] md5=b88258462a8d880f8b0e459fa23b2536 bytes=81 template=loop origin=seed:tests/corpus/obfuscation/externs-console.test.js
 PASS js-fuzzer-loop-b88258462a8d.js [6334/10000] status=ok obs=3c59dc048e88 coverage=+0/32/38 time=2ms
  RUN js-fuzzer-try-catch-83aeb7d5f114.js [6335/10000] md5=83aeb7d5f114f448e90b2f3e31e7a7e9 bytes=110 template=try-catch origin=seed:tests/corpus/obfuscation/seed-sensitive-functions.test.js
 PASS js-fuzzer-try-catch-83aeb7d5f114.js [6335/10000] status=ok obs=e369853df766 coverage=+0/32/38 time=1ms
  RUN js-fuzzer-boundary-37492c99ff33.js [6336/10000] md5=37492c99ff33e9d5e09e0b8e84ba785a bytes=129 template=boundary origin=boundary:-9007199254740991
 PASS js-fuzzer-boundary-37492c99ff33.js [6336/10000] status=ok obs=b3f3a95848f6 coverage=+0/32/38 time=1ms
  RUN js-fuzzer-corpus-ad9ed8746461.js [6337/10000] md5=ad9ed87464611c6dd81b04b3754c760c bytes=214 template=corpus origin=tests/corpus/regressions/multiple-functions-fib-add.test.js
 PASS js-fuzzer-corpus-ad9ed8746461.js [6337/10000] status=ok obs=3c59dc048e88 coverage=+0/32/38 time=2ms
  RUN js-fuzzer-function-67a4a16b508e.js [6338/10000] md5=67a4a16b508e8efc2a1fbbfc79004c7b bytes=153 template=function origin=seed:tests/corpus/regressions/scope-compressed-closure-params.test.js
 PASS js-fuzzer-function-67a4a16b508e.js [6338/10000] status=ok obs=eccbc87e4b5c coverage=+0/32/38 time=1ms
  RUN js-fuzzer-array-object-c3f5cbf7f137.js [6339/10000] md5=c3f5cbf7f1374bcdad6d2e48dad2c278 bytes=133 template=array-object origin=seed:tests/corpus/runtime/arrays-objects-methods.test.js
 PASS js-fuzzer-array-object-c3f5cbf7f137.js [6339/10000] status=ok obs=aab3238922bc coverage=+0/32/38 time=2ms
  RUN js-fuzzer-closure-0aed081e2d12.js [6340/10000] md5=0aed081e2d124c6c459da7b00f50fe37 bytes=184 template=closure origin=seed:tests/corpus/runtime/block-scopes.test.js
 PASS js-fuzzer-closure-0aed081e2d12.js [6340/10000] status=ok obs=093f65e080a2 coverage=+0/32/38 time=2ms
  RUN js-fuzzer-block-scope-c359e2a72db2.js [6341/10000] md5=c359e2a72db2be0cf03b8eeda102b704 bytes=114 template=block-scope origin=seed:tests/corpus/runtime/class-fields-static-methods.test.js
 PASS js-fuzzer-block-scope-c359e2a72db2.js [6341/10000] status=ok obs=c9e1074f5b3f coverage=+0/32/38 time=1ms
  RUN js-fuzzer-loop-54e460cecf5c.js [6342/10000] md5=54e460cecf5c05dfcffaa3b2e5f57445 bytes=81 template=loop origin=seed:tests/corpus/runtime/classes-and-objects.test.js
 PASS js-fuzzer-loop-54e460cecf5c.js [6342/10000] status=ok obs=d3d9446802a4 coverage=+0/32/38 time=2ms
  RUN js-fuzzer-boundary-56f451fe2902.js [6343/10000] md5=56f451fe2902341a3a470031c46238b3 bytes=123 template=boundary origin=boundary:-2147483648
 PASS js-fuzzer-boundary-56f451fe2902.js [6343/10000] status=ok obs=034ff5946105 coverage=+0/32/38 time=1ms
  RUN js-fuzzer-class-769274f77fa6.js [6344/10000] md5=769274f77fa62254ce7e0eb0e3adf7f1 bytes=100 template=class origin=seed:tests/corpus/runtime/closures-read-captured-values.test.js
 PASS js-fuzzer-class-769274f77fa6.js [6344/10000] status=ok obs=c4ca4238a0b9 coverage=+0/32/38 time=2ms
  RUN js-fuzzer-arithmetic-eeffd80cfb11.js [6345/10000] md5=eeffd80cfb115bb408c04134321b7f66 bytes=84 template=arithmetic origin=seed:tests/corpus/runtime/exceptions-and-nullish.test.js
 PASS js-fuzzer-arithmetic-eeffd80cfb11.js [6345/10000] status=ok obs=d9d4f495e875 coverage=+0/32/38 time=2ms
  RUN js-fuzzer-corpus-72746d071c58.js [6346/10000] md5=72746d071c58fadd9399bc8934c30553 bytes=197 template=corpus origin=tests/corpus/runtime/functions-closures-and-arrows.test.js
 PASS js-fuzzer-corpus-72746d071c58.js [6346/10000] status=ok obs=c74d97b01eae coverage=+0/32/38 time=1ms
  RUN js-fuzzer-array-object-f9494980f5a5.js [6347/10000] md5=f9494980f5a513745e8e2d53a56f6fba bytes=133 template=array-object origin=seed:tests/corpus/runtime/lexical-shadowing.test.js
 PASS js-fuzzer-array-object-f9494980f5a5.js [6347/10000] status=ok obs=9bf31c7ff062 coverage=+0/32/38 time=2ms
  RUN js-fuzzer-closure-03ab8f714117.js [6348/10000] md5=03ab8f7141176a2474988b3d913beb25 bytes=183 template=closure origin=seed:tests/corpus/runtime/modules-export.test.js
 PASS js-fuzzer-closure-03ab8f714117.js [6348/10000] status=ok obs=3c59dc048e88 coverage=+0/32/38 time=2ms
  RUN js-fuzzer-block-scope-fe383ce7ccda.js [6349/10000] md5=fe383ce7ccda54bed90aad4ecee0cc01 bytes=114 template=block-scope origin=seed:tests/corpus/runtime/nested-try-finally.test.js
 PASS js-fuzzer-block-scope-fe383ce7ccda.js [6349/10000] status=ok obs=38b3eff8baf5 coverage=+0/32/38 time=1ms
  RUN js-fuzzer-boundary-4ae25cb2e150.js [6350/10000] md5=4ae25cb2e15083bfca9f6b81b3f9f24b bytes=114 template=boundary origin=boundary:-2
 PASS js-fuzzer-boundary-4ae25cb2e150.js [6350/10000] status=ok obs=5d7b9adcbe1c coverage=+0/32/38 time=1ms
  RUN js-fuzzer-try-catch-70fffa3518b3.js [6351/10000] md5=70fffa3518b3cd8f92c92fd09e60ecbc bytes=110 template=try-catch origin=seed:tests/corpus/syntax/logical-unary-nullish.test.js
 PASS js-fuzzer-try-catch-70fffa3518b3.js [6351/10000] status=ok obs=a5bfc9e07964 coverage=+0/32/38 time=2ms
  RUN js-fuzzer-class-c0844991889f.js [6352/10000] md5=c0844991889f03308712cd6bc6b7c31c bytes=101 template=class origin=seed:tests/corpus/syntax/object-destructure-and-members.test.js
 PASS js-fuzzer-class-c0844991889f.js [6352/10000] status=ok obs=70efdf2ec9b0 coverage=+0/32/38 time=1ms
  RUN js-fuzzer-arithmetic-d1d4d13475aa.js [6353/10000] md5=d1d4d13475aab258049c1ab9f35dca19 bytes=84 template=arithmetic origin=seed:tests/corpus/syntax/switch-do-while-sequence.test.js
 PASS js-fuzzer-arithmetic-d1d4d13475aa.js [6353/10000] status=ok obs=67c6a1e7ce56 coverage=+0/32/38 time=2ms
  RUN js-fuzzer-function-7078b1558e88.js [6354/10000] md5=7078b1558e88c84f2ce4ff32c844a13e bytes=153 template=function origin=seed:tests/corpus/syntax/template-array-destructure.test.js
 PASS js-fuzzer-function-7078b1558e88.js [6354/10000] status=ok obs=1679091c5a88 coverage=+0/32/38 time=2ms
  RUN js-fuzzer-corpus-57a83a4b020d.js [6355/10000] md5=57a83a4b020d4b85b42b0a3709f283ad bytes=130 template=corpus origin=tests/corpus/syntax/typescript-assertions.test.ts
 PASS js-fuzzer-corpus-57a83a4b020d.js [6355/10000] status=ok obs=45c48cce2e2d coverage=+0/32/38 time=1ms
  RUN js-fuzzer-closure-6d22adfe7dd4.js [6356/10000] md5=6d22adfe7dd41630dd7c81c9c6d5849f bytes=184 template=closure origin=seed:tests/corpus/syntax/typescript-non-null-satisfies.test.ts
 PASS js-fuzzer-closure-6d22adfe7dd4.js [6356/10000] status=ok obs=8e296a067a37 coverage=+0/32/38 time=2ms
  RUN js-fuzzer-boundary-7f379f781f4f.js [6357/10000] md5=7f379f781f4f9844733fb0f4c5d8aa15 bytes=114 template=boundary origin=boundary:-1
 PASS js-fuzzer-boundary-7f379f781f4f.js [6357/10000] status=ok obs=6bb61e3b7bce coverage=+0/32/38 time=1ms
  RUN js-fuzzer-loop-d35707ad0bf7.js [6358/10000] md5=d35707ad0bf74148f671ad8943998af6 bytes=81 template=loop origin=seed:tests/corpus/fixtures/state-machine-workflow.test.js
 PASS js-fuzzer-loop-d35707ad0bf7.js [6358/10000] status=ok obs=9bf31c7ff062 coverage=+0/32/38 time=2ms
  RUN js-fuzzer-try-catch-a173285175b8.js [6359/10000] md5=a173285175b813cddca62eb427efafd5 bytes=110 template=try-catch origin=seed:tests/corpus/fixtures/vue-script-workflow.test.vue
 PASS js-fuzzer-try-catch-a173285175b8.js [6359/10000] status=ok obs=9a1158154dfa coverage=+0/32/38 time=1ms
  RUN js-fuzzer-class-c0844991889f.js [6360/10000] md5=c0844991889f03308712cd6bc6b7c31c bytes=101 template=class origin=seed:tests/corpus/obfuscation/constant-tag-mix.test.js
 PASS js-fuzzer-class-c0844991889f.js [6360/10000] status=ok obs=70efdf2ec9b0 coverage=+0/32/38 time=2ms
  RUN js-fuzzer-arithmetic-f00a73ae52ad.js [6361/10000] md5=f00a73ae52ad4327d402f9eed41737b3 bytes=84 template=arithmetic origin=seed:tests/corpus/obfuscation/extern-slot-permutation.test.js
 PASS js-fuzzer-arithmetic-f00a73ae52ad.js [6361/10000] status=ok obs=a0a080f42e6f coverage=+0/32/38 time=2ms
  RUN js-fuzzer-function-e38b8374b652.js [6362/10000] md5=e38b8374b65234ab6d6009c7a43720d9 bytes=153 template=function origin=seed:tests/corpus/obfuscation/externs-console.test.js
 PASS js-fuzzer-function-e38b8374b652.js [6362/10000] status=ok obs=1679091c5a88 coverage=+0/32/38 time=1ms
  RUN js-fuzzer-array-object-af8301d2f397.js [6363/10000] md5=af8301d2f397ffaf959161e1d7e3643e bytes=133 template=array-object origin=seed:tests/corpus/obfuscation/seed-sensitive-functions.test.js
 PASS js-fuzzer-array-object-af8301d2f397.js [6363/10000] status=ok obs=c9f0f895fb98 coverage=+0/32/38 time=2ms
  RUN js-fuzzer-corpus-79643e915862.js [6364/10000] md5=79643e91586251700d34c0c65a0220da bytes=89 template=corpus origin=tests/corpus/regressions/destructuring-lowers-to-member.test.js
 PASS js-fuzzer-corpus-79643e915862.js [6364/10000] status=ok obs=eccbc87e4b5c coverage=+0/32/38 time=1ms
  RUN js-fuzzer-block-scope-086cc5f9e3f9.js [6365/10000] md5=086cc5f9e3f9b2628d453a4c706417ac bytes=114 template=block-scope origin=seed:tests/corpus/regressions/multiple-functions-fib-add.test.js
 PASS js-fuzzer-block-scope-086cc5f9e3f9.js [6365/10000] status=ok obs=65b9eea6e1cc coverage=+0/32/38 time=1ms
  RUN js-fuzzer-loop-55c7c905bffb.js [6366/10000] md5=55c7c905bffb4bbbc4c8fb9b91df6ad8 bytes=81 template=loop origin=seed:tests/corpus/regressions/scope-compressed-closure-params.test.js
 PASS js-fuzzer-loop-55c7c905bffb.js [6366/10000] status=ok obs=eccbc87e4b5c coverage=+0/32/38 time=2ms
  RUN js-fuzzer-try-catch-e6a0f565fc4e.js [6367/10000] md5=e6a0f565fc4ec95ea847cca573b5900c bytes=110 template=try-catch origin=seed:tests/corpus/runtime/arrays-objects-methods.test.js
 PASS js-fuzzer-try-catch-e6a0f565fc4e.js [6367/10000] status=ok obs=33e75ff09dd6 coverage=+0/32/38 time=1ms
  RUN js-fuzzer-class-587587295e00.js [6368/10000] md5=587587295e0075a0a19c4572e53274fe bytes=101 template=class origin=seed:tests/corpus/runtime/block-scopes.test.js
 PASS js-fuzzer-class-587587295e00.js [6368/10000] status=ok obs=1f0e3dad9990 coverage=+0/32/38 time=2ms
  RUN js-fuzzer-arithmetic-75d5a4d1e6b3.js [6369/10000] md5=75d5a4d1e6b3227862475dcb450b93fe bytes=85 template=arithmetic origin=seed:tests/corpus/runtime/class-fields-static-methods.test.js
 PASS js-fuzzer-arithmetic-75d5a4d1e6b3.js [6369/10000] status=ok obs=115f89503138 coverage=+0/32/38 time=1ms
  RUN js-fuzzer-function-f172d914fe2f.js [6370/10000] md5=f172d914fe2f2d124fd9ee51d2714545 bytes=153 template=function origin=seed:tests/corpus/runtime/classes-and-objects.test.js
 PASS js-fuzzer-function-f172d914fe2f.js [6370/10000] status=ok obs=c9f0f895fb98 coverage=+0/32/38 time=2ms
  RUN js-fuzzer-boundary-4bea2a6e0cb0.js [6371/10000] md5=4bea2a6e0cb0c7bb0b29e5b5d44112d8 bytes=128 template=boundary origin=boundary:9007199254740991
 PASS js-fuzzer-boundary-4bea2a6e0cb0.js [6371/10000] status=ok obs=dc9a0d67a31d coverage=+0/32/38 time=2ms
  RUN js-fuzzer-closure-70fc865591b8.js [6372/10000] md5=70fc865591b829b236fe45b97bd9df64 bytes=184 template=closure origin=seed:tests/corpus/runtime/closures-read-captured-values.test.js
 PASS js-fuzzer-closure-70fc865591b8.js [6372/10000] status=ok obs=6c8349cc7260 coverage=+0/32/38 time=1ms
  RUN js-fuzzer-corpus-cf8fb96e8476.js [6373/10000] md5=cf8fb96e8476c262b73583c86dd80821 bytes=178 template=corpus origin=tests/corpus/runtime/exceptions-and-nullish.test.js
 PASS js-fuzzer-corpus-cf8fb96e8476.js [6373/10000] status=ok obs=24ed5e8718fc coverage=+0/32/38 time=2ms
  RUN js-fuzzer-loop-d35707ad0bf7.js [6374/10000] md5=d35707ad0bf74148f671ad8943998af6 bytes=81 template=loop origin=seed:tests/corpus/runtime/functions-closures-and-arrows.test.js
 PASS js-fuzzer-loop-d35707ad0bf7.js [6374/10000] status=ok obs=9bf31c7ff062 coverage=+0/32/38 time=2ms
  RUN js-fuzzer-try-catch-f457fe0c144d.js [6375/10000] md5=f457fe0c144d86e31ce7ae86f7f5c357 bytes=110 template=try-catch origin=seed:tests/corpus/runtime/lexical-shadowing.test.js
 PASS js-fuzzer-try-catch-f457fe0c144d.js [6375/10000] status=ok obs=67c6a1e7ce56 coverage=+0/32/38 time=1ms
  RUN js-fuzzer-class-c0844991889f.js [6376/10000] md5=c0844991889f03308712cd6bc6b7c31c bytes=101 template=class origin=seed:tests/corpus/runtime/modules-export.test.js
 PASS js-fuzzer-class-c0844991889f.js [6376/10000] status=ok obs=70efdf2ec9b0 coverage=+0/32/38 time=2ms
  RUN js-fuzzer-arithmetic-fdc356a89e5c.js [6377/10000] md5=fdc356a89e5c4d1f4bfc8e16f6fd1c0f bytes=84 template=arithmetic origin=seed:tests/corpus/runtime/nested-try-finally.test.js
 PASS js-fuzzer-arithmetic-fdc356a89e5c.js [6377/10000] status=ok obs=f899139df5e1 coverage=+0/32/38 time=1ms
  RUN js-fuzzer-boundary-4b188851088a.js [6378/10000] md5=4b188851088a18b5b5e1424320aec545 bytes=122 template=boundary origin=boundary:2147483647
 PASS js-fuzzer-boundary-4b188851088a.js [6378/10000] status=ok obs=c588c0a459f4 coverage=+0/32/38 time=2ms
  RUN js-fuzzer-array-object-1a2dad2f5047.js [6379/10000] md5=1a2dad2f50476a55622f6546b2bcce90 bytes=133 template=array-object origin=seed:tests/corpus/syntax/logical-unary-nullish.test.js
 PASS js-fuzzer-array-object-1a2dad2f5047.js [6379/10000] status=ok obs=d3d9446802a4 coverage=+0/32/38 time=2ms
  RUN js-fuzzer-closure-9abd7c440c5c.js [6380/10000] md5=9abd7c440c5c44aea226708e97cd3fd1 bytes=184 template=closure origin=seed:tests/corpus/syntax/object-destructure-and-members.test.js
 PASS js-fuzzer-closure-9abd7c440c5c.js [6380/10000] status=ok obs=a5bfc9e07964 coverage=+0/32/38 time=1ms
  RUN js-fuzzer-block-scope-963ef95fccb2.js [6381/10000] md5=963ef95fccb2b37bf54c80ea854154f9 bytes=114 template=block-scope origin=seed:tests/corpus/syntax/switch-do-while-sequence.test.js
 PASS js-fuzzer-block-scope-963ef95fccb2.js [6381/10000] status=ok obs=ec8956637a99 coverage=+0/32/38 time=2ms
  RUN js-fuzzer-corpus-ff388659a641.js [6382/10000] md5=ff388659a6419d1e6e01ce4e7151a52e bytes=135 template=corpus origin=tests/corpus/syntax/template-array-destructure.test.js
 PASS js-fuzzer-corpus-ff388659a641.js [6382/10000] status=ok obs=f61c9a8be43c coverage=+0/32/38 time=2ms
  RUN js-fuzzer-try-catch-8eb6765f66fd.js [6383/10000] md5=8eb6765f66fd409e223a9383e9857a4c bytes=109 template=try-catch origin=seed:tests/corpus/syntax/typescript-assertions.test.ts
 PASS js-fuzzer-try-catch-8eb6765f66fd.js [6383/10000] status=ok obs=6512bd43d9ca coverage=+0/32/38 time=1ms
  RUN js-fuzzer-class-6736c24444bc.js [6384/10000] md5=6736c24444bc6ff151b05a9a974ae4d5 bytes=100 template=class origin=seed:tests/corpus/syntax/typescript-non-null-satisfies.test.ts
 PASS js-fuzzer-class-6736c24444bc.js [6384/10000] status=ok obs=45c48cce2e2d coverage=+0/32/38 time=2ms
  RUN js-fuzzer-boundary-e33d9dc9cd6c.js [6385/10000] md5=e33d9dc9cd6c84ec6ac6a01d1d18c4f2 bytes=113 template=boundary origin=boundary:2
 PASS js-fuzzer-boundary-e33d9dc9cd6c.js [6385/10000] status=ok obs=c81e728d9d4c coverage=+0/32/38 time=1ms
  RUN js-fuzzer-function-06471e1fced1.js [6386/10000] md5=06471e1fced163f025e3f67e77c6ce04 bytes=153 template=function origin=seed:tests/corpus/fixtures/state-machine-workflow.test.js
 PASS js-fuzzer-function-06471e1fced1.js [6386/10000] status=ok obs=45c48cce2e2d coverage=+0/32/38 time=2ms
  RUN js-fuzzer-array-object-e4bcf7f7efd7.js [6387/10000] md5=e4bcf7f7efd73c3ef2448d936fcf5e93 bytes=133 template=array-object origin=seed:tests/corpus/fixtures/vue-script-workflow.test.vue
 PASS js-fuzzer-array-object-e4bcf7f7efd7.js [6387/10000] status=ok obs=6512bd43d9ca coverage=+0/32/38 time=2ms
  RUN js-fuzzer-closure-f4b35cc064ee.js [6388/10000] md5=f4b35cc064eef8143c5b003838854644 bytes=184 template=closure origin=seed:tests/corpus/obfuscation/constant-tag-mix.test.js
 PASS js-fuzzer-closure-f4b35cc064ee.js [6388/10000] status=ok obs=28dd2c7955ce coverage=+0/32/38 time=1ms
  RUN js-fuzzer-block-scope-06ac02369cd7.js [6389/10000] md5=06ac02369cd7513096646f945b821d0f bytes=114 template=block-scope origin=seed:tests/corpus/obfuscation/extern-slot-permutation.test.js
 PASS js-fuzzer-block-scope-06ac02369cd7.js [6389/10000] status=ok obs=ec8956637a99 coverage=+0/32/38 time=2ms
  RUN js-fuzzer-loop-bbf1d7a15d8d.js [6390/10000] md5=bbf1d7a15d8dd015402d75c0e0108b5f bytes=81 template=loop origin=seed:tests/corpus/obfuscation/externs-console.test.js
 PASS js-fuzzer-loop-bbf1d7a15d8d.js [6390/10000] status=ok obs=1679091c5a88 coverage=+0/32/38 time=2ms
  RUN js-fuzzer-corpus-38ba19d9deb7.js [6391/10000] md5=38ba19d9deb7566cc8a420c27ada3f21 bytes=136 template=corpus origin=tests/corpus/obfuscation/seed-sensitive-functions.test.js
 PASS js-fuzzer-corpus-38ba19d9deb7.js [6391/10000] status=ok obs=a5bfc9e07964 coverage=+0/32/38 time=1ms
  RUN js-fuzzer-boundary-ccde2dac26f6.js [6392/10000] md5=ccde2dac26f6d3fd46c3698825685fe3 bytes=113 template=boundary origin=boundary:1
 PASS js-fuzzer-boundary-ccde2dac26f6.js [6392/10000] status=ok obs=c4ca4238a0b9 coverage=+0/32/38 time=2ms
  RUN js-fuzzer-arithmetic-315c47740f0d.js [6393/10000] md5=315c47740f0d52960d240cecab919e6a bytes=85 template=arithmetic origin=seed:tests/corpus/regressions/multiple-functions-fib-add.test.js
 PASS js-fuzzer-arithmetic-315c47740f0d.js [6393/10000] status=ok obs=a5e00132373a coverage=+0/32/38 time=1ms
  RUN js-fuzzer-function-67a4a16b508e.js [6394/10000] md5=67a4a16b508e8efc2a1fbbfc79004c7b bytes=153 template=function origin=seed:tests/corpus/regressions/scope-compressed-closure-params.test.js
 PASS js-fuzzer-function-67a4a16b508e.js [6394/10000] status=ok obs=eccbc87e4b5c coverage=+0/32/38 time=2ms
  RUN js-fuzzer-array-object-88113ad3ab9d.js [6395/10000] md5=88113ad3ab9d744d7bcf3e77fbca5401 bytes=133 template=array-object origin=seed:tests/corpus/runtime/arrays-objects-methods.test.js
 PASS js-fuzzer-array-object-88113ad3ab9d.js [6395/10000] status=ok obs=c20ad4d76fe9 coverage=+0/32/38 time=2ms
  RUN js-fuzzer-closure-51403da8d7e9.js [6396/10000] md5=51403da8d7e928c8a625069187db801e bytes=183 template=closure origin=seed:tests/corpus/runtime/block-scopes.test.js
 PASS js-fuzzer-closure-51403da8d7e9.js [6396/10000] status=ok obs=8e296a067a37 coverage=+0/32/38 time=1ms
  RUN js-fuzzer-block-scope-816d3eb6ad9f.js [6397/10000] md5=816d3eb6ad9fdc4ff093e4c7f4dd11be bytes=114 template=block-scope origin=seed:tests/corpus/runtime/class-fields-static-methods.test.js
 PASS js-fuzzer-block-scope-816d3eb6ad9f.js [6397/10000] status=ok obs=f0935e4cd592 coverage=+0/32/38 time=2ms
  RUN js-fuzzer-loop-54e460cecf5c.js [6398/10000] md5=54e460cecf5c05dfcffaa3b2e5f57445 bytes=81 template=loop origin=seed:tests/corpus/runtime/classes-and-objects.test.js
 PASS js-fuzzer-loop-54e460cecf5c.js [6398/10000] status=ok obs=d3d9446802a4 coverage=+0/32/38 time=2ms
  RUN js-fuzzer-boundary-235131a2d0d1.js [6399/10000] md5=235131a2d0d184afe9327ca3bd456dde bytes=129 template=boundary origin=boundary:-9007199254740991
 PASS js-fuzzer-boundary-235131a2d0d1.js [6399/10000] status=ok obs=b3f3a95848f6 coverage=+0/32/38 time=1ms
  RUN js-fuzzer-corpus-08bc93bf5789.js [6400/10000] md5=08bc93bf57897bc88ce7161fe56cd099 bytes=169 template=corpus origin=tests/corpus/runtime/closures-read-captured-values.test.js
 PASS js-fuzzer-corpus-08bc93bf5789.js [6400/10000] status=ok obs=02e74f10e032 coverage=+0/32/38 time=2ms
  RUN js-fuzzer-arithmetic-544d2de01fe4.js [6401/10000] md5=544d2de01fe473ae3e05578e68afe629 bytes=85 template=arithmetic origin=seed:tests/corpus/runtime/exceptions-and-nullish.test.js
 PASS js-fuzzer-arithmetic-544d2de01fe4.js [6401/10000] status=ok obs=a684eceee76f coverage=+0/32/38 time=2ms
  RUN js-fuzzer-function-0b0d1f5ee746.js [6402/10000] md5=0b0d1f5ee746281ffbedfb7f7f4c45bc bytes=153 template=function origin=seed:tests/corpus/runtime/functions-closures-and-arrows.test.js
 PASS js-fuzzer-function-0b0d1f5ee746.js [6402/10000] status=ok obs=e4da3b7fbbce coverage=+0/32/38 time=1ms
  RUN js-fuzzer-array-object-c7e2a662f172.js [6403/10000] md5=c7e2a662f1726f10b5d8983647d21333 bytes=133 template=array-object origin=seed:tests/corpus/runtime/lexical-shadowing.test.js
 PASS js-fuzzer-array-object-c7e2a662f172.js [6403/10000] status=ok obs=c51ce410c124 coverage=+0/32/38 time=2ms
  RUN js-fuzzer-closure-3e6eed0bc8b7.js [6404/10000] md5=3e6eed0bc8b7c647584f7247658fca21 bytes=184 template=closure origin=seed:tests/corpus/runtime/modules-export.test.js
 PASS js-fuzzer-closure-3e6eed0bc8b7.js [6404/10000] status=ok obs=d09bf41544a3 coverage=+0/32/38 time=2ms
  RUN js-fuzzer-block-scope-a03b92e814f5.js [6405/10000] md5=a03b92e814f50e5bc4943f88eeffee51 bytes=114 template=block-scope origin=seed:tests/corpus/runtime/nested-try-finally.test.js
 PASS js-fuzzer-block-scope-a03b92e814f5.js [6405/10000] status=ok obs=ec8956637a99 coverage=+0/32/38 time=1ms
  RUN js-fuzzer-boundary-56f451fe2902.js [6406/10000] md5=56f451fe2902341a3a470031c46238b3 bytes=123 template=boundary origin=boundary:-2147483648
 PASS js-fuzzer-boundary-56f451fe2902.js [6406/10000] status=ok obs=034ff5946105 coverage=+0/32/38 time=2ms
  RUN js-fuzzer-try-catch-676dafc46859.js [6407/10000] md5=676dafc4685905581f3925e95c53669f bytes=110 template=try-catch origin=seed:tests/corpus/syntax/logical-unary-nullish.test.js
 PASS js-fuzzer-try-catch-676dafc46859.js [6407/10000] status=ok obs=a5771bce93e2 coverage=+0/32/38 time=1ms
  RUN js-fuzzer-class-a365d1a76b7b.js [6408/10000] md5=a365d1a76b7b0d4310621afa7caac433 bytes=100 template=class origin=seed:tests/corpus/syntax/object-destructure-and-members.test.js
 PASS js-fuzzer-class-a365d1a76b7b.js [6408/10000] status=ok obs=8f14e45fceea coverage=+0/32/38 time=2ms
  RUN js-fuzzer-corpus-2aed353a2d20.js [6409/10000] md5=2aed353a2d200d64cbaf7beb40face20 bytes=275 template=corpus origin=tests/corpus/syntax/switch-do-while-sequence.test.js
 PASS js-fuzzer-corpus-2aed353a2d20.js [6409/10000] status=ok obs=6f4922f45568 coverage=+0/32/38 time=2ms
  RUN js-fuzzer-function-ced1d0daab2e.js [6410/10000] md5=ced1d0daab2e23fdcfec672d899d9739 bytes=153 template=function origin=seed:tests/corpus/syntax/template-array-destructure.test.js
 PASS js-fuzzer-function-ced1d0daab2e.js [6410/10000] status=ok obs=8e296a067a37 coverage=+0/32/38 time=2ms
  RUN js-fuzzer-array-object-dfd78431199b.js [6411/10000] md5=dfd78431199bdc1aabdf6a190aee7e53 bytes=133 template=array-object origin=seed:tests/corpus/syntax/typescript-assertions.test.ts
 PASS js-fuzzer-array-object-dfd78431199b.js [6411/10000] status=ok obs=9bf31c7ff062 coverage=+0/32/38 time=2ms
  RUN js-fuzzer-closure-346193d76c08.js [6412/10000] md5=346193d76c081acbdf9227f699ef03bf bytes=184 template=closure origin=seed:tests/corpus/syntax/typescript-non-null-satisfies.test.ts
 PASS js-fuzzer-closure-346193d76c08.js [6412/10000] status=ok obs=735b90b45681 coverage=+0/32/38 time=2ms
  RUN js-fuzzer-boundary-6d89c3a838ae.js [6413/10000] md5=6d89c3a838ae354bda64ec37ec2b63b1 bytes=114 template=boundary origin=boundary:-2
 PASS js-fuzzer-boundary-6d89c3a838ae.js [6413/10000] status=ok obs=5d7b9adcbe1c coverage=+0/32/38 time=1ms
  RUN js-fuzzer-loop-54e460cecf5c.js [6414/10000] md5=54e460cecf5c05dfcffaa3b2e5f57445 bytes=81 template=loop origin=seed:tests/corpus/fixtures/state-machine-workflow.test.js
 PASS js-fuzzer-loop-54e460cecf5c.js [6414/10000] status=ok obs=d3d9446802a4 coverage=+0/32/38 time=2ms
  RUN js-fuzzer-try-catch-ecde19ac059d.js [6415/10000] md5=ecde19ac059dab5b524e2da1cfde28b0 bytes=110 template=try-catch origin=seed:tests/corpus/fixtures/vue-script-workflow.test.vue
 PASS js-fuzzer-try-catch-ecde19ac059d.js [6415/10000] status=ok obs=f457c545a9de coverage=+0/32/38 time=1ms
  RUN js-fuzzer-class-ff7d9ca3da86.js [6416/10000] md5=ff7d9ca3da86b49917ac34b4d48e8df9 bytes=101 template=class origin=seed:tests/corpus/obfuscation/constant-tag-mix.test.js
 PASS js-fuzzer-class-ff7d9ca3da86.js [6416/10000] status=ok obs=c20ad4d76fe9 coverage=+0/32/38 time=2ms
  RUN js-fuzzer-arithmetic-00bf5ca29080.js [6417/10000] md5=00bf5ca2908023846239190e38322d29 bytes=85 template=arithmetic origin=seed:tests/corpus/obfuscation/extern-slot-permutation.test.js
 PASS js-fuzzer-arithmetic-00bf5ca29080.js [6417/10000] status=ok obs=f340f1b1f65b coverage=+0/32/38 time=1ms
  RUN js-fuzzer-corpus-efd663ac427b.js [6418/10000] md5=efd663ac427b5ca270b2f8b928c902bf bytes=112 template=corpus origin=tests/corpus/obfuscation/externs-console.test.js
 PASS js-fuzzer-corpus-efd663ac427b.js [6418/10000] status=ok obs=d289993e39c8 coverage=+0/32/38 time=2ms
  RUN js-fuzzer-array-object-4ec8832b0106.js [6419/10000] md5=4ec8832b010650485fedf4db2470f820 bytes=133 template=array-object origin=seed:tests/corpus/obfuscation/seed-sensitive-functions.test.js
 PASS js-fuzzer-array-object-4ec8832b0106.js [6419/10000] status=ok obs=c74d97b01eae coverage=+0/32/38 time=2ms
  RUN js-fuzzer-boundary-7f379f781f4f.js [6420/10000] md5=7f379f781f4f9844733fb0f4c5d8aa15 bytes=114 template=boundary origin=boundary:-1
 PASS js-fuzzer-boundary-7f379f781f4f.js [6420/10000] status=ok obs=6bb61e3b7bce coverage=+0/32/38 time=1ms
  RUN js-fuzzer-block-scope-efa94059669e.js [6421/10000] md5=efa94059669e708dced2bf48488d1856 bytes=114 template=block-scope origin=seed:tests/corpus/regressions/multiple-functions-fib-add.test.js
 PASS js-fuzzer-block-scope-efa94059669e.js [6421/10000] status=ok obs=a97da629b098 coverage=+0/32/38 time=1ms
  RUN js-fuzzer-loop-bbf1d7a15d8d.js [6422/10000] md5=bbf1d7a15d8dd015402d75c0e0108b5f bytes=81 template=loop origin=seed:tests/corpus/regressions/scope-compressed-closure-params.test.js
 PASS js-fuzzer-loop-bbf1d7a15d8d.js [6422/10000] status=ok obs=1679091c5a88 coverage=+0/32/38 time=2ms
  RUN js-fuzzer-try-catch-f24fba189d45.js [6423/10000] md5=f24fba189d4541ce9d4809156ecb450c bytes=110 template=try-catch origin=seed:tests/corpus/runtime/arrays-objects-methods.test.js
 PASS js-fuzzer-try-catch-f24fba189d45.js [6423/10000] status=ok obs=1ff1de774005 coverage=+0/32/38 time=2ms
  RUN js-fuzzer-class-b901915e3eda.js [6424/10000] md5=b901915e3eda1a96f77dcec9fff681b5 bytes=100 template=class origin=seed:tests/corpus/runtime/block-scopes.test.js
 PASS js-fuzzer-class-b901915e3eda.js [6424/10000] status=ok obs=c81e728d9d4c coverage=+0/32/38 time=1ms
  RUN js-fuzzer-arithmetic-7c576b1b724a.js [6425/10000] md5=7c576b1b724a45c2a2d230cb07f1e311 bytes=84 template=arithmetic origin=seed:tests/corpus/runtime/class-fields-static-methods.test.js
 PASS js-fuzzer-arithmetic-7c576b1b724a.js [6425/10000] status=ok obs=07e1cd7dca89 coverage=+0/32/38 time=2ms
  RUN js-fuzzer-function-cb7d7d91d83d.js [6426/10000] md5=cb7d7d91d83d165500656240f14cd1fc bytes=153 template=function origin=seed:tests/corpus/runtime/classes-and-objects.test.js
 PASS js-fuzzer-function-cb7d7d91d83d.js [6426/10000] status=ok obs=8f14e45fceea coverage=+0/32/38 time=1ms
  RUN js-fuzzer-corpus-ddcb99247fc8.js [6427/10000] md5=ddcb99247fc847c897b97c6bd6512b9f bytes=217 template=corpus origin=tests/corpus/runtime/closures-mutate-captured-bindings.test.js
 PASS js-fuzzer-corpus-ddcb99247fc8.js [6427/10000] status=ok obs=e4da3b7fbbce coverage=+0/32/38 time=2ms
  RUN js-fuzzer-closure-1710b2b6fa17.js [6428/10000] md5=1710b2b6fa174337c2905df979559b02 bytes=184 template=closure origin=seed:tests/corpus/runtime/closures-read-captured-values.test.js
 PASS js-fuzzer-closure-1710b2b6fa17.js [6428/10000] status=ok obs=d82c8d1619ad coverage=+0/32/38 time=2ms
  RUN js-fuzzer-block-scope-6c0b222ddc47.js [6429/10000] md5=6c0b222ddc47d7dd8ad0d2cf6f93b269 bytes=114 template=block-scope origin=seed:tests/corpus/runtime/exceptions-and-nullish.test.js
 PASS js-fuzzer-block-scope-6c0b222ddc47.js [6429/10000] status=ok obs=2723d092b638 coverage=+0/32/38 time=1ms
  RUN js-fuzzer-loop-bbf1d7a15d8d.js [6430/10000] md5=bbf1d7a15d8dd015402d75c0e0108b5f bytes=81 template=loop origin=seed:tests/corpus/runtime/functions-closures-and-arrows.test.js
 PASS js-fuzzer-loop-bbf1d7a15d8d.js [6430/10000] status=ok obs=1679091c5a88 coverage=+0/32/38 time=2ms
  RUN js-fuzzer-try-catch-20dc98d64456.js [6431/10000] md5=20dc98d644569e4da77d458e1c7210ec bytes=110 template=try-catch origin=seed:tests/corpus/runtime/lexical-shadowing.test.js
 PASS js-fuzzer-try-catch-20dc98d64456.js [6431/10000] status=ok obs=c51ce410c124 coverage=+0/32/38 time=2ms
  RUN js-fuzzer-class-3b630e2d834a.js [6432/10000] md5=3b630e2d834a95a01ee75571f8bc0075 bytes=101 template=class origin=seed:tests/corpus/runtime/modules-export.test.js
 PASS js-fuzzer-class-3b630e2d834a.js [6432/10000] status=ok obs=6512bd43d9ca coverage=+0/32/38 time=1ms
  RUN js-fuzzer-arithmetic-46e301422864.js [6433/10000] md5=46e301422864ec0c5812af6d0f8ff059 bytes=85 template=arithmetic origin=seed:tests/corpus/runtime/nested-try-finally.test.js
 PASS js-fuzzer-arithmetic-46e301422864.js [6433/10000] status=ok obs=36660e59856b coverage=+0/32/38 time=2ms
  RUN js-fuzzer-boundary-4bea2a6e0cb0.js [6434/10000] md5=4bea2a6e0cb0c7bb0b29e5b5d44112d8 bytes=128 template=boundary origin=boundary:9007199254740991
 PASS js-fuzzer-boundary-4bea2a6e0cb0.js [6434/10000] status=ok obs=dc9a0d67a31d coverage=+0/32/38 time=2ms
  RUN js-fuzzer-array-object-a4aee5520030.js [6435/10000] md5=a4aee5520030d8fe0bb6908d52c83801 bytes=133 template=array-object origin=seed:tests/corpus/syntax/logical-unary-nullish.test.js
 PASS js-fuzzer-array-object-a4aee5520030.js [6435/10000] status=ok obs=98f137082101 coverage=+0/32/38 time=1ms
  RUN js-fuzzer-corpus-96ebdcb81273.js [6436/10000] md5=96ebdcb81273f0e5e5778a6c70c94988 bytes=171 template=corpus origin=tests/corpus/syntax/object-destructure-and-members.test.js
 PASS js-fuzzer-corpus-96ebdcb81273.js [6436/10000] status=ok obs=bfad8dfa12ed coverage=+0/32/38 time=2ms
  RUN js-fuzzer-block-scope-7b0d8f9b9b67.js [6437/10000] md5=7b0d8f9b9b67aa367e1c074d91bfcec6 bytes=114 template=block-scope origin=seed:tests/corpus/syntax/switch-do-while-sequence.test.js
 PASS js-fuzzer-block-scope-7b0d8f9b9b67.js [6437/10000] status=ok obs=2723d092b638 coverage=+0/32/38 time=2ms
  RUN js-fuzzer-loop-54e460cecf5c.js [6438/10000] md5=54e460cecf5c05dfcffaa3b2e5f57445 bytes=81 template=loop origin=seed:tests/corpus/syntax/template-array-destructure.test.js
 PASS js-fuzzer-loop-54e460cecf5c.js [6438/10000] status=ok obs=d3d9446802a4 coverage=+0/32/38 time=1ms
  RUN js-fuzzer-try-catch-78409afcd812.js [6439/10000] md5=78409afcd812e57d07238a91d9d67ddf bytes=110 template=try-catch origin=seed:tests/corpus/syntax/typescript-assertions.test.ts
 PASS js-fuzzer-try-catch-78409afcd812.js [6439/10000] status=ok obs=17e62166fc85 coverage=+0/32/38 time=2ms
  RUN js-fuzzer-class-769274f77fa6.js [6440/10000] md5=769274f77fa62254ce7e0eb0e3adf7f1 bytes=100 template=class origin=seed:tests/corpus/syntax/typescript-non-null-satisfies.test.ts
 PASS js-fuzzer-class-769274f77fa6.js [6440/10000] status=ok obs=c4ca4238a0b9 coverage=+0/32/38 time=2ms
  RUN js-fuzzer-boundary-ac080ee0add8.js [6441/10000] md5=ac080ee0add8a3967f40d078a13e076b bytes=122 template=boundary origin=boundary:2147483647
 PASS js-fuzzer-boundary-ac080ee0add8.js [6441/10000] status=ok obs=c588c0a459f4 coverage=+0/32/38 time=1ms
  RUN js-fuzzer-function-be199ff518ed.js [6442/10000] md5=be199ff518edad2305aebc8ea703ea8f bytes=153 template=function origin=seed:tests/corpus/fixtures/state-machine-workflow.test.js
 PASS js-fuzzer-function-be199ff518ed.js [6442/10000] status=ok obs=a87ff679a2f3 coverage=+0/32/38 time=2ms
  RUN js-fuzzer-array-object-5d2a3eb04a21.js [6443/10000] md5=5d2a3eb04a21750af8c8d341bd07e220 bytes=133 template=array-object origin=seed:tests/corpus/fixtures/vue-script-workflow.test.vue
 PASS js-fuzzer-array-object-5d2a3eb04a21.js [6443/10000] status=ok obs=6512bd43d9ca coverage=+0/32/38 time=2ms
  RUN js-fuzzer-closure-1710b2b6fa17.js [6444/10000] md5=1710b2b6fa174337c2905df979559b02 bytes=184 template=closure origin=seed:tests/corpus/obfuscation/constant-tag-mix.test.js
 PASS js-fuzzer-closure-1710b2b6fa17.js [6444/10000] status=ok obs=d82c8d1619ad coverage=+0/32/38 time=1ms
  RUN js-fuzzer-corpus-fe2d30a6e413.js [6445/10000] md5=fe2d30a6e4139e7a8b52405bed737faa bytes=220 template=corpus origin=tests/corpus/obfuscation/extern-slot-permutation.test.js
 PASS js-fuzzer-corpus-fe2d30a6e413.js [6445/10000] status=ok obs=c34c702d0256 coverage=+0/32/38 time=2ms
  RUN js-fuzzer-loop-55c7c905bffb.js [6446/10000] md5=55c7c905bffb4bbbc4c8fb9b91df6ad8 bytes=81 template=loop origin=seed:tests/corpus/obfuscation/externs-console.test.js
 PASS js-fuzzer-loop-55c7c905bffb.js [6446/10000] status=ok obs=eccbc87e4b5c coverage=+0/32/38 time=2ms
  RUN js-fuzzer-try-catch-13abe4d24a2d.js [6447/10000] md5=13abe4d24a2dd7935e11d59d61044cdc bytes=109 template=try-catch origin=seed:tests/corpus/obfuscation/seed-sensitive-functions.test.js
 PASS js-fuzzer-try-catch-13abe4d24a2d.js [6447/10000] status=ok obs=c9f0f895fb98 coverage=+0/32/38 time=1ms
  RUN js-fuzzer-boundary-14a05a816d97.js [6448/10000] md5=14a05a816d975afa7654eb06610350d0 bytes=113 template=boundary origin=boundary:2
 PASS js-fuzzer-boundary-14a05a816d97.js [6448/10000] status=ok obs=c81e728d9d4c coverage=+0/32/38 time=2ms
  RUN js-fuzzer-arithmetic-91c01484d222.js [6449/10000] md5=91c01484d222906948c72b425548e952 bytes=84 template=arithmetic origin=seed:tests/corpus/regressions/multiple-functions-fib-add.test.js
 PASS js-fuzzer-arithmetic-91c01484d222.js [6449/10000] status=ok obs=98f137082101 coverage=+0/32/38 time=1ms
  RUN js-fuzzer-function-8a3820bf6e52.js [6450/10000] md5=8a3820bf6e52dcab1a0437ab7872cf6a bytes=153 template=function origin=seed:tests/corpus/regressions/scope-compressed-closure-params.test.js
 PASS js-fuzzer-function-8a3820bf6e52.js [6450/10000] status=ok obs=a87ff679a2f3 coverage=+0/32/38 time=2ms
  RUN js-fuzzer-array-object-6fd309c2e95a.js [6451/10000] md5=6fd309c2e95a610edae0227a44be5a5c bytes=133 template=array-object origin=seed:tests/corpus/runtime/arrays-objects-methods.test.js
 PASS js-fuzzer-array-object-6fd309c2e95a.js [6451/10000] status=ok obs=c20ad4d76fe9 coverage=+0/32/38 time=2ms
  RUN js-fuzzer-closure-962d4f1e2622.js [6452/10000] md5=962d4f1e262235e19adfa11e1769de5e bytes=185 template=closure origin=seed:tests/corpus/runtime/block-scopes.test.js
 PASS js-fuzzer-closure-962d4f1e2622.js [6452/10000] status=ok obs=2838023a778d coverage=+0/32/38 time=1ms
  RUN js-fuzzer-block-scope-cdd8b51c02d7.js [6453/10000] md5=cdd8b51c02d709abe874e8214b24cf71 bytes=114 template=block-scope origin=seed:tests/corpus/runtime/class-fields-static-methods.test.js
 PASS js-fuzzer-block-scope-cdd8b51c02d7.js [6453/10000] status=ok obs=2723d092b638 coverage=+0/32/38 time=2ms
  RUN js-fuzzer-corpus-663bf83cd082.js [6454/10000] md5=663bf83cd082bd221441dae6bbc85046 bytes=278 template=corpus origin=tests/corpus/runtime/classes-and-objects.test.js
 PASS js-fuzzer-corpus-663bf83cd082.js [6454/10000] status=ok obs=6f4922f45568 coverage=+0/32/38 time=2ms
  RUN js-fuzzer-boundary-a6a77cc918cc.js [6455/10000] md5=a6a77cc918cc479b04ccb7be2bd80dac bytes=113 template=boundary origin=boundary:1
 PASS js-fuzzer-boundary-a6a77cc918cc.js [6455/10000] status=ok obs=c4ca4238a0b9 coverage=+0/32/38 time=1ms
  RUN js-fuzzer-class-b901915e3eda.js [6456/10000] md5=b901915e3eda1a96f77dcec9fff681b5 bytes=100 template=class origin=seed:tests/corpus/runtime/closures-read-captured-values.test.js
 PASS js-fuzzer-class-b901915e3eda.js [6456/10000] status=ok obs=c81e728d9d4c coverage=+0/32/38 time=1ms
  RUN js-fuzzer-arithmetic-d6d6341fb2ac.js [6457/10000] md5=d6d6341fb2ac3afcf1b8f1769a2e5b25 bytes=83 template=arithmetic origin=seed:tests/corpus/runtime/exceptions-and-nullish.test.js
 PASS js-fuzzer-arithmetic-d6d6341fb2ac.js [6457/10000] status=ok obs=a684eceee76f coverage=+0/32/38 time=2ms
  RUN js-fuzzer-function-66ad482026b9.js [6458/10000] md5=66ad482026b9df67ec5d25c1cce4c653 bytes=153 template=function origin=seed:tests/corpus/runtime/functions-closures-and-arrows.test.js
 PASS js-fuzzer-function-66ad482026b9.js [6458/10000] status=ok obs=6512bd43d9ca coverage=+0/32/38 time=2ms
  RUN js-fuzzer-array-object-f85429586931.js [6459/10000] md5=f8542958693142607f67e4602ae9580e bytes=133 template=array-object origin=seed:tests/corpus/runtime/lexical-shadowing.test.js
 PASS js-fuzzer-array-object-f85429586931.js [6459/10000] status=ok obs=aab3238922bc coverage=+0/32/38 time=2ms
  RUN js-fuzzer-closure-65e48d96c776.js [6460/10000] md5=65e48d96c7769dc0c168c0d415ed512b bytes=185 template=closure origin=seed:tests/corpus/runtime/modules-export.test.js
 PASS js-fuzzer-closure-65e48d96c776.js [6460/10000] status=ok obs=03afdbd66e79 coverage=+0/32/38 time=2ms
  RUN js-fuzzer-block-scope-6417f2589c9c.js [6461/10000] md5=6417f2589c9c44f5c51f1205a1099af9 bytes=115 template=block-scope origin=seed:tests/corpus/runtime/nested-try-finally.test.js
 PASS js-fuzzer-block-scope-6417f2589c9c.js [6461/10000] status=ok obs=5f93f983524d coverage=+0/32/38 time=1ms
  RUN js-fuzzer-boundary-37492c99ff33.js [6462/10000] md5=37492c99ff33e9d5e09e0b8e84ba785a bytes=129 template=boundary origin=boundary:-9007199254740991
 PASS js-fuzzer-boundary-37492c99ff33.js [6462/10000] status=ok obs=b3f3a95848f6 coverage=+0/32/38 time=2ms
  RUN js-fuzzer-corpus-279b64032335.js [6463/10000] md5=279b640323351a1b082b98b42d2a2d55 bytes=134 template=corpus origin=tests/corpus/syntax/logical-unary-nullish.test.js
 PASS js-fuzzer-corpus-279b64032335.js [6463/10000] status=ok obs=45c48cce2e2d coverage=+0/32/38 time=2ms
  RUN js-fuzzer-class-7c36fc3c0ad4.js [6464/10000] md5=7c36fc3c0ad4461d5dbbcd7afdfb6b5c bytes=101 template=class origin=seed:tests/corpus/syntax/object-destructure-and-members.test.js
 PASS js-fuzzer-class-7c36fc3c0ad4.js [6464/10000] status=ok obs=d3d9446802a4 coverage=+0/32/38 time=1ms
  RUN js-fuzzer-arithmetic-a2e6a4f3db44.js [6465/10000] md5=a2e6a4f3db44c09e940127bb76e12e1e bytes=85 template=arithmetic origin=seed:tests/corpus/syntax/switch-do-while-sequence.test.js
 PASS js-fuzzer-arithmetic-a2e6a4f3db44.js [6465/10000] status=ok obs=3cec07e9ba5f coverage=+0/32/38 time=2ms
  RUN js-fuzzer-function-53ef3ed61b76.js [6466/10000] md5=53ef3ed61b76dc45be6c66e5b3206216 bytes=153 template=function origin=seed:tests/corpus/syntax/template-array-destructure.test.js
 PASS js-fuzzer-function-53ef3ed61b76.js [6466/10000] status=ok obs=70efdf2ec9b0 coverage=+0/32/38 time=2ms
  RUN js-fuzzer-array-object-e3e220bdcb5a.js [6467/10000] md5=e3e220bdcb5a24da0334732de3bc509d bytes=133 template=array-object origin=seed:tests/corpus/syntax/typescript-assertions.test.ts
 PASS js-fuzzer-array-object-e3e220bdcb5a.js [6467/10000] status=ok obs=8f14e45fceea coverage=+0/32/38 time=2ms
  RUN js-fuzzer-closure-bbf1cb32282b.js [6468/10000] md5=bbf1cb32282b3859a7645d2a0d20e403 bytes=184 template=closure origin=seed:tests/corpus/syntax/typescript-non-null-satisfies.test.ts
 PASS js-fuzzer-closure-bbf1cb32282b.js [6468/10000] status=ok obs=d67d8ab4f4c1 coverage=+0/32/38 time=1ms
  RUN js-fuzzer-boundary-4b8e58e2bd3b.js [6469/10000] md5=4b8e58e2bd3bc437f093fe0ab13ce109 bytes=123 template=boundary origin=boundary:-2147483648
 PASS js-fuzzer-boundary-4b8e58e2bd3b.js [6469/10000] status=ok obs=034ff5946105 coverage=+0/32/38 time=2ms
  RUN js-fuzzer-loop-55c7c905bffb.js [6470/10000] md5=55c7c905bffb4bbbc4c8fb9b91df6ad8 bytes=81 template=loop origin=seed:tests/corpus/fixtures/state-machine-workflow.test.js
 PASS js-fuzzer-loop-55c7c905bffb.js [6470/10000] status=ok obs=eccbc87e4b5c coverage=+0/32/38 time=2ms
  RUN js-fuzzer-try-catch-949865ef2d04.js [6471/10000] md5=949865ef2d045cce3ed2d503f7e03e63 bytes=110 template=try-catch origin=seed:tests/corpus/fixtures/vue-script-workflow.test.vue
 PASS js-fuzzer-try-catch-949865ef2d04.js [6471/10000] status=ok obs=6f4922f45568 coverage=+0/32/38 time=1ms
  RUN js-fuzzer-corpus-f00ef18b0a17.js [6472/10000] md5=f00ef18b0a172b2a2d9833f5b7fe94e2 bytes=199 template=corpus origin=tests/corpus/obfuscation/constant-tag-mix.test.js
 PASS js-fuzzer-corpus-f00ef18b0a17.js [6472/10000] status=ok obs=e86823f38986 coverage=+0/32/38 time=2ms
  RUN js-fuzzer-arithmetic-d9b3e4754f47.js [6473/10000] md5=d9b3e4754f47f53f0e77bbc89cdc2834 bytes=85 template=arithmetic origin=seed:tests/corpus/obfuscation/extern-slot-permutation.test.js
 PASS js-fuzzer-arithmetic-d9b3e4754f47.js [6473/10000] status=ok obs=757b505cfd34 coverage=+0/32/38 time=2ms
  RUN js-fuzzer-function-805986a3b478.js [6474/10000] md5=805986a3b4784e72cf43592e25340692 bytes=153 template=function origin=seed:tests/corpus/obfuscation/externs-console.test.js
 PASS js-fuzzer-function-805986a3b478.js [6474/10000] status=ok obs=c51ce410c124 coverage=+0/32/38 time=2ms
  RUN js-fuzzer-array-object-e219f45dafd7.js [6475/10000] md5=e219f45dafd7a243511e57b5fe751ee4 bytes=133 template=array-object origin=seed:tests/corpus/obfuscation/seed-sensitive-functions.test.js
 PASS js-fuzzer-array-object-e219f45dafd7.js [6475/10000] status=ok obs=c74d97b01eae coverage=+0/32/38 time=2ms
  RUN js-fuzzer-boundary-92df4f5b559a.js [6476/10000] md5=92df4f5b559a550058b4133ffb629932 bytes=114 template=boundary origin=boundary:-2
 PASS js-fuzzer-boundary-92df4f5b559a.js [6476/10000] status=ok obs=5d7b9adcbe1c coverage=+0/32/38 time=1ms
  RUN js-fuzzer-block-scope-2c106c78ce4e.js [6477/10000] md5=2c106c78ce4ef362749d975b855914fc bytes=114 template=block-scope origin=seed:tests/corpus/regressions/multiple-functions-fib-add.test.js
 PASS js-fuzzer-block-scope-2c106c78ce4e.js [6477/10000] status=ok obs=f0935e4cd592 coverage=+0/32/38 time=2ms
  RUN js-fuzzer-loop-55c7c905bffb.js [6478/10000] md5=55c7c905bffb4bbbc4c8fb9b91df6ad8 bytes=81 template=loop origin=seed:tests/corpus/regressions/scope-compressed-closure-params.test.js
 PASS js-fuzzer-loop-55c7c905bffb.js [6478/10000] status=ok obs=eccbc87e4b5c coverage=+0/32/38 time=2ms
  RUN js-fuzzer-try-catch-8d9c7d254dda.js [6479/10000] md5=8d9c7d254ddaafdc283e844d5d9a6231 bytes=109 template=try-catch origin=seed:tests/corpus/runtime/arrays-objects-methods.test.js
 PASS js-fuzzer-try-catch-8d9c7d254dda.js [6479/10000] status=ok obs=a87ff679a2f3 coverage=+0/32/38 time=1ms
  RUN js-fuzzer-class-ff7d9ca3da86.js [6480/10000] md5=ff7d9ca3da86b49917ac34b4d48e8df9 bytes=101 template=class origin=seed:tests/corpus/runtime/block-scopes.test.js
 PASS js-fuzzer-class-ff7d9ca3da86.js [6480/10000] status=ok obs=c20ad4d76fe9 coverage=+0/32/38 time=2ms
  RUN js-fuzzer-corpus-a64e83c2f849.js [6481/10000] md5=a64e83c2f84925dca8985eabe963ee21 bytes=179 template=corpus origin=tests/corpus/runtime/class-fields-static-methods.test.js
 PASS js-fuzzer-corpus-a64e83c2f849.js [6481/10000] status=ok obs=8f14e45fceea coverage=+0/32/38 time=2ms
  RUN js-fuzzer-function-2a74733dc731.js [6482/10000] md5=2a74733dc7313f8fa40f843496dd9ed4 bytes=153 template=function origin=seed:tests/corpus/runtime/classes-and-objects.test.js
 PASS js-fuzzer-function-2a74733dc731.js [6482/10000] status=ok obs=45c48cce2e2d coverage=+0/32/38 time=2ms
  RUN js-fuzzer-boundary-1024adcac0e5.js [6483/10000] md5=1024adcac0e5cc9f99f478fa66dcc00c bytes=114 template=boundary origin=boundary:-1
 PASS js-fuzzer-boundary-1024adcac0e5.js [6483/10000] status=ok obs=6bb61e3b7bce coverage=+0/32/38 time=1ms
  RUN js-fuzzer-closure-49dc37aa6bac.js [6484/10000] md5=49dc37aa6baca0704b6599281941cc7a bytes=184 template=closure origin=seed:tests/corpus/runtime/closures-read-captured-values.test.js
 PASS js-fuzzer-closure-49dc37aa6bac.js [6484/10000] status=ok obs=a5bfc9e07964 coverage=+0/32/38 time=2ms
  RUN js-fuzzer-block-scope-df326a783e44.js [6485/10000] md5=df326a783e443a769c41a25a6d6a8cc0 bytes=114 template=block-scope origin=seed:tests/corpus/runtime/exceptions-and-nullish.test.js
 PASS js-fuzzer-block-scope-df326a783e44.js [6485/10000] status=ok obs=a97da629b098 coverage=+0/32/38 time=1ms
  RUN js-fuzzer-loop-54e460cecf5c.js [6486/10000] md5=54e460cecf5c05dfcffaa3b2e5f57445 bytes=81 template=loop origin=seed:tests/corpus/runtime/functions-closures-and-arrows.test.js
 PASS js-fuzzer-loop-54e460cecf5c.js [6486/10000] status=ok obs=d3d9446802a4 coverage=+0/32/38 time=2ms
  RUN js-fuzzer-try-catch-02a6aedaa978.js [6487/10000] md5=02a6aedaa97879d59ffd66c80df1d065 bytes=109 template=try-catch origin=seed:tests/corpus/runtime/lexical-shadowing.test.js
 PASS js-fuzzer-try-catch-02a6aedaa978.js [6487/10000] status=ok obs=e4da3b7fbbce coverage=+0/32/38 time=1ms
  RUN js-fuzzer-class-b1e3642c0208.js [6488/10000] md5=b1e3642c0208992266fb21668a536292 bytes=100 template=class origin=seed:tests/corpus/runtime/modules-export.test.js
 PASS js-fuzzer-class-b1e3642c0208.js [6488/10000] status=ok obs=c9f0f895fb98 coverage=+0/32/38 time=1ms
  RUN js-fuzzer-arithmetic-c631a28b14d3.js [6489/10000] md5=c631a28b14d33d4ffe0148b0f0c9fc15 bytes=83 template=arithmetic origin=seed:tests/corpus/runtime/nested-try-finally.test.js
 PASS js-fuzzer-arithmetic-c631a28b14d3.js [6489/10000] status=ok obs=072b030ba126 coverage=+0/32/38 time=2ms
  RUN js-fuzzer-corpus-89e900fcb72f.js [6490/10000] md5=89e900fcb72ff838bfe9a13ae091363f bytes=228 template=corpus origin=tests/corpus/syntax/control-flow-and-operators.test.js
 PASS js-fuzzer-corpus-89e900fcb72f.js [6490/10000] status=ok obs=aab3238922bc coverage=+0/32/38 time=2ms
  RUN js-fuzzer-array-object-086996cf00ad.js [6491/10000] md5=086996cf00adcf967a2573f7ea20c9e3 bytes=133 template=array-object origin=seed:tests/corpus/syntax/logical-unary-nullish.test.js
 PASS js-fuzzer-array-object-086996cf00ad.js [6491/10000] status=ok obs=98f137082101 coverage=+0/32/38 time=2ms
  RUN js-fuzzer-closure-270f1cecd00e.js [6492/10000] md5=270f1cecd00eef52f266880888a845b7 bytes=183 template=closure origin=seed:tests/corpus/syntax/object-destructure-and-members.test.js
 PASS js-fuzzer-closure-270f1cecd00e.js [6492/10000] status=ok obs=1f0e3dad9990 coverage=+0/32/38 time=1ms
  RUN js-fuzzer-block-scope-cee200465655.js [6493/10000] md5=cee2004656551503c47ff6eabad21b25 bytes=114 template=block-scope origin=seed:tests/corpus/syntax/switch-do-while-sequence.test.js
 PASS js-fuzzer-block-scope-cee200465655.js [6493/10000] status=ok obs=a3c65c297427 coverage=+0/32/38 time=2ms
  RUN js-fuzzer-loop-f495ca2fc638.js [6494/10000] md5=f495ca2fc6389f933578fc501f5b1465 bytes=81 template=loop origin=seed:tests/corpus/syntax/template-array-destructure.test.js
 PASS js-fuzzer-loop-f495ca2fc638.js [6494/10000] status=ok obs=c4ca4238a0b9 coverage=+0/32/38 time=2ms
  RUN js-fuzzer-try-catch-42a4cfadce42.js [6495/10000] md5=42a4cfadce4239139aa1e7114c2e99a2 bytes=110 template=try-catch origin=seed:tests/corpus/syntax/typescript-assertions.test.ts
 PASS js-fuzzer-try-catch-42a4cfadce42.js [6495/10000] status=ok obs=19ca14e7ea63 coverage=+0/32/38 time=2ms
  RUN js-fuzzer-class-47fbd3db5853.js [6496/10000] md5=47fbd3db58539fc2e42627a4f3168c79 bytes=101 template=class origin=seed:tests/corpus/syntax/typescript-non-null-satisfies.test.ts
 PASS js-fuzzer-class-47fbd3db5853.js [6496/10000] status=ok obs=98f137082101 coverage=+0/32/38 time=2ms
  RUN js-fuzzer-boundary-4bea2a6e0cb0.js [6497/10000] md5=4bea2a6e0cb0c7bb0b29e5b5d44112d8 bytes=128 template=boundary origin=boundary:9007199254740991
 PASS js-fuzzer-boundary-4bea2a6e0cb0.js [6497/10000] status=ok obs=dc9a0d67a31d coverage=+0/32/38 time=2ms
  RUN js-fuzzer-function-17ab2ee95112.js [6498/10000] md5=17ab2ee95112b813f54b3d07b24c1dbd bytes=153 template=function origin=seed:tests/corpus/fixtures/state-machine-workflow.test.js
 PASS js-fuzzer-function-17ab2ee95112.js [6498/10000] status=ok obs=b6d767d2f8ed coverage=+0/32/38 time=2ms
  RUN js-fuzzer-corpus-f722388c7961.js [6499/10000] md5=f722388c7961d2a0288508c35f28a5f8 bytes=96 template=corpus origin=tests/corpus/fixtures/vue-script-workflow.test.vue
 PASS js-fuzzer-corpus-f722388c7961.js [6499/10000] status=ok obs=6512bd43d9ca coverage=+0/32/38 time=2ms
  RUN js-fuzzer-closure-54bc7a18b5fa.js [6500/10000] md5=54bc7a18b5fa82863a9fe12098c8cd27 bytes=184 template=closure origin=seed:tests/corpus/obfuscation/constant-tag-mix.test.js
 PASS js-fuzzer-closure-54bc7a18b5fa.js [6500/10000] status=ok obs=d82c8d1619ad coverage=+0/32/38 time=2ms
  RUN js-fuzzer-block-scope-0e2f1ddd0627.js [6501/10000] md5=0e2f1ddd0627f4a9c4a62578b5531929 bytes=114 template=block-scope origin=seed:tests/corpus/obfuscation/extern-slot-permutation.test.js
 PASS js-fuzzer-block-scope-0e2f1ddd0627.js [6501/10000] status=ok obs=2723d092b638 coverage=+0/32/38 time=2ms
  RUN js-fuzzer-loop-d35707ad0bf7.js [6502/10000] md5=d35707ad0bf74148f671ad8943998af6 bytes=81 template=loop origin=seed:tests/corpus/obfuscation/externs-console.test.js
 PASS js-fuzzer-loop-d35707ad0bf7.js [6502/10000] status=ok obs=9bf31c7ff062 coverage=+0/32/38 time=1ms
  RUN js-fuzzer-try-catch-7fa76a80e531.js [6503/10000] md5=7fa76a80e531298b12538ca11d858f94 bytes=110 template=try-catch origin=seed:tests/corpus/obfuscation/seed-sensitive-functions.test.js
 PASS js-fuzzer-try-catch-7fa76a80e531.js [6503/10000] status=ok obs=6ea9ab1baa0e coverage=+0/32/38 time=1ms
  RUN js-fuzzer-boundary-ac080ee0add8.js [6504/10000] md5=ac080ee0add8a3967f40d078a13e076b bytes=122 template=boundary origin=boundary:2147483647
 PASS js-fuzzer-boundary-ac080ee0add8.js [6504/10000] status=ok obs=c588c0a459f4 coverage=+0/32/38 time=2ms
  RUN js-fuzzer-arithmetic-4562a1fa3cde.js [6505/10000] md5=4562a1fa3cde35ff09705e4ee240f38d bytes=84 template=arithmetic origin=seed:tests/corpus/regressions/multiple-functions-fib-add.test.js
 PASS js-fuzzer-arithmetic-4562a1fa3cde.js [6505/10000] status=ok obs=e369853df766 coverage=+0/32/38 time=1ms
  RUN js-fuzzer-function-67a4a16b508e.js [6506/10000] md5=67a4a16b508e8efc2a1fbbfc79004c7b bytes=153 template=function origin=seed:tests/corpus/regressions/scope-compressed-closure-params.test.js
 PASS js-fuzzer-function-67a4a16b508e.js [6506/10000] status=ok obs=eccbc87e4b5c coverage=+0/32/38 time=2ms
  RUN js-fuzzer-array-object-71af850aa757.js [6507/10000] md5=71af850aa757ad943b7a23f7b11692d8 bytes=133 template=array-object origin=seed:tests/corpus/runtime/arrays-objects-methods.test.js
 PASS js-fuzzer-array-object-71af850aa757.js [6507/10000] status=ok obs=6512bd43d9ca coverage=+0/32/38 time=2ms
  RUN js-fuzzer-corpus-8b78ba7912c5.js [6508/10000] md5=8b78ba7912c51f6cf304b65c6ebdb2e3 bytes=289 template=corpus origin=tests/corpus/runtime/block-scopes.test.js
 PASS js-fuzzer-corpus-8b78ba7912c5.js [6508/10000] status=ok obs=37693cfc7480 coverage=+0/32/38 time=2ms
  RUN js-fuzzer-block-scope-a6feb1f597ba.js [6509/10000] md5=a6feb1f597ba081b9f2f4112e1579d81 bytes=115 template=block-scope origin=seed:tests/corpus/runtime/class-fields-static-methods.test.js
 PASS js-fuzzer-block-scope-a6feb1f597ba.js [6509/10000] status=ok obs=5f93f983524d coverage=+0/32/38 time=1ms
  RUN js-fuzzer-loop-b88258462a8d.js [6510/10000] md5=b88258462a8d880f8b0e459fa23b2536 bytes=81 template=loop origin=seed:tests/corpus/runtime/classes-and-objects.test.js
 PASS js-fuzzer-loop-b88258462a8d.js [6510/10000] status=ok obs=3c59dc048e88 coverage=+0/32/38 time=2ms
  RUN js-fuzzer-boundary-85faf3787c26.js [6511/10000] md5=85faf3787c26ca3bad9215a544873988 bytes=113 template=boundary origin=boundary:2
 PASS js-fuzzer-boundary-85faf3787c26.js [6511/10000] status=ok obs=c81e728d9d4c coverage=+0/32/38 time=2ms
  RUN js-fuzzer-class-51ea152a707e.js [6512/10000] md5=51ea152a707ed5422ab3e5b3ddb7fe43 bytes=100 template=class origin=seed:tests/corpus/runtime/closures-read-captured-values.test.js
 PASS js-fuzzer-class-51ea152a707e.js [6512/10000] status=ok obs=e4da3b7fbbce coverage=+0/32/38 time=2ms
  RUN js-fuzzer-arithmetic-25ae71eaf08b.js [6513/10000] md5=25ae71eaf08bc2ff119fd629e9ac0734 bytes=84 template=arithmetic origin=seed:tests/corpus/runtime/exceptions-and-nullish.test.js
 PASS js-fuzzer-arithmetic-25ae71eaf08b.js [6513/10000] status=ok obs=28dd2c7955ce coverage=+0/32/38 time=1ms
  RUN js-fuzzer-function-66ad482026b9.js [6514/10000] md5=66ad482026b9df67ec5d25c1cce4c653 bytes=153 template=function origin=seed:tests/corpus/runtime/functions-closures-and-arrows.test.js
 PASS js-fuzzer-function-66ad482026b9.js [6514/10000] status=ok obs=6512bd43d9ca coverage=+0/32/38 time=3ms
  RUN js-fuzzer-array-object-7c67409259f7.js [6515/10000] md5=7c67409259f712085e805399c080f54f bytes=133 template=array-object origin=seed:tests/corpus/runtime/lexical-shadowing.test.js
 PASS js-fuzzer-array-object-7c67409259f7.js [6515/10000] status=ok obs=c51ce410c124 coverage=+0/32/38 time=2ms
  RUN js-fuzzer-closure-a8654e5a303a.js [6516/10000] md5=a8654e5a303a455ffe538054b7512ebe bytes=184 template=closure origin=seed:tests/corpus/runtime/modules-export.test.js
 PASS js-fuzzer-closure-a8654e5a303a.js [6516/10000] status=ok obs=17e62166fc85 coverage=+0/32/38 time=2ms
  RUN js-fuzzer-corpus-c557f8da2a9d.js [6517/10000] md5=c557f8da2a9d2904c70dca50c3eeb50e bytes=191 template=corpus origin=tests/corpus/runtime/nested-try-finally.test.js
 PASS js-fuzzer-corpus-c557f8da2a9d.js [6517/10000] status=ok obs=8f14e45fceea coverage=+0/32/38 time=1ms
  RUN js-fuzzer-boundary-2f35f880f964.js [6518/10000] md5=2f35f880f96468b375c4e71feba05308 bytes=113 template=boundary origin=boundary:1
 PASS js-fuzzer-boundary-2f35f880f964.js [6518/10000] status=ok obs=c4ca4238a0b9 coverage=+0/32/38 time=2ms
  RUN js-fuzzer-try-catch-c5263a4b0fbd.js [6519/10000] md5=c5263a4b0fbd119742a040447111f34b bytes=109 template=try-catch origin=seed:tests/corpus/syntax/logical-unary-nullish.test.js
 PASS js-fuzzer-try-catch-c5263a4b0fbd.js [6519/10000] status=ok obs=8f14e45fceea coverage=+0/32/38 time=2ms
  RUN js-fuzzer-class-a9875f561daf.js [6520/10000] md5=a9875f561daf181d949c68fc070db0e0 bytes=101 template=class origin=seed:tests/corpus/syntax/object-destructure-and-members.test.js
 PASS js-fuzzer-class-a9875f561daf.js [6520/10000] status=ok obs=aab3238922bc coverage=+0/32/38 time=2ms
  RUN js-fuzzer-arithmetic-b36d33f3a14f.js [6521/10000] md5=b36d33f3a14fbab6cb2c286dab10d2ac bytes=84 template=arithmetic origin=seed:tests/corpus/syntax/switch-do-while-sequence.test.js
 PASS js-fuzzer-arithmetic-b36d33f3a14f.js [6521/10000] status=ok obs=82aa4b0af34c coverage=+0/32/38 time=1ms
  RUN js-fuzzer-function-1d370c2e7126.js [6522/10000] md5=1d370c2e7126a84b090ad6eed5468375 bytes=153 template=function origin=seed:tests/corpus/syntax/template-array-destructure.test.js
 PASS js-fuzzer-function-1d370c2e7126.js [6522/10000] status=ok obs=8f14e45fceea coverage=+0/32/38 time=2ms
  RUN js-fuzzer-array-object-38c897dee834.js [6523/10000] md5=38c897dee8340c946388aa6019592de2 bytes=133 template=array-object origin=seed:tests/corpus/syntax/typescript-assertions.test.ts
 PASS js-fuzzer-array-object-38c897dee834.js [6523/10000] status=ok obs=c74d97b01eae coverage=+0/32/38 time=2ms
  RUN js-fuzzer-closure-fc865be1beb7.js [6524/10000] md5=fc865be1beb78826c0fa66891e80fa01 bytes=184 template=closure origin=seed:tests/corpus/syntax/typescript-non-null-satisfies.test.ts
 PASS js-fuzzer-closure-fc865be1beb7.js [6524/10000] status=ok obs=1c383cd30b7c coverage=+0/32/38 time=2ms
  RUN js-fuzzer-boundary-6aec0a9b1ff4.js [6525/10000] md5=6aec0a9b1ff4294bcfecb539ba7e660b bytes=129 template=boundary origin=boundary:-9007199254740991
 PASS js-fuzzer-boundary-6aec0a9b1ff4.js [6525/10000] status=ok obs=b3f3a95848f6 coverage=+0/32/38 time=3ms
  RUN js-fuzzer-corpus-ab8ca4f8757c.js [6526/10000] md5=ab8ca4f8757c6165b29cd6a662edad93 bytes=450 template=corpus origin=tests/corpus/fixtures/state-machine-workflow.test.js
 PASS js-fuzzer-corpus-ab8ca4f8757c.js [6526/10000] status=ok obs=b9f49c580664 coverage=+0/32/38 time=2ms
  RUN js-fuzzer-try-catch-6c711f8bb184.js [6527/10000] md5=6c711f8bb184c228d8b20d70b1aabb73 bytes=109 template=try-catch origin=seed:tests/corpus/fixtures/vue-script-workflow.test.vue
 PASS js-fuzzer-try-catch-6c711f8bb184.js [6527/10000] status=ok obs=1679091c5a88 coverage=+0/32/38 time=2ms
  RUN js-fuzzer-class-ff7d9ca3da86.js [6528/10000] md5=ff7d9ca3da86b49917ac34b4d48e8df9 bytes=101 template=class origin=seed:tests/corpus/obfuscation/constant-tag-mix.test.js
 PASS js-fuzzer-class-ff7d9ca3da86.js [6528/10000] status=ok obs=c20ad4d76fe9 coverage=+0/32/38 time=1ms
  RUN js-fuzzer-arithmetic-8b8964bc092a.js [6529/10000] md5=8b8964bc092a5068bdaa5063edf2cb9e bytes=83 template=arithmetic origin=seed:tests/corpus/obfuscation/extern-slot-permutation.test.js
 PASS js-fuzzer-arithmetic-8b8964bc092a.js [6529/10000] status=ok obs=d82c8d1619ad coverage=+0/32/38 time=2ms
  RUN js-fuzzer-function-98e8c4d5dcc0.js [6530/10000] md5=98e8c4d5dcc095fbcedf7527b98fd4fe bytes=153 template=function origin=seed:tests/corpus/obfuscation/externs-console.test.js
 PASS js-fuzzer-function-98e8c4d5dcc0.js [6530/10000] status=ok obs=c9f0f895fb98 coverage=+0/32/38 time=2ms
  RUN js-fuzzer-array-object-f0d8ed04e420.js [6531/10000] md5=f0d8ed04e420e6cf054c88e477e52c6d bytes=133 template=array-object origin=seed:tests/corpus/obfuscation/seed-sensitive-functions.test.js
 PASS js-fuzzer-array-object-f0d8ed04e420.js [6531/10000] status=ok obs=9bf31c7ff062 coverage=+0/32/38 time=1ms
  RUN js-fuzzer-boundary-512d8e9b531d.js [6532/10000] md5=512d8e9b531dd316e823325cc949e70e bytes=123 template=boundary origin=boundary:-2147483648
 PASS js-fuzzer-boundary-512d8e9b531d.js [6532/10000] status=ok obs=034ff5946105 coverage=+0/32/38 time=2ms
  RUN js-fuzzer-block-scope-fdb149116902.js [6533/10000] md5=fdb14911690224a339347d7ee6dc6351 bytes=114 template=block-scope origin=seed:tests/corpus/regressions/multiple-functions-fib-add.test.js
 PASS js-fuzzer-block-scope-fdb149116902.js [6533/10000] status=ok obs=f0935e4cd592 coverage=+0/32/38 time=1ms
  RUN js-fuzzer-loop-54e460cecf5c.js [6534/10000] md5=54e460cecf5c05dfcffaa3b2e5f57445 bytes=81 template=loop origin=seed:tests/corpus/regressions/scope-compressed-closure-params.test.js
 PASS js-fuzzer-loop-54e460cecf5c.js [6534/10000] status=ok obs=d3d9446802a4 coverage=+0/32/38 time=2ms
  RUN js-fuzzer-corpus-a07012429fce.js [6535/10000] md5=a07012429fce4b4d7c8af42f445f70b9 bytes=163 template=corpus origin=tests/corpus/runtime/arrays-objects-methods.test.js
 PASS js-fuzzer-corpus-a07012429fce.js [6535/10000] status=ok obs=c51ce410c124 coverage=+0/32/38 time=1ms
  RUN js-fuzzer-class-587587295e00.js [6536/10000] md5=587587295e0075a0a19c4572e53274fe bytes=101 template=class origin=seed:tests/corpus/runtime/block-scopes.test.js
 PASS js-fuzzer-class-587587295e00.js [6536/10000] status=ok obs=1f0e3dad9990 coverage=+0/32/38 time=1ms
  RUN js-fuzzer-arithmetic-12e524f908fc.js [6537/10000] md5=12e524f908fc0fc9583ce298a229e0fe bytes=84 template=arithmetic origin=seed:tests/corpus/runtime/class-fields-static-methods.test.js
 PASS js-fuzzer-arithmetic-12e524f908fc.js [6537/10000] status=ok obs=06409663226a coverage=+0/32/38 time=2ms
  RUN js-fuzzer-function-c6a41e639682.js [6538/10000] md5=c6a41e6396823bcfa91e05b3a10b01c0 bytes=153 template=function origin=seed:tests/corpus/runtime/classes-and-objects.test.js
 PASS js-fuzzer-function-c6a41e639682.js [6538/10000] status=ok obs=1f0e3dad9990 coverage=+0/32/38 time=2ms
  RUN js-fuzzer-boundary-6d89c3a838ae.js [6539/10000] md5=6d89c3a838ae354bda64ec37ec2b63b1 bytes=114 template=boundary origin=boundary:-2
 PASS js-fuzzer-boundary-6d89c3a838ae.js [6539/10000] status=ok obs=5d7b9adcbe1c coverage=+0/32/38 time=1ms
  RUN js-fuzzer-closure-cd9ae5d35b10.js [6540/10000] md5=cd9ae5d35b10855365d2e633c9b4a5c7 bytes=183 template=closure origin=seed:tests/corpus/runtime/closures-read-captured-values.test.js
 PASS js-fuzzer-closure-cd9ae5d35b10.js [6540/10000] status=ok obs=8e296a067a37 coverage=+0/32/38 time=2ms
  RUN js-fuzzer-block-scope-0302820b0ae8.js [6541/10000] md5=0302820b0ae8aefde6290aa22f61f26f bytes=114 template=block-scope origin=seed:tests/corpus/runtime/exceptions-and-nullish.test.js
 PASS js-fuzzer-block-scope-0302820b0ae8.js [6541/10000] status=ok obs=65b9eea6e1cc coverage=+0/32/38 time=1ms
  RUN js-fuzzer-loop-55c7c905bffb.js [6542/10000] md5=55c7c905bffb4bbbc4c8fb9b91df6ad8 bytes=81 template=loop origin=seed:tests/corpus/runtime/functions-closures-and-arrows.test.js
 PASS js-fuzzer-loop-55c7c905bffb.js [6542/10000] status=ok obs=eccbc87e4b5c coverage=+0/32/38 time=2ms
  RUN js-fuzzer-try-catch-47becaf372c3.js [6543/10000] md5=47becaf372c34523cd2fbacf2b53d016 bytes=110 template=try-catch origin=seed:tests/corpus/runtime/lexical-shadowing.test.js
 PASS js-fuzzer-try-catch-47becaf372c3.js [6543/10000] status=ok obs=02e74f10e032 coverage=+0/32/38 time=1ms
  RUN js-fuzzer-corpus-4131d841163b.js [6544/10000] md5=4131d841163b79e192bca9d4fc683c54 bytes=58 template=corpus origin=tests/corpus/runtime/modules-export.test.js
 PASS js-fuzzer-corpus-4131d841163b.js [6544/10000] status=ok obs=8f14e45fceea coverage=+0/32/38 time=2ms
  RUN js-fuzzer-arithmetic-4ec8759aaddf.js [6545/10000] md5=4ec8759aaddf2095f48cedfae48214a7 bytes=83 template=arithmetic origin=seed:tests/corpus/runtime/nested-try-finally.test.js
 PASS js-fuzzer-arithmetic-4ec8759aaddf.js [6545/10000] status=ok obs=17e62166fc85 coverage=+0/32/38 time=2ms
  RUN js-fuzzer-boundary-3d1d4e90ebd9.js [6546/10000] md5=3d1d4e90ebd99aad7ece59efc98f7563 bytes=114 template=boundary origin=boundary:-1
 PASS js-fuzzer-boundary-3d1d4e90ebd9.js [6546/10000] status=ok obs=6bb61e3b7bce coverage=+0/32/38 time=2ms
  RUN js-fuzzer-array-object-71af850aa757.js [6547/10000] md5=71af850aa757ad943b7a23f7b11692d8 bytes=133 template=array-object origin=seed:tests/corpus/syntax/logical-unary-nullish.test.js
 PASS js-fuzzer-array-object-71af850aa757.js [6547/10000] status=ok obs=6512bd43d9ca coverage=+0/32/38 time=1ms
  RUN js-fuzzer-closure-190622f1b8fa.js [6548/10000] md5=190622f1b8fa9e7991a5d869a6c78ee0 bytes=185 template=closure origin=seed:tests/corpus/syntax/object-destructure-and-members.test.js
 PASS js-fuzzer-closure-190622f1b8fa.js [6548/10000] status=ok obs=14bfa6bb1487 coverage=+0/32/38 time=2ms
  RUN js-fuzzer-block-scope-9b5f2a61b064.js [6549/10000] md5=9b5f2a61b064984be8e4dedf9ba10531 bytes=114 template=block-scope origin=seed:tests/corpus/syntax/switch-do-while-sequence.test.js
 PASS js-fuzzer-block-scope-9b5f2a61b064.js [6549/10000] status=ok obs=a3c65c297427 coverage=+0/32/38 time=2ms
  RUN js-fuzzer-loop-f495ca2fc638.js [6550/10000] md5=f495ca2fc6389f933578fc501f5b1465 bytes=81 template=loop origin=seed:tests/corpus/syntax/template-array-destructure.test.js
 PASS js-fuzzer-loop-f495ca2fc638.js [6550/10000] status=ok obs=c4ca4238a0b9 coverage=+0/32/38 time=1ms
  RUN js-fuzzer-try-catch-60965d400692.js [6551/10000] md5=60965d4006920d781586aecbf04b3493 bytes=110 template=try-catch origin=seed:tests/corpus/syntax/typescript-assertions.test.ts
 PASS js-fuzzer-try-catch-60965d400692.js [6551/10000] status=ok obs=1f0e3dad9990 coverage=+0/32/38 time=2ms
  RUN js-fuzzer-class-c6bbe0a63455.js [6552/10000] md5=c6bbe0a634559d18fa82cf0c9a421610 bytes=100 template=class origin=seed:tests/corpus/syntax/typescript-non-null-satisfies.test.ts
 PASS js-fuzzer-class-c6bbe0a63455.js [6552/10000] status=ok obs=1679091c5a88 coverage=+0/32/38 time=1ms
  RUN js-fuzzer-corpus-797f152bf878.js [6553/10000] md5=797f152bf878d5049066c6db6d2360b3 bytes=355 template=corpus origin=tests/corpus/fixtures/job-workflow.test.js
 PASS js-fuzzer-corpus-797f152bf878.js [6553/10000] status=ok obs=b9de0628c8ec coverage=+0/32/38 time=2ms
  RUN js-fuzzer-function-297962b584b2.js [6554/10000] md5=297962b584b2139723d9064b9ad0de50 bytes=153 template=function origin=seed:tests/corpus/fixtures/state-machine-workflow.test.js
 PASS js-fuzzer-function-297962b584b2.js [6554/10000] status=ok obs=c81e728d9d4c coverage=+0/32/38 time=2ms
  RUN js-fuzzer-array-object-31e5d960a66e.js [6555/10000] md5=31e5d960a66ee5bc0e703f8436180f43 bytes=133 template=array-object origin=seed:tests/corpus/fixtures/vue-script-workflow.test.vue
 PASS js-fuzzer-array-object-31e5d960a66e.js [6555/10000] status=ok obs=c20ad4d76fe9 coverage=+0/32/38 time=2ms
  RUN js-fuzzer-closure-d1347c2dd10a.js [6556/10000] md5=d1347c2dd10a09a6444b0b52141258f9 bytes=184 template=closure origin=seed:tests/corpus/obfuscation/constant-tag-mix.test.js
 PASS js-fuzzer-closure-d1347c2dd10a.js [6556/10000] status=ok obs=17e62166fc85 coverage=+0/32/38 time=2ms
  RUN js-fuzzer-block-scope-db1466d83b0d.js [6557/10000] md5=db1466d83b0ded135f937bb4a61c19f4 bytes=114 template=block-scope origin=seed:tests/corpus/obfuscation/extern-slot-permutation.test.js
 PASS js-fuzzer-block-scope-db1466d83b0d.js [6557/10000] status=ok obs=a97da629b098 coverage=+0/32/38 time=1ms
  RUN js-fuzzer-loop-54e460cecf5c.js [6558/10000] md5=54e460cecf5c05dfcffaa3b2e5f57445 bytes=81 template=loop origin=seed:tests/corpus/obfuscation/externs-console.test.js
 PASS js-fuzzer-loop-54e460cecf5c.js [6558/10000] status=ok obs=d3d9446802a4 coverage=+0/32/38 time=2ms
  RUN js-fuzzer-try-catch-ce914b0cd471.js [6559/10000] md5=ce914b0cd471f7c9ec83cbcd645ee9eb bytes=110 template=try-catch origin=seed:tests/corpus/obfuscation/seed-sensitive-functions.test.js
 PASS js-fuzzer-try-catch-ce914b0cd471.js [6559/10000] status=ok obs=2838023a778d coverage=+0/32/38 time=1ms
  RUN js-fuzzer-boundary-4bea2a6e0cb0.js [6560/10000] md5=4bea2a6e0cb0c7bb0b29e5b5d44112d8 bytes=128 template=boundary origin=boundary:9007199254740991
 PASS js-fuzzer-boundary-4bea2a6e0cb0.js [6560/10000] status=ok obs=dc9a0d67a31d coverage=+0/32/38 time=2ms
  RUN js-fuzzer-arithmetic-2ff765ea59b6.js [6561/10000] md5=2ff765ea59b6f2d738e6f977747a7b22 bytes=85 template=arithmetic origin=seed:tests/corpus/regressions/multiple-functions-fib-add.test.js
 PASS js-fuzzer-arithmetic-2ff765ea59b6.js [6561/10000] status=ok obs=e369853df766 coverage=+0/32/38 time=2ms
  RUN js-fuzzer-corpus-c28cfb056309.js [6562/10000] md5=c28cfb056309f2a77f8bd9756b123c54 bytes=147 template=corpus origin=tests/corpus/regressions/scope-compressed-closure-params.test.js
 PASS js-fuzzer-corpus-c28cfb056309.js [6562/10000] status=ok obs=c51ce410c124 coverage=+0/32/38 time=1ms
  RUN js-fuzzer-array-object-2394df0f2696.js [6563/10000] md5=2394df0f2696240556840617a9313634 bytes=133 template=array-object origin=seed:tests/corpus/runtime/arrays-objects-methods.test.js
 PASS js-fuzzer-array-object-2394df0f2696.js [6563/10000] status=ok obs=c51ce410c124 coverage=+0/32/38 time=2ms
  RUN js-fuzzer-closure-579c7d33cf59.js [6564/10000] md5=579c7d33cf5957880b3db64450576401 bytes=183 template=closure origin=seed:tests/corpus/runtime/block-scopes.test.js
 PASS js-fuzzer-closure-579c7d33cf59.js [6564/10000] status=ok obs=c51ce410c124 coverage=+0/32/38 time=2ms
  RUN js-fuzzer-block-scope-a6feb1f597ba.js [6565/10000] md5=a6feb1f597ba081b9f2f4112e1579d81 bytes=115 template=block-scope origin=seed:tests/corpus/runtime/class-fields-static-methods.test.js
 PASS js-fuzzer-block-scope-a6feb1f597ba.js [6565/10000] status=ok obs=5f93f983524d coverage=+0/32/38 time=2ms
  RUN js-fuzzer-loop-54e460cecf5c.js [6566/10000] md5=54e460cecf5c05dfcffaa3b2e5f57445 bytes=81 template=loop origin=seed:tests/corpus/runtime/classes-and-objects.test.js
 PASS js-fuzzer-loop-54e460cecf5c.js [6566/10000] status=ok obs=d3d9446802a4 coverage=+0/32/38 time=2ms
  RUN js-fuzzer-boundary-86f8354fc6fd.js [6567/10000] md5=86f8354fc6fd092b05683bbf230dc769 bytes=122 template=boundary origin=boundary:2147483647
 PASS js-fuzzer-boundary-86f8354fc6fd.js [6567/10000] status=ok obs=c588c0a459f4 coverage=+0/32/38 time=1ms
  RUN js-fuzzer-class-a9875f561daf.js [6568/10000] md5=a9875f561daf181d949c68fc070db0e0 bytes=101 template=class origin=seed:tests/corpus/runtime/closures-read-captured-values.test.js
 PASS js-fuzzer-class-a9875f561daf.js [6568/10000] status=ok obs=aab3238922bc coverage=+0/32/38 time=2ms
  RUN js-fuzzer-arithmetic-fd4d0d0d5f2a.js [6569/10000] md5=fd4d0d0d5f2aa6c1548ed53ce9611802 bytes=84 template=arithmetic origin=seed:tests/corpus/runtime/exceptions-and-nullish.test.js
 PASS js-fuzzer-arithmetic-fd4d0d0d5f2a.js [6569/10000] status=ok obs=7f6ffaa6bb0b coverage=+0/32/38 time=1ms
  RUN js-fuzzer-function-0b0d1f5ee746.js [6570/10000] md5=0b0d1f5ee746281ffbedfb7f7f4c45bc bytes=153 template=function origin=seed:tests/corpus/runtime/functions-closures-and-arrows.test.js
 PASS js-fuzzer-function-0b0d1f5ee746.js [6570/10000] status=ok obs=e4da3b7fbbce coverage=+0/32/38 time=2ms
  RUN js-fuzzer-corpus-463d4dee8a1f.js [6571/10000] md5=463d4dee8a1f930fa8af57a704cacf3e bytes=232 template=corpus origin=tests/corpus/runtime/lexical-shadowing.test.js
 PASS js-fuzzer-corpus-463d4dee8a1f.js [6571/10000] status=ok obs=c51ce410c124 coverage=+0/32/38 time=2ms
  RUN js-fuzzer-closure-edadf30fe44a.js [6572/10000] md5=edadf30fe44ac543fbdb70ce962ad687 bytes=184 template=closure origin=seed:tests/corpus/runtime/modules-export.test.js
 PASS js-fuzzer-closure-edadf30fe44a.js [6572/10000] status=ok obs=182be0c5cdcd coverage=+0/32/38 time=1ms
  RUN js-fuzzer-block-scope-2cb2723f44be.js [6573/10000] md5=2cb2723f44be25f61e9dce7dd06b7265 bytes=114 template=block-scope origin=seed:tests/corpus/runtime/nested-try-finally.test.js
 PASS js-fuzzer-block-scope-2cb2723f44be.js [6573/10000] status=ok obs=f0935e4cd592 coverage=+0/32/38 time=2ms
  RUN js-fuzzer-boundary-e33d9dc9cd6c.js [6574/10000] md5=e33d9dc9cd6c84ec6ac6a01d1d18c4f2 bytes=113 template=boundary origin=boundary:2
 PASS js-fuzzer-boundary-e33d9dc9cd6c.js [6574/10000] status=ok obs=c81e728d9d4c coverage=+0/32/38 time=1ms
  RUN js-fuzzer-try-catch-136d1b3d4ffd.js [6575/10000] md5=136d1b3d4ffdac816022c9faabe622ca bytes=110 template=try-catch origin=seed:tests/corpus/syntax/logical-unary-nullish.test.js
 PASS js-fuzzer-try-catch-136d1b3d4ffd.js [6575/10000] status=ok obs=9bf31c7ff062 coverage=+0/32/38 time=2ms
  RUN js-fuzzer-class-587587295e00.js [6576/10000] md5=587587295e0075a0a19c4572e53274fe bytes=101 template=class origin=seed:tests/corpus/syntax/object-destructure-and-members.test.js
 PASS js-fuzzer-class-587587295e00.js [6576/10000] status=ok obs=1f0e3dad9990 coverage=+0/32/38 time=2ms
  RUN js-fuzzer-arithmetic-439707f0316e.js [6577/10000] md5=439707f0316ee036553613b266d0cfe1 bytes=85 template=arithmetic origin=seed:tests/corpus/syntax/switch-do-while-sequence.test.js
 PASS js-fuzzer-arithmetic-439707f0316e.js [6577/10000] status=ok obs=3def184ad8f4 coverage=+0/32/38 time=1ms
  RUN js-fuzzer-function-1d370c2e7126.js [6578/10000] md5=1d370c2e7126a84b090ad6eed5468375 bytes=153 template=function origin=seed:tests/corpus/syntax/template-array-destructure.test.js
 PASS js-fuzzer-function-1d370c2e7126.js [6578/10000] status=ok obs=8f14e45fceea coverage=+0/32/38 time=2ms
  RUN js-fuzzer-array-object-1c3f78b5abee.js [6579/10000] md5=1c3f78b5abeed4853ba6692975eeb319 bytes=133 template=array-object origin=seed:tests/corpus/syntax/typescript-assertions.test.ts
 PASS js-fuzzer-array-object-1c3f78b5abee.js [6579/10000] status=ok obs=c74d97b01eae coverage=+0/32/38 time=2ms
  RUN js-fuzzer-corpus-e3eeaea0f8a2.js [6580/10000] md5=e3eeaea0f8a2c5d5b650d4007cf78b4a bytes=104 template=corpus origin=tests/corpus/syntax/typescript-non-null-satisfies.test.ts
 PASS js-fuzzer-corpus-e3eeaea0f8a2.js [6580/10000] status=ok obs=d3d9446802a4 coverage=+0/32/38 time=1ms
  RUN js-fuzzer-boundary-2f35f880f964.js [6581/10000] md5=2f35f880f96468b375c4e71feba05308 bytes=113 template=boundary origin=boundary:1
 PASS js-fuzzer-boundary-2f35f880f964.js [6581/10000] status=ok obs=c4ca4238a0b9 coverage=+0/32/38 time=2ms
  RUN js-fuzzer-loop-b88258462a8d.js [6582/10000] md5=b88258462a8d880f8b0e459fa23b2536 bytes=81 template=loop origin=seed:tests/corpus/fixtures/state-machine-workflow.test.js
 PASS js-fuzzer-loop-b88258462a8d.js [6582/10000] status=ok obs=3c59dc048e88 coverage=+0/32/38 time=1ms
  RUN js-fuzzer-try-catch-49469dc3bbde.js [6583/10000] md5=49469dc3bbdee70291dead76d4352702 bytes=109 template=try-catch origin=seed:tests/corpus/fixtures/vue-script-workflow.test.vue
 PASS js-fuzzer-try-catch-49469dc3bbde.js [6583/10000] status=ok obs=d3d9446802a4 coverage=+0/32/38 time=2ms
  RUN js-fuzzer-class-ff7d9ca3da86.js [6584/10000] md5=ff7d9ca3da86b49917ac34b4d48e8df9 bytes=101 template=class origin=seed:tests/corpus/obfuscation/constant-tag-mix.test.js
 PASS js-fuzzer-class-ff7d9ca3da86.js [6584/10000] status=ok obs=c20ad4d76fe9 coverage=+0/32/38 time=1ms
  RUN js-fuzzer-arithmetic-4eaee3f1af2c.js [6585/10000] md5=4eaee3f1af2c9765a24b96a6f64c5067 bytes=85 template=arithmetic origin=seed:tests/corpus/obfuscation/extern-slot-permutation.test.js
 PASS js-fuzzer-arithmetic-4eaee3f1af2c.js [6585/10000] status=ok obs=33e75ff09dd6 coverage=+0/32/38 time=2ms
  RUN js-fuzzer-function-98e8c4d5dcc0.js [6586/10000] md5=98e8c4d5dcc095fbcedf7527b98fd4fe bytes=153 template=function origin=seed:tests/corpus/obfuscation/externs-console.test.js
 PASS js-fuzzer-function-98e8c4d5dcc0.js [6586/10000] status=ok obs=c9f0f895fb98 coverage=+0/32/38 time=2ms
  RUN js-fuzzer-array-object-ff793b48d059.js [6587/10000] md5=ff793b48d0591951d0f3b8ff19b6cd0d bytes=133 template=array-object origin=seed:tests/corpus/obfuscation/seed-sensitive-functions.test.js
 PASS js-fuzzer-array-object-ff793b48d059.js [6587/10000] status=ok obs=c74d97b01eae coverage=+0/32/38 time=1ms
  RUN js-fuzzer-boundary-235131a2d0d1.js [6588/10000] md5=235131a2d0d184afe9327ca3bd456dde bytes=129 template=boundary origin=boundary:-9007199254740991
 PASS js-fuzzer-boundary-235131a2d0d1.js [6588/10000] status=ok obs=b3f3a95848f6 coverage=+0/32/38 time=2ms
  RUN js-fuzzer-corpus-ad9ed8746461.js [6589/10000] md5=ad9ed87464611c6dd81b04b3754c760c bytes=214 template=corpus origin=tests/corpus/regressions/multiple-functions-fib-add.test.js
 PASS js-fuzzer-corpus-ad9ed8746461.js [6589/10000] status=ok obs=3c59dc048e88 coverage=+0/32/38 time=3ms
  RUN js-fuzzer-loop-54e460cecf5c.js [6590/10000] md5=54e460cecf5c05dfcffaa3b2e5f57445 bytes=81 template=loop origin=seed:tests/corpus/regressions/scope-compressed-closure-params.test.js
 PASS js-fuzzer-loop-54e460cecf5c.js [6590/10000] status=ok obs=d3d9446802a4 coverage=+0/32/38 time=1ms
  RUN js-fuzzer-try-catch-c1605790c914.js [6591/10000] md5=c1605790c914ae1743dc7ccc9c3b6fda bytes=110 template=try-catch origin=seed:tests/corpus/runtime/arrays-objects-methods.test.js
 PASS js-fuzzer-try-catch-c1605790c914.js [6591/10000] status=ok obs=1c383cd30b7c coverage=+0/32/38 time=2ms
  RUN js-fuzzer-class-a365d1a76b7b.js [6592/10000] md5=a365d1a76b7b0d4310621afa7caac433 bytes=100 template=class origin=seed:tests/corpus/runtime/block-scopes.test.js
 PASS js-fuzzer-class-a365d1a76b7b.js [6592/10000] status=ok obs=8f14e45fceea coverage=+0/32/38 time=1ms
  RUN js-fuzzer-arithmetic-dac669cea71e.js [6593/10000] md5=dac669cea71e9d299fd1210ba2c441ba bytes=84 template=arithmetic origin=seed:tests/corpus/runtime/class-fields-static-methods.test.js
 PASS js-fuzzer-arithmetic-dac669cea71e.js [6593/10000] status=ok obs=6c8349cc7260 coverage=+0/32/38 time=2ms
  RUN js-fuzzer-function-79bb4335938d.js [6594/10000] md5=79bb4335938d82d557d11e6633b235d0 bytes=153 template=function origin=seed:tests/corpus/runtime/classes-and-objects.test.js
 PASS js-fuzzer-function-79bb4335938d.js [6594/10000] status=ok obs=6512bd43d9ca coverage=+0/32/38 time=2ms
  RUN js-fuzzer-boundary-4b8e58e2bd3b.js [6595/10000] md5=4b8e58e2bd3bc437f093fe0ab13ce109 bytes=123 template=boundary origin=boundary:-2147483648
 PASS js-fuzzer-boundary-4b8e58e2bd3b.js [6595/10000] status=ok obs=034ff5946105 coverage=+0/32/38 time=1ms
  RUN js-fuzzer-closure-eababbba025e.js [6596/10000] md5=eababbba025eb352a5f04b0291a06d6e bytes=184 template=closure origin=seed:tests/corpus/runtime/closures-read-captured-values.test.js
 PASS js-fuzzer-closure-eababbba025e.js [6596/10000] status=ok obs=2838023a778d coverage=+0/32/38 time=2ms
  RUN js-fuzzer-block-scope-cdd8b51c02d7.js [6597/10000] md5=cdd8b51c02d709abe874e8214b24cf71 bytes=114 template=block-scope origin=seed:tests/corpus/runtime/exceptions-and-nullish.test.js
 PASS js-fuzzer-block-scope-cdd8b51c02d7.js [6597/10000] status=ok obs=2723d092b638 coverage=+0/32/38 time=2ms
  RUN js-fuzzer-corpus-72746d071c58.js [6598/10000] md5=72746d071c58fadd9399bc8934c30553 bytes=197 template=corpus origin=tests/corpus/runtime/functions-closures-and-arrows.test.js
 PASS js-fuzzer-corpus-72746d071c58.js [6598/10000] status=ok obs=c74d97b01eae coverage=+0/32/38 time=1ms
  RUN js-fuzzer-try-catch-22e41d89137c.js [6599/10000] md5=22e41d89137ce4eac020880cbeff06ef bytes=110 template=try-catch origin=seed:tests/corpus/runtime/lexical-shadowing.test.js
 PASS js-fuzzer-try-catch-22e41d89137c.js [6599/10000] status=ok obs=d9d4f495e875 coverage=+0/32/38 time=2ms
  RUN js-fuzzer-class-b1e3642c0208.js [6600/10000] md5=b1e3642c0208992266fb21668a536292 bytes=100 template=class origin=seed:tests/corpus/runtime/modules-export.test.js
 PASS js-fuzzer-class-b1e3642c0208.js [6600/10000] status=ok obs=c9f0f895fb98 coverage=+0/32/38 time=1ms
  RUN js-fuzzer-arithmetic-5d2b9af6b414.js [6601/10000] md5=5d2b9af6b414013c97aa060fa0e99fed bytes=84 template=arithmetic origin=seed:tests/corpus/runtime/nested-try-finally.test.js
 PASS js-fuzzer-arithmetic-5d2b9af6b414.js [6601/10000] status=ok obs=4c56ff4ce4aa coverage=+0/32/38 time=1ms
  RUN js-fuzzer-boundary-4ae25cb2e150.js [6602/10000] md5=4ae25cb2e15083bfca9f6b81b3f9f24b bytes=114 template=boundary origin=boundary:-2
 PASS js-fuzzer-boundary-4ae25cb2e150.js [6602/10000] status=ok obs=5d7b9adcbe1c coverage=+0/32/38 time=2ms
  RUN js-fuzzer-array-object-05b62933f0da.js [6603/10000] md5=05b62933f0da90daf3038f5aff67cb53 bytes=133 template=array-object origin=seed:tests/corpus/syntax/logical-unary-nullish.test.js
 PASS js-fuzzer-array-object-05b62933f0da.js [6603/10000] status=ok obs=6f4922f45568 coverage=+0/32/38 time=1ms
  RUN js-fuzzer-closure-0c6df41d3528.js [6604/10000] md5=0c6df41d35283e9d5705f1d512dd434c bytes=185 template=closure origin=seed:tests/corpus/syntax/object-destructure-and-members.test.js
 PASS js-fuzzer-closure-0c6df41d3528.js [6604/10000] status=ok obs=735b90b45681 coverage=+0/32/38 time=2ms
  RUN js-fuzzer-block-scope-bdee2ca933f4.js [6605/10000] md5=bdee2ca933f4d75f33d7f05fede856cb bytes=114 template=block-scope origin=seed:tests/corpus/syntax/switch-do-while-sequence.test.js
 PASS js-fuzzer-block-scope-bdee2ca933f4.js [6605/10000] status=ok obs=a3c65c297427 coverage=+0/32/38 time=2ms
  RUN js-fuzzer-loop-b88258462a8d.js [6606/10000] md5=b88258462a8d880f8b0e459fa23b2536 bytes=81 template=loop origin=seed:tests/corpus/syntax/template-array-destructure.test.js
 PASS js-fuzzer-loop-b88258462a8d.js [6606/10000] status=ok obs=3c59dc048e88 coverage=+0/32/38 time=1ms
  RUN js-fuzzer-corpus-57a83a4b020d.js [6607/10000] md5=57a83a4b020d4b85b42b0a3709f283ad bytes=130 template=corpus origin=tests/corpus/syntax/typescript-assertions.test.ts
 PASS js-fuzzer-corpus-57a83a4b020d.js [6607/10000] status=ok obs=45c48cce2e2d coverage=+0/32/38 time=2ms
  RUN js-fuzzer-class-f454a055ed5d.js [6608/10000] md5=f454a055ed5dc800cb1ab66abc7a01de bytes=100 template=class origin=seed:tests/corpus/syntax/typescript-non-null-satisfies.test.ts
 PASS js-fuzzer-class-f454a055ed5d.js [6608/10000] status=ok obs=a87ff679a2f3 coverage=+0/32/38 time=1ms
  RUN js-fuzzer-boundary-3d1d4e90ebd9.js [6609/10000] md5=3d1d4e90ebd99aad7ece59efc98f7563 bytes=114 template=boundary origin=boundary:-1
 PASS js-fuzzer-boundary-3d1d4e90ebd9.js [6609/10000] status=ok obs=6bb61e3b7bce coverage=+0/32/38 time=2ms
  RUN js-fuzzer-function-be199ff518ed.js [6610/10000] md5=be199ff518edad2305aebc8ea703ea8f bytes=153 template=function origin=seed:tests/corpus/fixtures/state-machine-workflow.test.js
 PASS js-fuzzer-function-be199ff518ed.js [6610/10000] status=ok obs=a87ff679a2f3 coverage=+0/32/38 time=2ms
  RUN js-fuzzer-array-object-bed0c95a86f8.js [6611/10000] md5=bed0c95a86f8c7851ebcd15bd917ed40 bytes=133 template=array-object origin=seed:tests/corpus/fixtures/vue-script-workflow.test.vue
 PASS js-fuzzer-array-object-bed0c95a86f8.js [6611/10000] status=ok obs=c74d97b01eae coverage=+0/32/38 time=1ms
  RUN js-fuzzer-closure-c2fc9aa17831.js [6612/10000] md5=c2fc9aa178311eef6e456c40fbda7608 bytes=184 template=closure origin=seed:tests/corpus/obfuscation/constant-tag-mix.test.js
 PASS js-fuzzer-closure-c2fc9aa17831.js [6612/10000] status=ok obs=67c6a1e7ce56 coverage=+0/32/38 time=2ms
  RUN js-fuzzer-block-scope-b62e371863bf.js [6613/10000] md5=b62e371863bf34426090ab1d2827b73f bytes=114 template=block-scope origin=seed:tests/corpus/obfuscation/extern-slot-permutation.test.js
 PASS js-fuzzer-block-scope-b62e371863bf.js [6613/10000] status=ok obs=a97da629b098 coverage=+0/32/38 time=2ms
  RUN js-fuzzer-loop-b88258462a8d.js [6614/10000] md5=b88258462a8d880f8b0e459fa23b2536 bytes=81 template=loop origin=seed:tests/corpus/obfuscation/externs-console.test.js
 PASS js-fuzzer-loop-b88258462a8d.js [6614/10000] status=ok obs=3c59dc048e88 coverage=+0/32/38 time=1ms
  RUN js-fuzzer-try-catch-ee30a401530f.js [6615/10000] md5=ee30a401530f819cbc5581e8feb5d305 bytes=110 template=try-catch origin=seed:tests/corpus/obfuscation/seed-sensitive-functions.test.js
 PASS js-fuzzer-try-catch-ee30a401530f.js [6615/10000] status=ok obs=182be0c5cdcd coverage=+0/32/38 time=2ms
  RUN js-fuzzer-corpus-79643e915862.js [6616/10000] md5=79643e91586251700d34c0c65a0220da bytes=89 template=corpus origin=tests/corpus/regressions/destructuring-lowers-to-member.test.js
 PASS js-fuzzer-corpus-79643e915862.js [6616/10000] status=ok obs=eccbc87e4b5c coverage=+0/32/38 time=2ms
  RUN js-fuzzer-arithmetic-4d703c5da384.js [6617/10000] md5=4d703c5da3848e158658ecf37a84df67 bytes=85 template=arithmetic origin=seed:tests/corpus/regressions/multiple-functions-fib-add.test.js
 PASS js-fuzzer-arithmetic-4d703c5da384.js [6617/10000] status=ok obs=a4f23670e183 coverage=+0/32/38 time=1ms
  RUN js-fuzzer-function-1bdd3cdc8039.js [6618/10000] md5=1bdd3cdc8039303572ffd714360b1f25 bytes=153 template=function origin=seed:tests/corpus/regressions/scope-compressed-closure-params.test.js
 PASS js-fuzzer-function-1bdd3cdc8039.js [6618/10000] status=ok obs=37693cfc7480 coverage=+0/32/38 time=2ms
  RUN js-fuzzer-array-object-bc889672ffcd.js [6619/10000] md5=bc889672ffcd4bbdbb3b04206cff20ae bytes=133 template=array-object origin=seed:tests/corpus/runtime/arrays-objects-methods.test.js
 PASS js-fuzzer-array-object-bc889672ffcd.js [6619/10000] status=ok obs=70efdf2ec9b0 coverage=+0/32/38 time=2ms
  RUN js-fuzzer-closure-fb8c3b562928.js [6620/10000] md5=fb8c3b5629284fd6bc50aaf9731ba101 bytes=185 template=closure origin=seed:tests/corpus/runtime/block-scopes.test.js
 PASS js-fuzzer-closure-fb8c3b562928.js [6620/10000] status=ok obs=d09bf41544a3 coverage=+0/32/38 time=2ms
  RUN js-fuzzer-block-scope-fe862d331d9c.js [6621/10000] md5=fe862d331d9cb6fbf11c9dc294796f54 bytes=114 template=block-scope origin=seed:tests/corpus/runtime/class-fields-static-methods.test.js
 PASS js-fuzzer-block-scope-fe862d331d9c.js [6621/10000] status=ok obs=6974ce5ac660 coverage=+0/32/38 time=1ms
  RUN js-fuzzer-loop-bbf1d7a15d8d.js [6622/10000] md5=bbf1d7a15d8dd015402d75c0e0108b5f bytes=81 template=loop origin=seed:tests/corpus/runtime/classes-and-objects.test.js
 PASS js-fuzzer-loop-bbf1d7a15d8d.js [6622/10000] status=ok obs=1679091c5a88 coverage=+0/32/38 time=2ms
  RUN js-fuzzer-boundary-2b35f90895ea.js [6623/10000] md5=2b35f90895ea85111e562e627044f919 bytes=128 template=boundary origin=boundary:9007199254740991
 PASS js-fuzzer-boundary-2b35f90895ea.js [6623/10000] status=ok obs=8bfa9ad090fb coverage=+0/32/38 time=1ms
  RUN js-fuzzer-class-d2b3669b495d.js [6624/10000] md5=d2b3669b495dd4792f9e1509f2bbf8a7 bytes=100 template=class origin=seed:tests/corpus/runtime/closures-read-captured-values.test.js
 PASS js-fuzzer-class-d2b3669b495d.js [6624/10000] status=ok obs=eccbc87e4b5c coverage=+0/32/38 time=1ms
  RUN js-fuzzer-corpus-cf8fb96e8476.js [6625/10000] md5=cf8fb96e8476c262b73583c86dd80821 bytes=178 template=corpus origin=tests/corpus/runtime/exceptions-and-nullish.test.js
 PASS js-fuzzer-corpus-cf8fb96e8476.js [6625/10000] status=ok obs=24ed5e8718fc coverage=+0/32/38 time=2ms
  RUN js-fuzzer-function-84b6f0564867.js [6626/10000] md5=84b6f05648673d1e7da8df04c8cbab23 bytes=153 template=function origin=seed:tests/corpus/runtime/functions-closures-and-arrows.test.js
 PASS js-fuzzer-function-84b6f0564867.js [6626/10000] status=ok obs=c74d97b01eae coverage=+0/32/38 time=2ms
  RUN js-fuzzer-array-object-f0e1bd3a5358.js [6627/10000] md5=f0e1bd3a5358851105a70d2b684927fd bytes=133 template=array-object origin=seed:tests/corpus/runtime/lexical-shadowing.test.js
 PASS js-fuzzer-array-object-f0e1bd3a5358.js [6627/10000] status=ok obs=aab3238922bc coverage=+0/32/38 time=2ms
  RUN js-fuzzer-closure-184fc41094c3.js [6628/10000] md5=184fc41094c31f1c7fae6cee6d9cf7e4 bytes=184 template=closure origin=seed:tests/corpus/runtime/modules-export.test.js
 PASS js-fuzzer-closure-184fc41094c3.js [6628/10000] status=ok obs=67c6a1e7ce56 coverage=+0/32/38 time=2ms
  RUN js-fuzzer-block-scope-efa94059669e.js [6629/10000] md5=efa94059669e708dced2bf48488d1856 bytes=114 template=block-scope origin=seed:tests/corpus/runtime/nested-try-finally.test.js
 PASS js-fuzzer-block-scope-efa94059669e.js [6629/10000] status=ok obs=a97da629b098 coverage=+0/32/38 time=1ms
  RUN js-fuzzer-boundary-ac080ee0add8.js [6630/10000] md5=ac080ee0add8a3967f40d078a13e076b bytes=122 template=boundary origin=boundary:2147483647
 PASS js-fuzzer-boundary-ac080ee0add8.js [6630/10000] status=ok obs=c588c0a459f4 coverage=+0/32/38 time=2ms
  RUN js-fuzzer-try-catch-7cb82b9a3fc9.js [6631/10000] md5=7cb82b9a3fc9743b17b967ebeeaab91b bytes=110 template=try-catch origin=seed:tests/corpus/syntax/logical-unary-nullish.test.js
 PASS js-fuzzer-try-catch-7cb82b9a3fc9.js [6631/10000] status=ok obs=b6d767d2f8ed coverage=+0/32/38 time=1ms
  RUN js-fuzzer-class-c0844991889f.js [6632/10000] md5=c0844991889f03308712cd6bc6b7c31c bytes=101 template=class origin=seed:tests/corpus/syntax/object-destructure-and-members.test.js
 PASS js-fuzzer-class-c0844991889f.js [6632/10000] status=ok obs=70efdf2ec9b0 coverage=+0/32/38 time=2ms
  RUN js-fuzzer-arithmetic-7fe64b88c8fc.js [6633/10000] md5=7fe64b88c8fcc33ce515c1b06c961811 bytes=85 template=arithmetic origin=seed:tests/corpus/syntax/switch-do-while-sequence.test.js
 PASS js-fuzzer-arithmetic-7fe64b88c8fc.js [6633/10000] status=ok obs=98dce83da57b coverage=+0/32/38 time=1ms
  RUN js-fuzzer-corpus-ff388659a641.js [6634/10000] md5=ff388659a6419d1e6e01ce4e7151a52e bytes=135 template=corpus origin=tests/corpus/syntax/template-array-destructure.test.js
 PASS js-fuzzer-corpus-ff388659a641.js [6634/10000] status=ok obs=f61c9a8be43c coverage=+0/32/38 time=1ms
  RUN js-fuzzer-array-object-e44477435418.js [6635/10000] md5=e44477435418c4fd40d2b8fed499e2d2 bytes=133 template=array-object origin=seed:tests/corpus/syntax/typescript-assertions.test.ts
 PASS js-fuzzer-array-object-e44477435418.js [6635/10000] status=ok obs=c20ad4d76fe9 coverage=+0/32/38 time=2ms
  RUN js-fuzzer-closure-f48fb35836a2.js [6636/10000] md5=f48fb35836a2c27531ab3f695d8d8be5 bytes=184 template=closure origin=seed:tests/corpus/syntax/typescript-non-null-satisfies.test.ts
 PASS js-fuzzer-closure-f48fb35836a2.js [6636/10000] status=ok obs=17e62166fc85 coverage=+0/32/38 time=2ms
  RUN js-fuzzer-boundary-221618e58a55.js [6637/10000] md5=221618e58a55537e4dc7530ef9f57aaf bytes=113 template=boundary origin=boundary:2
 PASS js-fuzzer-boundary-221618e58a55.js [6637/10000] status=ok obs=c81e728d9d4c coverage=+0/32/38 time=1ms
  RUN js-fuzzer-loop-bbf1d7a15d8d.js [6638/10000] md5=bbf1d7a15d8dd015402d75c0e0108b5f bytes=81 template=loop origin=seed:tests/corpus/fixtures/state-machine-workflow.test.js
 PASS js-fuzzer-loop-bbf1d7a15d8d.js [6638/10000] status=ok obs=1679091c5a88 coverage=+0/32/38 time=2ms
  RUN js-fuzzer-try-catch-8a297d00e90e.js [6639/10000] md5=8a297d00e90eb93174a6d6eeae5be951 bytes=110 template=try-catch origin=seed:tests/corpus/fixtures/vue-script-workflow.test.vue
 PASS js-fuzzer-try-catch-8a297d00e90e.js [6639/10000] status=ok obs=98f137082101 coverage=+0/32/38 time=2ms
  RUN js-fuzzer-class-a365d1a76b7b.js [6640/10000] md5=a365d1a76b7b0d4310621afa7caac433 bytes=100 template=class origin=seed:tests/corpus/obfuscation/constant-tag-mix.test.js
 PASS js-fuzzer-class-a365d1a76b7b.js [6640/10000] status=ok obs=8f14e45fceea coverage=+0/32/38 time=1ms
  RUN js-fuzzer-arithmetic-958057b92276.js [6641/10000] md5=958057b92276ab456a5ab7490ce10df0 bytes=83 template=arithmetic origin=seed:tests/corpus/obfuscation/extern-slot-permutation.test.js
 PASS js-fuzzer-arithmetic-958057b92276.js [6641/10000] status=ok obs=4e732ced3463 coverage=+0/32/38 time=2ms
  RUN js-fuzzer-function-805986a3b478.js [6642/10000] md5=805986a3b4784e72cf43592e25340692 bytes=153 template=function origin=seed:tests/corpus/obfuscation/externs-console.test.js
 PASS js-fuzzer-function-805986a3b478.js [6642/10000] status=ok obs=c51ce410c124 coverage=+0/32/38 time=2ms
  RUN js-fuzzer-corpus-38ba19d9deb7.js [6643/10000] md5=38ba19d9deb7566cc8a420c27ada3f21 bytes=136 template=corpus origin=tests/corpus/obfuscation/seed-sensitive-functions.test.js
 PASS js-fuzzer-corpus-38ba19d9deb7.js [6643/10000] status=ok obs=a5bfc9e07964 coverage=+0/32/38 time=1ms
  RUN js-fuzzer-boundary-ccde2dac26f6.js [6644/10000] md5=ccde2dac26f6d3fd46c3698825685fe3 bytes=113 template=boundary origin=boundary:1
 PASS js-fuzzer-boundary-ccde2dac26f6.js [6644/10000] status=ok obs=c4ca4238a0b9 coverage=+0/32/38 time=1ms
  RUN js-fuzzer-block-scope-55634766540f.js [6645/10000] md5=55634766540f2d4b4be57fc931e893df bytes=114 template=block-scope origin=seed:tests/corpus/regressions/multiple-functions-fib-add.test.js
 PASS js-fuzzer-block-scope-55634766540f.js [6645/10000] status=ok obs=38b3eff8baf5 coverage=+0/32/38 time=2ms
  RUN js-fuzzer-loop-f495ca2fc638.js [6646/10000] md5=f495ca2fc6389f933578fc501f5b1465 bytes=81 template=loop origin=seed:tests/corpus/regressions/scope-compressed-closure-params.test.js
 PASS js-fuzzer-loop-f495ca2fc638.js [6646/10000] status=ok obs=c4ca4238a0b9 coverage=+0/32/38 time=1ms
  RUN js-fuzzer-try-catch-ecde19ac059d.js [6647/10000] md5=ecde19ac059dab5b524e2da1cfde28b0 bytes=110 template=try-catch origin=seed:tests/corpus/runtime/arrays-objects-methods.test.js
 PASS js-fuzzer-try-catch-ecde19ac059d.js [6647/10000] status=ok obs=f457c545a9de coverage=+0/32/38 time=2ms
  RUN js-fuzzer-class-769274f77fa6.js [6648/10000] md5=769274f77fa62254ce7e0eb0e3adf7f1 bytes=100 template=class origin=seed:tests/corpus/runtime/block-scopes.test.js
 PASS js-fuzzer-class-769274f77fa6.js [6648/10000] status=ok obs=c4ca4238a0b9 coverage=+0/32/38 time=2ms
  RUN js-fuzzer-arithmetic-ff81fed60d79.js [6649/10000] md5=ff81fed60d7953d97da7daa7d6a93a7f bytes=84 template=arithmetic origin=seed:tests/corpus/runtime/class-fields-static-methods.test.js
 PASS js-fuzzer-arithmetic-ff81fed60d79.js [6649/10000] status=ok obs=bd686fd640be coverage=+0/32/38 time=1ms
  RUN js-fuzzer-function-f172d914fe2f.js [6650/10000] md5=f172d914fe2f2d124fd9ee51d2714545 bytes=153 template=function origin=seed:tests/corpus/runtime/classes-and-objects.test.js
 PASS js-fuzzer-function-f172d914fe2f.js [6650/10000] status=ok obs=c9f0f895fb98 coverage=+0/32/38 time=2ms
  RUN js-fuzzer-boundary-6aec0a9b1ff4.js [6651/10000] md5=6aec0a9b1ff4294bcfecb539ba7e660b bytes=129 template=boundary origin=boundary:-9007199254740991
 PASS js-fuzzer-boundary-6aec0a9b1ff4.js [6651/10000] status=ok obs=b3f3a95848f6 coverage=+0/32/38 time=1ms
  RUN js-fuzzer-corpus-08bc93bf5789.js [6652/10000] md5=08bc93bf57897bc88ce7161fe56cd099 bytes=169 template=corpus origin=tests/corpus/runtime/closures-read-captured-values.test.js
 PASS js-fuzzer-corpus-08bc93bf5789.js [6652/10000] status=ok obs=02e74f10e032 coverage=+0/32/38 time=2ms
  RUN js-fuzzer-block-scope-b85ecadef581.js [6653/10000] md5=b85ecadef581053d14250d27c33151bf bytes=114 template=block-scope origin=seed:tests/corpus/runtime/exceptions-and-nullish.test.js
 PASS js-fuzzer-block-scope-b85ecadef581.js [6653/10000] status=ok obs=c9e1074f5b3f coverage=+0/32/38 time=2ms
  RUN js-fuzzer-loop-54e460cecf5c.js [6654/10000] md5=54e460cecf5c05dfcffaa3b2e5f57445 bytes=81 template=loop origin=seed:tests/corpus/runtime/functions-closures-and-arrows.test.js
 PASS js-fuzzer-loop-54e460cecf5c.js [6654/10000] status=ok obs=d3d9446802a4 coverage=+0/32/38 time=1ms
  RUN js-fuzzer-try-catch-14bcb064f014.js [6655/10000] md5=14bcb064f014dbe91c2010889dcaa2c0 bytes=110 template=try-catch origin=seed:tests/corpus/runtime/lexical-shadowing.test.js
 PASS js-fuzzer-try-catch-14bcb064f014.js [6655/10000] status=ok obs=c0c7c76d30bd coverage=+0/32/38 time=2ms
  RUN js-fuzzer-class-47fbd3db5853.js [6656/10000] md5=47fbd3db58539fc2e42627a4f3168c79 bytes=101 template=class origin=seed:tests/corpus/runtime/modules-export.test.js
 PASS js-fuzzer-class-47fbd3db5853.js [6656/10000] status=ok obs=98f137082101 coverage=+0/32/38 time=2ms
  RUN js-fuzzer-arithmetic-fdc356a89e5c.js [6657/10000] md5=fdc356a89e5c4d1f4bfc8e16f6fd1c0f bytes=84 template=arithmetic origin=seed:tests/corpus/runtime/nested-try-finally.test.js
 PASS js-fuzzer-arithmetic-fdc356a89e5c.js [6657/10000] status=ok obs=f899139df5e1 coverage=+0/32/38 time=1ms
  RUN js-fuzzer-boundary-205872a6e44c.js [6658/10000] md5=205872a6e44c1ea0cf94554af934fb09 bytes=123 template=boundary origin=boundary:-2147483648
 PASS js-fuzzer-boundary-205872a6e44c.js [6658/10000] status=ok obs=034ff5946105 coverage=+0/32/38 time=2ms
  RUN js-fuzzer-array-object-efada56860b8.js [6659/10000] md5=efada56860b855b56bd6b7a5fecfd1ea bytes=133 template=array-object origin=seed:tests/corpus/syntax/logical-unary-nullish.test.js
 PASS js-fuzzer-array-object-efada56860b8.js [6659/10000] status=ok obs=9bf31c7ff062 coverage=+0/32/38 time=1ms
  RUN js-fuzzer-closure-d2f08418df20.js [6660/10000] md5=d2f08418df201a1137e443be1db56f56 bytes=184 template=closure origin=seed:tests/corpus/syntax/object-destructure-and-members.test.js
 PASS js-fuzzer-closure-d2f08418df20.js [6660/10000] status=ok obs=d82c8d1619ad coverage=+0/32/38 time=2ms
  RUN js-fuzzer-corpus-2aed353a2d20.js [6661/10000] md5=2aed353a2d200d64cbaf7beb40face20 bytes=275 template=corpus origin=tests/corpus/syntax/switch-do-while-sequence.test.js
 PASS js-fuzzer-corpus-2aed353a2d20.js [6661/10000] status=ok obs=6f4922f45568 coverage=+0/32/38 time=2ms
  RUN js-fuzzer-loop-d35707ad0bf7.js [6662/10000] md5=d35707ad0bf74148f671ad8943998af6 bytes=81 template=loop origin=seed:tests/corpus/syntax/template-array-destructure.test.js
 PASS js-fuzzer-loop-d35707ad0bf7.js [6662/10000] status=ok obs=9bf31c7ff062 coverage=+0/32/38 time=1ms
  RUN js-fuzzer-try-catch-398077b2e1d6.js [6663/10000] md5=398077b2e1d6a50d953f7a907c7a061d bytes=110 template=try-catch origin=seed:tests/corpus/syntax/typescript-assertions.test.ts
 PASS js-fuzzer-try-catch-398077b2e1d6.js [6663/10000] status=ok obs=6364d3f0f495 coverage=+0/32/38 time=2ms
  RUN js-fuzzer-class-ff7d9ca3da86.js [6664/10000] md5=ff7d9ca3da86b49917ac34b4d48e8df9 bytes=101 template=class origin=seed:tests/corpus/syntax/typescript-non-null-satisfies.test.ts
 PASS js-fuzzer-class-ff7d9ca3da86.js [6664/10000] status=ok obs=c20ad4d76fe9 coverage=+0/32/38 time=2ms
  RUN js-fuzzer-boundary-92df4f5b559a.js [6665/10000] md5=92df4f5b559a550058b4133ffb629932 bytes=114 template=boundary origin=boundary:-2
 PASS js-fuzzer-boundary-92df4f5b559a.js [6665/10000] status=ok obs=5d7b9adcbe1c coverage=+0/32/38 time=1ms
  RUN js-fuzzer-function-134a85d12098.js [6666/10000] md5=134a85d120985077bd24a3a53ac64560 bytes=153 template=function origin=seed:tests/corpus/fixtures/state-machine-workflow.test.js
 PASS js-fuzzer-function-134a85d12098.js [6666/10000] status=ok obs=1679091c5a88 coverage=+0/32/38 time=2ms
  RUN js-fuzzer-array-object-610b7fd6392d.js [6667/10000] md5=610b7fd6392d6b0268b1cc1c4855270b bytes=133 template=array-object origin=seed:tests/corpus/fixtures/vue-script-workflow.test.vue
 PASS js-fuzzer-array-object-610b7fd6392d.js [6667/10000] status=ok obs=9bf31c7ff062 coverage=+0/32/38 time=2ms
  RUN js-fuzzer-closure-1e4bddd122cc.js [6668/10000] md5=1e4bddd122cce8469435c185cf019c5e bytes=184 template=closure origin=seed:tests/corpus/obfuscation/constant-tag-mix.test.js
 PASS js-fuzzer-closure-1e4bddd122cc.js [6668/10000] status=ok obs=7f39f8317fbd coverage=+0/32/38 time=1ms
  RUN js-fuzzer-block-scope-6afbd590aa11.js [6669/10000] md5=6afbd590aa11b6bf62fcef714f76bcda bytes=114 template=block-scope origin=seed:tests/corpus/obfuscation/extern-slot-permutation.test.js
 PASS js-fuzzer-block-scope-6afbd590aa11.js [6669/10000] status=ok obs=6974ce5ac660 coverage=+0/32/38 time=2ms
  RUN js-fuzzer-corpus-efd663ac427b.js [6670/10000] md5=efd663ac427b5ca270b2f8b928c902bf bytes=112 template=corpus origin=tests/corpus/obfuscation/externs-console.test.js
 PASS js-fuzzer-corpus-efd663ac427b.js [6670/10000] status=ok obs=d289993e39c8 coverage=+0/32/38 time=2ms
  RUN js-fuzzer-try-catch-56393ff77182.js [6671/10000] md5=56393ff771824d567a8911f280bf7f9d bytes=110 template=try-catch origin=seed:tests/corpus/obfuscation/seed-sensitive-functions.test.js
 PASS js-fuzzer-try-catch-56393ff77182.js [6671/10000] status=ok obs=4e732ced3463 coverage=+0/32/38 time=1ms
  RUN js-fuzzer-boundary-61a9a82f5f08.js [6672/10000] md5=61a9a82f5f08bc177f13c805ba785d7d bytes=114 template=boundary origin=boundary:-1
 PASS js-fuzzer-boundary-61a9a82f5f08.js [6672/10000] status=ok obs=6bb61e3b7bce coverage=+0/32/38 time=2ms
  RUN js-fuzzer-arithmetic-41b3fbc068da.js [6673/10000] md5=41b3fbc068dab3a3db31d22ceb9b43d6 bytes=84 template=arithmetic origin=seed:tests/corpus/regressions/multiple-functions-fib-add.test.js
 PASS js-fuzzer-arithmetic-41b3fbc068da.js [6673/10000] status=ok obs=5ef059938ba7 coverage=+0/32/38 time=1ms
  RUN js-fuzzer-function-67a4a16b508e.js [6674/10000] md5=67a4a16b508e8efc2a1fbbfc79004c7b bytes=153 template=function origin=seed:tests/corpus/regressions/scope-compressed-closure-params.test.js
 PASS js-fuzzer-function-67a4a16b508e.js [6674/10000] status=ok obs=eccbc87e4b5c coverage=+0/32/38 time=2ms
  RUN js-fuzzer-array-object-203affef2e50.js [6675/10000] md5=203affef2e500e0f5d1d6efe5ad50af1 bytes=133 template=array-object origin=seed:tests/corpus/runtime/arrays-objects-methods.test.js
 PASS js-fuzzer-array-object-203affef2e50.js [6675/10000] status=ok obs=c74d97b01eae coverage=+0/32/38 time=2ms
  RUN js-fuzzer-closure-d2f08418df20.js [6676/10000] md5=d2f08418df201a1137e443be1db56f56 bytes=184 template=closure origin=seed:tests/corpus/runtime/block-scopes.test.js
 PASS js-fuzzer-closure-d2f08418df20.js [6676/10000] status=ok obs=d82c8d1619ad coverage=+0/32/38 time=1ms
  RUN js-fuzzer-block-scope-a55cb70fe1d5.js [6677/10000] md5=a55cb70fe1d5b8feb9210d1a4de7e588 bytes=114 template=block-scope origin=seed:tests/corpus/runtime/class-fields-static-methods.test.js
 PASS js-fuzzer-block-scope-a55cb70fe1d5.js [6677/10000] status=ok obs=c9e1074f5b3f coverage=+0/32/38 time=2ms
  RUN js-fuzzer-loop-d35707ad0bf7.js [6678/10000] md5=d35707ad0bf74148f671ad8943998af6 bytes=81 template=loop origin=seed:tests/corpus/runtime/classes-and-objects.test.js
 PASS js-fuzzer-loop-d35707ad0bf7.js [6678/10000] status=ok obs=9bf31c7ff062 coverage=+0/32/38 time=2ms
  RUN js-fuzzer-corpus-ddcb99247fc8.js [6679/10000] md5=ddcb99247fc847c897b97c6bd6512b9f bytes=217 template=corpus origin=tests/corpus/runtime/closures-mutate-captured-bindings.test.js
 PASS js-fuzzer-corpus-ddcb99247fc8.js [6679/10000] status=ok obs=e4da3b7fbbce coverage=+0/32/38 time=1ms
  RUN js-fuzzer-class-587587295e00.js [6680/10000] md5=587587295e0075a0a19c4572e53274fe bytes=101 template=class origin=seed:tests/corpus/runtime/closures-read-captured-values.test.js
 PASS js-fuzzer-class-587587295e00.js [6680/10000] status=ok obs=1f0e3dad9990 coverage=+0/32/38 time=2ms
  RUN js-fuzzer-arithmetic-da9bc77c7a4f.js [6681/10000] md5=da9bc77c7a4ff4b8e415372f5ff00d4d bytes=84 template=arithmetic origin=seed:tests/corpus/runtime/exceptions-and-nullish.test.js
 PASS js-fuzzer-arithmetic-da9bc77c7a4f.js [6681/10000] status=ok obs=7f39f8317fbd coverage=+0/32/38 time=2ms
  RUN js-fuzzer-function-66ad482026b9.js [6682/10000] md5=66ad482026b9df67ec5d25c1cce4c653 bytes=153 template=function origin=seed:tests/corpus/runtime/functions-closures-and-arrows.test.js
 PASS js-fuzzer-function-66ad482026b9.js [6682/10000] status=ok obs=6512bd43d9ca coverage=+0/32/38 time=2ms
  RUN js-fuzzer-array-object-8324de4fb81c.js [6683/10000] md5=8324de4fb81c16ab306581859e33bf44 bytes=133 template=array-object origin=seed:tests/corpus/runtime/lexical-shadowing.test.js
 PASS js-fuzzer-array-object-8324de4fb81c.js [6683/10000] status=ok obs=1f0e3dad9990 coverage=+0/32/38 time=1ms
  RUN js-fuzzer-closure-2fea87e93a56.js [6684/10000] md5=2fea87e93a561315249343eb016b608c bytes=184 template=closure origin=seed:tests/corpus/runtime/modules-export.test.js
 PASS js-fuzzer-closure-2fea87e93a56.js [6684/10000] status=ok obs=182be0c5cdcd coverage=+0/32/38 time=2ms
  RUN js-fuzzer-block-scope-a6feb1f597ba.js [6685/10000] md5=a6feb1f597ba081b9f2f4112e1579d81 bytes=115 template=block-scope origin=seed:tests/corpus/runtime/nested-try-finally.test.js
 PASS js-fuzzer-block-scope-a6feb1f597ba.js [6685/10000] status=ok obs=5f93f983524d coverage=+0/32/38 time=2ms
  RUN js-fuzzer-boundary-4bea2a6e0cb0.js [6686/10000] md5=4bea2a6e0cb0c7bb0b29e5b5d44112d8 bytes=128 template=boundary origin=boundary:9007199254740991
 PASS js-fuzzer-boundary-4bea2a6e0cb0.js [6686/10000] status=ok obs=dc9a0d67a31d coverage=+0/32/38 time=1ms
  RUN js-fuzzer-try-catch-10b006553cce.js [6687/10000] md5=10b006553cced3afac446c8e96bc0d8a bytes=110 template=try-catch origin=seed:tests/corpus/syntax/logical-unary-nullish.test.js
 PASS js-fuzzer-try-catch-10b006553cce.js [6687/10000] status=ok obs=8e296a067a37 coverage=+0/32/38 time=2ms
  RUN js-fuzzer-corpus-96ebdcb81273.js [6688/10000] md5=96ebdcb81273f0e5e5778a6c70c94988 bytes=171 template=corpus origin=tests/corpus/syntax/object-destructure-and-members.test.js
 PASS js-fuzzer-corpus-96ebdcb81273.js [6688/10000] status=ok obs=bfad8dfa12ed coverage=+0/32/38 time=2ms
  RUN js-fuzzer-arithmetic-fafdc1fdc3ba.js [6689/10000] md5=fafdc1fdc3ba8582e4b900ac9bf47a9e bytes=86 template=arithmetic origin=seed:tests/corpus/syntax/switch-do-while-sequence.test.js
 PASS js-fuzzer-arithmetic-fafdc1fdc3ba.js [6689/10000] status=ok obs=b2eb73490357 coverage=+0/32/38 time=1ms
  RUN js-fuzzer-function-53ef3ed61b76.js [6690/10000] md5=53ef3ed61b76dc45be6c66e5b3206216 bytes=153 template=function origin=seed:tests/corpus/syntax/template-array-destructure.test.js
 PASS js-fuzzer-function-53ef3ed61b76.js [6690/10000] status=ok obs=70efdf2ec9b0 coverage=+0/32/38 time=2ms
  RUN js-fuzzer-array-object-9f85a1340b09.js [6691/10000] md5=9f85a1340b09a2b5c93e27c222d5b1af bytes=133 template=array-object origin=seed:tests/corpus/syntax/typescript-assertions.test.ts
 PASS js-fuzzer-array-object-9f85a1340b09.js [6691/10000] status=ok obs=6f4922f45568 coverage=+0/32/38 time=2ms
  RUN js-fuzzer-closure-af826dd5c91d.js [6692/10000] md5=af826dd5c91dc9d63f5f28e00c8246b8 bytes=183 template=closure origin=seed:tests/corpus/syntax/typescript-non-null-satisfies.test.ts
 PASS js-fuzzer-closure-af826dd5c91d.js [6692/10000] status=ok obs=1c383cd30b7c coverage=+0/32/38 time=1ms
  RUN js-fuzzer-boundary-86f8354fc6fd.js [6693/10000] md5=86f8354fc6fd092b05683bbf230dc769 bytes=122 template=boundary origin=boundary:2147483647
 PASS js-fuzzer-boundary-86f8354fc6fd.js [6693/10000] status=ok obs=c588c0a459f4 coverage=+0/32/38 time=1ms
  RUN js-fuzzer-loop-b88258462a8d.js [6694/10000] md5=b88258462a8d880f8b0e459fa23b2536 bytes=81 template=loop origin=seed:tests/corpus/fixtures/state-machine-workflow.test.js
 PASS js-fuzzer-loop-b88258462a8d.js [6694/10000] status=ok obs=3c59dc048e88 coverage=+0/32/38 time=2ms
  RUN js-fuzzer-try-catch-136d1b3d4ffd.js [6695/10000] md5=136d1b3d4ffdac816022c9faabe622ca bytes=110 template=try-catch origin=seed:tests/corpus/fixtures/vue-script-workflow.test.vue
 PASS js-fuzzer-try-catch-136d1b3d4ffd.js [6695/10000] status=ok obs=9bf31c7ff062 coverage=+0/32/38 time=1ms
  RUN js-fuzzer-class-a35a4dd2f302.js [6696/10000] md5=a35a4dd2f302fda9a0e8d6e2c980c283 bytes=101 template=class origin=seed:tests/corpus/obfuscation/constant-tag-mix.test.js
 PASS js-fuzzer-class-a35a4dd2f302.js [6696/10000] status=ok obs=9bf31c7ff062 coverage=+0/32/38 time=2ms
  RUN js-fuzzer-corpus-fe2d30a6e413.js [6697/10000] md5=fe2d30a6e4139e7a8b52405bed737faa bytes=220 template=corpus origin=tests/corpus/obfuscation/extern-slot-permutation.test.js
 PASS js-fuzzer-corpus-fe2d30a6e413.js [6697/10000] status=ok obs=c34c702d0256 coverage=+0/32/38 time=2ms
  RUN js-fuzzer-function-e38b8374b652.js [6698/10000] md5=e38b8374b65234ab6d6009c7a43720d9 bytes=153 template=function origin=seed:tests/corpus/obfuscation/externs-console.test.js
 PASS js-fuzzer-function-e38b8374b652.js [6698/10000] status=ok obs=1679091c5a88 coverage=+0/32/38 time=1ms
  RUN js-fuzzer-array-object-c00be8a6da34.js [6699/10000] md5=c00be8a6da342ef5a3221850d2ee2e29 bytes=133 template=array-object origin=seed:tests/corpus/obfuscation/seed-sensitive-functions.test.js
 PASS js-fuzzer-array-object-c00be8a6da34.js [6699/10000] status=ok obs=6f4922f45568 coverage=+0/32/38 time=2ms
  RUN js-fuzzer-boundary-85faf3787c26.js [6700/10000] md5=85faf3787c26ca3bad9215a544873988 bytes=113 template=boundary origin=boundary:2
 PASS js-fuzzer-boundary-85faf3787c26.js [6700/10000] status=ok obs=c81e728d9d4c coverage=+0/32/38 time=2ms
  RUN js-fuzzer-block-scope-48f2f9956d1a.js [6701/10000] md5=48f2f9956d1af52ff488b20e9feb23da bytes=114 template=block-scope origin=seed:tests/corpus/regressions/multiple-functions-fib-add.test.js
 PASS js-fuzzer-block-scope-48f2f9956d1a.js [6701/10000] status=ok obs=f0935e4cd592 coverage=+0/32/38 time=1ms
  RUN js-fuzzer-loop-b88258462a8d.js [6702/10000] md5=b88258462a8d880f8b0e459fa23b2536 bytes=81 template=loop origin=seed:tests/corpus/regressions/scope-compressed-closure-params.test.js
 PASS js-fuzzer-loop-b88258462a8d.js [6702/10000] status=ok obs=3c59dc048e88 coverage=+0/32/38 time=2ms
  RUN js-fuzzer-try-catch-8d9c7d254dda.js [6703/10000] md5=8d9c7d254ddaafdc283e844d5d9a6231 bytes=109 template=try-catch origin=seed:tests/corpus/runtime/arrays-objects-methods.test.js
 PASS js-fuzzer-try-catch-8d9c7d254dda.js [6703/10000] status=ok obs=a87ff679a2f3 coverage=+0/32/38 time=1ms
  RUN js-fuzzer-class-47fbd3db5853.js [6704/10000] md5=47fbd3db58539fc2e42627a4f3168c79 bytes=101 template=class origin=seed:tests/corpus/runtime/block-scopes.test.js
 PASS js-fuzzer-class-47fbd3db5853.js [6704/10000] status=ok obs=98f137082101 coverage=+0/32/38 time=2ms
  RUN js-fuzzer-arithmetic-614105a6bbc8.js [6705/10000] md5=614105a6bbc8203cf8057ade26111f83 bytes=84 template=arithmetic origin=seed:tests/corpus/runtime/class-fields-static-methods.test.js
 PASS js-fuzzer-arithmetic-614105a6bbc8.js [6705/10000] status=ok obs=19f3cd308f14 coverage=+0/32/38 time=2ms
  RUN js-fuzzer-corpus-663bf83cd082.js [6706/10000] md5=663bf83cd082bd221441dae6bbc85046 bytes=278 template=corpus origin=tests/corpus/runtime/classes-and-objects.test.js
 PASS js-fuzzer-corpus-663bf83cd082.js [6706/10000] status=ok obs=6f4922f45568 coverage=+0/32/38 time=2ms
  RUN js-fuzzer-boundary-a6a77cc918cc.js [6707/10000] md5=a6a77cc918cc479b04ccb7be2bd80dac bytes=113 template=boundary origin=boundary:1
 PASS js-fuzzer-boundary-a6a77cc918cc.js [6707/10000] status=ok obs=c4ca4238a0b9 coverage=+0/32/38 time=1ms
  RUN js-fuzzer-closure-1d466197f780.js [6708/10000] md5=1d466197f780581c10c78bc9a1e10794 bytes=183 template=closure origin=seed:tests/corpus/runtime/closures-read-captured-values.test.js
 PASS js-fuzzer-closure-1d466197f780.js [6708/10000] status=ok obs=6ea9ab1baa0e coverage=+0/32/38 time=2ms
  RUN js-fuzzer-block-scope-94e52644855f.js [6709/10000] md5=94e52644855fafeeb23684aa653d5db5 bytes=114 template=block-scope origin=seed:tests/corpus/runtime/exceptions-and-nullish.test.js
 PASS js-fuzzer-block-scope-94e52644855f.js [6709/10000] status=ok obs=2723d092b638 coverage=+0/32/38 time=1ms
  RUN js-fuzzer-loop-f495ca2fc638.js [6710/10000] md5=f495ca2fc6389f933578fc501f5b1465 bytes=81 template=loop origin=seed:tests/corpus/runtime/functions-closures-and-arrows.test.js
 PASS js-fuzzer-loop-f495ca2fc638.js [6710/10000] status=ok obs=c4ca4238a0b9 coverage=+0/32/38 time=1ms
  RUN js-fuzzer-try-catch-a4e2330c4919.js [6711/10000] md5=a4e2330c49196805169dbf8449e466fa bytes=110 template=try-catch origin=seed:tests/corpus/runtime/lexical-shadowing.test.js
 PASS js-fuzzer-try-catch-a4e2330c4919.js [6711/10000] status=ok obs=3c59dc048e88 coverage=+0/32/38 time=2ms
  RUN js-fuzzer-class-a35a4dd2f302.js [6712/10000] md5=a35a4dd2f302fda9a0e8d6e2c980c283 bytes=101 template=class origin=seed:tests/corpus/runtime/modules-export.test.js
 PASS js-fuzzer-class-a35a4dd2f302.js [6712/10000] status=ok obs=9bf31c7ff062 coverage=+0/32/38 time=1ms
  RUN js-fuzzer-arithmetic-44b3ec492ed1.js [6713/10000] md5=44b3ec492ed1a04c55361eb6f3989987 bytes=84 template=arithmetic origin=seed:tests/corpus/runtime/nested-try-finally.test.js
 PASS js-fuzzer-arithmetic-44b3ec492ed1.js [6713/10000] status=ok obs=5878a7ab84fb coverage=+0/32/38 time=2ms
  RUN js-fuzzer-boundary-37492c99ff33.js [6714/10000] md5=37492c99ff33e9d5e09e0b8e84ba785a bytes=129 template=boundary origin=boundary:-9007199254740991
 PASS js-fuzzer-boundary-37492c99ff33.js [6714/10000] status=ok obs=b3f3a95848f6 coverage=+0/32/38 time=1ms
  RUN js-fuzzer-corpus-279b64032335.js [6715/10000] md5=279b640323351a1b082b98b42d2a2d55 bytes=134 template=corpus origin=tests/corpus/syntax/logical-unary-nullish.test.js
 PASS js-fuzzer-corpus-279b64032335.js [6715/10000] status=ok obs=45c48cce2e2d coverage=+0/32/38 time=2ms
  RUN js-fuzzer-closure-0f0fb7b0f0a2.js [6716/10000] md5=0f0fb7b0f0a265a362ed041068a519c2 bytes=184 template=closure origin=seed:tests/corpus/syntax/object-destructure-and-members.test.js
 PASS js-fuzzer-closure-0f0fb7b0f0a2.js [6716/10000] status=ok obs=6ea9ab1baa0e coverage=+0/32/38 time=2ms
  RUN js-fuzzer-block-scope-cd50a5c167d4.js [6717/10000] md5=cd50a5c167d4b7a5954d5dfaea8f1621 bytes=114 template=block-scope origin=seed:tests/corpus/syntax/switch-do-while-sequence.test.js
 PASS js-fuzzer-block-scope-cd50a5c167d4.js [6717/10000] status=ok obs=a97da629b098 coverage=+0/32/38 time=1ms
  RUN js-fuzzer-loop-d35707ad0bf7.js [6718/10000] md5=d35707ad0bf74148f671ad8943998af6 bytes=81 template=loop origin=seed:tests/corpus/syntax/template-array-destructure.test.js
 PASS js-fuzzer-loop-d35707ad0bf7.js [6718/10000] status=ok obs=9bf31c7ff062 coverage=+0/32/38 time=2ms
  RUN js-fuzzer-try-catch-84bb82ab521c.js [6719/10000] md5=84bb82ab521cc370007aca532f77c9e1 bytes=110 template=try-catch origin=seed:tests/corpus/syntax/typescript-assertions.test.ts
 PASS js-fuzzer-try-catch-84bb82ab521c.js [6719/10000] status=ok obs=c16a5320fa47 coverage=+0/32/38 time=1ms
  RUN js-fuzzer-class-a365d1a76b7b.js [6720/10000] md5=a365d1a76b7b0d4310621afa7caac433 bytes=100 template=class origin=seed:tests/corpus/syntax/typescript-non-null-satisfies.test.ts
 PASS js-fuzzer-class-a365d1a76b7b.js [6720/10000] status=ok obs=8f14e45fceea coverage=+0/32/38 time=2ms
  RUN js-fuzzer-boundary-512d8e9b531d.js [6721/10000] md5=512d8e9b531dd316e823325cc949e70e bytes=123 template=boundary origin=boundary:-2147483648
 PASS js-fuzzer-boundary-512d8e9b531d.js [6721/10000] status=ok obs=034ff5946105 coverage=+0/32/38 time=2ms
  RUN js-fuzzer-function-17ab2ee95112.js [6722/10000] md5=17ab2ee95112b813f54b3d07b24c1dbd bytes=153 template=function origin=seed:tests/corpus/fixtures/state-machine-workflow.test.js
 PASS js-fuzzer-function-17ab2ee95112.js [6722/10000] status=ok obs=b6d767d2f8ed coverage=+0/32/38 time=2ms
  RUN js-fuzzer-array-object-cd8a3a874fb8.js [6723/10000] md5=cd8a3a874fb8ac8638b4663e5b6b2455 bytes=133 template=array-object origin=seed:tests/corpus/fixtures/vue-script-workflow.test.vue
 PASS js-fuzzer-array-object-cd8a3a874fb8.js [6723/10000] status=ok obs=c51ce410c124 coverage=+0/32/38 time=2ms
  RUN js-fuzzer-corpus-f00ef18b0a17.js [6724/10000] md5=f00ef18b0a172b2a2d9833f5b7fe94e2 bytes=199 template=corpus origin=tests/corpus/obfuscation/constant-tag-mix.test.js
 PASS js-fuzzer-corpus-f00ef18b0a17.js [6724/10000] status=ok obs=e86823f38986 coverage=+0/32/38 time=1ms
  RUN js-fuzzer-block-scope-58f9e3de3887.js [6725/10000] md5=58f9e3de38876b109c415b07da76f87c bytes=114 template=block-scope origin=seed:tests/corpus/obfuscation/extern-slot-permutation.test.js
 PASS js-fuzzer-block-scope-58f9e3de3887.js [6725/10000] status=ok obs=c9e1074f5b3f coverage=+0/32/38 time=2ms
  RUN js-fuzzer-loop-55c7c905bffb.js [6726/10000] md5=55c7c905bffb4bbbc4c8fb9b91df6ad8 bytes=81 template=loop origin=seed:tests/corpus/obfuscation/externs-console.test.js
 PASS js-fuzzer-loop-55c7c905bffb.js [6726/10000] status=ok obs=eccbc87e4b5c coverage=+0/32/38 time=2ms
  RUN js-fuzzer-try-catch-a4e2330c4919.js [6727/10000] md5=a4e2330c49196805169dbf8449e466fa bytes=110 template=try-catch origin=seed:tests/corpus/obfuscation/seed-sensitive-functions.test.js
 PASS js-fuzzer-try-catch-a4e2330c4919.js [6727/10000] status=ok obs=3c59dc048e88 coverage=+0/32/38 time=1ms
  RUN js-fuzzer-boundary-4ae25cb2e150.js [6728/10000] md5=4ae25cb2e15083bfca9f6b81b3f9f24b bytes=114 template=boundary origin=boundary:-2
 PASS js-fuzzer-boundary-4ae25cb2e150.js [6728/10000] status=ok obs=5d7b9adcbe1c coverage=+0/32/38 time=2ms
  RUN js-fuzzer-arithmetic-a45bf861a403.js [6729/10000] md5=a45bf861a403f74745c1b4cbb9740d13 bytes=84 template=arithmetic origin=seed:tests/corpus/regressions/multiple-functions-fib-add.test.js
 PASS js-fuzzer-arithmetic-a45bf861a403.js [6729/10000] status=ok obs=0a09c8844ba8 coverage=+0/32/38 time=1ms
  RUN js-fuzzer-function-8384e80192dc.js [6730/10000] md5=8384e80192dc0232cf5e505b2f7d5501 bytes=153 template=function origin=seed:tests/corpus/regressions/scope-compressed-closure-params.test.js
 PASS js-fuzzer-function-8384e80192dc.js [6730/10000] status=ok obs=e4da3b7fbbce coverage=+0/32/38 time=2ms
  RUN js-fuzzer-array-object-e592bf8496a7.js [6731/10000] md5=e592bf8496a74e2251f610da2b157a13 bytes=133 template=array-object origin=seed:tests/corpus/runtime/arrays-objects-methods.test.js
 PASS js-fuzzer-array-object-e592bf8496a7.js [6731/10000] status=ok obs=6512bd43d9ca coverage=+0/32/38 time=2ms
  RUN js-fuzzer-closure-d8b8ba3564a6.js [6732/10000] md5=d8b8ba3564a609b9904a864892bfaaee bytes=185 template=closure origin=seed:tests/corpus/runtime/block-scopes.test.js
 PASS js-fuzzer-closure-d8b8ba3564a6.js [6732/10000] status=ok obs=03afdbd66e79 coverage=+0/32/38 time=1ms
  RUN js-fuzzer-corpus-a64e83c2f849.js [6733/10000] md5=a64e83c2f84925dca8985eabe963ee21 bytes=179 template=corpus origin=tests/corpus/runtime/class-fields-static-methods.test.js
 PASS js-fuzzer-corpus-a64e83c2f849.js [6733/10000] status=ok obs=8f14e45fceea coverage=+0/32/38 time=2ms
  RUN js-fuzzer-loop-f495ca2fc638.js [6734/10000] md5=f495ca2fc6389f933578fc501f5b1465 bytes=81 template=loop origin=seed:tests/corpus/runtime/classes-and-objects.test.js
 PASS js-fuzzer-loop-f495ca2fc638.js [6734/10000] status=ok obs=c4ca4238a0b9 coverage=+0/32/38 time=2ms
  RUN js-fuzzer-boundary-1024adcac0e5.js [6735/10000] md5=1024adcac0e5cc9f99f478fa66dcc00c bytes=114 template=boundary origin=boundary:-1
 PASS js-fuzzer-boundary-1024adcac0e5.js [6735/10000] status=ok obs=6bb61e3b7bce coverage=+0/32/38 time=2ms
  RUN js-fuzzer-class-47fbd3db5853.js [6736/10000] md5=47fbd3db58539fc2e42627a4f3168c79 bytes=101 template=class origin=seed:tests/corpus/runtime/closures-read-captured-values.test.js
 PASS js-fuzzer-class-47fbd3db5853.js [6736/10000] status=ok obs=98f137082101 coverage=+0/32/38 time=1ms
  RUN js-fuzzer-arithmetic-dfacee89b89a.js [6737/10000] md5=dfacee89b89acdde0d6a7be17fda1d32 bytes=84 template=arithmetic origin=seed:tests/corpus/runtime/exceptions-and-nullish.test.js
 PASS js-fuzzer-arithmetic-dfacee89b89a.js [6737/10000] status=ok obs=0f28b5d49b30 coverage=+0/32/38 time=2ms
  RUN js-fuzzer-function-831f4ac0cd0e.js [6738/10000] md5=831f4ac0cd0ee5c472d5e3bccfaabf34 bytes=153 template=function origin=seed:tests/corpus/runtime/functions-closures-and-arrows.test.js
 PASS js-fuzzer-function-831f4ac0cd0e.js [6738/10000] status=ok obs=c9f0f895fb98 coverage=+0/32/38 time=2ms
  RUN js-fuzzer-array-object-6ce2d9031c60.js [6739/10000] md5=6ce2d9031c60a2ea1c30c92f516d1246 bytes=133 template=array-object origin=seed:tests/corpus/runtime/lexical-shadowing.test.js
 PASS js-fuzzer-array-object-6ce2d9031c60.js [6739/10000] status=ok obs=c20ad4d76fe9 coverage=+0/32/38 time=1ms
  RUN js-fuzzer-closure-faabd6de94e4.js [6740/10000] md5=faabd6de94e43d2c2bb4ba40f577c02f bytes=183 template=closure origin=seed:tests/corpus/runtime/modules-export.test.js
 PASS js-fuzzer-closure-faabd6de94e4.js [6740/10000] status=ok obs=70efdf2ec9b0 coverage=+0/32/38 time=2ms
  RUN js-fuzzer-block-scope-202b9f5a2bb9.js [6741/10000] md5=202b9f5a2bb9374d6e306255f6f7b59d bytes=114 template=block-scope origin=seed:tests/corpus/runtime/nested-try-finally.test.js
 PASS js-fuzzer-block-scope-202b9f5a2bb9.js [6741/10000] status=ok obs=a3c65c297427 coverage=+0/32/38 time=1ms
  RUN js-fuzzer-corpus-89e900fcb72f.js [6742/10000] md5=89e900fcb72ff838bfe9a13ae091363f bytes=228 template=corpus origin=tests/corpus/syntax/control-flow-and-operators.test.js
 PASS js-fuzzer-corpus-89e900fcb72f.js [6742/10000] status=ok obs=aab3238922bc coverage=+0/32/38 time=2ms
  RUN js-fuzzer-try-catch-7fa76a80e531.js [6743/10000] md5=7fa76a80e531298b12538ca11d858f94 bytes=110 template=try-catch origin=seed:tests/corpus/syntax/logical-unary-nullish.test.js
 PASS js-fuzzer-try-catch-7fa76a80e531.js [6743/10000] status=ok obs=6ea9ab1baa0e coverage=+0/32/38 time=2ms
  RUN js-fuzzer-class-5baf4bed5db4.js [6744/10000] md5=5baf4bed5db4f8205173226efc8fff73 bytes=101 template=class origin=seed:tests/corpus/syntax/object-destructure-and-members.test.js
 PASS js-fuzzer-class-5baf4bed5db4.js [6744/10000] status=ok obs=6f4922f45568 coverage=+0/32/38 time=2ms
  RUN js-fuzzer-arithmetic-e0e6e34feafe.js [6745/10000] md5=e0e6e34feafefd6d2696ae3aa61cf661 bytes=83 template=arithmetic origin=seed:tests/corpus/syntax/switch-do-while-sequence.test.js
 PASS js-fuzzer-arithmetic-e0e6e34feafe.js [6745/10000] status=ok obs=c74d97b01eae coverage=+0/32/38 time=1ms
  RUN js-fuzzer-function-ced1d0daab2e.js [6746/10000] md5=ced1d0daab2e23fdcfec672d899d9739 bytes=153 template=function origin=seed:tests/corpus/syntax/template-array-destructure.test.js
 PASS js-fuzzer-function-ced1d0daab2e.js [6746/10000] status=ok obs=8e296a067a37 coverage=+0/32/38 time=3ms
  RUN js-fuzzer-array-object-181a9ca88e7a.js [6747/10000] md5=181a9ca88e7a8582da3822683479b767 bytes=133 template=array-object origin=seed:tests/corpus/syntax/typescript-assertions.test.ts
 PASS js-fuzzer-array-object-181a9ca88e7a.js [6747/10000] status=ok obs=c20ad4d76fe9 coverage=+0/32/38 time=1ms
  RUN js-fuzzer-closure-2cc5094ed803.js [6748/10000] md5=2cc5094ed8038532adb80128bac76016 bytes=184 template=closure origin=seed:tests/corpus/syntax/typescript-non-null-satisfies.test.ts
 PASS js-fuzzer-closure-2cc5094ed803.js [6748/10000] status=ok obs=6c8349cc7260 coverage=+0/32/38 time=2ms
  RUN js-fuzzer-boundary-4bea2a6e0cb0.js [6749/10000] md5=4bea2a6e0cb0c7bb0b29e5b5d44112d8 bytes=128 template=boundary origin=boundary:9007199254740991
 PASS js-fuzzer-boundary-4bea2a6e0cb0.js [6749/10000] status=ok obs=dc9a0d67a31d coverage=+0/32/38 time=1ms
  RUN js-fuzzer-loop-bbf1d7a15d8d.js [6750/10000] md5=bbf1d7a15d8dd015402d75c0e0108b5f bytes=81 template=loop origin=seed:tests/corpus/fixtures/state-machine-workflow.test.js
 PASS js-fuzzer-loop-bbf1d7a15d8d.js [6750/10000] status=ok obs=1679091c5a88 coverage=+0/32/38 time=2ms
  RUN js-fuzzer-corpus-f722388c7961.js [6751/10000] md5=f722388c7961d2a0288508c35f28a5f8 bytes=96 template=corpus origin=tests/corpus/fixtures/vue-script-workflow.test.vue
 PASS js-fuzzer-corpus-f722388c7961.js [6751/10000] status=ok obs=6512bd43d9ca coverage=+0/32/38 time=1ms
  RUN js-fuzzer-class-f454a055ed5d.js [6752/10000] md5=f454a055ed5dc800cb1ab66abc7a01de bytes=100 template=class origin=seed:tests/corpus/obfuscation/constant-tag-mix.test.js
 PASS js-fuzzer-class-f454a055ed5d.js [6752/10000] status=ok obs=a87ff679a2f3 coverage=+0/32/38 time=2ms
  RUN js-fuzzer-arithmetic-673d3678d0de.js [6753/10000] md5=673d3678d0de19531f9453c5d49ebe23 bytes=84 template=arithmetic origin=seed:tests/corpus/obfuscation/extern-slot-permutation.test.js
 PASS js-fuzzer-arithmetic-673d3678d0de.js [6753/10000] status=ok obs=d2ddea18f006 coverage=+0/32/38 time=2ms
  RUN js-fuzzer-function-e38b8374b652.js [6754/10000] md5=e38b8374b65234ab6d6009c7a43720d9 bytes=153 template=function origin=seed:tests/corpus/obfuscation/externs-console.test.js
 PASS js-fuzzer-function-e38b8374b652.js [6754/10000] status=ok obs=1679091c5a88 coverage=+0/32/38 time=1ms
  RUN js-fuzzer-array-object-58654fa3e4cc.js [6755/10000] md5=58654fa3e4ccf70fa39ff675251d4a1f bytes=133 template=array-object origin=seed:tests/corpus/obfuscation/seed-sensitive-functions.test.js
 PASS js-fuzzer-array-object-58654fa3e4cc.js [6755/10000] status=ok obs=d3d9446802a4 coverage=+0/32/38 time=2ms
  RUN js-fuzzer-boundary-86f8354fc6fd.js [6756/10000] md5=86f8354fc6fd092b05683bbf230dc769 bytes=122 template=boundary origin=boundary:2147483647
 PASS js-fuzzer-boundary-86f8354fc6fd.js [6756/10000] status=ok obs=c588c0a459f4 coverage=+0/32/38 time=2ms
  RUN js-fuzzer-block-scope-586fd9c4488e.js [6757/10000] md5=586fd9c4488eb3dc13f92bab3ebc1929 bytes=114 template=block-scope origin=seed:tests/corpus/regressions/multiple-functions-fib-add.test.js
 PASS js-fuzzer-block-scope-586fd9c4488e.js [6757/10000] status=ok obs=6974ce5ac660 coverage=+0/32/38 time=1ms
  RUN js-fuzzer-loop-d35707ad0bf7.js [6758/10000] md5=d35707ad0bf74148f671ad8943998af6 bytes=81 template=loop origin=seed:tests/corpus/regressions/scope-compressed-closure-params.test.js
 PASS js-fuzzer-loop-d35707ad0bf7.js [6758/10000] status=ok obs=9bf31c7ff062 coverage=+0/32/38 time=2ms
  RUN js-fuzzer-try-catch-ce914b0cd471.js [6759/10000] md5=ce914b0cd471f7c9ec83cbcd645ee9eb bytes=110 template=try-catch origin=seed:tests/corpus/runtime/arrays-objects-methods.test.js
 PASS js-fuzzer-try-catch-ce914b0cd471.js [6759/10000] status=ok obs=2838023a778d coverage=+0/32/38 time=2ms
  RUN js-fuzzer-corpus-8b78ba7912c5.js [6760/10000] md5=8b78ba7912c51f6cf304b65c6ebdb2e3 bytes=289 template=corpus origin=tests/corpus/runtime/block-scopes.test.js
 PASS js-fuzzer-corpus-8b78ba7912c5.js [6760/10000] status=ok obs=37693cfc7480 coverage=+0/32/38 time=1ms
  RUN js-fuzzer-arithmetic-5e94f90e0bba.js [6761/10000] md5=5e94f90e0bba8465dee7423163e2a542 bytes=84 template=arithmetic origin=seed:tests/corpus/runtime/class-fields-static-methods.test.js
 PASS js-fuzzer-arithmetic-5e94f90e0bba.js [6761/10000] status=ok obs=812b4ba287f5 coverage=+0/32/38 time=2ms
  RUN js-fuzzer-function-cb7d7d91d83d.js [6762/10000] md5=cb7d7d91d83d165500656240f14cd1fc bytes=153 template=function origin=seed:tests/corpus/runtime/classes-and-objects.test.js
 PASS js-fuzzer-function-cb7d7d91d83d.js [6762/10000] status=ok obs=8f14e45fceea coverage=+0/32/38 time=2ms
  RUN js-fuzzer-boundary-221618e58a55.js [6763/10000] md5=221618e58a55537e4dc7530ef9f57aaf bytes=113 template=boundary origin=boundary:2
 PASS js-fuzzer-boundary-221618e58a55.js [6763/10000] status=ok obs=c81e728d9d4c coverage=+0/32/38 time=1ms
  RUN js-fuzzer-closure-fb8c3b562928.js [6764/10000] md5=fb8c3b5629284fd6bc50aaf9731ba101 bytes=185 template=closure origin=seed:tests/corpus/runtime/closures-read-captured-values.test.js
 PASS js-fuzzer-closure-fb8c3b562928.js [6764/10000] status=ok obs=d09bf41544a3 coverage=+0/32/38 time=2ms
  RUN js-fuzzer-block-scope-bdee2ca933f4.js [6765/10000] md5=bdee2ca933f4d75f33d7f05fede856cb bytes=114 template=block-scope origin=seed:tests/corpus/runtime/exceptions-and-nullish.test.js
 PASS js-fuzzer-block-scope-bdee2ca933f4.js [6765/10000] status=ok obs=a3c65c297427 coverage=+0/32/38 time=2ms
  RUN js-fuzzer-loop-d35707ad0bf7.js [6766/10000] md5=d35707ad0bf74148f671ad8943998af6 bytes=81 template=loop origin=seed:tests/corpus/runtime/functions-closures-and-arrows.test.js
 PASS js-fuzzer-loop-d35707ad0bf7.js [6766/10000] status=ok obs=9bf31c7ff062 coverage=+0/32/38 time=1ms
  RUN js-fuzzer-try-catch-e6a0f565fc4e.js [6767/10000] md5=e6a0f565fc4ec95ea847cca573b5900c bytes=110 template=try-catch origin=seed:tests/corpus/runtime/lexical-shadowing.test.js
 PASS js-fuzzer-try-catch-e6a0f565fc4e.js [6767/10000] status=ok obs=33e75ff09dd6 coverage=+0/32/38 time=2ms
  RUN js-fuzzer-class-d8979b510eb0.js [6768/10000] md5=d8979b510eb085c9e0e846586f80f265 bytes=101 template=class origin=seed:tests/corpus/runtime/modules-export.test.js
 PASS js-fuzzer-class-d8979b510eb0.js [6768/10000] status=ok obs=c74d97b01eae coverage=+0/32/38 time=1ms
  RUN js-fuzzer-corpus-c557f8da2a9d.js [6769/10000] md5=c557f8da2a9d2904c70dca50c3eeb50e bytes=191 template=corpus origin=tests/corpus/runtime/nested-try-finally.test.js
 PASS js-fuzzer-corpus-c557f8da2a9d.js [6769/10000] status=ok obs=8f14e45fceea coverage=+0/32/38 time=2ms
  RUN js-fuzzer-boundary-ccde2dac26f6.js [6770/10000] md5=ccde2dac26f6d3fd46c3698825685fe3 bytes=113 template=boundary origin=boundary:1
 PASS js-fuzzer-boundary-ccde2dac26f6.js [6770/10000] status=ok obs=c4ca4238a0b9 coverage=+0/32/38 time=1ms
  RUN js-fuzzer-array-object-ecd8d363b884.js [6771/10000] md5=ecd8d363b88466350e0f5f37b10df841 bytes=133 template=array-object origin=seed:tests/corpus/syntax/logical-unary-nullish.test.js
 PASS js-fuzzer-array-object-ecd8d363b884.js [6771/10000] status=ok obs=c20ad4d76fe9 coverage=+0/32/38 time=2ms
  RUN js-fuzzer-closure-7543c9306756.js [6772/10000] md5=7543c9306756628f766a698814da0bbc bytes=184 template=closure origin=seed:tests/corpus/syntax/object-destructure-and-members.test.js
 PASS js-fuzzer-closure-7543c9306756.js [6772/10000] status=ok obs=72b32a1f754b coverage=+0/32/38 time=2ms
  RUN js-fuzzer-block-scope-6e86f1693252.js [6773/10000] md5=6e86f169325214da2b271b09cc491de1 bytes=114 template=block-scope origin=seed:tests/corpus/syntax/switch-do-while-sequence.test.js
 PASS js-fuzzer-block-scope-6e86f1693252.js [6773/10000] status=ok obs=f0935e4cd592 coverage=+0/32/38 time=1ms
  RUN js-fuzzer-loop-b88258462a8d.js [6774/10000] md5=b88258462a8d880f8b0e459fa23b2536 bytes=81 template=loop origin=seed:tests/corpus/syntax/template-array-destructure.test.js
 PASS js-fuzzer-loop-b88258462a8d.js [6774/10000] status=ok obs=3c59dc048e88 coverage=+0/32/38 time=2ms
  RUN js-fuzzer-try-catch-7b36a94abb6d.js [6775/10000] md5=7b36a94abb6ddf002e9dd3f3d3a0cea5 bytes=110 template=try-catch origin=seed:tests/corpus/syntax/typescript-assertions.test.ts
 PASS js-fuzzer-try-catch-7b36a94abb6d.js [6775/10000] status=ok obs=37693cfc7480 coverage=+0/32/38 time=1ms
  RUN js-fuzzer-class-d2b3669b495d.js [6776/10000] md5=d2b3669b495dd4792f9e1509f2bbf8a7 bytes=100 template=class origin=seed:tests/corpus/syntax/typescript-non-null-satisfies.test.ts
 PASS js-fuzzer-class-d2b3669b495d.js [6776/10000] status=ok obs=eccbc87e4b5c coverage=+0/32/38 time=1ms
  RUN js-fuzzer-boundary-e62759fbe8d3.js [6777/10000] md5=e62759fbe8d36ad2cfb89a0f8bac18b9 bytes=129 template=boundary origin=boundary:-9007199254740991
 PASS js-fuzzer-boundary-e62759fbe8d3.js [6777/10000] status=ok obs=b3f3a95848f6 coverage=+0/32/38 time=2ms
  RUN js-fuzzer-corpus-ab8ca4f8757c.js [6778/10000] md5=ab8ca4f8757c6165b29cd6a662edad93 bytes=450 template=corpus origin=tests/corpus/fixtures/state-machine-workflow.test.js
 PASS js-fuzzer-corpus-ab8ca4f8757c.js [6778/10000] status=ok obs=b9f49c580664 coverage=+0/32/38 time=2ms
  RUN js-fuzzer-array-object-54c6dfcd6ab3.js [6779/10000] md5=54c6dfcd6ab3cf223e455a8b406569d8 bytes=133 template=array-object origin=seed:tests/corpus/fixtures/vue-script-workflow.test.vue
 PASS js-fuzzer-array-object-54c6dfcd6ab3.js [6779/10000] status=ok obs=c74d97b01eae coverage=+0/32/38 time=1ms
  RUN js-fuzzer-closure-e51e12636ab5.js [6780/10000] md5=e51e12636ab524f5ab341e21f9dc4e02 bytes=184 template=closure origin=seed:tests/corpus/obfuscation/constant-tag-mix.test.js
 PASS js-fuzzer-closure-e51e12636ab5.js [6780/10000] status=ok obs=7f39f8317fbd coverage=+0/32/38 time=2ms
  RUN js-fuzzer-block-scope-056e31486d60.js [6781/10000] md5=056e31486d6076b39b9b6454f54dba4b bytes=114 template=block-scope origin=seed:tests/corpus/obfuscation/extern-slot-permutation.test.js
 PASS js-fuzzer-block-scope-056e31486d60.js [6781/10000] status=ok obs=a97da629b098 coverage=+0/32/38 time=2ms
  RUN js-fuzzer-loop-d35707ad0bf7.js [6782/10000] md5=d35707ad0bf74148f671ad8943998af6 bytes=81 template=loop origin=seed:tests/corpus/obfuscation/externs-console.test.js
 PASS js-fuzzer-loop-d35707ad0bf7.js [6782/10000] status=ok obs=9bf31c7ff062 coverage=+0/32/38 time=1ms
  RUN js-fuzzer-try-catch-8a297d00e90e.js [6783/10000] md5=8a297d00e90eb93174a6d6eeae5be951 bytes=110 template=try-catch origin=seed:tests/corpus/obfuscation/seed-sensitive-functions.test.js
 PASS js-fuzzer-try-catch-8a297d00e90e.js [6783/10000] status=ok obs=98f137082101 coverage=+0/32/38 time=2ms
  RUN js-fuzzer-boundary-512d8e9b531d.js [6784/10000] md5=512d8e9b531dd316e823325cc949e70e bytes=123 template=boundary origin=boundary:-2147483648
 PASS js-fuzzer-boundary-512d8e9b531d.js [6784/10000] status=ok obs=034ff5946105 coverage=+0/32/38 time=1ms
  RUN js-fuzzer-arithmetic-058caec742e3.js [6785/10000] md5=058caec742e3135455b7ae21cd0fe918 bytes=84 template=arithmetic origin=seed:tests/corpus/regressions/multiple-functions-fib-add.test.js
 PASS js-fuzzer-arithmetic-058caec742e3.js [6785/10000] status=ok obs=32bb90e8976a coverage=+0/32/38 time=2ms
  RUN js-fuzzer-function-ba7ea055d439.js [6786/10000] md5=ba7ea055d4397ffca213251195491d86 bytes=153 template=function origin=seed:tests/corpus/regressions/scope-compressed-closure-params.test.js
 PASS js-fuzzer-function-ba7ea055d439.js [6786/10000] status=ok obs=8f14e45fceea coverage=+0/32/38 time=2ms
  RUN js-fuzzer-corpus-a07012429fce.js [6787/10000] md5=a07012429fce4b4d7c8af42f445f70b9 bytes=163 template=corpus origin=tests/corpus/runtime/arrays-objects-methods.test.js
 PASS js-fuzzer-corpus-a07012429fce.js [6787/10000] status=ok obs=c51ce410c124 coverage=+0/32/38 time=1ms
  RUN js-fuzzer-closure-b4f2e99793dc.js [6788/10000] md5=b4f2e99793dc0c4fef2f84addfd1b5ba bytes=185 template=closure origin=seed:tests/corpus/runtime/block-scopes.test.js
 PASS js-fuzzer-closure-b4f2e99793dc.js [6788/10000] status=ok obs=b53b3a3d6ab9 coverage=+0/32/38 time=2ms
  RUN js-fuzzer-block-scope-147cf17f3cbb.js [6789/10000] md5=147cf17f3cbb5c30886492372159c1c8 bytes=114 template=block-scope origin=seed:tests/corpus/runtime/class-fields-static-methods.test.js
 PASS js-fuzzer-block-scope-147cf17f3cbb.js [6789/10000] status=ok obs=6974ce5ac660 coverage=+0/32/38 time=2ms
  RUN js-fuzzer-loop-54e460cecf5c.js [6790/10000] md5=54e460cecf5c05dfcffaa3b2e5f57445 bytes=81 template=loop origin=seed:tests/corpus/runtime/classes-and-objects.test.js
 PASS js-fuzzer-loop-54e460cecf5c.js [6790/10000] status=ok obs=d3d9446802a4 coverage=+0/32/38 time=1ms
  RUN js-fuzzer-boundary-db03eeac3914.js [6791/10000] md5=db03eeac3914e8f0a7bfea9eefe9f0de bytes=114 template=boundary origin=boundary:-2
 PASS js-fuzzer-boundary-db03eeac3914.js [6791/10000] status=ok obs=5d7b9adcbe1c coverage=+0/32/38 time=2ms
  RUN js-fuzzer-class-5baf4bed5db4.js [6792/10000] md5=5baf4bed5db4f8205173226efc8fff73 bytes=101 template=class origin=seed:tests/corpus/runtime/closures-read-captured-values.test.js
 PASS js-fuzzer-class-5baf4bed5db4.js [6792/10000] status=ok obs=6f4922f45568 coverage=+0/32/38 time=1ms
  RUN js-fuzzer-arithmetic-582de1362aab.js [6793/10000] md5=582de1362aab248cb005c8b53717eccf bytes=83 template=arithmetic origin=seed:tests/corpus/runtime/exceptions-and-nullish.test.js
 PASS js-fuzzer-arithmetic-582de1362aab.js [6793/10000] status=ok obs=c9f0f895fb98 coverage=+0/32/38 time=2ms
  RUN js-fuzzer-function-831f4ac0cd0e.js [6794/10000] md5=831f4ac0cd0ee5c472d5e3bccfaabf34 bytes=153 template=function origin=seed:tests/corpus/runtime/functions-closures-and-arrows.test.js
 PASS js-fuzzer-function-831f4ac0cd0e.js [6794/10000] status=ok obs=c9f0f895fb98 coverage=+0/32/38 time=2ms
  RUN js-fuzzer-array-object-85fecb8d753c.js [6795/10000] md5=85fecb8d753c2b3d56dfa4f1bb5dc1d7 bytes=133 template=array-object origin=seed:tests/corpus/runtime/lexical-shadowing.test.js
 PASS js-fuzzer-array-object-85fecb8d753c.js [6795/10000] status=ok obs=c20ad4d76fe9 coverage=+0/32/38 time=2ms
  RUN js-fuzzer-corpus-4131d841163b.js [6796/10000] md5=4131d841163b79e192bca9d4fc683c54 bytes=58 template=corpus origin=tests/corpus/runtime/modules-export.test.js
 PASS js-fuzzer-corpus-4131d841163b.js [6796/10000] status=ok obs=8f14e45fceea coverage=+0/32/38 time=1ms
  RUN js-fuzzer-block-scope-c62bd24f87c9.js [6797/10000] md5=c62bd24f87c9561c1ce7bf862c28f95d bytes=114 template=block-scope origin=seed:tests/corpus/runtime/nested-try-finally.test.js
 PASS js-fuzzer-block-scope-c62bd24f87c9.js [6797/10000] status=ok obs=ec8956637a99 coverage=+0/32/38 time=2ms
  RUN js-fuzzer-boundary-61a9a82f5f08.js [6798/10000] md5=61a9a82f5f08bc177f13c805ba785d7d bytes=114 template=boundary origin=boundary:-1
 PASS js-fuzzer-boundary-61a9a82f5f08.js [6798/10000] status=ok obs=6bb61e3b7bce coverage=+0/32/38 time=1ms
  RUN js-fuzzer-try-catch-10b006553cce.js [6799/10000] md5=10b006553cced3afac446c8e96bc0d8a bytes=110 template=try-catch origin=seed:tests/corpus/syntax/logical-unary-nullish.test.js
 PASS js-fuzzer-try-catch-10b006553cce.js [6799/10000] status=ok obs=8e296a067a37 coverage=+0/32/38 time=2ms
  RUN js-fuzzer-class-47fbd3db5853.js [6800/10000] md5=47fbd3db58539fc2e42627a4f3168c79 bytes=101 template=class origin=seed:tests/corpus/syntax/object-destructure-and-members.test.js
 PASS js-fuzzer-class-47fbd3db5853.js [6800/10000] status=ok obs=98f137082101 coverage=+0/32/38 time=1ms
  RUN js-fuzzer-arithmetic-0597a4712cd0.js [6801/10000] md5=0597a4712cd087ac3adc3327c5ac68f3 bytes=85 template=arithmetic origin=seed:tests/corpus/syntax/switch-do-while-sequence.test.js
 PASS js-fuzzer-arithmetic-0597a4712cd0.js [6801/10000] status=ok obs=006f52e9102a coverage=+0/32/38 time=2ms
  RUN js-fuzzer-function-3c5d7cd75696.js [6802/10000] md5=3c5d7cd75696cd405bd2fe4a10121d7f bytes=153 template=function origin=seed:tests/corpus/syntax/template-array-destructure.test.js
 PASS js-fuzzer-function-3c5d7cd75696.js [6802/10000] status=ok obs=c20ad4d76fe9 coverage=+0/32/38 time=2ms
  RUN js-fuzzer-array-object-e47dcccf7804.js [6803/10000] md5=e47dcccf7804ec651cce57f5364b9e8b bytes=133 template=array-object origin=seed:tests/corpus/syntax/typescript-assertions.test.ts
 PASS js-fuzzer-array-object-e47dcccf7804.js [6803/10000] status=ok obs=8f14e45fceea coverage=+0/32/38 time=1ms
  RUN js-fuzzer-closure-1d466197f780.js [6804/10000] md5=1d466197f780581c10c78bc9a1e10794 bytes=183 template=closure origin=seed:tests/corpus/syntax/typescript-non-null-satisfies.test.ts
 PASS js-fuzzer-closure-1d466197f780.js [6804/10000] status=ok obs=6ea9ab1baa0e coverage=+0/32/38 time=2ms
  RUN js-fuzzer-corpus-797f152bf878.js [6805/10000] md5=797f152bf878d5049066c6db6d2360b3 bytes=355 template=corpus origin=tests/corpus/fixtures/job-workflow.test.js
 PASS js-fuzzer-corpus-797f152bf878.js [6805/10000] status=ok obs=b9de0628c8ec coverage=+0/32/38 time=2ms
  RUN js-fuzzer-loop-d35707ad0bf7.js [6806/10000] md5=d35707ad0bf74148f671ad8943998af6 bytes=81 template=loop origin=seed:tests/corpus/fixtures/state-machine-workflow.test.js
 PASS js-fuzzer-loop-d35707ad0bf7.js [6806/10000] status=ok obs=9bf31c7ff062 coverage=+0/32/38 time=2ms
  RUN js-fuzzer-try-catch-7b36a94abb6d.js [6807/10000] md5=7b36a94abb6ddf002e9dd3f3d3a0cea5 bytes=110 template=try-catch origin=seed:tests/corpus/fixtures/vue-script-workflow.test.vue
 PASS js-fuzzer-try-catch-7b36a94abb6d.js [6807/10000] status=ok obs=37693cfc7480 coverage=+0/32/38 time=2ms
  RUN js-fuzzer-class-5baf4bed5db4.js [6808/10000] md5=5baf4bed5db4f8205173226efc8fff73 bytes=101 template=class origin=seed:tests/corpus/obfuscation/constant-tag-mix.test.js
 PASS js-fuzzer-class-5baf4bed5db4.js [6808/10000] status=ok obs=6f4922f45568 coverage=+0/32/38 time=1ms
  RUN js-fuzzer-arithmetic-8f0ec8fcbb46.js [6809/10000] md5=8f0ec8fcbb46fa63357227f55b65a17c bytes=84 template=arithmetic origin=seed:tests/corpus/obfuscation/extern-slot-permutation.test.js
 PASS js-fuzzer-arithmetic-8f0ec8fcbb46.js [6809/10000] status=ok obs=9778d5d219c5 coverage=+0/32/38 time=2ms
  RUN js-fuzzer-function-805986a3b478.js [6810/10000] md5=805986a3b4784e72cf43592e25340692 bytes=153 template=function origin=seed:tests/corpus/obfuscation/externs-console.test.js
 PASS js-fuzzer-function-805986a3b478.js [6810/10000] status=ok obs=c51ce410c124 coverage=+0/32/38 time=2ms
  RUN js-fuzzer-array-object-8ed90bc588fc.js [6811/10000] md5=8ed90bc588fc759abef9edfbc402999b bytes=133 template=array-object origin=seed:tests/corpus/obfuscation/seed-sensitive-functions.test.js
 PASS js-fuzzer-array-object-8ed90bc588fc.js [6811/10000] status=ok obs=1679091c5a88 coverage=+0/32/38 time=2ms
  RUN js-fuzzer-boundary-6330cdecf02f.js [6812/10000] md5=6330cdecf02f68328876d88213acc2ac bytes=128 template=boundary origin=boundary:9007199254740991
 PASS js-fuzzer-boundary-6330cdecf02f.js [6812/10000] status=ok obs=8bfa9ad090fb coverage=+0/32/38 time=1ms
  RUN js-fuzzer-block-scope-ab0f2499d1e3.js [6813/10000] md5=ab0f2499d1e3e85809685eebdc3d745d bytes=114 template=block-scope origin=seed:tests/corpus/regressions/multiple-functions-fib-add.test.js
 PASS js-fuzzer-block-scope-ab0f2499d1e3.js [6813/10000] status=ok obs=a3c65c297427 coverage=+0/32/38 time=2ms
  RUN js-fuzzer-corpus-c28cfb056309.js [6814/10000] md5=c28cfb056309f2a77f8bd9756b123c54 bytes=147 template=corpus origin=tests/corpus/regressions/scope-compressed-closure-params.test.js
 PASS js-fuzzer-corpus-c28cfb056309.js [6814/10000] status=ok obs=c51ce410c124 coverage=+0/32/38 time=2ms
  RUN js-fuzzer-try-catch-7b36a94abb6d.js [6815/10000] md5=7b36a94abb6ddf002e9dd3f3d3a0cea5 bytes=110 template=try-catch origin=seed:tests/corpus/runtime/arrays-objects-methods.test.js
 PASS js-fuzzer-try-catch-7b36a94abb6d.js [6815/10000] status=ok obs=37693cfc7480 coverage=+0/32/38 time=1ms
  RUN js-fuzzer-class-a365d1a76b7b.js [6816/10000] md5=a365d1a76b7b0d4310621afa7caac433 bytes=100 template=class origin=seed:tests/corpus/runtime/block-scopes.test.js
 PASS js-fuzzer-class-a365d1a76b7b.js [6816/10000] status=ok obs=8f14e45fceea coverage=+0/32/38 time=2ms
  RUN js-fuzzer-arithmetic-0c9d1e0dc94d.js [6817/10000] md5=0c9d1e0dc94d6249ec3e28f826b02804 bytes=84 template=arithmetic origin=seed:tests/corpus/runtime/class-fields-static-methods.test.js
 PASS js-fuzzer-arithmetic-0c9d1e0dc94d.js [6817/10000] status=ok obs=6974ce5ac660 coverage=+0/32/38 time=1ms
  RUN js-fuzzer-function-79bb4335938d.js [6818/10000] md5=79bb4335938d82d557d11e6633b235d0 bytes=153 template=function origin=seed:tests/corpus/runtime/classes-and-objects.test.js
 PASS js-fuzzer-function-79bb4335938d.js [6818/10000] status=ok obs=6512bd43d9ca coverage=+0/32/38 time=2ms
  RUN js-fuzzer-boundary-86f8354fc6fd.js [6819/10000] md5=86f8354fc6fd092b05683bbf230dc769 bytes=122 template=boundary origin=boundary:2147483647
 PASS js-fuzzer-boundary-86f8354fc6fd.js [6819/10000] status=ok obs=c588c0a459f4 coverage=+0/32/38 time=2ms
  RUN js-fuzzer-closure-b4f2e99793dc.js [6820/10000] md5=b4f2e99793dc0c4fef2f84addfd1b5ba bytes=185 template=closure origin=seed:tests/corpus/runtime/closures-read-captured-values.test.js
 PASS js-fuzzer-closure-b4f2e99793dc.js [6820/10000] status=ok obs=b53b3a3d6ab9 coverage=+0/32/38 time=1ms
  RUN js-fuzzer-block-scope-080bd5d06140.js [6821/10000] md5=080bd5d06140a29fbd1527c29333c5c8 bytes=114 template=block-scope origin=seed:tests/corpus/runtime/exceptions-and-nullish.test.js
 PASS js-fuzzer-block-scope-080bd5d06140.js [6821/10000] status=ok obs=c9e1074f5b3f coverage=+0/32/38 time=2ms
  RUN js-fuzzer-loop-d35707ad0bf7.js [6822/10000] md5=d35707ad0bf74148f671ad8943998af6 bytes=81 template=loop origin=seed:tests/corpus/runtime/functions-closures-and-arrows.test.js
 PASS js-fuzzer-loop-d35707ad0bf7.js [6822/10000] status=ok obs=9bf31c7ff062 coverage=+0/32/38 time=2ms
  RUN js-fuzzer-corpus-463d4dee8a1f.js [6823/10000] md5=463d4dee8a1f930fa8af57a704cacf3e bytes=232 template=corpus origin=tests/corpus/runtime/lexical-shadowing.test.js
 PASS js-fuzzer-corpus-463d4dee8a1f.js [6823/10000] status=ok obs=c51ce410c124 coverage=+0/32/38 time=2ms
  RUN js-fuzzer-class-47fbd3db5853.js [6824/10000] md5=47fbd3db58539fc2e42627a4f3168c79 bytes=101 template=class origin=seed:tests/corpus/runtime/modules-export.test.js
 PASS js-fuzzer-class-47fbd3db5853.js [6824/10000] status=ok obs=98f137082101 coverage=+0/32/38 time=2ms
  RUN js-fuzzer-arithmetic-be66c5a75c43.js [6825/10000] md5=be66c5a75c43a0ae1dac2e92e807a185 bytes=85 template=arithmetic origin=seed:tests/corpus/runtime/nested-try-finally.test.js
 PASS js-fuzzer-arithmetic-be66c5a75c43.js [6825/10000] status=ok obs=7cbbc409ec99 coverage=+0/32/38 time=1ms
  RUN js-fuzzer-boundary-e33d9dc9cd6c.js [6826/10000] md5=e33d9dc9cd6c84ec6ac6a01d1d18c4f2 bytes=113 template=boundary origin=boundary:2
 PASS js-fuzzer-boundary-e33d9dc9cd6c.js [6826/10000] status=ok obs=c81e728d9d4c coverage=+0/32/38 time=2ms
  RUN js-fuzzer-array-object-a244dfafd79f.js [6827/10000] md5=a244dfafd79f91934c043392410aad67 bytes=133 template=array-object origin=seed:tests/corpus/syntax/logical-unary-nullish.test.js
 PASS js-fuzzer-array-object-a244dfafd79f.js [6827/10000] status=ok obs=70efdf2ec9b0 coverage=+0/32/38 time=2ms
  RUN js-fuzzer-closure-43fa8bece5dc.js [6828/10000] md5=43fa8bece5dcadac657150fa96c933d9 bytes=184 template=closure origin=seed:tests/corpus/syntax/object-destructure-and-members.test.js
 PASS js-fuzzer-closure-43fa8bece5dc.js [6828/10000] status=ok obs=02e74f10e032 coverage=+0/32/38 time=1ms
  RUN js-fuzzer-block-scope-94c02c5f9dd5.js [6829/10000] md5=94c02c5f9dd5a71f193fc5bdc917b6b5 bytes=114 template=block-scope origin=seed:tests/corpus/syntax/switch-do-while-sequence.test.js
 PASS js-fuzzer-block-scope-94c02c5f9dd5.js [6829/10000] status=ok obs=6974ce5ac660 coverage=+0/32/38 time=2ms
  RUN js-fuzzer-loop-55c7c905bffb.js [6830/10000] md5=55c7c905bffb4bbbc4c8fb9b91df6ad8 bytes=81 template=loop origin=seed:tests/corpus/syntax/template-array-destructure.test.js
 PASS js-fuzzer-loop-55c7c905bffb.js [6830/10000] status=ok obs=eccbc87e4b5c coverage=+0/32/38 time=1ms
  RUN js-fuzzer-try-catch-949865ef2d04.js [6831/10000] md5=949865ef2d045cce3ed2d503f7e03e63 bytes=110 template=try-catch origin=seed:tests/corpus/syntax/typescript-assertions.test.ts
 PASS js-fuzzer-try-catch-949865ef2d04.js [6831/10000] status=ok obs=6f4922f45568 coverage=+0/32/38 time=2ms
  RUN js-fuzzer-corpus-e3eeaea0f8a2.js [6832/10000] md5=e3eeaea0f8a2c5d5b650d4007cf78b4a bytes=104 template=corpus origin=tests/corpus/syntax/typescript-non-null-satisfies.test.ts
 PASS js-fuzzer-corpus-e3eeaea0f8a2.js [6832/10000] status=ok obs=d3d9446802a4 coverage=+0/32/38 time=2ms
  RUN js-fuzzer-boundary-ccde2dac26f6.js [6833/10000] md5=ccde2dac26f6d3fd46c3698825685fe3 bytes=113 template=boundary origin=boundary:1
 PASS js-fuzzer-boundary-ccde2dac26f6.js [6833/10000] status=ok obs=c4ca4238a0b9 coverage=+0/32/38 time=1ms
  RUN js-fuzzer-function-134a85d12098.js [6834/10000] md5=134a85d120985077bd24a3a53ac64560 bytes=153 template=function origin=seed:tests/corpus/fixtures/state-machine-workflow.test.js
 PASS js-fuzzer-function-134a85d12098.js [6834/10000] status=ok obs=1679091c5a88 coverage=+0/32/38 time=2ms
  RUN js-fuzzer-array-object-53b236151ae6.js [6835/10000] md5=53b236151ae6a45fb38321564302effa bytes=133 template=array-object origin=seed:tests/corpus/fixtures/vue-script-workflow.test.vue
 PASS js-fuzzer-array-object-53b236151ae6.js [6835/10000] status=ok obs=d3d9446802a4 coverage=+0/32/38 time=2ms
  RUN js-fuzzer-closure-568d55d4bf17.js [6836/10000] md5=568d55d4bf1786fac40e15100031150c bytes=185 template=closure origin=seed:tests/corpus/obfuscation/constant-tag-mix.test.js
 PASS js-fuzzer-closure-568d55d4bf17.js [6836/10000] status=ok obs=67c6a1e7ce56 coverage=+0/32/38 time=1ms
  RUN js-fuzzer-block-scope-d175622db4b2.js [6837/10000] md5=d175622db4b224d8baf843cc2e215ae0 bytes=114 template=block-scope origin=seed:tests/corpus/obfuscation/extern-slot-permutation.test.js
 PASS js-fuzzer-block-scope-d175622db4b2.js [6837/10000] status=ok obs=6974ce5ac660 coverage=+0/32/38 time=2ms
  RUN js-fuzzer-loop-f495ca2fc638.js [6838/10000] md5=f495ca2fc6389f933578fc501f5b1465 bytes=81 template=loop origin=seed:tests/corpus/obfuscation/externs-console.test.js
 PASS js-fuzzer-loop-f495ca2fc638.js [6838/10000] status=ok obs=c4ca4238a0b9 coverage=+0/32/38 time=2ms
  RUN js-fuzzer-try-catch-10b006553cce.js [6839/10000] md5=10b006553cced3afac446c8e96bc0d8a bytes=110 template=try-catch origin=seed:tests/corpus/obfuscation/seed-sensitive-functions.test.js
 PASS js-fuzzer-try-catch-10b006553cce.js [6839/10000] status=ok obs=8e296a067a37 coverage=+0/32/38 time=1ms
  RUN js-fuzzer-boundary-6aec0a9b1ff4.js [6840/10000] md5=6aec0a9b1ff4294bcfecb539ba7e660b bytes=129 template=boundary origin=boundary:-9007199254740991
 PASS js-fuzzer-boundary-6aec0a9b1ff4.js [6840/10000] status=ok obs=b3f3a95848f6 coverage=+0/32/38 time=2ms
  RUN js-fuzzer-corpus-ad9ed8746461.js [6841/10000] md5=ad9ed87464611c6dd81b04b3754c760c bytes=214 template=corpus origin=tests/corpus/regressions/multiple-functions-fib-add.test.js
 PASS js-fuzzer-corpus-ad9ed8746461.js [6841/10000] status=ok obs=3c59dc048e88 coverage=+0/32/38 time=2ms
  RUN js-fuzzer-function-e04598e59cc1.js [6842/10000] md5=e04598e59cc109c5f5c20638fe37a892 bytes=153 template=function origin=seed:tests/corpus/regressions/scope-compressed-closure-params.test.js
 PASS js-fuzzer-function-e04598e59cc1.js [6842/10000] status=ok obs=d3d9446802a4 coverage=+0/32/38 time=2ms
  RUN js-fuzzer-array-object-db813713b7a2.js [6843/10000] md5=db813713b7a2ed6762f2689c4897992b bytes=133 template=array-object origin=seed:tests/corpus/runtime/arrays-objects-methods.test.js
 PASS js-fuzzer-array-object-db813713b7a2.js [6843/10000] status=ok obs=1679091c5a88 coverage=+0/32/38 time=2ms
  RUN js-fuzzer-closure-21beddabec93.js [6844/10000] md5=21beddabec9302170cf9a8410a8f79a0 bytes=183 template=closure origin=seed:tests/corpus/runtime/block-scopes.test.js
 PASS js-fuzzer-closure-21beddabec93.js [6844/10000] status=ok obs=9bf31c7ff062 coverage=+0/32/38 time=1ms
  RUN js-fuzzer-block-scope-cd4ca530ceaa.js [6845/10000] md5=cd4ca530ceaae2742d31ed87b34a7cc3 bytes=114 template=block-scope origin=seed:tests/corpus/runtime/class-fields-static-methods.test.js
 PASS js-fuzzer-block-scope-cd4ca530ceaa.js [6845/10000] status=ok obs=c9e1074f5b3f coverage=+0/32/38 time=2ms
  RUN js-fuzzer-loop-d35707ad0bf7.js [6846/10000] md5=d35707ad0bf74148f671ad8943998af6 bytes=81 template=loop origin=seed:tests/corpus/runtime/classes-and-objects.test.js
 PASS js-fuzzer-loop-d35707ad0bf7.js [6846/10000] status=ok obs=9bf31c7ff062 coverage=+0/32/38 time=2ms
  RUN js-fuzzer-boundary-4b8e58e2bd3b.js [6847/10000] md5=4b8e58e2bd3bc437f093fe0ab13ce109 bytes=123 template=boundary origin=boundary:-2147483648
 PASS js-fuzzer-boundary-4b8e58e2bd3b.js [6847/10000] status=ok obs=034ff5946105 coverage=+0/32/38 time=1ms
  RUN js-fuzzer-class-7c36fc3c0ad4.js [6848/10000] md5=7c36fc3c0ad4461d5dbbcd7afdfb6b5c bytes=101 template=class origin=seed:tests/corpus/runtime/closures-read-captured-values.test.js
 PASS js-fuzzer-class-7c36fc3c0ad4.js [6848/10000] status=ok obs=d3d9446802a4 coverage=+0/32/38 time=2ms
  RUN js-fuzzer-arithmetic-24cd5a24f92d.js [6849/10000] md5=24cd5a24f92db2754d31996200ac8bcc bytes=84 template=arithmetic origin=seed:tests/corpus/runtime/exceptions-and-nullish.test.js
 PASS js-fuzzer-arithmetic-24cd5a24f92d.js [6849/10000] status=ok obs=a4a042cf4fd6 coverage=+0/32/38 time=1ms
  RUN js-fuzzer-corpus-72746d071c58.js [6850/10000] md5=72746d071c58fadd9399bc8934c30553 bytes=197 template=corpus origin=tests/corpus/runtime/functions-closures-and-arrows.test.js
 PASS js-fuzzer-corpus-72746d071c58.js [6850/10000] status=ok obs=c74d97b01eae coverage=+0/32/38 time=2ms
  RUN js-fuzzer-array-object-c3725e846e6c.js [6851/10000] md5=c3725e846e6c6a98f2049effc2256a80 bytes=133 template=array-object origin=seed:tests/corpus/runtime/lexical-shadowing.test.js
 PASS js-fuzzer-array-object-c3725e846e6c.js [6851/10000] status=ok obs=c20ad4d76fe9 coverage=+0/32/38 time=2ms
  RUN js-fuzzer-closure-b7ed14c32c9b.js [6852/10000] md5=b7ed14c32c9bbeb7176c201ccf10300e bytes=183 template=closure origin=seed:tests/corpus/runtime/modules-export.test.js
 PASS js-fuzzer-closure-b7ed14c32c9b.js [6852/10000] status=ok obs=8f14e45fceea coverage=+0/32/38 time=1ms
  RUN js-fuzzer-block-scope-174fa4fc97e1.js [6853/10000] md5=174fa4fc97e1645d7383ebda1e653a4c bytes=114 template=block-scope origin=seed:tests/corpus/runtime/nested-try-finally.test.js
 PASS js-fuzzer-block-scope-174fa4fc97e1.js [6853/10000] status=ok obs=a3c65c297427 coverage=+0/32/38 time=2ms
  RUN js-fuzzer-boundary-6d89c3a838ae.js [6854/10000] md5=6d89c3a838ae354bda64ec37ec2b63b1 bytes=114 template=boundary origin=boundary:-2
 PASS js-fuzzer-boundary-6d89c3a838ae.js [6854/10000] status=ok obs=5d7b9adcbe1c coverage=+0/32/38 time=2ms
  RUN js-fuzzer-try-catch-70fffa3518b3.js [6855/10000] md5=70fffa3518b3cd8f92c92fd09e60ecbc bytes=110 template=try-catch origin=seed:tests/corpus/syntax/logical-unary-nullish.test.js
 PASS js-fuzzer-try-catch-70fffa3518b3.js [6855/10000] status=ok obs=a5bfc9e07964 coverage=+0/32/38 time=1ms
  RUN js-fuzzer-class-47fbd3db5853.js [6856/10000] md5=47fbd3db58539fc2e42627a4f3168c79 bytes=101 template=class origin=seed:tests/corpus/syntax/object-destructure-and-members.test.js
 PASS js-fuzzer-class-47fbd3db5853.js [6856/10000] status=ok obs=98f137082101 coverage=+0/32/38 time=2ms
  RUN js-fuzzer-arithmetic-90ec2d4636a9.js [6857/10000] md5=90ec2d4636a934c197ad4597aef1bf15 bytes=84 template=arithmetic origin=seed:tests/corpus/syntax/switch-do-while-sequence.test.js
 PASS js-fuzzer-arithmetic-90ec2d4636a9.js [6857/10000] status=ok obs=fbd7939d6749 coverage=+0/32/38 time=1ms
  RUN js-fuzzer-function-88a1a2ce9ecc.js [6858/10000] md5=88a1a2ce9eccc8d7f1092c43da9e0b1f bytes=153 template=function origin=seed:tests/corpus/syntax/template-array-destructure.test.js
 PASS js-fuzzer-function-88a1a2ce9ecc.js [6858/10000] status=ok obs=45c48cce2e2d coverage=+0/32/38 time=2ms
  RUN js-fuzzer-corpus-57a83a4b020d.js [6859/10000] md5=57a83a4b020d4b85b42b0a3709f283ad bytes=130 template=corpus origin=tests/corpus/syntax/typescript-assertions.test.ts
 PASS js-fuzzer-corpus-57a83a4b020d.js [6859/10000] status=ok obs=45c48cce2e2d coverage=+0/32/38 time=2ms
  RUN js-fuzzer-closure-0d6fde1f31b8.js [6860/10000] md5=0d6fde1f31b85426bed3ac1e80720d67 bytes=184 template=closure origin=seed:tests/corpus/syntax/typescript-non-null-satisfies.test.ts
 PASS js-fuzzer-closure-0d6fde1f31b8.js [6860/10000] status=ok obs=a5bfc9e07964 coverage=+0/32/38 time=1ms
  RUN js-fuzzer-boundary-7f379f781f4f.js [6861/10000] md5=7f379f781f4f9844733fb0f4c5d8aa15 bytes=114 template=boundary origin=boundary:-1
 PASS js-fuzzer-boundary-7f379f781f4f.js [6861/10000] status=ok obs=6bb61e3b7bce coverage=+0/32/38 time=1ms
  RUN js-fuzzer-loop-d35707ad0bf7.js [6862/10000] md5=d35707ad0bf74148f671ad8943998af6 bytes=81 template=loop origin=seed:tests/corpus/fixtures/state-machine-workflow.test.js
 PASS js-fuzzer-loop-d35707ad0bf7.js [6862/10000] status=ok obs=9bf31c7ff062 coverage=+0/32/38 time=2ms
  RUN js-fuzzer-try-catch-a4e2330c4919.js [6863/10000] md5=a4e2330c49196805169dbf8449e466fa bytes=110 template=try-catch origin=seed:tests/corpus/fixtures/vue-script-workflow.test.vue
 PASS js-fuzzer-try-catch-a4e2330c4919.js [6863/10000] status=ok obs=3c59dc048e88 coverage=+0/32/38 time=1ms
  RUN js-fuzzer-class-b901915e3eda.js [6864/10000] md5=b901915e3eda1a96f77dcec9fff681b5 bytes=100 template=class origin=seed:tests/corpus/obfuscation/constant-tag-mix.test.js
 PASS js-fuzzer-class-b901915e3eda.js [6864/10000] status=ok obs=c81e728d9d4c coverage=+0/32/38 time=2ms
  RUN js-fuzzer-arithmetic-84fc2eb21a56.js [6865/10000] md5=84fc2eb21a56b7b8c80121c1fc41bc51 bytes=85 template=arithmetic origin=seed:tests/corpus/obfuscation/extern-slot-permutation.test.js
 PASS js-fuzzer-arithmetic-84fc2eb21a56.js [6865/10000] status=ok obs=0f28b5d49b30 coverage=+0/32/38 time=2ms
  RUN js-fuzzer-function-d9597d28535f.js [6866/10000] md5=d9597d28535fd2b10f5ca10cf87a7bb6 bytes=153 template=function origin=seed:tests/corpus/obfuscation/externs-console.test.js
 PASS js-fuzzer-function-d9597d28535f.js [6866/10000] status=ok obs=6f4922f45568 coverage=+0/32/38 time=2ms
  RUN js-fuzzer-array-object-28591928af0f.js [6867/10000] md5=28591928af0f61c6bb3fd35bcb850120 bytes=133 template=array-object origin=seed:tests/corpus/obfuscation/seed-sensitive-functions.test.js
 PASS js-fuzzer-array-object-28591928af0f.js [6867/10000] status=ok obs=c74d97b01eae coverage=+0/32/38 time=2ms
  RUN js-fuzzer-corpus-79643e915862.js [6868/10000] md5=79643e91586251700d34c0c65a0220da bytes=89 template=corpus origin=tests/corpus/regressions/destructuring-lowers-to-member.test.js
 PASS js-fuzzer-corpus-79643e915862.js [6868/10000] status=ok obs=eccbc87e4b5c coverage=+0/32/38 time=1ms
  RUN js-fuzzer-block-scope-bdee2ca933f4.js [6869/10000] md5=bdee2ca933f4d75f33d7f05fede856cb bytes=114 template=block-scope origin=seed:tests/corpus/regressions/multiple-functions-fib-add.test.js
 PASS js-fuzzer-block-scope-bdee2ca933f4.js [6869/10000] status=ok obs=a3c65c297427 coverage=+0/32/38 time=2ms
  RUN js-fuzzer-loop-55c7c905bffb.js [6870/10000] md5=55c7c905bffb4bbbc4c8fb9b91df6ad8 bytes=81 template=loop origin=seed:tests/corpus/regressions/scope-compressed-closure-params.test.js
 PASS js-fuzzer-loop-55c7c905bffb.js [6870/10000] status=ok obs=eccbc87e4b5c coverage=+0/32/38 time=2ms
  RUN js-fuzzer-try-catch-56393ff77182.js [6871/10000] md5=56393ff771824d567a8911f280bf7f9d bytes=110 template=try-catch origin=seed:tests/corpus/runtime/arrays-objects-methods.test.js
 PASS js-fuzzer-try-catch-56393ff77182.js [6871/10000] status=ok obs=4e732ced3463 coverage=+0/32/38 time=1ms
  RUN js-fuzzer-class-7c36fc3c0ad4.js [6872/10000] md5=7c36fc3c0ad4461d5dbbcd7afdfb6b5c bytes=101 template=class origin=seed:tests/corpus/runtime/block-scopes.test.js
 PASS js-fuzzer-class-7c36fc3c0ad4.js [6872/10000] status=ok obs=d3d9446802a4 coverage=+0/32/38 time=2ms
  RUN js-fuzzer-arithmetic-4244f7a6b458.js [6873/10000] md5=4244f7a6b45810dfd77795fcf247ffec bytes=83 template=arithmetic origin=seed:tests/corpus/runtime/class-fields-static-methods.test.js
 PASS js-fuzzer-arithmetic-4244f7a6b458.js [6873/10000] status=ok obs=ad61ab143223 coverage=+0/32/38 time=2ms
  RUN js-fuzzer-function-2a74733dc731.js [6874/10000] md5=2a74733dc7313f8fa40f843496dd9ed4 bytes=153 template=function origin=seed:tests/corpus/runtime/classes-and-objects.test.js
 PASS js-fuzzer-function-2a74733dc731.js [6874/10000] status=ok obs=45c48cce2e2d coverage=+0/32/38 time=2ms
  RUN js-fuzzer-boundary-2b35f90895ea.js [6875/10000] md5=2b35f90895ea85111e562e627044f919 bytes=128 template=boundary origin=boundary:9007199254740991
 PASS js-fuzzer-boundary-2b35f90895ea.js [6875/10000] status=ok obs=8bfa9ad090fb coverage=+0/32/38 time=1ms
  RUN js-fuzzer-closure-6c4379e5198f.js [6876/10000] md5=6c4379e5198f6397b4039929be983222 bytes=184 template=closure origin=seed:tests/corpus/runtime/closures-read-captured-values.test.js
 PASS js-fuzzer-closure-6c4379e5198f.js [6876/10000] status=ok obs=72b32a1f754b coverage=+0/32/38 time=2ms
  RUN js-fuzzer-corpus-cf8fb96e8476.js [6877/10000] md5=cf8fb96e8476c262b73583c86dd80821 bytes=178 template=corpus origin=tests/corpus/runtime/exceptions-and-nullish.test.js
 PASS js-fuzzer-corpus-cf8fb96e8476.js [6877/10000] status=ok obs=24ed5e8718fc coverage=+0/32/38 time=2ms
  RUN js-fuzzer-loop-bbf1d7a15d8d.js [6878/10000] md5=bbf1d7a15d8dd015402d75c0e0108b5f bytes=81 template=loop origin=seed:tests/corpus/runtime/functions-closures-and-arrows.test.js
 PASS js-fuzzer-loop-bbf1d7a15d8d.js [6878/10000] status=ok obs=1679091c5a88 coverage=+0/32/38 time=1ms
  RUN js-fuzzer-try-catch-a173285175b8.js [6879/10000] md5=a173285175b813cddca62eb427efafd5 bytes=110 template=try-catch origin=seed:tests/corpus/runtime/lexical-shadowing.test.js
 PASS js-fuzzer-try-catch-a173285175b8.js [6879/10000] status=ok obs=9a1158154dfa coverage=+0/32/38 time=2ms
  RUN js-fuzzer-class-b901915e3eda.js [6880/10000] md5=b901915e3eda1a96f77dcec9fff681b5 bytes=100 template=class origin=seed:tests/corpus/runtime/modules-export.test.js
 PASS js-fuzzer-class-b901915e3eda.js [6880/10000] status=ok obs=c81e728d9d4c coverage=+0/32/38 time=2ms
  RUN js-fuzzer-arithmetic-1edd2fa52998.js [6881/10000] md5=1edd2fa52998faa3f30f52cc58bed070 bytes=84 template=arithmetic origin=seed:tests/corpus/runtime/nested-try-finally.test.js
 PASS js-fuzzer-arithmetic-1edd2fa52998.js [6881/10000] status=ok obs=1ff1de774005 coverage=+0/32/38 time=1ms
  RUN js-fuzzer-boundary-ac080ee0add8.js [6882/10000] md5=ac080ee0add8a3967f40d078a13e076b bytes=122 template=boundary origin=boundary:2147483647
 PASS js-fuzzer-boundary-ac080ee0add8.js [6882/10000] status=ok obs=c588c0a459f4 coverage=+0/32/38 time=2ms
  RUN js-fuzzer-array-object-a06ea78e8005.js [6883/10000] md5=a06ea78e800585ecab9ff8eb65ea34f2 bytes=133 template=array-object origin=seed:tests/corpus/syntax/logical-unary-nullish.test.js
 PASS js-fuzzer-array-object-a06ea78e8005.js [6883/10000] status=ok obs=c74d97b01eae coverage=+0/32/38 time=2ms
  RUN js-fuzzer-closure-860fba736987.js [6884/10000] md5=860fba736987961b54f54d0ffe0a636b bytes=183 template=closure origin=seed:tests/corpus/syntax/object-destructure-and-members.test.js
 PASS js-fuzzer-closure-860fba736987.js [6884/10000] status=ok obs=1f0e3dad9990 coverage=+0/32/38 time=1ms
  RUN js-fuzzer-block-scope-92fded31019c.js [6885/10000] md5=92fded31019c366b63c0d84345739f9a bytes=114 template=block-scope origin=seed:tests/corpus/syntax/switch-do-while-sequence.test.js
 PASS js-fuzzer-block-scope-92fded31019c.js [6885/10000] status=ok obs=65b9eea6e1cc coverage=+0/32/38 time=2ms
  RUN js-fuzzer-corpus-ff388659a641.js [6886/10000] md5=ff388659a6419d1e6e01ce4e7151a52e bytes=135 template=corpus origin=tests/corpus/syntax/template-array-destructure.test.js
 PASS js-fuzzer-corpus-ff388659a641.js [6886/10000] status=ok obs=f61c9a8be43c coverage=+0/32/38 time=2ms
  RUN js-fuzzer-try-catch-081c74da6bdb.js [6887/10000] md5=081c74da6bdbcec08ff71798dacff9f1 bytes=110 template=try-catch origin=seed:tests/corpus/syntax/typescript-assertions.test.ts
 PASS js-fuzzer-try-catch-081c74da6bdb.js [6887/10000] status=ok obs=6c8349cc7260 coverage=+0/32/38 time=1ms
  RUN js-fuzzer-class-a35a4dd2f302.js [6888/10000] md5=a35a4dd2f302fda9a0e8d6e2c980c283 bytes=101 template=class origin=seed:tests/corpus/syntax/typescript-non-null-satisfies.test.ts
 PASS js-fuzzer-class-a35a4dd2f302.js [6888/10000] status=ok obs=9bf31c7ff062 coverage=+0/32/38 time=2ms
  RUN js-fuzzer-boundary-221618e58a55.js [6889/10000] md5=221618e58a55537e4dc7530ef9f57aaf bytes=113 template=boundary origin=boundary:2
 PASS js-fuzzer-boundary-221618e58a55.js [6889/10000] status=ok obs=c81e728d9d4c coverage=+0/32/38 time=2ms
  RUN js-fuzzer-function-288d473b3a74.js [6890/10000] md5=288d473b3a7495d967aff826da7d201e bytes=153 template=function origin=seed:tests/corpus/fixtures/state-machine-workflow.test.js
 PASS js-fuzzer-function-288d473b3a74.js [6890/10000] status=ok obs=aab3238922bc coverage=+0/32/38 time=2ms
  RUN js-fuzzer-array-object-39755f03ef2f.js [6891/10000] md5=39755f03ef2f7d6f23f73fabee051a50 bytes=133 template=array-object origin=seed:tests/corpus/fixtures/vue-script-workflow.test.vue
 PASS js-fuzzer-array-object-39755f03ef2f.js [6891/10000] status=ok obs=c51ce410c124 coverage=+0/32/38 time=2ms
  RUN js-fuzzer-closure-72b4f45bb276.js [6892/10000] md5=72b4f45bb276de5a43bf41985860eded bytes=184 template=closure origin=seed:tests/corpus/obfuscation/constant-tag-mix.test.js
 PASS js-fuzzer-closure-72b4f45bb276.js [6892/10000] status=ok obs=e2c420d928d4 coverage=+0/32/38 time=2ms
  RUN js-fuzzer-block-scope-6c0b222ddc47.js [6893/10000] md5=6c0b222ddc47d7dd8ad0d2cf6f93b269 bytes=114 template=block-scope origin=seed:tests/corpus/obfuscation/extern-slot-permutation.test.js
 PASS js-fuzzer-block-scope-6c0b222ddc47.js [6893/10000] status=ok obs=2723d092b638 coverage=+0/32/38 time=2ms
  RUN js-fuzzer-loop-55c7c905bffb.js [6894/10000] md5=55c7c905bffb4bbbc4c8fb9b91df6ad8 bytes=81 template=loop origin=seed:tests/corpus/obfuscation/externs-console.test.js
 PASS js-fuzzer-loop-55c7c905bffb.js [6894/10000] status=ok obs=eccbc87e4b5c coverage=+0/32/38 time=2ms
  RUN js-fuzzer-corpus-38ba19d9deb7.js [6895/10000] md5=38ba19d9deb7566cc8a420c27ada3f21 bytes=136 template=corpus origin=tests/corpus/obfuscation/seed-sensitive-functions.test.js
 PASS js-fuzzer-corpus-38ba19d9deb7.js [6895/10000] status=ok obs=a5bfc9e07964 coverage=+0/32/38 time=2ms
  RUN js-fuzzer-boundary-2f35f880f964.js [6896/10000] md5=2f35f880f96468b375c4e71feba05308 bytes=113 template=boundary origin=boundary:1
 PASS js-fuzzer-boundary-2f35f880f964.js [6896/10000] status=ok obs=c4ca4238a0b9 coverage=+0/32/38 time=1ms
  RUN js-fuzzer-arithmetic-18db6ceac194.js [6897/10000] md5=18db6ceac19457c94438f49a392a39f5 bytes=84 template=arithmetic origin=seed:tests/corpus/regressions/multiple-functions-fib-add.test.js
 PASS js-fuzzer-arithmetic-18db6ceac194.js [6897/10000] status=ok obs=a3c65c297427 coverage=+0/32/38 time=2ms
  RUN js-fuzzer-function-e04598e59cc1.js [6898/10000] md5=e04598e59cc109c5f5c20638fe37a892 bytes=153 template=function origin=seed:tests/corpus/regressions/scope-compressed-closure-params.test.js
 PASS js-fuzzer-function-e04598e59cc1.js [6898/10000] status=ok obs=d3d9446802a4 coverage=+0/32/38 time=2ms
  RUN js-fuzzer-array-object-c7e2a662f172.js [6899/10000] md5=c7e2a662f1726f10b5d8983647d21333 bytes=133 template=array-object origin=seed:tests/corpus/runtime/arrays-objects-methods.test.js
 PASS js-fuzzer-array-object-c7e2a662f172.js [6899/10000] status=ok obs=c51ce410c124 coverage=+0/32/38 time=2ms
  RUN js-fuzzer-closure-762d541467e5.js [6900/10000] md5=762d541467e5977d1d862b0336559e92 bytes=183 template=closure origin=seed:tests/corpus/runtime/block-scopes.test.js
 PASS js-fuzzer-closure-762d541467e5.js [6900/10000] status=ok obs=70efdf2ec9b0 coverage=+0/32/38 time=2ms
  RUN js-fuzzer-block-scope-278e1355754c.js [6901/10000] md5=278e1355754cd4ed42a12b75127f78a4 bytes=114 template=block-scope origin=seed:tests/corpus/runtime/class-fields-static-methods.test.js
 PASS js-fuzzer-block-scope-278e1355754c.js [6901/10000] status=ok obs=a97da629b098 coverage=+0/32/38 time=3ms
  RUN js-fuzzer-loop-b88258462a8d.js [6902/10000] md5=b88258462a8d880f8b0e459fa23b2536 bytes=81 template=loop origin=seed:tests/corpus/runtime/classes-and-objects.test.js
 PASS js-fuzzer-loop-b88258462a8d.js [6902/10000] status=ok obs=3c59dc048e88 coverage=+0/32/38 time=2ms
  RUN js-fuzzer-boundary-37492c99ff33.js [6903/10000] md5=37492c99ff33e9d5e09e0b8e84ba785a bytes=129 template=boundary origin=boundary:-9007199254740991
 PASS js-fuzzer-boundary-37492c99ff33.js [6903/10000] status=ok obs=b3f3a95848f6 coverage=+0/32/38 time=2ms
  RUN js-fuzzer-corpus-08bc93bf5789.js [6904/10000] md5=08bc93bf57897bc88ce7161fe56cd099 bytes=169 template=corpus origin=tests/corpus/runtime/closures-read-captured-values.test.js
 PASS js-fuzzer-corpus-08bc93bf5789.js [6904/10000] status=ok obs=02e74f10e032 coverage=+0/32/38 time=1ms
  RUN js-fuzzer-arithmetic-094de9dd106c.js [6905/10000] md5=094de9dd106c7a8ace1bdedf58b0c468 bytes=84 template=arithmetic origin=seed:tests/corpus/runtime/exceptions-and-nullish.test.js
 PASS js-fuzzer-arithmetic-094de9dd106c.js [6905/10000] status=ok obs=4e732ced3463 coverage=+0/32/38 time=2ms
  RUN js-fuzzer-function-3e322d578629.js [6906/10000] md5=3e322d5786297aab4fec4c2fa56a2542 bytes=153 template=function origin=seed:tests/corpus/runtime/functions-closures-and-arrows.test.js
 PASS js-fuzzer-function-3e322d578629.js [6906/10000] status=ok obs=1679091c5a88 coverage=+0/32/38 time=2ms
  RUN js-fuzzer-array-object-53f6ea732066.js [6907/10000] md5=53f6ea7320662e40eb5b7106e8d4f286 bytes=133 template=array-object origin=seed:tests/corpus/runtime/lexical-shadowing.test.js
 PASS js-fuzzer-array-object-53f6ea732066.js [6907/10000] status=ok obs=c20ad4d76fe9 coverage=+0/32/38 time=2ms
  RUN js-fuzzer-closure-76f4911a1f9b.js [6908/10000] md5=76f4911a1f9b1236b66ac611b1d80a62 bytes=184 template=closure origin=seed:tests/corpus/runtime/modules-export.test.js
 PASS js-fuzzer-closure-76f4911a1f9b.js [6908/10000] status=ok obs=182be0c5cdcd coverage=+0/32/38 time=1ms
  RUN js-fuzzer-block-scope-774c46a06926.js [6909/10000] md5=774c46a069263654848e7fd39398a5f1 bytes=114 template=block-scope origin=seed:tests/corpus/runtime/nested-try-finally.test.js
 PASS js-fuzzer-block-scope-774c46a06926.js [6909/10000] status=ok obs=ec8956637a99 coverage=+0/32/38 time=2ms
  RUN js-fuzzer-boundary-512d8e9b531d.js [6910/10000] md5=512d8e9b531dd316e823325cc949e70e bytes=123 template=boundary origin=boundary:-2147483648
 PASS js-fuzzer-boundary-512d8e9b531d.js [6910/10000] status=ok obs=034ff5946105 coverage=+0/32/38 time=2ms
  RUN js-fuzzer-try-catch-dd0b1ef9b53e.js [6911/10000] md5=dd0b1ef9b53e3ee92bf7cc86c8d4101e bytes=110 template=try-catch origin=seed:tests/corpus/syntax/logical-unary-nullish.test.js
 PASS js-fuzzer-try-catch-dd0b1ef9b53e.js [6911/10000] status=ok obs=642e92efb794 coverage=+0/32/38 time=2ms
  RUN js-fuzzer-class-a35a4dd2f302.js [6912/10000] md5=a35a4dd2f302fda9a0e8d6e2c980c283 bytes=101 template=class origin=seed:tests/corpus/syntax/object-destructure-and-members.test.js
 PASS js-fuzzer-class-a35a4dd2f302.js [6912/10000] status=ok obs=9bf31c7ff062 coverage=+0/32/38 time=1ms
  RUN js-fuzzer-corpus-2aed353a2d20.js [6913/10000] md5=2aed353a2d200d64cbaf7beb40face20 bytes=275 template=corpus origin=tests/corpus/syntax/switch-do-while-sequence.test.js
 PASS js-fuzzer-corpus-2aed353a2d20.js [6913/10000] status=ok obs=6f4922f45568 coverage=+0/32/38 time=3ms
  RUN js-fuzzer-function-7078b1558e88.js [6914/10000] md5=7078b1558e88c84f2ce4ff32c844a13e bytes=153 template=function origin=seed:tests/corpus/syntax/template-array-destructure.test.js
 PASS js-fuzzer-function-7078b1558e88.js [6914/10000] status=ok obs=1679091c5a88 coverage=+0/32/38 time=2ms
  RUN js-fuzzer-array-object-62ce27fc36fb.js [6915/10000] md5=62ce27fc36fb7fb9915a0fd91ca98ee4 bytes=133 template=array-object origin=seed:tests/corpus/syntax/typescript-assertions.test.ts
 PASS js-fuzzer-array-object-62ce27fc36fb.js [6915/10000] status=ok obs=d3d9446802a4 coverage=+0/32/38 time=2ms
  RUN js-fuzzer-closure-a968ba7833a4.js [6916/10000] md5=a968ba7833a4986ac8fe9cc84cc7ad00 bytes=184 template=closure origin=seed:tests/corpus/syntax/typescript-non-null-satisfies.test.ts
 PASS js-fuzzer-closure-a968ba7833a4.js [6916/10000] status=ok obs=d09bf41544a3 coverage=+0/32/38 time=2ms
  RUN js-fuzzer-boundary-92df4f5b559a.js [6917/10000] md5=92df4f5b559a550058b4133ffb629932 bytes=114 template=boundary origin=boundary:-2
 PASS js-fuzzer-boundary-92df4f5b559a.js [6917/10000] status=ok obs=5d7b9adcbe1c coverage=+0/32/38 time=2ms
  RUN js-fuzzer-loop-b88258462a8d.js [6918/10000] md5=b88258462a8d880f8b0e459fa23b2536 bytes=81 template=loop origin=seed:tests/corpus/fixtures/state-machine-workflow.test.js
 PASS js-fuzzer-loop-b88258462a8d.js [6918/10000] status=ok obs=3c59dc048e88 coverage=+0/32/38 time=2ms
  RUN js-fuzzer-try-catch-40520a1b7956.js [6919/10000] md5=40520a1b7956f57804d753ea77e1e468 bytes=110 template=try-catch origin=seed:tests/corpus/fixtures/vue-script-workflow.test.vue
 PASS js-fuzzer-try-catch-40520a1b7956.js [6919/10000] status=ok obs=70efdf2ec9b0 coverage=+0/32/38 time=2ms
  RUN js-fuzzer-class-a365d1a76b7b.js [6920/10000] md5=a365d1a76b7b0d4310621afa7caac433 bytes=100 template=class origin=seed:tests/corpus/obfuscation/constant-tag-mix.test.js
 PASS js-fuzzer-class-a365d1a76b7b.js [6920/10000] status=ok obs=8f14e45fceea coverage=+0/32/38 time=2ms
  RUN js-fuzzer-arithmetic-ac4a8994eae2.js [6921/10000] md5=ac4a8994eae2bb4c8cfb1ce5759120c0 bytes=83 template=arithmetic origin=seed:tests/corpus/obfuscation/extern-slot-permutation.test.js
 PASS js-fuzzer-arithmetic-ac4a8994eae2.js [6921/10000] status=ok obs=9bf31c7ff062 coverage=+0/32/38 time=2ms
  RUN js-fuzzer-corpus-efd663ac427b.js [6922/10000] md5=efd663ac427b5ca270b2f8b928c902bf bytes=112 template=corpus origin=tests/corpus/obfuscation/externs-console.test.js
 PASS js-fuzzer-corpus-efd663ac427b.js [6922/10000] status=ok obs=d289993e39c8 coverage=+0/32/38 time=2ms
  RUN js-fuzzer-array-object-007e14e7ed07.js [6923/10000] md5=007e14e7ed07fa931a115b9ff5123b8b bytes=133 template=array-object origin=seed:tests/corpus/obfuscation/seed-sensitive-functions.test.js
 PASS js-fuzzer-array-object-007e14e7ed07.js [6923/10000] status=ok obs=98f137082101 coverage=+0/32/38 time=2ms
  RUN js-fuzzer-boundary-61a9a82f5f08.js [6924/10000] md5=61a9a82f5f08bc177f13c805ba785d7d bytes=114 template=boundary origin=boundary:-1
 PASS js-fuzzer-boundary-61a9a82f5f08.js [6924/10000] status=ok obs=6bb61e3b7bce coverage=+0/32/38 time=2ms
  RUN js-fuzzer-block-scope-f5604b68889a.js [6925/10000] md5=f5604b68889a8927f6b1b388f02368aa bytes=115 template=block-scope origin=seed:tests/corpus/regressions/multiple-functions-fib-add.test.js
 PASS js-fuzzer-block-scope-f5604b68889a.js [6925/10000] status=ok obs=5f93f983524d coverage=+0/32/38 time=2ms
  RUN js-fuzzer-loop-54e460cecf5c.js [6926/10000] md5=54e460cecf5c05dfcffaa3b2e5f57445 bytes=81 template=loop origin=seed:tests/corpus/regressions/scope-compressed-closure-params.test.js
 PASS js-fuzzer-loop-54e460cecf5c.js [6926/10000] status=ok obs=d3d9446802a4 coverage=+0/32/38 time=2ms
  RUN js-fuzzer-try-catch-47becaf372c3.js [6927/10000] md5=47becaf372c34523cd2fbacf2b53d016 bytes=110 template=try-catch origin=seed:tests/corpus/runtime/arrays-objects-methods.test.js
 PASS js-fuzzer-try-catch-47becaf372c3.js [6927/10000] status=ok obs=02e74f10e032 coverage=+0/32/38 time=2ms
  RUN js-fuzzer-class-ff7d9ca3da86.js [6928/10000] md5=ff7d9ca3da86b49917ac34b4d48e8df9 bytes=101 template=class origin=seed:tests/corpus/runtime/block-scopes.test.js
 PASS js-fuzzer-class-ff7d9ca3da86.js [6928/10000] status=ok obs=c20ad4d76fe9 coverage=+0/32/38 time=2ms
  RUN js-fuzzer-arithmetic-03e7664b9a30.js [6929/10000] md5=03e7664b9a30a8bea370bba57d6c7979 bytes=84 template=arithmetic origin=seed:tests/corpus/runtime/class-fields-static-methods.test.js
 PASS js-fuzzer-arithmetic-03e7664b9a30.js [6929/10000] status=ok obs=d67d8ab4f4c1 coverage=+0/32/38 time=2ms
  RUN js-fuzzer-function-c472354a037a.js [6930/10000] md5=c472354a037a48d197cd60b4e04af6e0 bytes=153 template=function origin=seed:tests/corpus/runtime/classes-and-objects.test.js
 PASS js-fuzzer-function-c472354a037a.js [6930/10000] status=ok obs=02e74f10e032 coverage=+0/32/38 time=2ms
  RUN js-fuzzer-corpus-ddcb99247fc8.js [6931/10000] md5=ddcb99247fc847c897b97c6bd6512b9f bytes=217 template=corpus origin=tests/corpus/runtime/closures-mutate-captured-bindings.test.js
 PASS js-fuzzer-corpus-ddcb99247fc8.js [6931/10000] status=ok obs=e4da3b7fbbce coverage=+0/32/38 time=2ms
  RUN js-fuzzer-closure-1c9109f1f16b.js [6932/10000] md5=1c9109f1f16b90e293fbc939ac646933 bytes=183 template=closure origin=seed:tests/corpus/runtime/closures-read-captured-values.test.js
 PASS js-fuzzer-closure-1c9109f1f16b.js [6932/10000] status=ok obs=37693cfc7480 coverage=+0/32/38 time=2ms
  RUN js-fuzzer-block-scope-38380f72efd7.js [6933/10000] md5=38380f72efd751d174e6ed869d5791aa bytes=114 template=block-scope origin=seed:tests/corpus/runtime/exceptions-and-nullish.test.js
 PASS js-fuzzer-block-scope-38380f72efd7.js [6933/10000] status=ok obs=a3c65c297427 coverage=+0/32/38 time=1ms
  RUN js-fuzzer-loop-55c7c905bffb.js [6934/10000] md5=55c7c905bffb4bbbc4c8fb9b91df6ad8 bytes=81 template=loop origin=seed:tests/corpus/runtime/functions-closures-and-arrows.test.js
 PASS js-fuzzer-loop-55c7c905bffb.js [6934/10000] status=ok obs=eccbc87e4b5c coverage=+0/32/38 time=2ms
  RUN js-fuzzer-try-catch-6c711f8bb184.js [6935/10000] md5=6c711f8bb184c228d8b20d70b1aabb73 bytes=109 template=try-catch origin=seed:tests/corpus/runtime/lexical-shadowing.test.js
 PASS js-fuzzer-try-catch-6c711f8bb184.js [6935/10000] status=ok obs=1679091c5a88 coverage=+0/32/38 time=2ms
  RUN js-fuzzer-class-3b630e2d834a.js [6936/10000] md5=3b630e2d834a95a01ee75571f8bc0075 bytes=101 template=class origin=seed:tests/corpus/runtime/modules-export.test.js
 PASS js-fuzzer-class-3b630e2d834a.js [6936/10000] status=ok obs=6512bd43d9ca coverage=+0/32/38 time=2ms
  RUN js-fuzzer-arithmetic-e2931cfd8770.js [6937/10000] md5=e2931cfd8770443c6f452d5b16b08692 bytes=84 template=arithmetic origin=seed:tests/corpus/runtime/nested-try-finally.test.js
 PASS js-fuzzer-arithmetic-e2931cfd8770.js [6937/10000] status=ok obs=70efdf2ec9b0 coverage=+0/32/38 time=2ms
  RUN js-fuzzer-boundary-83aee5cf07de.js [6938/10000] md5=83aee5cf07deb9d5ce59aec8aff7a227 bytes=128 template=boundary origin=boundary:9007199254740991
 PASS js-fuzzer-boundary-83aee5cf07de.js [6938/10000] status=ok obs=8bfa9ad090fb coverage=+0/32/38 time=2ms
  RUN js-fuzzer-array-object-21a4e7e2e12e.js [6939/10000] md5=21a4e7e2e12e218bac9e459848fb9c31 bytes=133 template=array-object origin=seed:tests/corpus/syntax/logical-unary-nullish.test.js
 PASS js-fuzzer-array-object-21a4e7e2e12e.js [6939/10000] status=ok obs=6512bd43d9ca coverage=+0/32/38 time=1ms
  RUN js-fuzzer-corpus-96ebdcb81273.js [6940/10000] md5=96ebdcb81273f0e5e5778a6c70c94988 bytes=171 template=corpus origin=tests/corpus/syntax/object-destructure-and-members.test.js
 PASS js-fuzzer-corpus-96ebdcb81273.js [6940/10000] status=ok obs=bfad8dfa12ed coverage=+0/32/38 time=2ms
  RUN js-fuzzer-block-scope-8aaa483675b3.js [6941/10000] md5=8aaa483675b368db5813ee90004aac25 bytes=114 template=block-scope origin=seed:tests/corpus/syntax/switch-do-while-sequence.test.js
 PASS js-fuzzer-block-scope-8aaa483675b3.js [6941/10000] status=ok obs=6974ce5ac660 coverage=+0/32/38 time=2ms
  RUN js-fuzzer-loop-54e460cecf5c.js [6942/10000] md5=54e460cecf5c05dfcffaa3b2e5f57445 bytes=81 template=loop origin=seed:tests/corpus/syntax/template-array-destructure.test.js
 PASS js-fuzzer-loop-54e460cecf5c.js [6942/10000] status=ok obs=d3d9446802a4 coverage=+0/32/38 time=1ms
  RUN js-fuzzer-try-catch-70fffa3518b3.js [6943/10000] md5=70fffa3518b3cd8f92c92fd09e60ecbc bytes=110 template=try-catch origin=seed:tests/corpus/syntax/typescript-assertions.test.ts
 PASS js-fuzzer-try-catch-70fffa3518b3.js [6943/10000] status=ok obs=a5bfc9e07964 coverage=+0/32/38 time=2ms
  RUN js-fuzzer-class-b901915e3eda.js [6944/10000] md5=b901915e3eda1a96f77dcec9fff681b5 bytes=100 template=class origin=seed:tests/corpus/syntax/typescript-non-null-satisfies.test.ts
 PASS js-fuzzer-class-b901915e3eda.js [6944/10000] status=ok obs=c81e728d9d4c coverage=+0/32/38 time=2ms
  RUN js-fuzzer-boundary-ac080ee0add8.js [6945/10000] md5=ac080ee0add8a3967f40d078a13e076b bytes=122 template=boundary origin=boundary:2147483647
 PASS js-fuzzer-boundary-ac080ee0add8.js [6945/10000] status=ok obs=c588c0a459f4 coverage=+0/32/38 time=1ms
  RUN js-fuzzer-function-288d473b3a74.js [6946/10000] md5=288d473b3a7495d967aff826da7d201e bytes=153 template=function origin=seed:tests/corpus/fixtures/state-machine-workflow.test.js
 PASS js-fuzzer-function-288d473b3a74.js [6946/10000] status=ok obs=aab3238922bc coverage=+0/32/38 time=3ms
  RUN js-fuzzer-array-object-63f7e7c331b7.js [6947/10000] md5=63f7e7c331b7350f3b958b33463fb805 bytes=133 template=array-object origin=seed:tests/corpus/fixtures/vue-script-workflow.test.vue
 PASS js-fuzzer-array-object-63f7e7c331b7.js [6947/10000] status=ok obs=c9f0f895fb98 coverage=+0/32/38 time=2ms
  RUN js-fuzzer-closure-eababbba025e.js [6948/10000] md5=eababbba025eb352a5f04b0291a06d6e bytes=184 template=closure origin=seed:tests/corpus/obfuscation/constant-tag-mix.test.js
 PASS js-fuzzer-closure-eababbba025e.js [6948/10000] status=ok obs=2838023a778d coverage=+0/32/38 time=2ms
  RUN js-fuzzer-corpus-fe2d30a6e413.js [6949/10000] md5=fe2d30a6e4139e7a8b52405bed737faa bytes=220 template=corpus origin=tests/corpus/obfuscation/extern-slot-permutation.test.js
 PASS js-fuzzer-corpus-fe2d30a6e413.js [6949/10000] status=ok obs=c34c702d0256 coverage=+0/32/38 time=2ms
  RUN js-fuzzer-loop-55c7c905bffb.js [6950/10000] md5=55c7c905bffb4bbbc4c8fb9b91df6ad8 bytes=81 template=loop origin=seed:tests/corpus/obfuscation/externs-console.test.js
 PASS js-fuzzer-loop-55c7c905bffb.js [6950/10000] status=ok obs=eccbc87e4b5c coverage=+0/32/38 time=2ms
  RUN js-fuzzer-try-catch-14bcb064f014.js [6951/10000] md5=14bcb064f014dbe91c2010889dcaa2c0 bytes=110 template=try-catch origin=seed:tests/corpus/obfuscation/seed-sensitive-functions.test.js
 PASS js-fuzzer-try-catch-14bcb064f014.js [6951/10000] status=ok obs=c0c7c76d30bd coverage=+0/32/38 time=2ms
  RUN js-fuzzer-boundary-14a05a816d97.js [6952/10000] md5=14a05a816d975afa7654eb06610350d0 bytes=113 template=boundary origin=boundary:2
 PASS js-fuzzer-boundary-14a05a816d97.js [6952/10000] status=ok obs=c81e728d9d4c coverage=+0/32/38 time=3ms
  RUN js-fuzzer-arithmetic-6a579490de44.js [6953/10000] md5=6a579490de4424b5112167ad79ce9c63 bytes=84 template=arithmetic origin=seed:tests/corpus/regressions/multiple-functions-fib-add.test.js
 PASS js-fuzzer-arithmetic-6a579490de44.js [6953/10000] status=ok obs=66f041e16a60 coverage=+0/32/38 time=2ms
  RUN js-fuzzer-function-9a24649f1cae.js [6954/10000] md5=9a24649f1caec2a9716934902cbac103 bytes=153 template=function origin=seed:tests/corpus/regressions/scope-compressed-closure-params.test.js
 PASS js-fuzzer-function-9a24649f1cae.js [6954/10000] status=ok obs=9bf31c7ff062 coverage=+0/32/38 time=3ms
  RUN js-fuzzer-array-object-1505c4bf6d54.js [6955/10000] md5=1505c4bf6d54ba273187c62d0d6297f6 bytes=133 template=array-object origin=seed:tests/corpus/runtime/arrays-objects-methods.test.js
 PASS js-fuzzer-array-object-1505c4bf6d54.js [6955/10000] status=ok obs=c74d97b01eae coverage=+0/32/38 time=2ms
  RUN js-fuzzer-closure-46c0df446262.js [6956/10000] md5=46c0df446262ff8cd9766c9447c0270b bytes=185 template=closure origin=seed:tests/corpus/runtime/block-scopes.test.js
 PASS js-fuzzer-closure-46c0df446262.js [6956/10000] status=ok obs=14bfa6bb1487 coverage=+0/32/38 time=1ms
  RUN js-fuzzer-block-scope-f877ae029493.js [6957/10000] md5=f877ae0294938a62cf201f72c0ac662a bytes=114 template=block-scope origin=seed:tests/corpus/runtime/class-fields-static-methods.test.js
 PASS js-fuzzer-block-scope-f877ae029493.js [6957/10000] status=ok obs=38b3eff8baf5 coverage=+0/32/38 time=2ms
  RUN js-fuzzer-corpus-663bf83cd082.js [6958/10000] md5=663bf83cd082bd221441dae6bbc85046 bytes=278 template=corpus origin=tests/corpus/runtime/classes-and-objects.test.js
 PASS js-fuzzer-corpus-663bf83cd082.js [6958/10000] status=ok obs=6f4922f45568 coverage=+0/32/38 time=2ms
  RUN js-fuzzer-boundary-a6a77cc918cc.js [6959/10000] md5=a6a77cc918cc479b04ccb7be2bd80dac bytes=113 template=boundary origin=boundary:1
 PASS js-fuzzer-boundary-a6a77cc918cc.js [6959/10000] status=ok obs=c4ca4238a0b9 coverage=+0/32/38 time=2ms
  RUN js-fuzzer-class-5baf4bed5db4.js [6960/10000] md5=5baf4bed5db4f8205173226efc8fff73 bytes=101 template=class origin=seed:tests/corpus/runtime/closures-read-captured-values.test.js
 PASS js-fuzzer-class-5baf4bed5db4.js [6960/10000] status=ok obs=6f4922f45568 coverage=+0/32/38 time=1ms
  RUN js-fuzzer-arithmetic-04146f8a0b04.js [6961/10000] md5=04146f8a0b0498c382914a4003a8a62b bytes=84 template=arithmetic origin=seed:tests/corpus/runtime/exceptions-and-nullish.test.js
 PASS js-fuzzer-arithmetic-04146f8a0b04.js [6961/10000] status=ok obs=3295c76acbf4 coverage=+0/32/38 time=2ms
  RUN js-fuzzer-function-8a44cf2ceed5.js [6962/10000] md5=8a44cf2ceed595d9f22254a99d394b8c bytes=153 template=function origin=seed:tests/corpus/runtime/functions-closures-and-arrows.test.js
 PASS js-fuzzer-function-8a44cf2ceed5.js [6962/10000] status=ok obs=1ff1de774005 coverage=+0/32/38 time=3ms
  RUN js-fuzzer-array-object-17ede140cd0b.js [6963/10000] md5=17ede140cd0b7ed910c11169290a1a21 bytes=133 template=array-object origin=seed:tests/corpus/runtime/lexical-shadowing.test.js
 PASS js-fuzzer-array-object-17ede140cd0b.js [6963/10000] status=ok obs=45c48cce2e2d coverage=+0/32/38 time=1ms
  RUN js-fuzzer-closure-8a6cd8c0e4c4.js [6964/10000] md5=8a6cd8c0e4c4152dc89b4cd6a6457671 bytes=184 template=closure origin=seed:tests/corpus/runtime/modules-export.test.js
 PASS js-fuzzer-closure-8a6cd8c0e4c4.js [6964/10000] status=ok obs=d67d8ab4f4c1 coverage=+0/32/38 time=2ms
  RUN js-fuzzer-block-scope-485fb58c1fad.js [6965/10000] md5=485fb58c1fad4717cf5e978b3f28ce68 bytes=114 template=block-scope origin=seed:tests/corpus/runtime/nested-try-finally.test.js
 PASS js-fuzzer-block-scope-485fb58c1fad.js [6965/10000] status=ok obs=65b9eea6e1cc coverage=+0/32/38 time=2ms
  RUN js-fuzzer-boundary-235131a2d0d1.js [6966/10000] md5=235131a2d0d184afe9327ca3bd456dde bytes=129 template=boundary origin=boundary:-9007199254740991
 PASS js-fuzzer-boundary-235131a2d0d1.js [6966/10000] status=ok obs=b3f3a95848f6 coverage=+0/32/38 time=1ms
  RUN js-fuzzer-corpus-279b64032335.js [6967/10000] md5=279b640323351a1b082b98b42d2a2d55 bytes=134 template=corpus origin=tests/corpus/syntax/logical-unary-nullish.test.js
 PASS js-fuzzer-corpus-279b64032335.js [6967/10000] status=ok obs=45c48cce2e2d coverage=+0/32/38 time=2ms
  RUN js-fuzzer-class-769274f77fa6.js [6968/10000] md5=769274f77fa62254ce7e0eb0e3adf7f1 bytes=100 template=class origin=seed:tests/corpus/syntax/object-destructure-and-members.test.js
 PASS js-fuzzer-class-769274f77fa6.js [6968/10000] status=ok obs=c4ca4238a0b9 coverage=+0/32/38 time=1ms
  RUN js-fuzzer-arithmetic-d197223a7811.js [6969/10000] md5=d197223a7811a62b1307dd80e65d8199 bytes=84 template=arithmetic origin=seed:tests/corpus/syntax/switch-do-while-sequence.test.js
 PASS js-fuzzer-arithmetic-d197223a7811.js [6969/10000] status=ok obs=e00da03b685a coverage=+0/32/38 time=2ms
  RUN js-fuzzer-function-7078b1558e88.js [6970/10000] md5=7078b1558e88c84f2ce4ff32c844a13e bytes=153 template=function origin=seed:tests/corpus/syntax/template-array-destructure.test.js
 PASS js-fuzzer-function-7078b1558e88.js [6970/10000] status=ok obs=1679091c5a88 coverage=+0/32/38 time=2ms
  RUN js-fuzzer-array-object-81c3eef02ba1.js [6971/10000] md5=81c3eef02ba13bbe3541467317cebeda bytes=133 template=array-object origin=seed:tests/corpus/syntax/typescript-assertions.test.ts
 PASS js-fuzzer-array-object-81c3eef02ba1.js [6971/10000] status=ok obs=c9f0f895fb98 coverage=+0/32/38 time=2ms
  RUN js-fuzzer-closure-dfe8465fca48.js [6972/10000] md5=dfe8465fca4823b5d6d32737657f830e bytes=184 template=closure origin=seed:tests/corpus/syntax/typescript-non-null-satisfies.test.ts
 PASS js-fuzzer-closure-dfe8465fca48.js [6972/10000] status=ok obs=fc490ca45c00 coverage=+0/32/38 time=1ms
  RUN js-fuzzer-boundary-4b8e58e2bd3b.js [6973/10000] md5=4b8e58e2bd3bc437f093fe0ab13ce109 bytes=123 template=boundary origin=boundary:-2147483648
 PASS js-fuzzer-boundary-4b8e58e2bd3b.js [6973/10000] status=ok obs=034ff5946105 coverage=+0/32/38 time=2ms
  RUN js-fuzzer-loop-b88258462a8d.js [6974/10000] md5=b88258462a8d880f8b0e459fa23b2536 bytes=81 template=loop origin=seed:tests/corpus/fixtures/state-machine-workflow.test.js
 PASS js-fuzzer-loop-b88258462a8d.js [6974/10000] status=ok obs=3c59dc048e88 coverage=+0/32/38 time=2ms
  RUN js-fuzzer-try-catch-78409afcd812.js [6975/10000] md5=78409afcd812e57d07238a91d9d67ddf bytes=110 template=try-catch origin=seed:tests/corpus/fixtures/vue-script-workflow.test.vue
 PASS js-fuzzer-try-catch-78409afcd812.js [6975/10000] status=ok obs=17e62166fc85 coverage=+0/32/38 time=1ms
  RUN js-fuzzer-corpus-f00ef18b0a17.js [6976/10000] md5=f00ef18b0a172b2a2d9833f5b7fe94e2 bytes=199 template=corpus origin=tests/corpus/obfuscation/constant-tag-mix.test.js
 PASS js-fuzzer-corpus-f00ef18b0a17.js [6976/10000] status=ok obs=e86823f38986 coverage=+0/32/38 time=2ms
  RUN js-fuzzer-arithmetic-75c1350920b4.js [6977/10000] md5=75c1350920b439617b95bda81fa38ff1 bytes=84 template=arithmetic origin=seed:tests/corpus/obfuscation/extern-slot-permutation.test.js
 PASS js-fuzzer-arithmetic-75c1350920b4.js [6977/10000] status=ok obs=c7e1249ffc03 coverage=+0/32/38 time=1ms
  RUN js-fuzzer-function-f9a15ede1a13.js [6978/10000] md5=f9a15ede1a136ec60ae593fd7d4d8635 bytes=153 template=function origin=seed:tests/corpus/obfuscation/externs-console.test.js
 PASS js-fuzzer-function-f9a15ede1a13.js [6978/10000] status=ok obs=d3d9446802a4 coverage=+0/32/38 time=2ms
  RUN js-fuzzer-array-object-610b7fd6392d.js [6979/10000] md5=610b7fd6392d6b0268b1cc1c4855270b bytes=133 template=array-object origin=seed:tests/corpus/obfuscation/seed-sensitive-functions.test.js
 PASS js-fuzzer-array-object-610b7fd6392d.js [6979/10000] status=ok obs=9bf31c7ff062 coverage=+0/32/38 time=2ms
  RUN js-fuzzer-boundary-6d89c3a838ae.js [6980/10000] md5=6d89c3a838ae354bda64ec37ec2b63b1 bytes=114 template=boundary origin=boundary:-2
 PASS js-fuzzer-boundary-6d89c3a838ae.js [6980/10000] status=ok obs=5d7b9adcbe1c coverage=+0/32/38 time=2ms
  RUN js-fuzzer-block-scope-10430c6f962a.js [6981/10000] md5=10430c6f962a4db4653b711f73826914 bytes=114 template=block-scope origin=seed:tests/corpus/regressions/multiple-functions-fib-add.test.js
 PASS js-fuzzer-block-scope-10430c6f962a.js [6981/10000] status=ok obs=65b9eea6e1cc coverage=+0/32/38 time=1ms
  RUN js-fuzzer-loop-55c7c905bffb.js [6982/10000] md5=55c7c905bffb4bbbc4c8fb9b91df6ad8 bytes=81 template=loop origin=seed:tests/corpus/regressions/scope-compressed-closure-params.test.js
 PASS js-fuzzer-loop-55c7c905bffb.js [6982/10000] status=ok obs=eccbc87e4b5c coverage=+0/32/38 time=2ms
  RUN js-fuzzer-try-catch-56393ff77182.js [6983/10000] md5=56393ff771824d567a8911f280bf7f9d bytes=110 template=try-catch origin=seed:tests/corpus/runtime/arrays-objects-methods.test.js
 PASS js-fuzzer-try-catch-56393ff77182.js [6983/10000] status=ok obs=4e732ced3463 coverage=+0/32/38 time=1ms
  RUN js-fuzzer-class-6736c24444bc.js [6984/10000] md5=6736c24444bc6ff151b05a9a974ae4d5 bytes=100 template=class origin=seed:tests/corpus/runtime/block-scopes.test.js
 PASS js-fuzzer-class-6736c24444bc.js [6984/10000] status=ok obs=45c48cce2e2d coverage=+0/32/38 time=1ms
  RUN js-fuzzer-corpus-a64e83c2f849.js [6985/10000] md5=a64e83c2f84925dca8985eabe963ee21 bytes=179 template=corpus origin=tests/corpus/runtime/class-fields-static-methods.test.js
 PASS js-fuzzer-corpus-a64e83c2f849.js [6985/10000] status=ok obs=8f14e45fceea coverage=+0/32/38 time=2ms
  RUN js-fuzzer-function-f172d914fe2f.js [6986/10000] md5=f172d914fe2f2d124fd9ee51d2714545 bytes=153 template=function origin=seed:tests/corpus/runtime/classes-and-objects.test.js
 PASS js-fuzzer-function-f172d914fe2f.js [6986/10000] status=ok obs=c9f0f895fb98 coverage=+0/32/38 time=1ms
  RUN js-fuzzer-boundary-61a9a82f5f08.js [6987/10000] md5=61a9a82f5f08bc177f13c805ba785d7d bytes=114 template=boundary origin=boundary:-1
 PASS js-fuzzer-boundary-61a9a82f5f08.js [6987/10000] status=ok obs=6bb61e3b7bce coverage=+0/32/38 time=2ms
  RUN js-fuzzer-closure-f8120a73d357.js [6988/10000] md5=f8120a73d357bb57b8c9a9aa2e5f177f bytes=183 template=closure origin=seed:tests/corpus/runtime/closures-read-captured-values.test.js
 PASS js-fuzzer-closure-f8120a73d357.js [6988/10000] status=ok obs=1f0e3dad9990 coverage=+0/32/38 time=2ms
  RUN js-fuzzer-block-scope-056e31486d60.js [6989/10000] md5=056e31486d6076b39b9b6454f54dba4b bytes=114 template=block-scope origin=seed:tests/corpus/runtime/exceptions-and-nullish.test.js
 PASS js-fuzzer-block-scope-056e31486d60.js [6989/10000] status=ok obs=a97da629b098 coverage=+0/32/38 time=1ms
  RUN js-fuzzer-loop-b88258462a8d.js [6990/10000] md5=b88258462a8d880f8b0e459fa23b2536 bytes=81 template=loop origin=seed:tests/corpus/runtime/functions-closures-and-arrows.test.js
 PASS js-fuzzer-loop-b88258462a8d.js [6990/10000] status=ok obs=3c59dc048e88 coverage=+0/32/38 time=2ms
  RUN js-fuzzer-try-catch-47becaf372c3.js [6991/10000] md5=47becaf372c34523cd2fbacf2b53d016 bytes=110 template=try-catch origin=seed:tests/corpus/runtime/lexical-shadowing.test.js
 PASS js-fuzzer-try-catch-47becaf372c3.js [6991/10000] status=ok obs=02e74f10e032 coverage=+0/32/38 time=2ms
  RUN js-fuzzer-class-b1e3642c0208.js [6992/10000] md5=b1e3642c0208992266fb21668a536292 bytes=100 template=class origin=seed:tests/corpus/runtime/modules-export.test.js
 PASS js-fuzzer-class-b1e3642c0208.js [6992/10000] status=ok obs=c9f0f895fb98 coverage=+0/32/38 time=1ms
  RUN js-fuzzer-arithmetic-a56e67eeefff.js [6993/10000] md5=a56e67eeefff07abb92a82755aa39939 bytes=84 template=arithmetic origin=seed:tests/corpus/runtime/nested-try-finally.test.js
 PASS js-fuzzer-arithmetic-a56e67eeefff.js [6993/10000] status=ok obs=38b3eff8baf5 coverage=+0/32/38 time=2ms
  RUN js-fuzzer-corpus-89e900fcb72f.js [6994/10000] md5=89e900fcb72ff838bfe9a13ae091363f bytes=228 template=corpus origin=tests/corpus/syntax/control-flow-and-operators.test.js
 PASS js-fuzzer-corpus-89e900fcb72f.js [6994/10000] status=ok obs=aab3238922bc coverage=+0/32/38 time=2ms
  RUN js-fuzzer-array-object-cf1168fd5f8d.js [6995/10000] md5=cf1168fd5f8d0a7a3642c5a92117c43b bytes=133 template=array-object origin=seed:tests/corpus/syntax/logical-unary-nullish.test.js
 PASS js-fuzzer-array-object-cf1168fd5f8d.js [6995/10000] status=ok obs=1f0e3dad9990 coverage=+0/32/38 time=1ms
  RUN js-fuzzer-closure-17108fa81f0f.js [6996/10000] md5=17108fa81f0f7931eecfe20051f4c7bd bytes=185 template=closure origin=seed:tests/corpus/syntax/object-destructure-and-members.test.js
 PASS js-fuzzer-closure-17108fa81f0f.js [6996/10000] status=ok obs=f457c545a9de coverage=+0/32/38 time=2ms
  RUN js-fuzzer-block-scope-f10771fc8d16.js [6997/10000] md5=f10771fc8d167d816a462bb3854d8e2a bytes=114 template=block-scope origin=seed:tests/corpus/syntax/switch-do-while-sequence.test.js
 PASS js-fuzzer-block-scope-f10771fc8d16.js [6997/10000] status=ok obs=65b9eea6e1cc coverage=+0/32/38 time=2ms
  RUN js-fuzzer-loop-d35707ad0bf7.js [6998/10000] md5=d35707ad0bf74148f671ad8943998af6 bytes=81 template=loop origin=seed:tests/corpus/syntax/template-array-destructure.test.js
 PASS js-fuzzer-loop-d35707ad0bf7.js [6998/10000] status=ok obs=9bf31c7ff062 coverage=+0/32/38 time=1ms
  RUN js-fuzzer-try-catch-ce914b0cd471.js [6999/10000] md5=ce914b0cd471f7c9ec83cbcd645ee9eb bytes=110 template=try-catch origin=seed:tests/corpus/syntax/typescript-assertions.test.ts
 PASS js-fuzzer-try-catch-ce914b0cd471.js [6999/10000] status=ok obs=2838023a778d coverage=+0/32/38 time=2ms
  RUN js-fuzzer-class-769274f77fa6.js [7000/10000] md5=769274f77fa62254ce7e0eb0e3adf7f1 bytes=100 template=class origin=seed:tests/corpus/syntax/typescript-non-null-satisfies.test.ts
 PASS js-fuzzer-class-769274f77fa6.js [7000/10000] status=ok obs=c4ca4238a0b9 coverage=+0/32/38 time=1ms
  RUN js-fuzzer-boundary-4bea2a6e0cb0.js [7001/10000] md5=4bea2a6e0cb0c7bb0b29e5b5d44112d8 bytes=128 template=boundary origin=boundary:9007199254740991
 PASS js-fuzzer-boundary-4bea2a6e0cb0.js [7001/10000] status=ok obs=dc9a0d67a31d coverage=+0/32/38 time=2ms
  RUN js-fuzzer-function-134a85d12098.js [7002/10000] md5=134a85d120985077bd24a3a53ac64560 bytes=153 template=function origin=seed:tests/corpus/fixtures/state-machine-workflow.test.js
 PASS js-fuzzer-function-134a85d12098.js [7002/10000] status=ok obs=1679091c5a88 coverage=+0/32/38 time=2ms
  RUN js-fuzzer-corpus-f722388c7961.js [7003/10000] md5=f722388c7961d2a0288508c35f28a5f8 bytes=96 template=corpus origin=tests/corpus/fixtures/vue-script-workflow.test.vue
 PASS js-fuzzer-corpus-f722388c7961.js [7003/10000] status=ok obs=6512bd43d9ca coverage=+0/32/38 time=1ms
  RUN js-fuzzer-closure-579c7d33cf59.js [7004/10000] md5=579c7d33cf5957880b3db64450576401 bytes=183 template=closure origin=seed:tests/corpus/obfuscation/constant-tag-mix.test.js
 PASS js-fuzzer-closure-579c7d33cf59.js [7004/10000] status=ok obs=c51ce410c124 coverage=+0/32/38 time=2ms
  RUN js-fuzzer-block-scope-d9b4a70cffce.js [7005/10000] md5=d9b4a70cffcebdfd8a421423e79d02c6 bytes=114 template=block-scope origin=seed:tests/corpus/obfuscation/extern-slot-permutation.test.js
 PASS js-fuzzer-block-scope-d9b4a70cffce.js [7005/10000] status=ok obs=a97da629b098 coverage=+0/32/38 time=2ms
  RUN js-fuzzer-loop-d35707ad0bf7.js [7006/10000] md5=d35707ad0bf74148f671ad8943998af6 bytes=81 template=loop origin=seed:tests/corpus/obfuscation/externs-console.test.js
 PASS js-fuzzer-loop-d35707ad0bf7.js [7006/10000] status=ok obs=9bf31c7ff062 coverage=+0/32/38 time=1ms
  RUN js-fuzzer-try-catch-22e41d89137c.js [7007/10000] md5=22e41d89137ce4eac020880cbeff06ef bytes=110 template=try-catch origin=seed:tests/corpus/obfuscation/seed-sensitive-functions.test.js
 PASS js-fuzzer-try-catch-22e41d89137c.js [7007/10000] status=ok obs=d9d4f495e875 coverage=+0/32/38 time=2ms
  RUN js-fuzzer-boundary-4b188851088a.js [7008/10000] md5=4b188851088a18b5b5e1424320aec545 bytes=122 template=boundary origin=boundary:2147483647
 PASS js-fuzzer-boundary-4b188851088a.js [7008/10000] status=ok obs=c588c0a459f4 coverage=+0/32/38 time=1ms
  RUN js-fuzzer-arithmetic-a5f6eb7733bc.js [7009/10000] md5=a5f6eb7733bcada885cc0298efac1888 bytes=85 template=arithmetic origin=seed:tests/corpus/regressions/multiple-functions-fib-add.test.js
 PASS js-fuzzer-arithmetic-a5f6eb7733bc.js [7009/10000] status=ok obs=73278a4a8696 coverage=+0/32/38 time=2ms
  RUN js-fuzzer-function-8384e80192dc.js [7010/10000] md5=8384e80192dc0232cf5e505b2f7d5501 bytes=153 template=function origin=seed:tests/corpus/regressions/scope-compressed-closure-params.test.js
 PASS js-fuzzer-function-8384e80192dc.js [7010/10000] status=ok obs=e4da3b7fbbce coverage=+0/32/38 time=2ms
  RUN js-fuzzer-array-object-2c5ac7b28b8a.js [7011/10000] md5=2c5ac7b28b8aed9999056b3b98329aab bytes=133 template=array-object origin=seed:tests/corpus/runtime/arrays-objects-methods.test.js
 PASS js-fuzzer-array-object-2c5ac7b28b8a.js [7011/10000] status=ok obs=45c48cce2e2d coverage=+0/32/38 time=2ms
  RUN js-fuzzer-corpus-8b78ba7912c5.js [7012/10000] md5=8b78ba7912c51f6cf304b65c6ebdb2e3 bytes=289 template=corpus origin=tests/corpus/runtime/block-scopes.test.js
 PASS js-fuzzer-corpus-8b78ba7912c5.js [7012/10000] status=ok obs=37693cfc7480 coverage=+0/32/38 time=1ms
  RUN js-fuzzer-block-scope-afb6dee4b2ec.js [7013/10000] md5=afb6dee4b2ec9225553c3bff3995f1a9 bytes=114 template=block-scope origin=seed:tests/corpus/runtime/class-fields-static-methods.test.js
 PASS js-fuzzer-block-scope-afb6dee4b2ec.js [7013/10000] status=ok obs=a97da629b098 coverage=+0/32/38 time=2ms
  RUN js-fuzzer-loop-bbf1d7a15d8d.js [7014/10000] md5=bbf1d7a15d8dd015402d75c0e0108b5f bytes=81 template=loop origin=seed:tests/corpus/runtime/classes-and-objects.test.js
 PASS js-fuzzer-loop-bbf1d7a15d8d.js [7014/10000] status=ok obs=1679091c5a88 coverage=+0/32/38 time=2ms
  RUN js-fuzzer-boundary-14a05a816d97.js [7015/10000] md5=14a05a816d975afa7654eb06610350d0 bytes=113 template=boundary origin=boundary:2
 PASS js-fuzzer-boundary-14a05a816d97.js [7015/10000] status=ok obs=c81e728d9d4c coverage=+0/32/38 time=1ms
  RUN js-fuzzer-class-b1e3642c0208.js [7016/10000] md5=b1e3642c0208992266fb21668a536292 bytes=100 template=class origin=seed:tests/corpus/runtime/closures-read-captured-values.test.js
 PASS js-fuzzer-class-b1e3642c0208.js [7016/10000] status=ok obs=c9f0f895fb98 coverage=+0/32/38 time=2ms
  RUN js-fuzzer-arithmetic-81e39d584263.js [7017/10000] md5=81e39d584263b5a60381c96bd6ca0c2a bytes=83 template=arithmetic origin=seed:tests/corpus/runtime/exceptions-and-nullish.test.js
 PASS js-fuzzer-arithmetic-81e39d584263.js [7017/10000] status=ok obs=6364d3f0f495 coverage=+0/32/38 time=1ms
  RUN js-fuzzer-function-0b0d1f5ee746.js [7018/10000] md5=0b0d1f5ee746281ffbedfb7f7f4c45bc bytes=153 template=function origin=seed:tests/corpus/runtime/functions-closures-and-arrows.test.js
 PASS js-fuzzer-function-0b0d1f5ee746.js [7018/10000] status=ok obs=e4da3b7fbbce coverage=+0/32/38 time=2ms
  RUN js-fuzzer-array-object-340c9121fe4a.js [7019/10000] md5=340c9121fe4a7c6fd79f20c480a55855 bytes=133 template=array-object origin=seed:tests/corpus/runtime/lexical-shadowing.test.js
 PASS js-fuzzer-array-object-340c9121fe4a.js [7019/10000] status=ok obs=45c48cce2e2d coverage=+0/32/38 time=2ms
  RUN js-fuzzer-closure-43fa8bece5dc.js [7020/10000] md5=43fa8bece5dcadac657150fa96c933d9 bytes=184 template=closure origin=seed:tests/corpus/runtime/modules-export.test.js
 PASS js-fuzzer-closure-43fa8bece5dc.js [7020/10000] status=ok obs=02e74f10e032 coverage=+0/32/38 time=1ms
  RUN js-fuzzer-corpus-c557f8da2a9d.js [7021/10000] md5=c557f8da2a9d2904c70dca50c3eeb50e bytes=191 template=corpus origin=tests/corpus/runtime/nested-try-finally.test.js
 PASS js-fuzzer-corpus-c557f8da2a9d.js [7021/10000] status=ok obs=8f14e45fceea coverage=+0/32/38 time=2ms
  RUN js-fuzzer-boundary-ccde2dac26f6.js [7022/10000] md5=ccde2dac26f6d3fd46c3698825685fe3 bytes=113 template=boundary origin=boundary:1
 PASS js-fuzzer-boundary-ccde2dac26f6.js [7022/10000] status=ok obs=c4ca4238a0b9 coverage=+0/32/38 time=1ms
  RUN js-fuzzer-try-catch-42a4cfadce42.js [7023/10000] md5=42a4cfadce4239139aa1e7114c2e99a2 bytes=110 template=try-catch origin=seed:tests/corpus/syntax/logical-unary-nullish.test.js
 PASS js-fuzzer-try-catch-42a4cfadce42.js [7023/10000] status=ok obs=19ca14e7ea63 coverage=+0/32/38 time=1ms
  RUN js-fuzzer-class-47fbd3db5853.js [7024/10000] md5=47fbd3db58539fc2e42627a4f3168c79 bytes=101 template=class origin=seed:tests/corpus/syntax/object-destructure-and-members.test.js
 PASS js-fuzzer-class-47fbd3db5853.js [7024/10000] status=ok obs=98f137082101 coverage=+0/32/38 time=2ms
  RUN js-fuzzer-arithmetic-b885a74e54eb.js [7025/10000] md5=b885a74e54eb51cad655139610ab9f16 bytes=84 template=arithmetic origin=seed:tests/corpus/syntax/switch-do-while-sequence.test.js
 PASS js-fuzzer-arithmetic-b885a74e54eb.js [7025/10000] status=ok obs=060ad9248994 coverage=+0/32/38 time=1ms
  RUN js-fuzzer-function-7078b1558e88.js [7026/10000] md5=7078b1558e88c84f2ce4ff32c844a13e bytes=153 template=function origin=seed:tests/corpus/syntax/template-array-destructure.test.js
 PASS js-fuzzer-function-7078b1558e88.js [7026/10000] status=ok obs=1679091c5a88 coverage=+0/32/38 time=2ms
  RUN js-fuzzer-array-object-f8c5f351656e.js [7027/10000] md5=f8c5f351656ed8463b0dedc8853d7ad6 bytes=133 template=array-object origin=seed:tests/corpus/syntax/typescript-assertions.test.ts
 PASS js-fuzzer-array-object-f8c5f351656e.js [7027/10000] status=ok obs=aab3238922bc coverage=+0/32/38 time=2ms
  RUN js-fuzzer-closure-51085c87e48c.js [7028/10000] md5=51085c87e48c23a15a478a08227a7c73 bytes=183 template=closure origin=seed:tests/corpus/syntax/typescript-non-null-satisfies.test.ts
 PASS js-fuzzer-closure-51085c87e48c.js [7028/10000] status=ok obs=6512bd43d9ca coverage=+0/32/38 time=1ms
  RUN js-fuzzer-boundary-235131a2d0d1.js [7029/10000] md5=235131a2d0d184afe9327ca3bd456dde bytes=129 template=boundary origin=boundary:-9007199254740991
 PASS js-fuzzer-boundary-235131a2d0d1.js [7029/10000] status=ok obs=b3f3a95848f6 coverage=+0/32/38 time=2ms
  RUN js-fuzzer-corpus-ab8ca4f8757c.js [7030/10000] md5=ab8ca4f8757c6165b29cd6a662edad93 bytes=450 template=corpus origin=tests/corpus/fixtures/state-machine-workflow.test.js
 PASS js-fuzzer-corpus-ab8ca4f8757c.js [7030/10000] status=ok obs=b9f49c580664 coverage=+0/32/38 time=2ms
  RUN js-fuzzer-try-catch-49469dc3bbde.js [7031/10000] md5=49469dc3bbdee70291dead76d4352702 bytes=109 template=try-catch origin=seed:tests/corpus/fixtures/vue-script-workflow.test.vue
 PASS js-fuzzer-try-catch-49469dc3bbde.js [7031/10000] status=ok obs=d3d9446802a4 coverage=+0/32/38 time=2ms
  RUN js-fuzzer-class-51ea152a707e.js [7032/10000] md5=51ea152a707ed5422ab3e5b3ddb7fe43 bytes=100 template=class origin=seed:tests/corpus/obfuscation/constant-tag-mix.test.js
 PASS js-fuzzer-class-51ea152a707e.js [7032/10000] status=ok obs=e4da3b7fbbce coverage=+0/32/38 time=1ms
  RUN js-fuzzer-arithmetic-65501ead84f9.js [7033/10000] md5=65501ead84f9971d0230d67a42cdc4b9 bytes=84 template=arithmetic origin=seed:tests/corpus/obfuscation/extern-slot-permutation.test.js
 PASS js-fuzzer-arithmetic-65501ead84f9.js [7033/10000] status=ok obs=b6d767d2f8ed coverage=+0/32/38 time=1ms
  RUN js-fuzzer-function-d9597d28535f.js [7034/10000] md5=d9597d28535fd2b10f5ca10cf87a7bb6 bytes=153 template=function origin=seed:tests/corpus/obfuscation/externs-console.test.js
 PASS js-fuzzer-function-d9597d28535f.js [7034/10000] status=ok obs=6f4922f45568 coverage=+0/32/38 time=2ms
  RUN js-fuzzer-array-object-25a61a95b319.js [7035/10000] md5=25a61a95b3193a0fe211cdd44555b964 bytes=133 template=array-object origin=seed:tests/corpus/obfuscation/seed-sensitive-functions.test.js
 PASS js-fuzzer-array-object-25a61a95b319.js [7035/10000] status=ok obs=c51ce410c124 coverage=+0/32/38 time=2ms
  RUN js-fuzzer-boundary-512d8e9b531d.js [7036/10000] md5=512d8e9b531dd316e823325cc949e70e bytes=123 template=boundary origin=boundary:-2147483648
 PASS js-fuzzer-boundary-512d8e9b531d.js [7036/10000] status=ok obs=034ff5946105 coverage=+0/32/38 time=1ms
  RUN js-fuzzer-block-scope-963ef95fccb2.js [7037/10000] md5=963ef95fccb2b37bf54c80ea854154f9 bytes=114 template=block-scope origin=seed:tests/corpus/regressions/multiple-functions-fib-add.test.js
 PASS js-fuzzer-block-scope-963ef95fccb2.js [7037/10000] status=ok obs=ec8956637a99 coverage=+0/32/38 time=2ms
  RUN js-fuzzer-loop-d35707ad0bf7.js [7038/10000] md5=d35707ad0bf74148f671ad8943998af6 bytes=81 template=loop origin=seed:tests/corpus/regressions/scope-compressed-closure-params.test.js
 PASS js-fuzzer-loop-d35707ad0bf7.js [7038/10000] status=ok obs=9bf31c7ff062 coverage=+0/32/38 time=2ms
  RUN js-fuzzer-corpus-a07012429fce.js [7039/10000] md5=a07012429fce4b4d7c8af42f445f70b9 bytes=163 template=corpus origin=tests/corpus/runtime/arrays-objects-methods.test.js
 PASS js-fuzzer-corpus-a07012429fce.js [7039/10000] status=ok obs=c51ce410c124 coverage=+0/32/38 time=1ms
  RUN js-fuzzer-class-d8979b510eb0.js [7040/10000] md5=d8979b510eb085c9e0e846586f80f265 bytes=101 template=class origin=seed:tests/corpus/runtime/block-scopes.test.js
 PASS js-fuzzer-class-d8979b510eb0.js [7040/10000] status=ok obs=c74d97b01eae coverage=+0/32/38 time=2ms
  RUN js-fuzzer-arithmetic-d93f6c60c346.js [7041/10000] md5=d93f6c60c3462b9aa32c4e43188b6f30 bytes=85 template=arithmetic origin=seed:tests/corpus/runtime/class-fields-static-methods.test.js
 PASS js-fuzzer-arithmetic-d93f6c60c346.js [7041/10000] status=ok obs=2723d092b638 coverage=+0/32/38 time=1ms
  RUN js-fuzzer-function-f172d914fe2f.js [7042/10000] md5=f172d914fe2f2d124fd9ee51d2714545 bytes=153 template=function origin=seed:tests/corpus/runtime/classes-and-objects.test.js
 PASS js-fuzzer-function-f172d914fe2f.js [7042/10000] status=ok obs=c9f0f895fb98 coverage=+0/32/38 time=2ms
  RUN js-fuzzer-boundary-92df4f5b559a.js [7043/10000] md5=92df4f5b559a550058b4133ffb629932 bytes=114 template=boundary origin=boundary:-2
 PASS js-fuzzer-boundary-92df4f5b559a.js [7043/10000] status=ok obs=5d7b9adcbe1c coverage=+0/32/38 time=2ms
  RUN js-fuzzer-closure-8a95a02ac0ed.js [7044/10000] md5=8a95a02ac0edf426c0cb8fa45c379334 bytes=184 template=closure origin=seed:tests/corpus/runtime/closures-read-captured-values.test.js
 PASS js-fuzzer-closure-8a95a02ac0ed.js [7044/10000] status=ok obs=3416a75f4cea coverage=+0/32/38 time=1ms
  RUN js-fuzzer-block-scope-f4af244bce9d.js [7045/10000] md5=f4af244bce9d564ffa8b0548ef025cb6 bytes=114 template=block-scope origin=seed:tests/corpus/runtime/exceptions-and-nullish.test.js
 PASS js-fuzzer-block-scope-f4af244bce9d.js [7045/10000] status=ok obs=c9e1074f5b3f coverage=+0/32/38 time=2ms
  RUN js-fuzzer-loop-54e460cecf5c.js [7046/10000] md5=54e460cecf5c05dfcffaa3b2e5f57445 bytes=81 template=loop origin=seed:tests/corpus/runtime/functions-closures-and-arrows.test.js
 PASS js-fuzzer-loop-54e460cecf5c.js [7046/10000] status=ok obs=d3d9446802a4 coverage=+0/32/38 time=2ms
  RUN js-fuzzer-try-catch-ce914b0cd471.js [7047/10000] md5=ce914b0cd471f7c9ec83cbcd645ee9eb bytes=110 template=try-catch origin=seed:tests/corpus/runtime/lexical-shadowing.test.js
 PASS js-fuzzer-try-catch-ce914b0cd471.js [7047/10000] status=ok obs=2838023a778d coverage=+0/32/38 time=1ms
  RUN js-fuzzer-corpus-4131d841163b.js [7048/10000] md5=4131d841163b79e192bca9d4fc683c54 bytes=58 template=corpus origin=tests/corpus/runtime/modules-export.test.js
 PASS js-fuzzer-corpus-4131d841163b.js [7048/10000] status=ok obs=8f14e45fceea coverage=+0/32/38 time=2ms
  RUN js-fuzzer-arithmetic-b30af475e9aa.js [7049/10000] md5=b30af475e9aaa81c2a1082f3784be027 bytes=83 template=arithmetic origin=seed:tests/corpus/runtime/nested-try-finally.test.js
 PASS js-fuzzer-arithmetic-b30af475e9aa.js [7049/10000] status=ok obs=5f93f983524d coverage=+0/32/38 time=1ms
  RUN js-fuzzer-boundary-7f379f781f4f.js [7050/10000] md5=7f379f781f4f9844733fb0f4c5d8aa15 bytes=114 template=boundary origin=boundary:-1
 PASS js-fuzzer-boundary-7f379f781f4f.js [7050/10000] status=ok obs=6bb61e3b7bce coverage=+0/32/38 time=2ms
  RUN js-fuzzer-array-object-6b074eda9017.js [7051/10000] md5=6b074eda9017bf419cfb684874ba8d14 bytes=133 template=array-object origin=seed:tests/corpus/syntax/logical-unary-nullish.test.js
 PASS js-fuzzer-array-object-6b074eda9017.js [7051/10000] status=ok obs=6512bd43d9ca coverage=+0/32/38 time=1ms
  RUN js-fuzzer-closure-65e48d96c776.js [7052/10000] md5=65e48d96c7769dc0c168c0d415ed512b bytes=185 template=closure origin=seed:tests/corpus/syntax/object-destructure-and-members.test.js
 PASS js-fuzzer-closure-65e48d96c776.js [7052/10000] status=ok obs=03afdbd66e79 coverage=+0/32/38 time=2ms
  RUN js-fuzzer-block-scope-a8e327bbe626.js [7053/10000] md5=a8e327bbe6261141f09ba57789d8f00f bytes=114 template=block-scope origin=seed:tests/corpus/syntax/switch-do-while-sequence.test.js
 PASS js-fuzzer-block-scope-a8e327bbe626.js [7053/10000] status=ok obs=a97da629b098 coverage=+0/32/38 time=2ms
  RUN js-fuzzer-loop-b88258462a8d.js [7054/10000] md5=b88258462a8d880f8b0e459fa23b2536 bytes=81 template=loop origin=seed:tests/corpus/syntax/template-array-destructure.test.js
 PASS js-fuzzer-loop-b88258462a8d.js [7054/10000] status=ok obs=3c59dc048e88 coverage=+0/32/38 time=2ms
  RUN js-fuzzer-try-catch-14bcb064f014.js [7055/10000] md5=14bcb064f014dbe91c2010889dcaa2c0 bytes=110 template=try-catch origin=seed:tests/corpus/syntax/typescript-assertions.test.ts
 PASS js-fuzzer-try-catch-14bcb064f014.js [7055/10000] status=ok obs=c0c7c76d30bd coverage=+0/32/38 time=1ms
  RUN js-fuzzer-class-587587295e00.js [7056/10000] md5=587587295e0075a0a19c4572e53274fe bytes=101 template=class origin=seed:tests/corpus/syntax/typescript-non-null-satisfies.test.ts
 PASS js-fuzzer-class-587587295e00.js [7056/10000] status=ok obs=1f0e3dad9990 coverage=+0/32/38 time=2ms
  RUN js-fuzzer-corpus-797f152bf878.js [7057/10000] md5=797f152bf878d5049066c6db6d2360b3 bytes=355 template=corpus origin=tests/corpus/fixtures/job-workflow.test.js
 PASS js-fuzzer-corpus-797f152bf878.js [7057/10000] status=ok obs=b9de0628c8ec coverage=+0/32/38 time=2ms
  RUN js-fuzzer-function-134a85d12098.js [7058/10000] md5=134a85d120985077bd24a3a53ac64560 bytes=153 template=function origin=seed:tests/corpus/fixtures/state-machine-workflow.test.js
 PASS js-fuzzer-function-134a85d12098.js [7058/10000] status=ok obs=1679091c5a88 coverage=+0/32/38 time=2ms
  RUN js-fuzzer-array-object-851e377110ac.js [7059/10000] md5=851e377110acc75beb8d9747bbaf246f bytes=133 template=array-object origin=seed:tests/corpus/fixtures/vue-script-workflow.test.vue
 PASS js-fuzzer-array-object-851e377110ac.js [7059/10000] status=ok obs=6512bd43d9ca coverage=+0/32/38 time=1ms
  RUN js-fuzzer-closure-fbd3de312c49.js [7060/10000] md5=fbd3de312c49e2e25f8e0259c12a573a bytes=184 template=closure origin=seed:tests/corpus/obfuscation/constant-tag-mix.test.js
 PASS js-fuzzer-closure-fbd3de312c49.js [7060/10000] status=ok obs=d67d8ab4f4c1 coverage=+0/32/38 time=2ms
  RUN js-fuzzer-block-scope-d9b4a70cffce.js [7061/10000] md5=d9b4a70cffcebdfd8a421423e79d02c6 bytes=114 template=block-scope origin=seed:tests/corpus/obfuscation/extern-slot-permutation.test.js
 PASS js-fuzzer-block-scope-d9b4a70cffce.js [7061/10000] status=ok obs=a97da629b098 coverage=+0/32/38 time=2ms
  RUN js-fuzzer-loop-f495ca2fc638.js [7062/10000] md5=f495ca2fc6389f933578fc501f5b1465 bytes=81 template=loop origin=seed:tests/corpus/obfuscation/externs-console.test.js
 PASS js-fuzzer-loop-f495ca2fc638.js [7062/10000] status=ok obs=c4ca4238a0b9 coverage=+0/32/38 time=1ms
  RUN js-fuzzer-try-catch-e6fdc2579e78.js [7063/10000] md5=e6fdc2579e7880bc0b759de7af5133ab bytes=110 template=try-catch origin=seed:tests/corpus/obfuscation/seed-sensitive-functions.test.js
 PASS js-fuzzer-try-catch-e6fdc2579e78.js [7063/10000] status=ok obs=d645920e395f coverage=+0/32/38 time=2ms
  RUN js-fuzzer-boundary-83aee5cf07de.js [7064/10000] md5=83aee5cf07deb9d5ce59aec8aff7a227 bytes=128 template=boundary origin=boundary:9007199254740991
 PASS js-fuzzer-boundary-83aee5cf07de.js [7064/10000] status=ok obs=8bfa9ad090fb coverage=+0/32/38 time=2ms
  RUN js-fuzzer-arithmetic-09060672f702.js [7065/10000] md5=09060672f7025c4cc6ae105ae4411de4 bytes=85 template=arithmetic origin=seed:tests/corpus/regressions/multiple-functions-fib-add.test.js
 PASS js-fuzzer-arithmetic-09060672f702.js [7065/10000] status=ok obs=093f65e080a2 coverage=+0/32/38 time=1ms
  RUN js-fuzzer-corpus-c28cfb056309.js [7066/10000] md5=c28cfb056309f2a77f8bd9756b123c54 bytes=147 template=corpus origin=tests/corpus/regressions/scope-compressed-closure-params.test.js
 PASS js-fuzzer-corpus-c28cfb056309.js [7066/10000] status=ok obs=c51ce410c124 coverage=+0/32/38 time=2ms
  RUN js-fuzzer-array-object-1ce47d03a96f.js [7067/10000] md5=1ce47d03a96f0da9f9dec218fa121bd5 bytes=133 template=array-object origin=seed:tests/corpus/runtime/arrays-objects-methods.test.js
 PASS js-fuzzer-array-object-1ce47d03a96f.js [7067/10000] status=ok obs=98f137082101 coverage=+0/32/38 time=1ms
  RUN js-fuzzer-closure-070138ab5b40.js [7068/10000] md5=070138ab5b40918e821be8b7c95206d8 bytes=184 template=closure origin=seed:tests/corpus/runtime/block-scopes.test.js
 PASS js-fuzzer-closure-070138ab5b40.js [7068/10000] status=ok obs=c16a5320fa47 coverage=+0/32/38 time=2ms
  RUN js-fuzzer-block-scope-5156504b8731.js [7069/10000] md5=5156504b873144dd54d24c94d4b589bb bytes=114 template=block-scope origin=seed:tests/corpus/runtime/class-fields-static-methods.test.js
 PASS js-fuzzer-block-scope-5156504b8731.js [7069/10000] status=ok obs=65b9eea6e1cc coverage=+0/32/38 time=1ms
  RUN js-fuzzer-loop-b88258462a8d.js [7070/10000] md5=b88258462a8d880f8b0e459fa23b2536 bytes=81 template=loop origin=seed:tests/corpus/runtime/classes-and-objects.test.js
 PASS js-fuzzer-loop-b88258462a8d.js [7070/10000] status=ok obs=3c59dc048e88 coverage=+0/32/38 time=2ms
  RUN js-fuzzer-boundary-86f8354fc6fd.js [7071/10000] md5=86f8354fc6fd092b05683bbf230dc769 bytes=122 template=boundary origin=boundary:2147483647
 PASS js-fuzzer-boundary-86f8354fc6fd.js [7071/10000] status=ok obs=c588c0a459f4 coverage=+0/32/38 time=2ms
  RUN js-fuzzer-class-47fbd3db5853.js [7072/10000] md5=47fbd3db58539fc2e42627a4f3168c79 bytes=101 template=class origin=seed:tests/corpus/runtime/closures-read-captured-values.test.js
 PASS js-fuzzer-class-47fbd3db5853.js [7072/10000] status=ok obs=98f137082101 coverage=+0/32/38 time=1ms
  RUN js-fuzzer-arithmetic-60ea17ac1e4d.js [7073/10000] md5=60ea17ac1e4dfbdb25929f79c1f519ce bytes=85 template=arithmetic origin=seed:tests/corpus/runtime/exceptions-and-nullish.test.js
 PASS js-fuzzer-arithmetic-60ea17ac1e4d.js [7073/10000] status=ok obs=72b32a1f754b coverage=+0/32/38 time=2ms
  RUN js-fuzzer-function-66ad482026b9.js [7074/10000] md5=66ad482026b9df67ec5d25c1cce4c653 bytes=153 template=function origin=seed:tests/corpus/runtime/functions-closures-and-arrows.test.js
 PASS js-fuzzer-function-66ad482026b9.js [7074/10000] status=ok obs=6512bd43d9ca coverage=+0/32/38 time=2ms
  RUN js-fuzzer-corpus-463d4dee8a1f.js [7075/10000] md5=463d4dee8a1f930fa8af57a704cacf3e bytes=232 template=corpus origin=tests/corpus/runtime/lexical-shadowing.test.js
 PASS js-fuzzer-corpus-463d4dee8a1f.js [7075/10000] status=ok obs=c51ce410c124 coverage=+0/32/38 time=2ms
  RUN js-fuzzer-closure-030b7bf14ecb.js [7076/10000] md5=030b7bf14ecb4730d9388ef124e2c763 bytes=185 template=closure origin=seed:tests/corpus/runtime/modules-export.test.js
 PASS js-fuzzer-closure-030b7bf14ecb.js [7076/10000] status=ok obs=3ef815416f77 coverage=+0/32/38 time=1ms
  RUN js-fuzzer-block-scope-9e4782b43fd1.js [7077/10000] md5=9e4782b43fd166fd159be156661cfecd bytes=114 template=block-scope origin=seed:tests/corpus/runtime/nested-try-finally.test.js
 PASS js-fuzzer-block-scope-9e4782b43fd1.js [7077/10000] status=ok obs=a97da629b098 coverage=+0/32/38 time=2ms
  RUN js-fuzzer-boundary-85faf3787c26.js [7078/10000] md5=85faf3787c26ca3bad9215a544873988 bytes=113 template=boundary origin=boundary:2
 PASS js-fuzzer-boundary-85faf3787c26.js [7078/10000] status=ok obs=c81e728d9d4c coverage=+0/32/38 time=1ms
  RUN js-fuzzer-try-catch-676dafc46859.js [7079/10000] md5=676dafc4685905581f3925e95c53669f bytes=110 template=try-catch origin=seed:tests/corpus/syntax/logical-unary-nullish.test.js
 PASS js-fuzzer-try-catch-676dafc46859.js [7079/10000] status=ok obs=a5771bce93e2 coverage=+0/32/38 time=82ms
  RUN js-fuzzer-class-b901915e3eda.js [7080/10000] md5=b901915e3eda1a96f77dcec9fff681b5 bytes=100 template=class origin=seed:tests/corpus/syntax/object-destructure-and-members.test.js
 PASS js-fuzzer-class-b901915e3eda.js [7080/10000] status=ok obs=c81e728d9d4c coverage=+0/32/38 time=2ms
  RUN js-fuzzer-arithmetic-1a67ae2a6205.js [7081/10000] md5=1a67ae2a6205d58e982dd51b186ccc04 bytes=84 template=arithmetic origin=seed:tests/corpus/syntax/switch-do-while-sequence.test.js
 PASS js-fuzzer-arithmetic-1a67ae2a6205.js [7081/10000] status=ok obs=6f3ef77ac0e3 coverage=+0/32/38 time=2ms
  RUN js-fuzzer-function-88a1a2ce9ecc.js [7082/10000] md5=88a1a2ce9eccc8d7f1092c43da9e0b1f bytes=153 template=function origin=seed:tests/corpus/syntax/template-array-destructure.test.js
 PASS js-fuzzer-function-88a1a2ce9ecc.js [7082/10000] status=ok obs=45c48cce2e2d coverage=+0/32/38 time=3ms
  RUN js-fuzzer-array-object-8f47ce99545b.js [7083/10000] md5=8f47ce99545bd5edec34a59307701d66 bytes=133 template=array-object origin=seed:tests/corpus/syntax/typescript-assertions.test.ts
 PASS js-fuzzer-array-object-8f47ce99545b.js [7083/10000] status=ok obs=9bf31c7ff062 coverage=+0/32/38 time=2ms
  RUN js-fuzzer-corpus-e3eeaea0f8a2.js [7084/10000] md5=e3eeaea0f8a2c5d5b650d4007cf78b4a bytes=104 template=corpus origin=tests/corpus/syntax/typescript-non-null-satisfies.test.ts
 PASS js-fuzzer-corpus-e3eeaea0f8a2.js [7084/10000] status=ok obs=d3d9446802a4 coverage=+0/32/38 time=2ms
  RUN js-fuzzer-boundary-3ca041277ff0.js [7085/10000] md5=3ca041277ff0c3edafc1a1dcaf120940 bytes=113 template=boundary origin=boundary:1
 PASS js-fuzzer-boundary-3ca041277ff0.js [7085/10000] status=ok obs=c4ca4238a0b9 coverage=+0/32/38 time=2ms
  RUN js-fuzzer-loop-54e460cecf5c.js [7086/10000] md5=54e460cecf5c05dfcffaa3b2e5f57445 bytes=81 template=loop origin=seed:tests/corpus/fixtures/state-machine-workflow.test.js
 PASS js-fuzzer-loop-54e460cecf5c.js [7086/10000] status=ok obs=d3d9446802a4 coverage=+0/32/38 time=16ms
  RUN js-fuzzer-try-catch-8eb6765f66fd.js [7087/10000] md5=8eb6765f66fd409e223a9383e9857a4c bytes=109 template=try-catch origin=seed:tests/corpus/fixtures/vue-script-workflow.test.vue
 PASS js-fuzzer-try-catch-8eb6765f66fd.js [7087/10000] status=ok obs=6512bd43d9ca coverage=+0/32/38 time=7ms
  RUN js-fuzzer-class-ff7d9ca3da86.js [7088/10000] md5=ff7d9ca3da86b49917ac34b4d48e8df9 bytes=101 template=class origin=seed:tests/corpus/obfuscation/constant-tag-mix.test.js
 PASS js-fuzzer-class-ff7d9ca3da86.js [7088/10000] status=ok obs=c20ad4d76fe9 coverage=+0/32/38 time=3ms
  RUN js-fuzzer-arithmetic-ab1c22316be9.js [7089/10000] md5=ab1c22316be9af683adfe75899c6d4cc bytes=85 template=arithmetic origin=seed:tests/corpus/obfuscation/extern-slot-permutation.test.js
 PASS js-fuzzer-arithmetic-ab1c22316be9.js [7089/10000] status=ok obs=812b4ba287f5 coverage=+0/32/38 time=2ms
  RUN js-fuzzer-function-59a47c73ec30.js [7090/10000] md5=59a47c73ec3039d5b72e8af0d1e410de bytes=153 template=function origin=seed:tests/corpus/obfuscation/externs-console.test.js
 PASS js-fuzzer-function-59a47c73ec30.js [7090/10000] status=ok obs=8f14e45fceea coverage=+0/32/38 time=2ms
  RUN js-fuzzer-array-object-6eb22610e417.js [7091/10000] md5=6eb22610e4173e03fa0419821dc9a6fb bytes=133 template=array-object origin=seed:tests/corpus/obfuscation/seed-sensitive-functions.test.js
 PASS js-fuzzer-array-object-6eb22610e417.js [7091/10000] status=ok obs=1679091c5a88 coverage=+0/32/38 time=2ms
  RUN js-fuzzer-boundary-6aec0a9b1ff4.js [7092/10000] md5=6aec0a9b1ff4294bcfecb539ba7e660b bytes=129 template=boundary origin=boundary:-9007199254740991
 PASS js-fuzzer-boundary-6aec0a9b1ff4.js [7092/10000] status=ok obs=b3f3a95848f6 coverage=+0/32/38 time=2ms
  RUN js-fuzzer-corpus-ad9ed8746461.js [7093/10000] md5=ad9ed87464611c6dd81b04b3754c760c bytes=214 template=corpus origin=tests/corpus/regressions/multiple-functions-fib-add.test.js
 PASS js-fuzzer-corpus-ad9ed8746461.js [7093/10000] status=ok obs=3c59dc048e88 coverage=+0/32/38 time=2ms
  RUN js-fuzzer-loop-d35707ad0bf7.js [7094/10000] md5=d35707ad0bf74148f671ad8943998af6 bytes=81 template=loop origin=seed:tests/corpus/regressions/scope-compressed-closure-params.test.js
 PASS js-fuzzer-loop-d35707ad0bf7.js [7094/10000] status=ok obs=9bf31c7ff062 coverage=+0/32/38 time=2ms
  RUN js-fuzzer-try-catch-f457fe0c144d.js [7095/10000] md5=f457fe0c144d86e31ce7ae86f7f5c357 bytes=110 template=try-catch origin=seed:tests/corpus/runtime/arrays-objects-methods.test.js
 PASS js-fuzzer-try-catch-f457fe0c144d.js [7095/10000] status=ok obs=67c6a1e7ce56 coverage=+0/32/38 time=2ms
  RUN js-fuzzer-class-5baf4bed5db4.js [7096/10000] md5=5baf4bed5db4f8205173226efc8fff73 bytes=101 template=class origin=seed:tests/corpus/runtime/block-scopes.test.js
 PASS js-fuzzer-class-5baf4bed5db4.js [7096/10000] status=ok obs=6f4922f45568 coverage=+0/32/38 time=2ms
  RUN js-fuzzer-arithmetic-341cb134100d.js [7097/10000] md5=341cb134100d36e9456f739b1ce04f6e bytes=85 template=arithmetic origin=seed:tests/corpus/runtime/class-fields-static-methods.test.js
 PASS js-fuzzer-arithmetic-341cb134100d.js [7097/10000] status=ok obs=07e1cd7dca89 coverage=+0/32/38 time=1ms
  RUN js-fuzzer-function-c6a41e639682.js [7098/10000] md5=c6a41e6396823bcfa91e05b3a10b01c0 bytes=153 template=function origin=seed:tests/corpus/runtime/classes-and-objects.test.js
 PASS js-fuzzer-function-c6a41e639682.js [7098/10000] status=ok obs=1f0e3dad9990 coverage=+0/32/38 time=2ms
  RUN js-fuzzer-boundary-4b8e58e2bd3b.js [7099/10000] md5=4b8e58e2bd3bc437f093fe0ab13ce109 bytes=123 template=boundary origin=boundary:-2147483648
 PASS js-fuzzer-boundary-4b8e58e2bd3b.js [7099/10000] status=ok obs=034ff5946105 coverage=+0/32/38 time=2ms
  RUN js-fuzzer-closure-93a95acfcd36.js [7100/10000] md5=93a95acfcd36a8e55a36ea1fa102082e bytes=184 template=closure origin=seed:tests/corpus/runtime/closures-read-captured-values.test.js
 PASS js-fuzzer-closure-93a95acfcd36.js [7100/10000] status=ok obs=093f65e080a2 coverage=+0/32/38 time=2ms
  RUN js-fuzzer-block-scope-22350315fdba.js [7101/10000] md5=22350315fdba97efbf9aea25de3706e4 bytes=114 template=block-scope origin=seed:tests/corpus/runtime/exceptions-and-nullish.test.js
 PASS js-fuzzer-block-scope-22350315fdba.js [7101/10000] status=ok obs=2723d092b638 coverage=+0/32/38 time=1ms
  RUN js-fuzzer-corpus-72746d071c58.js [7102/10000] md5=72746d071c58fadd9399bc8934c30553 bytes=197 template=corpus origin=tests/corpus/runtime/functions-closures-and-arrows.test.js
 PASS js-fuzzer-corpus-72746d071c58.js [7102/10000] status=ok obs=c74d97b01eae coverage=+0/32/38 time=2ms
  RUN js-fuzzer-try-catch-ee30a401530f.js [7103/10000] md5=ee30a401530f819cbc5581e8feb5d305 bytes=110 template=try-catch origin=seed:tests/corpus/runtime/lexical-shadowing.test.js
 PASS js-fuzzer-try-catch-ee30a401530f.js [7103/10000] status=ok obs=182be0c5cdcd coverage=+0/32/38 time=2ms
  RUN js-fuzzer-class-a365d1a76b7b.js [7104/10000] md5=a365d1a76b7b0d4310621afa7caac433 bytes=100 template=class origin=seed:tests/corpus/runtime/modules-export.test.js
 PASS js-fuzzer-class-a365d1a76b7b.js [7104/10000] status=ok obs=8f14e45fceea coverage=+0/32/38 time=1ms
  RUN js-fuzzer-arithmetic-7a0881dc8a8e.js [7105/10000] md5=7a0881dc8a8e2e87e73e839c5053a2e4 bytes=84 template=arithmetic origin=seed:tests/corpus/runtime/nested-try-finally.test.js
 PASS js-fuzzer-arithmetic-7a0881dc8a8e.js [7105/10000] status=ok obs=f0935e4cd592 coverage=+0/32/38 time=2ms
  RUN js-fuzzer-boundary-db03eeac3914.js [7106/10000] md5=db03eeac3914e8f0a7bfea9eefe9f0de bytes=114 template=boundary origin=boundary:-2
 PASS js-fuzzer-boundary-db03eeac3914.js [7106/10000] status=ok obs=5d7b9adcbe1c coverage=+0/32/38 time=2ms
  RUN js-fuzzer-array-object-f0fd3948fd90.js [7107/10000] md5=f0fd3948fd90aff3f1b238259aa06aaf bytes=133 template=array-object origin=seed:tests/corpus/syntax/logical-unary-nullish.test.js
 PASS js-fuzzer-array-object-f0fd3948fd90.js [7107/10000] status=ok obs=6512bd43d9ca coverage=+0/32/38 time=1ms
  RUN js-fuzzer-closure-b2e4951fb97f.js [7108/10000] md5=b2e4951fb97f49232ba40ce421e670e9 bytes=183 template=closure origin=seed:tests/corpus/syntax/object-destructure-and-members.test.js
 PASS js-fuzzer-closure-b2e4951fb97f.js [7108/10000] status=ok obs=6ea9ab1baa0e coverage=+0/32/38 time=2ms
  RUN js-fuzzer-block-scope-e315f4c12bc1.js [7109/10000] md5=e315f4c12bc13b4f7f4a55f8bf99f422 bytes=115 template=block-scope origin=seed:tests/corpus/syntax/switch-do-while-sequence.test.js
 PASS js-fuzzer-block-scope-e315f4c12bc1.js [7109/10000] status=ok obs=5f93f983524d coverage=+0/32/38 time=2ms
  RUN js-fuzzer-loop-b88258462a8d.js [7110/10000] md5=b88258462a8d880f8b0e459fa23b2536 bytes=81 template=loop origin=seed:tests/corpus/syntax/template-array-destructure.test.js
 PASS js-fuzzer-loop-b88258462a8d.js [7110/10000] status=ok obs=3c59dc048e88 coverage=+0/32/38 time=1ms
  RUN js-fuzzer-corpus-57a83a4b020d.js [7111/10000] md5=57a83a4b020d4b85b42b0a3709f283ad bytes=130 template=corpus origin=tests/corpus/syntax/typescript-assertions.test.ts
 PASS js-fuzzer-corpus-57a83a4b020d.js [7111/10000] status=ok obs=45c48cce2e2d coverage=+0/32/38 time=1ms
  RUN js-fuzzer-class-c6bbe0a63455.js [7112/10000] md5=c6bbe0a634559d18fa82cf0c9a421610 bytes=100 template=class origin=seed:tests/corpus/syntax/typescript-non-null-satisfies.test.ts
 PASS js-fuzzer-class-c6bbe0a63455.js [7112/10000] status=ok obs=1679091c5a88 coverage=+0/32/38 time=2ms
  RUN js-fuzzer-boundary-1024adcac0e5.js [7113/10000] md5=1024adcac0e5cc9f99f478fa66dcc00c bytes=114 template=boundary origin=boundary:-1
 PASS js-fuzzer-boundary-1024adcac0e5.js [7113/10000] status=ok obs=6bb61e3b7bce coverage=+0/32/38 time=2ms
  RUN js-fuzzer-function-17ab2ee95112.js [7114/10000] md5=17ab2ee95112b813f54b3d07b24c1dbd bytes=153 template=function origin=seed:tests/corpus/fixtures/state-machine-workflow.test.js
 PASS js-fuzzer-function-17ab2ee95112.js [7114/10000] status=ok obs=b6d767d2f8ed coverage=+0/32/38 time=3ms
  RUN js-fuzzer-array-object-58fe441afbd4.js [7115/10000] md5=58fe441afbd494c65ce93b3dcf0d2e0d bytes=133 template=array-object origin=seed:tests/corpus/fixtures/vue-script-workflow.test.vue
 PASS js-fuzzer-array-object-58fe441afbd4.js [7115/10000] status=ok obs=6f4922f45568 coverage=+0/32/38 time=2ms
  RUN js-fuzzer-closure-120062731571.js [7116/10000] md5=12006273157171109907ba017ec6f555 bytes=183 template=closure origin=seed:tests/corpus/obfuscation/constant-tag-mix.test.js
 PASS js-fuzzer-closure-120062731571.js [7116/10000] status=ok obs=c16a5320fa47 coverage=+0/32/38 time=2ms
  RUN js-fuzzer-block-scope-0ea91d40905c.js [7117/10000] md5=0ea91d40905c63c6839849e50aedb38a bytes=114 template=block-scope origin=seed:tests/corpus/obfuscation/extern-slot-permutation.test.js
 PASS js-fuzzer-block-scope-0ea91d40905c.js [7117/10000] status=ok obs=f0935e4cd592 coverage=+0/32/38 time=1ms
  RUN js-fuzzer-loop-d35707ad0bf7.js [7118/10000] md5=d35707ad0bf74148f671ad8943998af6 bytes=81 template=loop origin=seed:tests/corpus/obfuscation/externs-console.test.js
 PASS js-fuzzer-loop-d35707ad0bf7.js [7118/10000] status=ok obs=9bf31c7ff062 coverage=+0/32/38 time=2ms
  RUN js-fuzzer-try-catch-c5263a4b0fbd.js [7119/10000] md5=c5263a4b0fbd119742a040447111f34b bytes=109 template=try-catch origin=seed:tests/corpus/obfuscation/seed-sensitive-functions.test.js
 PASS js-fuzzer-try-catch-c5263a4b0fbd.js [7119/10000] status=ok obs=8f14e45fceea coverage=+0/32/38 time=1ms
  RUN js-fuzzer-corpus-79643e915862.js [7120/10000] md5=79643e91586251700d34c0c65a0220da bytes=89 template=corpus origin=tests/corpus/regressions/destructuring-lowers-to-member.test.js
 PASS js-fuzzer-corpus-79643e915862.js [7120/10000] status=ok obs=eccbc87e4b5c coverage=+0/32/38 time=2ms
  RUN js-fuzzer-arithmetic-6b11fbbc2c2a.js [7121/10000] md5=6b11fbbc2c2ab74d4acdbcde6758738f bytes=84 template=arithmetic origin=seed:tests/corpus/regressions/multiple-functions-fib-add.test.js
 PASS js-fuzzer-arithmetic-6b11fbbc2c2a.js [7121/10000] status=ok obs=a8f15eda80c5 coverage=+0/32/38 time=1ms
  RUN js-fuzzer-function-8384e80192dc.js [7122/10000] md5=8384e80192dc0232cf5e505b2f7d5501 bytes=153 template=function origin=seed:tests/corpus/regressions/scope-compressed-closure-params.test.js
 PASS js-fuzzer-function-8384e80192dc.js [7122/10000] status=ok obs=e4da3b7fbbce coverage=+0/32/38 time=3ms
  RUN js-fuzzer-array-object-c997fb918a8f.js [7123/10000] md5=c997fb918a8f8fa8d2523718e7255e17 bytes=133 template=array-object origin=seed:tests/corpus/runtime/arrays-objects-methods.test.js
 PASS js-fuzzer-array-object-c997fb918a8f.js [7123/10000] status=ok obs=70efdf2ec9b0 coverage=+0/32/38 time=2ms
  RUN js-fuzzer-closure-f7700ebd3a3b.js [7124/10000] md5=f7700ebd3a3bd7c22deb96a4425fec88 bytes=185 template=closure origin=seed:tests/corpus/runtime/block-scopes.test.js
 PASS js-fuzzer-closure-f7700ebd3a3b.js [7124/10000] status=ok obs=fc490ca45c00 coverage=+0/32/38 time=1ms
  RUN js-fuzzer-block-scope-4c9f5e6cb6bd.js [7125/10000] md5=4c9f5e6cb6bd75e0cfebd2c1f936a7c2 bytes=114 template=block-scope origin=seed:tests/corpus/runtime/class-fields-static-methods.test.js
 PASS js-fuzzer-block-scope-4c9f5e6cb6bd.js [7125/10000] status=ok obs=a97da629b098 coverage=+0/32/38 time=2ms
  RUN js-fuzzer-loop-bbf1d7a15d8d.js [7126/10000] md5=bbf1d7a15d8dd015402d75c0e0108b5f bytes=81 template=loop origin=seed:tests/corpus/runtime/classes-and-objects.test.js
 PASS js-fuzzer-loop-bbf1d7a15d8d.js [7126/10000] status=ok obs=1679091c5a88 coverage=+0/32/38 time=2ms
  RUN js-fuzzer-boundary-4bea2a6e0cb0.js [7127/10000] md5=4bea2a6e0cb0c7bb0b29e5b5d44112d8 bytes=128 template=boundary origin=boundary:9007199254740991
 PASS js-fuzzer-boundary-4bea2a6e0cb0.js [7127/10000] status=ok obs=dc9a0d67a31d coverage=+0/32/38 time=1ms
  RUN js-fuzzer-class-b1e3642c0208.js [7128/10000] md5=b1e3642c0208992266fb21668a536292 bytes=100 template=class origin=seed:tests/corpus/runtime/closures-read-captured-values.test.js
 PASS js-fuzzer-class-b1e3642c0208.js [7128/10000] status=ok obs=c9f0f895fb98 coverage=+0/32/38 time=2ms
  RUN js-fuzzer-corpus-cf8fb96e8476.js [7129/10000] md5=cf8fb96e8476c262b73583c86dd80821 bytes=178 template=corpus origin=tests/corpus/runtime/exceptions-and-nullish.test.js
 PASS js-fuzzer-corpus-cf8fb96e8476.js [7129/10000] status=ok obs=24ed5e8718fc coverage=+0/32/38 time=2ms
  RUN js-fuzzer-function-66ad482026b9.js [7130/10000] md5=66ad482026b9df67ec5d25c1cce4c653 bytes=153 template=function origin=seed:tests/corpus/runtime/functions-closures-and-arrows.test.js
 PASS js-fuzzer-function-66ad482026b9.js [7130/10000] status=ok obs=6512bd43d9ca coverage=+0/32/38 time=2ms
  RUN js-fuzzer-array-object-139433833be4.js [7131/10000] md5=139433833be41dadae23245819059575 bytes=133 template=array-object origin=seed:tests/corpus/runtime/lexical-shadowing.test.js
 PASS js-fuzzer-array-object-139433833be4.js [7131/10000] status=ok obs=1679091c5a88 coverage=+0/32/38 time=1ms
  RUN js-fuzzer-closure-b8e335d5ee48.js [7132/10000] md5=b8e335d5ee48700c60a75a21751097e1 bytes=184 template=closure origin=seed:tests/corpus/runtime/modules-export.test.js
 PASS js-fuzzer-closure-b8e335d5ee48.js [7132/10000] status=ok obs=1c383cd30b7c coverage=+0/32/38 time=2ms
  RUN js-fuzzer-block-scope-cd4ca530ceaa.js [7133/10000] md5=cd4ca530ceaae2742d31ed87b34a7cc3 bytes=114 template=block-scope origin=seed:tests/corpus/runtime/nested-try-finally.test.js
 PASS js-fuzzer-block-scope-cd4ca530ceaa.js [7133/10000] status=ok obs=c9e1074f5b3f coverage=+0/32/38 time=2ms
  RUN js-fuzzer-boundary-5c12d757f0dd.js [7134/10000] md5=5c12d757f0ddd5c6b1207b14fb1e8d0c bytes=122 template=boundary origin=boundary:2147483647
 PASS js-fuzzer-boundary-5c12d757f0dd.js [7134/10000] status=ok obs=c588c0a459f4 coverage=+0/32/38 time=1ms
  RUN js-fuzzer-try-catch-7b36a94abb6d.js [7135/10000] md5=7b36a94abb6ddf002e9dd3f3d3a0cea5 bytes=110 template=try-catch origin=seed:tests/corpus/syntax/logical-unary-nullish.test.js
 PASS js-fuzzer-try-catch-7b36a94abb6d.js [7135/10000] status=ok obs=37693cfc7480 coverage=+0/32/38 time=2ms
  RUN js-fuzzer-class-3b630e2d834a.js [7136/10000] md5=3b630e2d834a95a01ee75571f8bc0075 bytes=101 template=class origin=seed:tests/corpus/syntax/object-destructure-and-members.test.js
 PASS js-fuzzer-class-3b630e2d834a.js [7136/10000] status=ok obs=6512bd43d9ca coverage=+0/32/38 time=2ms
  RUN js-fuzzer-arithmetic-fda337b2d671.js [7137/10000] md5=fda337b2d671560b9212e4949adb9490 bytes=84 template=arithmetic origin=seed:tests/corpus/syntax/switch-do-while-sequence.test.js
 PASS js-fuzzer-arithmetic-fda337b2d671.js [7137/10000] status=ok obs=98f137082101 coverage=+0/32/38 time=1ms
  RUN js-fuzzer-corpus-ff388659a641.js [7138/10000] md5=ff388659a6419d1e6e01ce4e7151a52e bytes=135 template=corpus origin=tests/corpus/syntax/template-array-destructure.test.js
 PASS js-fuzzer-corpus-ff388659a641.js [7138/10000] status=ok obs=f61c9a8be43c coverage=+0/32/38 time=2ms
  RUN js-fuzzer-array-object-b911e636aadb.js [7139/10000] md5=b911e636aadb7752be9e28433968b5c1 bytes=133 template=array-object origin=seed:tests/corpus/syntax/typescript-assertions.test.ts
 PASS js-fuzzer-array-object-b911e636aadb.js [7139/10000] status=ok obs=c51ce410c124 coverage=+0/32/38 time=1ms
  RUN js-fuzzer-closure-7ceee4d94c06.js [7140/10000] md5=7ceee4d94c06c213cf67a663c7ae979f bytes=185 template=closure origin=seed:tests/corpus/syntax/typescript-non-null-satisfies.test.ts
 PASS js-fuzzer-closure-7ceee4d94c06.js [7140/10000] status=ok obs=fc490ca45c00 coverage=+0/32/38 time=2ms
  RUN js-fuzzer-boundary-85faf3787c26.js [7141/10000] md5=85faf3787c26ca3bad9215a544873988 bytes=113 template=boundary origin=boundary:2
 PASS js-fuzzer-boundary-85faf3787c26.js [7141/10000] status=ok obs=c81e728d9d4c coverage=+0/32/38 time=2ms
  RUN js-fuzzer-loop-bbf1d7a15d8d.js [7142/10000] md5=bbf1d7a15d8dd015402d75c0e0108b5f bytes=81 template=loop origin=seed:tests/corpus/fixtures/state-machine-workflow.test.js
 PASS js-fuzzer-loop-bbf1d7a15d8d.js [7142/10000] status=ok obs=1679091c5a88 coverage=+0/32/38 time=1ms
  RUN js-fuzzer-try-catch-e6a0f565fc4e.js [7143/10000] md5=e6a0f565fc4ec95ea847cca573b5900c bytes=110 template=try-catch origin=seed:tests/corpus/fixtures/vue-script-workflow.test.vue
 PASS js-fuzzer-try-catch-e6a0f565fc4e.js [7143/10000] status=ok obs=33e75ff09dd6 coverage=+0/32/38 time=2ms
  RUN js-fuzzer-class-47fbd3db5853.js [7144/10000] md5=47fbd3db58539fc2e42627a4f3168c79 bytes=101 template=class origin=seed:tests/corpus/obfuscation/constant-tag-mix.test.js
 PASS js-fuzzer-class-47fbd3db5853.js [7144/10000] status=ok obs=98f137082101 coverage=+0/32/38 time=1ms
  RUN js-fuzzer-arithmetic-6d476c1402ad.js [7145/10000] md5=6d476c1402ada8ba7e9e3f78425ef9d6 bytes=84 template=arithmetic origin=seed:tests/corpus/obfuscation/extern-slot-permutation.test.js
 PASS js-fuzzer-arithmetic-6d476c1402ad.js [7145/10000] status=ok obs=70efdf2ec9b0 coverage=+0/32/38 time=2ms
  RUN js-fuzzer-function-21f30959172f.js [7146/10000] md5=21f30959172fc1289c7ff8ad630f96bf bytes=153 template=function origin=seed:tests/corpus/obfuscation/externs-console.test.js
 PASS js-fuzzer-function-21f30959172f.js [7146/10000] status=ok obs=4e732ced3463 coverage=+0/32/38 time=2ms
  RUN js-fuzzer-corpus-38ba19d9deb7.js [7147/10000] md5=38ba19d9deb7566cc8a420c27ada3f21 bytes=136 template=corpus origin=tests/corpus/obfuscation/seed-sensitive-functions.test.js
 PASS js-fuzzer-corpus-38ba19d9deb7.js [7147/10000] status=ok obs=a5bfc9e07964 coverage=+0/32/38 time=2ms
  RUN js-fuzzer-boundary-ccde2dac26f6.js [7148/10000] md5=ccde2dac26f6d3fd46c3698825685fe3 bytes=113 template=boundary origin=boundary:1
 PASS js-fuzzer-boundary-ccde2dac26f6.js [7148/10000] status=ok obs=c4ca4238a0b9 coverage=+0/32/38 time=2ms
  RUN js-fuzzer-block-scope-0bf9efa9abd6.js [7149/10000] md5=0bf9efa9abd6cc8bda396d1dec35840f bytes=114 template=block-scope origin=seed:tests/corpus/regressions/multiple-functions-fib-add.test.js
 PASS js-fuzzer-block-scope-0bf9efa9abd6.js [7149/10000] status=ok obs=38b3eff8baf5 coverage=+0/32/38 time=1ms
  RUN js-fuzzer-loop-b88258462a8d.js [7150/10000] md5=b88258462a8d880f8b0e459fa23b2536 bytes=81 template=loop origin=seed:tests/corpus/regressions/scope-compressed-closure-params.test.js
 PASS js-fuzzer-loop-b88258462a8d.js [7150/10000] status=ok obs=3c59dc048e88 coverage=+0/32/38 time=2ms
  RUN js-fuzzer-try-catch-0db921dfa62d.js [7151/10000] md5=0db921dfa62dbbfd21889addc9a83362 bytes=110 template=try-catch origin=seed:tests/corpus/runtime/arrays-objects-methods.test.js
 PASS js-fuzzer-try-catch-0db921dfa62d.js [7151/10000] status=ok obs=34173cb38f07 coverage=+0/32/38 time=1ms
  RUN js-fuzzer-class-d2b3669b495d.js [7152/10000] md5=d2b3669b495dd4792f9e1509f2bbf8a7 bytes=100 template=class origin=seed:tests/corpus/runtime/block-scopes.test.js
 PASS js-fuzzer-class-d2b3669b495d.js [7152/10000] status=ok obs=eccbc87e4b5c coverage=+0/32/38 time=2ms
  RUN js-fuzzer-arithmetic-1915fbcf8563.js [7153/10000] md5=1915fbcf8563b4d117ba81506741a14d bytes=84 template=arithmetic origin=seed:tests/corpus/runtime/class-fields-static-methods.test.js
 PASS js-fuzzer-arithmetic-1915fbcf8563.js [7153/10000] status=ok obs=0f28b5d49b30 coverage=+0/32/38 time=1ms
  RUN js-fuzzer-function-c6a41e639682.js [7154/10000] md5=c6a41e6396823bcfa91e05b3a10b01c0 bytes=153 template=function origin=seed:tests/corpus/runtime/classes-and-objects.test.js
 PASS js-fuzzer-function-c6a41e639682.js [7154/10000] status=ok obs=1f0e3dad9990 coverage=+0/32/38 time=3ms
  RUN js-fuzzer-boundary-235131a2d0d1.js [7155/10000] md5=235131a2d0d184afe9327ca3bd456dde bytes=129 template=boundary origin=boundary:-9007199254740991
 PASS js-fuzzer-boundary-235131a2d0d1.js [7155/10000] status=ok obs=b3f3a95848f6 coverage=+0/32/38 time=1ms
  RUN js-fuzzer-corpus-08bc93bf5789.js [7156/10000] md5=08bc93bf57897bc88ce7161fe56cd099 bytes=169 template=corpus origin=tests/corpus/runtime/closures-read-captured-values.test.js
 PASS js-fuzzer-corpus-08bc93bf5789.js [7156/10000] status=ok obs=02e74f10e032 coverage=+0/32/38 time=2ms
  RUN js-fuzzer-block-scope-5951239be5d3.js [7157/10000] md5=5951239be5d370f7e12ed89cd6c868b1 bytes=114 template=block-scope origin=seed:tests/corpus/runtime/exceptions-and-nullish.test.js
 PASS js-fuzzer-block-scope-5951239be5d3.js [7157/10000] status=ok obs=2723d092b638 coverage=+0/32/38 time=2ms
  RUN js-fuzzer-loop-f495ca2fc638.js [7158/10000] md5=f495ca2fc6389f933578fc501f5b1465 bytes=81 template=loop origin=seed:tests/corpus/runtime/functions-closures-and-arrows.test.js
 PASS js-fuzzer-loop-f495ca2fc638.js [7158/10000] status=ok obs=c4ca4238a0b9 coverage=+0/32/38 time=1ms
  RUN js-fuzzer-try-catch-949865ef2d04.js [7159/10000] md5=949865ef2d045cce3ed2d503f7e03e63 bytes=110 template=try-catch origin=seed:tests/corpus/runtime/lexical-shadowing.test.js
 PASS js-fuzzer-try-catch-949865ef2d04.js [7159/10000] status=ok obs=6f4922f45568 coverage=+0/32/38 time=2ms
  RUN js-fuzzer-class-d8979b510eb0.js [7160/10000] md5=d8979b510eb085c9e0e846586f80f265 bytes=101 template=class origin=seed:tests/corpus/runtime/modules-export.test.js
 PASS js-fuzzer-class-d8979b510eb0.js [7160/10000] status=ok obs=c74d97b01eae coverage=+0/32/38 time=1ms
  RUN js-fuzzer-arithmetic-c6f4dc3acf1f.js [7161/10000] md5=c6f4dc3acf1ff0d95fe021c8b6ea604c bytes=83 template=arithmetic origin=seed:tests/corpus/runtime/nested-try-finally.test.js
 PASS js-fuzzer-arithmetic-c6f4dc3acf1f.js [7161/10000] status=ok obs=e369853df766 coverage=+0/32/38 time=2ms
  RUN js-fuzzer-boundary-205872a6e44c.js [7162/10000] md5=205872a6e44c1ea0cf94554af934fb09 bytes=123 template=boundary origin=boundary:-2147483648
 PASS js-fuzzer-boundary-205872a6e44c.js [7162/10000] status=ok obs=034ff5946105 coverage=+0/32/38 time=1ms
  RUN js-fuzzer-array-object-6c714904b5df.js [7163/10000] md5=6c714904b5df9acda4006e1a8b225a4a bytes=133 template=array-object origin=seed:tests/corpus/syntax/logical-unary-nullish.test.js
 PASS js-fuzzer-array-object-6c714904b5df.js [7163/10000] status=ok obs=d3d9446802a4 coverage=+0/32/38 time=2ms
  RUN js-fuzzer-closure-a641eaf3e1ca.js [7164/10000] md5=a641eaf3e1ca79accfb48f344d237f8e bytes=184 template=closure origin=seed:tests/corpus/syntax/object-destructure-and-members.test.js
 PASS js-fuzzer-closure-a641eaf3e1ca.js [7164/10000] status=ok obs=7f39f8317fbd coverage=+0/32/38 time=2ms
  RUN js-fuzzer-corpus-2aed353a2d20.js [7165/10000] md5=2aed353a2d200d64cbaf7beb40face20 bytes=275 template=corpus origin=tests/corpus/syntax/switch-do-while-sequence.test.js
 PASS js-fuzzer-corpus-2aed353a2d20.js [7165/10000] status=ok obs=6f4922f45568 coverage=+0/32/38 time=2ms
  RUN js-fuzzer-loop-b88258462a8d.js [7166/10000] md5=b88258462a8d880f8b0e459fa23b2536 bytes=81 template=loop origin=seed:tests/corpus/syntax/template-array-destructure.test.js
 PASS js-fuzzer-loop-b88258462a8d.js [7166/10000] status=ok obs=3c59dc048e88 coverage=+0/32/38 time=1ms
  RUN js-fuzzer-try-catch-e6a0f565fc4e.js [7167/10000] md5=e6a0f565fc4ec95ea847cca573b5900c bytes=110 template=try-catch origin=seed:tests/corpus/syntax/typescript-assertions.test.ts
 PASS js-fuzzer-try-catch-e6a0f565fc4e.js [7167/10000] status=ok obs=33e75ff09dd6 coverage=+0/32/38 time=2ms
  RUN js-fuzzer-class-ff7d9ca3da86.js [7168/10000] md5=ff7d9ca3da86b49917ac34b4d48e8df9 bytes=101 template=class origin=seed:tests/corpus/syntax/typescript-non-null-satisfies.test.ts
 PASS js-fuzzer-class-ff7d9ca3da86.js [7168/10000] status=ok obs=c20ad4d76fe9 coverage=+0/32/38 time=1ms
  RUN js-fuzzer-boundary-db03eeac3914.js [7169/10000] md5=db03eeac3914e8f0a7bfea9eefe9f0de bytes=114 template=boundary origin=boundary:-2
 PASS js-fuzzer-boundary-db03eeac3914.js [7169/10000] status=ok obs=5d7b9adcbe1c coverage=+0/32/38 time=2ms
  RUN js-fuzzer-function-134a85d12098.js [7170/10000] md5=134a85d120985077bd24a3a53ac64560 bytes=153 template=function origin=seed:tests/corpus/fixtures/state-machine-workflow.test.js
 PASS js-fuzzer-function-134a85d12098.js [7170/10000] status=ok obs=1679091c5a88 coverage=+0/32/38 time=2ms
  RUN js-fuzzer-array-object-b22632f6b171.js [7171/10000] md5=b22632f6b171b3070ee0c17613263561 bytes=133 template=array-object origin=seed:tests/corpus/fixtures/vue-script-workflow.test.vue
 PASS js-fuzzer-array-object-b22632f6b171.js [7171/10000] status=ok obs=c20ad4d76fe9 coverage=+0/32/38 time=1ms
  RUN js-fuzzer-closure-aeb4ba6df08e.js [7172/10000] md5=aeb4ba6df08e6e5cd9a569be45a243b0 bytes=184 template=closure origin=seed:tests/corpus/obfuscation/constant-tag-mix.test.js
 PASS js-fuzzer-closure-aeb4ba6df08e.js [7172/10000] status=ok obs=17e62166fc85 coverage=+0/32/38 time=2ms
  RUN js-fuzzer-block-scope-b42786494c37.js [7173/10000] md5=b42786494c37d413d809911b387f2b7a bytes=114 template=block-scope origin=seed:tests/corpus/obfuscation/extern-slot-permutation.test.js
 PASS js-fuzzer-block-scope-b42786494c37.js [7173/10000] status=ok obs=c9e1074f5b3f coverage=+0/32/38 time=2ms
  RUN js-fuzzer-corpus-efd663ac427b.js [7174/10000] md5=efd663ac427b5ca270b2f8b928c902bf bytes=112 template=corpus origin=tests/corpus/obfuscation/externs-console.test.js
 PASS js-fuzzer-corpus-efd663ac427b.js [7174/10000] status=ok obs=d289993e39c8 coverage=+0/32/38 time=1ms
  RUN js-fuzzer-try-catch-70fffa3518b3.js [7175/10000] md5=70fffa3518b3cd8f92c92fd09e60ecbc bytes=110 template=try-catch origin=seed:tests/corpus/obfuscation/seed-sensitive-functions.test.js
 PASS js-fuzzer-try-catch-70fffa3518b3.js [7175/10000] status=ok obs=a5bfc9e07964 coverage=+0/32/38 time=2ms
  RUN js-fuzzer-boundary-7f379f781f4f.js [7176/10000] md5=7f379f781f4f9844733fb0f4c5d8aa15 bytes=114 template=boundary origin=boundary:-1
 PASS js-fuzzer-boundary-7f379f781f4f.js [7176/10000] status=ok obs=6bb61e3b7bce coverage=+0/32/38 time=1ms
  RUN js-fuzzer-arithmetic-36add1effea0.js [7177/10000] md5=36add1effea04cdd9fe01d77c497fe94 bytes=84 template=arithmetic origin=seed:tests/corpus/regressions/multiple-functions-fib-add.test.js
 PASS js-fuzzer-arithmetic-36add1effea0.js [7177/10000] status=ok obs=2b44928ae11f coverage=+0/32/38 time=2ms
  RUN js-fuzzer-function-e04598e59cc1.js [7178/10000] md5=e04598e59cc109c5f5c20638fe37a892 bytes=153 template=function origin=seed:tests/corpus/regressions/scope-compressed-closure-params.test.js
 PASS js-fuzzer-function-e04598e59cc1.js [7178/10000] status=ok obs=d3d9446802a4 coverage=+0/32/38 time=2ms
  RUN js-fuzzer-array-object-3ea4f798ee4f.js [7179/10000] md5=3ea4f798ee4f57daa95782555db9988b bytes=133 template=array-object origin=seed:tests/corpus/runtime/arrays-objects-methods.test.js
 PASS js-fuzzer-array-object-3ea4f798ee4f.js [7179/10000] status=ok obs=8f14e45fceea coverage=+0/32/38 time=2ms
  RUN js-fuzzer-closure-29e68e76f867.js [7180/10000] md5=29e68e76f867dc0cde73cb89c924d016 bytes=185 template=closure origin=seed:tests/corpus/runtime/block-scopes.test.js
 PASS js-fuzzer-closure-29e68e76f867.js [7180/10000] status=ok obs=3416a75f4cea coverage=+0/32/38 time=1ms
  RUN js-fuzzer-block-scope-6f7d6ccfdb3a.js [7181/10000] md5=6f7d6ccfdb3a011fdc3385fc6130aa3b bytes=114 template=block-scope origin=seed:tests/corpus/runtime/class-fields-static-methods.test.js
 PASS js-fuzzer-block-scope-6f7d6ccfdb3a.js [7181/10000] status=ok obs=a3c65c297427 coverage=+0/32/38 time=2ms
  RUN js-fuzzer-loop-bbf1d7a15d8d.js [7182/10000] md5=bbf1d7a15d8dd015402d75c0e0108b5f bytes=81 template=loop origin=seed:tests/corpus/runtime/classes-and-objects.test.js
 PASS js-fuzzer-loop-bbf1d7a15d8d.js [7182/10000] status=ok obs=1679091c5a88 coverage=+0/32/38 time=1ms
  RUN js-fuzzer-corpus-ddcb99247fc8.js [7183/10000] md5=ddcb99247fc847c897b97c6bd6512b9f bytes=217 template=corpus origin=tests/corpus/runtime/closures-mutate-captured-bindings.test.js
 PASS js-fuzzer-corpus-ddcb99247fc8.js [7183/10000] status=ok obs=e4da3b7fbbce coverage=+0/32/38 time=1ms
  RUN js-fuzzer-class-1fb70654253d.js [7184/10000] md5=1fb70654253d944404805630039f463c bytes=101 template=class origin=seed:tests/corpus/runtime/closures-read-captured-values.test.js
 PASS js-fuzzer-class-1fb70654253d.js [7184/10000] status=ok obs=c51ce410c124 coverage=+0/32/38 time=2ms
  RUN js-fuzzer-arithmetic-ab4f609a51e6.js [7185/10000] md5=ab4f609a51e6f7394d24045fdd6f1a25 bytes=84 template=arithmetic origin=seed:tests/corpus/runtime/exceptions-and-nullish.test.js
 PASS js-fuzzer-arithmetic-ab4f609a51e6.js [7185/10000] status=ok obs=a5bfc9e07964 coverage=+0/32/38 time=1ms
  RUN js-fuzzer-function-66ad482026b9.js [7186/10000] md5=66ad482026b9df67ec5d25c1cce4c653 bytes=153 template=function origin=seed:tests/corpus/runtime/functions-closures-and-arrows.test.js
 PASS js-fuzzer-function-66ad482026b9.js [7186/10000] status=ok obs=6512bd43d9ca coverage=+0/32/38 time=2ms
  RUN js-fuzzer-array-object-c03082474ff4.js [7187/10000] md5=c03082474ff4270f1794ed7418dac4a7 bytes=133 template=array-object origin=seed:tests/corpus/runtime/lexical-shadowing.test.js
 PASS js-fuzzer-array-object-c03082474ff4.js [7187/10000] status=ok obs=6512bd43d9ca coverage=+0/32/38 time=2ms
  RUN js-fuzzer-closure-24e4895fffe8.js [7188/10000] md5=24e4895fffe843a5a0affacb18256e36 bytes=183 template=closure origin=seed:tests/corpus/runtime/modules-export.test.js
 PASS js-fuzzer-closure-24e4895fffe8.js [7188/10000] status=ok obs=3c59dc048e88 coverage=+0/32/38 time=2ms
  RUN js-fuzzer-block-scope-fcd01903f38a.js [7189/10000] md5=fcd01903f38aa111dee5ffd68bea2f1a bytes=114 template=block-scope origin=seed:tests/corpus/runtime/nested-try-finally.test.js
 PASS js-fuzzer-block-scope-fcd01903f38a.js [7189/10000] status=ok obs=f0935e4cd592 coverage=+0/32/38 time=1ms
  RUN js-fuzzer-boundary-2b35f90895ea.js [7190/10000] md5=2b35f90895ea85111e562e627044f919 bytes=128 template=boundary origin=boundary:9007199254740991
 PASS js-fuzzer-boundary-2b35f90895ea.js [7190/10000] status=ok obs=8bfa9ad090fb coverage=+0/32/38 time=2ms
  RUN js-fuzzer-try-catch-7b36a94abb6d.js [7191/10000] md5=7b36a94abb6ddf002e9dd3f3d3a0cea5 bytes=110 template=try-catch origin=seed:tests/corpus/syntax/logical-unary-nullish.test.js
 PASS js-fuzzer-try-catch-7b36a94abb6d.js [7191/10000] status=ok obs=37693cfc7480 coverage=+0/32/38 time=1ms
  RUN js-fuzzer-corpus-96ebdcb81273.js [7192/10000] md5=96ebdcb81273f0e5e5778a6c70c94988 bytes=171 template=corpus origin=tests/corpus/syntax/object-destructure-and-members.test.js
 PASS js-fuzzer-corpus-96ebdcb81273.js [7192/10000] status=ok obs=bfad8dfa12ed coverage=+0/32/38 time=2ms
  RUN js-fuzzer-arithmetic-fc69913e5f8d.js [7193/10000] md5=fc69913e5f8d062342465df5093a34fa bytes=85 template=arithmetic origin=seed:tests/corpus/syntax/switch-do-while-sequence.test.js
 PASS js-fuzzer-arithmetic-fc69913e5f8d.js [7193/10000] status=ok obs=091d584fced3 coverage=+0/32/38 time=2ms
  RUN js-fuzzer-function-53ef3ed61b76.js [7194/10000] md5=53ef3ed61b76dc45be6c66e5b3206216 bytes=153 template=function origin=seed:tests/corpus/syntax/template-array-destructure.test.js
 PASS js-fuzzer-function-53ef3ed61b76.js [7194/10000] status=ok obs=70efdf2ec9b0 coverage=+0/32/38 time=2ms
  RUN js-fuzzer-array-object-f3a2c74fd077.js [7195/10000] md5=f3a2c74fd0772b2f649fe9a3c8e15e26 bytes=133 template=array-object origin=seed:tests/corpus/syntax/typescript-assertions.test.ts
 PASS js-fuzzer-array-object-f3a2c74fd077.js [7195/10000] status=ok obs=9bf31c7ff062 coverage=+0/32/38 time=1ms
  RUN js-fuzzer-closure-27ab9389e754.js [7196/10000] md5=27ab9389e75484e0389e821727b2ea12 bytes=184 template=closure origin=seed:tests/corpus/syntax/typescript-non-null-satisfies.test.ts
 PASS js-fuzzer-closure-27ab9389e754.js [7196/10000] status=ok obs=b53b3a3d6ab9 coverage=+0/32/38 time=2ms
  RUN js-fuzzer-boundary-ac080ee0add8.js [7197/10000] md5=ac080ee0add8a3967f40d078a13e076b bytes=122 template=boundary origin=boundary:2147483647
 PASS js-fuzzer-boundary-ac080ee0add8.js [7197/10000] status=ok obs=c588c0a459f4 coverage=+0/32/38 time=2ms
  RUN js-fuzzer-loop-bbf1d7a15d8d.js [7198/10000] md5=bbf1d7a15d8dd015402d75c0e0108b5f bytes=81 template=loop origin=seed:tests/corpus/fixtures/state-machine-workflow.test.js
 PASS js-fuzzer-loop-bbf1d7a15d8d.js [7198/10000] status=ok obs=1679091c5a88 coverage=+0/32/38 time=1ms
  RUN js-fuzzer-try-catch-8a297d00e90e.js [7199/10000] md5=8a297d00e90eb93174a6d6eeae5be951 bytes=110 template=try-catch origin=seed:tests/corpus/fixtures/vue-script-workflow.test.vue
 PASS js-fuzzer-try-catch-8a297d00e90e.js [7199/10000] status=ok obs=98f137082101 coverage=+0/32/38 time=2ms
  RUN js-fuzzer-class-1fb70654253d.js [7200/10000] md5=1fb70654253d944404805630039f463c bytes=101 template=class origin=seed:tests/corpus/obfuscation/constant-tag-mix.test.js
 PASS js-fuzzer-class-1fb70654253d.js [7200/10000] status=ok obs=c51ce410c124 coverage=+0/32/38 time=1ms
  RUN js-fuzzer-corpus-fe2d30a6e413.js [7201/10000] md5=fe2d30a6e4139e7a8b52405bed737faa bytes=220 template=corpus origin=tests/corpus/obfuscation/extern-slot-permutation.test.js
 PASS js-fuzzer-corpus-fe2d30a6e413.js [7201/10000] status=ok obs=c34c702d0256 coverage=+0/32/38 time=2ms
  RUN js-fuzzer-function-f9a15ede1a13.js [7202/10000] md5=f9a15ede1a136ec60ae593fd7d4d8635 bytes=153 template=function origin=seed:tests/corpus/obfuscation/externs-console.test.js
 PASS js-fuzzer-function-f9a15ede1a13.js [7202/10000] status=ok obs=d3d9446802a4 coverage=+0/32/38 time=2ms
  RUN js-fuzzer-array-object-74ace500eb83.js [7203/10000] md5=74ace500eb8338d84c55bc1fc883c7ff bytes=133 template=array-object origin=seed:tests/corpus/obfuscation/seed-sensitive-functions.test.js
 PASS js-fuzzer-array-object-74ace500eb83.js [7203/10000] status=ok obs=c20ad4d76fe9 coverage=+0/32/38 time=1ms
  RUN js-fuzzer-boundary-221618e58a55.js [7204/10000] md5=221618e58a55537e4dc7530ef9f57aaf bytes=113 template=boundary origin=boundary:2
 PASS js-fuzzer-boundary-221618e58a55.js [7204/10000] status=ok obs=c81e728d9d4c coverage=+0/32/38 time=2ms
  RUN js-fuzzer-block-scope-db1466d83b0d.js [7205/10000] md5=db1466d83b0ded135f937bb4a61c19f4 bytes=114 template=block-scope origin=seed:tests/corpus/regressions/multiple-functions-fib-add.test.js
 PASS js-fuzzer-block-scope-db1466d83b0d.js [7205/10000] status=ok obs=a97da629b098 coverage=+0/32/38 time=2ms
  RUN js-fuzzer-loop-b88258462a8d.js [7206/10000] md5=b88258462a8d880f8b0e459fa23b2536 bytes=81 template=loop origin=seed:tests/corpus/regressions/scope-compressed-closure-params.test.js
 PASS js-fuzzer-loop-b88258462a8d.js [7206/10000] status=ok obs=3c59dc048e88 coverage=+0/32/38 time=1ms
  RUN js-fuzzer-try-catch-8d9c7d254dda.js [7207/10000] md5=8d9c7d254ddaafdc283e844d5d9a6231 bytes=109 template=try-catch origin=seed:tests/corpus/runtime/arrays-objects-methods.test.js
 PASS js-fuzzer-try-catch-8d9c7d254dda.js [7207/10000] status=ok obs=a87ff679a2f3 coverage=+0/32/38 time=2ms
  RUN js-fuzzer-class-6736c24444bc.js [7208/10000] md5=6736c24444bc6ff151b05a9a974ae4d5 bytes=100 template=class origin=seed:tests/corpus/runtime/block-scopes.test.js
 PASS js-fuzzer-class-6736c24444bc.js [7208/10000] status=ok obs=45c48cce2e2d coverage=+0/32/38 time=2ms
  RUN js-fuzzer-arithmetic-de4786660ba9.js [7209/10000] md5=de4786660ba99a14c3432aba295fec2f bytes=85 template=arithmetic origin=seed:tests/corpus/runtime/class-fields-static-methods.test.js
 PASS js-fuzzer-arithmetic-de4786660ba9.js [7209/10000] status=ok obs=8f121ce07d74 coverage=+0/32/38 time=1ms
  RUN js-fuzzer-corpus-663bf83cd082.js [7210/10000] md5=663bf83cd082bd221441dae6bbc85046 bytes=278 template=corpus origin=tests/corpus/runtime/classes-and-objects.test.js
 PASS js-fuzzer-corpus-663bf83cd082.js [7210/10000] status=ok obs=6f4922f45568 coverage=+0/32/38 time=2ms
  RUN js-fuzzer-boundary-3ca041277ff0.js [7211/10000] md5=3ca041277ff0c3edafc1a1dcaf120940 bytes=113 template=boundary origin=boundary:1
 PASS js-fuzzer-boundary-3ca041277ff0.js [7211/10000] status=ok obs=c4ca4238a0b9 coverage=+0/32/38 time=2ms
  RUN js-fuzzer-closure-0433f215e162.js [7212/10000] md5=0433f215e1625ddace637edd9786774b bytes=185 template=closure origin=seed:tests/corpus/runtime/closures-read-captured-values.test.js
 PASS js-fuzzer-closure-0433f215e162.js [7212/10000] status=ok obs=6c8349cc7260 coverage=+0/32/38 time=1ms
  RUN js-fuzzer-block-scope-a55cb70fe1d5.js [7213/10000] md5=a55cb70fe1d5b8feb9210d1a4de7e588 bytes=114 template=block-scope origin=seed:tests/corpus/runtime/exceptions-and-nullish.test.js
 PASS js-fuzzer-block-scope-a55cb70fe1d5.js [7213/10000] status=ok obs=c9e1074f5b3f coverage=+0/32/38 time=2ms
  RUN js-fuzzer-loop-bbf1d7a15d8d.js [7214/10000] md5=bbf1d7a15d8dd015402d75c0e0108b5f bytes=81 template=loop origin=seed:tests/corpus/runtime/functions-closures-and-arrows.test.js
 PASS js-fuzzer-loop-bbf1d7a15d8d.js [7214/10000] status=ok obs=1679091c5a88 coverage=+0/32/38 time=2ms
  RUN js-fuzzer-try-catch-ecde19ac059d.js [7215/10000] md5=ecde19ac059dab5b524e2da1cfde28b0 bytes=110 template=try-catch origin=seed:tests/corpus/runtime/lexical-shadowing.test.js
 PASS js-fuzzer-try-catch-ecde19ac059d.js [7215/10000] status=ok obs=f457c545a9de coverage=+0/32/38 time=1ms
  RUN js-fuzzer-class-ff7d9ca3da86.js [7216/10000] md5=ff7d9ca3da86b49917ac34b4d48e8df9 bytes=101 template=class origin=seed:tests/corpus/runtime/modules-export.test.js
 PASS js-fuzzer-class-ff7d9ca3da86.js [7216/10000] status=ok obs=c20ad4d76fe9 coverage=+0/32/38 time=2ms
  RUN js-fuzzer-arithmetic-a737170f2f08.js [7217/10000] md5=a737170f2f0858f580838f2d297b9acc bytes=84 template=arithmetic origin=seed:tests/corpus/runtime/nested-try-finally.test.js
 PASS js-fuzzer-arithmetic-a737170f2f08.js [7217/10000] status=ok obs=7f1de29e6da1 coverage=+0/32/38 time=2ms
  RUN js-fuzzer-boundary-6aec0a9b1ff4.js [7218/10000] md5=6aec0a9b1ff4294bcfecb539ba7e660b bytes=129 template=boundary origin=boundary:-9007199254740991
 PASS js-fuzzer-boundary-6aec0a9b1ff4.js [7218/10000] status=ok obs=b3f3a95848f6 coverage=+0/32/38 time=1ms
  RUN js-fuzzer-corpus-279b64032335.js [7219/10000] md5=279b640323351a1b082b98b42d2a2d55 bytes=134 template=corpus origin=tests/corpus/syntax/logical-unary-nullish.test.js
 PASS js-fuzzer-corpus-279b64032335.js [7219/10000] status=ok obs=45c48cce2e2d coverage=+0/32/38 time=2ms
  RUN js-fuzzer-closure-9d19a28bb725.js [7220/10000] md5=9d19a28bb7251ec08214da73c6aa9d72 bytes=184 template=closure origin=seed:tests/corpus/syntax/object-destructure-and-members.test.js
 PASS js-fuzzer-closure-9d19a28bb725.js [7220/10000] status=ok obs=b53b3a3d6ab9 coverage=+0/32/38 time=2ms
  RUN js-fuzzer-block-scope-4b457eeecddb.js [7221/10000] md5=4b457eeecddb6b0bd24e459f515190d8 bytes=114 template=block-scope origin=seed:tests/corpus/syntax/switch-do-while-sequence.test.js
 PASS js-fuzzer-block-scope-4b457eeecddb.js [7221/10000] status=ok obs=2723d092b638 coverage=+0/32/38 time=1ms
  RUN js-fuzzer-loop-bbf1d7a15d8d.js [7222/10000] md5=bbf1d7a15d8dd015402d75c0e0108b5f bytes=81 template=loop origin=seed:tests/corpus/syntax/template-array-destructure.test.js
 PASS js-fuzzer-loop-bbf1d7a15d8d.js [7222/10000] status=ok obs=1679091c5a88 coverage=+0/32/38 time=2ms
  RUN js-fuzzer-try-catch-18b0b31fe014.js [7223/10000] md5=18b0b31fe014e787990869dd8a5ff18b bytes=110 template=try-catch origin=seed:tests/corpus/syntax/typescript-assertions.test.ts
 PASS js-fuzzer-try-catch-18b0b31fe014.js [7223/10000] status=ok obs=aab3238922bc coverage=+0/32/38 time=2ms
  RUN js-fuzzer-class-ff7d9ca3da86.js [7224/10000] md5=ff7d9ca3da86b49917ac34b4d48e8df9 bytes=101 template=class origin=seed:tests/corpus/syntax/typescript-non-null-satisfies.test.ts
 PASS js-fuzzer-class-ff7d9ca3da86.js [7224/10000] status=ok obs=c20ad4d76fe9 coverage=+0/32/38 time=1ms
  RUN js-fuzzer-boundary-205872a6e44c.js [7225/10000] md5=205872a6e44c1ea0cf94554af934fb09 bytes=123 template=boundary origin=boundary:-2147483648
 PASS js-fuzzer-boundary-205872a6e44c.js [7225/10000] status=ok obs=034ff5946105 coverage=+0/32/38 time=2ms
  RUN js-fuzzer-function-288d473b3a74.js [7226/10000] md5=288d473b3a7495d967aff826da7d201e bytes=153 template=function origin=seed:tests/corpus/fixtures/state-machine-workflow.test.js
 PASS js-fuzzer-function-288d473b3a74.js [7226/10000] status=ok obs=aab3238922bc coverage=+0/32/38 time=2ms
  RUN js-fuzzer-array-object-a106370cbbeb.js [7227/10000] md5=a106370cbbebffa2e7cce59fc2e8640f bytes=133 template=array-object origin=seed:tests/corpus/fixtures/vue-script-workflow.test.vue
 PASS js-fuzzer-array-object-a106370cbbeb.js [7227/10000] status=ok obs=6f4922f45568 coverage=+0/32/38 time=2ms
  RUN js-fuzzer-corpus-f00ef18b0a17.js [7228/10000] md5=f00ef18b0a172b2a2d9833f5b7fe94e2 bytes=199 template=corpus origin=tests/corpus/obfuscation/constant-tag-mix.test.js
 PASS js-fuzzer-corpus-f00ef18b0a17.js [7228/10000] status=ok obs=e86823f38986 coverage=+0/32/38 time=1ms
  RUN js-fuzzer-block-scope-654da4f66cd2.js [7229/10000] md5=654da4f66cd283db628a26cffa0b8c34 bytes=115 template=block-scope origin=seed:tests/corpus/obfuscation/extern-slot-permutation.test.js
 PASS js-fuzzer-block-scope-654da4f66cd2.js [7229/10000] status=ok obs=5f93f983524d coverage=+0/32/38 time=2ms
  RUN js-fuzzer-loop-f495ca2fc638.js [7230/10000] md5=f495ca2fc6389f933578fc501f5b1465 bytes=81 template=loop origin=seed:tests/corpus/obfuscation/externs-console.test.js
 PASS js-fuzzer-loop-f495ca2fc638.js [7230/10000] status=ok obs=c4ca4238a0b9 coverage=+0/32/38 time=1ms
  RUN js-fuzzer-try-catch-f24fba189d45.js [7231/10000] md5=f24fba189d4541ce9d4809156ecb450c bytes=110 template=try-catch origin=seed:tests/corpus/obfuscation/seed-sensitive-functions.test.js
 PASS js-fuzzer-try-catch-f24fba189d45.js [7231/10000] status=ok obs=1ff1de774005 coverage=+0/32/38 time=2ms
  RUN js-fuzzer-boundary-6d89c3a838ae.js [7232/10000] md5=6d89c3a838ae354bda64ec37ec2b63b1 bytes=114 template=boundary origin=boundary:-2
 PASS js-fuzzer-boundary-6d89c3a838ae.js [7232/10000] status=ok obs=5d7b9adcbe1c coverage=+0/32/38 time=1ms
  RUN js-fuzzer-arithmetic-2027330913cf.js [7233/10000] md5=2027330913cfa0b76458e760907a6745 bytes=84 template=arithmetic origin=seed:tests/corpus/regressions/multiple-functions-fib-add.test.js
 PASS js-fuzzer-arithmetic-2027330913cf.js [7233/10000] status=ok obs=fc2213097460 coverage=+0/32/38 time=1ms
  RUN js-fuzzer-function-67a4a16b508e.js [7234/10000] md5=67a4a16b508e8efc2a1fbbfc79004c7b bytes=153 template=function origin=seed:tests/corpus/regressions/scope-compressed-closure-params.test.js
 PASS js-fuzzer-function-67a4a16b508e.js [7234/10000] status=ok obs=eccbc87e4b5c coverage=+0/32/38 time=2ms
  RUN js-fuzzer-array-object-b1bbed78c128.js [7235/10000] md5=b1bbed78c128c8a4d721816113d320b1 bytes=133 template=array-object origin=seed:tests/corpus/runtime/arrays-objects-methods.test.js
 PASS js-fuzzer-array-object-b1bbed78c128.js [7235/10000] status=ok obs=c74d97b01eae coverage=+0/32/38 time=2ms
  RUN js-fuzzer-closure-f88ede9fbfc3.js [7236/10000] md5=f88ede9fbfc3ab4becb38fcb59420027 bytes=183 template=closure origin=seed:tests/corpus/runtime/block-scopes.test.js
 PASS js-fuzzer-closure-f88ede9fbfc3.js [7236/10000] status=ok obs=c16a5320fa47 coverage=+0/32/38 time=1ms
  RUN js-fuzzer-corpus-a64e83c2f849.js [7237/10000] md5=a64e83c2f84925dca8985eabe963ee21 bytes=179 template=corpus origin=tests/corpus/runtime/class-fields-static-methods.test.js
 PASS js-fuzzer-corpus-a64e83c2f849.js [7237/10000] status=ok obs=8f14e45fceea coverage=+0/32/38 time=2ms
  RUN js-fuzzer-loop-54e460cecf5c.js [7238/10000] md5=54e460cecf5c05dfcffaa3b2e5f57445 bytes=81 template=loop origin=seed:tests/corpus/runtime/classes-and-objects.test.js
 PASS js-fuzzer-loop-54e460cecf5c.js [7238/10000] status=ok obs=d3d9446802a4 coverage=+0/32/38 time=2ms
  RUN js-fuzzer-boundary-3d1d4e90ebd9.js [7239/10000] md5=3d1d4e90ebd99aad7ece59efc98f7563 bytes=114 template=boundary origin=boundary:-1
 PASS js-fuzzer-boundary-3d1d4e90ebd9.js [7239/10000] status=ok obs=6bb61e3b7bce coverage=+0/32/38 time=1ms
  RUN js-fuzzer-class-1fb70654253d.js [7240/10000] md5=1fb70654253d944404805630039f463c bytes=101 template=class origin=seed:tests/corpus/runtime/closures-read-captured-values.test.js
 PASS js-fuzzer-class-1fb70654253d.js [7240/10000] status=ok obs=c51ce410c124 coverage=+0/32/38 time=2ms
  RUN js-fuzzer-arithmetic-8fbd5f271648.js [7241/10000] md5=8fbd5f271648f448587e96a6cf05ee47 bytes=84 template=arithmetic origin=seed:tests/corpus/runtime/exceptions-and-nullish.test.js
 PASS js-fuzzer-arithmetic-8fbd5f271648.js [7241/10000] status=ok obs=65b9eea6e1cc coverage=+0/32/38 time=1ms
  RUN js-fuzzer-function-8a44cf2ceed5.js [7242/10000] md5=8a44cf2ceed595d9f22254a99d394b8c bytes=153 template=function origin=seed:tests/corpus/runtime/functions-closures-and-arrows.test.js
 PASS js-fuzzer-function-8a44cf2ceed5.js [7242/10000] status=ok obs=1ff1de774005 coverage=+0/32/38 time=3ms
  RUN js-fuzzer-array-object-ddb0012dfbb8.js [7243/10000] md5=ddb0012dfbb839f926d56bd1e2504405 bytes=133 template=array-object origin=seed:tests/corpus/runtime/lexical-shadowing.test.js
 PASS js-fuzzer-array-object-ddb0012dfbb8.js [7243/10000] status=ok obs=c20ad4d76fe9 coverage=+0/32/38 time=1ms
  RUN js-fuzzer-closure-fe3a0e2b7a07.js [7244/10000] md5=fe3a0e2b7a079135b85ba11458593d51 bytes=183 template=closure origin=seed:tests/corpus/runtime/modules-export.test.js
 PASS js-fuzzer-closure-fe3a0e2b7a07.js [7244/10000] status=ok obs=182be0c5cdcd coverage=+0/32/38 time=2ms
  RUN js-fuzzer-block-scope-81ca0cfe74d9.js [7245/10000] md5=81ca0cfe74d9ffb22aa3c0c8e9d9e407 bytes=115 template=block-scope origin=seed:tests/corpus/runtime/nested-try-finally.test.js
 PASS js-fuzzer-block-scope-81ca0cfe74d9.js [7245/10000] status=ok obs=5f93f983524d coverage=+0/32/38 time=2ms
  RUN js-fuzzer-corpus-89e900fcb72f.js [7246/10000] md5=89e900fcb72ff838bfe9a13ae091363f bytes=228 template=corpus origin=tests/corpus/syntax/control-flow-and-operators.test.js
 PASS js-fuzzer-corpus-89e900fcb72f.js [7246/10000] status=ok obs=aab3238922bc coverage=+0/32/38 time=1ms
  RUN js-fuzzer-try-catch-47becaf372c3.js [7247/10000] md5=47becaf372c34523cd2fbacf2b53d016 bytes=110 template=try-catch origin=seed:tests/corpus/syntax/logical-unary-nullish.test.js
 PASS js-fuzzer-try-catch-47becaf372c3.js [7247/10000] status=ok obs=02e74f10e032 coverage=+0/32/38 time=2ms
  RUN js-fuzzer-class-d8979b510eb0.js [7248/10000] md5=d8979b510eb085c9e0e846586f80f265 bytes=101 template=class origin=seed:tests/corpus/syntax/object-destructure-and-members.test.js
 PASS js-fuzzer-class-d8979b510eb0.js [7248/10000] status=ok obs=c74d97b01eae coverage=+0/32/38 time=2ms
  RUN js-fuzzer-arithmetic-8ebf8e546d2a.js [7249/10000] md5=8ebf8e546d2a018b8b18e2678f83b56b bytes=84 template=arithmetic origin=seed:tests/corpus/syntax/switch-do-while-sequence.test.js
 PASS js-fuzzer-arithmetic-8ebf8e546d2a.js [7249/10000] status=ok obs=1ff1de774005 coverage=+0/32/38 time=1ms
  RUN js-fuzzer-function-3dca9339a683.js [7250/10000] md5=3dca9339a6831946d3c5250be8e34eee bytes=153 template=function origin=seed:tests/corpus/syntax/template-array-destructure.test.js
 PASS js-fuzzer-function-3dca9339a683.js [7250/10000] status=ok obs=e4da3b7fbbce coverage=+0/32/38 time=2ms
  RUN js-fuzzer-array-object-6041844887d4.js [7251/10000] md5=6041844887d44fdda94708da43534689 bytes=133 template=array-object origin=seed:tests/corpus/syntax/typescript-assertions.test.ts
 PASS js-fuzzer-array-object-6041844887d4.js [7251/10000] status=ok obs=aab3238922bc coverage=+0/32/38 time=1ms
  RUN js-fuzzer-closure-070138ab5b40.js [7252/10000] md5=070138ab5b40918e821be8b7c95206d8 bytes=184 template=closure origin=seed:tests/corpus/syntax/typescript-non-null-satisfies.test.ts
 PASS js-fuzzer-closure-070138ab5b40.js [7252/10000] status=ok obs=c16a5320fa47 coverage=+0/32/38 time=2ms
  RUN js-fuzzer-boundary-83aee5cf07de.js [7253/10000] md5=83aee5cf07deb9d5ce59aec8aff7a227 bytes=128 template=boundary origin=boundary:9007199254740991
 PASS js-fuzzer-boundary-83aee5cf07de.js [7253/10000] status=ok obs=8bfa9ad090fb coverage=+0/32/38 time=2ms
  RUN js-fuzzer-loop-d35707ad0bf7.js [7254/10000] md5=d35707ad0bf74148f671ad8943998af6 bytes=81 template=loop origin=seed:tests/corpus/fixtures/state-machine-workflow.test.js
 PASS js-fuzzer-loop-d35707ad0bf7.js [7254/10000] status=ok obs=9bf31c7ff062 coverage=+0/32/38 time=1ms
  RUN js-fuzzer-corpus-f722388c7961.js [7255/10000] md5=f722388c7961d2a0288508c35f28a5f8 bytes=96 template=corpus origin=tests/corpus/fixtures/vue-script-workflow.test.vue
 PASS js-fuzzer-corpus-f722388c7961.js [7255/10000] status=ok obs=6512bd43d9ca coverage=+0/32/38 time=2ms
  RUN js-fuzzer-class-f454a055ed5d.js [7256/10000] md5=f454a055ed5dc800cb1ab66abc7a01de bytes=100 template=class origin=seed:tests/corpus/obfuscation/constant-tag-mix.test.js
 PASS js-fuzzer-class-f454a055ed5d.js [7256/10000] status=ok obs=a87ff679a2f3 coverage=+0/32/38 time=2ms
  RUN js-fuzzer-arithmetic-fdc356a89e5c.js [7257/10000] md5=fdc356a89e5c4d1f4bfc8e16f6fd1c0f bytes=84 template=arithmetic origin=seed:tests/corpus/obfuscation/extern-slot-permutation.test.js
 PASS js-fuzzer-arithmetic-fdc356a89e5c.js [7257/10000] status=ok obs=f899139df5e1 coverage=+0/32/38 time=1ms
  RUN js-fuzzer-function-59a47c73ec30.js [7258/10000] md5=59a47c73ec3039d5b72e8af0d1e410de bytes=153 template=function origin=seed:tests/corpus/obfuscation/externs-console.test.js
 PASS js-fuzzer-function-59a47c73ec30.js [7258/10000] status=ok obs=8f14e45fceea coverage=+0/32/38 time=2ms
  RUN js-fuzzer-array-object-20f4cfec82e5.js [7259/10000] md5=20f4cfec82e504c0c52e85318194eede bytes=133 template=array-object origin=seed:tests/corpus/obfuscation/seed-sensitive-functions.test.js
 PASS js-fuzzer-array-object-20f4cfec82e5.js [7259/10000] status=ok obs=d3d9446802a4 coverage=+0/32/38 time=2ms
  RUN js-fuzzer-boundary-4b188851088a.js [7260/10000] md5=4b188851088a18b5b5e1424320aec545 bytes=122 template=boundary origin=boundary:2147483647
 PASS js-fuzzer-boundary-4b188851088a.js [7260/10000] status=ok obs=c588c0a459f4 coverage=+0/32/38 time=1ms
  RUN js-fuzzer-block-scope-086cc5f9e3f9.js [7261/10000] md5=086cc5f9e3f9b2628d453a4c706417ac bytes=114 template=block-scope origin=seed:tests/corpus/regressions/multiple-functions-fib-add.test.js
 PASS js-fuzzer-block-scope-086cc5f9e3f9.js [7261/10000] status=ok obs=65b9eea6e1cc coverage=+0/32/38 time=2ms
  RUN js-fuzzer-loop-d35707ad0bf7.js [7262/10000] md5=d35707ad0bf74148f671ad8943998af6 bytes=81 template=loop origin=seed:tests/corpus/regressions/scope-compressed-closure-params.test.js
 PASS js-fuzzer-loop-d35707ad0bf7.js [7262/10000] status=ok obs=9bf31c7ff062 coverage=+0/32/38 time=1ms
  RUN js-fuzzer-try-catch-22e41d89137c.js [7263/10000] md5=22e41d89137ce4eac020880cbeff06ef bytes=110 template=try-catch origin=seed:tests/corpus/runtime/arrays-objects-methods.test.js
 PASS js-fuzzer-try-catch-22e41d89137c.js [7263/10000] status=ok obs=d9d4f495e875 coverage=+0/32/38 time=1ms
  RUN js-fuzzer-corpus-8b78ba7912c5.js [7264/10000] md5=8b78ba7912c51f6cf304b65c6ebdb2e3 bytes=289 template=corpus origin=tests/corpus/runtime/block-scopes.test.js
 PASS js-fuzzer-corpus-8b78ba7912c5.js [7264/10000] status=ok obs=37693cfc7480 coverage=+0/32/38 time=2ms
  RUN js-fuzzer-arithmetic-7815e2573fa9.js [7265/10000] md5=7815e2573fa98dfc0383d3272dea28fa bytes=85 template=arithmetic origin=seed:tests/corpus/runtime/class-fields-static-methods.test.js
 PASS js-fuzzer-arithmetic-7815e2573fa9.js [7265/10000] status=ok obs=a8baa56554f9 coverage=+0/32/38 time=2ms
  RUN js-fuzzer-function-8c13c976bcff.js [7266/10000] md5=8c13c976bcff676fd4a8e7119e7306e3 bytes=153 template=function origin=seed:tests/corpus/runtime/classes-and-objects.test.js
 PASS js-fuzzer-function-8c13c976bcff.js [7266/10000] status=ok obs=aab3238922bc coverage=+0/32/38 time=1ms
  RUN js-fuzzer-boundary-e33d9dc9cd6c.js [7267/10000] md5=e33d9dc9cd6c84ec6ac6a01d1d18c4f2 bytes=113 template=boundary origin=boundary:2
 PASS js-fuzzer-boundary-e33d9dc9cd6c.js [7267/10000] status=ok obs=c81e728d9d4c coverage=+0/32/38 time=1ms
  RUN js-fuzzer-closure-7f0fcef8a5f6.js [7268/10000] md5=7f0fcef8a5f63a8f16cf40bcfecc2308 bytes=185 template=closure origin=seed:tests/corpus/runtime/closures-read-captured-values.test.js
 PASS js-fuzzer-closure-7f0fcef8a5f6.js [7268/10000] status=ok obs=67c6a1e7ce56 coverage=+0/32/38 time=2ms
  RUN js-fuzzer-block-scope-a42e211b313f.js [7269/10000] md5=a42e211b313fa52250a13e6111c10f7d bytes=114 template=block-scope origin=seed:tests/corpus/runtime/exceptions-and-nullish.test.js
 PASS js-fuzzer-block-scope-a42e211b313f.js [7269/10000] status=ok obs=38b3eff8baf5 coverage=+0/32/38 time=1ms
  RUN js-fuzzer-loop-b88258462a8d.js [7270/10000] md5=b88258462a8d880f8b0e459fa23b2536 bytes=81 template=loop origin=seed:tests/corpus/runtime/functions-closures-and-arrows.test.js
 PASS js-fuzzer-loop-b88258462a8d.js [7270/10000] status=ok obs=3c59dc048e88 coverage=+0/32/38 time=2ms
  RUN js-fuzzer-try-catch-8eb6765f66fd.js [7271/10000] md5=8eb6765f66fd409e223a9383e9857a4c bytes=109 template=try-catch origin=seed:tests/corpus/runtime/lexical-shadowing.test.js
 PASS js-fuzzer-try-catch-8eb6765f66fd.js [7271/10000] status=ok obs=6512bd43d9ca coverage=+0/32/38 time=2ms
  RUN js-fuzzer-class-b901915e3eda.js [7272/10000] md5=b901915e3eda1a96f77dcec9fff681b5 bytes=100 template=class origin=seed:tests/corpus/runtime/modules-export.test.js
 PASS js-fuzzer-class-b901915e3eda.js [7272/10000] status=ok obs=c81e728d9d4c coverage=+0/32/38 time=1ms
  RUN js-fuzzer-corpus-c557f8da2a9d.js [7273/10000] md5=c557f8da2a9d2904c70dca50c3eeb50e bytes=191 template=corpus origin=tests/corpus/runtime/nested-try-finally.test.js
 PASS js-fuzzer-corpus-c557f8da2a9d.js [7273/10000] status=ok obs=8f14e45fceea coverage=+0/32/38 time=2ms
  RUN js-fuzzer-boundary-2f35f880f964.js [7274/10000] md5=2f35f880f96468b375c4e71feba05308 bytes=113 template=boundary origin=boundary:1
 PASS js-fuzzer-boundary-2f35f880f964.js [7274/10000] status=ok obs=c4ca4238a0b9 coverage=+0/32/38 time=1ms
  RUN js-fuzzer-array-object-5a38f31876ef.js [7275/10000] md5=5a38f31876efa20934fba2c5095c93e8 bytes=133 template=array-object origin=seed:tests/corpus/syntax/logical-unary-nullish.test.js
 PASS js-fuzzer-array-object-5a38f31876ef.js [7275/10000] status=ok obs=d3d9446802a4 coverage=+0/32/38 time=2ms
  RUN js-fuzzer-closure-e6fce2d27012.js [7276/10000] md5=e6fce2d27012748395d8d7ad4e63501a bytes=183 template=closure origin=seed:tests/corpus/syntax/object-destructure-and-members.test.js
 PASS js-fuzzer-closure-e6fce2d27012.js [7276/10000] status=ok obs=c51ce410c124 coverage=+0/32/38 time=2ms
  RUN js-fuzzer-block-scope-5951239be5d3.js [7277/10000] md5=5951239be5d370f7e12ed89cd6c868b1 bytes=114 template=block-scope origin=seed:tests/corpus/syntax/switch-do-while-sequence.test.js
 PASS js-fuzzer-block-scope-5951239be5d3.js [7277/10000] status=ok obs=2723d092b638 coverage=+0/32/38 time=1ms
  RUN js-fuzzer-loop-55c7c905bffb.js [7278/10000] md5=55c7c905bffb4bbbc4c8fb9b91df6ad8 bytes=81 template=loop origin=seed:tests/corpus/syntax/template-array-destructure.test.js
 PASS js-fuzzer-loop-55c7c905bffb.js [7278/10000] status=ok obs=eccbc87e4b5c coverage=+0/32/38 time=2ms
  RUN js-fuzzer-try-catch-7cb82b9a3fc9.js [7279/10000] md5=7cb82b9a3fc9743b17b967ebeeaab91b bytes=110 template=try-catch origin=seed:tests/corpus/syntax/typescript-assertions.test.ts
 PASS js-fuzzer-try-catch-7cb82b9a3fc9.js [7279/10000] status=ok obs=b6d767d2f8ed coverage=+0/32/38 time=1ms
  RUN js-fuzzer-class-d2b3669b495d.js [7280/10000] md5=d2b3669b495dd4792f9e1509f2bbf8a7 bytes=100 template=class origin=seed:tests/corpus/syntax/typescript-non-null-satisfies.test.ts
 PASS js-fuzzer-class-d2b3669b495d.js [7280/10000] status=ok obs=eccbc87e4b5c coverage=+0/32/38 time=2ms
  RUN js-fuzzer-boundary-37492c99ff33.js [7281/10000] md5=37492c99ff33e9d5e09e0b8e84ba785a bytes=129 template=boundary origin=boundary:-9007199254740991
 PASS js-fuzzer-boundary-37492c99ff33.js [7281/10000] status=ok obs=b3f3a95848f6 coverage=+0/32/38 time=2ms
  RUN js-fuzzer-corpus-ab8ca4f8757c.js [7282/10000] md5=ab8ca4f8757c6165b29cd6a662edad93 bytes=450 template=corpus origin=tests/corpus/fixtures/state-machine-workflow.test.js
 PASS js-fuzzer-corpus-ab8ca4f8757c.js [7282/10000] status=ok obs=b9f49c580664 coverage=+0/32/38 time=2ms
  RUN js-fuzzer-array-object-b4e5b0f7c489.js [7283/10000] md5=b4e5b0f7c4898636a4c2d1376bf8e374 bytes=133 template=array-object origin=seed:tests/corpus/fixtures/vue-script-workflow.test.vue
 PASS js-fuzzer-array-object-b4e5b0f7c489.js [7283/10000] status=ok obs=6f4922f45568 coverage=+0/32/38 time=1ms
  RUN js-fuzzer-closure-d38c2bf4278b.js [7284/10000] md5=d38c2bf4278b6215fb4c3b9d2029da59 bytes=184 template=closure origin=seed:tests/corpus/obfuscation/constant-tag-mix.test.js
 PASS js-fuzzer-closure-d38c2bf4278b.js [7284/10000] status=ok obs=2838023a778d coverage=+0/32/38 time=2ms
  RUN js-fuzzer-block-scope-7fc664287876.js [7285/10000] md5=7fc6642878767985ab6325f8fdf02946 bytes=114 template=block-scope origin=seed:tests/corpus/obfuscation/extern-slot-permutation.test.js
 PASS js-fuzzer-block-scope-7fc664287876.js [7285/10000] status=ok obs=a3c65c297427 coverage=+0/32/38 time=2ms
  RUN js-fuzzer-loop-f495ca2fc638.js [7286/10000] md5=f495ca2fc6389f933578fc501f5b1465 bytes=81 template=loop origin=seed:tests/corpus/obfuscation/externs-console.test.js
 PASS js-fuzzer-loop-f495ca2fc638.js [7286/10000] status=ok obs=c4ca4238a0b9 coverage=+0/32/38 time=1ms
  RUN js-fuzzer-try-catch-398077b2e1d6.js [7287/10000] md5=398077b2e1d6a50d953f7a907c7a061d bytes=110 template=try-catch origin=seed:tests/corpus/obfuscation/seed-sensitive-functions.test.js
 PASS js-fuzzer-try-catch-398077b2e1d6.js [7287/10000] status=ok obs=6364d3f0f495 coverage=+0/32/38 time=2ms
  RUN js-fuzzer-boundary-205872a6e44c.js [7288/10000] md5=205872a6e44c1ea0cf94554af934fb09 bytes=123 template=boundary origin=boundary:-2147483648
 PASS js-fuzzer-boundary-205872a6e44c.js [7288/10000] status=ok obs=034ff5946105 coverage=+0/32/38 time=1ms
  RUN js-fuzzer-arithmetic-7e0b2d89dab7.js [7289/10000] md5=7e0b2d89dab7f4067bef3d239299152a bytes=85 template=arithmetic origin=seed:tests/corpus/regressions/multiple-functions-fib-add.test.js
 PASS js-fuzzer-arithmetic-7e0b2d89dab7.js [7289/10000] status=ok obs=e369853df766 coverage=+0/32/38 time=2ms
  RUN js-fuzzer-function-8384e80192dc.js [7290/10000] md5=8384e80192dc0232cf5e505b2f7d5501 bytes=153 template=function origin=seed:tests/corpus/regressions/scope-compressed-closure-params.test.js
 PASS js-fuzzer-function-8384e80192dc.js [7290/10000] status=ok obs=e4da3b7fbbce coverage=+0/32/38 time=2ms
  RUN js-fuzzer-corpus-a07012429fce.js [7291/10000] md5=a07012429fce4b4d7c8af42f445f70b9 bytes=163 template=corpus origin=tests/corpus/runtime/arrays-objects-methods.test.js
 PASS js-fuzzer-corpus-a07012429fce.js [7291/10000] status=ok obs=c51ce410c124 coverage=+0/32/38 time=1ms
  RUN js-fuzzer-closure-9ad26e7e8a90.js [7292/10000] md5=9ad26e7e8a90b966d4e3bafd67969ed8 bytes=183 template=closure origin=seed:tests/corpus/runtime/block-scopes.test.js
 PASS js-fuzzer-closure-9ad26e7e8a90.js [7292/10000] status=ok obs=02e74f10e032 coverage=+0/32/38 time=2ms
  RUN js-fuzzer-block-scope-b85ecadef581.js [7293/10000] md5=b85ecadef581053d14250d27c33151bf bytes=114 template=block-scope origin=seed:tests/corpus/runtime/class-fields-static-methods.test.js
 PASS js-fuzzer-block-scope-b85ecadef581.js [7293/10000] status=ok obs=c9e1074f5b3f coverage=+0/32/38 time=1ms
  RUN js-fuzzer-loop-55c7c905bffb.js [7294/10000] md5=55c7c905bffb4bbbc4c8fb9b91df6ad8 bytes=81 template=loop origin=seed:tests/corpus/runtime/classes-and-objects.test.js
 PASS js-fuzzer-loop-55c7c905bffb.js [7294/10000] status=ok obs=eccbc87e4b5c coverage=+0/32/38 time=2ms
  RUN js-fuzzer-boundary-4ae25cb2e150.js [7295/10000] md5=4ae25cb2e15083bfca9f6b81b3f9f24b bytes=114 template=boundary origin=boundary:-2
 PASS js-fuzzer-boundary-4ae25cb2e150.js [7295/10000] status=ok obs=5d7b9adcbe1c coverage=+0/32/38 time=2ms
  RUN js-fuzzer-class-c0844991889f.js [7296/10000] md5=c0844991889f03308712cd6bc6b7c31c bytes=101 template=class origin=seed:tests/corpus/runtime/closures-read-captured-values.test.js
 PASS js-fuzzer-class-c0844991889f.js [7296/10000] status=ok obs=70efdf2ec9b0 coverage=+0/32/38 time=1ms
  RUN js-fuzzer-arithmetic-c9ba4dc66d92.js [7297/10000] md5=c9ba4dc66d92b3f205f116498f8e859c bytes=84 template=arithmetic origin=seed:tests/corpus/runtime/exceptions-and-nullish.test.js
 PASS js-fuzzer-arithmetic-c9ba4dc66d92.js [7297/10000] status=ok obs=82aa4b0af34c coverage=+0/32/38 time=2ms
  RUN js-fuzzer-function-0b0d1f5ee746.js [7298/10000] md5=0b0d1f5ee746281ffbedfb7f7f4c45bc bytes=153 template=function origin=seed:tests/corpus/runtime/functions-closures-and-arrows.test.js
 PASS js-fuzzer-function-0b0d1f5ee746.js [7298/10000] status=ok obs=e4da3b7fbbce coverage=+0/32/38 time=2ms
  RUN js-fuzzer-array-object-38ffe032b4df.js [7299/10000] md5=38ffe032b4df9c1651b6560623af6afd bytes=133 template=array-object origin=seed:tests/corpus/runtime/lexical-shadowing.test.js
 PASS js-fuzzer-array-object-38ffe032b4df.js [7299/10000] status=ok obs=3c59dc048e88 coverage=+0/32/38 time=2ms
  RUN js-fuzzer-corpus-4131d841163b.js [7300/10000] md5=4131d841163b79e192bca9d4fc683c54 bytes=58 template=corpus origin=tests/corpus/runtime/modules-export.test.js
 PASS js-fuzzer-corpus-4131d841163b.js [7300/10000] status=ok obs=8f14e45fceea coverage=+0/32/38 time=1ms
  RUN js-fuzzer-block-scope-5929829bb015.js [7301/10000] md5=5929829bb0156e79a3a2d2cf8153931a bytes=114 template=block-scope origin=seed:tests/corpus/runtime/nested-try-finally.test.js
 PASS js-fuzzer-block-scope-5929829bb015.js [7301/10000] status=ok obs=f0935e4cd592 coverage=+0/32/38 time=3ms
  RUN js-fuzzer-boundary-61a9a82f5f08.js [7302/10000] md5=61a9a82f5f08bc177f13c805ba785d7d bytes=114 template=boundary origin=boundary:-1
 PASS js-fuzzer-boundary-61a9a82f5f08.js [7302/10000] status=ok obs=6bb61e3b7bce coverage=+0/32/38 time=2ms
  RUN js-fuzzer-try-catch-02a6aedaa978.js [7303/10000] md5=02a6aedaa97879d59ffd66c80df1d065 bytes=109 template=try-catch origin=seed:tests/corpus/syntax/logical-unary-nullish.test.js
 PASS js-fuzzer-try-catch-02a6aedaa978.js [7303/10000] status=ok obs=e4da3b7fbbce coverage=+0/32/38 time=1ms
  RUN js-fuzzer-class-a9875f561daf.js [7304/10000] md5=a9875f561daf181d949c68fc070db0e0 bytes=101 template=class origin=seed:tests/corpus/syntax/object-destructure-and-members.test.js
 PASS js-fuzzer-class-a9875f561daf.js [7304/10000] status=ok obs=aab3238922bc coverage=+0/32/38 time=2ms
  RUN js-fuzzer-arithmetic-651a117cd9f5.js [7305/10000] md5=651a117cd9f59d6638d0478c8d99291e bytes=85 template=arithmetic origin=seed:tests/corpus/syntax/switch-do-while-sequence.test.js
 PASS js-fuzzer-arithmetic-651a117cd9f5.js [7305/10000] status=ok obs=57aeee35c982 coverage=+0/32/38 time=2ms
  RUN js-fuzzer-function-3c5d7cd75696.js [7306/10000] md5=3c5d7cd75696cd405bd2fe4a10121d7f bytes=153 template=function origin=seed:tests/corpus/syntax/template-array-destructure.test.js
 PASS js-fuzzer-function-3c5d7cd75696.js [7306/10000] status=ok obs=c20ad4d76fe9 coverage=+0/32/38 time=2ms
  RUN js-fuzzer-array-object-4b7327d03a54.js [7307/10000] md5=4b7327d03a541fbf7b988e30336a52bf bytes=133 template=array-object origin=seed:tests/corpus/syntax/typescript-assertions.test.ts
 PASS js-fuzzer-array-object-4b7327d03a54.js [7307/10000] status=ok obs=6512bd43d9ca coverage=+0/32/38 time=1ms
  RUN js-fuzzer-closure-a392587cefad.js [7308/10000] md5=a392587cefadebb87f0199c89f117b0a bytes=183 template=closure origin=seed:tests/corpus/syntax/typescript-non-null-satisfies.test.ts
 PASS js-fuzzer-closure-a392587cefad.js [7308/10000] status=ok obs=182be0c5cdcd coverage=+0/32/38 time=4ms
  RUN js-fuzzer-corpus-797f152bf878.js [7309/10000] md5=797f152bf878d5049066c6db6d2360b3 bytes=355 template=corpus origin=tests/corpus/fixtures/job-workflow.test.js
 PASS js-fuzzer-corpus-797f152bf878.js [7309/10000] status=ok obs=b9de0628c8ec coverage=+0/32/38 time=2ms
  RUN js-fuzzer-loop-55c7c905bffb.js [7310/10000] md5=55c7c905bffb4bbbc4c8fb9b91df6ad8 bytes=81 template=loop origin=seed:tests/corpus/fixtures/state-machine-workflow.test.js
 PASS js-fuzzer-loop-55c7c905bffb.js [7310/10000] status=ok obs=eccbc87e4b5c coverage=+0/32/38 time=2ms
  RUN js-fuzzer-try-catch-8a297d00e90e.js [7311/10000] md5=8a297d00e90eb93174a6d6eeae5be951 bytes=110 template=try-catch origin=seed:tests/corpus/fixtures/vue-script-workflow.test.vue
 PASS js-fuzzer-try-catch-8a297d00e90e.js [7311/10000] status=ok obs=98f137082101 coverage=+0/32/38 time=2ms
  RUN js-fuzzer-class-a365d1a76b7b.js [7312/10000] md5=a365d1a76b7b0d4310621afa7caac433 bytes=100 template=class origin=seed:tests/corpus/obfuscation/constant-tag-mix.test.js
 PASS js-fuzzer-class-a365d1a76b7b.js [7312/10000] status=ok obs=8f14e45fceea coverage=+0/32/38 time=1ms
  RUN js-fuzzer-arithmetic-d9602d1d0dc4.js [7313/10000] md5=d9602d1d0dc481c9c40b5fccaeb19e38 bytes=84 template=arithmetic origin=seed:tests/corpus/obfuscation/extern-slot-permutation.test.js
 PASS js-fuzzer-arithmetic-d9602d1d0dc4.js [7313/10000] status=ok obs=a3c65c297427 coverage=+0/32/38 time=2ms
  RUN js-fuzzer-function-21f30959172f.js [7314/10000] md5=21f30959172fc1289c7ff8ad630f96bf bytes=153 template=function origin=seed:tests/corpus/obfuscation/externs-console.test.js
 PASS js-fuzzer-function-21f30959172f.js [7314/10000] status=ok obs=4e732ced3463 coverage=+0/32/38 time=3ms
  RUN js-fuzzer-array-object-b14d3e7f85f3.js [7315/10000] md5=b14d3e7f85f34c3217976939dc9a9fc4 bytes=133 template=array-object origin=seed:tests/corpus/obfuscation/seed-sensitive-functions.test.js
 PASS js-fuzzer-array-object-b14d3e7f85f3.js [7315/10000] status=ok obs=70efdf2ec9b0 coverage=+0/32/38 time=1ms
  RUN js-fuzzer-boundary-83aee5cf07de.js [7316/10000] md5=83aee5cf07deb9d5ce59aec8aff7a227 bytes=128 template=boundary origin=boundary:9007199254740991
 PASS js-fuzzer-boundary-83aee5cf07de.js [7316/10000] status=ok obs=8bfa9ad090fb coverage=+0/32/38 time=2ms
  RUN js-fuzzer-block-scope-4c9f5e6cb6bd.js [7317/10000] md5=4c9f5e6cb6bd75e0cfebd2c1f936a7c2 bytes=114 template=block-scope origin=seed:tests/corpus/regressions/multiple-functions-fib-add.test.js
 PASS js-fuzzer-block-scope-4c9f5e6cb6bd.js [7317/10000] status=ok obs=a97da629b098 coverage=+0/32/38 time=1ms
  RUN js-fuzzer-corpus-c28cfb056309.js [7318/10000] md5=c28cfb056309f2a77f8bd9756b123c54 bytes=147 template=corpus origin=tests/corpus/regressions/scope-compressed-closure-params.test.js
 PASS js-fuzzer-corpus-c28cfb056309.js [7318/10000] status=ok obs=c51ce410c124 coverage=+0/32/38 time=2ms
  RUN js-fuzzer-try-catch-c5263a4b0fbd.js [7319/10000] md5=c5263a4b0fbd119742a040447111f34b bytes=109 template=try-catch origin=seed:tests/corpus/runtime/arrays-objects-methods.test.js
 PASS js-fuzzer-try-catch-c5263a4b0fbd.js [7319/10000] status=ok obs=8f14e45fceea coverage=+0/32/38 time=1ms
  RUN js-fuzzer-class-1fb70654253d.js [7320/10000] md5=1fb70654253d944404805630039f463c bytes=101 template=class origin=seed:tests/corpus/runtime/block-scopes.test.js
 PASS js-fuzzer-class-1fb70654253d.js [7320/10000] status=ok obs=c51ce410c124 coverage=+0/32/38 time=2ms
  RUN js-fuzzer-arithmetic-a76e5d4f0e97.js [7321/10000] md5=a76e5d4f0e97b0881c625d84b5dfe0bd bytes=84 template=arithmetic origin=seed:tests/corpus/runtime/class-fields-static-methods.test.js
 PASS js-fuzzer-arithmetic-a76e5d4f0e97.js [7321/10000] status=ok obs=fe9fc289c3ff coverage=+0/32/38 time=2ms
  RUN js-fuzzer-function-8c13c976bcff.js [7322/10000] md5=8c13c976bcff676fd4a8e7119e7306e3 bytes=153 template=function origin=seed:tests/corpus/runtime/classes-and-objects.test.js
 PASS js-fuzzer-function-8c13c976bcff.js [7322/10000] status=ok obs=aab3238922bc coverage=+0/32/38 time=2ms
  RUN js-fuzzer-boundary-4b188851088a.js [7323/10000] md5=4b188851088a18b5b5e1424320aec545 bytes=122 template=boundary origin=boundary:2147483647
 PASS js-fuzzer-boundary-4b188851088a.js [7323/10000] status=ok obs=c588c0a459f4 coverage=+0/32/38 time=1ms
  RUN js-fuzzer-closure-c2d3636eb1f3.js [7324/10000] md5=c2d3636eb1f3484da2e128ef79d2a9a0 bytes=184 template=closure origin=seed:tests/corpus/runtime/closures-read-captured-values.test.js
 PASS js-fuzzer-closure-c2d3636eb1f3.js [7324/10000] status=ok obs=f457c545a9de coverage=+0/32/38 time=2ms
  RUN js-fuzzer-block-scope-fcd01903f38a.js [7325/10000] md5=fcd01903f38aa111dee5ffd68bea2f1a bytes=114 template=block-scope origin=seed:tests/corpus/runtime/exceptions-and-nullish.test.js
 PASS js-fuzzer-block-scope-fcd01903f38a.js [7325/10000] status=ok obs=f0935e4cd592 coverage=+0/32/38 time=1ms
  RUN js-fuzzer-loop-d35707ad0bf7.js [7326/10000] md5=d35707ad0bf74148f671ad8943998af6 bytes=81 template=loop origin=seed:tests/corpus/runtime/functions-closures-and-arrows.test.js
 PASS js-fuzzer-loop-d35707ad0bf7.js [7326/10000] status=ok obs=9bf31c7ff062 coverage=+0/32/38 time=2ms
  RUN js-fuzzer-corpus-463d4dee8a1f.js [7327/10000] md5=463d4dee8a1f930fa8af57a704cacf3e bytes=232 template=corpus origin=tests/corpus/runtime/lexical-shadowing.test.js
 PASS js-fuzzer-corpus-463d4dee8a1f.js [7327/10000] status=ok obs=c51ce410c124 coverage=+0/32/38 time=2ms
  RUN js-fuzzer-class-51ea152a707e.js [7328/10000] md5=51ea152a707ed5422ab3e5b3ddb7fe43 bytes=100 template=class origin=seed:tests/corpus/runtime/modules-export.test.js
 PASS js-fuzzer-class-51ea152a707e.js [7328/10000] status=ok obs=e4da3b7fbbce coverage=+0/32/38 time=1ms
  RUN js-fuzzer-arithmetic-13402eb1ad5c.js [7329/10000] md5=13402eb1ad5c1b73c734397100aeea78 bytes=84 template=arithmetic origin=seed:tests/corpus/runtime/nested-try-finally.test.js
 PASS js-fuzzer-arithmetic-13402eb1ad5c.js [7329/10000] status=ok obs=f7177163c833 coverage=+0/32/38 time=2ms
  RUN js-fuzzer-boundary-14a05a816d97.js [7330/10000] md5=14a05a816d975afa7654eb06610350d0 bytes=113 template=boundary origin=boundary:2
 PASS js-fuzzer-boundary-14a05a816d97.js [7330/10000] status=ok obs=c81e728d9d4c coverage=+0/32/38 time=1ms
  RUN js-fuzzer-array-object-62ff77fac8f5.js [7331/10000] md5=62ff77fac8f5cef576451745011cfcdd bytes=133 template=array-object origin=seed:tests/corpus/syntax/logical-unary-nullish.test.js
 PASS js-fuzzer-array-object-62ff77fac8f5.js [7331/10000] status=ok obs=8f14e45fceea coverage=+0/32/38 time=2ms
  RUN js-fuzzer-closure-cd9ae5d35b10.js [7332/10000] md5=cd9ae5d35b10855365d2e633c9b4a5c7 bytes=183 template=closure origin=seed:tests/corpus/syntax/object-destructure-and-members.test.js
 PASS js-fuzzer-closure-cd9ae5d35b10.js [7332/10000] status=ok obs=8e296a067a37 coverage=+0/32/38 time=2ms
  RUN js-fuzzer-block-scope-c0d3e0044de4.js [7333/10000] md5=c0d3e0044de4095924c3679950dbac2a bytes=114 template=block-scope origin=seed:tests/corpus/syntax/switch-do-while-sequence.test.js
 PASS js-fuzzer-block-scope-c0d3e0044de4.js [7333/10000] status=ok obs=ec8956637a99 coverage=+0/32/38 time=1ms
  RUN js-fuzzer-loop-b88258462a8d.js [7334/10000] md5=b88258462a8d880f8b0e459fa23b2536 bytes=81 template=loop origin=seed:tests/corpus/syntax/template-array-destructure.test.js
 PASS js-fuzzer-loop-b88258462a8d.js [7334/10000] status=ok obs=3c59dc048e88 coverage=+0/32/38 time=2ms
  RUN js-fuzzer-try-catch-42a4cfadce42.js [7335/10000] md5=42a4cfadce4239139aa1e7114c2e99a2 bytes=110 template=try-catch origin=seed:tests/corpus/syntax/typescript-assertions.test.ts
 PASS js-fuzzer-try-catch-42a4cfadce42.js [7335/10000] status=ok obs=19ca14e7ea63 coverage=+0/32/38 time=1ms
  RUN js-fuzzer-corpus-e3eeaea0f8a2.js [7336/10000] md5=e3eeaea0f8a2c5d5b650d4007cf78b4a bytes=104 template=corpus origin=tests/corpus/syntax/typescript-non-null-satisfies.test.ts
 PASS js-fuzzer-corpus-e3eeaea0f8a2.js [7336/10000] status=ok obs=d3d9446802a4 coverage=+0/32/38 time=2ms
  RUN js-fuzzer-boundary-ccde2dac26f6.js [7337/10000] md5=ccde2dac26f6d3fd46c3698825685fe3 bytes=113 template=boundary origin=boundary:1
 PASS js-fuzzer-boundary-ccde2dac26f6.js [7337/10000] status=ok obs=c4ca4238a0b9 coverage=+0/32/38 time=1ms
  RUN js-fuzzer-function-17ab2ee95112.js [7338/10000] md5=17ab2ee95112b813f54b3d07b24c1dbd bytes=153 template=function origin=seed:tests/corpus/fixtures/state-machine-workflow.test.js
 PASS js-fuzzer-function-17ab2ee95112.js [7338/10000] status=ok obs=b6d767d2f8ed coverage=+0/32/38 time=2ms
  RUN js-fuzzer-array-object-4360e24a7798.js [7339/10000] md5=4360e24a7798e8cc1b1616a18978ae5c bytes=133 template=array-object origin=seed:tests/corpus/fixtures/vue-script-workflow.test.vue
 PASS js-fuzzer-array-object-4360e24a7798.js [7339/10000] status=ok obs=c51ce410c124 coverage=+0/32/38 time=1ms
  RUN js-fuzzer-closure-e6fce2d27012.js [7340/10000] md5=e6fce2d27012748395d8d7ad4e63501a bytes=183 template=closure origin=seed:tests/corpus/obfuscation/constant-tag-mix.test.js
 PASS js-fuzzer-closure-e6fce2d27012.js [7340/10000] status=ok obs=c51ce410c124 coverage=+0/32/38 time=2ms
  RUN js-fuzzer-block-scope-b85ecadef581.js [7341/10000] md5=b85ecadef581053d14250d27c33151bf bytes=114 template=block-scope origin=seed:tests/corpus/obfuscation/extern-slot-permutation.test.js
 PASS js-fuzzer-block-scope-b85ecadef581.js [7341/10000] status=ok obs=c9e1074f5b3f coverage=+0/32/38 time=2ms
  RUN js-fuzzer-loop-bbf1d7a15d8d.js [7342/10000] md5=bbf1d7a15d8dd015402d75c0e0108b5f bytes=81 template=loop origin=seed:tests/corpus/obfuscation/externs-console.test.js
 PASS js-fuzzer-loop-bbf1d7a15d8d.js [7342/10000] status=ok obs=1679091c5a88 coverage=+0/32/38 time=1ms
  RUN js-fuzzer-try-catch-081c74da6bdb.js [7343/10000] md5=081c74da6bdbcec08ff71798dacff9f1 bytes=110 template=try-catch origin=seed:tests/corpus/obfuscation/seed-sensitive-functions.test.js
 PASS js-fuzzer-try-catch-081c74da6bdb.js [7343/10000] status=ok obs=6c8349cc7260 coverage=+0/32/38 time=2ms
  RUN js-fuzzer-boundary-37492c99ff33.js [7344/10000] md5=37492c99ff33e9d5e09e0b8e84ba785a bytes=129 template=boundary origin=boundary:-9007199254740991
 PASS js-fuzzer-boundary-37492c99ff33.js [7344/10000] status=ok obs=b3f3a95848f6 coverage=+0/32/38 time=1ms
  RUN js-fuzzer-corpus-ad9ed8746461.js [7345/10000] md5=ad9ed87464611c6dd81b04b3754c760c bytes=214 template=corpus origin=tests/corpus/regressions/multiple-functions-fib-add.test.js
 PASS js-fuzzer-corpus-ad9ed8746461.js [7345/10000] status=ok obs=3c59dc048e88 coverage=+0/32/38 time=3ms
  RUN js-fuzzer-function-67a4a16b508e.js [7346/10000] md5=67a4a16b508e8efc2a1fbbfc79004c7b bytes=153 template=function origin=seed:tests/corpus/regressions/scope-compressed-closure-params.test.js
 PASS js-fuzzer-function-67a4a16b508e.js [7346/10000] status=ok obs=eccbc87e4b5c coverage=+0/32/38 time=1ms
  RUN js-fuzzer-array-object-dd74c437fd76.js [7347/10000] md5=dd74c437fd76492b8a61abbfbb06e824 bytes=133 template=array-object origin=seed:tests/corpus/runtime/arrays-objects-methods.test.js
 PASS js-fuzzer-array-object-dd74c437fd76.js [7347/10000] status=ok obs=98f137082101 coverage=+0/32/38 time=2ms
  RUN js-fuzzer-closure-7273c0c143f6.js [7348/10000] md5=7273c0c143f642649555430f2ef2928d bytes=184 template=closure origin=seed:tests/corpus/runtime/block-scopes.test.js
 PASS js-fuzzer-closure-7273c0c143f6.js [7348/10000] status=ok obs=d1fe173d08e9 coverage=+0/32/38 time=2ms
  RUN js-fuzzer-block-scope-6d5622402d9f.js [7349/10000] md5=6d5622402d9f5f5597641dbccb91e5f0 bytes=114 template=block-scope origin=seed:tests/corpus/runtime/class-fields-static-methods.test.js
 PASS js-fuzzer-block-scope-6d5622402d9f.js [7349/10000] status=ok obs=6974ce5ac660 coverage=+0/32/38 time=1ms
  RUN js-fuzzer-loop-b88258462a8d.js [7350/10000] md5=b88258462a8d880f8b0e459fa23b2536 bytes=81 template=loop origin=seed:tests/corpus/runtime/classes-and-objects.test.js
 PASS js-fuzzer-loop-b88258462a8d.js [7350/10000] status=ok obs=3c59dc048e88 coverage=+0/32/38 time=2ms
  RUN js-fuzzer-boundary-205872a6e44c.js [7351/10000] md5=205872a6e44c1ea0cf94554af934fb09 bytes=123 template=boundary origin=boundary:-2147483648
 PASS js-fuzzer-boundary-205872a6e44c.js [7351/10000] status=ok obs=034ff5946105 coverage=+0/32/38 time=1ms
  RUN js-fuzzer-class-769274f77fa6.js [7352/10000] md5=769274f77fa62254ce7e0eb0e3adf7f1 bytes=100 template=class origin=seed:tests/corpus/runtime/closures-read-captured-values.test.js
 PASS js-fuzzer-class-769274f77fa6.js [7352/10000] status=ok obs=c4ca4238a0b9 coverage=+0/32/38 time=2ms
  RUN js-fuzzer-arithmetic-b4efd52d133e.js [7353/10000] md5=b4efd52d133ebcdc33ccbe3ff814b74b bytes=83 template=arithmetic origin=seed:tests/corpus/runtime/exceptions-and-nullish.test.js
 PASS js-fuzzer-arithmetic-b4efd52d133e.js [7353/10000] status=ok obs=72b32a1f754b coverage=+0/32/38 time=2ms
  RUN js-fuzzer-corpus-72746d071c58.js [7354/10000] md5=72746d071c58fadd9399bc8934c30553 bytes=197 template=corpus origin=tests/corpus/runtime/functions-closures-and-arrows.test.js
 PASS js-fuzzer-corpus-72746d071c58.js [7354/10000] status=ok obs=c74d97b01eae coverage=+0/32/38 time=1ms
  RUN js-fuzzer-array-object-9d4a7ac8efe4.js [7355/10000] md5=9d4a7ac8efe4db486cac3fa3ed9ee211 bytes=133 template=array-object origin=seed:tests/corpus/runtime/lexical-shadowing.test.js
 PASS js-fuzzer-array-object-9d4a7ac8efe4.js [7355/10000] status=ok obs=6512bd43d9ca coverage=+0/32/38 time=1ms
  RUN js-fuzzer-closure-2e0d9e5365b8.js [7356/10000] md5=2e0d9e5365b81fc89fa0e9620ceb2c72 bytes=184 template=closure origin=seed:tests/corpus/runtime/modules-export.test.js
 PASS js-fuzzer-closure-2e0d9e5365b8.js [7356/10000] status=ok obs=17e62166fc85 coverage=+0/32/38 time=2ms
  RUN js-fuzzer-block-scope-6afbd590aa11.js [7357/10000] md5=6afbd590aa11b6bf62fcef714f76bcda bytes=114 template=block-scope origin=seed:tests/corpus/runtime/nested-try-finally.test.js
 PASS js-fuzzer-block-scope-6afbd590aa11.js [7357/10000] status=ok obs=6974ce5ac660 coverage=+0/32/38 time=1ms
  RUN js-fuzzer-boundary-92df4f5b559a.js [7358/10000] md5=92df4f5b559a550058b4133ffb629932 bytes=114 template=boundary origin=boundary:-2
 PASS js-fuzzer-boundary-92df4f5b559a.js [7358/10000] status=ok obs=5d7b9adcbe1c coverage=+0/32/38 time=2ms
  RUN js-fuzzer-try-catch-56393ff77182.js [7359/10000] md5=56393ff771824d567a8911f280bf7f9d bytes=110 template=try-catch origin=seed:tests/corpus/syntax/logical-unary-nullish.test.js
 PASS js-fuzzer-try-catch-56393ff77182.js [7359/10000] status=ok obs=4e732ced3463 coverage=+0/32/38 time=1ms
  RUN js-fuzzer-class-b901915e3eda.js [7360/10000] md5=b901915e3eda1a96f77dcec9fff681b5 bytes=100 template=class origin=seed:tests/corpus/syntax/object-destructure-and-members.test.js
 PASS js-fuzzer-class-b901915e3eda.js [7360/10000] status=ok obs=c81e728d9d4c coverage=+0/32/38 time=2ms
  RUN js-fuzzer-arithmetic-87d92a7cc72e.js [7361/10000] md5=87d92a7cc72e8b4363f4e05870dc0de9 bytes=84 template=arithmetic origin=seed:tests/corpus/syntax/switch-do-while-sequence.test.js
 PASS js-fuzzer-arithmetic-87d92a7cc72e.js [7361/10000] status=ok obs=149e9677a598 coverage=+0/32/38 time=1ms
  RUN js-fuzzer-function-53ef3ed61b76.js [7362/10000] md5=53ef3ed61b76dc45be6c66e5b3206216 bytes=153 template=function origin=seed:tests/corpus/syntax/template-array-destructure.test.js
 PASS js-fuzzer-function-53ef3ed61b76.js [7362/10000] status=ok obs=70efdf2ec9b0 coverage=+0/32/38 time=2ms
  RUN js-fuzzer-corpus-57a83a4b020d.js [7363/10000] md5=57a83a4b020d4b85b42b0a3709f283ad bytes=130 template=corpus origin=tests/corpus/syntax/typescript-assertions.test.ts
 PASS js-fuzzer-corpus-57a83a4b020d.js [7363/10000] status=ok obs=45c48cce2e2d coverage=+0/32/38 time=1ms
  RUN js-fuzzer-closure-0ddc14b91322.js [7364/10000] md5=0ddc14b91322135f08bac0ab051ab6cc bytes=184 template=closure origin=seed:tests/corpus/syntax/typescript-non-null-satisfies.test.ts
 PASS js-fuzzer-closure-0ddc14b91322.js [7364/10000] status=ok obs=735b90b45681 coverage=+0/32/38 time=2ms
  RUN js-fuzzer-boundary-7f379f781f4f.js [7365/10000] md5=7f379f781f4f9844733fb0f4c5d8aa15 bytes=114 template=boundary origin=boundary:-1
 PASS js-fuzzer-boundary-7f379f781f4f.js [7365/10000] status=ok obs=6bb61e3b7bce coverage=+0/32/38 time=1ms
  RUN js-fuzzer-loop-54e460cecf5c.js [7366/10000] md5=54e460cecf5c05dfcffaa3b2e5f57445 bytes=81 template=loop origin=seed:tests/corpus/fixtures/state-machine-workflow.test.js
 PASS js-fuzzer-loop-54e460cecf5c.js [7366/10000] status=ok obs=d3d9446802a4 coverage=+0/32/38 time=2ms
  RUN js-fuzzer-try-catch-47becaf372c3.js [7367/10000] md5=47becaf372c34523cd2fbacf2b53d016 bytes=110 template=try-catch origin=seed:tests/corpus/fixtures/vue-script-workflow.test.vue
 PASS js-fuzzer-try-catch-47becaf372c3.js [7367/10000] status=ok obs=02e74f10e032 coverage=+0/32/38 time=1ms
  RUN js-fuzzer-class-587587295e00.js [7368/10000] md5=587587295e0075a0a19c4572e53274fe bytes=101 template=class origin=seed:tests/corpus/obfuscation/constant-tag-mix.test.js
 PASS js-fuzzer-class-587587295e00.js [7368/10000] status=ok obs=1f0e3dad9990 coverage=+0/32/38 time=2ms
  RUN js-fuzzer-arithmetic-3339f31cca4d.js [7369/10000] md5=3339f31cca4d15562ed2c6ea49b26fc4 bytes=84 template=arithmetic origin=seed:tests/corpus/obfuscation/extern-slot-permutation.test.js
 PASS js-fuzzer-arithmetic-3339f31cca4d.js [7369/10000] status=ok obs=c0c7c76d30bd coverage=+0/32/38 time=2ms
  RUN js-fuzzer-function-21f30959172f.js [7370/10000] md5=21f30959172fc1289c7ff8ad630f96bf bytes=153 template=function origin=seed:tests/corpus/obfuscation/externs-console.test.js
 PASS js-fuzzer-function-21f30959172f.js [7370/10000] status=ok obs=4e732ced3463 coverage=+0/32/38 time=2ms
  RUN js-fuzzer-array-object-fcadf176287e.js [7371/10000] md5=fcadf176287e2432f75edd608143a73f bytes=133 template=array-object origin=seed:tests/corpus/obfuscation/seed-sensitive-functions.test.js
 PASS js-fuzzer-array-object-fcadf176287e.js [7371/10000] status=ok obs=45c48cce2e2d coverage=+0/32/38 time=1ms
  RUN js-fuzzer-corpus-79643e915862.js [7372/10000] md5=79643e91586251700d34c0c65a0220da bytes=89 template=corpus origin=tests/corpus/regressions/destructuring-lowers-to-member.test.js
 PASS js-fuzzer-corpus-79643e915862.js [7372/10000] status=ok obs=eccbc87e4b5c coverage=+0/32/38 time=2ms
  RUN js-fuzzer-block-scope-4b457eeecddb.js [7373/10000] md5=4b457eeecddb6b0bd24e459f515190d8 bytes=114 template=block-scope origin=seed:tests/corpus/regressions/multiple-functions-fib-add.test.js
 PASS js-fuzzer-block-scope-4b457eeecddb.js [7373/10000] status=ok obs=2723d092b638 coverage=+0/32/38 time=2ms
  RUN js-fuzzer-loop-d35707ad0bf7.js [7374/10000] md5=d35707ad0bf74148f671ad8943998af6 bytes=81 template=loop origin=seed:tests/corpus/regressions/scope-compressed-closure-params.test.js
 PASS js-fuzzer-loop-d35707ad0bf7.js [7374/10000] status=ok obs=9bf31c7ff062 coverage=+0/32/38 time=1ms
  RUN js-fuzzer-try-catch-e6fdc2579e78.js [7375/10000] md5=e6fdc2579e7880bc0b759de7af5133ab bytes=110 template=try-catch origin=seed:tests/corpus/runtime/arrays-objects-methods.test.js
 PASS js-fuzzer-try-catch-e6fdc2579e78.js [7375/10000] status=ok obs=d645920e395f coverage=+0/32/38 time=2ms
  RUN js-fuzzer-class-f454a055ed5d.js [7376/10000] md5=f454a055ed5dc800cb1ab66abc7a01de bytes=100 template=class origin=seed:tests/corpus/runtime/block-scopes.test.js
 PASS js-fuzzer-class-f454a055ed5d.js [7376/10000] status=ok obs=a87ff679a2f3 coverage=+0/32/38 time=1ms
  RUN js-fuzzer-arithmetic-9e0a725e4b0b.js [7377/10000] md5=9e0a725e4b0b47ee4d4ffdb513d9164a bytes=83 template=arithmetic origin=seed:tests/corpus/runtime/class-fields-static-methods.test.js
 PASS js-fuzzer-arithmetic-9e0a725e4b0b.js [7377/10000] status=ok obs=182be0c5cdcd coverage=+0/32/38 time=2ms
  RUN js-fuzzer-function-c472354a037a.js [7378/10000] md5=c472354a037a48d197cd60b4e04af6e0 bytes=153 template=function origin=seed:tests/corpus/runtime/classes-and-objects.test.js
 PASS js-fuzzer-function-c472354a037a.js [7378/10000] status=ok obs=02e74f10e032 coverage=+0/32/38 time=2ms
  RUN js-fuzzer-boundary-4bea2a6e0cb0.js [7379/10000] md5=4bea2a6e0cb0c7bb0b29e5b5d44112d8 bytes=128 template=boundary origin=boundary:9007199254740991
 PASS js-fuzzer-boundary-4bea2a6e0cb0.js [7379/10000] status=ok obs=dc9a0d67a31d coverage=+0/32/38 time=2ms
  RUN js-fuzzer-closure-4d32118fc237.js [7380/10000] md5=4d32118fc2375466e37c7a6df210a209 bytes=184 template=closure origin=seed:tests/corpus/runtime/closures-read-captured-values.test.js
 PASS js-fuzzer-closure-4d32118fc237.js [7380/10000] status=ok obs=fc490ca45c00 coverage=+0/32/38 time=1ms
  RUN js-fuzzer-corpus-cf8fb96e8476.js [7381/10000] md5=cf8fb96e8476c262b73583c86dd80821 bytes=178 template=corpus origin=tests/corpus/runtime/exceptions-and-nullish.test.js
 PASS js-fuzzer-corpus-cf8fb96e8476.js [7381/10000] status=ok obs=24ed5e8718fc coverage=+0/32/38 time=2ms
  RUN js-fuzzer-loop-bbf1d7a15d8d.js [7382/10000] md5=bbf1d7a15d8dd015402d75c0e0108b5f bytes=81 template=loop origin=seed:tests/corpus/runtime/functions-closures-and-arrows.test.js
 PASS js-fuzzer-loop-bbf1d7a15d8d.js [7382/10000] status=ok obs=1679091c5a88 coverage=+0/32/38 time=1ms
  RUN js-fuzzer-try-catch-14bcb064f014.js [7383/10000] md5=14bcb064f014dbe91c2010889dcaa2c0 bytes=110 template=try-catch origin=seed:tests/corpus/runtime/lexical-shadowing.test.js
 PASS js-fuzzer-try-catch-14bcb064f014.js [7383/10000] status=ok obs=c0c7c76d30bd coverage=+0/32/38 time=1ms
  RUN js-fuzzer-class-d2b3669b495d.js [7384/10000] md5=d2b3669b495dd4792f9e1509f2bbf8a7 bytes=100 template=class origin=seed:tests/corpus/runtime/modules-export.test.js
 PASS js-fuzzer-class-d2b3669b495d.js [7384/10000] status=ok obs=eccbc87e4b5c coverage=+0/32/38 time=2ms
  RUN js-fuzzer-arithmetic-248831433365.js [7385/10000] md5=2488314333653d102ffbaea59f75466f bytes=84 template=arithmetic origin=seed:tests/corpus/runtime/nested-try-finally.test.js
 PASS js-fuzzer-arithmetic-248831433365.js [7385/10000] status=ok obs=f033ab37c302 coverage=+0/32/38 time=1ms
  RUN js-fuzzer-boundary-5c12d757f0dd.js [7386/10000] md5=5c12d757f0ddd5c6b1207b14fb1e8d0c bytes=122 template=boundary origin=boundary:2147483647
 PASS js-fuzzer-boundary-5c12d757f0dd.js [7386/10000] status=ok obs=c588c0a459f4 coverage=+0/32/38 time=2ms
  RUN js-fuzzer-array-object-64abb3bf59a0.js [7387/10000] md5=64abb3bf59a0f26e29deafdcb636c230 bytes=133 template=array-object origin=seed:tests/corpus/syntax/logical-unary-nullish.test.js
 PASS js-fuzzer-array-object-64abb3bf59a0.js [7387/10000] status=ok obs=9bf31c7ff062 coverage=+0/32/38 time=1ms
  RUN js-fuzzer-closure-8267693309b5.js [7388/10000] md5=8267693309b55b23a1d6d5e4449ecb00 bytes=184 template=closure origin=seed:tests/corpus/syntax/object-destructure-and-members.test.js
 PASS js-fuzzer-closure-8267693309b5.js [7388/10000] status=ok obs=3416a75f4cea coverage=+0/32/38 time=2ms
  RUN js-fuzzer-block-scope-40a5982cf768.js [7389/10000] md5=40a5982cf768ebd078e685651f781b85 bytes=114 template=block-scope origin=seed:tests/corpus/syntax/switch-do-while-sequence.test.js
 PASS js-fuzzer-block-scope-40a5982cf768.js [7389/10000] status=ok obs=ec8956637a99 coverage=+0/32/38 time=2ms
  RUN js-fuzzer-corpus-ff388659a641.js [7390/10000] md5=ff388659a6419d1e6e01ce4e7151a52e bytes=135 template=corpus origin=tests/corpus/syntax/template-array-destructure.test.js
 PASS js-fuzzer-corpus-ff388659a641.js [7390/10000] status=ok obs=f61c9a8be43c coverage=+0/32/38 time=1ms
  RUN js-fuzzer-try-catch-7cb82b9a3fc9.js [7391/10000] md5=7cb82b9a3fc9743b17b967ebeeaab91b bytes=110 template=try-catch origin=seed:tests/corpus/syntax/typescript-assertions.test.ts
 PASS js-fuzzer-try-catch-7cb82b9a3fc9.js [7391/10000] status=ok obs=b6d767d2f8ed coverage=+0/32/38 time=2ms
  RUN js-fuzzer-class-f454a055ed5d.js [7392/10000] md5=f454a055ed5dc800cb1ab66abc7a01de bytes=100 template=class origin=seed:tests/corpus/syntax/typescript-non-null-satisfies.test.ts
 PASS js-fuzzer-class-f454a055ed5d.js [7392/10000] status=ok obs=a87ff679a2f3 coverage=+0/32/38 time=1ms
  RUN js-fuzzer-boundary-221618e58a55.js [7393/10000] md5=221618e58a55537e4dc7530ef9f57aaf bytes=113 template=boundary origin=boundary:2
 PASS js-fuzzer-boundary-221618e58a55.js [7393/10000] status=ok obs=c81e728d9d4c coverage=+0/32/38 time=2ms
  RUN js-fuzzer-function-134a85d12098.js [7394/10000] md5=134a85d120985077bd24a3a53ac64560 bytes=153 template=function origin=seed:tests/corpus/fixtures/state-machine-workflow.test.js
 PASS js-fuzzer-function-134a85d12098.js [7394/10000] status=ok obs=1679091c5a88 coverage=+0/32/38 time=2ms
  RUN js-fuzzer-array-object-8883ee2d383c.js [7395/10000] md5=8883ee2d383ce9919f11ebd67032d4aa bytes=133 template=array-object origin=seed:tests/corpus/fixtures/vue-script-workflow.test.vue
 PASS js-fuzzer-array-object-8883ee2d383c.js [7395/10000] status=ok obs=d3d9446802a4 coverage=+0/32/38 time=2ms
  RUN js-fuzzer-closure-8998d61c7527.js [7396/10000] md5=8998d61c752711dda145b02c4376e516 bytes=184 template=closure origin=seed:tests/corpus/obfuscation/constant-tag-mix.test.js
 PASS js-fuzzer-closure-8998d61c7527.js [7396/10000] status=ok obs=b53b3a3d6ab9 coverage=+0/32/38 time=1ms
  RUN js-fuzzer-block-scope-d175622db4b2.js [7397/10000] md5=d175622db4b224d8baf843cc2e215ae0 bytes=114 template=block-scope origin=seed:tests/corpus/obfuscation/extern-slot-permutation.test.js
 PASS js-fuzzer-block-scope-d175622db4b2.js [7397/10000] status=ok obs=6974ce5ac660 coverage=+0/32/38 time=2ms
  RUN js-fuzzer-loop-d35707ad0bf7.js [7398/10000] md5=d35707ad0bf74148f671ad8943998af6 bytes=81 template=loop origin=seed:tests/corpus/obfuscation/externs-console.test.js
 PASS js-fuzzer-loop-d35707ad0bf7.js [7398/10000] status=ok obs=9bf31c7ff062 coverage=+0/32/38 time=2ms
  RUN js-fuzzer-corpus-38ba19d9deb7.js [7399/10000] md5=38ba19d9deb7566cc8a420c27ada3f21 bytes=136 template=corpus origin=tests/corpus/obfuscation/seed-sensitive-functions.test.js
 PASS js-fuzzer-corpus-38ba19d9deb7.js [7399/10000] status=ok obs=a5bfc9e07964 coverage=+0/32/38 time=1ms
  RUN js-fuzzer-boundary-ccde2dac26f6.js [7400/10000] md5=ccde2dac26f6d3fd46c3698825685fe3 bytes=113 template=boundary origin=boundary:1
 PASS js-fuzzer-boundary-ccde2dac26f6.js [7400/10000] status=ok obs=c4ca4238a0b9 coverage=+0/32/38 time=2ms
  RUN js-fuzzer-arithmetic-06f109d91557.js [7401/10000] md5=06f109d9155779fcbd3bb7c342fdbbcd bytes=83 template=arithmetic origin=seed:tests/corpus/regressions/multiple-functions-fib-add.test.js
 PASS js-fuzzer-arithmetic-06f109d91557.js [7401/10000] status=ok obs=c0c7c76d30bd coverage=+0/32/38 time=1ms
  RUN js-fuzzer-function-8a3820bf6e52.js [7402/10000] md5=8a3820bf6e52dcab1a0437ab7872cf6a bytes=153 template=function origin=seed:tests/corpus/regressions/scope-compressed-closure-params.test.js
 PASS js-fuzzer-function-8a3820bf6e52.js [7402/10000] status=ok obs=a87ff679a2f3 coverage=+0/32/38 time=2ms
  RUN js-fuzzer-array-object-e93a4f338a20.js [7403/10000] md5=e93a4f338a207fd93671227ec82df3b9 bytes=133 template=array-object origin=seed:tests/corpus/runtime/arrays-objects-methods.test.js
 PASS js-fuzzer-array-object-e93a4f338a20.js [7403/10000] status=ok obs=c20ad4d76fe9 coverage=+0/32/38 time=2ms
  RUN js-fuzzer-closure-ca8812356499.js [7404/10000] md5=ca881235649954aa08f364b47a31ff26 bytes=183 template=closure origin=seed:tests/corpus/runtime/block-scopes.test.js
 PASS js-fuzzer-closure-ca8812356499.js [7404/10000] status=ok obs=9bf31c7ff062 coverage=+0/32/38 time=1ms
  RUN js-fuzzer-block-scope-fc8a84ed6b55.js [7405/10000] md5=fc8a84ed6b55ab021d7ca999eea70faa bytes=114 template=block-scope origin=seed:tests/corpus/runtime/class-fields-static-methods.test.js
 PASS js-fuzzer-block-scope-fc8a84ed6b55.js [7405/10000] status=ok obs=6974ce5ac660 coverage=+0/32/38 time=2ms
  RUN js-fuzzer-loop-bbf1d7a15d8d.js [7406/10000] md5=bbf1d7a15d8dd015402d75c0e0108b5f bytes=81 template=loop origin=seed:tests/corpus/runtime/classes-and-objects.test.js
 PASS js-fuzzer-loop-bbf1d7a15d8d.js [7406/10000] status=ok obs=1679091c5a88 coverage=+0/32/38 time=2ms
  RUN js-fuzzer-boundary-e62759fbe8d3.js [7407/10000] md5=e62759fbe8d36ad2cfb89a0f8bac18b9 bytes=129 template=boundary origin=boundary:-9007199254740991
 PASS js-fuzzer-boundary-e62759fbe8d3.js [7407/10000] status=ok obs=b3f3a95848f6 coverage=+0/32/38 time=1ms
  RUN js-fuzzer-corpus-08bc93bf5789.js [7408/10000] md5=08bc93bf57897bc88ce7161fe56cd099 bytes=169 template=corpus origin=tests/corpus/runtime/closures-read-captured-values.test.js
 PASS js-fuzzer-corpus-08bc93bf5789.js [7408/10000] status=ok obs=02e74f10e032 coverage=+0/32/38 time=2ms
  RUN js-fuzzer-arithmetic-921f717379bd.js [7409/10000] md5=921f717379bde39fca8feda8db34ba8a bytes=86 template=arithmetic origin=seed:tests/corpus/runtime/exceptions-and-nullish.test.js
 PASS js-fuzzer-arithmetic-921f717379bd.js [7409/10000] status=ok obs=9c838d2e45b2 coverage=+0/32/38 time=1ms
  RUN js-fuzzer-function-0b0d1f5ee746.js [7410/10000] md5=0b0d1f5ee746281ffbedfb7f7f4c45bc bytes=153 template=function origin=seed:tests/corpus/runtime/functions-closures-and-arrows.test.js
 PASS js-fuzzer-function-0b0d1f5ee746.js [7410/10000] status=ok obs=e4da3b7fbbce coverage=+0/32/38 time=2ms
  RUN js-fuzzer-array-object-eb393d058673.js [7411/10000] md5=eb393d0586730ebcb45f836a938d5008 bytes=133 template=array-object origin=seed:tests/corpus/runtime/lexical-shadowing.test.js
 PASS js-fuzzer-array-object-eb393d058673.js [7411/10000] status=ok obs=c51ce410c124 coverage=+0/32/38 time=2ms
  RUN js-fuzzer-closure-f88ede9fbfc3.js [7412/10000] md5=f88ede9fbfc3ab4becb38fcb59420027 bytes=183 template=closure origin=seed:tests/corpus/runtime/modules-export.test.js
 PASS js-fuzzer-closure-f88ede9fbfc3.js [7412/10000] status=ok obs=c16a5320fa47 coverage=+0/32/38 time=1ms
  RUN js-fuzzer-block-scope-3a399cf11460.js [7413/10000] md5=3a399cf11460cbf5ac22ca9633bbafb0 bytes=114 template=block-scope origin=seed:tests/corpus/runtime/nested-try-finally.test.js
 PASS js-fuzzer-block-scope-3a399cf11460.js [7413/10000] status=ok obs=65b9eea6e1cc coverage=+0/32/38 time=2ms
  RUN js-fuzzer-boundary-56f451fe2902.js [7414/10000] md5=56f451fe2902341a3a470031c46238b3 bytes=123 template=boundary origin=boundary:-2147483648
 PASS js-fuzzer-boundary-56f451fe2902.js [7414/10000] status=ok obs=034ff5946105 coverage=+0/32/38 time=2ms
  RUN js-fuzzer-try-catch-ce914b0cd471.js [7415/10000] md5=ce914b0cd471f7c9ec83cbcd645ee9eb bytes=110 template=try-catch origin=seed:tests/corpus/syntax/logical-unary-nullish.test.js
 PASS js-fuzzer-try-catch-ce914b0cd471.js [7415/10000] status=ok obs=2838023a778d coverage=+0/32/38 time=1ms
  RUN js-fuzzer-class-b1e3642c0208.js [7416/10000] md5=b1e3642c0208992266fb21668a536292 bytes=100 template=class origin=seed:tests/corpus/syntax/object-destructure-and-members.test.js
 PASS js-fuzzer-class-b1e3642c0208.js [7416/10000] status=ok obs=c9f0f895fb98 coverage=+0/32/38 time=2ms
  RUN js-fuzzer-corpus-2aed353a2d20.js [7417/10000] md5=2aed353a2d200d64cbaf7beb40face20 bytes=275 template=corpus origin=tests/corpus/syntax/switch-do-while-sequence.test.js
 PASS js-fuzzer-corpus-2aed353a2d20.js [7417/10000] status=ok obs=6f4922f45568 coverage=+0/32/38 time=2ms
  RUN js-fuzzer-function-7078b1558e88.js [7418/10000] md5=7078b1558e88c84f2ce4ff32c844a13e bytes=153 template=function origin=seed:tests/corpus/syntax/template-array-destructure.test.js
 PASS js-fuzzer-function-7078b1558e88.js [7418/10000] status=ok obs=1679091c5a88 coverage=+0/32/38 time=1ms
  RUN js-fuzzer-array-object-906a2edc8f69.js [7419/10000] md5=906a2edc8f69e01faca9486b0ab4c73e bytes=133 template=array-object origin=seed:tests/corpus/syntax/typescript-assertions.test.ts
 PASS js-fuzzer-array-object-906a2edc8f69.js [7419/10000] status=ok obs=c9f0f895fb98 coverage=+0/32/38 time=2ms
  RUN js-fuzzer-closure-fe3a0e2b7a07.js [7420/10000] md5=fe3a0e2b7a079135b85ba11458593d51 bytes=183 template=closure origin=seed:tests/corpus/syntax/typescript-non-null-satisfies.test.ts
 PASS js-fuzzer-closure-fe3a0e2b7a07.js [7420/10000] status=ok obs=182be0c5cdcd coverage=+0/32/38 time=1ms
  RUN js-fuzzer-boundary-4ae25cb2e150.js [7421/10000] md5=4ae25cb2e15083bfca9f6b81b3f9f24b bytes=114 template=boundary origin=boundary:-2
 PASS js-fuzzer-boundary-4ae25cb2e150.js [7421/10000] status=ok obs=5d7b9adcbe1c coverage=+0/32/38 time=1ms
  RUN js-fuzzer-loop-f495ca2fc638.js [7422/10000] md5=f495ca2fc6389f933578fc501f5b1465 bytes=81 template=loop origin=seed:tests/corpus/fixtures/state-machine-workflow.test.js
 PASS js-fuzzer-loop-f495ca2fc638.js [7422/10000] status=ok obs=c4ca4238a0b9 coverage=+0/32/38 time=2ms
  RUN js-fuzzer-try-catch-78409afcd812.js [7423/10000] md5=78409afcd812e57d07238a91d9d67ddf bytes=110 template=try-catch origin=seed:tests/corpus/fixtures/vue-script-workflow.test.vue
 PASS js-fuzzer-try-catch-78409afcd812.js [7423/10000] status=ok obs=17e62166fc85 coverage=+0/32/38 time=1ms
  RUN js-fuzzer-class-f454a055ed5d.js [7424/10000] md5=f454a055ed5dc800cb1ab66abc7a01de bytes=100 template=class origin=seed:tests/corpus/obfuscation/constant-tag-mix.test.js
 PASS js-fuzzer-class-f454a055ed5d.js [7424/10000] status=ok obs=a87ff679a2f3 coverage=+0/32/38 time=2ms
  RUN js-fuzzer-arithmetic-1b418d1dc703.js [7425/10000] md5=1b418d1dc70343150b75fd350fcae9d1 bytes=83 template=arithmetic origin=seed:tests/corpus/obfuscation/extern-slot-permutation.test.js
 PASS js-fuzzer-arithmetic-1b418d1dc703.js [7425/10000] status=ok obs=c51ce410c124 coverage=+0/32/38 time=1ms
  RUN js-fuzzer-corpus-efd663ac427b.js [7426/10000] md5=efd663ac427b5ca270b2f8b928c902bf bytes=112 template=corpus origin=tests/corpus/obfuscation/externs-console.test.js
 PASS js-fuzzer-corpus-efd663ac427b.js [7426/10000] status=ok obs=d289993e39c8 coverage=+0/32/38 time=2ms
  RUN js-fuzzer-array-object-0d9a87b8bdc1.js [7427/10000] md5=0d9a87b8bdc1b5e3a5a6f6e55b771928 bytes=133 template=array-object origin=seed:tests/corpus/obfuscation/seed-sensitive-functions.test.js
 PASS js-fuzzer-array-object-0d9a87b8bdc1.js [7427/10000] status=ok obs=70efdf2ec9b0 coverage=+0/32/38 time=2ms
  RUN js-fuzzer-boundary-1024adcac0e5.js [7428/10000] md5=1024adcac0e5cc9f99f478fa66dcc00c bytes=114 template=boundary origin=boundary:-1
 PASS js-fuzzer-boundary-1024adcac0e5.js [7428/10000] status=ok obs=6bb61e3b7bce coverage=+0/32/38 time=1ms
  RUN js-fuzzer-block-scope-6afbd590aa11.js [7429/10000] md5=6afbd590aa11b6bf62fcef714f76bcda bytes=114 template=block-scope origin=seed:tests/corpus/regressions/multiple-functions-fib-add.test.js
 PASS js-fuzzer-block-scope-6afbd590aa11.js [7429/10000] status=ok obs=6974ce5ac660 coverage=+0/32/38 time=2ms
  RUN js-fuzzer-loop-f495ca2fc638.js [7430/10000] md5=f495ca2fc6389f933578fc501f5b1465 bytes=81 template=loop origin=seed:tests/corpus/regressions/scope-compressed-closure-params.test.js
 PASS js-fuzzer-loop-f495ca2fc638.js [7430/10000] status=ok obs=c4ca4238a0b9 coverage=+0/32/38 time=1ms
  RUN js-fuzzer-try-catch-ee30a401530f.js [7431/10000] md5=ee30a401530f819cbc5581e8feb5d305 bytes=110 template=try-catch origin=seed:tests/corpus/runtime/arrays-objects-methods.test.js
 PASS js-fuzzer-try-catch-ee30a401530f.js [7431/10000] status=ok obs=182be0c5cdcd coverage=+0/32/38 time=2ms
  RUN js-fuzzer-class-51ea152a707e.js [7432/10000] md5=51ea152a707ed5422ab3e5b3ddb7fe43 bytes=100 template=class origin=seed:tests/corpus/runtime/block-scopes.test.js
 PASS js-fuzzer-class-51ea152a707e.js [7432/10000] status=ok obs=e4da3b7fbbce coverage=+0/32/38 time=1ms
  RUN js-fuzzer-arithmetic-235efc6e1fa6.js [7433/10000] md5=235efc6e1fa65b0c1a4e0e7d575c6033 bytes=86 template=arithmetic origin=seed:tests/corpus/runtime/class-fields-static-methods.test.js
 PASS js-fuzzer-arithmetic-235efc6e1fa6.js [7433/10000] status=ok obs=7a614fd06c32 coverage=+0/32/38 time=2ms
  RUN js-fuzzer-function-2a74733dc731.js [7434/10000] md5=2a74733dc7313f8fa40f843496dd9ed4 bytes=153 template=function origin=seed:tests/corpus/runtime/classes-and-objects.test.js
 PASS js-fuzzer-function-2a74733dc731.js [7434/10000] status=ok obs=45c48cce2e2d coverage=+0/32/38 time=2ms
  RUN js-fuzzer-corpus-ddcb99247fc8.js [7435/10000] md5=ddcb99247fc847c897b97c6bd6512b9f bytes=217 template=corpus origin=tests/corpus/runtime/closures-mutate-captured-bindings.test.js
 PASS js-fuzzer-corpus-ddcb99247fc8.js [7435/10000] status=ok obs=e4da3b7fbbce coverage=+0/32/38 time=1ms
  RUN js-fuzzer-closure-3bc416d08989.js [7436/10000] md5=3bc416d089890a96578678828c18498b bytes=184 template=closure origin=seed:tests/corpus/runtime/closures-read-captured-values.test.js
 PASS js-fuzzer-closure-3bc416d08989.js [7436/10000] status=ok obs=6c8349cc7260 coverage=+0/32/38 time=2ms
  RUN js-fuzzer-block-scope-0fffa3c5ef20.js [7437/10000] md5=0fffa3c5ef20042b10d9c41d545d90c8 bytes=114 template=block-scope origin=seed:tests/corpus/runtime/exceptions-and-nullish.test.js
 PASS js-fuzzer-block-scope-0fffa3c5ef20.js [7437/10000] status=ok obs=a97da629b098 coverage=+0/32/38 time=2ms
  RUN js-fuzzer-loop-f495ca2fc638.js [7438/10000] md5=f495ca2fc6389f933578fc501f5b1465 bytes=81 template=loop origin=seed:tests/corpus/runtime/functions-closures-and-arrows.test.js
 PASS js-fuzzer-loop-f495ca2fc638.js [7438/10000] status=ok obs=c4ca4238a0b9 coverage=+0/32/38 time=1ms
  RUN js-fuzzer-try-catch-8eb6765f66fd.js [7439/10000] md5=8eb6765f66fd409e223a9383e9857a4c bytes=109 template=try-catch origin=seed:tests/corpus/runtime/lexical-shadowing.test.js
 PASS js-fuzzer-try-catch-8eb6765f66fd.js [7439/10000] status=ok obs=6512bd43d9ca coverage=+0/32/38 time=2ms
  RUN js-fuzzer-class-7c36fc3c0ad4.js [7440/10000] md5=7c36fc3c0ad4461d5dbbcd7afdfb6b5c bytes=101 template=class origin=seed:tests/corpus/runtime/modules-export.test.js
 PASS js-fuzzer-class-7c36fc3c0ad4.js [7440/10000] status=ok obs=d3d9446802a4 coverage=+0/32/38 time=2ms
  RUN js-fuzzer-arithmetic-029944e59539.js [7441/10000] md5=029944e59539c32ae87c2d47893b54aa bytes=86 template=arithmetic origin=seed:tests/corpus/runtime/nested-try-finally.test.js
 PASS js-fuzzer-arithmetic-029944e59539.js [7441/10000] status=ok obs=38db3aed920c coverage=+0/32/38 time=1ms
  RUN js-fuzzer-boundary-2b35f90895ea.js [7442/10000] md5=2b35f90895ea85111e562e627044f919 bytes=128 template=boundary origin=boundary:9007199254740991
 PASS js-fuzzer-boundary-2b35f90895ea.js [7442/10000] status=ok obs=8bfa9ad090fb coverage=+0/32/38 time=2ms
  RUN js-fuzzer-array-object-60963a3bb517.js [7443/10000] md5=60963a3bb517f687363160b7f1ba1602 bytes=133 template=array-object origin=seed:tests/corpus/syntax/logical-unary-nullish.test.js
 PASS js-fuzzer-array-object-60963a3bb517.js [7443/10000] status=ok obs=9bf31c7ff062 coverage=+0/32/38 time=1ms
  RUN js-fuzzer-corpus-96ebdcb81273.js [7444/10000] md5=96ebdcb81273f0e5e5778a6c70c94988 bytes=171 template=corpus origin=tests/corpus/syntax/object-destructure-and-members.test.js
 PASS js-fuzzer-corpus-96ebdcb81273.js [7444/10000] status=ok obs=bfad8dfa12ed coverage=+0/32/38 time=2ms
  RUN js-fuzzer-block-scope-35afccb6c8d3.js [7445/10000] md5=35afccb6c8d3b5580a781876f23bcf14 bytes=114 template=block-scope origin=seed:tests/corpus/syntax/switch-do-while-sequence.test.js
 PASS js-fuzzer-block-scope-35afccb6c8d3.js [7445/10000] status=ok obs=f0935e4cd592 coverage=+0/32/38 time=2ms
  RUN js-fuzzer-loop-f495ca2fc638.js [7446/10000] md5=f495ca2fc6389f933578fc501f5b1465 bytes=81 template=loop origin=seed:tests/corpus/syntax/template-array-destructure.test.js
 PASS js-fuzzer-loop-f495ca2fc638.js [7446/10000] status=ok obs=c4ca4238a0b9 coverage=+0/32/38 time=1ms
  RUN js-fuzzer-try-catch-a173285175b8.js [7447/10000] md5=a173285175b813cddca62eb427efafd5 bytes=110 template=try-catch origin=seed:tests/corpus/syntax/typescript-assertions.test.ts
 PASS js-fuzzer-try-catch-a173285175b8.js [7447/10000] status=ok obs=9a1158154dfa coverage=+0/32/38 time=2ms
  RUN js-fuzzer-class-769274f77fa6.js [7448/10000] md5=769274f77fa62254ce7e0eb0e3adf7f1 bytes=100 template=class origin=seed:tests/corpus/syntax/typescript-non-null-satisfies.test.ts
 PASS js-fuzzer-class-769274f77fa6.js [7448/10000] status=ok obs=c4ca4238a0b9 coverage=+0/32/38 time=1ms
  RUN js-fuzzer-boundary-5c12d757f0dd.js [7449/10000] md5=5c12d757f0ddd5c6b1207b14fb1e8d0c bytes=122 template=boundary origin=boundary:2147483647
 PASS js-fuzzer-boundary-5c12d757f0dd.js [7449/10000] status=ok obs=c588c0a459f4 coverage=+0/32/38 time=2ms
  RUN js-fuzzer-function-be199ff518ed.js [7450/10000] md5=be199ff518edad2305aebc8ea703ea8f bytes=153 template=function origin=seed:tests/corpus/fixtures/state-machine-workflow.test.js
 PASS js-fuzzer-function-be199ff518ed.js [7450/10000] status=ok obs=a87ff679a2f3 coverage=+0/32/38 time=2ms
  RUN js-fuzzer-array-object-8324de4fb81c.js [7451/10000] md5=8324de4fb81c16ab306581859e33bf44 bytes=133 template=array-object origin=seed:tests/corpus/fixtures/vue-script-workflow.test.vue
 PASS js-fuzzer-array-object-8324de4fb81c.js [7451/10000] status=ok obs=1f0e3dad9990 coverage=+0/32/38 time=1ms
  RUN js-fuzzer-closure-8267693309b5.js [7452/10000] md5=8267693309b55b23a1d6d5e4449ecb00 bytes=184 template=closure origin=seed:tests/corpus/obfuscation/constant-tag-mix.test.js
 PASS js-fuzzer-closure-8267693309b5.js [7452/10000] status=ok obs=3416a75f4cea coverage=+0/32/38 time=1ms
  RUN js-fuzzer-corpus-fe2d30a6e413.js [7453/10000] md5=fe2d30a6e4139e7a8b52405bed737faa bytes=220 template=corpus origin=tests/corpus/obfuscation/extern-slot-permutation.test.js
 PASS js-fuzzer-corpus-fe2d30a6e413.js [7453/10000] status=ok obs=c34c702d0256 coverage=+0/32/38 time=2ms
  RUN js-fuzzer-loop-54e460cecf5c.js [7454/10000] md5=54e460cecf5c05dfcffaa3b2e5f57445 bytes=81 template=loop origin=seed:tests/corpus/obfuscation/externs-console.test.js
 PASS js-fuzzer-loop-54e460cecf5c.js [7454/10000] status=ok obs=d3d9446802a4 coverage=+0/32/38 time=1ms
  RUN js-fuzzer-try-catch-136d1b3d4ffd.js [7455/10000] md5=136d1b3d4ffdac816022c9faabe622ca bytes=110 template=try-catch origin=seed:tests/corpus/obfuscation/seed-sensitive-functions.test.js
 PASS js-fuzzer-try-catch-136d1b3d4ffd.js [7455/10000] status=ok obs=9bf31c7ff062 coverage=+0/32/38 time=2ms
  RUN js-fuzzer-boundary-e33d9dc9cd6c.js [7456/10000] md5=e33d9dc9cd6c84ec6ac6a01d1d18c4f2 bytes=113 template=boundary origin=boundary:2
 PASS js-fuzzer-boundary-e33d9dc9cd6c.js [7456/10000] status=ok obs=c81e728d9d4c coverage=+0/32/38 time=2ms
  RUN js-fuzzer-arithmetic-7e79dcbbe696.js [7457/10000] md5=7e79dcbbe6969e04a2ab2bfde82d8897 bytes=84 template=arithmetic origin=seed:tests/corpus/regressions/multiple-functions-fib-add.test.js
 PASS js-fuzzer-arithmetic-7e79dcbbe696.js [7457/10000] status=ok obs=3c59dc048e88 coverage=+0/32/38 time=1ms
  RUN js-fuzzer-function-8a3820bf6e52.js [7458/10000] md5=8a3820bf6e52dcab1a0437ab7872cf6a bytes=153 template=function origin=seed:tests/corpus/regressions/scope-compressed-closure-params.test.js
 PASS js-fuzzer-function-8a3820bf6e52.js [7458/10000] status=ok obs=a87ff679a2f3 coverage=+0/32/38 time=2ms
  RUN js-fuzzer-array-object-1f7a3c3cb37b.js [7459/10000] md5=1f7a3c3cb37b27cebf24b100c17eb3c2 bytes=133 template=array-object origin=seed:tests/corpus/runtime/arrays-objects-methods.test.js
 PASS js-fuzzer-array-object-1f7a3c3cb37b.js [7459/10000] status=ok obs=c9f0f895fb98 coverage=+0/32/38 time=2ms
  RUN js-fuzzer-closure-a44f6e079f72.js [7460/10000] md5=a44f6e079f72c5ca044334b5ad15c646 bytes=184 template=closure origin=seed:tests/corpus/runtime/block-scopes.test.js
 PASS js-fuzzer-closure-a44f6e079f72.js [7460/10000] status=ok obs=2838023a778d coverage=+0/32/38 time=1ms
  RUN js-fuzzer-block-scope-7e8cdf97cccd.js [7461/10000] md5=7e8cdf97cccd36b7f4da6cb53f820c60 bytes=114 template=block-scope origin=seed:tests/corpus/runtime/class-fields-static-methods.test.js
 PASS js-fuzzer-block-scope-7e8cdf97cccd.js [7461/10000] status=ok obs=f0935e4cd592 coverage=+0/32/38 time=2ms
  RUN js-fuzzer-corpus-663bf83cd082.js [7462/10000] md5=663bf83cd082bd221441dae6bbc85046 bytes=278 template=corpus origin=tests/corpus/runtime/classes-and-objects.test.js
 PASS js-fuzzer-corpus-663bf83cd082.js [7462/10000] status=ok obs=6f4922f45568 coverage=+0/32/38 time=2ms
  RUN js-fuzzer-boundary-ccde2dac26f6.js [7463/10000] md5=ccde2dac26f6d3fd46c3698825685fe3 bytes=113 template=boundary origin=boundary:1
 PASS js-fuzzer-boundary-ccde2dac26f6.js [7463/10000] status=ok obs=c4ca4238a0b9 coverage=+0/32/38 time=1ms
  RUN js-fuzzer-class-ff7d9ca3da86.js [7464/10000] md5=ff7d9ca3da86b49917ac34b4d48e8df9 bytes=101 template=class origin=seed:tests/corpus/runtime/closures-read-captured-values.test.js
 PASS js-fuzzer-class-ff7d9ca3da86.js [7464/10000] status=ok obs=c20ad4d76fe9 coverage=+0/32/38 time=2ms
  RUN js-fuzzer-arithmetic-fae88d79540f.js [7465/10000] md5=fae88d79540f6f06f38136621bd32bba bytes=85 template=arithmetic origin=seed:tests/corpus/runtime/exceptions-and-nullish.test.js
 PASS js-fuzzer-arithmetic-fae88d79540f.js [7465/10000] status=ok obs=82161242827b coverage=+0/32/38 time=1ms
  RUN js-fuzzer-function-66ad482026b9.js [7466/10000] md5=66ad482026b9df67ec5d25c1cce4c653 bytes=153 template=function origin=seed:tests/corpus/runtime/functions-closures-and-arrows.test.js
 PASS js-fuzzer-function-66ad482026b9.js [7466/10000] status=ok obs=6512bd43d9ca coverage=+0/32/38 time=2ms
  RUN js-fuzzer-array-object-7fcfdbafc8e6.js [7467/10000] md5=7fcfdbafc8e64f18b6eb47187353acce bytes=133 template=array-object origin=seed:tests/corpus/runtime/lexical-shadowing.test.js
 PASS js-fuzzer-array-object-7fcfdbafc8e6.js [7467/10000] status=ok obs=45c48cce2e2d coverage=+0/32/38 time=2ms
  RUN js-fuzzer-closure-9012bdddf1e2.js [7468/10000] md5=9012bdddf1e21d81838c3f2c2f3d18b2 bytes=183 template=closure origin=seed:tests/corpus/runtime/modules-export.test.js
 PASS js-fuzzer-closure-9012bdddf1e2.js [7468/10000] status=ok obs=37693cfc7480 coverage=+0/32/38 time=2ms
  RUN js-fuzzer-block-scope-afb6dee4b2ec.js [7469/10000] md5=afb6dee4b2ec9225553c3bff3995f1a9 bytes=114 template=block-scope origin=seed:tests/corpus/runtime/nested-try-finally.test.js
 PASS js-fuzzer-block-scope-afb6dee4b2ec.js [7469/10000] status=ok obs=a97da629b098 coverage=+0/32/38 time=1ms
  RUN js-fuzzer-boundary-e62759fbe8d3.js [7470/10000] md5=e62759fbe8d36ad2cfb89a0f8bac18b9 bytes=129 template=boundary origin=boundary:-9007199254740991
 PASS js-fuzzer-boundary-e62759fbe8d3.js [7470/10000] status=ok obs=b3f3a95848f6 coverage=+0/32/38 time=2ms
  RUN js-fuzzer-corpus-279b64032335.js [7471/10000] md5=279b640323351a1b082b98b42d2a2d55 bytes=134 template=corpus origin=tests/corpus/syntax/logical-unary-nullish.test.js
 PASS js-fuzzer-corpus-279b64032335.js [7471/10000] status=ok obs=45c48cce2e2d coverage=+0/32/38 time=2ms
  RUN js-fuzzer-class-b901915e3eda.js [7472/10000] md5=b901915e3eda1a96f77dcec9fff681b5 bytes=100 template=class origin=seed:tests/corpus/syntax/object-destructure-and-members.test.js
 PASS js-fuzzer-class-b901915e3eda.js [7472/10000] status=ok obs=c81e728d9d4c coverage=+0/32/38 time=1ms
  RUN js-fuzzer-arithmetic-61e0aa1b41b8.js [7473/10000] md5=61e0aa1b41b83964daadb62d4451dd90 bytes=85 template=arithmetic origin=seed:tests/corpus/syntax/switch-do-while-sequence.test.js
 PASS js-fuzzer-arithmetic-61e0aa1b41b8.js [7473/10000] status=ok obs=6c4b761a28b7 coverage=+0/32/38 time=2ms
  RUN js-fuzzer-function-1d370c2e7126.js [7474/10000] md5=1d370c2e7126a84b090ad6eed5468375 bytes=153 template=function origin=seed:tests/corpus/syntax/template-array-destructure.test.js
 PASS js-fuzzer-function-1d370c2e7126.js [7474/10000] status=ok obs=8f14e45fceea coverage=+0/32/38 time=2ms
  RUN js-fuzzer-array-object-0a7a37c68fab.js [7475/10000] md5=0a7a37c68fab1056af0b854fa175e24e bytes=133 template=array-object origin=seed:tests/corpus/syntax/typescript-assertions.test.ts
 PASS js-fuzzer-array-object-0a7a37c68fab.js [7475/10000] status=ok obs=3c59dc048e88 coverage=+0/32/38 time=1ms
  RUN js-fuzzer-closure-f48fb35836a2.js [7476/10000] md5=f48fb35836a2c27531ab3f695d8d8be5 bytes=184 template=closure origin=seed:tests/corpus/syntax/typescript-non-null-satisfies.test.ts
 PASS js-fuzzer-closure-f48fb35836a2.js [7476/10000] status=ok obs=17e62166fc85 coverage=+0/32/38 time=2ms
  RUN js-fuzzer-boundary-512d8e9b531d.js [7477/10000] md5=512d8e9b531dd316e823325cc949e70e bytes=123 template=boundary origin=boundary:-2147483648
 PASS js-fuzzer-boundary-512d8e9b531d.js [7477/10000] status=ok obs=034ff5946105 coverage=+0/32/38 time=1ms
  RUN js-fuzzer-loop-bbf1d7a15d8d.js [7478/10000] md5=bbf1d7a15d8dd015402d75c0e0108b5f bytes=81 template=loop origin=seed:tests/corpus/fixtures/state-machine-workflow.test.js
 PASS js-fuzzer-loop-bbf1d7a15d8d.js [7478/10000] status=ok obs=1679091c5a88 coverage=+0/32/38 time=2ms
  RUN js-fuzzer-try-catch-c1605790c914.js [7479/10000] md5=c1605790c914ae1743dc7ccc9c3b6fda bytes=110 template=try-catch origin=seed:tests/corpus/fixtures/vue-script-workflow.test.vue
 PASS js-fuzzer-try-catch-c1605790c914.js [7479/10000] status=ok obs=1c383cd30b7c coverage=+0/32/38 time=2ms
  RUN js-fuzzer-corpus-f00ef18b0a17.js [7480/10000] md5=f00ef18b0a172b2a2d9833f5b7fe94e2 bytes=199 template=corpus origin=tests/corpus/obfuscation/constant-tag-mix.test.js
 PASS js-fuzzer-corpus-f00ef18b0a17.js [7480/10000] status=ok obs=e86823f38986 coverage=+0/32/38 time=1ms
  RUN js-fuzzer-arithmetic-cf597ff40273.js [7481/10000] md5=cf597ff40273ed5dbadb6be61b8ca2fe bytes=85 template=arithmetic origin=seed:tests/corpus/obfuscation/extern-slot-permutation.test.js
 PASS js-fuzzer-arithmetic-cf597ff40273.js [7481/10000] status=ok obs=3def184ad8f4 coverage=+0/32/38 time=2ms
  RUN js-fuzzer-function-f9a15ede1a13.js [7482/10000] md5=f9a15ede1a136ec60ae593fd7d4d8635 bytes=153 template=function origin=seed:tests/corpus/obfuscation/externs-console.test.js
 PASS js-fuzzer-function-f9a15ede1a13.js [7482/10000] status=ok obs=d3d9446802a4 coverage=+0/32/38 time=2ms
  RUN js-fuzzer-array-object-87e23b479a63.js [7483/10000] md5=87e23b479a638c8563440fa5bf342c2c bytes=133 template=array-object origin=seed:tests/corpus/obfuscation/seed-sensitive-functions.test.js
 PASS js-fuzzer-array-object-87e23b479a63.js [7483/10000] status=ok obs=c20ad4d76fe9 coverage=+0/32/38 time=1ms
  RUN js-fuzzer-boundary-92df4f5b559a.js [7484/10000] md5=92df4f5b559a550058b4133ffb629932 bytes=114 template=boundary origin=boundary:-2
 PASS js-fuzzer-boundary-92df4f5b559a.js [7484/10000] status=ok obs=5d7b9adcbe1c coverage=+0/32/38 time=2ms
  RUN js-fuzzer-block-scope-112701a88222.js [7485/10000] md5=112701a882225ded3cdffedb31d3ac32 bytes=114 template=block-scope origin=seed:tests/corpus/regressions/multiple-functions-fib-add.test.js
 PASS js-fuzzer-block-scope-112701a88222.js [7485/10000] status=ok obs=65b9eea6e1cc coverage=+0/32/38 time=2ms
  RUN js-fuzzer-loop-54e460cecf5c.js [7486/10000] md5=54e460cecf5c05dfcffaa3b2e5f57445 bytes=81 template=loop origin=seed:tests/corpus/regressions/scope-compressed-closure-params.test.js
 PASS js-fuzzer-loop-54e460cecf5c.js [7486/10000] status=ok obs=d3d9446802a4 coverage=+0/32/38 time=1ms
  RUN js-fuzzer-try-catch-ecee5cf418be.js [7487/10000] md5=ecee5cf418beff71c62f1aeee5aa3045 bytes=109 template=try-catch origin=seed:tests/corpus/runtime/arrays-objects-methods.test.js
 PASS js-fuzzer-try-catch-ecee5cf418be.js [7487/10000] status=ok obs=45c48cce2e2d coverage=+0/32/38 time=2ms
  RUN js-fuzzer-class-b1e3642c0208.js [7488/10000] md5=b1e3642c0208992266fb21668a536292 bytes=100 template=class origin=seed:tests/corpus/runtime/block-scopes.test.js
 PASS js-fuzzer-class-b1e3642c0208.js [7488/10000] status=ok obs=c9f0f895fb98 coverage=+0/32/38 time=1ms
  RUN js-fuzzer-corpus-a64e83c2f849.js [7489/10000] md5=a64e83c2f84925dca8985eabe963ee21 bytes=179 template=corpus origin=tests/corpus/runtime/class-fields-static-methods.test.js
 PASS js-fuzzer-corpus-a64e83c2f849.js [7489/10000] status=ok obs=8f14e45fceea coverage=+0/32/38 time=2ms
  RUN js-fuzzer-function-8c13c976bcff.js [7490/10000] md5=8c13c976bcff676fd4a8e7119e7306e3 bytes=153 template=function origin=seed:tests/corpus/runtime/classes-and-objects.test.js
 PASS js-fuzzer-function-8c13c976bcff.js [7490/10000] status=ok obs=aab3238922bc coverage=+0/32/38 time=2ms
  RUN js-fuzzer-boundary-61a9a82f5f08.js [7491/10000] md5=61a9a82f5f08bc177f13c805ba785d7d bytes=114 template=boundary origin=boundary:-1
 PASS js-fuzzer-boundary-61a9a82f5f08.js [7491/10000] status=ok obs=6bb61e3b7bce coverage=+0/32/38 time=1ms
  RUN js-fuzzer-closure-44f8d475e7b4.js [7492/10000] md5=44f8d475e7b469fd29ee336b3bad8e0e bytes=185 template=closure origin=seed:tests/corpus/runtime/closures-read-captured-values.test.js
 PASS js-fuzzer-closure-44f8d475e7b4.js [7492/10000] status=ok obs=6c8349cc7260 coverage=+0/32/38 time=2ms
  RUN js-fuzzer-block-scope-718bfc054c61.js [7493/10000] md5=718bfc054c612231e7c0ff47c22e7aaf bytes=114 template=block-scope origin=seed:tests/corpus/runtime/exceptions-and-nullish.test.js
 PASS js-fuzzer-block-scope-718bfc054c61.js [7493/10000] status=ok obs=38b3eff8baf5 coverage=+0/32/38 time=2ms
  RUN js-fuzzer-loop-f495ca2fc638.js [7494/10000] md5=f495ca2fc6389f933578fc501f5b1465 bytes=81 template=loop origin=seed:tests/corpus/runtime/functions-closures-and-arrows.test.js
 PASS js-fuzzer-loop-f495ca2fc638.js [7494/10000] status=ok obs=c4ca4238a0b9 coverage=+0/32/38 time=2ms
  RUN js-fuzzer-try-catch-684f084d24b8.js [7495/10000] md5=684f084d24b8db7c12c5b7b39189e1fb bytes=110 template=try-catch origin=seed:tests/corpus/runtime/lexical-shadowing.test.js
 PASS js-fuzzer-try-catch-684f084d24b8.js [7495/10000] status=ok obs=3416a75f4cea coverage=+0/32/38 time=2ms
  RUN js-fuzzer-class-7c36fc3c0ad4.js [7496/10000] md5=7c36fc3c0ad4461d5dbbcd7afdfb6b5c bytes=101 template=class origin=seed:tests/corpus/runtime/modules-export.test.js
 PASS js-fuzzer-class-7c36fc3c0ad4.js [7496/10000] status=ok obs=d3d9446802a4 coverage=+0/32/38 time=1ms
  RUN js-fuzzer-arithmetic-5de0cfe10784.js [7497/10000] md5=5de0cfe107847127dedd5dd4369ed5d1 bytes=84 template=arithmetic origin=seed:tests/corpus/runtime/nested-try-finally.test.js
 PASS js-fuzzer-arithmetic-5de0cfe10784.js [7497/10000] status=ok obs=069059b7ef84 coverage=+0/32/38 time=2ms
  RUN js-fuzzer-corpus-89e900fcb72f.js [7498/10000] md5=89e900fcb72ff838bfe9a13ae091363f bytes=228 template=corpus origin=tests/corpus/syntax/control-flow-and-operators.test.js
 PASS js-fuzzer-corpus-89e900fcb72f.js [7498/10000] status=ok obs=aab3238922bc coverage=+0/32/38 time=2ms
  RUN js-fuzzer-array-object-30b63a9d053c.js [7499/10000] md5=30b63a9d053c3fab48c889e9f0755da6 bytes=133 template=array-object origin=seed:tests/corpus/syntax/logical-unary-nullish.test.js
 PASS js-fuzzer-array-object-30b63a9d053c.js [7499/10000] status=ok obs=1679091c5a88 coverage=+0/32/38 time=1ms
  RUN js-fuzzer-closure-35ec5379c796.js [7500/10000] md5=35ec5379c7966a472e4214768c19f58a bytes=184 template=closure origin=seed:tests/corpus/syntax/object-destructure-and-members.test.js
 PASS js-fuzzer-closure-35ec5379c796.js [7500/10000] status=ok obs=6ea9ab1baa0e coverage=+0/32/38 time=2ms
  RUN js-fuzzer-block-scope-c62bd24f87c9.js [7501/10000] md5=c62bd24f87c9561c1ce7bf862c28f95d bytes=114 template=block-scope origin=seed:tests/corpus/syntax/switch-do-while-sequence.test.js
 PASS js-fuzzer-block-scope-c62bd24f87c9.js [7501/10000] status=ok obs=ec8956637a99 coverage=+0/32/38 time=1ms
  RUN js-fuzzer-loop-b88258462a8d.js [7502/10000] md5=b88258462a8d880f8b0e459fa23b2536 bytes=81 template=loop origin=seed:tests/corpus/syntax/template-array-destructure.test.js
 PASS js-fuzzer-loop-b88258462a8d.js [7502/10000] status=ok obs=3c59dc048e88 coverage=+0/32/38 time=2ms
  RUN js-fuzzer-try-catch-56393ff77182.js [7503/10000] md5=56393ff771824d567a8911f280bf7f9d bytes=110 template=try-catch origin=seed:tests/corpus/syntax/typescript-assertions.test.ts
 PASS js-fuzzer-try-catch-56393ff77182.js [7503/10000] status=ok obs=4e732ced3463 coverage=+0/32/38 time=2ms
  RUN js-fuzzer-class-b901915e3eda.js [7504/10000] md5=b901915e3eda1a96f77dcec9fff681b5 bytes=100 template=class origin=seed:tests/corpus/syntax/typescript-non-null-satisfies.test.ts
 PASS js-fuzzer-class-b901915e3eda.js [7504/10000] status=ok obs=c81e728d9d4c coverage=+0/32/38 time=1ms
  RUN js-fuzzer-boundary-4bea2a6e0cb0.js [7505/10000] md5=4bea2a6e0cb0c7bb0b29e5b5d44112d8 bytes=128 template=boundary origin=boundary:9007199254740991
 PASS js-fuzzer-boundary-4bea2a6e0cb0.js [7505/10000] status=ok obs=dc9a0d67a31d coverage=+0/32/38 time=1ms
  RUN js-fuzzer-function-288d473b3a74.js [7506/10000] md5=288d473b3a7495d967aff826da7d201e bytes=153 template=function origin=seed:tests/corpus/fixtures/state-machine-workflow.test.js
 PASS js-fuzzer-function-288d473b3a74.js [7506/10000] status=ok obs=aab3238922bc coverage=+0/32/38 time=2ms
  RUN js-fuzzer-corpus-f722388c7961.js [7507/10000] md5=f722388c7961d2a0288508c35f28a5f8 bytes=96 template=corpus origin=tests/corpus/fixtures/vue-script-workflow.test.vue
 PASS js-fuzzer-corpus-f722388c7961.js [7507/10000] status=ok obs=6512bd43d9ca coverage=+0/32/38 time=2ms
  RUN js-fuzzer-closure-02734c80d55c.js [7508/10000] md5=02734c80d55cf06c00f55bb26992c800 bytes=184 template=closure origin=seed:tests/corpus/obfuscation/constant-tag-mix.test.js
 PASS js-fuzzer-closure-02734c80d55c.js [7508/10000] status=ok obs=2838023a778d coverage=+0/32/38 time=2ms
  RUN js-fuzzer-block-scope-abe4791afcdb.js [7509/10000] md5=abe4791afcdb021f11eb2a51d3daa235 bytes=114 template=block-scope origin=seed:tests/corpus/obfuscation/extern-slot-permutation.test.js
 PASS js-fuzzer-block-scope-abe4791afcdb.js [7509/10000] status=ok obs=a3c65c297427 coverage=+0/32/38 time=1ms
  RUN js-fuzzer-loop-b88258462a8d.js [7510/10000] md5=b88258462a8d880f8b0e459fa23b2536 bytes=81 template=loop origin=seed:tests/corpus/obfuscation/externs-console.test.js
 PASS js-fuzzer-loop-b88258462a8d.js [7510/10000] status=ok obs=3c59dc048e88 coverage=+0/32/38 time=2ms
  RUN js-fuzzer-try-catch-10b006553cce.js [7511/10000] md5=10b006553cced3afac446c8e96bc0d8a bytes=110 template=try-catch origin=seed:tests/corpus/obfuscation/seed-sensitive-functions.test.js
 PASS js-fuzzer-try-catch-10b006553cce.js [7511/10000] status=ok obs=8e296a067a37 coverage=+0/32/38 time=2ms
  RUN js-fuzzer-boundary-4b188851088a.js [7512/10000] md5=4b188851088a18b5b5e1424320aec545 bytes=122 template=boundary origin=boundary:2147483647
 PASS js-fuzzer-boundary-4b188851088a.js [7512/10000] status=ok obs=c588c0a459f4 coverage=+0/32/38 time=2ms
  RUN js-fuzzer-arithmetic-92139269d65d.js [7513/10000] md5=92139269d65d560820e633513749d772 bytes=85 template=arithmetic origin=seed:tests/corpus/regressions/multiple-functions-fib-add.test.js
 PASS js-fuzzer-arithmetic-92139269d65d.js [7513/10000] status=ok obs=8c19f571e251 coverage=+0/32/38 time=2ms
  RUN js-fuzzer-function-67a4a16b508e.js [7514/10000] md5=67a4a16b508e8efc2a1fbbfc79004c7b bytes=153 template=function origin=seed:tests/corpus/regressions/scope-compressed-closure-params.test.js
 PASS js-fuzzer-function-67a4a16b508e.js [7514/10000] status=ok obs=eccbc87e4b5c coverage=+0/32/38 time=1ms
  RUN js-fuzzer-array-object-ed96b9f85eb1.js [7515/10000] md5=ed96b9f85eb1546da1309359939c3f2c bytes=133 template=array-object origin=seed:tests/corpus/runtime/arrays-objects-methods.test.js
 PASS js-fuzzer-array-object-ed96b9f85eb1.js [7515/10000] status=ok obs=6f4922f45568 coverage=+0/32/38 time=2ms
  RUN js-fuzzer-corpus-8b78ba7912c5.js [7516/10000] md5=8b78ba7912c51f6cf304b65c6ebdb2e3 bytes=289 template=corpus origin=tests/corpus/runtime/block-scopes.test.js
 PASS js-fuzzer-corpus-8b78ba7912c5.js [7516/10000] status=ok obs=37693cfc7480 coverage=+0/32/38 time=2ms
  RUN js-fuzzer-block-scope-bdee2ca933f4.js [7517/10000] md5=bdee2ca933f4d75f33d7f05fede856cb bytes=114 template=block-scope origin=seed:tests/corpus/runtime/class-fields-static-methods.test.js
 PASS js-fuzzer-block-scope-bdee2ca933f4.js [7517/10000] status=ok obs=a3c65c297427 coverage=+0/32/38 time=1ms
  RUN js-fuzzer-loop-55c7c905bffb.js [7518/10000] md5=55c7c905bffb4bbbc4c8fb9b91df6ad8 bytes=81 template=loop origin=seed:tests/corpus/runtime/classes-and-objects.test.js
 PASS js-fuzzer-loop-55c7c905bffb.js [7518/10000] status=ok obs=eccbc87e4b5c coverage=+0/32/38 time=2ms
  RUN js-fuzzer-boundary-221618e58a55.js [7519/10000] md5=221618e58a55537e4dc7530ef9f57aaf bytes=113 template=boundary origin=boundary:2
 PASS js-fuzzer-boundary-221618e58a55.js [7519/10000] status=ok obs=c81e728d9d4c coverage=+0/32/38 time=2ms
  RUN js-fuzzer-class-51ea152a707e.js [7520/10000] md5=51ea152a707ed5422ab3e5b3ddb7fe43 bytes=100 template=class origin=seed:tests/corpus/runtime/closures-read-captured-values.test.js
 PASS js-fuzzer-class-51ea152a707e.js [7520/10000] status=ok obs=e4da3b7fbbce coverage=+0/32/38 time=1ms
  RUN js-fuzzer-arithmetic-970d6b19dd96.js [7521/10000] md5=970d6b19dd968bc2d68b168bd3f04fad bytes=84 template=arithmetic origin=seed:tests/corpus/runtime/exceptions-and-nullish.test.js
 PASS js-fuzzer-arithmetic-970d6b19dd96.js [7521/10000] status=ok obs=8e296a067a37 coverage=+0/32/38 time=2ms
  RUN js-fuzzer-function-66ad482026b9.js [7522/10000] md5=66ad482026b9df67ec5d25c1cce4c653 bytes=153 template=function origin=seed:tests/corpus/runtime/functions-closures-and-arrows.test.js
 PASS js-fuzzer-function-66ad482026b9.js [7522/10000] status=ok obs=6512bd43d9ca coverage=+0/32/38 time=2ms
  RUN js-fuzzer-array-object-298ba85371a3.js [7523/10000] md5=298ba85371a35f61a043065a3a35b971 bytes=133 template=array-object origin=seed:tests/corpus/runtime/lexical-shadowing.test.js
 PASS js-fuzzer-array-object-298ba85371a3.js [7523/10000] status=ok obs=6512bd43d9ca coverage=+0/32/38 time=1ms
  RUN js-fuzzer-closure-190622f1b8fa.js [7524/10000] md5=190622f1b8fa9e7991a5d869a6c78ee0 bytes=185 template=closure origin=seed:tests/corpus/runtime/modules-export.test.js
 PASS js-fuzzer-closure-190622f1b8fa.js [7524/10000] status=ok obs=14bfa6bb1487 coverage=+0/32/38 time=1ms
  RUN js-fuzzer-corpus-c557f8da2a9d.js [7525/10000] md5=c557f8da2a9d2904c70dca50c3eeb50e bytes=191 template=corpus origin=tests/corpus/runtime/nested-try-finally.test.js
 PASS js-fuzzer-corpus-c557f8da2a9d.js [7525/10000] status=ok obs=8f14e45fceea coverage=+0/32/38 time=2ms
  RUN js-fuzzer-boundary-2f35f880f964.js [7526/10000] md5=2f35f880f96468b375c4e71feba05308 bytes=113 template=boundary origin=boundary:1
 PASS js-fuzzer-boundary-2f35f880f964.js [7526/10000] status=ok obs=c4ca4238a0b9 coverage=+0/32/38 time=2ms
  RUN js-fuzzer-try-catch-ecde19ac059d.js [7527/10000] md5=ecde19ac059dab5b524e2da1cfde28b0 bytes=110 template=try-catch origin=seed:tests/corpus/syntax/logical-unary-nullish.test.js
 PASS js-fuzzer-try-catch-ecde19ac059d.js [7527/10000] status=ok obs=f457c545a9de coverage=+0/32/38 time=1ms
  RUN js-fuzzer-class-a365d1a76b7b.js [7528/10000] md5=a365d1a76b7b0d4310621afa7caac433 bytes=100 template=class origin=seed:tests/corpus/syntax/object-destructure-and-members.test.js
 PASS js-fuzzer-class-a365d1a76b7b.js [7528/10000] status=ok obs=8f14e45fceea coverage=+0/32/38 time=2ms
  RUN js-fuzzer-arithmetic-584e8620b5ca.js [7529/10000] md5=584e8620b5caddb1876f230250ad9fbb bytes=83 template=arithmetic origin=seed:tests/corpus/syntax/switch-do-while-sequence.test.js
 PASS js-fuzzer-arithmetic-584e8620b5ca.js [7529/10000] status=ok obs=45c48cce2e2d coverage=+0/32/38 time=1ms
  RUN js-fuzzer-function-ced1d0daab2e.js [7530/10000] md5=ced1d0daab2e23fdcfec672d899d9739 bytes=153 template=function origin=seed:tests/corpus/syntax/template-array-destructure.test.js
 PASS js-fuzzer-function-ced1d0daab2e.js [7530/10000] status=ok obs=8e296a067a37 coverage=+0/32/38 time=3ms
  RUN js-fuzzer-array-object-9807f5366d5a.js [7531/10000] md5=9807f5366d5a5d098e5f84e274f125ba bytes=133 template=array-object origin=seed:tests/corpus/syntax/typescript-assertions.test.ts
 PASS js-fuzzer-array-object-9807f5366d5a.js [7531/10000] status=ok obs=aab3238922bc coverage=+0/32/38 time=1ms
  RUN js-fuzzer-closure-51403da8d7e9.js [7532/10000] md5=51403da8d7e928c8a625069187db801e bytes=183 template=closure origin=seed:tests/corpus/syntax/typescript-non-null-satisfies.test.ts
 PASS js-fuzzer-closure-51403da8d7e9.js [7532/10000] status=ok obs=8e296a067a37 coverage=+0/32/38 time=2ms
  RUN js-fuzzer-boundary-e62759fbe8d3.js [7533/10000] md5=e62759fbe8d36ad2cfb89a0f8bac18b9 bytes=129 template=boundary origin=boundary:-9007199254740991
 PASS js-fuzzer-boundary-e62759fbe8d3.js [7533/10000] status=ok obs=b3f3a95848f6 coverage=+0/32/38 time=1ms
  RUN js-fuzzer-corpus-ab8ca4f8757c.js [7534/10000] md5=ab8ca4f8757c6165b29cd6a662edad93 bytes=450 template=corpus origin=tests/corpus/fixtures/state-machine-workflow.test.js
 PASS js-fuzzer-corpus-ab8ca4f8757c.js [7534/10000] status=ok obs=b9f49c580664 coverage=+0/32/38 time=2ms
  RUN js-fuzzer-try-catch-e6fdc2579e78.js [7535/10000] md5=e6fdc2579e7880bc0b759de7af5133ab bytes=110 template=try-catch origin=seed:tests/corpus/fixtures/vue-script-workflow.test.vue
 PASS js-fuzzer-try-catch-e6fdc2579e78.js [7535/10000] status=ok obs=d645920e395f coverage=+0/32/38 time=2ms
  RUN js-fuzzer-class-a9875f561daf.js [7536/10000] md5=a9875f561daf181d949c68fc070db0e0 bytes=101 template=class origin=seed:tests/corpus/obfuscation/constant-tag-mix.test.js
 PASS js-fuzzer-class-a9875f561daf.js [7536/10000] status=ok obs=aab3238922bc coverage=+0/32/38 time=2ms
  RUN js-fuzzer-arithmetic-f40eeb4fae2d.js [7537/10000] md5=f40eeb4fae2d2b0221b6d7e50d4c73a4 bytes=84 template=arithmetic origin=seed:tests/corpus/obfuscation/extern-slot-permutation.test.js
 PASS js-fuzzer-arithmetic-f40eeb4fae2d.js [7537/10000] status=ok obs=1385974ed590 coverage=+0/32/38 time=1ms
  RUN js-fuzzer-function-98e8c4d5dcc0.js [7538/10000] md5=98e8c4d5dcc095fbcedf7527b98fd4fe bytes=153 template=function origin=seed:tests/corpus/obfuscation/externs-console.test.js
 PASS js-fuzzer-function-98e8c4d5dcc0.js [7538/10000] status=ok obs=c9f0f895fb98 coverage=+0/32/38 time=2ms
  RUN js-fuzzer-array-object-5239c326cb5b.js [7539/10000] md5=5239c326cb5b7422737fd5a0a7f33a28 bytes=133 template=array-object origin=seed:tests/corpus/obfuscation/seed-sensitive-functions.test.js
 PASS js-fuzzer-array-object-5239c326cb5b.js [7539/10000] status=ok obs=c20ad4d76fe9 coverage=+0/32/38 time=1ms
  RUN js-fuzzer-boundary-205872a6e44c.js [7540/10000] md5=205872a6e44c1ea0cf94554af934fb09 bytes=123 template=boundary origin=boundary:-2147483648
 PASS js-fuzzer-boundary-205872a6e44c.js [7540/10000] status=ok obs=034ff5946105 coverage=+0/32/38 time=2ms
  RUN js-fuzzer-block-scope-016b7f6e9976.js [7541/10000] md5=016b7f6e997636dc77e33da31ef097e1 bytes=114 template=block-scope origin=seed:tests/corpus/regressions/multiple-functions-fib-add.test.js
 PASS js-fuzzer-block-scope-016b7f6e9976.js [7541/10000] status=ok obs=a97da629b098 coverage=+0/32/38 time=2ms
  RUN js-fuzzer-loop-bbf1d7a15d8d.js [7542/10000] md5=bbf1d7a15d8dd015402d75c0e0108b5f bytes=81 template=loop origin=seed:tests/corpus/regressions/scope-compressed-closure-params.test.js
 PASS js-fuzzer-loop-bbf1d7a15d8d.js [7542/10000] status=ok obs=1679091c5a88 coverage=+0/32/38 time=1ms
  RUN js-fuzzer-corpus-a07012429fce.js [7543/10000] md5=a07012429fce4b4d7c8af42f445f70b9 bytes=163 template=corpus origin=tests/corpus/runtime/arrays-objects-methods.test.js
 PASS js-fuzzer-corpus-a07012429fce.js [7543/10000] status=ok obs=c51ce410c124 coverage=+0/32/38 time=2ms
  RUN js-fuzzer-class-51ea152a707e.js [7544/10000] md5=51ea152a707ed5422ab3e5b3ddb7fe43 bytes=100 template=class origin=seed:tests/corpus/runtime/block-scopes.test.js
 PASS js-fuzzer-class-51ea152a707e.js [7544/10000] status=ok obs=e4da3b7fbbce coverage=+0/32/38 time=2ms
  RUN js-fuzzer-arithmetic-03113086d192.js [7545/10000] md5=03113086d19202791ad6fe4e68ab34e4 bytes=85 template=arithmetic origin=seed:tests/corpus/runtime/class-fields-static-methods.test.js
 PASS js-fuzzer-arithmetic-03113086d192.js [7545/10000] status=ok obs=2a38a4a9316c coverage=+0/32/38 time=1ms
  RUN js-fuzzer-function-79bb4335938d.js [7546/10000] md5=79bb4335938d82d557d11e6633b235d0 bytes=153 template=function origin=seed:tests/corpus/runtime/classes-and-objects.test.js
 PASS js-fuzzer-function-79bb4335938d.js [7546/10000] status=ok obs=6512bd43d9ca coverage=+0/32/38 time=2ms
  RUN js-fuzzer-boundary-92df4f5b559a.js [7547/10000] md5=92df4f5b559a550058b4133ffb629932 bytes=114 template=boundary origin=boundary:-2
 PASS js-fuzzer-boundary-92df4f5b559a.js [7547/10000] status=ok obs=5d7b9adcbe1c coverage=+0/32/38 time=2ms
  RUN js-fuzzer-closure-8724da2a215d.js [7548/10000] md5=8724da2a215d8f3668ff0229877d0816 bytes=184 template=closure origin=seed:tests/corpus/runtime/closures-read-captured-values.test.js
 PASS js-fuzzer-closure-8724da2a215d.js [7548/10000] status=ok obs=d67d8ab4f4c1 coverage=+0/32/38 time=2ms
  RUN js-fuzzer-block-scope-fcd01903f38a.js [7549/10000] md5=fcd01903f38aa111dee5ffd68bea2f1a bytes=114 template=block-scope origin=seed:tests/corpus/runtime/exceptions-and-nullish.test.js
 PASS js-fuzzer-block-scope-fcd01903f38a.js [7549/10000] status=ok obs=f0935e4cd592 coverage=+0/32/38 time=1ms
  RUN js-fuzzer-loop-bbf1d7a15d8d.js [7550/10000] md5=bbf1d7a15d8dd015402d75c0e0108b5f bytes=81 template=loop origin=seed:tests/corpus/runtime/functions-closures-and-arrows.test.js
 PASS js-fuzzer-loop-bbf1d7a15d8d.js [7550/10000] status=ok obs=1679091c5a88 coverage=+0/32/38 time=2ms
  RUN js-fuzzer-try-catch-49469dc3bbde.js [7551/10000] md5=49469dc3bbdee70291dead76d4352702 bytes=109 template=try-catch origin=seed:tests/corpus/runtime/lexical-shadowing.test.js
 PASS js-fuzzer-try-catch-49469dc3bbde.js [7551/10000] status=ok obs=d3d9446802a4 coverage=+0/32/38 time=1ms
  RUN js-fuzzer-corpus-4131d841163b.js [7552/10000] md5=4131d841163b79e192bca9d4fc683c54 bytes=58 template=corpus origin=tests/corpus/runtime/modules-export.test.js
 PASS js-fuzzer-corpus-4131d841163b.js [7552/10000] status=ok obs=8f14e45fceea coverage=+0/32/38 time=2ms
  RUN js-fuzzer-arithmetic-09903abfa955.js [7553/10000] md5=09903abfa9551c8e512bf8cd1dd22614 bytes=84 template=arithmetic origin=seed:tests/corpus/runtime/nested-try-finally.test.js
 PASS js-fuzzer-arithmetic-09903abfa955.js [7553/10000] status=ok obs=2a79ea27c279 coverage=+0/32/38 time=1ms
  RUN js-fuzzer-boundary-1024adcac0e5.js [7554/10000] md5=1024adcac0e5cc9f99f478fa66dcc00c bytes=114 template=boundary origin=boundary:-1
 PASS js-fuzzer-boundary-1024adcac0e5.js [7554/10000] status=ok obs=6bb61e3b7bce coverage=+0/32/38 time=2ms
  RUN js-fuzzer-array-object-84869a29f315.js [7555/10000] md5=84869a29f315b0da945210fdea7a5ed4 bytes=133 template=array-object origin=seed:tests/corpus/syntax/logical-unary-nullish.test.js
 PASS js-fuzzer-array-object-84869a29f315.js [7555/10000] status=ok obs=aab3238922bc coverage=+0/32/38 time=2ms
  RUN js-fuzzer-closure-aeb4ba6df08e.js [7556/10000] md5=aeb4ba6df08e6e5cd9a569be45a243b0 bytes=184 template=closure origin=seed:tests/corpus/syntax/object-destructure-and-members.test.js
 PASS js-fuzzer-closure-aeb4ba6df08e.js [7556/10000] status=ok obs=17e62166fc85 coverage=+0/32/38 time=1ms
  RUN js-fuzzer-block-scope-05d7f393387e.js [7557/10000] md5=05d7f393387e49ed48ee4ca7d01d714c bytes=114 template=block-scope origin=seed:tests/corpus/syntax/switch-do-while-sequence.test.js
 PASS js-fuzzer-block-scope-05d7f393387e.js [7557/10000] status=ok obs=6974ce5ac660 coverage=+0/32/38 time=2ms
  RUN js-fuzzer-loop-f495ca2fc638.js [7558/10000] md5=f495ca2fc6389f933578fc501f5b1465 bytes=81 template=loop origin=seed:tests/corpus/syntax/template-array-destructure.test.js
 PASS js-fuzzer-loop-f495ca2fc638.js [7558/10000] status=ok obs=c4ca4238a0b9 coverage=+0/32/38 time=2ms
  RUN js-fuzzer-try-catch-f24fba189d45.js [7559/10000] md5=f24fba189d4541ce9d4809156ecb450c bytes=110 template=try-catch origin=seed:tests/corpus/syntax/typescript-assertions.test.ts
 PASS js-fuzzer-try-catch-f24fba189d45.js [7559/10000] status=ok obs=1ff1de774005 coverage=+0/32/38 time=1ms
  RUN js-fuzzer-class-587587295e00.js [7560/10000] md5=587587295e0075a0a19c4572e53274fe bytes=101 template=class origin=seed:tests/corpus/syntax/typescript-non-null-satisfies.test.ts
 PASS js-fuzzer-class-587587295e00.js [7560/10000] status=ok obs=1f0e3dad9990 coverage=+0/32/38 time=2ms
  RUN js-fuzzer-corpus-797f152bf878.js [7561/10000] md5=797f152bf878d5049066c6db6d2360b3 bytes=355 template=corpus origin=tests/corpus/fixtures/job-workflow.test.js
 PASS js-fuzzer-corpus-797f152bf878.js [7561/10000] status=ok obs=b9de0628c8ec coverage=+0/32/38 time=2ms
  RUN js-fuzzer-function-17ab2ee95112.js [7562/10000] md5=17ab2ee95112b813f54b3d07b24c1dbd bytes=153 template=function origin=seed:tests/corpus/fixtures/state-machine-workflow.test.js
 PASS js-fuzzer-function-17ab2ee95112.js [7562/10000] status=ok obs=b6d767d2f8ed coverage=+0/32/38 time=2ms
  RUN js-fuzzer-array-object-c12e9e0baec9.js [7563/10000] md5=c12e9e0baec934f3af9c01bf4be2a979 bytes=133 template=array-object origin=seed:tests/corpus/fixtures/vue-script-workflow.test.vue
 PASS js-fuzzer-array-object-c12e9e0baec9.js [7563/10000] status=ok obs=c9f0f895fb98 coverage=+0/32/38 time=2ms
  RUN js-fuzzer-closure-dfe8465fca48.js [7564/10000] md5=dfe8465fca4823b5d6d32737657f830e bytes=184 template=closure origin=seed:tests/corpus/obfuscation/constant-tag-mix.test.js
 PASS js-fuzzer-closure-dfe8465fca48.js [7564/10000] status=ok obs=fc490ca45c00 coverage=+0/32/38 time=1ms
  RUN js-fuzzer-block-scope-d8df7d1b46d0.js [7565/10000] md5=d8df7d1b46d0804e1af6eb67e0b78b16 bytes=114 template=block-scope origin=seed:tests/corpus/obfuscation/extern-slot-permutation.test.js
 PASS js-fuzzer-block-scope-d8df7d1b46d0.js [7565/10000] status=ok obs=f0935e4cd592 coverage=+0/32/38 time=2ms
  RUN js-fuzzer-loop-bbf1d7a15d8d.js [7566/10000] md5=bbf1d7a15d8dd015402d75c0e0108b5f bytes=81 template=loop origin=seed:tests/corpus/obfuscation/externs-console.test.js
 PASS js-fuzzer-loop-bbf1d7a15d8d.js [7566/10000] status=ok obs=1679091c5a88 coverage=+0/32/38 time=2ms
  RUN js-fuzzer-try-catch-7fa76a80e531.js [7567/10000] md5=7fa76a80e531298b12538ca11d858f94 bytes=110 template=try-catch origin=seed:tests/corpus/obfuscation/seed-sensitive-functions.test.js
 PASS js-fuzzer-try-catch-7fa76a80e531.js [7567/10000] status=ok obs=6ea9ab1baa0e coverage=+0/32/38 time=1ms
  RUN js-fuzzer-boundary-4bea2a6e0cb0.js [7568/10000] md5=4bea2a6e0cb0c7bb0b29e5b5d44112d8 bytes=128 template=boundary origin=boundary:9007199254740991
 PASS js-fuzzer-boundary-4bea2a6e0cb0.js [7568/10000] status=ok obs=dc9a0d67a31d coverage=+0/32/38 time=2ms
  RUN js-fuzzer-arithmetic-9cbc64cee73d.js [7569/10000] md5=9cbc64cee73d3bcb6f88e4e31fdf8615 bytes=84 template=arithmetic origin=seed:tests/corpus/regressions/multiple-functions-fib-add.test.js
 PASS js-fuzzer-arithmetic-9cbc64cee73d.js [7569/10000] status=ok obs=bd4c9ab730f5 coverage=+0/32/38 time=1ms
  RUN js-fuzzer-corpus-c28cfb056309.js [7570/10000] md5=c28cfb056309f2a77f8bd9756b123c54 bytes=147 template=corpus origin=tests/corpus/regressions/scope-compressed-closure-params.test.js
 PASS js-fuzzer-corpus-c28cfb056309.js [7570/10000] status=ok obs=c51ce410c124 coverage=+0/32/38 time=2ms
  RUN js-fuzzer-array-object-75423f44647c.js [7571/10000] md5=75423f44647cddc845e12dcc803e3b43 bytes=133 template=array-object origin=seed:tests/corpus/runtime/arrays-objects-methods.test.js
 PASS js-fuzzer-array-object-75423f44647c.js [7571/10000] status=ok obs=9bf31c7ff062 coverage=+0/32/38 time=1ms
  RUN js-fuzzer-closure-ed79e560f28d.js [7572/10000] md5=ed79e560f28d7e5673ba1eb8b68fde7f bytes=184 template=closure origin=seed:tests/corpus/runtime/block-scopes.test.js
 PASS js-fuzzer-closure-ed79e560f28d.js [7572/10000] status=ok obs=c16a5320fa47 coverage=+0/32/38 time=1ms
  RUN js-fuzzer-block-scope-b42786494c37.js [7573/10000] md5=b42786494c37d413d809911b387f2b7a bytes=114 template=block-scope origin=seed:tests/corpus/runtime/class-fields-static-methods.test.js
 PASS js-fuzzer-block-scope-b42786494c37.js [7573/10000] status=ok obs=c9e1074f5b3f coverage=+0/32/38 time=2ms
  RUN js-fuzzer-loop-54e460cecf5c.js [7574/10000] md5=54e460cecf5c05dfcffaa3b2e5f57445 bytes=81 template=loop origin=seed:tests/corpus/runtime/classes-and-objects.test.js
 PASS js-fuzzer-loop-54e460cecf5c.js [7574/10000] status=ok obs=d3d9446802a4 coverage=+0/32/38 time=2ms
  RUN js-fuzzer-boundary-ac080ee0add8.js [7575/10000] md5=ac080ee0add8a3967f40d078a13e076b bytes=122 template=boundary origin=boundary:2147483647
 PASS js-fuzzer-boundary-ac080ee0add8.js [7575/10000] status=ok obs=c588c0a459f4 coverage=+0/32/38 time=1ms
  RUN js-fuzzer-class-c0844991889f.js [7576/10000] md5=c0844991889f03308712cd6bc6b7c31c bytes=101 template=class origin=seed:tests/corpus/runtime/closures-read-captured-values.test.js
 PASS js-fuzzer-class-c0844991889f.js [7576/10000] status=ok obs=70efdf2ec9b0 coverage=+0/32/38 time=2ms
  RUN js-fuzzer-arithmetic-a6dd478bb7c9.js [7577/10000] md5=a6dd478bb7c9692c206fb8b769d4b1f3 bytes=84 template=arithmetic origin=seed:tests/corpus/runtime/exceptions-and-nullish.test.js
 PASS js-fuzzer-arithmetic-a6dd478bb7c9.js [7577/10000] status=ok obs=705f21728346 coverage=+0/32/38 time=1ms
  RUN js-fuzzer-function-3e322d578629.js [7578/10000] md5=3e322d5786297aab4fec4c2fa56a2542 bytes=153 template=function origin=seed:tests/corpus/runtime/functions-closures-and-arrows.test.js
 PASS js-fuzzer-function-3e322d578629.js [7578/10000] status=ok obs=1679091c5a88 coverage=+0/32/38 time=2ms
  RUN js-fuzzer-corpus-463d4dee8a1f.js [7579/10000] md5=463d4dee8a1f930fa8af57a704cacf3e bytes=232 template=corpus origin=tests/corpus/runtime/lexical-shadowing.test.js
 PASS js-fuzzer-corpus-463d4dee8a1f.js [7579/10000] status=ok obs=c51ce410c124 coverage=+0/32/38 time=2ms
  RUN js-fuzzer-closure-ac0a91b8373c.js [7580/10000] md5=ac0a91b8373c2d72e1b56509806a48cd bytes=185 template=closure origin=seed:tests/corpus/runtime/modules-export.test.js
 PASS js-fuzzer-closure-ac0a91b8373c.js [7580/10000] status=ok obs=17e62166fc85 coverage=+0/32/38 time=1ms
  RUN js-fuzzer-block-scope-3a77285250aa.js [7581/10000] md5=3a77285250aa29f5a1dc2a7358d3473d bytes=114 template=block-scope origin=seed:tests/corpus/runtime/nested-try-finally.test.js
 PASS js-fuzzer-block-scope-3a77285250aa.js [7581/10000] status=ok obs=38b3eff8baf5 coverage=+0/32/38 time=2ms
  RUN js-fuzzer-boundary-85faf3787c26.js [7582/10000] md5=85faf3787c26ca3bad9215a544873988 bytes=113 template=boundary origin=boundary:2
 PASS js-fuzzer-boundary-85faf3787c26.js [7582/10000] status=ok obs=c81e728d9d4c coverage=+0/32/38 time=1ms
  RUN js-fuzzer-try-catch-84bb82ab521c.js [7583/10000] md5=84bb82ab521cc370007aca532f77c9e1 bytes=110 template=try-catch origin=seed:tests/corpus/syntax/logical-unary-nullish.test.js
 PASS js-fuzzer-try-catch-84bb82ab521c.js [7583/10000] status=ok obs=c16a5320fa47 coverage=+0/32/38 time=2ms
  RUN js-fuzzer-class-d2b3669b495d.js [7584/10000] md5=d2b3669b495dd4792f9e1509f2bbf8a7 bytes=100 template=class origin=seed:tests/corpus/syntax/object-destructure-and-members.test.js
 PASS js-fuzzer-class-d2b3669b495d.js [7584/10000] status=ok obs=eccbc87e4b5c coverage=+0/32/38 time=2ms
  RUN js-fuzzer-arithmetic-b33e3e0c022d.js [7585/10000] md5=b33e3e0c022d9b747bd9d32bf3f5dc9b bytes=85 template=arithmetic origin=seed:tests/corpus/syntax/switch-do-while-sequence.test.js
 PASS js-fuzzer-arithmetic-b33e3e0c022d.js [7585/10000] status=ok obs=7f39f8317fbd coverage=+0/32/38 time=1ms
  RUN js-fuzzer-function-53ef3ed61b76.js [7586/10000] md5=53ef3ed61b76dc45be6c66e5b3206216 bytes=153 template=function origin=seed:tests/corpus/syntax/template-array-destructure.test.js
 PASS js-fuzzer-function-53ef3ed61b76.js [7586/10000] status=ok obs=70efdf2ec9b0 coverage=+0/32/38 time=2ms
  RUN js-fuzzer-array-object-dec3059564bb.js [7587/10000] md5=dec3059564bbc4e66ba89fd989f8e2fb bytes=133 template=array-object origin=seed:tests/corpus/syntax/typescript-assertions.test.ts
 PASS js-fuzzer-array-object-dec3059564bb.js [7587/10000] status=ok obs=c20ad4d76fe9 coverage=+0/32/38 time=2ms
  RUN js-fuzzer-corpus-e3eeaea0f8a2.js [7588/10000] md5=e3eeaea0f8a2c5d5b650d4007cf78b4a bytes=104 template=corpus origin=tests/corpus/syntax/typescript-non-null-satisfies.test.ts
 PASS js-fuzzer-corpus-e3eeaea0f8a2.js [7588/10000] status=ok obs=d3d9446802a4 coverage=+0/32/38 time=1ms
  RUN js-fuzzer-boundary-a6a77cc918cc.js [7589/10000] md5=a6a77cc918cc479b04ccb7be2bd80dac bytes=113 template=boundary origin=boundary:1
 PASS js-fuzzer-boundary-a6a77cc918cc.js [7589/10000] status=ok obs=c4ca4238a0b9 coverage=+0/32/38 time=2ms
  RUN js-fuzzer-loop-54e460cecf5c.js [7590/10000] md5=54e460cecf5c05dfcffaa3b2e5f57445 bytes=81 template=loop origin=seed:tests/corpus/fixtures/state-machine-workflow.test.js
 PASS js-fuzzer-loop-54e460cecf5c.js [7590/10000] status=ok obs=d3d9446802a4 coverage=+0/32/38 time=2ms
  RUN js-fuzzer-try-catch-14bcb064f014.js [7591/10000] md5=14bcb064f014dbe91c2010889dcaa2c0 bytes=110 template=try-catch origin=seed:tests/corpus/fixtures/vue-script-workflow.test.vue
 PASS js-fuzzer-try-catch-14bcb064f014.js [7591/10000] status=ok obs=c0c7c76d30bd coverage=+0/32/38 time=1ms
  RUN js-fuzzer-class-b1e3642c0208.js [7592/10000] md5=b1e3642c0208992266fb21668a536292 bytes=100 template=class origin=seed:tests/corpus/obfuscation/constant-tag-mix.test.js
 PASS js-fuzzer-class-b1e3642c0208.js [7592/10000] status=ok obs=c9f0f895fb98 coverage=+0/32/38 time=2ms
  RUN js-fuzzer-arithmetic-705cd4e2c9b3.js [7593/10000] md5=705cd4e2c9b3e90c9bdefd46a12b8e4d bytes=83 template=arithmetic origin=seed:tests/corpus/obfuscation/extern-slot-permutation.test.js
 PASS js-fuzzer-arithmetic-705cd4e2c9b3.js [7593/10000] status=ok obs=1ff1de774005 coverage=+0/32/38 time=1ms
  RUN js-fuzzer-function-21f30959172f.js [7594/10000] md5=21f30959172fc1289c7ff8ad630f96bf bytes=153 template=function origin=seed:tests/corpus/obfuscation/externs-console.test.js
 PASS js-fuzzer-function-21f30959172f.js [7594/10000] status=ok obs=4e732ced3463 coverage=+0/32/38 time=3ms
  RUN js-fuzzer-array-object-801e3c7db1cc.js [7595/10000] md5=801e3c7db1cca594c3b2153a47fbbf95 bytes=133 template=array-object origin=seed:tests/corpus/obfuscation/seed-sensitive-functions.test.js
 PASS js-fuzzer-array-object-801e3c7db1cc.js [7595/10000] status=ok obs=45c48cce2e2d coverage=+0/32/38 time=1ms
  RUN js-fuzzer-boundary-e62759fbe8d3.js [7596/10000] md5=e62759fbe8d36ad2cfb89a0f8bac18b9 bytes=129 template=boundary origin=boundary:-9007199254740991
 PASS js-fuzzer-boundary-e62759fbe8d3.js [7596/10000] status=ok obs=b3f3a95848f6 coverage=+0/32/38 time=2ms
  RUN js-fuzzer-corpus-ad9ed8746461.js [7597/10000] md5=ad9ed87464611c6dd81b04b3754c760c bytes=214 template=corpus origin=tests/corpus/regressions/multiple-functions-fib-add.test.js
 PASS js-fuzzer-corpus-ad9ed8746461.js [7597/10000] status=ok obs=3c59dc048e88 coverage=+0/32/38 time=3ms
  RUN js-fuzzer-loop-bbf1d7a15d8d.js [7598/10000] md5=bbf1d7a15d8dd015402d75c0e0108b5f bytes=81 template=loop origin=seed:tests/corpus/regressions/scope-compressed-closure-params.test.js
 PASS js-fuzzer-loop-bbf1d7a15d8d.js [7598/10000] status=ok obs=1679091c5a88 coverage=+0/32/38 time=2ms
  RUN js-fuzzer-try-catch-84bb82ab521c.js [7599/10000] md5=84bb82ab521cc370007aca532f77c9e1 bytes=110 template=try-catch origin=seed:tests/corpus/runtime/arrays-objects-methods.test.js
 PASS js-fuzzer-try-catch-84bb82ab521c.js [7599/10000] status=ok obs=c16a5320fa47 coverage=+0/32/38 time=2ms
  RUN js-fuzzer-class-a365d1a76b7b.js [7600/10000] md5=a365d1a76b7b0d4310621afa7caac433 bytes=100 template=class origin=seed:tests/corpus/runtime/block-scopes.test.js
 PASS js-fuzzer-class-a365d1a76b7b.js [7600/10000] status=ok obs=8f14e45fceea coverage=+0/32/38 time=1ms
  RUN js-fuzzer-arithmetic-cd726ec83c07.js [7601/10000] md5=cd726ec83c0777169d6070b24fd7a614 bytes=84 template=arithmetic origin=seed:tests/corpus/runtime/class-fields-static-methods.test.js
 PASS js-fuzzer-arithmetic-cd726ec83c07.js [7601/10000] status=ok obs=28dd2c7955ce coverage=+0/32/38 time=2ms
  RUN js-fuzzer-function-8c13c976bcff.js [7602/10000] md5=8c13c976bcff676fd4a8e7119e7306e3 bytes=153 template=function origin=seed:tests/corpus/runtime/classes-and-objects.test.js
 PASS js-fuzzer-function-8c13c976bcff.js [7602/10000] status=ok obs=aab3238922bc coverage=+0/32/38 time=2ms
  RUN js-fuzzer-boundary-512d8e9b531d.js [7603/10000] md5=512d8e9b531dd316e823325cc949e70e bytes=123 template=boundary origin=boundary:-2147483648
 PASS js-fuzzer-boundary-512d8e9b531d.js [7603/10000] status=ok obs=034ff5946105 coverage=+0/32/38 time=2ms
  RUN js-fuzzer-closure-fb8c3b562928.js [7604/10000] md5=fb8c3b5629284fd6bc50aaf9731ba101 bytes=185 template=closure origin=seed:tests/corpus/runtime/closures-read-captured-values.test.js
 PASS js-fuzzer-closure-fb8c3b562928.js [7604/10000] status=ok obs=d09bf41544a3 coverage=+0/32/38 time=2ms
  RUN js-fuzzer-block-scope-5156504b8731.js [7605/10000] md5=5156504b873144dd54d24c94d4b589bb bytes=114 template=block-scope origin=seed:tests/corpus/runtime/exceptions-and-nullish.test.js
 PASS js-fuzzer-block-scope-5156504b8731.js [7605/10000] status=ok obs=65b9eea6e1cc coverage=+0/32/38 time=1ms
  RUN js-fuzzer-corpus-72746d071c58.js [7606/10000] md5=72746d071c58fadd9399bc8934c30553 bytes=197 template=corpus origin=tests/corpus/runtime/functions-closures-and-arrows.test.js
 PASS js-fuzzer-corpus-72746d071c58.js [7606/10000] status=ok obs=c74d97b01eae coverage=+0/32/38 time=2ms
  RUN js-fuzzer-try-catch-7cb82b9a3fc9.js [7607/10000] md5=7cb82b9a3fc9743b17b967ebeeaab91b bytes=110 template=try-catch origin=seed:tests/corpus/runtime/lexical-shadowing.test.js
 PASS js-fuzzer-try-catch-7cb82b9a3fc9.js [7607/10000] status=ok obs=b6d767d2f8ed coverage=+0/32/38 time=2ms
  RUN js-fuzzer-class-7c36fc3c0ad4.js [7608/10000] md5=7c36fc3c0ad4461d5dbbcd7afdfb6b5c bytes=101 template=class origin=seed:tests/corpus/runtime/modules-export.test.js
 PASS js-fuzzer-class-7c36fc3c0ad4.js [7608/10000] status=ok obs=d3d9446802a4 coverage=+0/32/38 time=1ms
  RUN js-fuzzer-arithmetic-6392588866cb.js [7609/10000] md5=6392588866cb5e4388f0a534e07de95b bytes=84 template=arithmetic origin=seed:tests/corpus/runtime/nested-try-finally.test.js
 PASS js-fuzzer-arithmetic-6392588866cb.js [7609/10000] status=ok obs=e2ef524fbf3d coverage=+0/32/38 time=2ms
  RUN js-fuzzer-boundary-db03eeac3914.js [7610/10000] md5=db03eeac3914e8f0a7bfea9eefe9f0de bytes=114 template=boundary origin=boundary:-2
 PASS js-fuzzer-boundary-db03eeac3914.js [7610/10000] status=ok obs=5d7b9adcbe1c coverage=+0/32/38 time=1ms
  RUN js-fuzzer-array-object-2d5856e425db.js [7611/10000] md5=2d5856e425db2f8619448924d1eeec68 bytes=133 template=array-object origin=seed:tests/corpus/syntax/logical-unary-nullish.test.js
 PASS js-fuzzer-array-object-2d5856e425db.js [7611/10000] status=ok obs=1f0e3dad9990 coverage=+0/32/38 time=2ms
  RUN js-fuzzer-closure-f21886a4d058.js [7612/10000] md5=f21886a4d058e3a0eec77a1bf32722ec bytes=184 template=closure origin=seed:tests/corpus/syntax/object-destructure-and-members.test.js
 PASS js-fuzzer-closure-f21886a4d058.js [7612/10000] status=ok obs=d82c8d1619ad coverage=+0/32/38 time=2ms
  RUN js-fuzzer-block-scope-c6c6dc9d4752.js [7613/10000] md5=c6c6dc9d47525217323991cffcd77b98 bytes=114 template=block-scope origin=seed:tests/corpus/syntax/switch-do-while-sequence.test.js
 PASS js-fuzzer-block-scope-c6c6dc9d4752.js [7613/10000] status=ok obs=c9e1074f5b3f coverage=+0/32/38 time=1ms
  RUN js-fuzzer-loop-55c7c905bffb.js [7614/10000] md5=55c7c905bffb4bbbc4c8fb9b91df6ad8 bytes=81 template=loop origin=seed:tests/corpus/syntax/template-array-destructure.test.js
 PASS js-fuzzer-loop-55c7c905bffb.js [7614/10000] status=ok obs=eccbc87e4b5c coverage=+0/32/38 time=1ms
  RUN js-fuzzer-corpus-57a83a4b020d.js [7615/10000] md5=57a83a4b020d4b85b42b0a3709f283ad bytes=130 template=corpus origin=tests/corpus/syntax/typescript-assertions.test.ts
 PASS js-fuzzer-corpus-57a83a4b020d.js [7615/10000] status=ok obs=45c48cce2e2d coverage=+0/32/38 time=2ms
  RUN js-fuzzer-class-a35a4dd2f302.js [7616/10000] md5=a35a4dd2f302fda9a0e8d6e2c980c283 bytes=101 template=class origin=seed:tests/corpus/syntax/typescript-non-null-satisfies.test.ts
 PASS js-fuzzer-class-a35a4dd2f302.js [7616/10000] status=ok obs=9bf31c7ff062 coverage=+0/32/38 time=1ms
  RUN js-fuzzer-boundary-61a9a82f5f08.js [7617/10000] md5=61a9a82f5f08bc177f13c805ba785d7d bytes=114 template=boundary origin=boundary:-1
 PASS js-fuzzer-boundary-61a9a82f5f08.js [7617/10000] status=ok obs=6bb61e3b7bce coverage=+0/32/38 time=2ms
  RUN js-fuzzer-function-134a85d12098.js [7618/10000] md5=134a85d120985077bd24a3a53ac64560 bytes=153 template=function origin=seed:tests/corpus/fixtures/state-machine-workflow.test.js
 PASS js-fuzzer-function-134a85d12098.js [7618/10000] status=ok obs=1679091c5a88 coverage=+0/32/38 time=2ms
  RUN js-fuzzer-array-object-85fecb8d753c.js [7619/10000] md5=85fecb8d753c2b3d56dfa4f1bb5dc1d7 bytes=133 template=array-object origin=seed:tests/corpus/fixtures/vue-script-workflow.test.vue
 PASS js-fuzzer-array-object-85fecb8d753c.js [7619/10000] status=ok obs=c20ad4d76fe9 coverage=+0/32/38 time=1ms
  RUN js-fuzzer-closure-e9ae63c28762.js [7620/10000] md5=e9ae63c287623e1add8ca7df5d88d59c bytes=184 template=closure origin=seed:tests/corpus/obfuscation/constant-tag-mix.test.js
 PASS js-fuzzer-closure-e9ae63c28762.js [7620/10000] status=ok obs=b53b3a3d6ab9 coverage=+0/32/38 time=2ms
  RUN js-fuzzer-block-scope-056e31486d60.js [7621/10000] md5=056e31486d6076b39b9b6454f54dba4b bytes=114 template=block-scope origin=seed:tests/corpus/obfuscation/extern-slot-permutation.test.js
 PASS js-fuzzer-block-scope-056e31486d60.js [7621/10000] status=ok obs=a97da629b098 coverage=+0/32/38 time=1ms
  RUN js-fuzzer-loop-55c7c905bffb.js [7622/10000] md5=55c7c905bffb4bbbc4c8fb9b91df6ad8 bytes=81 template=loop origin=seed:tests/corpus/obfuscation/externs-console.test.js
 PASS js-fuzzer-loop-55c7c905bffb.js [7622/10000] status=ok obs=eccbc87e4b5c coverage=+0/32/38 time=1ms
  RUN js-fuzzer-try-catch-a4e2330c4919.js [7623/10000] md5=a4e2330c49196805169dbf8449e466fa bytes=110 template=try-catch origin=seed:tests/corpus/obfuscation/seed-sensitive-functions.test.js
 PASS js-fuzzer-try-catch-a4e2330c4919.js [7623/10000] status=ok obs=3c59dc048e88 coverage=+0/32/38 time=2ms
  RUN js-fuzzer-corpus-79643e915862.js [7624/10000] md5=79643e91586251700d34c0c65a0220da bytes=89 template=corpus origin=tests/corpus/regressions/destructuring-lowers-to-member.test.js
 PASS js-fuzzer-corpus-79643e915862.js [7624/10000] status=ok obs=eccbc87e4b5c coverage=+0/32/38 time=1ms
  RUN js-fuzzer-arithmetic-531f82ca971d.js [7625/10000] md5=531f82ca971d8a3051196109ee6aa5d3 bytes=84 template=arithmetic origin=seed:tests/corpus/regressions/multiple-functions-fib-add.test.js
 PASS js-fuzzer-arithmetic-531f82ca971d.js [7625/10000] status=ok obs=a8baa56554f9 coverage=+0/32/38 time=2ms
  RUN js-fuzzer-function-1bdd3cdc8039.js [7626/10000] md5=1bdd3cdc8039303572ffd714360b1f25 bytes=153 template=function origin=seed:tests/corpus/regressions/scope-compressed-closure-params.test.js
 PASS js-fuzzer-function-1bdd3cdc8039.js [7626/10000] status=ok obs=37693cfc7480 coverage=+0/32/38 time=2ms
  RUN js-fuzzer-array-object-cd27abc73580.js [7627/10000] md5=cd27abc73580f8cc181a5682cd2a5b77 bytes=133 template=array-object origin=seed:tests/corpus/runtime/arrays-objects-methods.test.js
 PASS js-fuzzer-array-object-cd27abc73580.js [7627/10000] status=ok obs=6f4922f45568 coverage=+0/32/38 time=2ms
  RUN js-fuzzer-closure-a44f6e079f72.js [7628/10000] md5=a44f6e079f72c5ca044334b5ad15c646 bytes=184 template=closure origin=seed:tests/corpus/runtime/block-scopes.test.js
 PASS js-fuzzer-closure-a44f6e079f72.js [7628/10000] status=ok obs=2838023a778d coverage=+0/32/38 time=1ms
  RUN js-fuzzer-block-scope-555932537451.js [7629/10000] md5=555932537451052be68a084b1b7c5d9d bytes=114 template=block-scope origin=seed:tests/corpus/runtime/class-fields-static-methods.test.js
 PASS js-fuzzer-block-scope-555932537451.js [7629/10000] status=ok obs=f0935e4cd592 coverage=+0/32/38 time=2ms
  RUN js-fuzzer-loop-f495ca2fc638.js [7630/10000] md5=f495ca2fc6389f933578fc501f5b1465 bytes=81 template=loop origin=seed:tests/corpus/runtime/classes-and-objects.test.js
 PASS js-fuzzer-loop-f495ca2fc638.js [7630/10000] status=ok obs=c4ca4238a0b9 coverage=+0/32/38 time=2ms
  RUN js-fuzzer-boundary-2b35f90895ea.js [7631/10000] md5=2b35f90895ea85111e562e627044f919 bytes=128 template=boundary origin=boundary:9007199254740991
 PASS js-fuzzer-boundary-2b35f90895ea.js [7631/10000] status=ok obs=8bfa9ad090fb coverage=+0/32/38 time=1ms
  RUN js-fuzzer-class-769274f77fa6.js [7632/10000] md5=769274f77fa62254ce7e0eb0e3adf7f1 bytes=100 template=class origin=seed:tests/corpus/runtime/closures-read-captured-values.test.js
 PASS js-fuzzer-class-769274f77fa6.js [7632/10000] status=ok obs=c4ca4238a0b9 coverage=+0/32/38 time=2ms
  RUN js-fuzzer-corpus-cf8fb96e8476.js [7633/10000] md5=cf8fb96e8476c262b73583c86dd80821 bytes=178 template=corpus origin=tests/corpus/runtime/exceptions-and-nullish.test.js
 PASS js-fuzzer-corpus-cf8fb96e8476.js [7633/10000] status=ok obs=24ed5e8718fc coverage=+0/32/38 time=2ms
  RUN js-fuzzer-function-d3859b93eee1.js [7634/10000] md5=d3859b93eee1f3bcfec0cda51c4d02bf bytes=153 template=function origin=seed:tests/corpus/runtime/functions-closures-and-arrows.test.js
 PASS js-fuzzer-function-d3859b93eee1.js [7634/10000] status=ok obs=a87ff679a2f3 coverage=+0/32/38 time=1ms
  RUN js-fuzzer-array-object-2e63f4be43cd.js [7635/10000] md5=2e63f4be43cd7a75443b284fdb0fb55e bytes=133 template=array-object origin=seed:tests/corpus/runtime/lexical-shadowing.test.js
 PASS js-fuzzer-array-object-2e63f4be43cd.js [7635/10000] status=ok obs=e4da3b7fbbce coverage=+0/32/38 time=2ms
  RUN js-fuzzer-closure-76f4911a1f9b.js [7636/10000] md5=76f4911a1f9b1236b66ac611b1d80a62 bytes=184 template=closure origin=seed:tests/corpus/runtime/modules-export.test.js
 PASS js-fuzzer-closure-76f4911a1f9b.js [7636/10000] status=ok obs=182be0c5cdcd coverage=+0/32/38 time=2ms
  RUN js-fuzzer-block-scope-09e18a57df24.js [7637/10000] md5=09e18a57df24519f14c7b0064ed573d9 bytes=114 template=block-scope origin=seed:tests/corpus/runtime/nested-try-finally.test.js
 PASS js-fuzzer-block-scope-09e18a57df24.js [7637/10000] status=ok obs=6974ce5ac660 coverage=+0/32/38 time=1ms
  RUN js-fuzzer-boundary-5c12d757f0dd.js [7638/10000] md5=5c12d757f0ddd5c6b1207b14fb1e8d0c bytes=122 template=boundary origin=boundary:2147483647
 PASS js-fuzzer-boundary-5c12d757f0dd.js [7638/10000] status=ok obs=c588c0a459f4 coverage=+0/32/38 time=2ms
  RUN js-fuzzer-try-catch-dd0b1ef9b53e.js [7639/10000] md5=dd0b1ef9b53e3ee92bf7cc86c8d4101e bytes=110 template=try-catch origin=seed:tests/corpus/syntax/logical-unary-nullish.test.js
 PASS js-fuzzer-try-catch-dd0b1ef9b53e.js [7639/10000] status=ok obs=642e92efb794 coverage=+0/32/38 time=1ms
  RUN js-fuzzer-class-d2b3669b495d.js [7640/10000] md5=d2b3669b495dd4792f9e1509f2bbf8a7 bytes=100 template=class origin=seed:tests/corpus/syntax/object-destructure-and-members.test.js
 PASS js-fuzzer-class-d2b3669b495d.js [7640/10000] status=ok obs=eccbc87e4b5c coverage=+0/32/38 time=2ms
  RUN js-fuzzer-arithmetic-4e8f402bbcd8.js [7641/10000] md5=4e8f402bbcd8cda7c48556391b53988f bytes=84 template=arithmetic origin=seed:tests/corpus/syntax/switch-do-while-sequence.test.js
 PASS js-fuzzer-arithmetic-4e8f402bbcd8.js [7641/10000] status=ok obs=c7e1249ffc03 coverage=+0/32/38 time=1ms
  RUN js-fuzzer-corpus-ff388659a641.js [7642/10000] md5=ff388659a6419d1e6e01ce4e7151a52e bytes=135 template=corpus origin=tests/corpus/syntax/template-array-destructure.test.js
 PASS js-fuzzer-corpus-ff388659a641.js [7642/10000] status=ok obs=f61c9a8be43c coverage=+0/32/38 time=2ms
  RUN js-fuzzer-array-object-e219f45dafd7.js [7643/10000] md5=e219f45dafd7a243511e57b5fe751ee4 bytes=133 template=array-object origin=seed:tests/corpus/syntax/typescript-assertions.test.ts
 PASS js-fuzzer-array-object-e219f45dafd7.js [7643/10000] status=ok obs=c74d97b01eae coverage=+0/32/38 time=2ms
  RUN js-fuzzer-closure-92f69f9d4ee8.js [7644/10000] md5=92f69f9d4ee84fb064435b76310f1333 bytes=184 template=closure origin=seed:tests/corpus/syntax/typescript-non-null-satisfies.test.ts
 PASS js-fuzzer-closure-92f69f9d4ee8.js [7644/10000] status=ok obs=c16a5320fa47 coverage=+0/32/38 time=2ms
  RUN js-fuzzer-boundary-85faf3787c26.js [7645/10000] md5=85faf3787c26ca3bad9215a544873988 bytes=113 template=boundary origin=boundary:2
 PASS js-fuzzer-boundary-85faf3787c26.js [7645/10000] status=ok obs=c81e728d9d4c coverage=+0/32/38 time=1ms
  RUN js-fuzzer-loop-d35707ad0bf7.js [7646/10000] md5=d35707ad0bf74148f671ad8943998af6 bytes=81 template=loop origin=seed:tests/corpus/fixtures/state-machine-workflow.test.js
 PASS js-fuzzer-loop-d35707ad0bf7.js [7646/10000] status=ok obs=9bf31c7ff062 coverage=+0/32/38 time=2ms
  RUN js-fuzzer-try-catch-ecee5cf418be.js [7647/10000] md5=ecee5cf418beff71c62f1aeee5aa3045 bytes=109 template=try-catch origin=seed:tests/corpus/fixtures/vue-script-workflow.test.vue
 PASS js-fuzzer-try-catch-ecee5cf418be.js [7647/10000] status=ok obs=45c48cce2e2d coverage=+0/32/38 time=2ms
  RUN js-fuzzer-class-a35a4dd2f302.js [7648/10000] md5=a35a4dd2f302fda9a0e8d6e2c980c283 bytes=101 template=class origin=seed:tests/corpus/obfuscation/constant-tag-mix.test.js
 PASS js-fuzzer-class-a35a4dd2f302.js [7648/10000] status=ok obs=9bf31c7ff062 coverage=+0/32/38 time=1ms
  RUN js-fuzzer-arithmetic-e9740e331d1f.js [7649/10000] md5=e9740e331d1ff51a2d823562baf407a7 bytes=84 template=arithmetic origin=seed:tests/corpus/obfuscation/extern-slot-permutation.test.js
 PASS js-fuzzer-arithmetic-e9740e331d1f.js [7649/10000] status=ok obs=2a79ea27c279 coverage=+0/32/38 time=2ms
  RUN js-fuzzer-function-98e8c4d5dcc0.js [7650/10000] md5=98e8c4d5dcc095fbcedf7527b98fd4fe bytes=153 template=function origin=seed:tests/corpus/obfuscation/externs-console.test.js
 PASS js-fuzzer-function-98e8c4d5dcc0.js [7650/10000] status=ok obs=c9f0f895fb98 coverage=+0/32/38 time=2ms
  RUN js-fuzzer-corpus-38ba19d9deb7.js [7651/10000] md5=38ba19d9deb7566cc8a420c27ada3f21 bytes=136 template=corpus origin=tests/corpus/obfuscation/seed-sensitive-functions.test.js
 PASS js-fuzzer-corpus-38ba19d9deb7.js [7651/10000] status=ok obs=a5bfc9e07964 coverage=+0/32/38 time=1ms
  RUN js-fuzzer-boundary-2f35f880f964.js [7652/10000] md5=2f35f880f96468b375c4e71feba05308 bytes=113 template=boundary origin=boundary:1
 PASS js-fuzzer-boundary-2f35f880f964.js [7652/10000] status=ok obs=c4ca4238a0b9 coverage=+0/32/38 time=2ms
  RUN js-fuzzer-block-scope-f43d79d837fe.js [7653/10000] md5=f43d79d837fe16df019f7fe4650eb100 bytes=114 template=block-scope origin=seed:tests/corpus/regressions/multiple-functions-fib-add.test.js
 PASS js-fuzzer-block-scope-f43d79d837fe.js [7653/10000] status=ok obs=6974ce5ac660 coverage=+0/32/38 time=1ms
  RUN js-fuzzer-loop-55c7c905bffb.js [7654/10000] md5=55c7c905bffb4bbbc4c8fb9b91df6ad8 bytes=81 template=loop origin=seed:tests/corpus/regressions/scope-compressed-closure-params.test.js
 PASS js-fuzzer-loop-55c7c905bffb.js [7654/10000] status=ok obs=eccbc87e4b5c coverage=+0/32/38 time=2ms
  RUN js-fuzzer-try-catch-7fa76a80e531.js [7655/10000] md5=7fa76a80e531298b12538ca11d858f94 bytes=110 template=try-catch origin=seed:tests/corpus/runtime/arrays-objects-methods.test.js
 PASS js-fuzzer-try-catch-7fa76a80e531.js [7655/10000] status=ok obs=6ea9ab1baa0e coverage=+0/32/38 time=2ms
  RUN js-fuzzer-class-51ea152a707e.js [7656/10000] md5=51ea152a707ed5422ab3e5b3ddb7fe43 bytes=100 template=class origin=seed:tests/corpus/runtime/block-scopes.test.js
 PASS js-fuzzer-class-51ea152a707e.js [7656/10000] status=ok obs=e4da3b7fbbce coverage=+0/32/38 time=1ms
  RUN js-fuzzer-arithmetic-50b75a2ef5c2.js [7657/10000] md5=50b75a2ef5c25a6eb42eaa5cd6d89ff3 bytes=85 template=arithmetic origin=seed:tests/corpus/runtime/class-fields-static-methods.test.js
 PASS js-fuzzer-arithmetic-50b75a2ef5c2.js [7657/10000] status=ok obs=7ef605fc8dba coverage=+0/32/38 time=2ms
  RUN js-fuzzer-function-f172d914fe2f.js [7658/10000] md5=f172d914fe2f2d124fd9ee51d2714545 bytes=153 template=function origin=seed:tests/corpus/runtime/classes-and-objects.test.js
 PASS js-fuzzer-function-f172d914fe2f.js [7658/10000] status=ok obs=c9f0f895fb98 coverage=+0/32/38 time=2ms
  RUN js-fuzzer-boundary-e62759fbe8d3.js [7659/10000] md5=e62759fbe8d36ad2cfb89a0f8bac18b9 bytes=129 template=boundary origin=boundary:-9007199254740991
 PASS js-fuzzer-boundary-e62759fbe8d3.js [7659/10000] status=ok obs=b3f3a95848f6 coverage=+0/32/38 time=1ms
  RUN js-fuzzer-corpus-08bc93bf5789.js [7660/10000] md5=08bc93bf57897bc88ce7161fe56cd099 bytes=169 template=corpus origin=tests/corpus/runtime/closures-read-captured-values.test.js
 PASS js-fuzzer-corpus-08bc93bf5789.js [7660/10000] status=ok obs=02e74f10e032 coverage=+0/32/38 time=2ms
  RUN js-fuzzer-block-scope-40a5982cf768.js [7661/10000] md5=40a5982cf768ebd078e685651f781b85 bytes=114 template=block-scope origin=seed:tests/corpus/runtime/exceptions-and-nullish.test.js
 PASS js-fuzzer-block-scope-40a5982cf768.js [7661/10000] status=ok obs=ec8956637a99 coverage=+0/32/38 time=1ms
  RUN js-fuzzer-loop-f495ca2fc638.js [7662/10000] md5=f495ca2fc6389f933578fc501f5b1465 bytes=81 template=loop origin=seed:tests/corpus/runtime/functions-closures-and-arrows.test.js
 PASS js-fuzzer-loop-f495ca2fc638.js [7662/10000] status=ok obs=c4ca4238a0b9 coverage=+0/32/38 time=1ms
  RUN js-fuzzer-try-catch-949865ef2d04.js [7663/10000] md5=949865ef2d045cce3ed2d503f7e03e63 bytes=110 template=try-catch origin=seed:tests/corpus/runtime/lexical-shadowing.test.js
 PASS js-fuzzer-try-catch-949865ef2d04.js [7663/10000] status=ok obs=6f4922f45568 coverage=+0/32/38 time=2ms
  RUN js-fuzzer-class-47fbd3db5853.js [7664/10000] md5=47fbd3db58539fc2e42627a4f3168c79 bytes=101 template=class origin=seed:tests/corpus/runtime/modules-export.test.js
 PASS js-fuzzer-class-47fbd3db5853.js [7664/10000] status=ok obs=98f137082101 coverage=+0/32/38 time=1ms
  RUN js-fuzzer-arithmetic-e4f1d03c7d9d.js [7665/10000] md5=e4f1d03c7d9d7c526c7a599be1adcdae bytes=84 template=arithmetic origin=seed:tests/corpus/runtime/nested-try-finally.test.js
 PASS js-fuzzer-arithmetic-e4f1d03c7d9d.js [7665/10000] status=ok obs=f7e6c85504ce coverage=+0/32/38 time=2ms
  RUN js-fuzzer-boundary-56f451fe2902.js [7666/10000] md5=56f451fe2902341a3a470031c46238b3 bytes=123 template=boundary origin=boundary:-2147483648
 PASS js-fuzzer-boundary-56f451fe2902.js [7666/10000] status=ok obs=034ff5946105 coverage=+0/32/38 time=2ms
  RUN js-fuzzer-array-object-26da63271233.js [7667/10000] md5=26da632712333a16ad56a5261b497b25 bytes=133 template=array-object origin=seed:tests/corpus/syntax/logical-unary-nullish.test.js
 PASS js-fuzzer-array-object-26da63271233.js [7667/10000] status=ok obs=45c48cce2e2d coverage=+0/32/38 time=1ms
  RUN js-fuzzer-closure-f7700ebd3a3b.js [7668/10000] md5=f7700ebd3a3bd7c22deb96a4425fec88 bytes=185 template=closure origin=seed:tests/corpus/syntax/object-destructure-and-members.test.js
 PASS js-fuzzer-closure-f7700ebd3a3b.js [7668/10000] status=ok obs=fc490ca45c00 coverage=+0/32/38 time=2ms
  RUN js-fuzzer-corpus-2aed353a2d20.js [7669/10000] md5=2aed353a2d200d64cbaf7beb40face20 bytes=275 template=corpus origin=tests/corpus/syntax/switch-do-while-sequence.test.js
 PASS js-fuzzer-corpus-2aed353a2d20.js [7669/10000] status=ok obs=6f4922f45568 coverage=+0/32/38 time=2ms
  RUN js-fuzzer-loop-d35707ad0bf7.js [7670/10000] md5=d35707ad0bf74148f671ad8943998af6 bytes=81 template=loop origin=seed:tests/corpus/syntax/template-array-destructure.test.js
 PASS js-fuzzer-loop-d35707ad0bf7.js [7670/10000] status=ok obs=9bf31c7ff062 coverage=+0/32/38 time=1ms
  RUN js-fuzzer-try-catch-e6fdc2579e78.js [7671/10000] md5=e6fdc2579e7880bc0b759de7af5133ab bytes=110 template=try-catch origin=seed:tests/corpus/syntax/typescript-assertions.test.ts
 PASS js-fuzzer-try-catch-e6fdc2579e78.js [7671/10000] status=ok obs=d645920e395f coverage=+0/32/38 time=2ms
  RUN js-fuzzer-class-ff7d9ca3da86.js [7672/10000] md5=ff7d9ca3da86b49917ac34b4d48e8df9 bytes=101 template=class origin=seed:tests/corpus/syntax/typescript-non-null-satisfies.test.ts
 PASS js-fuzzer-class-ff7d9ca3da86.js [7672/10000] status=ok obs=c20ad4d76fe9 coverage=+0/32/38 time=2ms
  RUN js-fuzzer-boundary-db03eeac3914.js [7673/10000] md5=db03eeac3914e8f0a7bfea9eefe9f0de bytes=114 template=boundary origin=boundary:-2
 PASS js-fuzzer-boundary-db03eeac3914.js [7673/10000] status=ok obs=5d7b9adcbe1c coverage=+0/32/38 time=1ms
  RUN js-fuzzer-function-288d473b3a74.js [7674/10000] md5=288d473b3a7495d967aff826da7d201e bytes=153 template=function origin=seed:tests/corpus/fixtures/state-machine-workflow.test.js
 PASS js-fuzzer-function-288d473b3a74.js [7674/10000] status=ok obs=aab3238922bc coverage=+0/32/38 time=2ms
  RUN js-fuzzer-array-object-b983e18fb1c0.js [7675/10000] md5=b983e18fb1c0f468c1bbcfa7a830a443 bytes=133 template=array-object origin=seed:tests/corpus/fixtures/vue-script-workflow.test.vue
 PASS js-fuzzer-array-object-b983e18fb1c0.js [7675/10000] status=ok obs=c20ad4d76fe9 coverage=+0/32/38 time=2ms
  RUN js-fuzzer-closure-2c8623f98625.js [7676/10000] md5=2c8623f98625d789c4e2aae81865e430 bytes=183 template=closure origin=seed:tests/corpus/obfuscation/constant-tag-mix.test.js
 PASS js-fuzzer-closure-2c8623f98625.js [7676/10000] status=ok obs=c51ce410c124 coverage=+0/32/38 time=2ms
  RUN js-fuzzer-block-scope-aa99f3b15079.js [7677/10000] md5=aa99f3b1507939a1697583e3c7532b7e bytes=114 template=block-scope origin=seed:tests/corpus/obfuscation/extern-slot-permutation.test.js
 PASS js-fuzzer-block-scope-aa99f3b15079.js [7677/10000] status=ok obs=38b3eff8baf5 coverage=+0/32/38 time=2ms
  RUN js-fuzzer-corpus-efd663ac427b.js [7678/10000] md5=efd663ac427b5ca270b2f8b928c902bf bytes=112 template=corpus origin=tests/corpus/obfuscation/externs-console.test.js
 PASS js-fuzzer-corpus-efd663ac427b.js [7678/10000] status=ok obs=d289993e39c8 coverage=+0/32/38 time=2ms
  RUN js-fuzzer-try-catch-398077b2e1d6.js [7679/10000] md5=398077b2e1d6a50d953f7a907c7a061d bytes=110 template=try-catch origin=seed:tests/corpus/obfuscation/seed-sensitive-functions.test.js
 PASS js-fuzzer-try-catch-398077b2e1d6.js [7679/10000] status=ok obs=6364d3f0f495 coverage=+0/32/38 time=2ms
  RUN js-fuzzer-boundary-61a9a82f5f08.js [7680/10000] md5=61a9a82f5f08bc177f13c805ba785d7d bytes=114 template=boundary origin=boundary:-1
 PASS js-fuzzer-boundary-61a9a82f5f08.js [7680/10000] status=ok obs=6bb61e3b7bce coverage=+0/32/38 time=1ms
  RUN js-fuzzer-arithmetic-8607b936febb.js [7681/10000] md5=8607b936febb524c5d57af3798ee3017 bytes=84 template=arithmetic origin=seed:tests/corpus/regressions/multiple-functions-fib-add.test.js
 PASS js-fuzzer-arithmetic-8607b936febb.js [7681/10000] status=ok obs=1ff1de774005 coverage=+0/32/38 time=2ms
  RUN js-fuzzer-function-67a4a16b508e.js [7682/10000] md5=67a4a16b508e8efc2a1fbbfc79004c7b bytes=153 template=function origin=seed:tests/corpus/regressions/scope-compressed-closure-params.test.js
 PASS js-fuzzer-function-67a4a16b508e.js [7682/10000] status=ok obs=eccbc87e4b5c coverage=+0/32/38 time=4ms
  RUN js-fuzzer-array-object-298ba85371a3.js [7683/10000] md5=298ba85371a35f61a043065a3a35b971 bytes=133 template=array-object origin=seed:tests/corpus/runtime/arrays-objects-methods.test.js
 PASS js-fuzzer-array-object-298ba85371a3.js [7683/10000] status=ok obs=6512bd43d9ca coverage=+0/32/38 time=7ms
  RUN js-fuzzer-closure-c0f5a323b959.js [7684/10000] md5=c0f5a323b959409f365911edf055604e bytes=184 template=closure origin=seed:tests/corpus/runtime/block-scopes.test.js
 PASS js-fuzzer-closure-c0f5a323b959.js [7684/10000] status=ok obs=093f65e080a2 coverage=+0/32/38 time=2ms
  RUN js-fuzzer-block-scope-bea8b8cb7cd8.js [7685/10000] md5=bea8b8cb7cd8e287e2d01cc6fb3c6f55 bytes=114 template=block-scope origin=seed:tests/corpus/runtime/class-fields-static-methods.test.js
 PASS js-fuzzer-block-scope-bea8b8cb7cd8.js [7685/10000] status=ok obs=6974ce5ac660 coverage=+0/32/38 time=1ms
  RUN js-fuzzer-loop-54e460cecf5c.js [7686/10000] md5=54e460cecf5c05dfcffaa3b2e5f57445 bytes=81 template=loop origin=seed:tests/corpus/runtime/classes-and-objects.test.js
 PASS js-fuzzer-loop-54e460cecf5c.js [7686/10000] status=ok obs=d3d9446802a4 coverage=+0/32/38 time=2ms
  RUN js-fuzzer-corpus-ddcb99247fc8.js [7687/10000] md5=ddcb99247fc847c897b97c6bd6512b9f bytes=217 template=corpus origin=tests/corpus/runtime/closures-mutate-captured-bindings.test.js
 PASS js-fuzzer-corpus-ddcb99247fc8.js [7687/10000] status=ok obs=e4da3b7fbbce coverage=+0/32/38 time=2ms
  RUN js-fuzzer-class-587587295e00.js [7688/10000] md5=587587295e0075a0a19c4572e53274fe bytes=101 template=class origin=seed:tests/corpus/runtime/closures-read-captured-values.test.js
 PASS js-fuzzer-class-587587295e00.js [7688/10000] status=ok obs=1f0e3dad9990 coverage=+0/32/38 time=2ms
  RUN js-fuzzer-arithmetic-a14a76d704a2.js [7689/10000] md5=a14a76d704a2f76a986bad41142402dd bytes=84 template=arithmetic origin=seed:tests/corpus/runtime/exceptions-and-nullish.test.js
 PASS js-fuzzer-arithmetic-a14a76d704a2.js [7689/10000] status=ok obs=202cb962ac59 coverage=+0/32/38 time=2ms
  RUN js-fuzzer-function-66ad482026b9.js [7690/10000] md5=66ad482026b9df67ec5d25c1cce4c653 bytes=153 template=function origin=seed:tests/corpus/runtime/functions-closures-and-arrows.test.js
 PASS js-fuzzer-function-66ad482026b9.js [7690/10000] status=ok obs=6512bd43d9ca coverage=+0/32/38 time=2ms
  RUN js-fuzzer-array-object-10c7b7a6ab54.js [7691/10000] md5=10c7b7a6ab54175415a430e2bfcfefd3 bytes=133 template=array-object origin=seed:tests/corpus/runtime/lexical-shadowing.test.js
 PASS js-fuzzer-array-object-10c7b7a6ab54.js [7691/10000] status=ok obs=c9f0f895fb98 coverage=+0/32/38 time=2ms
  RUN js-fuzzer-closure-bff319a66489.js [7692/10000] md5=bff319a66489bffb556049eb4f83f21d bytes=185 template=closure origin=seed:tests/corpus/runtime/modules-export.test.js
 PASS js-fuzzer-closure-bff319a66489.js [7692/10000] status=ok obs=735b90b45681 coverage=+0/32/38 time=1ms
  RUN js-fuzzer-block-scope-174fa4fc97e1.js [7693/10000] md5=174fa4fc97e1645d7383ebda1e653a4c bytes=114 template=block-scope origin=seed:tests/corpus/runtime/nested-try-finally.test.js
 PASS js-fuzzer-block-scope-174fa4fc97e1.js [7693/10000] status=ok obs=a3c65c297427 coverage=+0/32/38 time=2ms
  RUN js-fuzzer-boundary-6330cdecf02f.js [7694/10000] md5=6330cdecf02f68328876d88213acc2ac bytes=128 template=boundary origin=boundary:9007199254740991
 PASS js-fuzzer-boundary-6330cdecf02f.js [7694/10000] status=ok obs=8bfa9ad090fb coverage=+0/32/38 time=2ms
  RUN js-fuzzer-try-catch-e6a0f565fc4e.js [7695/10000] md5=e6a0f565fc4ec95ea847cca573b5900c bytes=110 template=try-catch origin=seed:tests/corpus/syntax/logical-unary-nullish.test.js
 PASS js-fuzzer-try-catch-e6a0f565fc4e.js [7695/10000] status=ok obs=33e75ff09dd6 coverage=+0/32/38 time=1ms
  RUN js-fuzzer-corpus-96ebdcb81273.js [7696/10000] md5=96ebdcb81273f0e5e5778a6c70c94988 bytes=171 template=corpus origin=tests/corpus/syntax/object-destructure-and-members.test.js
 PASS js-fuzzer-corpus-96ebdcb81273.js [7696/10000] status=ok obs=bfad8dfa12ed coverage=+0/32/38 time=2ms
  RUN js-fuzzer-arithmetic-1c69621964e1.js [7697/10000] md5=1c69621964e114072cd044c3e11390fb bytes=85 template=arithmetic origin=seed:tests/corpus/syntax/switch-do-while-sequence.test.js
 PASS js-fuzzer-arithmetic-1c69621964e1.js [7697/10000] status=ok obs=b6d767d2f8ed coverage=+0/32/38 time=2ms
  RUN js-fuzzer-function-3c5d7cd75696.js [7698/10000] md5=3c5d7cd75696cd405bd2fe4a10121d7f bytes=153 template=function origin=seed:tests/corpus/syntax/template-array-destructure.test.js
 PASS js-fuzzer-function-3c5d7cd75696.js [7698/10000] status=ok obs=c20ad4d76fe9 coverage=+0/32/38 time=1ms
  RUN js-fuzzer-array-object-665131b6f1d6.js [7699/10000] md5=665131b6f1d6b2943b9f3ebab232381c bytes=133 template=array-object origin=seed:tests/corpus/syntax/typescript-assertions.test.ts
 PASS js-fuzzer-array-object-665131b6f1d6.js [7699/10000] status=ok obs=1679091c5a88 coverage=+0/32/38 time=2ms
  RUN js-fuzzer-closure-f1b5afcd3300.js [7700/10000] md5=f1b5afcd330002eaba36e4264cfbb3c5 bytes=183 template=closure origin=seed:tests/corpus/syntax/typescript-non-null-satisfies.test.ts
 PASS js-fuzzer-closure-f1b5afcd3300.js [7700/10000] status=ok obs=9bf31c7ff062 coverage=+0/32/38 time=2ms
  RUN js-fuzzer-boundary-ac080ee0add8.js [7701/10000] md5=ac080ee0add8a3967f40d078a13e076b bytes=122 template=boundary origin=boundary:2147483647
 PASS js-fuzzer-boundary-ac080ee0add8.js [7701/10000] status=ok obs=c588c0a459f4 coverage=+0/32/38 time=1ms
  RUN js-fuzzer-loop-b88258462a8d.js [7702/10000] md5=b88258462a8d880f8b0e459fa23b2536 bytes=81 template=loop origin=seed:tests/corpus/fixtures/state-machine-workflow.test.js
 PASS js-fuzzer-loop-b88258462a8d.js [7702/10000] status=ok obs=3c59dc048e88 coverage=+0/32/38 time=2ms
  RUN js-fuzzer-try-catch-8eb6765f66fd.js [7703/10000] md5=8eb6765f66fd409e223a9383e9857a4c bytes=109 template=try-catch origin=seed:tests/corpus/fixtures/vue-script-workflow.test.vue
 PASS js-fuzzer-try-catch-8eb6765f66fd.js [7703/10000] status=ok obs=6512bd43d9ca coverage=+0/32/38 time=1ms
  RUN js-fuzzer-class-5baf4bed5db4.js [7704/10000] md5=5baf4bed5db4f8205173226efc8fff73 bytes=101 template=class origin=seed:tests/corpus/obfuscation/constant-tag-mix.test.js
 PASS js-fuzzer-class-5baf4bed5db4.js [7704/10000] status=ok obs=6f4922f45568 coverage=+0/32/38 time=2ms
  RUN js-fuzzer-corpus-fe2d30a6e413.js [7705/10000] md5=fe2d30a6e4139e7a8b52405bed737faa bytes=220 template=corpus origin=tests/corpus/obfuscation/extern-slot-permutation.test.js
 PASS js-fuzzer-corpus-fe2d30a6e413.js [7705/10000] status=ok obs=c34c702d0256 coverage=+0/32/38 time=2ms
  RUN js-fuzzer-function-21f30959172f.js [7706/10000] md5=21f30959172fc1289c7ff8ad630f96bf bytes=153 template=function origin=seed:tests/corpus/obfuscation/externs-console.test.js
 PASS js-fuzzer-function-21f30959172f.js [7706/10000] status=ok obs=4e732ced3463 coverage=+0/32/38 time=2ms
  RUN js-fuzzer-array-object-6447a2a95697.js [7707/10000] md5=6447a2a95697afd4407eb027fd7809fc bytes=133 template=array-object origin=seed:tests/corpus/obfuscation/seed-sensitive-functions.test.js
 PASS js-fuzzer-array-object-6447a2a95697.js [7707/10000] status=ok obs=6512bd43d9ca coverage=+0/32/38 time=2ms
  RUN js-fuzzer-boundary-14a05a816d97.js [7708/10000] md5=14a05a816d975afa7654eb06610350d0 bytes=113 template=boundary origin=boundary:2
 PASS js-fuzzer-boundary-14a05a816d97.js [7708/10000] status=ok obs=c81e728d9d4c coverage=+0/32/38 time=1ms
  RUN js-fuzzer-block-scope-d6aeb654fc7a.js [7709/10000] md5=d6aeb654fc7a91941c12584bd5c2929b bytes=114 template=block-scope origin=seed:tests/corpus/regressions/multiple-functions-fib-add.test.js
 PASS js-fuzzer-block-scope-d6aeb654fc7a.js [7709/10000] status=ok obs=6974ce5ac660 coverage=+0/32/38 time=2ms
  RUN js-fuzzer-loop-b88258462a8d.js [7710/10000] md5=b88258462a8d880f8b0e459fa23b2536 bytes=81 template=loop origin=seed:tests/corpus/regressions/scope-compressed-closure-params.test.js
 PASS js-fuzzer-loop-b88258462a8d.js [7710/10000] status=ok obs=3c59dc048e88 coverage=+0/32/38 time=1ms
  RUN js-fuzzer-try-catch-394293a01c1f.js [7711/10000] md5=394293a01c1f5412b61d69cb8738d61b bytes=110 template=try-catch origin=seed:tests/corpus/runtime/arrays-objects-methods.test.js
 PASS js-fuzzer-try-catch-394293a01c1f.js [7711/10000] status=ok obs=c74d97b01eae coverage=+0/32/38 time=2ms
  RUN js-fuzzer-class-c6bbe0a63455.js [7712/10000] md5=c6bbe0a634559d18fa82cf0c9a421610 bytes=100 template=class origin=seed:tests/corpus/runtime/block-scopes.test.js
 PASS js-fuzzer-class-c6bbe0a63455.js [7712/10000] status=ok obs=1679091c5a88 coverage=+0/32/38 time=2ms
  RUN js-fuzzer-arithmetic-fa21f7fb272a.js [7713/10000] md5=fa21f7fb272aae8fc5e99725aa3d96b0 bytes=84 template=arithmetic origin=seed:tests/corpus/runtime/class-fields-static-methods.test.js
 PASS js-fuzzer-arithmetic-fa21f7fb272a.js [7713/10000] status=ok obs=c20ad4d76fe9 coverage=+0/32/38 time=1ms
  RUN js-fuzzer-corpus-663bf83cd082.js [7714/10000] md5=663bf83cd082bd221441dae6bbc85046 bytes=278 template=corpus origin=tests/corpus/runtime/classes-and-objects.test.js
 PASS js-fuzzer-corpus-663bf83cd082.js [7714/10000] status=ok obs=6f4922f45568 coverage=+0/32/38 time=2ms
  RUN js-fuzzer-boundary-2f35f880f964.js [7715/10000] md5=2f35f880f96468b375c4e71feba05308 bytes=113 template=boundary origin=boundary:1
 PASS js-fuzzer-boundary-2f35f880f964.js [7715/10000] status=ok obs=c4ca4238a0b9 coverage=+0/32/38 time=2ms
  RUN js-fuzzer-closure-858d48de4ca2.js [7716/10000] md5=858d48de4ca2c66dc369fe15bbb7dee6 bytes=183 template=closure origin=seed:tests/corpus/runtime/closures-read-captured-values.test.js
 PASS js-fuzzer-closure-858d48de4ca2.js [7716/10000] status=ok obs=45c48cce2e2d coverage=+0/32/38 time=2ms
  RUN js-fuzzer-block-scope-c0d3e0044de4.js [7717/10000] md5=c0d3e0044de4095924c3679950dbac2a bytes=114 template=block-scope origin=seed:tests/corpus/runtime/exceptions-and-nullish.test.js
 PASS js-fuzzer-block-scope-c0d3e0044de4.js [7717/10000] status=ok obs=ec8956637a99 coverage=+0/32/38 time=2ms
  RUN js-fuzzer-loop-b88258462a8d.js [7718/10000] md5=b88258462a8d880f8b0e459fa23b2536 bytes=81 template=loop origin=seed:tests/corpus/runtime/functions-closures-and-arrows.test.js
 PASS js-fuzzer-loop-b88258462a8d.js [7718/10000] status=ok obs=3c59dc048e88 coverage=+0/32/38 time=2ms
  RUN js-fuzzer-try-catch-c5263a4b0fbd.js [7719/10000] md5=c5263a4b0fbd119742a040447111f34b bytes=109 template=try-catch origin=seed:tests/corpus/runtime/lexical-shadowing.test.js
 PASS js-fuzzer-try-catch-c5263a4b0fbd.js [7719/10000] status=ok obs=8f14e45fceea coverage=+0/32/38 time=2ms
  RUN js-fuzzer-class-a35a4dd2f302.js [7720/10000] md5=a35a4dd2f302fda9a0e8d6e2c980c283 bytes=101 template=class origin=seed:tests/corpus/runtime/modules-export.test.js
 PASS js-fuzzer-class-a35a4dd2f302.js [7720/10000] status=ok obs=9bf31c7ff062 coverage=+0/32/38 time=2ms
  RUN js-fuzzer-arithmetic-96504de96bac.js [7721/10000] md5=96504de96bac2b69145f65543ff58411 bytes=85 template=arithmetic origin=seed:tests/corpus/runtime/nested-try-finally.test.js
 PASS js-fuzzer-arithmetic-96504de96bac.js [7721/10000] status=ok obs=eecca5b6365d coverage=+0/32/38 time=2ms
  RUN js-fuzzer-boundary-235131a2d0d1.js [7722/10000] md5=235131a2d0d184afe9327ca3bd456dde bytes=129 template=boundary origin=boundary:-9007199254740991
 PASS js-fuzzer-boundary-235131a2d0d1.js [7722/10000] status=ok obs=b3f3a95848f6 coverage=+0/32/38 time=2ms
  RUN js-fuzzer-corpus-279b64032335.js [7723/10000] md5=279b640323351a1b082b98b42d2a2d55 bytes=134 template=corpus origin=tests/corpus/syntax/logical-unary-nullish.test.js
 PASS js-fuzzer-corpus-279b64032335.js [7723/10000] status=ok obs=45c48cce2e2d coverage=+0/32/38 time=1ms
  RUN js-fuzzer-closure-860fba736987.js [7724/10000] md5=860fba736987961b54f54d0ffe0a636b bytes=183 template=closure origin=seed:tests/corpus/syntax/object-destructure-and-members.test.js
 PASS js-fuzzer-closure-860fba736987.js [7724/10000] status=ok obs=1f0e3dad9990 coverage=+0/32/38 time=2ms
  RUN js-fuzzer-block-scope-fe862d331d9c.js [7725/10000] md5=fe862d331d9cb6fbf11c9dc294796f54 bytes=114 template=block-scope origin=seed:tests/corpus/syntax/switch-do-while-sequence.test.js
 PASS js-fuzzer-block-scope-fe862d331d9c.js [7725/10000] status=ok obs=6974ce5ac660 coverage=+0/32/38 time=2ms
  RUN js-fuzzer-loop-b88258462a8d.js [7726/10000] md5=b88258462a8d880f8b0e459fa23b2536 bytes=81 template=loop origin=seed:tests/corpus/syntax/template-array-destructure.test.js
 PASS js-fuzzer-loop-b88258462a8d.js [7726/10000] status=ok obs=3c59dc048e88 coverage=+0/32/38 time=2ms
  RUN js-fuzzer-try-catch-70fffa3518b3.js [7727/10000] md5=70fffa3518b3cd8f92c92fd09e60ecbc bytes=110 template=try-catch origin=seed:tests/corpus/syntax/typescript-assertions.test.ts
 PASS js-fuzzer-try-catch-70fffa3518b3.js [7727/10000] status=ok obs=a5bfc9e07964 coverage=+0/32/38 time=2ms
  RUN js-fuzzer-class-6736c24444bc.js [7728/10000] md5=6736c24444bc6ff151b05a9a974ae4d5 bytes=100 template=class origin=seed:tests/corpus/syntax/typescript-non-null-satisfies.test.ts
 PASS js-fuzzer-class-6736c24444bc.js [7728/10000] status=ok obs=45c48cce2e2d coverage=+0/32/38 time=1ms
  RUN js-fuzzer-boundary-56f451fe2902.js [7729/10000] md5=56f451fe2902341a3a470031c46238b3 bytes=123 template=boundary origin=boundary:-2147483648
 PASS js-fuzzer-boundary-56f451fe2902.js [7729/10000] status=ok obs=034ff5946105 coverage=+0/32/38 time=2ms
  RUN js-fuzzer-function-06471e1fced1.js [7730/10000] md5=06471e1fced163f025e3f67e77c6ce04 bytes=153 template=function origin=seed:tests/corpus/fixtures/state-machine-workflow.test.js
 PASS js-fuzzer-function-06471e1fced1.js [7730/10000] status=ok obs=45c48cce2e2d coverage=+0/32/38 time=2ms
  RUN js-fuzzer-array-object-a1ce5891772b.js [7731/10000] md5=a1ce5891772becf76d309998f3c345fa bytes=133 template=array-object origin=seed:tests/corpus/fixtures/vue-script-workflow.test.vue
 PASS js-fuzzer-array-object-a1ce5891772b.js [7731/10000] status=ok obs=d3d9446802a4 coverage=+0/32/38 time=2ms
  RUN js-fuzzer-corpus-f00ef18b0a17.js [7732/10000] md5=f00ef18b0a172b2a2d9833f5b7fe94e2 bytes=199 template=corpus origin=tests/corpus/obfuscation/constant-tag-mix.test.js
 PASS js-fuzzer-corpus-f00ef18b0a17.js [7732/10000] status=ok obs=e86823f38986 coverage=+0/32/38 time=2ms
  RUN js-fuzzer-block-scope-6e86f1693252.js [7733/10000] md5=6e86f169325214da2b271b09cc491de1 bytes=114 template=block-scope origin=seed:tests/corpus/obfuscation/extern-slot-permutation.test.js
 PASS js-fuzzer-block-scope-6e86f1693252.js [7733/10000] status=ok obs=f0935e4cd592 coverage=+0/32/38 time=2ms
  RUN js-fuzzer-loop-bbf1d7a15d8d.js [7734/10000] md5=bbf1d7a15d8dd015402d75c0e0108b5f bytes=81 template=loop origin=seed:tests/corpus/obfuscation/externs-console.test.js
 PASS js-fuzzer-loop-bbf1d7a15d8d.js [7734/10000] status=ok obs=1679091c5a88 coverage=+0/32/38 time=2ms
  RUN js-fuzzer-try-catch-83aeb7d5f114.js [7735/10000] md5=83aeb7d5f114f448e90b2f3e31e7a7e9 bytes=110 template=try-catch origin=seed:tests/corpus/obfuscation/seed-sensitive-functions.test.js
 PASS js-fuzzer-try-catch-83aeb7d5f114.js [7735/10000] status=ok obs=e369853df766 coverage=+0/32/38 time=2ms
  RUN js-fuzzer-boundary-6d89c3a838ae.js [7736/10000] md5=6d89c3a838ae354bda64ec37ec2b63b1 bytes=114 template=boundary origin=boundary:-2
 PASS js-fuzzer-boundary-6d89c3a838ae.js [7736/10000] status=ok obs=5d7b9adcbe1c coverage=+0/32/38 time=2ms
  RUN js-fuzzer-arithmetic-6c9452997011.js [7737/10000] md5=6c945299701186dd9ea228623b166b9e bytes=84 template=arithmetic origin=seed:tests/corpus/regressions/multiple-functions-fib-add.test.js
 PASS js-fuzzer-arithmetic-6c9452997011.js [7737/10000] status=ok obs=f0935e4cd592 coverage=+0/32/38 time=2ms
  RUN js-fuzzer-function-8a3820bf6e52.js [7738/10000] md5=8a3820bf6e52dcab1a0437ab7872cf6a bytes=153 template=function origin=seed:tests/corpus/regressions/scope-compressed-closure-params.test.js
 PASS js-fuzzer-function-8a3820bf6e52.js [7738/10000] status=ok obs=a87ff679a2f3 coverage=+0/32/38 time=2ms
  RUN js-fuzzer-array-object-e1fbf339a8e0.js [7739/10000] md5=e1fbf339a8e05976dee7b1f338c2f1be bytes=133 template=array-object origin=seed:tests/corpus/runtime/arrays-objects-methods.test.js
 PASS js-fuzzer-array-object-e1fbf339a8e0.js [7739/10000] status=ok obs=d3d9446802a4 coverage=+0/32/38 time=1ms
  RUN js-fuzzer-closure-478db36f55ed.js [7740/10000] md5=478db36f55ed45a7a14849a44c78790e bytes=183 template=closure origin=seed:tests/corpus/runtime/block-scopes.test.js
 PASS js-fuzzer-closure-478db36f55ed.js [7740/10000] status=ok obs=70efdf2ec9b0 coverage=+0/32/38 time=2ms
  RUN js-fuzzer-corpus-a64e83c2f849.js [7741/10000] md5=a64e83c2f84925dca8985eabe963ee21 bytes=179 template=corpus origin=tests/corpus/runtime/class-fields-static-methods.test.js
 PASS js-fuzzer-corpus-a64e83c2f849.js [7741/10000] status=ok obs=8f14e45fceea coverage=+0/32/38 time=2ms
  RUN js-fuzzer-loop-f495ca2fc638.js [7742/10000] md5=f495ca2fc6389f933578fc501f5b1465 bytes=81 template=loop origin=seed:tests/corpus/runtime/classes-and-objects.test.js
 PASS js-fuzzer-loop-f495ca2fc638.js [7742/10000] status=ok obs=c4ca4238a0b9 coverage=+0/32/38 time=2ms
  RUN js-fuzzer-boundary-3d1d4e90ebd9.js [7743/10000] md5=3d1d4e90ebd99aad7ece59efc98f7563 bytes=114 template=boundary origin=boundary:-1
 PASS js-fuzzer-boundary-3d1d4e90ebd9.js [7743/10000] status=ok obs=6bb61e3b7bce coverage=+0/32/38 time=1ms
  RUN js-fuzzer-class-c0844991889f.js [7744/10000] md5=c0844991889f03308712cd6bc6b7c31c bytes=101 template=class origin=seed:tests/corpus/runtime/closures-read-captured-values.test.js
 PASS js-fuzzer-class-c0844991889f.js [7744/10000] status=ok obs=70efdf2ec9b0 coverage=+0/32/38 time=2ms
  RUN js-fuzzer-arithmetic-d7d7b87c4ffc.js [7745/10000] md5=d7d7b87c4ffc7336215f0a08605c5d6b bytes=85 template=arithmetic origin=seed:tests/corpus/runtime/exceptions-and-nullish.test.js
 PASS js-fuzzer-arithmetic-d7d7b87c4ffc.js [7745/10000] status=ok obs=47d1e990583c coverage=+0/32/38 time=2ms
  RUN js-fuzzer-function-d3859b93eee1.js [7746/10000] md5=d3859b93eee1f3bcfec0cda51c4d02bf bytes=153 template=function origin=seed:tests/corpus/runtime/functions-closures-and-arrows.test.js
 PASS js-fuzzer-function-d3859b93eee1.js [7746/10000] status=ok obs=a87ff679a2f3 coverage=+0/32/38 time=2ms
  RUN js-fuzzer-array-object-4d322a4753c6.js [7747/10000] md5=4d322a4753c692b0d9135ecc13d2af17 bytes=133 template=array-object origin=seed:tests/corpus/runtime/lexical-shadowing.test.js
 PASS js-fuzzer-array-object-4d322a4753c6.js [7747/10000] status=ok obs=9bf31c7ff062 coverage=+0/32/38 time=1ms
  RUN js-fuzzer-closure-f4ef0e79ea3a.js [7748/10000] md5=f4ef0e79ea3a45f0a7cc6e77d0fe2fda bytes=183 template=closure origin=seed:tests/corpus/runtime/modules-export.test.js
 PASS js-fuzzer-closure-f4ef0e79ea3a.js [7748/10000] status=ok obs=8e296a067a37 coverage=+0/32/38 time=2ms
  RUN js-fuzzer-block-scope-4b457eeecddb.js [7749/10000] md5=4b457eeecddb6b0bd24e459f515190d8 bytes=114 template=block-scope origin=seed:tests/corpus/runtime/nested-try-finally.test.js
 PASS js-fuzzer-block-scope-4b457eeecddb.js [7749/10000] status=ok obs=2723d092b638 coverage=+0/32/38 time=2ms
  RUN js-fuzzer-corpus-89e900fcb72f.js [7750/10000] md5=89e900fcb72ff838bfe9a13ae091363f bytes=228 template=corpus origin=tests/corpus/syntax/control-flow-and-operators.test.js
 PASS js-fuzzer-corpus-89e900fcb72f.js [7750/10000] status=ok obs=aab3238922bc coverage=+0/32/38 time=2ms
  RUN js-fuzzer-try-catch-ecde19ac059d.js [7751/10000] md5=ecde19ac059dab5b524e2da1cfde28b0 bytes=110 template=try-catch origin=seed:tests/corpus/syntax/logical-unary-nullish.test.js
 PASS js-fuzzer-try-catch-ecde19ac059d.js [7751/10000] status=ok obs=f457c545a9de coverage=+0/32/38 time=2ms
  RUN js-fuzzer-class-6736c24444bc.js [7752/10000] md5=6736c24444bc6ff151b05a9a974ae4d5 bytes=100 template=class origin=seed:tests/corpus/syntax/object-destructure-and-members.test.js
 PASS js-fuzzer-class-6736c24444bc.js [7752/10000] status=ok obs=45c48cce2e2d coverage=+0/32/38 time=2ms
  RUN js-fuzzer-arithmetic-d3918c301f66.js [7753/10000] md5=d3918c301f66accc0d27298815d4596e bytes=83 template=arithmetic origin=seed:tests/corpus/syntax/switch-do-while-sequence.test.js
 PASS js-fuzzer-arithmetic-d3918c301f66.js [7753/10000] status=ok obs=92cc227532d1 coverage=+0/32/38 time=2ms
  RUN js-fuzzer-function-ced1d0daab2e.js [7754/10000] md5=ced1d0daab2e23fdcfec672d899d9739 bytes=153 template=function origin=seed:tests/corpus/syntax/template-array-destructure.test.js
 PASS js-fuzzer-function-ced1d0daab2e.js [7754/10000] status=ok obs=8e296a067a37 coverage=+0/32/38 time=2ms
  RUN js-fuzzer-array-object-b17f17d3ebc6.js [7755/10000] md5=b17f17d3ebc67350c1bee320136de3aa bytes=133 template=array-object origin=seed:tests/corpus/syntax/typescript-assertions.test.ts
 PASS js-fuzzer-array-object-b17f17d3ebc6.js [7755/10000] status=ok obs=98f137082101 coverage=+0/32/38 time=2ms
  RUN js-fuzzer-closure-fdf4494b5941.js [7756/10000] md5=fdf4494b5941c318e5afb185b7b02590 bytes=184 template=closure origin=seed:tests/corpus/syntax/typescript-non-null-satisfies.test.ts
 PASS js-fuzzer-closure-fdf4494b5941.js [7756/10000] status=ok obs=735b90b45681 coverage=+0/32/38 time=1ms
  RUN js-fuzzer-boundary-2b35f90895ea.js [7757/10000] md5=2b35f90895ea85111e562e627044f919 bytes=128 template=boundary origin=boundary:9007199254740991
 PASS js-fuzzer-boundary-2b35f90895ea.js [7757/10000] status=ok obs=8bfa9ad090fb coverage=+0/32/38 time=2ms
  RUN js-fuzzer-loop-b88258462a8d.js [7758/10000] md5=b88258462a8d880f8b0e459fa23b2536 bytes=81 template=loop origin=seed:tests/corpus/fixtures/state-machine-workflow.test.js
 PASS js-fuzzer-loop-b88258462a8d.js [7758/10000] status=ok obs=3c59dc048e88 coverage=+0/32/38 time=1ms
  RUN js-fuzzer-corpus-f722388c7961.js [7759/10000] md5=f722388c7961d2a0288508c35f28a5f8 bytes=96 template=corpus origin=tests/corpus/fixtures/vue-script-workflow.test.vue
 PASS js-fuzzer-corpus-f722388c7961.js [7759/10000] status=ok obs=6512bd43d9ca coverage=+0/32/38 time=2ms
  RUN js-fuzzer-class-769274f77fa6.js [7760/10000] md5=769274f77fa62254ce7e0eb0e3adf7f1 bytes=100 template=class origin=seed:tests/corpus/obfuscation/constant-tag-mix.test.js
 PASS js-fuzzer-class-769274f77fa6.js [7760/10000] status=ok obs=c4ca4238a0b9 coverage=+0/32/38 time=1ms
  RUN js-fuzzer-arithmetic-652a00fff23a.js [7761/10000] md5=652a00fff23a0cfe074851ba169df2cc bytes=83 template=arithmetic origin=seed:tests/corpus/obfuscation/extern-slot-permutation.test.js
 PASS js-fuzzer-arithmetic-652a00fff23a.js [7761/10000] status=ok obs=37693cfc7480 coverage=+0/32/38 time=3ms
  RUN js-fuzzer-function-d9597d28535f.js [7762/10000] md5=d9597d28535fd2b10f5ca10cf87a7bb6 bytes=153 template=function origin=seed:tests/corpus/obfuscation/externs-console.test.js
 PASS js-fuzzer-function-d9597d28535f.js [7762/10000] status=ok obs=6f4922f45568 coverage=+0/32/38 time=2ms
  RUN js-fuzzer-array-object-5239c326cb5b.js [7763/10000] md5=5239c326cb5b7422737fd5a0a7f33a28 bytes=133 template=array-object origin=seed:tests/corpus/obfuscation/seed-sensitive-functions.test.js
 PASS js-fuzzer-array-object-5239c326cb5b.js [7763/10000] status=ok obs=c20ad4d76fe9 coverage=+0/32/38 time=2ms
  RUN js-fuzzer-boundary-4b188851088a.js [7764/10000] md5=4b188851088a18b5b5e1424320aec545 bytes=122 template=boundary origin=boundary:2147483647
 PASS js-fuzzer-boundary-4b188851088a.js [7764/10000] status=ok obs=c588c0a459f4 coverage=+0/32/38 time=1ms
  RUN js-fuzzer-block-scope-056e31486d60.js [7765/10000] md5=056e31486d6076b39b9b6454f54dba4b bytes=114 template=block-scope origin=seed:tests/corpus/regressions/multiple-functions-fib-add.test.js
 PASS js-fuzzer-block-scope-056e31486d60.js [7765/10000] status=ok obs=a97da629b098 coverage=+0/32/38 time=2ms
  RUN js-fuzzer-loop-b88258462a8d.js [7766/10000] md5=b88258462a8d880f8b0e459fa23b2536 bytes=81 template=loop origin=seed:tests/corpus/regressions/scope-compressed-closure-params.test.js
 PASS js-fuzzer-loop-b88258462a8d.js [7766/10000] status=ok obs=3c59dc048e88 coverage=+0/32/38 time=2ms
  RUN js-fuzzer-try-catch-42a4cfadce42.js [7767/10000] md5=42a4cfadce4239139aa1e7114c2e99a2 bytes=110 template=try-catch origin=seed:tests/corpus/runtime/arrays-objects-methods.test.js
 PASS js-fuzzer-try-catch-42a4cfadce42.js [7767/10000] status=ok obs=19ca14e7ea63 coverage=+0/32/38 time=1ms
  RUN js-fuzzer-corpus-8b78ba7912c5.js [7768/10000] md5=8b78ba7912c51f6cf304b65c6ebdb2e3 bytes=289 template=corpus origin=tests/corpus/runtime/block-scopes.test.js
 PASS js-fuzzer-corpus-8b78ba7912c5.js [7768/10000] status=ok obs=37693cfc7480 coverage=+0/32/38 time=2ms
  RUN js-fuzzer-arithmetic-b06e352edd98.js [7769/10000] md5=b06e352edd980a8f639907c804b0c548 bytes=84 template=arithmetic origin=seed:tests/corpus/runtime/class-fields-static-methods.test.js
 PASS js-fuzzer-arithmetic-b06e352edd98.js [7769/10000] status=ok obs=c51ce410c124 coverage=+0/32/38 time=2ms
  RUN js-fuzzer-function-f172d914fe2f.js [7770/10000] md5=f172d914fe2f2d124fd9ee51d2714545 bytes=153 template=function origin=seed:tests/corpus/runtime/classes-and-objects.test.js
 PASS js-fuzzer-function-f172d914fe2f.js [7770/10000] status=ok obs=c9f0f895fb98 coverage=+0/32/38 time=2ms
  RUN js-fuzzer-boundary-85faf3787c26.js [7771/10000] md5=85faf3787c26ca3bad9215a544873988 bytes=113 template=boundary origin=boundary:2
 PASS js-fuzzer-boundary-85faf3787c26.js [7771/10000] status=ok obs=c81e728d9d4c coverage=+0/32/38 time=1ms
  RUN js-fuzzer-closure-8ce9535977e7.js [7772/10000] md5=8ce9535977e72ad2ab0c4955c6ef032a bytes=185 template=closure origin=seed:tests/corpus/runtime/closures-read-captured-values.test.js
 PASS js-fuzzer-closure-8ce9535977e7.js [7772/10000] status=ok obs=fe9fc289c3ff coverage=+0/32/38 time=2ms
  RUN js-fuzzer-block-scope-592cce677ffc.js [7773/10000] md5=592cce677ffc23a91cff1cbffbb25225 bytes=114 template=block-scope origin=seed:tests/corpus/runtime/exceptions-and-nullish.test.js
 PASS js-fuzzer-block-scope-592cce677ffc.js [7773/10000] status=ok obs=6974ce5ac660 coverage=+0/32/38 time=2ms
  RUN js-fuzzer-loop-bbf1d7a15d8d.js [7774/10000] md5=bbf1d7a15d8dd015402d75c0e0108b5f bytes=81 template=loop origin=seed:tests/corpus/runtime/functions-closures-and-arrows.test.js
 PASS js-fuzzer-loop-bbf1d7a15d8d.js [7774/10000] status=ok obs=1679091c5a88 coverage=+0/32/38 time=1ms
  RUN js-fuzzer-try-catch-02a6aedaa978.js [7775/10000] md5=02a6aedaa97879d59ffd66c80df1d065 bytes=109 template=try-catch origin=seed:tests/corpus/runtime/lexical-shadowing.test.js
 PASS js-fuzzer-try-catch-02a6aedaa978.js [7775/10000] status=ok obs=e4da3b7fbbce coverage=+0/32/38 time=2ms
  RUN js-fuzzer-class-ff7d9ca3da86.js [7776/10000] md5=ff7d9ca3da86b49917ac34b4d48e8df9 bytes=101 template=class origin=seed:tests/corpus/runtime/modules-export.test.js
 PASS js-fuzzer-class-ff7d9ca3da86.js [7776/10000] status=ok obs=c20ad4d76fe9 coverage=+0/32/38 time=2ms
  RUN js-fuzzer-corpus-c557f8da2a9d.js [7777/10000] md5=c557f8da2a9d2904c70dca50c3eeb50e bytes=191 template=corpus origin=tests/corpus/runtime/nested-try-finally.test.js
 PASS js-fuzzer-corpus-c557f8da2a9d.js [7777/10000] status=ok obs=8f14e45fceea coverage=+0/32/38 time=1ms
  RUN js-fuzzer-boundary-a6a77cc918cc.js [7778/10000] md5=a6a77cc918cc479b04ccb7be2bd80dac bytes=113 template=boundary origin=boundary:1
 PASS js-fuzzer-boundary-a6a77cc918cc.js [7778/10000] status=ok obs=c4ca4238a0b9 coverage=+0/32/38 time=2ms
  RUN js-fuzzer-array-object-a772437b5244.js [7779/10000] md5=a772437b5244e7462f989b43a72c7a6e bytes=133 template=array-object origin=seed:tests/corpus/syntax/logical-unary-nullish.test.js
 PASS js-fuzzer-array-object-a772437b5244.js [7779/10000] status=ok obs=aab3238922bc coverage=+0/32/38 time=1ms
  RUN js-fuzzer-closure-67354f978ee4.js [7780/10000] md5=67354f978ee43d600c8bc22b5926e32c bytes=183 template=closure origin=seed:tests/corpus/syntax/object-destructure-and-members.test.js
 PASS js-fuzzer-closure-67354f978ee4.js [7780/10000] status=ok obs=6ea9ab1baa0e coverage=+0/32/38 time=2ms
  RUN js-fuzzer-block-scope-213fba7dad15.js [7781/10000] md5=213fba7dad15136678e58fdeed384e19 bytes=115 template=block-scope origin=seed:tests/corpus/syntax/switch-do-while-sequence.test.js
 PASS js-fuzzer-block-scope-213fba7dad15.js [7781/10000] status=ok obs=5f93f983524d coverage=+0/32/38 time=2ms
  RUN js-fuzzer-loop-bbf1d7a15d8d.js [7782/10000] md5=bbf1d7a15d8dd015402d75c0e0108b5f bytes=81 template=loop origin=seed:tests/corpus/syntax/template-array-destructure.test.js
 PASS js-fuzzer-loop-bbf1d7a15d8d.js [7782/10000] status=ok obs=1679091c5a88 coverage=+0/32/38 time=1ms
  RUN js-fuzzer-try-catch-22e41d89137c.js [7783/10000] md5=22e41d89137ce4eac020880cbeff06ef bytes=110 template=try-catch origin=seed:tests/corpus/syntax/typescript-assertions.test.ts
 PASS js-fuzzer-try-catch-22e41d89137c.js [7783/10000] status=ok obs=d9d4f495e875 coverage=+0/32/38 time=1ms
  RUN js-fuzzer-class-51ea152a707e.js [7784/10000] md5=51ea152a707ed5422ab3e5b3ddb7fe43 bytes=100 template=class origin=seed:tests/corpus/syntax/typescript-non-null-satisfies.test.ts
 PASS js-fuzzer-class-51ea152a707e.js [7784/10000] status=ok obs=e4da3b7fbbce coverage=+0/32/38 time=2ms
  RUN js-fuzzer-boundary-e62759fbe8d3.js [7785/10000] md5=e62759fbe8d36ad2cfb89a0f8bac18b9 bytes=129 template=boundary origin=boundary:-9007199254740991
 PASS js-fuzzer-boundary-e62759fbe8d3.js [7785/10000] status=ok obs=b3f3a95848f6 coverage=+0/32/38 time=1ms
  RUN js-fuzzer-corpus-ab8ca4f8757c.js [7786/10000] md5=ab8ca4f8757c6165b29cd6a662edad93 bytes=450 template=corpus origin=tests/corpus/fixtures/state-machine-workflow.test.js
 PASS js-fuzzer-corpus-ab8ca4f8757c.js [7786/10000] status=ok obs=b9f49c580664 coverage=+0/32/38 time=2ms
  RUN js-fuzzer-array-object-b5b53807ba71.js [7787/10000] md5=b5b53807ba71442d40f6557134bc6d4a bytes=133 template=array-object origin=seed:tests/corpus/fixtures/vue-script-workflow.test.vue
 PASS js-fuzzer-array-object-b5b53807ba71.js [7787/10000] status=ok obs=d3d9446802a4 coverage=+0/32/38 time=2ms
  RUN js-fuzzer-closure-a0d8513526d7.js [7788/10000] md5=a0d8513526d7ea64e917f6b555e38a3a bytes=184 template=closure origin=seed:tests/corpus/obfuscation/constant-tag-mix.test.js
 PASS js-fuzzer-closure-a0d8513526d7.js [7788/10000] status=ok obs=17e62166fc85 coverage=+0/32/38 time=2ms
  RUN js-fuzzer-block-scope-1e0d5465acc0.js [7789/10000] md5=1e0d5465acc03f2361fd6c1fb1618cce bytes=114 template=block-scope origin=seed:tests/corpus/obfuscation/extern-slot-permutation.test.js
 PASS js-fuzzer-block-scope-1e0d5465acc0.js [7789/10000] status=ok obs=a97da629b098 coverage=+0/32/38 time=1ms
  RUN js-fuzzer-loop-b88258462a8d.js [7790/10000] md5=b88258462a8d880f8b0e459fa23b2536 bytes=81 template=loop origin=seed:tests/corpus/obfuscation/externs-console.test.js
 PASS js-fuzzer-loop-b88258462a8d.js [7790/10000] status=ok obs=3c59dc048e88 coverage=+0/32/38 time=2ms
  RUN js-fuzzer-try-catch-10b006553cce.js [7791/10000] md5=10b006553cced3afac446c8e96bc0d8a bytes=110 template=try-catch origin=seed:tests/corpus/obfuscation/seed-sensitive-functions.test.js
 PASS js-fuzzer-try-catch-10b006553cce.js [7791/10000] status=ok obs=8e296a067a37 coverage=+0/32/38 time=1ms
  RUN js-fuzzer-boundary-512d8e9b531d.js [7792/10000] md5=512d8e9b531dd316e823325cc949e70e bytes=123 template=boundary origin=boundary:-2147483648
 PASS js-fuzzer-boundary-512d8e9b531d.js [7792/10000] status=ok obs=034ff5946105 coverage=+0/32/38 time=1ms
  RUN js-fuzzer-arithmetic-265ecc11d92b.js [7793/10000] md5=265ecc11d92b817787e38481db6f2499 bytes=85 template=arithmetic origin=seed:tests/corpus/regressions/multiple-functions-fib-add.test.js
 PASS js-fuzzer-arithmetic-265ecc11d92b.js [7793/10000] status=ok obs=73278a4a8696 coverage=+0/32/38 time=2ms
  RUN js-fuzzer-function-ba7ea055d439.js [7794/10000] md5=ba7ea055d4397ffca213251195491d86 bytes=153 template=function origin=seed:tests/corpus/regressions/scope-compressed-closure-params.test.js
 PASS js-fuzzer-function-ba7ea055d439.js [7794/10000] status=ok obs=8f14e45fceea coverage=+0/32/38 time=2ms
  RUN js-fuzzer-corpus-a07012429fce.js [7795/10000] md5=a07012429fce4b4d7c8af42f445f70b9 bytes=163 template=corpus origin=tests/corpus/runtime/arrays-objects-methods.test.js
 PASS js-fuzzer-corpus-a07012429fce.js [7795/10000] status=ok obs=c51ce410c124 coverage=+0/32/38 time=1ms
  RUN js-fuzzer-closure-b8932a890e99.js [7796/10000] md5=b8932a890e99d0be8d5769e2167a36c3 bytes=185 template=closure origin=seed:tests/corpus/runtime/block-scopes.test.js
 PASS js-fuzzer-closure-b8932a890e99.js [7796/10000] status=ok obs=43ec517d68b6 coverage=+0/32/38 time=2ms
  RUN js-fuzzer-block-scope-ac3d07b5f6a1.js [7797/10000] md5=ac3d07b5f6a1ed4b926dc8df94f557f2 bytes=114 template=block-scope origin=seed:tests/corpus/runtime/class-fields-static-methods.test.js
 PASS js-fuzzer-block-scope-ac3d07b5f6a1.js [7797/10000] status=ok obs=a3c65c297427 coverage=+0/32/38 time=1ms
  RUN js-fuzzer-loop-d35707ad0bf7.js [7798/10000] md5=d35707ad0bf74148f671ad8943998af6 bytes=81 template=loop origin=seed:tests/corpus/runtime/classes-and-objects.test.js
 PASS js-fuzzer-loop-d35707ad0bf7.js [7798/10000] status=ok obs=9bf31c7ff062 coverage=+0/32/38 time=2ms
  RUN js-fuzzer-boundary-6d89c3a838ae.js [7799/10000] md5=6d89c3a838ae354bda64ec37ec2b63b1 bytes=114 template=boundary origin=boundary:-2
 PASS js-fuzzer-boundary-6d89c3a838ae.js [7799/10000] status=ok obs=5d7b9adcbe1c coverage=+0/32/38 time=2ms
  RUN js-fuzzer-class-c0844991889f.js [7800/10000] md5=c0844991889f03308712cd6bc6b7c31c bytes=101 template=class origin=seed:tests/corpus/runtime/closures-read-captured-values.test.js
 PASS js-fuzzer-class-c0844991889f.js [7800/10000] status=ok obs=70efdf2ec9b0 coverage=+0/32/38 time=1ms
  RUN js-fuzzer-arithmetic-7669298e67ae.js [7801/10000] md5=7669298e67aec0e9c740171d7af771f4 bytes=84 template=arithmetic origin=seed:tests/corpus/runtime/exceptions-and-nullish.test.js
 PASS js-fuzzer-arithmetic-7669298e67ae.js [7801/10000] status=ok obs=a5771bce93e2 coverage=+0/32/38 time=2ms
  RUN js-fuzzer-function-84b6f0564867.js [7802/10000] md5=84b6f05648673d1e7da8df04c8cbab23 bytes=153 template=function origin=seed:tests/corpus/runtime/functions-closures-and-arrows.test.js
 PASS js-fuzzer-function-84b6f0564867.js [7802/10000] status=ok obs=c74d97b01eae coverage=+0/32/38 time=2ms
  RUN js-fuzzer-array-object-7ecd16057278.js [7803/10000] md5=7ecd1605727893e5cfa633fb4c298df8 bytes=133 template=array-object origin=seed:tests/corpus/runtime/lexical-shadowing.test.js
 PASS js-fuzzer-array-object-7ecd16057278.js [7803/10000] status=ok obs=9bf31c7ff062 coverage=+0/32/38 time=2ms
  RUN js-fuzzer-corpus-4131d841163b.js [7804/10000] md5=4131d841163b79e192bca9d4fc683c54 bytes=58 template=corpus origin=tests/corpus/runtime/modules-export.test.js
 PASS js-fuzzer-corpus-4131d841163b.js [7804/10000] status=ok obs=8f14e45fceea coverage=+0/32/38 time=1ms
  RUN js-fuzzer-block-scope-278e1355754c.js [7805/10000] md5=278e1355754cd4ed42a12b75127f78a4 bytes=114 template=block-scope origin=seed:tests/corpus/runtime/nested-try-finally.test.js
 PASS js-fuzzer-block-scope-278e1355754c.js [7805/10000] status=ok obs=a97da629b098 coverage=+0/32/38 time=2ms
  RUN js-fuzzer-boundary-7f379f781f4f.js [7806/10000] md5=7f379f781f4f9844733fb0f4c5d8aa15 bytes=114 template=boundary origin=boundary:-1
 PASS js-fuzzer-boundary-7f379f781f4f.js [7806/10000] status=ok obs=6bb61e3b7bce coverage=+0/32/38 time=1ms
  RUN js-fuzzer-try-catch-18b0b31fe014.js [7807/10000] md5=18b0b31fe014e787990869dd8a5ff18b bytes=110 template=try-catch origin=seed:tests/corpus/syntax/logical-unary-nullish.test.js
 PASS js-fuzzer-try-catch-18b0b31fe014.js [7807/10000] status=ok obs=aab3238922bc coverage=+0/32/38 time=2ms
  RUN js-fuzzer-class-769274f77fa6.js [7808/10000] md5=769274f77fa62254ce7e0eb0e3adf7f1 bytes=100 template=class origin=seed:tests/corpus/syntax/object-destructure-and-members.test.js
 PASS js-fuzzer-class-769274f77fa6.js [7808/10000] status=ok obs=c4ca4238a0b9 coverage=+0/32/38 time=1ms
  RUN js-fuzzer-arithmetic-bc13942f12b6.js [7809/10000] md5=bc13942f12b6e0caf1f0c40c63f00dda bytes=85 template=arithmetic origin=seed:tests/corpus/syntax/switch-do-while-sequence.test.js
 PASS js-fuzzer-arithmetic-bc13942f12b6.js [7809/10000] status=ok obs=705f21728346 coverage=+0/32/38 time=1ms
  RUN js-fuzzer-function-ced1d0daab2e.js [7810/10000] md5=ced1d0daab2e23fdcfec672d899d9739 bytes=153 template=function origin=seed:tests/corpus/syntax/template-array-destructure.test.js
 PASS js-fuzzer-function-ced1d0daab2e.js [7810/10000] status=ok obs=8e296a067a37 coverage=+0/32/38 time=3ms
  RUN js-fuzzer-array-object-4b7327d03a54.js [7811/10000] md5=4b7327d03a541fbf7b988e30336a52bf bytes=133 template=array-object origin=seed:tests/corpus/syntax/typescript-assertions.test.ts
 PASS js-fuzzer-array-object-4b7327d03a54.js [7811/10000] status=ok obs=6512bd43d9ca coverage=+0/32/38 time=1ms
  RUN js-fuzzer-closure-0c6df41d3528.js [7812/10000] md5=0c6df41d35283e9d5705f1d512dd434c bytes=185 template=closure origin=seed:tests/corpus/syntax/typescript-non-null-satisfies.test.ts
 PASS js-fuzzer-closure-0c6df41d3528.js [7812/10000] status=ok obs=735b90b45681 coverage=+0/32/38 time=2ms
  RUN js-fuzzer-corpus-797f152bf878.js [7813/10000] md5=797f152bf878d5049066c6db6d2360b3 bytes=355 template=corpus origin=tests/corpus/fixtures/job-workflow.test.js
 PASS js-fuzzer-corpus-797f152bf878.js [7813/10000] status=ok obs=b9de0628c8ec coverage=+0/32/38 time=2ms
  RUN js-fuzzer-loop-d35707ad0bf7.js [7814/10000] md5=d35707ad0bf74148f671ad8943998af6 bytes=81 template=loop origin=seed:tests/corpus/fixtures/state-machine-workflow.test.js
 PASS js-fuzzer-loop-d35707ad0bf7.js [7814/10000] status=ok obs=9bf31c7ff062 coverage=+0/32/38 time=1ms
  RUN js-fuzzer-try-catch-e6fdc2579e78.js [7815/10000] md5=e6fdc2579e7880bc0b759de7af5133ab bytes=110 template=try-catch origin=seed:tests/corpus/fixtures/vue-script-workflow.test.vue
 PASS js-fuzzer-try-catch-e6fdc2579e78.js [7815/10000] status=ok obs=d645920e395f coverage=+0/32/38 time=2ms
  RUN js-fuzzer-class-a35a4dd2f302.js [7816/10000] md5=a35a4dd2f302fda9a0e8d6e2c980c283 bytes=101 template=class origin=seed:tests/corpus/obfuscation/constant-tag-mix.test.js
 PASS js-fuzzer-class-a35a4dd2f302.js [7816/10000] status=ok obs=9bf31c7ff062 coverage=+0/32/38 time=1ms
  RUN js-fuzzer-arithmetic-8ac8370bf16a.js [7817/10000] md5=8ac8370bf16a7b17c343dd182b6f6bc7 bytes=84 template=arithmetic origin=seed:tests/corpus/obfuscation/extern-slot-permutation.test.js
 PASS js-fuzzer-arithmetic-8ac8370bf16a.js [7817/10000] status=ok obs=ec8956637a99 coverage=+0/32/38 time=2ms
  RUN js-fuzzer-function-805986a3b478.js [7818/10000] md5=805986a3b4784e72cf43592e25340692 bytes=153 template=function origin=seed:tests/corpus/obfuscation/externs-console.test.js
 PASS js-fuzzer-function-805986a3b478.js [7818/10000] status=ok obs=c51ce410c124 coverage=+0/32/38 time=2ms
  RUN js-fuzzer-array-object-b564813516a7.js [7819/10000] md5=b564813516a72521f6747cf39a2e74fe bytes=133 template=array-object origin=seed:tests/corpus/obfuscation/seed-sensitive-functions.test.js
 PASS js-fuzzer-array-object-b564813516a7.js [7819/10000] status=ok obs=70efdf2ec9b0 coverage=+0/32/38 time=1ms
  RUN js-fuzzer-boundary-83aee5cf07de.js [7820/10000] md5=83aee5cf07deb9d5ce59aec8aff7a227 bytes=128 template=boundary origin=boundary:9007199254740991
 PASS js-fuzzer-boundary-83aee5cf07de.js [7820/10000] status=ok obs=8bfa9ad090fb coverage=+0/32/38 time=2ms
  RUN js-fuzzer-block-scope-9d4d69844277.js [7821/10000] md5=9d4d69844277eda0e679045a91f2bcf9 bytes=114 template=block-scope origin=seed:tests/corpus/regressions/multiple-functions-fib-add.test.js
 PASS js-fuzzer-block-scope-9d4d69844277.js [7821/10000] status=ok obs=38b3eff8baf5 coverage=+0/32/38 time=2ms
  RUN js-fuzzer-corpus-c28cfb056309.js [7822/10000] md5=c28cfb056309f2a77f8bd9756b123c54 bytes=147 template=corpus origin=tests/corpus/regressions/scope-compressed-closure-params.test.js
 PASS js-fuzzer-corpus-c28cfb056309.js [7822/10000] status=ok obs=c51ce410c124 coverage=+0/32/38 time=1ms
  RUN js-fuzzer-try-catch-18b0b31fe014.js [7823/10000] md5=18b0b31fe014e787990869dd8a5ff18b bytes=110 template=try-catch origin=seed:tests/corpus/runtime/arrays-objects-methods.test.js
 PASS js-fuzzer-try-catch-18b0b31fe014.js [7823/10000] status=ok obs=aab3238922bc coverage=+0/32/38 time=2ms
  RUN js-fuzzer-class-51ea152a707e.js [7824/10000] md5=51ea152a707ed5422ab3e5b3ddb7fe43 bytes=100 template=class origin=seed:tests/corpus/runtime/block-scopes.test.js
 PASS js-fuzzer-class-51ea152a707e.js [7824/10000] status=ok obs=e4da3b7fbbce coverage=+0/32/38 time=1ms
  RUN js-fuzzer-arithmetic-27c9b26a26ed.js [7825/10000] md5=27c9b26a26edc0a506a3f53050cef67f bytes=84 template=arithmetic origin=seed:tests/corpus/runtime/class-fields-static-methods.test.js
 PASS js-fuzzer-arithmetic-27c9b26a26ed.js [7825/10000] status=ok obs=9bf31c7ff062 coverage=+0/32/38 time=2ms
  RUN js-fuzzer-function-c472354a037a.js [7826/10000] md5=c472354a037a48d197cd60b4e04af6e0 bytes=153 template=function origin=seed:tests/corpus/runtime/classes-and-objects.test.js
 PASS js-fuzzer-function-c472354a037a.js [7826/10000] status=ok obs=02e74f10e032 coverage=+0/32/38 time=2ms
  RUN js-fuzzer-boundary-4b188851088a.js [7827/10000] md5=4b188851088a18b5b5e1424320aec545 bytes=122 template=boundary origin=boundary:2147483647
 PASS js-fuzzer-boundary-4b188851088a.js [7827/10000] status=ok obs=c588c0a459f4 coverage=+0/32/38 time=2ms
  RUN js-fuzzer-closure-57d43b974186.js [7828/10000] md5=57d43b974186c7089206150479b4c27e bytes=184 template=closure origin=seed:tests/corpus/runtime/closures-read-captured-values.test.js
 PASS js-fuzzer-closure-57d43b974186.js [7828/10000] status=ok obs=2838023a778d coverage=+0/32/38 time=1ms
  RUN js-fuzzer-block-scope-0302820b0ae8.js [7829/10000] md5=0302820b0ae8aefde6290aa22f61f26f bytes=114 template=block-scope origin=seed:tests/corpus/runtime/exceptions-and-nullish.test.js
 PASS js-fuzzer-block-scope-0302820b0ae8.js [7829/10000] status=ok obs=65b9eea6e1cc coverage=+0/32/38 time=2ms
  RUN js-fuzzer-loop-b88258462a8d.js [7830/10000] md5=b88258462a8d880f8b0e459fa23b2536 bytes=81 template=loop origin=seed:tests/corpus/runtime/functions-closures-and-arrows.test.js
 PASS js-fuzzer-loop-b88258462a8d.js [7830/10000] status=ok obs=3c59dc048e88 coverage=+0/32/38 time=2ms
  RUN js-fuzzer-corpus-463d4dee8a1f.js [7831/10000] md5=463d4dee8a1f930fa8af57a704cacf3e bytes=232 template=corpus origin=tests/corpus/runtime/lexical-shadowing.test.js
 PASS js-fuzzer-corpus-463d4dee8a1f.js [7831/10000] status=ok obs=c51ce410c124 coverage=+0/32/38 time=1ms
  RUN js-fuzzer-class-7c36fc3c0ad4.js [7832/10000] md5=7c36fc3c0ad4461d5dbbcd7afdfb6b5c bytes=101 template=class origin=seed:tests/corpus/runtime/modules-export.test.js
 PASS js-fuzzer-class-7c36fc3c0ad4.js [7832/10000] status=ok obs=d3d9446802a4 coverage=+0/32/38 time=2ms
  RUN js-fuzzer-arithmetic-1c6956bc5789.js [7833/10000] md5=1c6956bc5789494029842124fe4e39aa bytes=86 template=arithmetic origin=seed:tests/corpus/runtime/nested-try-finally.test.js
 PASS js-fuzzer-arithmetic-1c6956bc5789.js [7833/10000] status=ok obs=320722549d17 coverage=+0/32/38 time=1ms
  RUN js-fuzzer-boundary-e33d9dc9cd6c.js [7834/10000] md5=e33d9dc9cd6c84ec6ac6a01d1d18c4f2 bytes=113 template=boundary origin=boundary:2
 PASS js-fuzzer-boundary-e33d9dc9cd6c.js [7834/10000] status=ok obs=c81e728d9d4c coverage=+0/32/38 time=2ms
  RUN js-fuzzer-array-object-db813713b7a2.js [7835/10000] md5=db813713b7a2ed6762f2689c4897992b bytes=133 template=array-object origin=seed:tests/corpus/syntax/logical-unary-nullish.test.js
 PASS js-fuzzer-array-object-db813713b7a2.js [7835/10000] status=ok obs=1679091c5a88 coverage=+0/32/38 time=2ms
  RUN js-fuzzer-closure-b441c90b20e2.js [7836/10000] md5=b441c90b20e2652850dc7bc4e9923b67 bytes=184 template=closure origin=seed:tests/corpus/syntax/object-destructure-and-members.test.js
 PASS js-fuzzer-closure-b441c90b20e2.js [7836/10000] status=ok obs=14bfa6bb1487 coverage=+0/32/38 time=1ms
  RUN js-fuzzer-block-scope-cf2d0d5b674a.js [7837/10000] md5=cf2d0d5b674aedb72b348cd8e4680fc5 bytes=114 template=block-scope origin=seed:tests/corpus/syntax/switch-do-while-sequence.test.js
 PASS js-fuzzer-block-scope-cf2d0d5b674a.js [7837/10000] status=ok obs=2723d092b638 coverage=+0/32/38 time=2ms
  RUN js-fuzzer-loop-d35707ad0bf7.js [7838/10000] md5=d35707ad0bf74148f671ad8943998af6 bytes=81 template=loop origin=seed:tests/corpus/syntax/template-array-destructure.test.js
 PASS js-fuzzer-loop-d35707ad0bf7.js [7838/10000] status=ok obs=9bf31c7ff062 coverage=+0/32/38 time=2ms
  RUN js-fuzzer-try-catch-f24fba189d45.js [7839/10000] md5=f24fba189d4541ce9d4809156ecb450c bytes=110 template=try-catch origin=seed:tests/corpus/syntax/typescript-assertions.test.ts
 PASS js-fuzzer-try-catch-f24fba189d45.js [7839/10000] status=ok obs=1ff1de774005 coverage=+0/32/38 time=1ms
  RUN js-fuzzer-corpus-e3eeaea0f8a2.js [7840/10000] md5=e3eeaea0f8a2c5d5b650d4007cf78b4a bytes=104 template=corpus origin=tests/corpus/syntax/typescript-non-null-satisfies.test.ts
 PASS js-fuzzer-corpus-e3eeaea0f8a2.js [7840/10000] status=ok obs=d3d9446802a4 coverage=+0/32/38 time=2ms
  RUN js-fuzzer-boundary-3ca041277ff0.js [7841/10000] md5=3ca041277ff0c3edafc1a1dcaf120940 bytes=113 template=boundary origin=boundary:1
 PASS js-fuzzer-boundary-3ca041277ff0.js [7841/10000] status=ok obs=c4ca4238a0b9 coverage=+0/32/38 time=1ms
  RUN js-fuzzer-function-4b9684ea9e29.js [7842/10000] md5=4b9684ea9e291ddb6515f98bf0c93905 bytes=153 template=function origin=seed:tests/corpus/fixtures/state-machine-workflow.test.js
 PASS js-fuzzer-function-4b9684ea9e29.js [7842/10000] status=ok obs=eccbc87e4b5c coverage=+0/32/38 time=2ms
  RUN js-fuzzer-array-object-63602104fe7e.js [7843/10000] md5=63602104fe7e3037f1937115de41d77a bytes=133 template=array-object origin=seed:tests/corpus/fixtures/vue-script-workflow.test.vue
 PASS js-fuzzer-array-object-63602104fe7e.js [7843/10000] status=ok obs=c51ce410c124 coverage=+0/32/38 time=2ms
  RUN js-fuzzer-closure-ead8940d2d15.js [7844/10000] md5=ead8940d2d15dfa8fad428e46baaedd0 bytes=184 template=closure origin=seed:tests/corpus/obfuscation/constant-tag-mix.test.js
 PASS js-fuzzer-closure-ead8940d2d15.js [7844/10000] status=ok obs=3416a75f4cea coverage=+0/32/38 time=1ms
  RUN js-fuzzer-block-scope-0bf9efa9abd6.js [7845/10000] md5=0bf9efa9abd6cc8bda396d1dec35840f bytes=114 template=block-scope origin=seed:tests/corpus/obfuscation/extern-slot-permutation.test.js
 PASS js-fuzzer-block-scope-0bf9efa9abd6.js [7845/10000] status=ok obs=38b3eff8baf5 coverage=+0/32/38 time=2ms
  RUN js-fuzzer-loop-54e460cecf5c.js [7846/10000] md5=54e460cecf5c05dfcffaa3b2e5f57445 bytes=81 template=loop origin=seed:tests/corpus/obfuscation/externs-console.test.js
 PASS js-fuzzer-loop-54e460cecf5c.js [7846/10000] status=ok obs=d3d9446802a4 coverage=+0/32/38 time=1ms
  RUN js-fuzzer-try-catch-ecde19ac059d.js [7847/10000] md5=ecde19ac059dab5b524e2da1cfde28b0 bytes=110 template=try-catch origin=seed:tests/corpus/obfuscation/seed-sensitive-functions.test.js
 PASS js-fuzzer-try-catch-ecde19ac059d.js [7847/10000] status=ok obs=f457c545a9de coverage=+0/32/38 time=2ms
  RUN js-fuzzer-boundary-37492c99ff33.js [7848/10000] md5=37492c99ff33e9d5e09e0b8e84ba785a bytes=129 template=boundary origin=boundary:-9007199254740991
 PASS js-fuzzer-boundary-37492c99ff33.js [7848/10000] status=ok obs=b3f3a95848f6 coverage=+0/32/38 time=2ms
  RUN js-fuzzer-corpus-ad9ed8746461.js [7849/10000] md5=ad9ed87464611c6dd81b04b3754c760c bytes=214 template=corpus origin=tests/corpus/regressions/multiple-functions-fib-add.test.js
 PASS js-fuzzer-corpus-ad9ed8746461.js [7849/10000] status=ok obs=3c59dc048e88 coverage=+0/32/38 time=2ms
  RUN js-fuzzer-function-8384e80192dc.js [7850/10000] md5=8384e80192dc0232cf5e505b2f7d5501 bytes=153 template=function origin=seed:tests/corpus/regressions/scope-compressed-closure-params.test.js
 PASS js-fuzzer-function-8384e80192dc.js [7850/10000] status=ok obs=e4da3b7fbbce coverage=+0/32/38 time=2ms
  RUN js-fuzzer-array-object-90c58052ed40.js [7851/10000] md5=90c58052ed4016b359fe4921e61f9671 bytes=133 template=array-object origin=seed:tests/corpus/runtime/arrays-objects-methods.test.js
 PASS js-fuzzer-array-object-90c58052ed40.js [7851/10000] status=ok obs=70efdf2ec9b0 coverage=+0/32/38 time=1ms
  RUN js-fuzzer-closure-6425fd72d8c1.js [7852/10000] md5=6425fd72d8c13c25b0fe5a28809b63f8 bytes=184 template=closure origin=seed:tests/corpus/runtime/block-scopes.test.js
 PASS js-fuzzer-closure-6425fd72d8c1.js [7852/10000] status=ok obs=14bfa6bb1487 coverage=+0/32/38 time=1ms
  RUN js-fuzzer-block-scope-9b5f2a61b064.js [7853/10000] md5=9b5f2a61b064984be8e4dedf9ba10531 bytes=114 template=block-scope origin=seed:tests/corpus/runtime/class-fields-static-methods.test.js
 PASS js-fuzzer-block-scope-9b5f2a61b064.js [7853/10000] status=ok obs=a3c65c297427 coverage=+0/32/38 time=2ms
  RUN js-fuzzer-loop-f495ca2fc638.js [7854/10000] md5=f495ca2fc6389f933578fc501f5b1465 bytes=81 template=loop origin=seed:tests/corpus/runtime/classes-and-objects.test.js
 PASS js-fuzzer-loop-f495ca2fc638.js [7854/10000] status=ok obs=c4ca4238a0b9 coverage=+0/32/38 time=1ms
  RUN js-fuzzer-boundary-205872a6e44c.js [7855/10000] md5=205872a6e44c1ea0cf94554af934fb09 bytes=123 template=boundary origin=boundary:-2147483648
 PASS js-fuzzer-boundary-205872a6e44c.js [7855/10000] status=ok obs=034ff5946105 coverage=+0/32/38 time=2ms
  RUN js-fuzzer-class-3b630e2d834a.js [7856/10000] md5=3b630e2d834a95a01ee75571f8bc0075 bytes=101 template=class origin=seed:tests/corpus/runtime/closures-read-captured-values.test.js
 PASS js-fuzzer-class-3b630e2d834a.js [7856/10000] status=ok obs=6512bd43d9ca coverage=+0/32/38 time=2ms
  RUN js-fuzzer-arithmetic-807baef5de3f.js [7857/10000] md5=807baef5de3ff5a29491b4e6dbf2eba2 bytes=85 template=arithmetic origin=seed:tests/corpus/runtime/exceptions-and-nullish.test.js
 PASS js-fuzzer-arithmetic-807baef5de3f.js [7857/10000] status=ok obs=9fc3d7152ba9 coverage=+0/32/38 time=1ms
  RUN js-fuzzer-corpus-72746d071c58.js [7858/10000] md5=72746d071c58fadd9399bc8934c30553 bytes=197 template=corpus origin=tests/corpus/runtime/functions-closures-and-arrows.test.js
 PASS js-fuzzer-corpus-72746d071c58.js [7858/10000] status=ok obs=c74d97b01eae coverage=+0/32/38 time=2ms
  RUN js-fuzzer-array-object-972b263468b9.js [7859/10000] md5=972b263468b9489cce3dde3ac50e3735 bytes=133 template=array-object origin=seed:tests/corpus/runtime/lexical-shadowing.test.js
 PASS js-fuzzer-array-object-972b263468b9.js [7859/10000] status=ok obs=c9f0f895fb98 coverage=+0/32/38 time=1ms
  RUN js-fuzzer-closure-c85b2c9cf353.js [7860/10000] md5=c85b2c9cf3533711dc9700256d96a829 bytes=183 template=closure origin=seed:tests/corpus/runtime/modules-export.test.js
 PASS js-fuzzer-closure-c85b2c9cf353.js [7860/10000] status=ok obs=3c59dc048e88 coverage=+0/32/38 time=2ms
  RUN js-fuzzer-block-scope-fcd01903f38a.js [7861/10000] md5=fcd01903f38aa111dee5ffd68bea2f1a bytes=114 template=block-scope origin=seed:tests/corpus/runtime/nested-try-finally.test.js
 PASS js-fuzzer-block-scope-fcd01903f38a.js [7861/10000] status=ok obs=f0935e4cd592 coverage=+0/32/38 time=2ms
  RUN js-fuzzer-boundary-4ae25cb2e150.js [7862/10000] md5=4ae25cb2e15083bfca9f6b81b3f9f24b bytes=114 template=boundary origin=boundary:-2
 PASS js-fuzzer-boundary-4ae25cb2e150.js [7862/10000] status=ok obs=5d7b9adcbe1c coverage=+0/32/38 time=1ms
  RUN js-fuzzer-try-catch-13abe4d24a2d.js [7863/10000] md5=13abe4d24a2dd7935e11d59d61044cdc bytes=109 template=try-catch origin=seed:tests/corpus/syntax/logical-unary-nullish.test.js
 PASS js-fuzzer-try-catch-13abe4d24a2d.js [7863/10000] status=ok obs=c9f0f895fb98 coverage=+0/32/38 time=2ms
  RUN js-fuzzer-class-6736c24444bc.js [7864/10000] md5=6736c24444bc6ff151b05a9a974ae4d5 bytes=100 template=class origin=seed:tests/corpus/syntax/object-destructure-and-members.test.js
 PASS js-fuzzer-class-6736c24444bc.js [7864/10000] status=ok obs=45c48cce2e2d coverage=+0/32/38 time=2ms
  RUN js-fuzzer-arithmetic-4d9601ea20e0.js [7865/10000] md5=4d9601ea20e07fa506970a1117cb1747 bytes=85 template=arithmetic origin=seed:tests/corpus/syntax/switch-do-while-sequence.test.js
 PASS js-fuzzer-arithmetic-4d9601ea20e0.js [7865/10000] status=ok obs=3ef815416f77 coverage=+0/32/38 time=1ms
  RUN js-fuzzer-function-7078b1558e88.js [7866/10000] md5=7078b1558e88c84f2ce4ff32c844a13e bytes=153 template=function origin=seed:tests/corpus/syntax/template-array-destructure.test.js
 PASS js-fuzzer-function-7078b1558e88.js [7866/10000] status=ok obs=1679091c5a88 coverage=+0/32/38 time=2ms
  RUN js-fuzzer-corpus-57a83a4b020d.js [7867/10000] md5=57a83a4b020d4b85b42b0a3709f283ad bytes=130 template=corpus origin=tests/corpus/syntax/typescript-assertions.test.ts
 PASS js-fuzzer-corpus-57a83a4b020d.js [7867/10000] status=ok obs=45c48cce2e2d coverage=+0/32/38 time=1ms
  RUN js-fuzzer-closure-27ab9389e754.js [7868/10000] md5=27ab9389e75484e0389e821727b2ea12 bytes=184 template=closure origin=seed:tests/corpus/syntax/typescript-non-null-satisfies.test.ts
 PASS js-fuzzer-closure-27ab9389e754.js [7868/10000] status=ok obs=b53b3a3d6ab9 coverage=+0/32/38 time=2ms
  RUN js-fuzzer-boundary-1024adcac0e5.js [7869/10000] md5=1024adcac0e5cc9f99f478fa66dcc00c bytes=114 template=boundary origin=boundary:-1
 PASS js-fuzzer-boundary-1024adcac0e5.js [7869/10000] status=ok obs=6bb61e3b7bce coverage=+0/32/38 time=2ms
  RUN js-fuzzer-loop-55c7c905bffb.js [7870/10000] md5=55c7c905bffb4bbbc4c8fb9b91df6ad8 bytes=81 template=loop origin=seed:tests/corpus/fixtures/state-machine-workflow.test.js
 PASS js-fuzzer-loop-55c7c905bffb.js [7870/10000] status=ok obs=eccbc87e4b5c coverage=+0/32/38 time=1ms
  RUN js-fuzzer-try-catch-949865ef2d04.js [7871/10000] md5=949865ef2d045cce3ed2d503f7e03e63 bytes=110 template=try-catch origin=seed:tests/corpus/fixtures/vue-script-workflow.test.vue
 PASS js-fuzzer-try-catch-949865ef2d04.js [7871/10000] status=ok obs=6f4922f45568 coverage=+0/32/38 time=2ms
  RUN js-fuzzer-class-769274f77fa6.js [7872/10000] md5=769274f77fa62254ce7e0eb0e3adf7f1 bytes=100 template=class origin=seed:tests/corpus/obfuscation/constant-tag-mix.test.js
 PASS js-fuzzer-class-769274f77fa6.js [7872/10000] status=ok obs=c4ca4238a0b9 coverage=+0/32/38 time=2ms
  RUN js-fuzzer-arithmetic-25e2e9743086.js [7873/10000] md5=25e2e97430860118e09a72f48d29c53b bytes=84 template=arithmetic origin=seed:tests/corpus/obfuscation/extern-slot-permutation.test.js
 PASS js-fuzzer-arithmetic-25e2e9743086.js [7873/10000] status=ok obs=2a79ea27c279 coverage=+0/32/38 time=1ms
  RUN js-fuzzer-function-805986a3b478.js [7874/10000] md5=805986a3b4784e72cf43592e25340692 bytes=153 template=function origin=seed:tests/corpus/obfuscation/externs-console.test.js
 PASS js-fuzzer-function-805986a3b478.js [7874/10000] status=ok obs=c51ce410c124 coverage=+0/32/38 time=2ms
  RUN js-fuzzer-array-object-def5a461094d.js [7875/10000] md5=def5a461094df306c3165cc994daa819 bytes=133 template=array-object origin=seed:tests/corpus/obfuscation/seed-sensitive-functions.test.js
 PASS js-fuzzer-array-object-def5a461094d.js [7875/10000] status=ok obs=6f4922f45568 coverage=+0/32/38 time=2ms
  RUN js-fuzzer-corpus-79643e915862.js [7876/10000] md5=79643e91586251700d34c0c65a0220da bytes=89 template=corpus origin=tests/corpus/regressions/destructuring-lowers-to-member.test.js
 PASS js-fuzzer-corpus-79643e915862.js [7876/10000] status=ok obs=eccbc87e4b5c coverage=+0/32/38 time=1ms
  RUN js-fuzzer-block-scope-16ac37f9479a.js [7877/10000] md5=16ac37f9479a83404389f15ef4293fd8 bytes=114 template=block-scope origin=seed:tests/corpus/regressions/multiple-functions-fib-add.test.js
 PASS js-fuzzer-block-scope-16ac37f9479a.js [7877/10000] status=ok obs=f0935e4cd592 coverage=+0/32/38 time=2ms
  RUN js-fuzzer-loop-55c7c905bffb.js [7878/10000] md5=55c7c905bffb4bbbc4c8fb9b91df6ad8 bytes=81 template=loop origin=seed:tests/corpus/regressions/scope-compressed-closure-params.test.js
 PASS js-fuzzer-loop-55c7c905bffb.js [7878/10000] status=ok obs=eccbc87e4b5c coverage=+0/32/38 time=1ms
  RUN js-fuzzer-try-catch-ce914b0cd471.js [7879/10000] md5=ce914b0cd471f7c9ec83cbcd645ee9eb bytes=110 template=try-catch origin=seed:tests/corpus/runtime/arrays-objects-methods.test.js
 PASS js-fuzzer-try-catch-ce914b0cd471.js [7879/10000] status=ok obs=2838023a778d coverage=+0/32/38 time=2ms
  RUN js-fuzzer-class-a365d1a76b7b.js [7880/10000] md5=a365d1a76b7b0d4310621afa7caac433 bytes=100 template=class origin=seed:tests/corpus/runtime/block-scopes.test.js
 PASS js-fuzzer-class-a365d1a76b7b.js [7880/10000] status=ok obs=8f14e45fceea coverage=+0/32/38 time=1ms
  RUN js-fuzzer-arithmetic-c623487a8516.js [7881/10000] md5=c623487a85165956f61a68b58dd5050d bytes=86 template=arithmetic origin=seed:tests/corpus/runtime/class-fields-static-methods.test.js
 PASS js-fuzzer-arithmetic-c623487a8516.js [7881/10000] status=ok obs=52720e003547 coverage=+0/32/38 time=2ms
  RUN js-fuzzer-function-f172d914fe2f.js [7882/10000] md5=f172d914fe2f2d124fd9ee51d2714545 bytes=153 template=function origin=seed:tests/corpus/runtime/classes-and-objects.test.js
 PASS js-fuzzer-function-f172d914fe2f.js [7882/10000] status=ok obs=c9f0f895fb98 coverage=+0/32/38 time=2ms
  RUN js-fuzzer-boundary-4bea2a6e0cb0.js [7883/10000] md5=4bea2a6e0cb0c7bb0b29e5b5d44112d8 bytes=128 template=boundary origin=boundary:9007199254740991
 PASS js-fuzzer-boundary-4bea2a6e0cb0.js [7883/10000] status=ok obs=dc9a0d67a31d coverage=+0/32/38 time=1ms
  RUN js-fuzzer-closure-4915344c9129.js [7884/10000] md5=4915344c9129475ae523ac1e02b1ac5e bytes=183 template=closure origin=seed:tests/corpus/runtime/closures-read-captured-values.test.js
 PASS js-fuzzer-closure-4915344c9129.js [7884/10000] status=ok obs=70efdf2ec9b0 coverage=+0/32/38 time=2ms
  RUN js-fuzzer-corpus-cf8fb96e8476.js [7885/10000] md5=cf8fb96e8476c262b73583c86dd80821 bytes=178 template=corpus origin=tests/corpus/runtime/exceptions-and-nullish.test.js
 PASS js-fuzzer-corpus-cf8fb96e8476.js [7885/10000] status=ok obs=24ed5e8718fc coverage=+0/32/38 time=2ms
  RUN js-fuzzer-loop-54e460cecf5c.js [7886/10000] md5=54e460cecf5c05dfcffaa3b2e5f57445 bytes=81 template=loop origin=seed:tests/corpus/runtime/functions-closures-and-arrows.test.js
 PASS js-fuzzer-loop-54e460cecf5c.js [7886/10000] status=ok obs=d3d9446802a4 coverage=+0/32/38 time=1ms
  RUN js-fuzzer-try-catch-394293a01c1f.js [7887/10000] md5=394293a01c1f5412b61d69cb8738d61b bytes=110 template=try-catch origin=seed:tests/corpus/runtime/lexical-shadowing.test.js
 PASS js-fuzzer-try-catch-394293a01c1f.js [7887/10000] status=ok obs=c74d97b01eae coverage=+0/32/38 time=2ms
  RUN js-fuzzer-class-1fb70654253d.js [7888/10000] md5=1fb70654253d944404805630039f463c bytes=101 template=class origin=seed:tests/corpus/runtime/modules-export.test.js
 PASS js-fuzzer-class-1fb70654253d.js [7888/10000] status=ok obs=c51ce410c124 coverage=+0/32/38 time=1ms
  RUN js-fuzzer-arithmetic-9c90819cf4e1.js [7889/10000] md5=9c90819cf4e179558e96f3bd29fc2dcf bytes=83 template=arithmetic origin=seed:tests/corpus/runtime/nested-try-finally.test.js
 PASS js-fuzzer-arithmetic-9c90819cf4e1.js [7889/10000] status=ok obs=2838023a778d coverage=+0/32/38 time=2ms
  RUN js-fuzzer-boundary-5c12d757f0dd.js [7890/10000] md5=5c12d757f0ddd5c6b1207b14fb1e8d0c bytes=122 template=boundary origin=boundary:2147483647
 PASS js-fuzzer-boundary-5c12d757f0dd.js [7890/10000] status=ok obs=c588c0a459f4 coverage=+0/32/38 time=2ms
  RUN js-fuzzer-array-object-770797ca1231.js [7891/10000] md5=770797ca12313b78903d2db1d8aeff82 bytes=133 template=array-object origin=seed:tests/corpus/syntax/logical-unary-nullish.test.js
 PASS js-fuzzer-array-object-770797ca1231.js [7891/10000] status=ok obs=c74d97b01eae coverage=+0/32/38 time=1ms
  RUN js-fuzzer-closure-629503ecfb22.js [7892/10000] md5=629503ecfb22566333f53e116bc1e14e bytes=184 template=closure origin=seed:tests/corpus/syntax/object-destructure-and-members.test.js
 PASS js-fuzzer-closure-629503ecfb22.js [7892/10000] status=ok obs=735b90b45681 coverage=+0/32/38 time=2ms
  RUN js-fuzzer-block-scope-cf2d0d5b674a.js [7893/10000] md5=cf2d0d5b674aedb72b348cd8e4680fc5 bytes=114 template=block-scope origin=seed:tests/corpus/syntax/switch-do-while-sequence.test.js
 PASS js-fuzzer-block-scope-cf2d0d5b674a.js [7893/10000] status=ok obs=2723d092b638 coverage=+0/32/38 time=2ms
  RUN js-fuzzer-corpus-ff388659a641.js [7894/10000] md5=ff388659a6419d1e6e01ce4e7151a52e bytes=135 template=corpus origin=tests/corpus/syntax/template-array-destructure.test.js
 PASS js-fuzzer-corpus-ff388659a641.js [7894/10000] status=ok obs=f61c9a8be43c coverage=+0/32/38 time=1ms
  RUN js-fuzzer-try-catch-a4e2330c4919.js [7895/10000] md5=a4e2330c49196805169dbf8449e466fa bytes=110 template=try-catch origin=seed:tests/corpus/syntax/typescript-assertions.test.ts
 PASS js-fuzzer-try-catch-a4e2330c4919.js [7895/10000] status=ok obs=3c59dc048e88 coverage=+0/32/38 time=2ms
  RUN js-fuzzer-class-ff7d9ca3da86.js [7896/10000] md5=ff7d9ca3da86b49917ac34b4d48e8df9 bytes=101 template=class origin=seed:tests/corpus/syntax/typescript-non-null-satisfies.test.ts
 PASS js-fuzzer-class-ff7d9ca3da86.js [7896/10000] status=ok obs=c20ad4d76fe9 coverage=+0/32/38 time=1ms
  RUN js-fuzzer-boundary-221618e58a55.js [7897/10000] md5=221618e58a55537e4dc7530ef9f57aaf bytes=113 template=boundary origin=boundary:2
 PASS js-fuzzer-boundary-221618e58a55.js [7897/10000] status=ok obs=c81e728d9d4c coverage=+0/32/38 time=2ms
  RUN js-fuzzer-function-06471e1fced1.js [7898/10000] md5=06471e1fced163f025e3f67e77c6ce04 bytes=153 template=function origin=seed:tests/corpus/fixtures/state-machine-workflow.test.js
 PASS js-fuzzer-function-06471e1fced1.js [7898/10000] status=ok obs=45c48cce2e2d coverage=+0/32/38 time=2ms
  RUN js-fuzzer-array-object-eb95d2b2f3b4.js [7899/10000] md5=eb95d2b2f3b44035eff55b506b29d8c4 bytes=133 template=array-object origin=seed:tests/corpus/fixtures/vue-script-workflow.test.vue
 PASS js-fuzzer-array-object-eb95d2b2f3b4.js [7899/10000] status=ok obs=9bf31c7ff062 coverage=+0/32/38 time=1ms
  RUN js-fuzzer-closure-9ee51b7713b1.js [7900/10000] md5=9ee51b7713b17712852316b387954239 bytes=184 template=closure origin=seed:tests/corpus/obfuscation/constant-tag-mix.test.js
 PASS js-fuzzer-closure-9ee51b7713b1.js [7900/10000] status=ok obs=d67d8ab4f4c1 coverage=+0/32/38 time=2ms
  RUN js-fuzzer-block-scope-9d4d69844277.js [7901/10000] md5=9d4d69844277eda0e679045a91f2bcf9 bytes=114 template=block-scope origin=seed:tests/corpus/obfuscation/extern-slot-permutation.test.js
 PASS js-fuzzer-block-scope-9d4d69844277.js [7901/10000] status=ok obs=38b3eff8baf5 coverage=+0/32/38 time=2ms
  RUN js-fuzzer-loop-54e460cecf5c.js [7902/10000] md5=54e460cecf5c05dfcffaa3b2e5f57445 bytes=81 template=loop origin=seed:tests/corpus/obfuscation/externs-console.test.js
 PASS js-fuzzer-loop-54e460cecf5c.js [7902/10000] status=ok obs=d3d9446802a4 coverage=+0/32/38 time=1ms
  RUN js-fuzzer-corpus-38ba19d9deb7.js [7903/10000] md5=38ba19d9deb7566cc8a420c27ada3f21 bytes=136 template=corpus origin=tests/corpus/obfuscation/seed-sensitive-functions.test.js
 PASS js-fuzzer-corpus-38ba19d9deb7.js [7903/10000] status=ok obs=a5bfc9e07964 coverage=+0/32/38 time=2ms
  RUN js-fuzzer-boundary-a6a77cc918cc.js [7904/10000] md5=a6a77cc918cc479b04ccb7be2bd80dac bytes=113 template=boundary origin=boundary:1
 PASS js-fuzzer-boundary-a6a77cc918cc.js [7904/10000] status=ok obs=c4ca4238a0b9 coverage=+0/32/38 time=1ms
  RUN js-fuzzer-arithmetic-a7176449f182.js [7905/10000] md5=a7176449f182ef9ce3b2189840d48acd bytes=85 template=arithmetic origin=seed:tests/corpus/regressions/multiple-functions-fib-add.test.js
 PASS js-fuzzer-arithmetic-a7176449f182.js [7905/10000] status=ok obs=bd686fd640be coverage=+0/32/38 time=2ms
  RUN js-fuzzer-function-9a24649f1cae.js [7906/10000] md5=9a24649f1caec2a9716934902cbac103 bytes=153 template=function origin=seed:tests/corpus/regressions/scope-compressed-closure-params.test.js
 PASS js-fuzzer-function-9a24649f1cae.js [7906/10000] status=ok obs=9bf31c7ff062 coverage=+0/32/38 time=2ms
  RUN js-fuzzer-array-object-a106370cbbeb.js [7907/10000] md5=a106370cbbebffa2e7cce59fc2e8640f bytes=133 template=array-object origin=seed:tests/corpus/runtime/arrays-objects-methods.test.js
 PASS js-fuzzer-array-object-a106370cbbeb.js [7907/10000] status=ok obs=6f4922f45568 coverage=+0/32/38 time=2ms
  RUN js-fuzzer-closure-2e0d9e5365b8.js [7908/10000] md5=2e0d9e5365b81fc89fa0e9620ceb2c72 bytes=184 template=closure origin=seed:tests/corpus/runtime/block-scopes.test.js
 PASS js-fuzzer-closure-2e0d9e5365b8.js [7908/10000] status=ok obs=17e62166fc85 coverage=+0/32/38 time=1ms
  RUN js-fuzzer-block-scope-3e2c416978ba.js [7909/10000] md5=3e2c416978bad3c15633c6ab91edad86 bytes=115 template=block-scope origin=seed:tests/corpus/runtime/class-fields-static-methods.test.js
 PASS js-fuzzer-block-scope-3e2c416978ba.js [7909/10000] status=ok obs=5f93f983524d coverage=+0/32/38 time=2ms
  RUN js-fuzzer-loop-bbf1d7a15d8d.js [7910/10000] md5=bbf1d7a15d8dd015402d75c0e0108b5f bytes=81 template=loop origin=seed:tests/corpus/runtime/classes-and-objects.test.js
 PASS js-fuzzer-loop-bbf1d7a15d8d.js [7910/10000] status=ok obs=1679091c5a88 coverage=+0/32/38 time=1ms
  RUN js-fuzzer-boundary-235131a2d0d1.js [7911/10000] md5=235131a2d0d184afe9327ca3bd456dde bytes=129 template=boundary origin=boundary:-9007199254740991
 PASS js-fuzzer-boundary-235131a2d0d1.js [7911/10000] status=ok obs=b3f3a95848f6 coverage=+0/32/38 time=2ms
  RUN js-fuzzer-corpus-08bc93bf5789.js [7912/10000] md5=08bc93bf57897bc88ce7161fe56cd099 bytes=169 template=corpus origin=tests/corpus/runtime/closures-read-captured-values.test.js
 PASS js-fuzzer-corpus-08bc93bf5789.js [7912/10000] status=ok obs=02e74f10e032 coverage=+0/32/38 time=2ms
  RUN js-fuzzer-arithmetic-d05dae61b0a0.js [7913/10000] md5=d05dae61b0a06c03d5608af0b3e7e086 bytes=84 template=arithmetic origin=seed:tests/corpus/runtime/exceptions-and-nullish.test.js
 PASS js-fuzzer-arithmetic-d05dae61b0a0.js [7913/10000] status=ok obs=eb163727917c coverage=+0/32/38 time=1ms
  RUN js-fuzzer-function-3e322d578629.js [7914/10000] md5=3e322d5786297aab4fec4c2fa56a2542 bytes=153 template=function origin=seed:tests/corpus/runtime/functions-closures-and-arrows.test.js
 PASS js-fuzzer-function-3e322d578629.js [7914/10000] status=ok obs=1679091c5a88 coverage=+0/32/38 time=2ms
  RUN js-fuzzer-array-object-a05bbc94775f.js [7915/10000] md5=a05bbc94775f893b32d28262753303dd bytes=133 template=array-object origin=seed:tests/corpus/runtime/lexical-shadowing.test.js
 PASS js-fuzzer-array-object-a05bbc94775f.js [7915/10000] status=ok obs=6512bd43d9ca coverage=+0/32/38 time=2ms
  RUN js-fuzzer-closure-d2f08418df20.js [7916/10000] md5=d2f08418df201a1137e443be1db56f56 bytes=184 template=closure origin=seed:tests/corpus/runtime/modules-export.test.js
 PASS js-fuzzer-closure-d2f08418df20.js [7916/10000] status=ok obs=d82c8d1619ad coverage=+0/32/38 time=1ms
  RUN js-fuzzer-block-scope-0c46317176e8.js [7917/10000] md5=0c46317176e854b8247f7e6459f04d02 bytes=114 template=block-scope origin=seed:tests/corpus/runtime/nested-try-finally.test.js
 PASS js-fuzzer-block-scope-0c46317176e8.js [7917/10000] status=ok obs=38b3eff8baf5 coverage=+0/32/38 time=2ms
  RUN js-fuzzer-boundary-4b8e58e2bd3b.js [7918/10000] md5=4b8e58e2bd3bc437f093fe0ab13ce109 bytes=123 template=boundary origin=boundary:-2147483648
 PASS js-fuzzer-boundary-4b8e58e2bd3b.js [7918/10000] status=ok obs=034ff5946105 coverage=+0/32/38 time=2ms
  RUN js-fuzzer-try-catch-f24fba189d45.js [7919/10000] md5=f24fba189d4541ce9d4809156ecb450c bytes=110 template=try-catch origin=seed:tests/corpus/syntax/logical-unary-nullish.test.js
 PASS js-fuzzer-try-catch-f24fba189d45.js [7919/10000] status=ok obs=1ff1de774005 coverage=+0/32/38 time=1ms
  RUN js-fuzzer-class-6736c24444bc.js [7920/10000] md5=6736c24444bc6ff151b05a9a974ae4d5 bytes=100 template=class origin=seed:tests/corpus/syntax/object-destructure-and-members.test.js
 PASS js-fuzzer-class-6736c24444bc.js [7920/10000] status=ok obs=45c48cce2e2d coverage=+0/32/38 time=2ms
  RUN js-fuzzer-corpus-2aed353a2d20.js [7921/10000] md5=2aed353a2d200d64cbaf7beb40face20 bytes=275 template=corpus origin=tests/corpus/syntax/switch-do-while-sequence.test.js
 PASS js-fuzzer-corpus-2aed353a2d20.js [7921/10000] status=ok obs=6f4922f45568 coverage=+0/32/38 time=2ms
  RUN js-fuzzer-function-53ef3ed61b76.js [7922/10000] md5=53ef3ed61b76dc45be6c66e5b3206216 bytes=153 template=function origin=seed:tests/corpus/syntax/template-array-destructure.test.js
 PASS js-fuzzer-function-53ef3ed61b76.js [7922/10000] status=ok obs=70efdf2ec9b0 coverage=+0/32/38 time=2ms
  RUN js-fuzzer-array-object-3e061f21d3f1.js [7923/10000] md5=3e061f21d3f1952ec8cdd3e762a65b59 bytes=133 template=array-object origin=seed:tests/corpus/syntax/typescript-assertions.test.ts
 PASS js-fuzzer-array-object-3e061f21d3f1.js [7923/10000] status=ok obs=c9f0f895fb98 coverage=+0/32/38 time=1ms
  RUN js-fuzzer-closure-29e68e76f867.js [7924/10000] md5=29e68e76f867dc0cde73cb89c924d016 bytes=185 template=closure origin=seed:tests/corpus/syntax/typescript-non-null-satisfies.test.ts
 PASS js-fuzzer-closure-29e68e76f867.js [7924/10000] status=ok obs=3416a75f4cea coverage=+0/32/38 time=2ms
  RUN js-fuzzer-boundary-4ae25cb2e150.js [7925/10000] md5=4ae25cb2e15083bfca9f6b81b3f9f24b bytes=114 template=boundary origin=boundary:-2
 PASS js-fuzzer-boundary-4ae25cb2e150.js [7925/10000] status=ok obs=5d7b9adcbe1c coverage=+0/32/38 time=2ms
  RUN js-fuzzer-loop-d35707ad0bf7.js [7926/10000] md5=d35707ad0bf74148f671ad8943998af6 bytes=81 template=loop origin=seed:tests/corpus/fixtures/state-machine-workflow.test.js
 PASS js-fuzzer-loop-d35707ad0bf7.js [7926/10000] status=ok obs=9bf31c7ff062 coverage=+0/32/38 time=2ms
  RUN js-fuzzer-try-catch-136d1b3d4ffd.js [7927/10000] md5=136d1b3d4ffdac816022c9faabe622ca bytes=110 template=try-catch origin=seed:tests/corpus/fixtures/vue-script-workflow.test.vue
 PASS js-fuzzer-try-catch-136d1b3d4ffd.js [7927/10000] status=ok obs=9bf31c7ff062 coverage=+0/32/38 time=1ms
  RUN js-fuzzer-class-769274f77fa6.js [7928/10000] md5=769274f77fa62254ce7e0eb0e3adf7f1 bytes=100 template=class origin=seed:tests/corpus/obfuscation/constant-tag-mix.test.js
 PASS js-fuzzer-class-769274f77fa6.js [7928/10000] status=ok obs=c4ca4238a0b9 coverage=+0/32/38 time=1ms
  RUN js-fuzzer-arithmetic-81c67813ed03.js [7929/10000] md5=81c67813ed0383284a394482b2c52929 bytes=86 template=arithmetic origin=seed:tests/corpus/obfuscation/extern-slot-permutation.test.js
 PASS js-fuzzer-arithmetic-81c67813ed03.js [7929/10000] status=ok obs=b3967a0e938d coverage=+0/32/38 time=2ms
  RUN js-fuzzer-corpus-efd663ac427b.js [7930/10000] md5=efd663ac427b5ca270b2f8b928c902bf bytes=112 template=corpus origin=tests/corpus/obfuscation/externs-console.test.js
 PASS js-fuzzer-corpus-efd663ac427b.js [7930/10000] status=ok obs=d289993e39c8 coverage=+0/32/38 time=1ms
  RUN js-fuzzer-array-object-c1cdc91aacc2.js [7931/10000] md5=c1cdc91aacc2248666920f648db629ca bytes=133 template=array-object origin=seed:tests/corpus/obfuscation/seed-sensitive-functions.test.js
 PASS js-fuzzer-array-object-c1cdc91aacc2.js [7931/10000] status=ok obs=c51ce410c124 coverage=+0/32/38 time=2ms
  RUN js-fuzzer-boundary-3d1d4e90ebd9.js [7932/10000] md5=3d1d4e90ebd99aad7ece59efc98f7563 bytes=114 template=boundary origin=boundary:-1
 PASS js-fuzzer-boundary-3d1d4e90ebd9.js [7932/10000] status=ok obs=6bb61e3b7bce coverage=+0/32/38 time=2ms
  RUN js-fuzzer-block-scope-278e1355754c.js [7933/10000] md5=278e1355754cd4ed42a12b75127f78a4 bytes=114 template=block-scope origin=seed:tests/corpus/regressions/multiple-functions-fib-add.test.js
 PASS js-fuzzer-block-scope-278e1355754c.js [7933/10000] status=ok obs=a97da629b098 coverage=+0/32/38 time=1ms
  RUN js-fuzzer-loop-f495ca2fc638.js [7934/10000] md5=f495ca2fc6389f933578fc501f5b1465 bytes=81 template=loop origin=seed:tests/corpus/regressions/scope-compressed-closure-params.test.js
 PASS js-fuzzer-loop-f495ca2fc638.js [7934/10000] status=ok obs=c4ca4238a0b9 coverage=+0/32/38 time=2ms
  RUN js-fuzzer-try-catch-85daf11db7ec.js [7935/10000] md5=85daf11db7ec5f71a0e05a86a536d94d bytes=110 template=try-catch origin=seed:tests/corpus/runtime/arrays-objects-methods.test.js
 PASS js-fuzzer-try-catch-85daf11db7ec.js [7935/10000] status=ok obs=f7177163c833 coverage=+0/32/38 time=1ms
  RUN js-fuzzer-class-d8979b510eb0.js [7936/10000] md5=d8979b510eb085c9e0e846586f80f265 bytes=101 template=class origin=seed:tests/corpus/runtime/block-scopes.test.js
 PASS js-fuzzer-class-d8979b510eb0.js [7936/10000] status=ok obs=c74d97b01eae coverage=+0/32/38 time=2ms
  RUN js-fuzzer-arithmetic-6502485c57e4.js [7937/10000] md5=6502485c57e49519b5e699591cb61c85 bytes=85 template=arithmetic origin=seed:tests/corpus/runtime/class-fields-static-methods.test.js
 PASS js-fuzzer-arithmetic-6502485c57e4.js [7937/10000] status=ok obs=9188905e74c2 coverage=+0/32/38 time=2ms
  RUN js-fuzzer-function-cb7d7d91d83d.js [7938/10000] md5=cb7d7d91d83d165500656240f14cd1fc bytes=153 template=function origin=seed:tests/corpus/runtime/classes-and-objects.test.js
 PASS js-fuzzer-function-cb7d7d91d83d.js [7938/10000] status=ok obs=8f14e45fceea coverage=+0/32/38 time=1ms
  RUN js-fuzzer-corpus-ddcb99247fc8.js [7939/10000] md5=ddcb99247fc847c897b97c6bd6512b9f bytes=217 template=corpus origin=tests/corpus/runtime/closures-mutate-captured-bindings.test.js
 PASS js-fuzzer-corpus-ddcb99247fc8.js [7939/10000] status=ok obs=e4da3b7fbbce coverage=+0/32/38 time=2ms
  RUN js-fuzzer-closure-e61ea68494b9.js [7940/10000] md5=e61ea68494b96c38db893dd1442dc406 bytes=184 template=closure origin=seed:tests/corpus/runtime/closures-read-captured-values.test.js
 PASS js-fuzzer-closure-e61ea68494b9.js [7940/10000] status=ok obs=093f65e080a2 coverage=+0/32/38 time=1ms
  RUN js-fuzzer-block-scope-9dc0e86aca83.js [7941/10000] md5=9dc0e86aca83286834d822ec0fa34c95 bytes=114 template=block-scope origin=seed:tests/corpus/runtime/exceptions-and-nullish.test.js
 PASS js-fuzzer-block-scope-9dc0e86aca83.js [7941/10000] status=ok obs=ec8956637a99 coverage=+0/32/38 time=1ms
  RUN js-fuzzer-loop-d35707ad0bf7.js [7942/10000] md5=d35707ad0bf74148f671ad8943998af6 bytes=81 template=loop origin=seed:tests/corpus/runtime/functions-closures-and-arrows.test.js
 PASS js-fuzzer-loop-d35707ad0bf7.js [7942/10000] status=ok obs=9bf31c7ff062 coverage=+0/32/38 time=2ms
  RUN js-fuzzer-try-catch-136d1b3d4ffd.js [7943/10000] md5=136d1b3d4ffdac816022c9faabe622ca bytes=110 template=try-catch origin=seed:tests/corpus/runtime/lexical-shadowing.test.js
 PASS js-fuzzer-try-catch-136d1b3d4ffd.js [7943/10000] status=ok obs=9bf31c7ff062 coverage=+0/32/38 time=2ms
  RUN js-fuzzer-class-6736c24444bc.js [7944/10000] md5=6736c24444bc6ff151b05a9a974ae4d5 bytes=100 template=class origin=seed:tests/corpus/runtime/modules-export.test.js
 PASS js-fuzzer-class-6736c24444bc.js [7944/10000] status=ok obs=45c48cce2e2d coverage=+0/32/38 time=1ms
  RUN js-fuzzer-arithmetic-4dfbd1575e98.js [7945/10000] md5=4dfbd1575e988f456fb4f1237f9b62d1 bytes=83 template=arithmetic origin=seed:tests/corpus/runtime/nested-try-finally.test.js
 PASS js-fuzzer-arithmetic-4dfbd1575e98.js [7945/10000] status=ok obs=6c8349cc7260 coverage=+0/32/38 time=2ms
  RUN js-fuzzer-boundary-83aee5cf07de.js [7946/10000] md5=83aee5cf07deb9d5ce59aec8aff7a227 bytes=128 template=boundary origin=boundary:9007199254740991
 PASS js-fuzzer-boundary-83aee5cf07de.js [7946/10000] status=ok obs=8bfa9ad090fb coverage=+0/32/38 time=1ms
  RUN js-fuzzer-array-object-36552d137b60.js [7947/10000] md5=36552d137b605430f6d637e6a483ca25 bytes=133 template=array-object origin=seed:tests/corpus/syntax/logical-unary-nullish.test.js
 PASS js-fuzzer-array-object-36552d137b60.js [7947/10000] status=ok obs=c74d97b01eae coverage=+0/32/38 time=2ms
  RUN js-fuzzer-corpus-96ebdcb81273.js [7948/10000] md5=96ebdcb81273f0e5e5778a6c70c94988 bytes=171 template=corpus origin=tests/corpus/syntax/object-destructure-and-members.test.js
 PASS js-fuzzer-corpus-96ebdcb81273.js [7948/10000] status=ok obs=bfad8dfa12ed coverage=+0/32/38 time=2ms
  RUN js-fuzzer-block-scope-9d04571cdd31.js [7949/10000] md5=9d04571cdd314c55cb5d670f68383a18 bytes=114 template=block-scope origin=seed:tests/corpus/syntax/switch-do-while-sequence.test.js
 PASS js-fuzzer-block-scope-9d04571cdd31.js [7949/10000] status=ok obs=38b3eff8baf5 coverage=+0/32/38 time=1ms
  RUN js-fuzzer-loop-bbf1d7a15d8d.js [7950/10000] md5=bbf1d7a15d8dd015402d75c0e0108b5f bytes=81 template=loop origin=seed:tests/corpus/syntax/template-array-destructure.test.js
 PASS js-fuzzer-loop-bbf1d7a15d8d.js [7950/10000] status=ok obs=1679091c5a88 coverage=+0/32/38 time=2ms
  RUN js-fuzzer-try-catch-18b0b31fe014.js [7951/10000] md5=18b0b31fe014e787990869dd8a5ff18b bytes=110 template=try-catch origin=seed:tests/corpus/syntax/typescript-assertions.test.ts
 PASS js-fuzzer-try-catch-18b0b31fe014.js [7951/10000] status=ok obs=aab3238922bc coverage=+0/32/38 time=2ms
  RUN js-fuzzer-class-769274f77fa6.js [7952/10000] md5=769274f77fa62254ce7e0eb0e3adf7f1 bytes=100 template=class origin=seed:tests/corpus/syntax/typescript-non-null-satisfies.test.ts
 PASS js-fuzzer-class-769274f77fa6.js [7952/10000] status=ok obs=c4ca4238a0b9 coverage=+0/32/38 time=1ms
  RUN js-fuzzer-boundary-5c12d757f0dd.js [7953/10000] md5=5c12d757f0ddd5c6b1207b14fb1e8d0c bytes=122 template=boundary origin=boundary:2147483647
 PASS js-fuzzer-boundary-5c12d757f0dd.js [7953/10000] status=ok obs=c588c0a459f4 coverage=+0/32/38 time=2ms
  RUN js-fuzzer-function-134a85d12098.js [7954/10000] md5=134a85d120985077bd24a3a53ac64560 bytes=153 template=function origin=seed:tests/corpus/fixtures/state-machine-workflow.test.js
 PASS js-fuzzer-function-134a85d12098.js [7954/10000] status=ok obs=1679091c5a88 coverage=+0/32/38 time=2ms
  RUN js-fuzzer-array-object-7b1bea005c9f.js [7955/10000] md5=7b1bea005c9fb79dc556f7258bfce397 bytes=133 template=array-object origin=seed:tests/corpus/fixtures/vue-script-workflow.test.vue
 PASS js-fuzzer-array-object-7b1bea005c9f.js [7955/10000] status=ok obs=d3d9446802a4 coverage=+0/32/38 time=1ms
  RUN js-fuzzer-closure-e6fce2d27012.js [7956/10000] md5=e6fce2d27012748395d8d7ad4e63501a bytes=183 template=closure origin=seed:tests/corpus/obfuscation/constant-tag-mix.test.js
 PASS js-fuzzer-closure-e6fce2d27012.js [7956/10000] status=ok obs=c51ce410c124 coverage=+0/32/38 time=2ms
  RUN js-fuzzer-corpus-fe2d30a6e413.js [7957/10000] md5=fe2d30a6e4139e7a8b52405bed737faa bytes=220 template=corpus origin=tests/corpus/obfuscation/extern-slot-permutation.test.js
 PASS js-fuzzer-corpus-fe2d30a6e413.js [7957/10000] status=ok obs=c34c702d0256 coverage=+0/32/38 time=2ms
  RUN js-fuzzer-loop-f495ca2fc638.js [7958/10000] md5=f495ca2fc6389f933578fc501f5b1465 bytes=81 template=loop origin=seed:tests/corpus/obfuscation/externs-console.test.js
 PASS js-fuzzer-loop-f495ca2fc638.js [7958/10000] status=ok obs=c4ca4238a0b9 coverage=+0/32/38 time=1ms
  RUN js-fuzzer-try-catch-676dafc46859.js [7959/10000] md5=676dafc4685905581f3925e95c53669f bytes=110 template=try-catch origin=seed:tests/corpus/obfuscation/seed-sensitive-functions.test.js
 PASS js-fuzzer-try-catch-676dafc46859.js [7959/10000] status=ok obs=a5771bce93e2 coverage=+0/32/38 time=2ms
  RUN js-fuzzer-boundary-221618e58a55.js [7960/10000] md5=221618e58a55537e4dc7530ef9f57aaf bytes=113 template=boundary origin=boundary:2
 PASS js-fuzzer-boundary-221618e58a55.js [7960/10000] status=ok obs=c81e728d9d4c coverage=+0/32/38 time=2ms
  RUN js-fuzzer-arithmetic-17f65875eab9.js [7961/10000] md5=17f65875eab9a5d4fd00208e1baf7046 bytes=85 template=arithmetic origin=seed:tests/corpus/regressions/multiple-functions-fib-add.test.js
 PASS js-fuzzer-arithmetic-17f65875eab9.js [7961/10000] status=ok obs=077e29b11be8 coverage=+0/32/38 time=1ms
  RUN js-fuzzer-function-9a24649f1cae.js [7962/10000] md5=9a24649f1caec2a9716934902cbac103 bytes=153 template=function origin=seed:tests/corpus/regressions/scope-compressed-closure-params.test.js
 PASS js-fuzzer-function-9a24649f1cae.js [7962/10000] status=ok obs=9bf31c7ff062 coverage=+0/32/38 time=2ms
  RUN js-fuzzer-array-object-3bcfec50431f.js [7963/10000] md5=3bcfec50431f403e11aba80dba88f312 bytes=133 template=array-object origin=seed:tests/corpus/runtime/arrays-objects-methods.test.js
 PASS js-fuzzer-array-object-3bcfec50431f.js [7963/10000] status=ok obs=c20ad4d76fe9 coverage=+0/32/38 time=2ms
  RUN js-fuzzer-closure-120062731571.js [7964/10000] md5=12006273157171109907ba017ec6f555 bytes=183 template=closure origin=seed:tests/corpus/runtime/block-scopes.test.js
 PASS js-fuzzer-closure-120062731571.js [7964/10000] status=ok obs=c16a5320fa47 coverage=+0/32/38 time=2ms
  RUN js-fuzzer-block-scope-40a5982cf768.js [7965/10000] md5=40a5982cf768ebd078e685651f781b85 bytes=114 template=block-scope origin=seed:tests/corpus/runtime/class-fields-static-methods.test.js
 PASS js-fuzzer-block-scope-40a5982cf768.js [7965/10000] status=ok obs=ec8956637a99 coverage=+0/32/38 time=1ms
  RUN js-fuzzer-corpus-663bf83cd082.js [7966/10000] md5=663bf83cd082bd221441dae6bbc85046 bytes=278 template=corpus origin=tests/corpus/runtime/classes-and-objects.test.js
 PASS js-fuzzer-corpus-663bf83cd082.js [7966/10000] status=ok obs=6f4922f45568 coverage=+0/32/38 time=2ms
  RUN js-fuzzer-boundary-3ca041277ff0.js [7967/10000] md5=3ca041277ff0c3edafc1a1dcaf120940 bytes=113 template=boundary origin=boundary:1
 PASS js-fuzzer-boundary-3ca041277ff0.js [7967/10000] status=ok obs=c4ca4238a0b9 coverage=+0/32/38 time=2ms
  RUN js-fuzzer-class-3b630e2d834a.js [7968/10000] md5=3b630e2d834a95a01ee75571f8bc0075 bytes=101 template=class origin=seed:tests/corpus/runtime/closures-read-captured-values.test.js
 PASS js-fuzzer-class-3b630e2d834a.js [7968/10000] status=ok obs=6512bd43d9ca coverage=+0/32/38 time=1ms
  RUN js-fuzzer-arithmetic-f392f2ea372b.js [7969/10000] md5=f392f2ea372b2eb94fd4b8bc060223b5 bytes=83 template=arithmetic origin=seed:tests/corpus/runtime/exceptions-and-nullish.test.js
 PASS js-fuzzer-arithmetic-f392f2ea372b.js [7969/10000] status=ok obs=6ea9ab1baa0e coverage=+0/32/38 time=2ms
  RUN js-fuzzer-function-831f4ac0cd0e.js [7970/10000] md5=831f4ac0cd0ee5c472d5e3bccfaabf34 bytes=153 template=function origin=seed:tests/corpus/runtime/functions-closures-and-arrows.test.js
 PASS js-fuzzer-function-831f4ac0cd0e.js [7970/10000] status=ok obs=c9f0f895fb98 coverage=+0/32/38 time=2ms
  RUN js-fuzzer-array-object-4cb4bda8152a.js [7971/10000] md5=4cb4bda8152a7a3a5e86ec09bc274b54 bytes=133 template=array-object origin=seed:tests/corpus/runtime/lexical-shadowing.test.js
 PASS js-fuzzer-array-object-4cb4bda8152a.js [7971/10000] status=ok obs=98f137082101 coverage=+0/32/38 time=1ms
  RUN js-fuzzer-closure-1f061ddf9fab.js [7972/10000] md5=1f061ddf9fab95292f2a33d9f74f19b5 bytes=184 template=closure origin=seed:tests/corpus/runtime/modules-export.test.js
 PASS js-fuzzer-closure-1f061ddf9fab.js [7972/10000] status=ok obs=14bfa6bb1487 coverage=+0/32/38 time=2ms
  RUN js-fuzzer-block-scope-28451b696e95.js [7973/10000] md5=28451b696e955d73172358244fc51400 bytes=114 template=block-scope origin=seed:tests/corpus/runtime/nested-try-finally.test.js
 PASS js-fuzzer-block-scope-28451b696e95.js [7973/10000] status=ok obs=c9e1074f5b3f coverage=+0/32/38 time=2ms
  RUN js-fuzzer-boundary-e62759fbe8d3.js [7974/10000] md5=e62759fbe8d36ad2cfb89a0f8bac18b9 bytes=129 template=boundary origin=boundary:-9007199254740991
 PASS js-fuzzer-boundary-e62759fbe8d3.js [7974/10000] status=ok obs=b3f3a95848f6 coverage=+0/32/38 time=1ms
  RUN js-fuzzer-corpus-279b64032335.js [7975/10000] md5=279b640323351a1b082b98b42d2a2d55 bytes=134 template=corpus origin=tests/corpus/syntax/logical-unary-nullish.test.js
 PASS js-fuzzer-corpus-279b64032335.js [7975/10000] status=ok obs=45c48cce2e2d coverage=+0/32/38 time=2ms
  RUN js-fuzzer-class-47fbd3db5853.js [7976/10000] md5=47fbd3db58539fc2e42627a4f3168c79 bytes=101 template=class origin=seed:tests/corpus/syntax/object-destructure-and-members.test.js
 PASS js-fuzzer-class-47fbd3db5853.js [7976/10000] status=ok obs=98f137082101 coverage=+0/32/38 time=2ms
  RUN js-fuzzer-arithmetic-832f58e6e78e.js [7977/10000] md5=832f58e6e78ee107b03b2b90c882a04c bytes=85 template=arithmetic origin=seed:tests/corpus/syntax/switch-do-while-sequence.test.js
 PASS js-fuzzer-arithmetic-832f58e6e78e.js [7977/10000] status=ok obs=f0935e4cd592 coverage=+0/32/38 time=1ms
  RUN js-fuzzer-function-3c5d7cd75696.js [7978/10000] md5=3c5d7cd75696cd405bd2fe4a10121d7f bytes=153 template=function origin=seed:tests/corpus/syntax/template-array-destructure.test.js
 PASS js-fuzzer-function-3c5d7cd75696.js [7978/10000] status=ok obs=c20ad4d76fe9 coverage=+0/32/38 time=2ms
  RUN js-fuzzer-array-object-8d22919a67dd.js [7979/10000] md5=8d22919a67ddfc159d7fc0a15bb1270f bytes=133 template=array-object origin=seed:tests/corpus/syntax/typescript-assertions.test.ts
 PASS js-fuzzer-array-object-8d22919a67dd.js [7979/10000] status=ok obs=c20ad4d76fe9 coverage=+0/32/38 time=2ms
  RUN js-fuzzer-closure-3bc416d08989.js [7980/10000] md5=3bc416d089890a96578678828c18498b bytes=184 template=closure origin=seed:tests/corpus/syntax/typescript-non-null-satisfies.test.ts
 PASS js-fuzzer-closure-3bc416d08989.js [7980/10000] status=ok obs=6c8349cc7260 coverage=+0/32/38 time=2ms
  RUN js-fuzzer-boundary-205872a6e44c.js [7981/10000] md5=205872a6e44c1ea0cf94554af934fb09 bytes=123 template=boundary origin=boundary:-2147483648
 PASS js-fuzzer-boundary-205872a6e44c.js [7981/10000] status=ok obs=034ff5946105 coverage=+0/32/38 time=1ms
  RUN js-fuzzer-loop-d35707ad0bf7.js [7982/10000] md5=d35707ad0bf74148f671ad8943998af6 bytes=81 template=loop origin=seed:tests/corpus/fixtures/state-machine-workflow.test.js
 PASS js-fuzzer-loop-d35707ad0bf7.js [7982/10000] status=ok obs=9bf31c7ff062 coverage=+0/32/38 time=2ms
  RUN js-fuzzer-try-catch-394293a01c1f.js [7983/10000] md5=394293a01c1f5412b61d69cb8738d61b bytes=110 template=try-catch origin=seed:tests/corpus/fixtures/vue-script-workflow.test.vue
 PASS js-fuzzer-try-catch-394293a01c1f.js [7983/10000] status=ok obs=c74d97b01eae coverage=+0/32/38 time=1ms
  RUN js-fuzzer-corpus-f00ef18b0a17.js [7984/10000] md5=f00ef18b0a172b2a2d9833f5b7fe94e2 bytes=199 template=corpus origin=tests/corpus/obfuscation/constant-tag-mix.test.js
 PASS js-fuzzer-corpus-f00ef18b0a17.js [7984/10000] status=ok obs=e86823f38986 coverage=+0/32/38 time=2ms
  RUN js-fuzzer-arithmetic-f8af2a718d1d.js [7985/10000] md5=f8af2a718d1d2ec6b92f621dc0d225d9 bytes=83 template=arithmetic origin=seed:tests/corpus/obfuscation/extern-slot-permutation.test.js
 PASS js-fuzzer-arithmetic-f8af2a718d1d.js [7985/10000] status=ok obs=a1d0c6e83f02 coverage=+0/32/38 time=2ms
  RUN js-fuzzer-function-f9a15ede1a13.js [7986/10000] md5=f9a15ede1a136ec60ae593fd7d4d8635 bytes=153 template=function origin=seed:tests/corpus/obfuscation/externs-console.test.js
 PASS js-fuzzer-function-f9a15ede1a13.js [7986/10000] status=ok obs=d3d9446802a4 coverage=+0/32/38 time=2ms
  RUN js-fuzzer-array-object-d9fd37da450a.js [7987/10000] md5=d9fd37da450a113573b889b07264f8f0 bytes=133 template=array-object origin=seed:tests/corpus/obfuscation/seed-sensitive-functions.test.js
 PASS js-fuzzer-array-object-d9fd37da450a.js [7987/10000] status=ok obs=c20ad4d76fe9 coverage=+0/32/38 time=1ms
  RUN js-fuzzer-boundary-db03eeac3914.js [7988/10000] md5=db03eeac3914e8f0a7bfea9eefe9f0de bytes=114 template=boundary origin=boundary:-2
 PASS js-fuzzer-boundary-db03eeac3914.js [7988/10000] status=ok obs=5d7b9adcbe1c coverage=+0/32/38 time=2ms
  RUN js-fuzzer-block-scope-abe4791afcdb.js [7989/10000] md5=abe4791afcdb021f11eb2a51d3daa235 bytes=114 template=block-scope origin=seed:tests/corpus/regressions/multiple-functions-fib-add.test.js
 PASS js-fuzzer-block-scope-abe4791afcdb.js [7989/10000] status=ok obs=a3c65c297427 coverage=+0/32/38 time=2ms
  RUN js-fuzzer-loop-55c7c905bffb.js [7990/10000] md5=55c7c905bffb4bbbc4c8fb9b91df6ad8 bytes=81 template=loop origin=seed:tests/corpus/regressions/scope-compressed-closure-params.test.js
 PASS js-fuzzer-loop-55c7c905bffb.js [7990/10000] status=ok obs=eccbc87e4b5c coverage=+0/32/38 time=1ms
  RUN js-fuzzer-try-catch-dd0b1ef9b53e.js [7991/10000] md5=dd0b1ef9b53e3ee92bf7cc86c8d4101e bytes=110 template=try-catch origin=seed:tests/corpus/runtime/arrays-objects-methods.test.js
 PASS js-fuzzer-try-catch-dd0b1ef9b53e.js [7991/10000] status=ok obs=642e92efb794 coverage=+0/32/38 time=2ms
  RUN js-fuzzer-class-d2b3669b495d.js [7992/10000] md5=d2b3669b495dd4792f9e1509f2bbf8a7 bytes=100 template=class origin=seed:tests/corpus/runtime/block-scopes.test.js
 PASS js-fuzzer-class-d2b3669b495d.js [7992/10000] status=ok obs=eccbc87e4b5c coverage=+0/32/38 time=2ms
  RUN js-fuzzer-corpus-a64e83c2f849.js [7993/10000] md5=a64e83c2f84925dca8985eabe963ee21 bytes=179 template=corpus origin=tests/corpus/runtime/class-fields-static-methods.test.js
 PASS js-fuzzer-corpus-a64e83c2f849.js [7993/10000] status=ok obs=8f14e45fceea coverage=+0/32/38 time=1ms
  RUN js-fuzzer-function-c472354a037a.js [7994/10000] md5=c472354a037a48d197cd60b4e04af6e0 bytes=153 template=function origin=seed:tests/corpus/runtime/classes-and-objects.test.js
 PASS js-fuzzer-function-c472354a037a.js [7994/10000] status=ok obs=02e74f10e032 coverage=+0/32/38 time=3ms
  RUN js-fuzzer-boundary-7f379f781f4f.js [7995/10000] md5=7f379f781f4f9844733fb0f4c5d8aa15 bytes=114 template=boundary origin=boundary:-1
 PASS js-fuzzer-boundary-7f379f781f4f.js [7995/10000] status=ok obs=6bb61e3b7bce coverage=+0/32/38 time=1ms
  RUN js-fuzzer-closure-a3a2052ff233.js [7996/10000] md5=a3a2052ff233cac993245f2bdac71053 bytes=185 template=closure origin=seed:tests/corpus/runtime/closures-read-captured-values.test.js
 PASS js-fuzzer-closure-a3a2052ff233.js [7996/10000] status=ok obs=d09bf41544a3 coverage=+0/32/38 time=2ms
  RUN js-fuzzer-block-scope-1aea42ff83c7.js [7997/10000] md5=1aea42ff83c7426f6beafa17777ff418 bytes=114 template=block-scope origin=seed:tests/corpus/runtime/exceptions-and-nullish.test.js
 PASS js-fuzzer-block-scope-1aea42ff83c7.js [7997/10000] status=ok obs=a3c65c297427 coverage=+0/32/38 time=1ms
  RUN js-fuzzer-loop-f495ca2fc638.js [7998/10000] md5=f495ca2fc6389f933578fc501f5b1465 bytes=81 template=loop origin=seed:tests/corpus/runtime/functions-closures-and-arrows.test.js
 PASS js-fuzzer-loop-f495ca2fc638.js [7998/10000] status=ok obs=c4ca4238a0b9 coverage=+0/32/38 time=2ms
  RUN js-fuzzer-try-catch-c5263a4b0fbd.js [7999/10000] md5=c5263a4b0fbd119742a040447111f34b bytes=109 template=try-catch origin=seed:tests/corpus/runtime/lexical-shadowing.test.js
 PASS js-fuzzer-try-catch-c5263a4b0fbd.js [7999/10000] status=ok obs=8f14e45fceea coverage=+0/32/38 time=2ms
  RUN js-fuzzer-class-c0844991889f.js [8000/10000] md5=c0844991889f03308712cd6bc6b7c31c bytes=101 template=class origin=seed:tests/corpus/runtime/modules-export.test.js
 PASS js-fuzzer-class-c0844991889f.js [8000/10000] status=ok obs=70efdf2ec9b0 coverage=+0/32/38 time=1ms
  RUN js-fuzzer-arithmetic-a4caa80549b2.js [8001/10000] md5=a4caa80549b208353b9f109d64ab2754 bytes=84 template=arithmetic origin=seed:tests/corpus/runtime/nested-try-finally.test.js
 PASS js-fuzzer-arithmetic-a4caa80549b2.js [8001/10000] status=ok obs=d645920e395f coverage=+0/32/38 time=2ms
  RUN js-fuzzer-corpus-89e900fcb72f.js [8002/10000] md5=89e900fcb72ff838bfe9a13ae091363f bytes=228 template=corpus origin=tests/corpus/syntax/control-flow-and-operators.test.js
 PASS js-fuzzer-corpus-89e900fcb72f.js [8002/10000] status=ok obs=aab3238922bc coverage=+0/32/38 time=2ms
  RUN js-fuzzer-array-object-14d9236c35b8.js [8003/10000] md5=14d9236c35b857ff0b46b348840e4d24 bytes=133 template=array-object origin=seed:tests/corpus/syntax/logical-unary-nullish.test.js
 PASS js-fuzzer-array-object-14d9236c35b8.js [8003/10000] status=ok obs=70efdf2ec9b0 coverage=+0/32/38 time=1ms
  RUN js-fuzzer-closure-4a49aa0a08a3.js [8004/10000] md5=4a49aa0a08a34a87008cfcd869316d61 bytes=183 template=closure origin=seed:tests/corpus/syntax/object-destructure-and-members.test.js
 PASS js-fuzzer-closure-4a49aa0a08a3.js [8004/10000] status=ok obs=3c59dc048e88 coverage=+0/32/38 time=2ms
  RUN js-fuzzer-block-scope-6c0b222ddc47.js [8005/10000] md5=6c0b222ddc47d7dd8ad0d2cf6f93b269 bytes=114 template=block-scope origin=seed:tests/corpus/syntax/switch-do-while-sequence.test.js
 PASS js-fuzzer-block-scope-6c0b222ddc47.js [8005/10000] status=ok obs=2723d092b638 coverage=+0/32/38 time=2ms
  RUN js-fuzzer-loop-55c7c905bffb.js [8006/10000] md5=55c7c905bffb4bbbc4c8fb9b91df6ad8 bytes=81 template=loop origin=seed:tests/corpus/syntax/template-array-destructure.test.js
 PASS js-fuzzer-loop-55c7c905bffb.js [8006/10000] status=ok obs=eccbc87e4b5c coverage=+0/32/38 time=1ms
  RUN js-fuzzer-try-catch-a4e2330c4919.js [8007/10000] md5=a4e2330c49196805169dbf8449e466fa bytes=110 template=try-catch origin=seed:tests/corpus/syntax/typescript-assertions.test.ts
 PASS js-fuzzer-try-catch-a4e2330c4919.js [8007/10000] status=ok obs=3c59dc048e88 coverage=+0/32/38 time=2ms
  RUN js-fuzzer-class-c0844991889f.js [8008/10000] md5=c0844991889f03308712cd6bc6b7c31c bytes=101 template=class origin=seed:tests/corpus/syntax/typescript-non-null-satisfies.test.ts
 PASS js-fuzzer-class-c0844991889f.js [8008/10000] status=ok obs=70efdf2ec9b0 coverage=+0/32/38 time=1ms
  RUN js-fuzzer-boundary-4bea2a6e0cb0.js [8009/10000] md5=4bea2a6e0cb0c7bb0b29e5b5d44112d8 bytes=128 template=boundary origin=boundary:9007199254740991
 PASS js-fuzzer-boundary-4bea2a6e0cb0.js [8009/10000] status=ok obs=dc9a0d67a31d coverage=+0/32/38 time=2ms
  RUN js-fuzzer-function-be199ff518ed.js [8010/10000] md5=be199ff518edad2305aebc8ea703ea8f bytes=153 template=function origin=seed:tests/corpus/fixtures/state-machine-workflow.test.js
 PASS js-fuzzer-function-be199ff518ed.js [8010/10000] status=ok obs=a87ff679a2f3 coverage=+0/32/38 time=2ms
  RUN js-fuzzer-corpus-f722388c7961.js [8011/10000] md5=f722388c7961d2a0288508c35f28a5f8 bytes=96 template=corpus origin=tests/corpus/fixtures/vue-script-workflow.test.vue
 PASS js-fuzzer-corpus-f722388c7961.js [8011/10000] status=ok obs=6512bd43d9ca coverage=+0/32/38 time=1ms
  RUN js-fuzzer-closure-b2d96708825a.js [8012/10000] md5=b2d96708825ae742f57a9a36810b328e bytes=184 template=closure origin=seed:tests/corpus/obfuscation/constant-tag-mix.test.js
 PASS js-fuzzer-closure-b2d96708825a.js [8012/10000] status=ok obs=72b32a1f754b coverage=+0/32/38 time=2ms
  RUN js-fuzzer-block-scope-92fded31019c.js [8013/10000] md5=92fded31019c366b63c0d84345739f9a bytes=114 template=block-scope origin=seed:tests/corpus/obfuscation/extern-slot-permutation.test.js
 PASS js-fuzzer-block-scope-92fded31019c.js [8013/10000] status=ok obs=65b9eea6e1cc coverage=+0/32/38 time=2ms
  RUN js-fuzzer-loop-f495ca2fc638.js [8014/10000] md5=f495ca2fc6389f933578fc501f5b1465 bytes=81 template=loop origin=seed:tests/corpus/obfuscation/externs-console.test.js
 PASS js-fuzzer-loop-f495ca2fc638.js [8014/10000] status=ok obs=c4ca4238a0b9 coverage=+0/32/38 time=1ms
  RUN js-fuzzer-try-catch-949865ef2d04.js [8015/10000] md5=949865ef2d045cce3ed2d503f7e03e63 bytes=110 template=try-catch origin=seed:tests/corpus/obfuscation/seed-sensitive-functions.test.js
 PASS js-fuzzer-try-catch-949865ef2d04.js [8015/10000] status=ok obs=6f4922f45568 coverage=+0/32/38 time=2ms
  RUN js-fuzzer-boundary-ac080ee0add8.js [8016/10000] md5=ac080ee0add8a3967f40d078a13e076b bytes=122 template=boundary origin=boundary:2147483647
 PASS js-fuzzer-boundary-ac080ee0add8.js [8016/10000] status=ok obs=c588c0a459f4 coverage=+0/32/38 time=1ms
  RUN js-fuzzer-arithmetic-85a3e2466100.js [8017/10000] md5=85a3e246610085df76b8fbca95abfdcc bytes=83 template=arithmetic origin=seed:tests/corpus/regressions/multiple-functions-fib-add.test.js
 PASS js-fuzzer-arithmetic-85a3e2466100.js [8017/10000] status=ok obs=1f0e3dad9990 coverage=+0/32/38 time=2ms
  RUN js-fuzzer-function-8a3820bf6e52.js [8018/10000] md5=8a3820bf6e52dcab1a0437ab7872cf6a bytes=153 template=function origin=seed:tests/corpus/regressions/scope-compressed-closure-params.test.js
 PASS js-fuzzer-function-8a3820bf6e52.js [8018/10000] status=ok obs=a87ff679a2f3 coverage=+0/32/38 time=2ms
  RUN js-fuzzer-array-object-f8b730f287bd.js [8019/10000] md5=f8b730f287bd0e8d7ea930c94799a6a2 bytes=133 template=array-object origin=seed:tests/corpus/runtime/arrays-objects-methods.test.js
 PASS js-fuzzer-array-object-f8b730f287bd.js [8019/10000] status=ok obs=aab3238922bc coverage=+0/32/38 time=1ms
  RUN js-fuzzer-corpus-8b78ba7912c5.js [8020/10000] md5=8b78ba7912c51f6cf304b65c6ebdb2e3 bytes=289 template=corpus origin=tests/corpus/runtime/block-scopes.test.js
 PASS js-fuzzer-corpus-8b78ba7912c5.js [8020/10000] status=ok obs=37693cfc7480 coverage=+0/32/38 time=2ms
  RUN js-fuzzer-block-scope-f43d79d837fe.js [8021/10000] md5=f43d79d837fe16df019f7fe4650eb100 bytes=114 template=block-scope origin=seed:tests/corpus/runtime/class-fields-static-methods.test.js
 PASS js-fuzzer-block-scope-f43d79d837fe.js [8021/10000] status=ok obs=6974ce5ac660 coverage=+0/32/38 time=2ms
  RUN js-fuzzer-loop-55c7c905bffb.js [8022/10000] md5=55c7c905bffb4bbbc4c8fb9b91df6ad8 bytes=81 template=loop origin=seed:tests/corpus/runtime/classes-and-objects.test.js
 PASS js-fuzzer-loop-55c7c905bffb.js [8022/10000] status=ok obs=eccbc87e4b5c coverage=+0/32/38 time=1ms
  RUN js-fuzzer-boundary-e33d9dc9cd6c.js [8023/10000] md5=e33d9dc9cd6c84ec6ac6a01d1d18c4f2 bytes=113 template=boundary origin=boundary:2
 PASS js-fuzzer-boundary-e33d9dc9cd6c.js [8023/10000] status=ok obs=c81e728d9d4c coverage=+0/32/38 time=2ms
  RUN js-fuzzer-class-587587295e00.js [8024/10000] md5=587587295e0075a0a19c4572e53274fe bytes=101 template=class origin=seed:tests/corpus/runtime/closures-read-captured-values.test.js
 PASS js-fuzzer-class-587587295e00.js [8024/10000] status=ok obs=1f0e3dad9990 coverage=+0/32/38 time=1ms
  RUN js-fuzzer-arithmetic-29a29752833e.js [8025/10000] md5=29a29752833ea99558018ca295e3322e bytes=84 template=arithmetic origin=seed:tests/corpus/runtime/exceptions-and-nullish.test.js
 PASS js-fuzzer-arithmetic-29a29752833e.js [8025/10000] status=ok obs=44f683a84163 coverage=+0/32/38 time=2ms
  RUN js-fuzzer-function-84b6f0564867.js [8026/10000] md5=84b6f05648673d1e7da8df04c8cbab23 bytes=153 template=function origin=seed:tests/corpus/runtime/functions-closures-and-arrows.test.js
 PASS js-fuzzer-function-84b6f0564867.js [8026/10000] status=ok obs=c74d97b01eae coverage=+0/32/38 time=2ms
  RUN js-fuzzer-array-object-385608b59609.js [8027/10000] md5=385608b59609f4ef835c431c2c712a32 bytes=133 template=array-object origin=seed:tests/corpus/runtime/lexical-shadowing.test.js
 PASS js-fuzzer-array-object-385608b59609.js [8027/10000] status=ok obs=8f14e45fceea coverage=+0/32/38 time=2ms
  RUN js-fuzzer-closure-d2f08418df20.js [8028/10000] md5=d2f08418df201a1137e443be1db56f56 bytes=184 template=closure origin=seed:tests/corpus/runtime/modules-export.test.js
 PASS js-fuzzer-closure-d2f08418df20.js [8028/10000] status=ok obs=d82c8d1619ad coverage=+0/32/38 time=1ms
  RUN js-fuzzer-corpus-c557f8da2a9d.js [8029/10000] md5=c557f8da2a9d2904c70dca50c3eeb50e bytes=191 template=corpus origin=tests/corpus/runtime/nested-try-finally.test.js
 PASS js-fuzzer-corpus-c557f8da2a9d.js [8029/10000] status=ok obs=8f14e45fceea coverage=+0/32/38 time=2ms
  RUN js-fuzzer-boundary-ccde2dac26f6.js [8030/10000] md5=ccde2dac26f6d3fd46c3698825685fe3 bytes=113 template=boundary origin=boundary:1
 PASS js-fuzzer-boundary-ccde2dac26f6.js [8030/10000] status=ok obs=c4ca4238a0b9 coverage=+0/32/38 time=2ms
  RUN js-fuzzer-try-catch-70fffa3518b3.js [8031/10000] md5=70fffa3518b3cd8f92c92fd09e60ecbc bytes=110 template=try-catch origin=seed:tests/corpus/syntax/logical-unary-nullish.test.js
 PASS js-fuzzer-try-catch-70fffa3518b3.js [8031/10000] status=ok obs=a5bfc9e07964 coverage=+0/32/38 time=1ms
  RUN js-fuzzer-class-d8979b510eb0.js [8032/10000] md5=d8979b510eb085c9e0e846586f80f265 bytes=101 template=class origin=seed:tests/corpus/syntax/object-destructure-and-members.test.js
 PASS js-fuzzer-class-d8979b510eb0.js [8032/10000] status=ok obs=c74d97b01eae coverage=+0/32/38 time=2ms
  RUN js-fuzzer-arithmetic-900e61a9c318.js [8033/10000] md5=900e61a9c318d86122a0ed0a95d0f329 bytes=86 template=arithmetic origin=seed:tests/corpus/syntax/switch-do-while-sequence.test.js
 PASS js-fuzzer-arithmetic-900e61a9c318.js [8033/10000] status=ok obs=f9b902fc3289 coverage=+0/32/38 time=2ms
  RUN js-fuzzer-function-3c5d7cd75696.js [8034/10000] md5=3c5d7cd75696cd405bd2fe4a10121d7f bytes=153 template=function origin=seed:tests/corpus/syntax/template-array-destructure.test.js
 PASS js-fuzzer-function-3c5d7cd75696.js [8034/10000] status=ok obs=c20ad4d76fe9 coverage=+0/32/38 time=1ms
  RUN js-fuzzer-array-object-4957da435eb5.js [8035/10000] md5=4957da435eb59e810d3dc3409d36e93d bytes=133 template=array-object origin=seed:tests/corpus/syntax/typescript-assertions.test.ts
 PASS js-fuzzer-array-object-4957da435eb5.js [8035/10000] status=ok obs=c51ce410c124 coverage=+0/32/38 time=2ms
  RUN js-fuzzer-closure-c981fbe6810d.js [8036/10000] md5=c981fbe6810dc100e4e6a66b9e36bc85 bytes=184 template=closure origin=seed:tests/corpus/syntax/typescript-non-null-satisfies.test.ts
 PASS js-fuzzer-closure-c981fbe6810d.js [8036/10000] status=ok obs=03afdbd66e79 coverage=+0/32/38 time=2ms
  RUN js-fuzzer-boundary-235131a2d0d1.js [8037/10000] md5=235131a2d0d184afe9327ca3bd456dde bytes=129 template=boundary origin=boundary:-9007199254740991
 PASS js-fuzzer-boundary-235131a2d0d1.js [8037/10000] status=ok obs=b3f3a95848f6 coverage=+0/32/38 time=1ms
  RUN js-fuzzer-corpus-ab8ca4f8757c.js [8038/10000] md5=ab8ca4f8757c6165b29cd6a662edad93 bytes=450 template=corpus origin=tests/corpus/fixtures/state-machine-workflow.test.js
 PASS js-fuzzer-corpus-ab8ca4f8757c.js [8038/10000] status=ok obs=b9f49c580664 coverage=+0/32/38 time=2ms
  RUN js-fuzzer-try-catch-a173285175b8.js [8039/10000] md5=a173285175b813cddca62eb427efafd5 bytes=110 template=try-catch origin=seed:tests/corpus/fixtures/vue-script-workflow.test.vue
 PASS js-fuzzer-try-catch-a173285175b8.js [8039/10000] status=ok obs=9a1158154dfa coverage=+0/32/38 time=2ms
  RUN js-fuzzer-class-a9875f561daf.js [8040/10000] md5=a9875f561daf181d949c68fc070db0e0 bytes=101 template=class origin=seed:tests/corpus/obfuscation/constant-tag-mix.test.js
 PASS js-fuzzer-class-a9875f561daf.js [8040/10000] status=ok obs=aab3238922bc coverage=+0/32/38 time=1ms
  RUN js-fuzzer-arithmetic-3cfe48cf327f.js [8041/10000] md5=3cfe48cf327f4650d6f5a9447bd5baf7 bytes=84 template=arithmetic origin=seed:tests/corpus/obfuscation/extern-slot-permutation.test.js
 PASS js-fuzzer-arithmetic-3cfe48cf327f.js [8041/10000] status=ok obs=d09bf41544a3 coverage=+0/32/38 time=2ms
  RUN js-fuzzer-function-d9597d28535f.js [8042/10000] md5=d9597d28535fd2b10f5ca10cf87a7bb6 bytes=153 template=function origin=seed:tests/corpus/obfuscation/externs-console.test.js
 PASS js-fuzzer-function-d9597d28535f.js [8042/10000] status=ok obs=6f4922f45568 coverage=+0/32/38 time=2ms
  RUN js-fuzzer-array-object-aff77ade5cad.js [8043/10000] md5=aff77ade5cad2d5de7851597e4bbcf44 bytes=133 template=array-object origin=seed:tests/corpus/obfuscation/seed-sensitive-functions.test.js
 PASS js-fuzzer-array-object-aff77ade5cad.js [8043/10000] status=ok obs=6f4922f45568 coverage=+0/32/38 time=1ms
  RUN js-fuzzer-boundary-205872a6e44c.js [8044/10000] md5=205872a6e44c1ea0cf94554af934fb09 bytes=123 template=boundary origin=boundary:-2147483648
 PASS js-fuzzer-boundary-205872a6e44c.js [8044/10000] status=ok obs=034ff5946105 coverage=+0/32/38 time=2ms
  RUN js-fuzzer-block-scope-c6c6dc9d4752.js [8045/10000] md5=c6c6dc9d47525217323991cffcd77b98 bytes=114 template=block-scope origin=seed:tests/corpus/regressions/multiple-functions-fib-add.test.js
 PASS js-fuzzer-block-scope-c6c6dc9d4752.js [8045/10000] status=ok obs=c9e1074f5b3f coverage=+0/32/38 time=2ms
  RUN js-fuzzer-loop-54e460cecf5c.js [8046/10000] md5=54e460cecf5c05dfcffaa3b2e5f57445 bytes=81 template=loop origin=seed:tests/corpus/regressions/scope-compressed-closure-params.test.js
 PASS js-fuzzer-loop-54e460cecf5c.js [8046/10000] status=ok obs=d3d9446802a4 coverage=+0/32/38 time=1ms
  RUN js-fuzzer-corpus-a07012429fce.js [8047/10000] md5=a07012429fce4b4d7c8af42f445f70b9 bytes=163 template=corpus origin=tests/corpus/runtime/arrays-objects-methods.test.js
 PASS js-fuzzer-corpus-a07012429fce.js [8047/10000] status=ok obs=c51ce410c124 coverage=+0/32/38 time=2ms
  RUN js-fuzzer-class-b1e3642c0208.js [8048/10000] md5=b1e3642c0208992266fb21668a536292 bytes=100 template=class origin=seed:tests/corpus/runtime/block-scopes.test.js
 PASS js-fuzzer-class-b1e3642c0208.js [8048/10000] status=ok obs=c9f0f895fb98 coverage=+0/32/38 time=1ms
  RUN js-fuzzer-arithmetic-22c322949615.js [8049/10000] md5=22c322949615d2b7431132e5073d2122 bytes=83 template=arithmetic origin=seed:tests/corpus/runtime/class-fields-static-methods.test.js
 PASS js-fuzzer-arithmetic-22c322949615.js [8049/10000] status=ok obs=1f0e3dad9990 coverage=+0/32/38 time=2ms
  RUN js-fuzzer-function-f172d914fe2f.js [8050/10000] md5=f172d914fe2f2d124fd9ee51d2714545 bytes=153 template=function origin=seed:tests/corpus/runtime/classes-and-objects.test.js
 PASS js-fuzzer-function-f172d914fe2f.js [8050/10000] status=ok obs=c9f0f895fb98 coverage=+0/32/38 time=2ms
  RUN js-fuzzer-boundary-db03eeac3914.js [8051/10000] md5=db03eeac3914e8f0a7bfea9eefe9f0de bytes=114 template=boundary origin=boundary:-2
 PASS js-fuzzer-boundary-db03eeac3914.js [8051/10000] status=ok obs=5d7b9adcbe1c coverage=+0/32/38 time=1ms
  RUN js-fuzzer-closure-ac0a91b8373c.js [8052/10000] md5=ac0a91b8373c2d72e1b56509806a48cd bytes=185 template=closure origin=seed:tests/corpus/runtime/closures-read-captured-values.test.js
 PASS js-fuzzer-closure-ac0a91b8373c.js [8052/10000] status=ok obs=17e62166fc85 coverage=+0/32/38 time=2ms
  RUN js-fuzzer-block-scope-9d04571cdd31.js [8053/10000] md5=9d04571cdd314c55cb5d670f68383a18 bytes=114 template=block-scope origin=seed:tests/corpus/runtime/exceptions-and-nullish.test.js
 PASS js-fuzzer-block-scope-9d04571cdd31.js [8053/10000] status=ok obs=38b3eff8baf5 coverage=+0/32/38 time=2ms
  RUN js-fuzzer-loop-bbf1d7a15d8d.js [8054/10000] md5=bbf1d7a15d8dd015402d75c0e0108b5f bytes=81 template=loop origin=seed:tests/corpus/runtime/functions-closures-and-arrows.test.js
 PASS js-fuzzer-loop-bbf1d7a15d8d.js [8054/10000] status=ok obs=1679091c5a88 coverage=+0/32/38 time=1ms
  RUN js-fuzzer-try-catch-10b006553cce.js [8055/10000] md5=10b006553cced3afac446c8e96bc0d8a bytes=110 template=try-catch origin=seed:tests/corpus/runtime/lexical-shadowing.test.js
 PASS js-fuzzer-try-catch-10b006553cce.js [8055/10000] status=ok obs=8e296a067a37 coverage=+0/32/38 time=2ms
  RUN js-fuzzer-corpus-4131d841163b.js [8056/10000] md5=4131d841163b79e192bca9d4fc683c54 bytes=58 template=corpus origin=tests/corpus/runtime/modules-export.test.js
 PASS js-fuzzer-corpus-4131d841163b.js [8056/10000] status=ok obs=8f14e45fceea coverage=+0/32/38 time=1ms
  RUN js-fuzzer-arithmetic-b7bba4ad9f45.js [8057/10000] md5=b7bba4ad9f45e686c86abb9b8e6a66d7 bytes=83 template=arithmetic origin=seed:tests/corpus/runtime/nested-try-finally.test.js
 PASS js-fuzzer-arithmetic-b7bba4ad9f45.js [8057/10000] status=ok obs=1c383cd30b7c coverage=+0/32/38 time=2ms
  RUN js-fuzzer-boundary-7f379f781f4f.js [8058/10000] md5=7f379f781f4f9844733fb0f4c5d8aa15 bytes=114 template=boundary origin=boundary:-1
 PASS js-fuzzer-boundary-7f379f781f4f.js [8058/10000] status=ok obs=6bb61e3b7bce coverage=+0/32/38 time=1ms
  RUN js-fuzzer-array-object-e4e90f2b015d.js [8059/10000] md5=e4e90f2b015da6984245c3b9f2df391c bytes=133 template=array-object origin=seed:tests/corpus/syntax/logical-unary-nullish.test.js
 PASS js-fuzzer-array-object-e4e90f2b015d.js [8059/10000] status=ok obs=c20ad4d76fe9 coverage=+0/32/38 time=2ms
  RUN js-fuzzer-closure-0c6df41d3528.js [8060/10000] md5=0c6df41d35283e9d5705f1d512dd434c bytes=185 template=closure origin=seed:tests/corpus/syntax/object-destructure-and-members.test.js
 PASS js-fuzzer-closure-0c6df41d3528.js [8060/10000] status=ok obs=735b90b45681 coverage=+0/32/38 time=2ms
  RUN js-fuzzer-block-scope-afb6dee4b2ec.js [8061/10000] md5=afb6dee4b2ec9225553c3bff3995f1a9 bytes=114 template=block-scope origin=seed:tests/corpus/syntax/switch-do-while-sequence.test.js
 PASS js-fuzzer-block-scope-afb6dee4b2ec.js [8061/10000] status=ok obs=a97da629b098 coverage=+0/32/38 time=1ms
  RUN js-fuzzer-loop-d35707ad0bf7.js [8062/10000] md5=d35707ad0bf74148f671ad8943998af6 bytes=81 template=loop origin=seed:tests/corpus/syntax/template-array-destructure.test.js
 PASS js-fuzzer-loop-d35707ad0bf7.js [8062/10000] status=ok obs=9bf31c7ff062 coverage=+0/32/38 time=2ms
  RUN js-fuzzer-try-catch-20dc98d64456.js [8063/10000] md5=20dc98d644569e4da77d458e1c7210ec bytes=110 template=try-catch origin=seed:tests/corpus/syntax/typescript-assertions.test.ts
 PASS js-fuzzer-try-catch-20dc98d64456.js [8063/10000] status=ok obs=c51ce410c124 coverage=+0/32/38 time=2ms
  RUN js-fuzzer-class-7c36fc3c0ad4.js [8064/10000] md5=7c36fc3c0ad4461d5dbbcd7afdfb6b5c bytes=101 template=class origin=seed:tests/corpus/syntax/typescript-non-null-satisfies.test.ts
 PASS js-fuzzer-class-7c36fc3c0ad4.js [8064/10000] status=ok obs=d3d9446802a4 coverage=+0/32/38 time=1ms
  RUN js-fuzzer-corpus-797f152bf878.js [8065/10000] md5=797f152bf878d5049066c6db6d2360b3 bytes=355 template=corpus origin=tests/corpus/fixtures/job-workflow.test.js
 PASS js-fuzzer-corpus-797f152bf878.js [8065/10000] status=ok obs=b9de0628c8ec coverage=+0/32/38 time=2ms
  RUN js-fuzzer-function-4b9684ea9e29.js [8066/10000] md5=4b9684ea9e291ddb6515f98bf0c93905 bytes=153 template=function origin=seed:tests/corpus/fixtures/state-machine-workflow.test.js
 PASS js-fuzzer-function-4b9684ea9e29.js [8066/10000] status=ok obs=eccbc87e4b5c coverage=+0/32/38 time=2ms
  RUN js-fuzzer-array-object-770797ca1231.js [8067/10000] md5=770797ca12313b78903d2db1d8aeff82 bytes=133 template=array-object origin=seed:tests/corpus/fixtures/vue-script-workflow.test.vue
 PASS js-fuzzer-array-object-770797ca1231.js [8067/10000] status=ok obs=c74d97b01eae coverage=+0/32/38 time=2ms
  RUN js-fuzzer-closure-f1d8d37c7385.js [8068/10000] md5=f1d8d37c7385facffa89bb41621ec990 bytes=184 template=closure origin=seed:tests/corpus/obfuscation/constant-tag-mix.test.js
 PASS js-fuzzer-closure-f1d8d37c7385.js [8068/10000] status=ok obs=f457c545a9de coverage=+0/32/38 time=1ms
  RUN js-fuzzer-block-scope-bdee2ca933f4.js [8069/10000] md5=bdee2ca933f4d75f33d7f05fede856cb bytes=114 template=block-scope origin=seed:tests/corpus/obfuscation/extern-slot-permutation.test.js
 PASS js-fuzzer-block-scope-bdee2ca933f4.js [8069/10000] status=ok obs=a3c65c297427 coverage=+0/32/38 time=2ms
  RUN js-fuzzer-loop-b88258462a8d.js [8070/10000] md5=b88258462a8d880f8b0e459fa23b2536 bytes=81 template=loop origin=seed:tests/corpus/obfuscation/externs-console.test.js
 PASS js-fuzzer-loop-b88258462a8d.js [8070/10000] status=ok obs=3c59dc048e88 coverage=+0/32/38 time=1ms
  RUN js-fuzzer-try-catch-18b0b31fe014.js [8071/10000] md5=18b0b31fe014e787990869dd8a5ff18b bytes=110 template=try-catch origin=seed:tests/corpus/obfuscation/seed-sensitive-functions.test.js
 PASS js-fuzzer-try-catch-18b0b31fe014.js [8071/10000] status=ok obs=aab3238922bc coverage=+0/32/38 time=2ms
  RUN js-fuzzer-boundary-2b35f90895ea.js [8072/10000] md5=2b35f90895ea85111e562e627044f919 bytes=128 template=boundary origin=boundary:9007199254740991
 PASS js-fuzzer-boundary-2b35f90895ea.js [8072/10000] status=ok obs=8bfa9ad090fb coverage=+0/32/38 time=2ms
  RUN js-fuzzer-arithmetic-9f3a8c618937.js [8073/10000] md5=9f3a8c6189373fd0e907840f2d0206e7 bytes=83 template=arithmetic origin=seed:tests/corpus/regressions/multiple-functions-fib-add.test.js
 PASS js-fuzzer-arithmetic-9f3a8c618937.js [8073/10000] status=ok obs=fe9fc289c3ff coverage=+0/32/38 time=1ms
  RUN js-fuzzer-corpus-c28cfb056309.js [8074/10000] md5=c28cfb056309f2a77f8bd9756b123c54 bytes=147 template=corpus origin=tests/corpus/regressions/scope-compressed-closure-params.test.js
 PASS js-fuzzer-corpus-c28cfb056309.js [8074/10000] status=ok obs=c51ce410c124 coverage=+0/32/38 time=2ms
  RUN js-fuzzer-array-object-b22632f6b171.js [8075/10000] md5=b22632f6b171b3070ee0c17613263561 bytes=133 template=array-object origin=seed:tests/corpus/runtime/arrays-objects-methods.test.js
 PASS js-fuzzer-array-object-b22632f6b171.js [8075/10000] status=ok obs=c20ad4d76fe9 coverage=+0/32/38 time=1ms
  RUN js-fuzzer-closure-54e5317422ac.js [8076/10000] md5=54e5317422aca8a340093f5afed857fa bytes=184 template=closure origin=seed:tests/corpus/runtime/block-scopes.test.js
 PASS js-fuzzer-closure-54e5317422ac.js [8076/10000] status=ok obs=3416a75f4cea coverage=+0/32/38 time=2ms
  RUN js-fuzzer-block-scope-1e0d5465acc0.js [8077/10000] md5=1e0d5465acc03f2361fd6c1fb1618cce bytes=114 template=block-scope origin=seed:tests/corpus/runtime/class-fields-static-methods.test.js
 PASS js-fuzzer-block-scope-1e0d5465acc0.js [8077/10000] status=ok obs=a97da629b098 coverage=+0/32/38 time=2ms
  RUN js-fuzzer-loop-55c7c905bffb.js [8078/10000] md5=55c7c905bffb4bbbc4c8fb9b91df6ad8 bytes=81 template=loop origin=seed:tests/corpus/runtime/classes-and-objects.test.js
 PASS js-fuzzer-loop-55c7c905bffb.js [8078/10000] status=ok obs=eccbc87e4b5c coverage=+0/32/38 time=1ms
  RUN js-fuzzer-boundary-4b188851088a.js [8079/10000] md5=4b188851088a18b5b5e1424320aec545 bytes=122 template=boundary origin=boundary:2147483647
 PASS js-fuzzer-boundary-4b188851088a.js [8079/10000] status=ok obs=c588c0a459f4 coverage=+0/32/38 time=2ms
  RUN js-fuzzer-class-7c36fc3c0ad4.js [8080/10000] md5=7c36fc3c0ad4461d5dbbcd7afdfb6b5c bytes=101 template=class origin=seed:tests/corpus/runtime/closures-read-captured-values.test.js
 PASS js-fuzzer-class-7c36fc3c0ad4.js [8080/10000] status=ok obs=d3d9446802a4 coverage=+0/32/38 time=1ms
  RUN js-fuzzer-arithmetic-c03547bca5ea.js [8081/10000] md5=c03547bca5ea55c55b2e68a01c6905f2 bytes=84 template=arithmetic origin=seed:tests/corpus/runtime/exceptions-and-nullish.test.js
 PASS js-fuzzer-arithmetic-c03547bca5ea.js [8081/10000] status=ok obs=2a38a4a9316c coverage=+0/32/38 time=2ms
  RUN js-fuzzer-function-d3859b93eee1.js [8082/10000] md5=d3859b93eee1f3bcfec0cda51c4d02bf bytes=153 template=function origin=seed:tests/corpus/runtime/functions-closures-and-arrows.test.js
 PASS js-fuzzer-function-d3859b93eee1.js [8082/10000] status=ok obs=a87ff679a2f3 coverage=+0/32/38 time=2ms
  RUN js-fuzzer-corpus-463d4dee8a1f.js [8083/10000] md5=463d4dee8a1f930fa8af57a704cacf3e bytes=232 template=corpus origin=tests/corpus/runtime/lexical-shadowing.test.js
 PASS js-fuzzer-corpus-463d4dee8a1f.js [8083/10000] status=ok obs=c51ce410c124 coverage=+0/32/38 time=1ms
  RUN js-fuzzer-closure-704e73645ca4.js [8084/10000] md5=704e73645ca495977d8ea7069f25bdeb bytes=184 template=closure origin=seed:tests/corpus/runtime/modules-export.test.js
 PASS js-fuzzer-closure-704e73645ca4.js [8084/10000] status=ok obs=a5bfc9e07964 coverage=+0/32/38 time=2ms
  RUN js-fuzzer-block-scope-05d7f393387e.js [8085/10000] md5=05d7f393387e49ed48ee4ca7d01d714c bytes=114 template=block-scope origin=seed:tests/corpus/runtime/nested-try-finally.test.js
 PASS js-fuzzer-block-scope-05d7f393387e.js [8085/10000] status=ok obs=6974ce5ac660 coverage=+0/32/38 time=2ms
  RUN js-fuzzer-boundary-e33d9dc9cd6c.js [8086/10000] md5=e33d9dc9cd6c84ec6ac6a01d1d18c4f2 bytes=113 template=boundary origin=boundary:2
 PASS js-fuzzer-boundary-e33d9dc9cd6c.js [8086/10000] status=ok obs=c81e728d9d4c coverage=+0/32/38 time=1ms
  RUN js-fuzzer-try-catch-8eb6765f66fd.js [8087/10000] md5=8eb6765f66fd409e223a9383e9857a4c bytes=109 template=try-catch origin=seed:tests/corpus/syntax/logical-unary-nullish.test.js
 PASS js-fuzzer-try-catch-8eb6765f66fd.js [8087/10000] status=ok obs=6512bd43d9ca coverage=+0/32/38 time=2ms
  RUN js-fuzzer-class-ff7d9ca3da86.js [8088/10000] md5=ff7d9ca3da86b49917ac34b4d48e8df9 bytes=101 template=class origin=seed:tests/corpus/syntax/object-destructure-and-members.test.js
 PASS js-fuzzer-class-ff7d9ca3da86.js [8088/10000] status=ok obs=c20ad4d76fe9 coverage=+0/32/38 time=1ms
  RUN js-fuzzer-arithmetic-38475a4f519d.js [8089/10000] md5=38475a4f519dcbe164193d11a7759e4c bytes=83 template=arithmetic origin=seed:tests/corpus/syntax/switch-do-while-sequence.test.js
 PASS js-fuzzer-arithmetic-38475a4f519d.js [8089/10000] status=ok obs=6512bd43d9ca coverage=+0/32/38 time=2ms
  RUN js-fuzzer-function-3dca9339a683.js [8090/10000] md5=3dca9339a6831946d3c5250be8e34eee bytes=153 template=function origin=seed:tests/corpus/syntax/template-array-destructure.test.js
 PASS js-fuzzer-function-3dca9339a683.js [8090/10000] status=ok obs=e4da3b7fbbce coverage=+0/32/38 time=2ms
  RUN js-fuzzer-array-object-53b236151ae6.js [8091/10000] md5=53b236151ae6a45fb38321564302effa bytes=133 template=array-object origin=seed:tests/corpus/syntax/typescript-assertions.test.ts
 PASS js-fuzzer-array-object-53b236151ae6.js [8091/10000] status=ok obs=d3d9446802a4 coverage=+0/32/38 time=1ms
  RUN js-fuzzer-corpus-e3eeaea0f8a2.js [8092/10000] md5=e3eeaea0f8a2c5d5b650d4007cf78b4a bytes=104 template=corpus origin=tests/corpus/syntax/typescript-non-null-satisfies.test.ts
 PASS js-fuzzer-corpus-e3eeaea0f8a2.js [8092/10000] status=ok obs=d3d9446802a4 coverage=+0/32/38 time=2ms
  RUN js-fuzzer-boundary-ccde2dac26f6.js [8093/10000] md5=ccde2dac26f6d3fd46c3698825685fe3 bytes=113 template=boundary origin=boundary:1
 PASS js-fuzzer-boundary-ccde2dac26f6.js [8093/10000] status=ok obs=c4ca4238a0b9 coverage=+0/32/38 time=1ms
  RUN js-fuzzer-loop-bbf1d7a15d8d.js [8094/10000] md5=bbf1d7a15d8dd015402d75c0e0108b5f bytes=81 template=loop origin=seed:tests/corpus/fixtures/state-machine-workflow.test.js
 PASS js-fuzzer-loop-bbf1d7a15d8d.js [8094/10000] status=ok obs=1679091c5a88 coverage=+0/32/38 time=1ms
  RUN js-fuzzer-try-catch-40520a1b7956.js [8095/10000] md5=40520a1b7956f57804d753ea77e1e468 bytes=110 template=try-catch origin=seed:tests/corpus/fixtures/vue-script-workflow.test.vue
 PASS js-fuzzer-try-catch-40520a1b7956.js [8095/10000] status=ok obs=70efdf2ec9b0 coverage=+0/32/38 time=2ms
  RUN js-fuzzer-class-5baf4bed5db4.js [8096/10000] md5=5baf4bed5db4f8205173226efc8fff73 bytes=101 template=class origin=seed:tests/corpus/obfuscation/constant-tag-mix.test.js
 PASS js-fuzzer-class-5baf4bed5db4.js [8096/10000] status=ok obs=6f4922f45568 coverage=+0/32/38 time=1ms
  RUN js-fuzzer-arithmetic-0e20b345c85b.js [8097/10000] md5=0e20b345c85b7316222de11e6614b5fe bytes=85 template=arithmetic origin=seed:tests/corpus/obfuscation/extern-slot-permutation.test.js
 PASS js-fuzzer-arithmetic-0e20b345c85b.js [8097/10000] status=ok obs=f718499c1c8c coverage=+0/32/38 time=2ms
  RUN js-fuzzer-function-59a47c73ec30.js [8098/10000] md5=59a47c73ec3039d5b72e8af0d1e410de bytes=153 template=function origin=seed:tests/corpus/obfuscation/externs-console.test.js
 PASS js-fuzzer-function-59a47c73ec30.js [8098/10000] status=ok obs=8f14e45fceea coverage=+0/32/38 time=1ms
  RUN js-fuzzer-array-object-71af850aa757.js [8099/10000] md5=71af850aa757ad943b7a23f7b11692d8 bytes=133 template=array-object origin=seed:tests/corpus/obfuscation/seed-sensitive-functions.test.js
 PASS js-fuzzer-array-object-71af850aa757.js [8099/10000] status=ok obs=6512bd43d9ca coverage=+0/32/38 time=1ms
  RUN js-fuzzer-boundary-e62759fbe8d3.js [8100/10000] md5=e62759fbe8d36ad2cfb89a0f8bac18b9 bytes=129 template=boundary origin=boundary:-9007199254740991
 PASS js-fuzzer-boundary-e62759fbe8d3.js [8100/10000] status=ok obs=b3f3a95848f6 coverage=+0/32/38 time=2ms
  RUN js-fuzzer-corpus-ad9ed8746461.js [8101/10000] md5=ad9ed87464611c6dd81b04b3754c760c bytes=214 template=corpus origin=tests/corpus/regressions/multiple-functions-fib-add.test.js
 PASS js-fuzzer-corpus-ad9ed8746461.js [8101/10000] status=ok obs=3c59dc048e88 coverage=+0/32/38 time=2ms
  RUN js-fuzzer-loop-b88258462a8d.js [8102/10000] md5=b88258462a8d880f8b0e459fa23b2536 bytes=81 template=loop origin=seed:tests/corpus/regressions/scope-compressed-closure-params.test.js
 PASS js-fuzzer-loop-b88258462a8d.js [8102/10000] status=ok obs=3c59dc048e88 coverage=+0/32/38 time=2ms
  RUN js-fuzzer-try-catch-676dafc46859.js [8103/10000] md5=676dafc4685905581f3925e95c53669f bytes=110 template=try-catch origin=seed:tests/corpus/runtime/arrays-objects-methods.test.js
 PASS js-fuzzer-try-catch-676dafc46859.js [8103/10000] status=ok obs=a5771bce93e2 coverage=+0/32/38 time=1ms
  RUN js-fuzzer-class-c6bbe0a63455.js [8104/10000] md5=c6bbe0a634559d18fa82cf0c9a421610 bytes=100 template=class origin=seed:tests/corpus/runtime/block-scopes.test.js
 PASS js-fuzzer-class-c6bbe0a63455.js [8104/10000] status=ok obs=1679091c5a88 coverage=+0/32/38 time=2ms
  RUN js-fuzzer-arithmetic-7a0e4f9f945d.js [8105/10000] md5=7a0e4f9f945d96b881759fab64a242d4 bytes=85 template=arithmetic origin=seed:tests/corpus/runtime/class-fields-static-methods.test.js
 PASS js-fuzzer-arithmetic-7a0e4f9f945d.js [8105/10000] status=ok obs=9b04d152845e coverage=+0/32/38 time=2ms
  RUN js-fuzzer-function-8c13c976bcff.js [8106/10000] md5=8c13c976bcff676fd4a8e7119e7306e3 bytes=153 template=function origin=seed:tests/corpus/runtime/classes-and-objects.test.js
 PASS js-fuzzer-function-8c13c976bcff.js [8106/10000] status=ok obs=aab3238922bc coverage=+0/32/38 time=1ms
  RUN js-fuzzer-boundary-512d8e9b531d.js [8107/10000] md5=512d8e9b531dd316e823325cc949e70e bytes=123 template=boundary origin=boundary:-2147483648
 PASS js-fuzzer-boundary-512d8e9b531d.js [8107/10000] status=ok obs=034ff5946105 coverage=+0/32/38 time=2ms
  RUN js-fuzzer-closure-beb590f2eadd.js [8108/10000] md5=beb590f2eaddc6705c383c9a40bbef19 bytes=184 template=closure origin=seed:tests/corpus/runtime/closures-read-captured-values.test.js
 PASS js-fuzzer-closure-beb590f2eadd.js [8108/10000] status=ok obs=a5bfc9e07964 coverage=+0/32/38 time=2ms
  RUN js-fuzzer-block-scope-3e2c416978ba.js [8109/10000] md5=3e2c416978bad3c15633c6ab91edad86 bytes=115 template=block-scope origin=seed:tests/corpus/runtime/exceptions-and-nullish.test.js
 PASS js-fuzzer-block-scope-3e2c416978ba.js [8109/10000] status=ok obs=5f93f983524d coverage=+0/32/38 time=1ms
  RUN js-fuzzer-corpus-72746d071c58.js [8110/10000] md5=72746d071c58fadd9399bc8934c30553 bytes=197 template=corpus origin=tests/corpus/runtime/functions-closures-and-arrows.test.js
 PASS js-fuzzer-corpus-72746d071c58.js [8110/10000] status=ok obs=c74d97b01eae coverage=+0/32/38 time=2ms
  RUN js-fuzzer-try-catch-a173285175b8.js [8111/10000] md5=a173285175b813cddca62eb427efafd5 bytes=110 template=try-catch origin=seed:tests/corpus/runtime/lexical-shadowing.test.js
 PASS js-fuzzer-try-catch-a173285175b8.js [8111/10000] status=ok obs=9a1158154dfa coverage=+0/32/38 time=1ms
  RUN js-fuzzer-class-a365d1a76b7b.js [8112/10000] md5=a365d1a76b7b0d4310621afa7caac433 bytes=100 template=class origin=seed:tests/corpus/runtime/modules-export.test.js
 PASS js-fuzzer-class-a365d1a76b7b.js [8112/10000] status=ok obs=8f14e45fceea coverage=+0/32/38 time=1ms
  RUN js-fuzzer-arithmetic-9a7a3dbfabaf.js [8113/10000] md5=9a7a3dbfabaf571bf54fc55274faf3cb bytes=85 template=arithmetic origin=seed:tests/corpus/runtime/nested-try-finally.test.js
 PASS js-fuzzer-arithmetic-9a7a3dbfabaf.js [8113/10000] status=ok obs=a4f23670e183 coverage=+0/32/38 time=2ms
  RUN js-fuzzer-boundary-db03eeac3914.js [8114/10000] md5=db03eeac3914e8f0a7bfea9eefe9f0de bytes=114 template=boundary origin=boundary:-2
 PASS js-fuzzer-boundary-db03eeac3914.js [8114/10000] status=ok obs=5d7b9adcbe1c coverage=+0/32/38 time=1ms
  RUN js-fuzzer-array-object-1a2dad2f5047.js [8115/10000] md5=1a2dad2f50476a55622f6546b2bcce90 bytes=133 template=array-object origin=seed:tests/corpus/syntax/logical-unary-nullish.test.js
 PASS js-fuzzer-array-object-1a2dad2f5047.js [8115/10000] status=ok obs=d3d9446802a4 coverage=+0/32/38 time=2ms
  RUN js-fuzzer-closure-1d51669a369c.js [8116/10000] md5=1d51669a369cf83e5d27e04c94cd7f2c bytes=185 template=closure origin=seed:tests/corpus/syntax/object-destructure-and-members.test.js
 PASS js-fuzzer-closure-1d51669a369c.js [8116/10000] status=ok obs=f457c545a9de coverage=+0/32/38 time=2ms
  RUN js-fuzzer-block-scope-43c0a951992f.js [8117/10000] md5=43c0a951992fb27995083edd440343f5 bytes=114 template=block-scope origin=seed:tests/corpus/syntax/switch-do-while-sequence.test.js
 PASS js-fuzzer-block-scope-43c0a951992f.js [8117/10000] status=ok obs=f0935e4cd592 coverage=+0/32/38 time=1ms
  RUN js-fuzzer-loop-55c7c905bffb.js [8118/10000] md5=55c7c905bffb4bbbc4c8fb9b91df6ad8 bytes=81 template=loop origin=seed:tests/corpus/syntax/template-array-destructure.test.js
 PASS js-fuzzer-loop-55c7c905bffb.js [8118/10000] status=ok obs=eccbc87e4b5c coverage=+0/32/38 time=2ms
  RUN js-fuzzer-corpus-57a83a4b020d.js [8119/10000] md5=57a83a4b020d4b85b42b0a3709f283ad bytes=130 template=corpus origin=tests/corpus/syntax/typescript-assertions.test.ts
 PASS js-fuzzer-corpus-57a83a4b020d.js [8119/10000] status=ok obs=45c48cce2e2d coverage=+0/32/38 time=1ms
  RUN js-fuzzer-class-6736c24444bc.js [8120/10000] md5=6736c24444bc6ff151b05a9a974ae4d5 bytes=100 template=class origin=seed:tests/corpus/syntax/typescript-non-null-satisfies.test.ts
 PASS js-fuzzer-class-6736c24444bc.js [8120/10000] status=ok obs=45c48cce2e2d coverage=+0/32/38 time=2ms
  RUN js-fuzzer-boundary-7f379f781f4f.js [8121/10000] md5=7f379f781f4f9844733fb0f4c5d8aa15 bytes=114 template=boundary origin=boundary:-1
 PASS js-fuzzer-boundary-7f379f781f4f.js [8121/10000] status=ok obs=6bb61e3b7bce coverage=+0/32/38 time=1ms
  RUN js-fuzzer-function-06471e1fced1.js [8122/10000] md5=06471e1fced163f025e3f67e77c6ce04 bytes=153 template=function origin=seed:tests/corpus/fixtures/state-machine-workflow.test.js
 PASS js-fuzzer-function-06471e1fced1.js [8122/10000] status=ok obs=45c48cce2e2d coverage=+0/32/38 time=2ms
  RUN js-fuzzer-array-object-beda8b7846b7.js [8123/10000] md5=beda8b7846b76680fe98b458bc3d05a3 bytes=133 template=array-object origin=seed:tests/corpus/fixtures/vue-script-workflow.test.vue
 PASS js-fuzzer-array-object-beda8b7846b7.js [8123/10000] status=ok obs=9bf31c7ff062 coverage=+0/32/38 time=1ms
  RUN js-fuzzer-closure-8062cdec265d.js [8124/10000] md5=8062cdec265d081afc2b1b8c67f8d8dd bytes=184 template=closure origin=seed:tests/corpus/obfuscation/constant-tag-mix.test.js
 PASS js-fuzzer-closure-8062cdec265d.js [8124/10000] status=ok obs=fc490ca45c00 coverage=+0/32/38 time=2ms
  RUN js-fuzzer-block-scope-cee200465655.js [8125/10000] md5=cee2004656551503c47ff6eabad21b25 bytes=114 template=block-scope origin=seed:tests/corpus/obfuscation/extern-slot-permutation.test.js
 PASS js-fuzzer-block-scope-cee200465655.js [8125/10000] status=ok obs=a3c65c297427 coverage=+0/32/38 time=2ms
  RUN js-fuzzer-loop-bbf1d7a15d8d.js [8126/10000] md5=bbf1d7a15d8dd015402d75c0e0108b5f bytes=81 template=loop origin=seed:tests/corpus/obfuscation/externs-console.test.js
 PASS js-fuzzer-loop-bbf1d7a15d8d.js [8126/10000] status=ok obs=1679091c5a88 coverage=+0/32/38 time=1ms
  RUN js-fuzzer-try-catch-398077b2e1d6.js [8127/10000] md5=398077b2e1d6a50d953f7a907c7a061d bytes=110 template=try-catch origin=seed:tests/corpus/obfuscation/seed-sensitive-functions.test.js
 PASS js-fuzzer-try-catch-398077b2e1d6.js [8127/10000] status=ok obs=6364d3f0f495 coverage=+0/32/38 time=2ms
  RUN js-fuzzer-corpus-79643e915862.js [8128/10000] md5=79643e91586251700d34c0c65a0220da bytes=89 template=corpus origin=tests/corpus/regressions/destructuring-lowers-to-member.test.js
 PASS js-fuzzer-corpus-79643e915862.js [8128/10000] status=ok obs=eccbc87e4b5c coverage=+0/32/38 time=1ms
  RUN js-fuzzer-arithmetic-c9baf33b6a05.js [8129/10000] md5=c9baf33b6a0539c7ee2cd73c4ade5704 bytes=85 template=arithmetic origin=seed:tests/corpus/regressions/multiple-functions-fib-add.test.js
 PASS js-fuzzer-arithmetic-c9baf33b6a05.js [8129/10000] status=ok obs=149e9677a598 coverage=+0/32/38 time=2ms
  RUN js-fuzzer-function-67a4a16b508e.js [8130/10000] md5=67a4a16b508e8efc2a1fbbfc79004c7b bytes=153 template=function origin=seed:tests/corpus/regressions/scope-compressed-closure-params.test.js
 PASS js-fuzzer-function-67a4a16b508e.js [8130/10000] status=ok obs=eccbc87e4b5c coverage=+0/32/38 time=2ms
  RUN js-fuzzer-array-object-f1ec01bb1ab8.js [8131/10000] md5=f1ec01bb1ab8b1816f4e302e2b044b98 bytes=133 template=array-object origin=seed:tests/corpus/runtime/arrays-objects-methods.test.js
 PASS js-fuzzer-array-object-f1ec01bb1ab8.js [8131/10000] status=ok obs=9bf31c7ff062 coverage=+0/32/38 time=2ms
  RUN js-fuzzer-closure-e969bbdfb6c3.js [8132/10000] md5=e969bbdfb6c372051cd477e3035393af bytes=184 template=closure origin=seed:tests/corpus/runtime/block-scopes.test.js
 PASS js-fuzzer-closure-e969bbdfb6c3.js [8132/10000] status=ok obs=f457c545a9de coverage=+0/32/38 time=1ms
  RUN js-fuzzer-block-scope-16ac37f9479a.js [8133/10000] md5=16ac37f9479a83404389f15ef4293fd8 bytes=114 template=block-scope origin=seed:tests/corpus/runtime/class-fields-static-methods.test.js
 PASS js-fuzzer-block-scope-16ac37f9479a.js [8133/10000] status=ok obs=f0935e4cd592 coverage=+0/32/38 time=2ms
  RUN js-fuzzer-loop-55c7c905bffb.js [8134/10000] md5=55c7c905bffb4bbbc4c8fb9b91df6ad8 bytes=81 template=loop origin=seed:tests/corpus/runtime/classes-and-objects.test.js
 PASS js-fuzzer-loop-55c7c905bffb.js [8134/10000] status=ok obs=eccbc87e4b5c coverage=+0/32/38 time=2ms
  RUN js-fuzzer-boundary-83aee5cf07de.js [8135/10000] md5=83aee5cf07deb9d5ce59aec8aff7a227 bytes=128 template=boundary origin=boundary:9007199254740991
 PASS js-fuzzer-boundary-83aee5cf07de.js [8135/10000] status=ok obs=8bfa9ad090fb coverage=+0/32/38 time=1ms
  RUN js-fuzzer-class-ff7d9ca3da86.js [8136/10000] md5=ff7d9ca3da86b49917ac34b4d48e8df9 bytes=101 template=class origin=seed:tests/corpus/runtime/closures-read-captured-values.test.js
 PASS js-fuzzer-class-ff7d9ca3da86.js [8136/10000] status=ok obs=c20ad4d76fe9 coverage=+0/32/38 time=2ms
  RUN js-fuzzer-corpus-cf8fb96e8476.js [8137/10000] md5=cf8fb96e8476c262b73583c86dd80821 bytes=178 template=corpus origin=tests/corpus/runtime/exceptions-and-nullish.test.js
 PASS js-fuzzer-corpus-cf8fb96e8476.js [8137/10000] status=ok obs=24ed5e8718fc coverage=+0/32/38 time=1ms
  RUN js-fuzzer-function-8a44cf2ceed5.js [8138/10000] md5=8a44cf2ceed595d9f22254a99d394b8c bytes=153 template=function origin=seed:tests/corpus/runtime/functions-closures-and-arrows.test.js
 PASS js-fuzzer-function-8a44cf2ceed5.js [8138/10000] status=ok obs=1ff1de774005 coverage=+0/32/38 time=3ms
  RUN js-fuzzer-array-object-3ee11ffc81fe.js [8139/10000] md5=3ee11ffc81fe9e0b8ee8b0d13d9d30dd bytes=133 template=array-object origin=seed:tests/corpus/runtime/lexical-shadowing.test.js
 PASS js-fuzzer-array-object-3ee11ffc81fe.js [8139/10000] status=ok obs=8f14e45fceea coverage=+0/32/38 time=1ms
  RUN js-fuzzer-closure-d949784c3506.js [8140/10000] md5=d949784c35063877a47c5a4762c1c85c bytes=185 template=closure origin=seed:tests/corpus/runtime/modules-export.test.js
 PASS js-fuzzer-closure-d949784c3506.js [8140/10000] status=ok obs=d2ddea18f006 coverage=+0/32/38 time=2ms
  RUN js-fuzzer-block-scope-555932537451.js [8141/10000] md5=555932537451052be68a084b1b7c5d9d bytes=114 template=block-scope origin=seed:tests/corpus/runtime/nested-try-finally.test.js
 PASS js-fuzzer-block-scope-555932537451.js [8141/10000] status=ok obs=f0935e4cd592 coverage=+0/32/38 time=2ms
  RUN js-fuzzer-boundary-ac080ee0add8.js [8142/10000] md5=ac080ee0add8a3967f40d078a13e076b bytes=122 template=boundary origin=boundary:2147483647
 PASS js-fuzzer-boundary-ac080ee0add8.js [8142/10000] status=ok obs=c588c0a459f4 coverage=+0/32/38 time=1ms
  RUN js-fuzzer-try-catch-ce914b0cd471.js [8143/10000] md5=ce914b0cd471f7c9ec83cbcd645ee9eb bytes=110 template=try-catch origin=seed:tests/corpus/syntax/logical-unary-nullish.test.js
 PASS js-fuzzer-try-catch-ce914b0cd471.js [8143/10000] status=ok obs=2838023a778d coverage=+0/32/38 time=2ms
  RUN js-fuzzer-class-51ea152a707e.js [8144/10000] md5=51ea152a707ed5422ab3e5b3ddb7fe43 bytes=100 template=class origin=seed:tests/corpus/syntax/object-destructure-and-members.test.js
 PASS js-fuzzer-class-51ea152a707e.js [8144/10000] status=ok obs=e4da3b7fbbce coverage=+0/32/38 time=1ms
  RUN js-fuzzer-arithmetic-9e70f2cb993b.js [8145/10000] md5=9e70f2cb993b10cd95aedcbd92431b85 bytes=85 template=arithmetic origin=seed:tests/corpus/syntax/switch-do-while-sequence.test.js
 PASS js-fuzzer-arithmetic-9e70f2cb993b.js [8145/10000] status=ok obs=fe131d7f5a6b coverage=+0/32/38 time=1ms
  RUN js-fuzzer-corpus-ff388659a641.js [8146/10000] md5=ff388659a6419d1e6e01ce4e7151a52e bytes=135 template=corpus origin=tests/corpus/syntax/template-array-destructure.test.js
 PASS js-fuzzer-corpus-ff388659a641.js [8146/10000] status=ok obs=f61c9a8be43c coverage=+0/32/38 time=2ms
  RUN js-fuzzer-array-object-e5c3d87d2418.js [8147/10000] md5=e5c3d87d2418d1960f36fcbe9cfafe86 bytes=133 template=array-object origin=seed:tests/corpus/syntax/typescript-assertions.test.ts
 PASS js-fuzzer-array-object-e5c3d87d2418.js [8147/10000] status=ok obs=9bf31c7ff062 coverage=+0/32/38 time=1ms
  RUN js-fuzzer-closure-a7c0528ab5e2.js [8148/10000] md5=a7c0528ab5e27173a4f9cc6c7a5167ad bytes=183 template=closure origin=seed:tests/corpus/syntax/typescript-non-null-satisfies.test.ts
 PASS js-fuzzer-closure-a7c0528ab5e2.js [8148/10000] status=ok obs=70efdf2ec9b0 coverage=+0/32/38 time=2ms
  RUN js-fuzzer-boundary-e33d9dc9cd6c.js [8149/10000] md5=e33d9dc9cd6c84ec6ac6a01d1d18c4f2 bytes=113 template=boundary origin=boundary:2
 PASS js-fuzzer-boundary-e33d9dc9cd6c.js [8149/10000] status=ok obs=c81e728d9d4c coverage=+0/32/38 time=1ms
  RUN js-fuzzer-loop-b88258462a8d.js [8150/10000] md5=b88258462a8d880f8b0e459fa23b2536 bytes=81 template=loop origin=seed:tests/corpus/fixtures/state-machine-workflow.test.js
 PASS js-fuzzer-loop-b88258462a8d.js [8150/10000] status=ok obs=3c59dc048e88 coverage=+0/32/38 time=2ms
  RUN js-fuzzer-try-catch-47becaf372c3.js [8151/10000] md5=47becaf372c34523cd2fbacf2b53d016 bytes=110 template=try-catch origin=seed:tests/corpus/fixtures/vue-script-workflow.test.vue
 PASS js-fuzzer-try-catch-47becaf372c3.js [8151/10000] status=ok obs=02e74f10e032 coverage=+0/32/38 time=2ms
  RUN js-fuzzer-class-a365d1a76b7b.js [8152/10000] md5=a365d1a76b7b0d4310621afa7caac433 bytes=100 template=class origin=seed:tests/corpus/obfuscation/constant-tag-mix.test.js
 PASS js-fuzzer-class-a365d1a76b7b.js [8152/10000] status=ok obs=8f14e45fceea coverage=+0/32/38 time=1ms
  RUN js-fuzzer-arithmetic-a666999d86a5.js [8153/10000] md5=a666999d86a568d0769327a48dbe99f2 bytes=84 template=arithmetic origin=seed:tests/corpus/obfuscation/extern-slot-permutation.test.js
 PASS js-fuzzer-arithmetic-a666999d86a5.js [8153/10000] status=ok obs=d82c8d1619ad coverage=+0/32/38 time=2ms
  RUN js-fuzzer-function-805986a3b478.js [8154/10000] md5=805986a3b4784e72cf43592e25340692 bytes=153 template=function origin=seed:tests/corpus/obfuscation/externs-console.test.js
 PASS js-fuzzer-function-805986a3b478.js [8154/10000] status=ok obs=c51ce410c124 coverage=+0/32/38 time=2ms
  RUN js-fuzzer-corpus-38ba19d9deb7.js [8155/10000] md5=38ba19d9deb7566cc8a420c27ada3f21 bytes=136 template=corpus origin=tests/corpus/obfuscation/seed-sensitive-functions.test.js
 PASS js-fuzzer-corpus-38ba19d9deb7.js [8155/10000] status=ok obs=a5bfc9e07964 coverage=+0/32/38 time=1ms
  RUN js-fuzzer-boundary-a6a77cc918cc.js [8156/10000] md5=a6a77cc918cc479b04ccb7be2bd80dac bytes=113 template=boundary origin=boundary:1
 PASS js-fuzzer-boundary-a6a77cc918cc.js [8156/10000] status=ok obs=c4ca4238a0b9 coverage=+0/32/38 time=2ms
  RUN js-fuzzer-block-scope-eeb07e4712f5.js [8157/10000] md5=eeb07e4712f5b491c95d1d46d689b778 bytes=114 template=block-scope origin=seed:tests/corpus/regressions/multiple-functions-fib-add.test.js
 PASS js-fuzzer-block-scope-eeb07e4712f5.js [8157/10000] status=ok obs=6974ce5ac660 coverage=+0/32/38 time=2ms
  RUN js-fuzzer-loop-bbf1d7a15d8d.js [8158/10000] md5=bbf1d7a15d8dd015402d75c0e0108b5f bytes=81 template=loop origin=seed:tests/corpus/regressions/scope-compressed-closure-params.test.js
 PASS js-fuzzer-loop-bbf1d7a15d8d.js [8158/10000] status=ok obs=1679091c5a88 coverage=+0/32/38 time=1ms
  RUN js-fuzzer-try-catch-ee30a401530f.js [8159/10000] md5=ee30a401530f819cbc5581e8feb5d305 bytes=110 template=try-catch origin=seed:tests/corpus/runtime/arrays-objects-methods.test.js
 PASS js-fuzzer-try-catch-ee30a401530f.js [8159/10000] status=ok obs=182be0c5cdcd coverage=+0/32/38 time=2ms
  RUN js-fuzzer-class-769274f77fa6.js [8160/10000] md5=769274f77fa62254ce7e0eb0e3adf7f1 bytes=100 template=class origin=seed:tests/corpus/runtime/block-scopes.test.js
 PASS js-fuzzer-class-769274f77fa6.js [8160/10000] status=ok obs=c4ca4238a0b9 coverage=+0/32/38 time=1ms
  RUN js-fuzzer-arithmetic-9f583545ce18.js [8161/10000] md5=9f583545ce186ac751faf5f47b2fd393 bytes=84 template=arithmetic origin=seed:tests/corpus/runtime/class-fields-static-methods.test.js
 PASS js-fuzzer-arithmetic-9f583545ce18.js [8161/10000] status=ok obs=f7e6c85504ce coverage=+0/32/38 time=2ms
  RUN js-fuzzer-function-c6a41e639682.js [8162/10000] md5=c6a41e6396823bcfa91e05b3a10b01c0 bytes=153 template=function origin=seed:tests/corpus/runtime/classes-and-objects.test.js
 PASS js-fuzzer-function-c6a41e639682.js [8162/10000] status=ok obs=1f0e3dad9990 coverage=+0/32/38 time=2ms
  RUN js-fuzzer-boundary-235131a2d0d1.js [8163/10000] md5=235131a2d0d184afe9327ca3bd456dde bytes=129 template=boundary origin=boundary:-9007199254740991
 PASS js-fuzzer-boundary-235131a2d0d1.js [8163/10000] status=ok obs=b3f3a95848f6 coverage=+0/32/38 time=2ms
  RUN js-fuzzer-corpus-08bc93bf5789.js [8164/10000] md5=08bc93bf57897bc88ce7161fe56cd099 bytes=169 template=corpus origin=tests/corpus/runtime/closures-read-captured-values.test.js
 PASS js-fuzzer-corpus-08bc93bf5789.js [8164/10000] status=ok obs=02e74f10e032 coverage=+0/32/38 time=1ms
  RUN js-fuzzer-block-scope-69416eacfa80.js [8165/10000] md5=69416eacfa80d4cc39f9ef48aa81ecf4 bytes=114 template=block-scope origin=seed:tests/corpus/runtime/exceptions-and-nullish.test.js
 PASS js-fuzzer-block-scope-69416eacfa80.js [8165/10000] status=ok obs=a3c65c297427 coverage=+0/32/38 time=2ms
  RUN js-fuzzer-loop-d35707ad0bf7.js [8166/10000] md5=d35707ad0bf74148f671ad8943998af6 bytes=81 template=loop origin=seed:tests/corpus/runtime/functions-closures-and-arrows.test.js
 PASS js-fuzzer-loop-d35707ad0bf7.js [8166/10000] status=ok obs=9bf31c7ff062 coverage=+0/32/38 time=2ms
  RUN js-fuzzer-try-catch-40520a1b7956.js [8167/10000] md5=40520a1b7956f57804d753ea77e1e468 bytes=110 template=try-catch origin=seed:tests/corpus/runtime/lexical-shadowing.test.js
 PASS js-fuzzer-try-catch-40520a1b7956.js [8167/10000] status=ok obs=70efdf2ec9b0 coverage=+0/32/38 time=1ms
  RUN js-fuzzer-class-c0844991889f.js [8168/10000] md5=c0844991889f03308712cd6bc6b7c31c bytes=101 template=class origin=seed:tests/corpus/runtime/modules-export.test.js
 PASS js-fuzzer-class-c0844991889f.js [8168/10000] status=ok obs=70efdf2ec9b0 coverage=+0/32/38 time=2ms
  RUN js-fuzzer-arithmetic-dde1df4bce70.js [8169/10000] md5=dde1df4bce70d0c0ff1806bf9a451f69 bytes=84 template=arithmetic origin=seed:tests/corpus/runtime/nested-try-finally.test.js
 PASS js-fuzzer-arithmetic-dde1df4bce70.js [8169/10000] status=ok obs=1c9ac0159c94 coverage=+0/32/38 time=1ms
  RUN js-fuzzer-boundary-4b8e58e2bd3b.js [8170/10000] md5=4b8e58e2bd3bc437f093fe0ab13ce109 bytes=123 template=boundary origin=boundary:-2147483648
 PASS js-fuzzer-boundary-4b8e58e2bd3b.js [8170/10000] status=ok obs=034ff5946105 coverage=+0/32/38 time=2ms
  RUN js-fuzzer-array-object-851e377110ac.js [8171/10000] md5=851e377110acc75beb8d9747bbaf246f bytes=133 template=array-object origin=seed:tests/corpus/syntax/logical-unary-nullish.test.js
 PASS js-fuzzer-array-object-851e377110ac.js [8171/10000] status=ok obs=6512bd43d9ca coverage=+0/32/38 time=2ms
  RUN js-fuzzer-closure-f4b35cc064ee.js [8172/10000] md5=f4b35cc064eef8143c5b003838854644 bytes=184 template=closure origin=seed:tests/corpus/syntax/object-destructure-and-members.test.js
 PASS js-fuzzer-closure-f4b35cc064ee.js [8172/10000] status=ok obs=28dd2c7955ce coverage=+0/32/38 time=1ms
  RUN js-fuzzer-corpus-2aed353a2d20.js [8173/10000] md5=2aed353a2d200d64cbaf7beb40face20 bytes=275 template=corpus origin=tests/corpus/syntax/switch-do-while-sequence.test.js
 PASS js-fuzzer-corpus-2aed353a2d20.js [8173/10000] status=ok obs=6f4922f45568 coverage=+0/32/38 time=2ms
  RUN js-fuzzer-loop-d35707ad0bf7.js [8174/10000] md5=d35707ad0bf74148f671ad8943998af6 bytes=81 template=loop origin=seed:tests/corpus/syntax/template-array-destructure.test.js
 PASS js-fuzzer-loop-d35707ad0bf7.js [8174/10000] status=ok obs=9bf31c7ff062 coverage=+0/32/38 time=2ms
  RUN js-fuzzer-try-catch-84bb82ab521c.js [8175/10000] md5=84bb82ab521cc370007aca532f77c9e1 bytes=110 template=try-catch origin=seed:tests/corpus/syntax/typescript-assertions.test.ts
 PASS js-fuzzer-try-catch-84bb82ab521c.js [8175/10000] status=ok obs=c16a5320fa47 coverage=+0/32/38 time=1ms
  RUN js-fuzzer-class-c0844991889f.js [8176/10000] md5=c0844991889f03308712cd6bc6b7c31c bytes=101 template=class origin=seed:tests/corpus/syntax/typescript-non-null-satisfies.test.ts
 PASS js-fuzzer-class-c0844991889f.js [8176/10000] status=ok obs=70efdf2ec9b0 coverage=+0/32/38 time=2ms
  RUN js-fuzzer-boundary-db03eeac3914.js [8177/10000] md5=db03eeac3914e8f0a7bfea9eefe9f0de bytes=114 template=boundary origin=boundary:-2
 PASS js-fuzzer-boundary-db03eeac3914.js [8177/10000] status=ok obs=5d7b9adcbe1c coverage=+0/32/38 time=1ms
  RUN js-fuzzer-function-134a85d12098.js [8178/10000] md5=134a85d120985077bd24a3a53ac64560 bytes=153 template=function origin=seed:tests/corpus/fixtures/state-machine-workflow.test.js
 PASS js-fuzzer-function-134a85d12098.js [8178/10000] status=ok obs=1679091c5a88 coverage=+0/32/38 time=2ms
  RUN js-fuzzer-array-object-ca9380f4d178.js [8179/10000] md5=ca9380f4d1781ace4f2355866a0a2ea3 bytes=133 template=array-object origin=seed:tests/corpus/fixtures/vue-script-workflow.test.vue
 PASS js-fuzzer-array-object-ca9380f4d178.js [8179/10000] status=ok obs=6512bd43d9ca coverage=+0/32/38 time=2ms
  RUN js-fuzzer-closure-47e8dc8d82bf.js [8180/10000] md5=47e8dc8d82bf0b28b6346f0ca212f964 bytes=183 template=closure origin=seed:tests/corpus/obfuscation/constant-tag-mix.test.js
 PASS js-fuzzer-closure-47e8dc8d82bf.js [8180/10000] status=ok obs=02e74f10e032 coverage=+0/32/38 time=2ms
  RUN js-fuzzer-block-scope-35afccb6c8d3.js [8181/10000] md5=35afccb6c8d3b5580a781876f23bcf14 bytes=114 template=block-scope origin=seed:tests/corpus/obfuscation/extern-slot-permutation.test.js
 PASS js-fuzzer-block-scope-35afccb6c8d3.js [8181/10000] status=ok obs=f0935e4cd592 coverage=+0/32/38 time=1ms
  RUN js-fuzzer-corpus-efd663ac427b.js [8182/10000] md5=efd663ac427b5ca270b2f8b928c902bf bytes=112 template=corpus origin=tests/corpus/obfuscation/externs-console.test.js
 PASS js-fuzzer-corpus-efd663ac427b.js [8182/10000] status=ok obs=d289993e39c8 coverage=+0/32/38 time=2ms
  RUN js-fuzzer-try-catch-394293a01c1f.js [8183/10000] md5=394293a01c1f5412b61d69cb8738d61b bytes=110 template=try-catch origin=seed:tests/corpus/obfuscation/seed-sensitive-functions.test.js
 PASS js-fuzzer-try-catch-394293a01c1f.js [8183/10000] status=ok obs=c74d97b01eae coverage=+0/32/38 time=1ms
  RUN js-fuzzer-boundary-1024adcac0e5.js [8184/10000] md5=1024adcac0e5cc9f99f478fa66dcc00c bytes=114 template=boundary origin=boundary:-1
 PASS js-fuzzer-boundary-1024adcac0e5.js [8184/10000] status=ok obs=6bb61e3b7bce coverage=+0/32/38 time=1ms
  RUN js-fuzzer-arithmetic-6ff8ccb05cbd.js [8185/10000] md5=6ff8ccb05cbd791a16a33c76e78f34ab bytes=85 template=arithmetic origin=seed:tests/corpus/regressions/multiple-functions-fib-add.test.js
 PASS js-fuzzer-arithmetic-6ff8ccb05cbd.js [8185/10000] status=ok obs=c52f1bd66cc1 coverage=+0/32/38 time=2ms
  RUN js-fuzzer-function-e04598e59cc1.js [8186/10000] md5=e04598e59cc109c5f5c20638fe37a892 bytes=153 template=function origin=seed:tests/corpus/regressions/scope-compressed-closure-params.test.js
 PASS js-fuzzer-function-e04598e59cc1.js [8186/10000] status=ok obs=d3d9446802a4 coverage=+0/32/38 time=2ms
  RUN js-fuzzer-array-object-3b0e31defd36.js [8187/10000] md5=3b0e31defd367851bd78f8d339c0e84e bytes=133 template=array-object origin=seed:tests/corpus/runtime/arrays-objects-methods.test.js
 PASS js-fuzzer-array-object-3b0e31defd36.js [8187/10000] status=ok obs=45c48cce2e2d coverage=+0/32/38 time=1ms
  RUN js-fuzzer-closure-ac0a91b8373c.js [8188/10000] md5=ac0a91b8373c2d72e1b56509806a48cd bytes=185 template=closure origin=seed:tests/corpus/runtime/block-scopes.test.js
 PASS js-fuzzer-closure-ac0a91b8373c.js [8188/10000] status=ok obs=17e62166fc85 coverage=+0/32/38 time=2ms
  RUN js-fuzzer-block-scope-6d5622402d9f.js [8189/10000] md5=6d5622402d9f5f5597641dbccb91e5f0 bytes=114 template=block-scope origin=seed:tests/corpus/runtime/class-fields-static-methods.test.js
 PASS js-fuzzer-block-scope-6d5622402d9f.js [8189/10000] status=ok obs=6974ce5ac660 coverage=+0/32/38 time=1ms
  RUN js-fuzzer-loop-b88258462a8d.js [8190/10000] md5=b88258462a8d880f8b0e459fa23b2536 bytes=81 template=loop origin=seed:tests/corpus/runtime/classes-and-objects.test.js
 PASS js-fuzzer-loop-b88258462a8d.js [8190/10000] status=ok obs=3c59dc048e88 coverage=+0/32/38 time=2ms
  RUN js-fuzzer-corpus-ddcb99247fc8.js [8191/10000] md5=ddcb99247fc847c897b97c6bd6512b9f bytes=217 template=corpus origin=tests/corpus/runtime/closures-mutate-captured-bindings.test.js
 PASS js-fuzzer-corpus-ddcb99247fc8.js [8191/10000] status=ok obs=e4da3b7fbbce coverage=+0/32/38 time=2ms
  RUN js-fuzzer-class-5baf4bed5db4.js [8192/10000] md5=5baf4bed5db4f8205173226efc8fff73 bytes=101 template=class origin=seed:tests/corpus/runtime/closures-read-captured-values.test.js
 PASS js-fuzzer-class-5baf4bed5db4.js [8192/10000] status=ok obs=6f4922f45568 coverage=+0/32/38 time=1ms
  RUN js-fuzzer-arithmetic-0dc26c0674d6.js [8193/10000] md5=0dc26c0674d60e6e81ed50fd90c38300 bytes=85 template=arithmetic origin=seed:tests/corpus/runtime/exceptions-and-nullish.test.js
 PASS js-fuzzer-arithmetic-0dc26c0674d6.js [8193/10000] status=ok obs=a684eceee76f coverage=+0/32/38 time=2ms
  RUN js-fuzzer-function-d3859b93eee1.js [8194/10000] md5=d3859b93eee1f3bcfec0cda51c4d02bf bytes=153 template=function origin=seed:tests/corpus/runtime/functions-closures-and-arrows.test.js
 PASS js-fuzzer-function-d3859b93eee1.js [8194/10000] status=ok obs=a87ff679a2f3 coverage=+0/32/38 time=1ms
  RUN js-fuzzer-array-object-4b7327d03a54.js [8195/10000] md5=4b7327d03a541fbf7b988e30336a52bf bytes=133 template=array-object origin=seed:tests/corpus/runtime/lexical-shadowing.test.js
 PASS js-fuzzer-array-object-4b7327d03a54.js [8195/10000] status=ok obs=6512bd43d9ca coverage=+0/32/38 time=2ms
  RUN js-fuzzer-closure-02734c80d55c.js [8196/10000] md5=02734c80d55cf06c00f55bb26992c800 bytes=184 template=closure origin=seed:tests/corpus/runtime/modules-export.test.js
 PASS js-fuzzer-closure-02734c80d55c.js [8196/10000] status=ok obs=2838023a778d coverage=+0/32/38 time=2ms
  RUN js-fuzzer-block-scope-e315f4c12bc1.js [8197/10000] md5=e315f4c12bc13b4f7f4a55f8bf99f422 bytes=115 template=block-scope origin=seed:tests/corpus/runtime/nested-try-finally.test.js
 PASS js-fuzzer-block-scope-e315f4c12bc1.js [8197/10000] status=ok obs=5f93f983524d coverage=+0/32/38 time=1ms
  RUN js-fuzzer-boundary-83aee5cf07de.js [8198/10000] md5=83aee5cf07deb9d5ce59aec8aff7a227 bytes=128 template=boundary origin=boundary:9007199254740991
 PASS js-fuzzer-boundary-83aee5cf07de.js [8198/10000] status=ok obs=8bfa9ad090fb coverage=+0/32/38 time=2ms
  RUN js-fuzzer-try-catch-6c711f8bb184.js [8199/10000] md5=6c711f8bb184c228d8b20d70b1aabb73 bytes=109 template=try-catch origin=seed:tests/corpus/syntax/logical-unary-nullish.test.js
 PASS js-fuzzer-try-catch-6c711f8bb184.js [8199/10000] status=ok obs=1679091c5a88 coverage=+0/32/38 time=1ms
  RUN js-fuzzer-corpus-96ebdcb81273.js [8200/10000] md5=96ebdcb81273f0e5e5778a6c70c94988 bytes=171 template=corpus origin=tests/corpus/syntax/object-destructure-and-members.test.js
 PASS js-fuzzer-corpus-96ebdcb81273.js [8200/10000] status=ok obs=bfad8dfa12ed coverage=+0/32/38 time=2ms
  RUN js-fuzzer-arithmetic-a5f4a90d040f.js [8201/10000] md5=a5f4a90d040fcffda4e5d4fdc097c660 bytes=84 template=arithmetic origin=seed:tests/corpus/syntax/switch-do-while-sequence.test.js
 PASS js-fuzzer-arithmetic-a5f4a90d040f.js [8201/10000] status=ok obs=ed3d2c21991e coverage=+0/32/38 time=2ms
  RUN js-fuzzer-function-ced1d0daab2e.js [8202/10000] md5=ced1d0daab2e23fdcfec672d899d9739 bytes=153 template=function origin=seed:tests/corpus/syntax/template-array-destructure.test.js
 PASS js-fuzzer-function-ced1d0daab2e.js [8202/10000] status=ok obs=8e296a067a37 coverage=+0/32/38 time=2ms
  RUN js-fuzzer-array-object-378bf54feba5.js [8203/10000] md5=378bf54feba58d9269382f4cb81a143e bytes=133 template=array-object origin=seed:tests/corpus/syntax/typescript-assertions.test.ts
 PASS js-fuzzer-array-object-378bf54feba5.js [8203/10000] status=ok obs=aab3238922bc coverage=+0/32/38 time=2ms
  RUN js-fuzzer-closure-c85b2c9cf353.js [8204/10000] md5=c85b2c9cf3533711dc9700256d96a829 bytes=183 template=closure origin=seed:tests/corpus/syntax/typescript-non-null-satisfies.test.ts
 PASS js-fuzzer-closure-c85b2c9cf353.js [8204/10000] status=ok obs=3c59dc048e88 coverage=+0/32/38 time=1ms
  RUN js-fuzzer-boundary-4b188851088a.js [8205/10000] md5=4b188851088a18b5b5e1424320aec545 bytes=122 template=boundary origin=boundary:2147483647
 PASS js-fuzzer-boundary-4b188851088a.js [8205/10000] status=ok obs=c588c0a459f4 coverage=+0/32/38 time=2ms
  RUN js-fuzzer-loop-bbf1d7a15d8d.js [8206/10000] md5=bbf1d7a15d8dd015402d75c0e0108b5f bytes=81 template=loop origin=seed:tests/corpus/fixtures/state-machine-workflow.test.js
 PASS js-fuzzer-loop-bbf1d7a15d8d.js [8206/10000] status=ok obs=1679091c5a88 coverage=+0/32/38 time=1ms
  RUN js-fuzzer-try-catch-dd0b1ef9b53e.js [8207/10000] md5=dd0b1ef9b53e3ee92bf7cc86c8d4101e bytes=110 template=try-catch origin=seed:tests/corpus/fixtures/vue-script-workflow.test.vue
 PASS js-fuzzer-try-catch-dd0b1ef9b53e.js [8207/10000] status=ok obs=642e92efb794 coverage=+0/32/38 time=2ms
  RUN js-fuzzer-class-6736c24444bc.js [8208/10000] md5=6736c24444bc6ff151b05a9a974ae4d5 bytes=100 template=class origin=seed:tests/corpus/obfuscation/constant-tag-mix.test.js
 PASS js-fuzzer-class-6736c24444bc.js [8208/10000] status=ok obs=45c48cce2e2d coverage=+0/32/38 time=2ms
  RUN js-fuzzer-corpus-fe2d30a6e413.js [8209/10000] md5=fe2d30a6e4139e7a8b52405bed737faa bytes=220 template=corpus origin=tests/corpus/obfuscation/extern-slot-permutation.test.js
 PASS js-fuzzer-corpus-fe2d30a6e413.js [8209/10000] status=ok obs=c34c702d0256 coverage=+0/32/38 time=1ms
  RUN js-fuzzer-function-805986a3b478.js [8210/10000] md5=805986a3b4784e72cf43592e25340692 bytes=153 template=function origin=seed:tests/corpus/obfuscation/externs-console.test.js
 PASS js-fuzzer-function-805986a3b478.js [8210/10000] status=ok obs=c51ce410c124 coverage=+0/32/38 time=2ms
  RUN js-fuzzer-array-object-d5319b3d38f1.js [8211/10000] md5=d5319b3d38f1e533328fa627a1a6f0ac bytes=133 template=array-object origin=seed:tests/corpus/obfuscation/seed-sensitive-functions.test.js
 PASS js-fuzzer-array-object-d5319b3d38f1.js [8211/10000] status=ok obs=c20ad4d76fe9 coverage=+0/32/38 time=2ms
  RUN js-fuzzer-boundary-e33d9dc9cd6c.js [8212/10000] md5=e33d9dc9cd6c84ec6ac6a01d1d18c4f2 bytes=113 template=boundary origin=boundary:2
 PASS js-fuzzer-boundary-e33d9dc9cd6c.js [8212/10000] status=ok obs=c81e728d9d4c coverage=+0/32/38 time=1ms
  RUN js-fuzzer-block-scope-5929829bb015.js [8213/10000] md5=5929829bb0156e79a3a2d2cf8153931a bytes=114 template=block-scope origin=seed:tests/corpus/regressions/multiple-functions-fib-add.test.js
 PASS js-fuzzer-block-scope-5929829bb015.js [8213/10000] status=ok obs=f0935e4cd592 coverage=+0/32/38 time=2ms
  RUN js-fuzzer-loop-bbf1d7a15d8d.js [8214/10000] md5=bbf1d7a15d8dd015402d75c0e0108b5f bytes=81 template=loop origin=seed:tests/corpus/regressions/scope-compressed-closure-params.test.js
 PASS js-fuzzer-loop-bbf1d7a15d8d.js [8214/10000] status=ok obs=1679091c5a88 coverage=+0/32/38 time=2ms
  RUN js-fuzzer-try-catch-f24fba189d45.js [8215/10000] md5=f24fba189d4541ce9d4809156ecb450c bytes=110 template=try-catch origin=seed:tests/corpus/runtime/arrays-objects-methods.test.js
 PASS js-fuzzer-try-catch-f24fba189d45.js [8215/10000] status=ok obs=1ff1de774005 coverage=+0/32/38 time=1ms
  RUN js-fuzzer-class-a35a4dd2f302.js [8216/10000] md5=a35a4dd2f302fda9a0e8d6e2c980c283 bytes=101 template=class origin=seed:tests/corpus/runtime/block-scopes.test.js
 PASS js-fuzzer-class-a35a4dd2f302.js [8216/10000] status=ok obs=9bf31c7ff062 coverage=+0/32/38 time=2ms
  RUN js-fuzzer-arithmetic-d05dae61b0a0.js [8217/10000] md5=d05dae61b0a06c03d5608af0b3e7e086 bytes=84 template=arithmetic origin=seed:tests/corpus/runtime/class-fields-static-methods.test.js
 PASS js-fuzzer-arithmetic-d05dae61b0a0.js [8217/10000] status=ok obs=eb163727917c coverage=+0/32/38 time=1ms
  RUN js-fuzzer-corpus-663bf83cd082.js [8218/10000] md5=663bf83cd082bd221441dae6bbc85046 bytes=278 template=corpus origin=tests/corpus/runtime/classes-and-objects.test.js
 PASS js-fuzzer-corpus-663bf83cd082.js [8218/10000] status=ok obs=6f4922f45568 coverage=+0/32/38 time=2ms
  RUN js-fuzzer-boundary-ccde2dac26f6.js [8219/10000] md5=ccde2dac26f6d3fd46c3698825685fe3 bytes=113 template=boundary origin=boundary:1
 PASS js-fuzzer-boundary-ccde2dac26f6.js [8219/10000] status=ok obs=c4ca4238a0b9 coverage=+0/32/38 time=2ms
  RUN js-fuzzer-closure-4a49aa0a08a3.js [8220/10000] md5=4a49aa0a08a34a87008cfcd869316d61 bytes=183 template=closure origin=seed:tests/corpus/runtime/closures-read-captured-values.test.js
 PASS js-fuzzer-closure-4a49aa0a08a3.js [8220/10000] status=ok obs=3c59dc048e88 coverage=+0/32/38 time=1ms
  RUN js-fuzzer-block-scope-3e2a23bb200e.js [8221/10000] md5=3e2a23bb200e79bb37b219f520923481 bytes=114 template=block-scope origin=seed:tests/corpus/runtime/exceptions-and-nullish.test.js
 PASS js-fuzzer-block-scope-3e2a23bb200e.js [8221/10000] status=ok obs=c9e1074f5b3f coverage=+0/32/38 time=2ms
  RUN js-fuzzer-loop-b88258462a8d.js [8222/10000] md5=b88258462a8d880f8b0e459fa23b2536 bytes=81 template=loop origin=seed:tests/corpus/runtime/functions-closures-and-arrows.test.js
 PASS js-fuzzer-loop-b88258462a8d.js [8222/10000] status=ok obs=3c59dc048e88 coverage=+0/32/38 time=2ms
  RUN js-fuzzer-try-catch-dd0b1ef9b53e.js [8223/10000] md5=dd0b1ef9b53e3ee92bf7cc86c8d4101e bytes=110 template=try-catch origin=seed:tests/corpus/runtime/lexical-shadowing.test.js
 PASS js-fuzzer-try-catch-dd0b1ef9b53e.js [8223/10000] status=ok obs=642e92efb794 coverage=+0/32/38 time=1ms
  RUN js-fuzzer-class-a35a4dd2f302.js [8224/10000] md5=a35a4dd2f302fda9a0e8d6e2c980c283 bytes=101 template=class origin=seed:tests/corpus/runtime/modules-export.test.js
 PASS js-fuzzer-class-a35a4dd2f302.js [8224/10000] status=ok obs=9bf31c7ff062 coverage=+0/32/38 time=2ms
  RUN js-fuzzer-arithmetic-3d010cc1ee45.js [8225/10000] md5=3d010cc1ee45b0abd9677913a63ecd70 bytes=85 template=arithmetic origin=seed:tests/corpus/runtime/nested-try-finally.test.js
 PASS js-fuzzer-arithmetic-3d010cc1ee45.js [8225/10000] status=ok obs=c16a5320fa47 coverage=+0/32/38 time=1ms
  RUN js-fuzzer-boundary-235131a2d0d1.js [8226/10000] md5=235131a2d0d184afe9327ca3bd456dde bytes=129 template=boundary origin=boundary:-9007199254740991
 PASS js-fuzzer-boundary-235131a2d0d1.js [8226/10000] status=ok obs=b3f3a95848f6 coverage=+0/32/38 time=2ms
  RUN js-fuzzer-corpus-279b64032335.js [8227/10000] md5=279b640323351a1b082b98b42d2a2d55 bytes=134 template=corpus origin=tests/corpus/syntax/logical-unary-nullish.test.js
 PASS js-fuzzer-corpus-279b64032335.js [8227/10000] status=ok obs=45c48cce2e2d coverage=+0/32/38 time=2ms
  RUN js-fuzzer-closure-fc865be1beb7.js [8228/10000] md5=fc865be1beb78826c0fa66891e80fa01 bytes=184 template=closure origin=seed:tests/corpus/syntax/object-destructure-and-members.test.js
 PASS js-fuzzer-closure-fc865be1beb7.js [8228/10000] status=ok obs=1c383cd30b7c coverage=+0/32/38 time=1ms
  RUN js-fuzzer-block-scope-f5604b68889a.js [8229/10000] md5=f5604b68889a8927f6b1b388f02368aa bytes=115 template=block-scope origin=seed:tests/corpus/syntax/switch-do-while-sequence.test.js
 PASS js-fuzzer-block-scope-f5604b68889a.js [8229/10000] status=ok obs=5f93f983524d coverage=+0/32/38 time=2ms
  RUN js-fuzzer-loop-54e460cecf5c.js [8230/10000] md5=54e460cecf5c05dfcffaa3b2e5f57445 bytes=81 template=loop origin=seed:tests/corpus/syntax/template-array-destructure.test.js
 PASS js-fuzzer-loop-54e460cecf5c.js [8230/10000] status=ok obs=d3d9446802a4 coverage=+0/32/38 time=1ms
  RUN js-fuzzer-try-catch-0db921dfa62d.js [8231/10000] md5=0db921dfa62dbbfd21889addc9a83362 bytes=110 template=try-catch origin=seed:tests/corpus/syntax/typescript-assertions.test.ts
 PASS js-fuzzer-try-catch-0db921dfa62d.js [8231/10000] status=ok obs=34173cb38f07 coverage=+0/32/38 time=2ms
  RUN js-fuzzer-class-51ea152a707e.js [8232/10000] md5=51ea152a707ed5422ab3e5b3ddb7fe43 bytes=100 template=class origin=seed:tests/corpus/syntax/typescript-non-null-satisfies.test.ts
 PASS js-fuzzer-class-51ea152a707e.js [8232/10000] status=ok obs=e4da3b7fbbce coverage=+0/32/38 time=2ms
  RUN js-fuzzer-boundary-4b8e58e2bd3b.js [8233/10000] md5=4b8e58e2bd3bc437f093fe0ab13ce109 bytes=123 template=boundary origin=boundary:-2147483648
 PASS js-fuzzer-boundary-4b8e58e2bd3b.js [8233/10000] status=ok obs=034ff5946105 coverage=+0/32/38 time=1ms
  RUN js-fuzzer-function-297962b584b2.js [8234/10000] md5=297962b584b2139723d9064b9ad0de50 bytes=153 template=function origin=seed:tests/corpus/fixtures/state-machine-workflow.test.js
 PASS js-fuzzer-function-297962b584b2.js [8234/10000] status=ok obs=c81e728d9d4c coverage=+0/32/38 time=2ms
  RUN js-fuzzer-array-object-53b236151ae6.js [8235/10000] md5=53b236151ae6a45fb38321564302effa bytes=133 template=array-object origin=seed:tests/corpus/fixtures/vue-script-workflow.test.vue
 PASS js-fuzzer-array-object-53b236151ae6.js [8235/10000] status=ok obs=d3d9446802a4 coverage=+0/32/38 time=1ms
  RUN js-fuzzer-corpus-f00ef18b0a17.js [8236/10000] md5=f00ef18b0a172b2a2d9833f5b7fe94e2 bytes=199 template=corpus origin=tests/corpus/obfuscation/constant-tag-mix.test.js
 PASS js-fuzzer-corpus-f00ef18b0a17.js [8236/10000] status=ok obs=e86823f38986 coverage=+0/32/38 time=2ms
  RUN js-fuzzer-block-scope-fe383ce7ccda.js [8237/10000] md5=fe383ce7ccda54bed90aad4ecee0cc01 bytes=114 template=block-scope origin=seed:tests/corpus/obfuscation/extern-slot-permutation.test.js
 PASS js-fuzzer-block-scope-fe383ce7ccda.js [8237/10000] status=ok obs=38b3eff8baf5 coverage=+0/32/38 time=2ms
  RUN js-fuzzer-loop-d35707ad0bf7.js [8238/10000] md5=d35707ad0bf74148f671ad8943998af6 bytes=81 template=loop origin=seed:tests/corpus/obfuscation/externs-console.test.js
 PASS js-fuzzer-loop-d35707ad0bf7.js [8238/10000] status=ok obs=9bf31c7ff062 coverage=+0/32/38 time=1ms
  RUN js-fuzzer-try-catch-78409afcd812.js [8239/10000] md5=78409afcd812e57d07238a91d9d67ddf bytes=110 template=try-catch origin=seed:tests/corpus/obfuscation/seed-sensitive-functions.test.js
 PASS js-fuzzer-try-catch-78409afcd812.js [8239/10000] status=ok obs=17e62166fc85 coverage=+0/32/38 time=2ms
  RUN js-fuzzer-boundary-db03eeac3914.js [8240/10000] md5=db03eeac3914e8f0a7bfea9eefe9f0de bytes=114 template=boundary origin=boundary:-2
 PASS js-fuzzer-boundary-db03eeac3914.js [8240/10000] status=ok obs=5d7b9adcbe1c coverage=+0/32/38 time=1ms
  RUN js-fuzzer-arithmetic-d49c901114c5.js [8241/10000] md5=d49c901114c5801ff4a933c0d75a0d15 bytes=83 template=arithmetic origin=seed:tests/corpus/regressions/multiple-functions-fib-add.test.js
 PASS js-fuzzer-arithmetic-d49c901114c5.js [8241/10000] status=ok obs=d9d4f495e875 coverage=+0/32/38 time=2ms
  RUN js-fuzzer-function-ba7ea055d439.js [8242/10000] md5=ba7ea055d4397ffca213251195491d86 bytes=153 template=function origin=seed:tests/corpus/regressions/scope-compressed-closure-params.test.js
 PASS js-fuzzer-function-ba7ea055d439.js [8242/10000] status=ok obs=8f14e45fceea coverage=+0/32/38 time=2ms
  RUN js-fuzzer-array-object-06bed75fe860.js [8243/10000] md5=06bed75fe8608dd7cf99c9fcb0805418 bytes=133 template=array-object origin=seed:tests/corpus/runtime/arrays-objects-methods.test.js
 PASS js-fuzzer-array-object-06bed75fe860.js [8243/10000] status=ok obs=6f4922f45568 coverage=+0/32/38 time=2ms
  RUN js-fuzzer-closure-29e68e76f867.js [8244/10000] md5=29e68e76f867dc0cde73cb89c924d016 bytes=185 template=closure origin=seed:tests/corpus/runtime/block-scopes.test.js
 PASS js-fuzzer-closure-29e68e76f867.js [8244/10000] status=ok obs=3416a75f4cea coverage=+0/32/38 time=1ms
  RUN js-fuzzer-corpus-a64e83c2f849.js [8245/10000] md5=a64e83c2f84925dca8985eabe963ee21 bytes=179 template=corpus origin=tests/corpus/runtime/class-fields-static-methods.test.js
 PASS js-fuzzer-corpus-a64e83c2f849.js [8245/10000] status=ok obs=8f14e45fceea coverage=+0/32/38 time=2ms
  RUN js-fuzzer-loop-55c7c905bffb.js [8246/10000] md5=55c7c905bffb4bbbc4c8fb9b91df6ad8 bytes=81 template=loop origin=seed:tests/corpus/runtime/classes-and-objects.test.js
 PASS js-fuzzer-loop-55c7c905bffb.js [8246/10000] status=ok obs=eccbc87e4b5c coverage=+0/32/38 time=2ms
  RUN js-fuzzer-boundary-61a9a82f5f08.js [8247/10000] md5=61a9a82f5f08bc177f13c805ba785d7d bytes=114 template=boundary origin=boundary:-1
 PASS js-fuzzer-boundary-61a9a82f5f08.js [8247/10000] status=ok obs=6bb61e3b7bce coverage=+0/32/38 time=1ms
  RUN js-fuzzer-class-c6bbe0a63455.js [8248/10000] md5=c6bbe0a634559d18fa82cf0c9a421610 bytes=100 template=class origin=seed:tests/corpus/runtime/closures-read-captured-values.test.js
 PASS js-fuzzer-class-c6bbe0a63455.js [8248/10000] status=ok obs=1679091c5a88 coverage=+0/32/38 time=2ms
  RUN js-fuzzer-arithmetic-227fac058f70.js [8249/10000] md5=227fac058f700ad69172546b28359ad7 bytes=85 template=arithmetic origin=seed:tests/corpus/runtime/exceptions-and-nullish.test.js
 PASS js-fuzzer-arithmetic-227fac058f70.js [8249/10000] status=ok obs=92cc227532d1 coverage=+0/32/38 time=1ms
  RUN js-fuzzer-function-84b6f0564867.js [8250/10000] md5=84b6f05648673d1e7da8df04c8cbab23 bytes=153 template=function origin=seed:tests/corpus/runtime/functions-closures-and-arrows.test.js
 PASS js-fuzzer-function-84b6f0564867.js [8250/10000] status=ok obs=c74d97b01eae coverage=+0/32/38 time=3ms
  RUN js-fuzzer-array-object-fe36c89e21aa.js [8251/10000] md5=fe36c89e21aa93cf9f4956b62db66bc5 bytes=133 template=array-object origin=seed:tests/corpus/runtime/lexical-shadowing.test.js
 PASS js-fuzzer-array-object-fe36c89e21aa.js [8251/10000] status=ok obs=45c48cce2e2d coverage=+0/32/38 time=1ms
  RUN js-fuzzer-closure-08c99a9f7ce6.js [8252/10000] md5=08c99a9f7ce6556c4544e4d71c5c6227 bytes=185 template=closure origin=seed:tests/corpus/runtime/modules-export.test.js
 PASS js-fuzzer-closure-08c99a9f7ce6.js [8252/10000] status=ok obs=d1fe173d08e9 coverage=+0/32/38 time=2ms
  RUN js-fuzzer-block-scope-e75f812a30d7.js [8253/10000] md5=e75f812a30d74855b33a6109922aae9f bytes=114 template=block-scope origin=seed:tests/corpus/runtime/nested-try-finally.test.js
 PASS js-fuzzer-block-scope-e75f812a30d7.js [8253/10000] status=ok obs=65b9eea6e1cc coverage=+0/32/38 time=2ms
  RUN js-fuzzer-corpus-89e900fcb72f.js [8254/10000] md5=89e900fcb72ff838bfe9a13ae091363f bytes=228 template=corpus origin=tests/corpus/syntax/control-flow-and-operators.test.js
 PASS js-fuzzer-corpus-89e900fcb72f.js [8254/10000] status=ok obs=aab3238922bc coverage=+0/32/38 time=2ms
  RUN js-fuzzer-try-catch-13abe4d24a2d.js [8255/10000] md5=13abe4d24a2dd7935e11d59d61044cdc bytes=109 template=try-catch origin=seed:tests/corpus/syntax/logical-unary-nullish.test.js
 PASS js-fuzzer-try-catch-13abe4d24a2d.js [8255/10000] status=ok obs=c9f0f895fb98 coverage=+0/32/38 time=2ms
  RUN js-fuzzer-class-47fbd3db5853.js [8256/10000] md5=47fbd3db58539fc2e42627a4f3168c79 bytes=101 template=class origin=seed:tests/corpus/syntax/object-destructure-and-members.test.js
 PASS js-fuzzer-class-47fbd3db5853.js [8256/10000] status=ok obs=98f137082101 coverage=+0/32/38 time=1ms
  RUN js-fuzzer-arithmetic-ab4b76da1845.js [8257/10000] md5=ab4b76da18458f6294d92fab1efe3fb0 bytes=84 template=arithmetic origin=seed:tests/corpus/syntax/switch-do-while-sequence.test.js
 PASS js-fuzzer-arithmetic-ab4b76da1845.js [8257/10000] status=ok obs=6f4922f45568 coverage=+0/32/38 time=2ms
  RUN js-fuzzer-function-7078b1558e88.js [8258/10000] md5=7078b1558e88c84f2ce4ff32c844a13e bytes=153 template=function origin=seed:tests/corpus/syntax/template-array-destructure.test.js
 PASS js-fuzzer-function-7078b1558e88.js [8258/10000] status=ok obs=1679091c5a88 coverage=+0/32/38 time=1ms
  RUN js-fuzzer-array-object-7fcfdbafc8e6.js [8259/10000] md5=7fcfdbafc8e64f18b6eb47187353acce bytes=133 template=array-object origin=seed:tests/corpus/syntax/typescript-assertions.test.ts
 PASS js-fuzzer-array-object-7fcfdbafc8e6.js [8259/10000] status=ok obs=45c48cce2e2d coverage=+0/32/38 time=1ms
  RUN js-fuzzer-closure-17b2db1318a2.js [8260/10000] md5=17b2db1318a228f8a98b3200f104846b bytes=184 template=closure origin=seed:tests/corpus/syntax/typescript-non-null-satisfies.test.ts
 PASS js-fuzzer-closure-17b2db1318a2.js [8260/10000] status=ok obs=6c8349cc7260 coverage=+0/32/38 time=2ms
  RUN js-fuzzer-boundary-4bea2a6e0cb0.js [8261/10000] md5=4bea2a6e0cb0c7bb0b29e5b5d44112d8 bytes=128 template=boundary origin=boundary:9007199254740991
 PASS js-fuzzer-boundary-4bea2a6e0cb0.js [8261/10000] status=ok obs=dc9a0d67a31d coverage=+0/32/38 time=86ms
  RUN js-fuzzer-loop-54e460cecf5c.js [8262/10000] md5=54e460cecf5c05dfcffaa3b2e5f57445 bytes=81 template=loop origin=seed:tests/corpus/fixtures/state-machine-workflow.test.js
 PASS js-fuzzer-loop-54e460cecf5c.js [8262/10000] status=ok obs=d3d9446802a4 coverage=+0/32/38 time=2ms
  RUN js-fuzzer-corpus-f722388c7961.js [8263/10000] md5=f722388c7961d2a0288508c35f28a5f8 bytes=96 template=corpus origin=tests/corpus/fixtures/vue-script-workflow.test.vue
 PASS js-fuzzer-corpus-f722388c7961.js [8263/10000] status=ok obs=6512bd43d9ca coverage=+0/32/38 time=2ms
  RUN js-fuzzer-class-769274f77fa6.js [8264/10000] md5=769274f77fa62254ce7e0eb0e3adf7f1 bytes=100 template=class origin=seed:tests/corpus/obfuscation/constant-tag-mix.test.js
 PASS js-fuzzer-class-769274f77fa6.js [8264/10000] status=ok obs=c4ca4238a0b9 coverage=+0/32/38 time=2ms
  RUN js-fuzzer-arithmetic-8d9257329f95.js [8265/10000] md5=8d9257329f9594e2c24dd2a6b3ba6ed7 bytes=84 template=arithmetic origin=seed:tests/corpus/obfuscation/extern-slot-permutation.test.js
 PASS js-fuzzer-arithmetic-8d9257329f95.js [8265/10000] status=ok obs=2a38a4a9316c coverage=+0/32/38 time=2ms
  RUN js-fuzzer-function-98e8c4d5dcc0.js [8266/10000] md5=98e8c4d5dcc095fbcedf7527b98fd4fe bytes=153 template=function origin=seed:tests/corpus/obfuscation/externs-console.test.js
 PASS js-fuzzer-function-98e8c4d5dcc0.js [8266/10000] status=ok obs=c9f0f895fb98 coverage=+0/32/38 time=2ms
  RUN js-fuzzer-array-object-1e8aad05863e.js [8267/10000] md5=1e8aad05863ee5fafb314f385ceba6f7 bytes=133 template=array-object origin=seed:tests/corpus/obfuscation/seed-sensitive-functions.test.js
 PASS js-fuzzer-array-object-1e8aad05863e.js [8267/10000] status=ok obs=d3d9446802a4 coverage=+0/32/38 time=2ms
  RUN js-fuzzer-boundary-86f8354fc6fd.js [8268/10000] md5=86f8354fc6fd092b05683bbf230dc769 bytes=122 template=boundary origin=boundary:2147483647
 PASS js-fuzzer-boundary-86f8354fc6fd.js [8268/10000] status=ok obs=c588c0a459f4 coverage=+0/32/38 time=13ms
  RUN js-fuzzer-block-scope-654da4f66cd2.js [8269/10000] md5=654da4f66cd283db628a26cffa0b8c34 bytes=115 template=block-scope origin=seed:tests/corpus/regressions/multiple-functions-fib-add.test.js
 PASS js-fuzzer-block-scope-654da4f66cd2.js [8269/10000] status=ok obs=5f93f983524d coverage=+0/32/38 time=9ms
  RUN js-fuzzer-loop-55c7c905bffb.js [8270/10000] md5=55c7c905bffb4bbbc4c8fb9b91df6ad8 bytes=81 template=loop origin=seed:tests/corpus/regressions/scope-compressed-closure-params.test.js
 PASS js-fuzzer-loop-55c7c905bffb.js [8270/10000] status=ok obs=eccbc87e4b5c coverage=+0/32/38 time=2ms
  RUN js-fuzzer-try-catch-8a297d00e90e.js [8271/10000] md5=8a297d00e90eb93174a6d6eeae5be951 bytes=110 template=try-catch origin=seed:tests/corpus/runtime/arrays-objects-methods.test.js
 PASS js-fuzzer-try-catch-8a297d00e90e.js [8271/10000] status=ok obs=98f137082101 coverage=+0/32/38 time=2ms
  RUN js-fuzzer-corpus-8b78ba7912c5.js [8272/10000] md5=8b78ba7912c51f6cf304b65c6ebdb2e3 bytes=289 template=corpus origin=tests/corpus/runtime/block-scopes.test.js
 PASS js-fuzzer-corpus-8b78ba7912c5.js [8272/10000] status=ok obs=37693cfc7480 coverage=+0/32/38 time=2ms
  RUN js-fuzzer-arithmetic-474ecf3f280f.js [8273/10000] md5=474ecf3f280f6ef14b63901f2aa54054 bytes=83 template=arithmetic origin=seed:tests/corpus/runtime/class-fields-static-methods.test.js
 PASS js-fuzzer-arithmetic-474ecf3f280f.js [8273/10000] status=ok obs=f457c545a9de coverage=+0/32/38 time=1ms
  RUN js-fuzzer-function-cb7d7d91d83d.js [8274/10000] md5=cb7d7d91d83d165500656240f14cd1fc bytes=153 template=function origin=seed:tests/corpus/runtime/classes-and-objects.test.js
 PASS js-fuzzer-function-cb7d7d91d83d.js [8274/10000] status=ok obs=8f14e45fceea coverage=+0/32/38 time=2ms
  RUN js-fuzzer-boundary-14a05a816d97.js [8275/10000] md5=14a05a816d975afa7654eb06610350d0 bytes=113 template=boundary origin=boundary:2
 PASS js-fuzzer-boundary-14a05a816d97.js [8275/10000] status=ok obs=c81e728d9d4c coverage=+0/32/38 time=2ms
  RUN js-fuzzer-closure-34a4bb6a8ed3.js [8276/10000] md5=34a4bb6a8ed3ff1878e8d51b9c0c1c69 bytes=184 template=closure origin=seed:tests/corpus/runtime/closures-read-captured-values.test.js
 PASS js-fuzzer-closure-34a4bb6a8ed3.js [8276/10000] status=ok obs=fc490ca45c00 coverage=+0/32/38 time=2ms
  RUN js-fuzzer-block-scope-aa99f3b15079.js [8277/10000] md5=aa99f3b1507939a1697583e3c7532b7e bytes=114 template=block-scope origin=seed:tests/corpus/runtime/exceptions-and-nullish.test.js
 PASS js-fuzzer-block-scope-aa99f3b15079.js [8277/10000] status=ok obs=38b3eff8baf5 coverage=+0/32/38 time=2ms
  RUN js-fuzzer-loop-d35707ad0bf7.js [8278/10000] md5=d35707ad0bf74148f671ad8943998af6 bytes=81 template=loop origin=seed:tests/corpus/runtime/functions-closures-and-arrows.test.js
 PASS js-fuzzer-loop-d35707ad0bf7.js [8278/10000] status=ok obs=9bf31c7ff062 coverage=+0/32/38 time=2ms
  RUN js-fuzzer-try-catch-0db921dfa62d.js [8279/10000] md5=0db921dfa62dbbfd21889addc9a83362 bytes=110 template=try-catch origin=seed:tests/corpus/runtime/lexical-shadowing.test.js
 PASS js-fuzzer-try-catch-0db921dfa62d.js [8279/10000] status=ok obs=34173cb38f07 coverage=+0/32/38 time=1ms
  RUN js-fuzzer-class-5baf4bed5db4.js [8280/10000] md5=5baf4bed5db4f8205173226efc8fff73 bytes=101 template=class origin=seed:tests/corpus/runtime/modules-export.test.js
 PASS js-fuzzer-class-5baf4bed5db4.js [8280/10000] status=ok obs=6f4922f45568 coverage=+0/32/38 time=2ms
  RUN js-fuzzer-corpus-c557f8da2a9d.js [8281/10000] md5=c557f8da2a9d2904c70dca50c3eeb50e bytes=191 template=corpus origin=tests/corpus/runtime/nested-try-finally.test.js
 PASS js-fuzzer-corpus-c557f8da2a9d.js [8281/10000] status=ok obs=8f14e45fceea coverage=+0/32/38 time=2ms
  RUN js-fuzzer-boundary-3ca041277ff0.js [8282/10000] md5=3ca041277ff0c3edafc1a1dcaf120940 bytes=113 template=boundary origin=boundary:1
 PASS js-fuzzer-boundary-3ca041277ff0.js [8282/10000] status=ok obs=c4ca4238a0b9 coverage=+0/32/38 time=1ms
  RUN js-fuzzer-array-object-7a155c967f39.js [8283/10000] md5=7a155c967f39745fc0c2592e2f709eec bytes=133 template=array-object origin=seed:tests/corpus/syntax/logical-unary-nullish.test.js
 PASS js-fuzzer-array-object-7a155c967f39.js [8283/10000] status=ok obs=aab3238922bc coverage=+0/32/38 time=2ms
  RUN js-fuzzer-closure-53cf4220250b.js [8284/10000] md5=53cf4220250bf6dfb76716c170cdcca7 bytes=184 template=closure origin=seed:tests/corpus/syntax/object-destructure-and-members.test.js
 PASS js-fuzzer-closure-53cf4220250b.js [8284/10000] status=ok obs=3416a75f4cea coverage=+0/32/38 time=2ms
  RUN js-fuzzer-block-scope-cdbf5f7a5e45.js [8285/10000] md5=cdbf5f7a5e4556604c53c617bae60283 bytes=115 template=block-scope origin=seed:tests/corpus/syntax/switch-do-while-sequence.test.js
 PASS js-fuzzer-block-scope-cdbf5f7a5e45.js [8285/10000] status=ok obs=5f93f983524d coverage=+0/32/38 time=1ms
  RUN js-fuzzer-loop-f495ca2fc638.js [8286/10000] md5=f495ca2fc6389f933578fc501f5b1465 bytes=81 template=loop origin=seed:tests/corpus/syntax/template-array-destructure.test.js
 PASS js-fuzzer-loop-f495ca2fc638.js [8286/10000] status=ok obs=c4ca4238a0b9 coverage=+0/32/38 time=2ms
  RUN js-fuzzer-try-catch-e6fdc2579e78.js [8287/10000] md5=e6fdc2579e7880bc0b759de7af5133ab bytes=110 template=try-catch origin=seed:tests/corpus/syntax/typescript-assertions.test.ts
 PASS js-fuzzer-try-catch-e6fdc2579e78.js [8287/10000] status=ok obs=d645920e395f coverage=+0/32/38 time=1ms
  RUN js-fuzzer-class-b1e3642c0208.js [8288/10000] md5=b1e3642c0208992266fb21668a536292 bytes=100 template=class origin=seed:tests/corpus/syntax/typescript-non-null-satisfies.test.ts
 PASS js-fuzzer-class-b1e3642c0208.js [8288/10000] status=ok obs=c9f0f895fb98 coverage=+0/32/38 time=1ms
  RUN js-fuzzer-boundary-235131a2d0d1.js [8289/10000] md5=235131a2d0d184afe9327ca3bd456dde bytes=129 template=boundary origin=boundary:-9007199254740991
 PASS js-fuzzer-boundary-235131a2d0d1.js [8289/10000] status=ok obs=b3f3a95848f6 coverage=+0/32/38 time=2ms
  RUN js-fuzzer-corpus-ab8ca4f8757c.js [8290/10000] md5=ab8ca4f8757c6165b29cd6a662edad93 bytes=450 template=corpus origin=tests/corpus/fixtures/state-machine-workflow.test.js
 PASS js-fuzzer-corpus-ab8ca4f8757c.js [8290/10000] status=ok obs=b9f49c580664 coverage=+0/32/38 time=2ms
  RUN js-fuzzer-array-object-23a2592e1e77.js [8291/10000] md5=23a2592e1e779b26adf8aa174a27c9c8 bytes=133 template=array-object origin=seed:tests/corpus/fixtures/vue-script-workflow.test.vue
 PASS js-fuzzer-array-object-23a2592e1e77.js [8291/10000] status=ok obs=70efdf2ec9b0 coverage=+0/32/38 time=1ms
  RUN js-fuzzer-closure-9d19a28bb725.js [8292/10000] md5=9d19a28bb7251ec08214da73c6aa9d72 bytes=184 template=closure origin=seed:tests/corpus/obfuscation/constant-tag-mix.test.js
 PASS js-fuzzer-closure-9d19a28bb725.js [8292/10000] status=ok obs=b53b3a3d6ab9 coverage=+0/32/38 time=2ms
  RUN js-fuzzer-block-scope-40a5982cf768.js [8293/10000] md5=40a5982cf768ebd078e685651f781b85 bytes=114 template=block-scope origin=seed:tests/corpus/obfuscation/extern-slot-permutation.test.js
 PASS js-fuzzer-block-scope-40a5982cf768.js [8293/10000] status=ok obs=ec8956637a99 coverage=+0/32/38 time=1ms
  RUN js-fuzzer-loop-b88258462a8d.js [8294/10000] md5=b88258462a8d880f8b0e459fa23b2536 bytes=81 template=loop origin=seed:tests/corpus/obfuscation/externs-console.test.js
 PASS js-fuzzer-loop-b88258462a8d.js [8294/10000] status=ok obs=3c59dc048e88 coverage=+0/32/38 time=1ms
  RUN js-fuzzer-try-catch-081c74da6bdb.js [8295/10000] md5=081c74da6bdbcec08ff71798dacff9f1 bytes=110 template=try-catch origin=seed:tests/corpus/obfuscation/seed-sensitive-functions.test.js
 PASS js-fuzzer-try-catch-081c74da6bdb.js [8295/10000] status=ok obs=6c8349cc7260 coverage=+0/32/38 time=2ms
  RUN js-fuzzer-boundary-56f451fe2902.js [8296/10000] md5=56f451fe2902341a3a470031c46238b3 bytes=123 template=boundary origin=boundary:-2147483648
 PASS js-fuzzer-boundary-56f451fe2902.js [8296/10000] status=ok obs=034ff5946105 coverage=+0/32/38 time=1ms
  RUN js-fuzzer-arithmetic-d4dd773fde41.js [8297/10000] md5=d4dd773fde417248d6d5bab0add8662b bytes=85 template=arithmetic origin=seed:tests/corpus/regressions/multiple-functions-fib-add.test.js
 PASS js-fuzzer-arithmetic-d4dd773fde41.js [8297/10000] status=ok obs=182be0c5cdcd coverage=+0/32/38 time=2ms
  RUN js-fuzzer-function-8384e80192dc.js [8298/10000] md5=8384e80192dc0232cf5e505b2f7d5501 bytes=153 template=function origin=seed:tests/corpus/regressions/scope-compressed-closure-params.test.js
 PASS js-fuzzer-function-8384e80192dc.js [8298/10000] status=ok obs=e4da3b7fbbce coverage=+0/32/38 time=2ms
  RUN js-fuzzer-corpus-a07012429fce.js [8299/10000] md5=a07012429fce4b4d7c8af42f445f70b9 bytes=163 template=corpus origin=tests/corpus/runtime/arrays-objects-methods.test.js
 PASS js-fuzzer-corpus-a07012429fce.js [8299/10000] status=ok obs=c51ce410c124 coverage=+0/32/38 time=2ms
  RUN js-fuzzer-closure-36e0dca6abbd.js [8300/10000] md5=36e0dca6abbd422878cc1c6bd60722d3 bytes=184 template=closure origin=seed:tests/corpus/runtime/block-scopes.test.js
 PASS js-fuzzer-closure-36e0dca6abbd.js [8300/10000] status=ok obs=e2c420d928d4 coverage=+0/32/38 time=1ms
  RUN js-fuzzer-block-scope-09e18a57df24.js [8301/10000] md5=09e18a57df24519f14c7b0064ed573d9 bytes=114 template=block-scope origin=seed:tests/corpus/runtime/class-fields-static-methods.test.js
 PASS js-fuzzer-block-scope-09e18a57df24.js [8301/10000] status=ok obs=6974ce5ac660 coverage=+0/32/38 time=2ms
  RUN js-fuzzer-loop-55c7c905bffb.js [8302/10000] md5=55c7c905bffb4bbbc4c8fb9b91df6ad8 bytes=81 template=loop origin=seed:tests/corpus/runtime/classes-and-objects.test.js
 PASS js-fuzzer-loop-55c7c905bffb.js [8302/10000] status=ok obs=eccbc87e4b5c coverage=+0/32/38 time=1ms
  RUN js-fuzzer-boundary-4ae25cb2e150.js [8303/10000] md5=4ae25cb2e15083bfca9f6b81b3f9f24b bytes=114 template=boundary origin=boundary:-2
 PASS js-fuzzer-boundary-4ae25cb2e150.js [8303/10000] status=ok obs=5d7b9adcbe1c coverage=+0/32/38 time=2ms
  RUN js-fuzzer-class-769274f77fa6.js [8304/10000] md5=769274f77fa62254ce7e0eb0e3adf7f1 bytes=100 template=class origin=seed:tests/corpus/runtime/closures-read-captured-values.test.js
 PASS js-fuzzer-class-769274f77fa6.js [8304/10000] status=ok obs=c4ca4238a0b9 coverage=+0/32/38 time=2ms
  RUN js-fuzzer-arithmetic-21b0efd1aa4d.js [8305/10000] md5=21b0efd1aa4dff31d038a3ea1073a649 bytes=83 template=arithmetic origin=seed:tests/corpus/runtime/exceptions-and-nullish.test.js
 PASS js-fuzzer-arithmetic-21b0efd1aa4d.js [8305/10000] status=ok obs=f7177163c833 coverage=+0/32/38 time=1ms
  RUN js-fuzzer-function-66ad482026b9.js [8306/10000] md5=66ad482026b9df67ec5d25c1cce4c653 bytes=153 template=function origin=seed:tests/corpus/runtime/functions-closures-and-arrows.test.js
 PASS js-fuzzer-function-66ad482026b9.js [8306/10000] status=ok obs=6512bd43d9ca coverage=+0/32/38 time=2ms
  RUN js-fuzzer-array-object-998355c0fb66.js [8307/10000] md5=998355c0fb6655a26409d6685d70a21e bytes=133 template=array-object origin=seed:tests/corpus/runtime/lexical-shadowing.test.js
 PASS js-fuzzer-array-object-998355c0fb66.js [8307/10000] status=ok obs=c51ce410c124 coverage=+0/32/38 time=3ms
  RUN js-fuzzer-corpus-4131d841163b.js [8308/10000] md5=4131d841163b79e192bca9d4fc683c54 bytes=58 template=corpus origin=tests/corpus/runtime/modules-export.test.js
 PASS js-fuzzer-corpus-4131d841163b.js [8308/10000] status=ok obs=8f14e45fceea coverage=+0/32/38 time=1ms
  RUN js-fuzzer-block-scope-22350315fdba.js [8309/10000] md5=22350315fdba97efbf9aea25de3706e4 bytes=114 template=block-scope origin=seed:tests/corpus/runtime/nested-try-finally.test.js
 PASS js-fuzzer-block-scope-22350315fdba.js [8309/10000] status=ok obs=2723d092b638 coverage=+0/32/38 time=2ms
  RUN js-fuzzer-boundary-61a9a82f5f08.js [8310/10000] md5=61a9a82f5f08bc177f13c805ba785d7d bytes=114 template=boundary origin=boundary:-1
 PASS js-fuzzer-boundary-61a9a82f5f08.js [8310/10000] status=ok obs=6bb61e3b7bce coverage=+0/32/38 time=2ms
  RUN js-fuzzer-try-catch-4a24aaf1e66a.js [8311/10000] md5=4a24aaf1e66a8b823f90ea06221a0572 bytes=110 template=try-catch origin=seed:tests/corpus/syntax/logical-unary-nullish.test.js
 PASS js-fuzzer-try-catch-4a24aaf1e66a.js [8311/10000] status=ok obs=d67d8ab4f4c1 coverage=+0/32/38 time=1ms
  RUN js-fuzzer-class-b901915e3eda.js [8312/10000] md5=b901915e3eda1a96f77dcec9fff681b5 bytes=100 template=class origin=seed:tests/corpus/syntax/object-destructure-and-members.test.js
 PASS js-fuzzer-class-b901915e3eda.js [8312/10000] status=ok obs=c81e728d9d4c coverage=+0/32/38 time=2ms
  RUN js-fuzzer-arithmetic-7e037ead4897.js [8313/10000] md5=7e037ead489775d779aef3ea102285cc bytes=84 template=arithmetic origin=seed:tests/corpus/syntax/switch-do-while-sequence.test.js
 PASS js-fuzzer-arithmetic-7e037ead4897.js [8313/10000] status=ok obs=812b4ba287f5 coverage=+0/32/38 time=2ms
  RUN js-fuzzer-function-1d370c2e7126.js [8314/10000] md5=1d370c2e7126a84b090ad6eed5468375 bytes=153 template=function origin=seed:tests/corpus/syntax/template-array-destructure.test.js
 PASS js-fuzzer-function-1d370c2e7126.js [8314/10000] status=ok obs=8f14e45fceea coverage=+0/32/38 time=2ms
  RUN js-fuzzer-array-object-799fad4f5481.js [8315/10000] md5=799fad4f5481e43d973ec5e2a4392479 bytes=133 template=array-object origin=seed:tests/corpus/syntax/typescript-assertions.test.ts
 PASS js-fuzzer-array-object-799fad4f5481.js [8315/10000] status=ok obs=45c48cce2e2d coverage=+0/32/38 time=1ms
  RUN js-fuzzer-closure-629503ecfb22.js [8316/10000] md5=629503ecfb22566333f53e116bc1e14e bytes=184 template=closure origin=seed:tests/corpus/syntax/typescript-non-null-satisfies.test.ts
 PASS js-fuzzer-closure-629503ecfb22.js [8316/10000] status=ok obs=735b90b45681 coverage=+0/32/38 time=2ms
  RUN js-fuzzer-corpus-797f152bf878.js [8317/10000] md5=797f152bf878d5049066c6db6d2360b3 bytes=355 template=corpus origin=tests/corpus/fixtures/job-workflow.test.js
 PASS js-fuzzer-corpus-797f152bf878.js [8317/10000] status=ok obs=b9de0628c8ec coverage=+0/32/38 time=3ms
  RUN js-fuzzer-loop-bbf1d7a15d8d.js [8318/10000] md5=bbf1d7a15d8dd015402d75c0e0108b5f bytes=81 template=loop origin=seed:tests/corpus/fixtures/state-machine-workflow.test.js
 PASS js-fuzzer-loop-bbf1d7a15d8d.js [8318/10000] status=ok obs=1679091c5a88 coverage=+0/32/38 time=2ms
  RUN js-fuzzer-try-catch-42a4cfadce42.js [8319/10000] md5=42a4cfadce4239139aa1e7114c2e99a2 bytes=110 template=try-catch origin=seed:tests/corpus/fixtures/vue-script-workflow.test.vue
 PASS js-fuzzer-try-catch-42a4cfadce42.js [8319/10000] status=ok obs=19ca14e7ea63 coverage=+0/32/38 time=1ms
  RUN js-fuzzer-class-51ea152a707e.js [8320/10000] md5=51ea152a707ed5422ab3e5b3ddb7fe43 bytes=100 template=class origin=seed:tests/corpus/obfuscation/constant-tag-mix.test.js
 PASS js-fuzzer-class-51ea152a707e.js [8320/10000] status=ok obs=e4da3b7fbbce coverage=+0/32/38 time=2ms
  RUN js-fuzzer-arithmetic-181996e6b3d9.js [8321/10000] md5=181996e6b3d982f3478cb44419defe72 bytes=85 template=arithmetic origin=seed:tests/corpus/obfuscation/extern-slot-permutation.test.js
 PASS js-fuzzer-arithmetic-181996e6b3d9.js [8321/10000] status=ok obs=621bf66ddb7c coverage=+0/32/38 time=2ms
  RUN js-fuzzer-function-98e8c4d5dcc0.js [8322/10000] md5=98e8c4d5dcc095fbcedf7527b98fd4fe bytes=153 template=function origin=seed:tests/corpus/obfuscation/externs-console.test.js
 PASS js-fuzzer-function-98e8c4d5dcc0.js [8322/10000] status=ok obs=c9f0f895fb98 coverage=+0/32/38 time=1ms
  RUN js-fuzzer-array-object-75eef56cd96a.js [8323/10000] md5=75eef56cd96aa240b090ae9e2efdf530 bytes=133 template=array-object origin=seed:tests/corpus/obfuscation/seed-sensitive-functions.test.js
 PASS js-fuzzer-array-object-75eef56cd96a.js [8323/10000] status=ok obs=c20ad4d76fe9 coverage=+0/32/38 time=2ms
  RUN js-fuzzer-boundary-6330cdecf02f.js [8324/10000] md5=6330cdecf02f68328876d88213acc2ac bytes=128 template=boundary origin=boundary:9007199254740991
 PASS js-fuzzer-boundary-6330cdecf02f.js [8324/10000] status=ok obs=8bfa9ad090fb coverage=+0/32/38 time=2ms
  RUN js-fuzzer-block-scope-55634766540f.js [8325/10000] md5=55634766540f2d4b4be57fc931e893df bytes=114 template=block-scope origin=seed:tests/corpus/regressions/multiple-functions-fib-add.test.js
 PASS js-fuzzer-block-scope-55634766540f.js [8325/10000] status=ok obs=38b3eff8baf5 coverage=+0/32/38 time=2ms
  RUN js-fuzzer-corpus-c28cfb056309.js [8326/10000] md5=c28cfb056309f2a77f8bd9756b123c54 bytes=147 template=corpus origin=tests/corpus/regressions/scope-compressed-closure-params.test.js
 PASS js-fuzzer-corpus-c28cfb056309.js [8326/10000] status=ok obs=c51ce410c124 coverage=+0/32/38 time=2ms
  RUN js-fuzzer-try-catch-949865ef2d04.js [8327/10000] md5=949865ef2d045cce3ed2d503f7e03e63 bytes=110 template=try-catch origin=seed:tests/corpus/runtime/arrays-objects-methods.test.js
 PASS js-fuzzer-try-catch-949865ef2d04.js [8327/10000] status=ok obs=6f4922f45568 coverage=+0/32/38 time=1ms
  RUN js-fuzzer-class-ff7d9ca3da86.js [8328/10000] md5=ff7d9ca3da86b49917ac34b4d48e8df9 bytes=101 template=class origin=seed:tests/corpus/runtime/block-scopes.test.js
 PASS js-fuzzer-class-ff7d9ca3da86.js [8328/10000] status=ok obs=c20ad4d76fe9 coverage=+0/32/38 time=2ms
  RUN js-fuzzer-arithmetic-92cb11c7ff86.js [8329/10000] md5=92cb11c7ff86b599f291f48d9fdd2646 bytes=85 template=arithmetic origin=seed:tests/corpus/runtime/class-fields-static-methods.test.js
 PASS js-fuzzer-arithmetic-92cb11c7ff86.js [8329/10000] status=ok obs=1ff8a7b5dc7a coverage=+0/32/38 time=2ms
  RUN js-fuzzer-function-c472354a037a.js [8330/10000] md5=c472354a037a48d197cd60b4e04af6e0 bytes=153 template=function origin=seed:tests/corpus/runtime/classes-and-objects.test.js
 PASS js-fuzzer-function-c472354a037a.js [8330/10000] status=ok obs=02e74f10e032 coverage=+0/32/38 time=2ms
  RUN js-fuzzer-boundary-ac080ee0add8.js [8331/10000] md5=ac080ee0add8a3967f40d078a13e076b bytes=122 template=boundary origin=boundary:2147483647
 PASS js-fuzzer-boundary-ac080ee0add8.js [8331/10000] status=ok obs=c588c0a459f4 coverage=+0/32/38 time=2ms
  RUN js-fuzzer-closure-dfe8465fca48.js [8332/10000] md5=dfe8465fca4823b5d6d32737657f830e bytes=184 template=closure origin=seed:tests/corpus/runtime/closures-read-captured-values.test.js
 PASS js-fuzzer-closure-dfe8465fca48.js [8332/10000] status=ok obs=fc490ca45c00 coverage=+0/32/38 time=2ms
  RUN js-fuzzer-block-scope-0c46317176e8.js [8333/10000] md5=0c46317176e854b8247f7e6459f04d02 bytes=114 template=block-scope origin=seed:tests/corpus/runtime/exceptions-and-nullish.test.js
 PASS js-fuzzer-block-scope-0c46317176e8.js [8333/10000] status=ok obs=38b3eff8baf5 coverage=+0/32/38 time=1ms
  RUN js-fuzzer-loop-f495ca2fc638.js [8334/10000] md5=f495ca2fc6389f933578fc501f5b1465 bytes=81 template=loop origin=seed:tests/corpus/runtime/functions-closures-and-arrows.test.js
 PASS js-fuzzer-loop-f495ca2fc638.js [8334/10000] status=ok obs=c4ca4238a0b9 coverage=+0/32/38 time=3ms
  RUN js-fuzzer-corpus-463d4dee8a1f.js [8335/10000] md5=463d4dee8a1f930fa8af57a704cacf3e bytes=232 template=corpus origin=tests/corpus/runtime/lexical-shadowing.test.js
 PASS js-fuzzer-corpus-463d4dee8a1f.js [8335/10000] status=ok obs=c51ce410c124 coverage=+0/32/38 time=2ms
  RUN js-fuzzer-class-47fbd3db5853.js [8336/10000] md5=47fbd3db58539fc2e42627a4f3168c79 bytes=101 template=class origin=seed:tests/corpus/runtime/modules-export.test.js
 PASS js-fuzzer-class-47fbd3db5853.js [8336/10000] status=ok obs=98f137082101 coverage=+0/32/38 time=2ms
  RUN js-fuzzer-arithmetic-04fcc7393256.js [8337/10000] md5=04fcc73932566d54f81eae61f72e0cc3 bytes=85 template=arithmetic origin=seed:tests/corpus/runtime/nested-try-finally.test.js
 PASS js-fuzzer-arithmetic-04fcc7393256.js [8337/10000] status=ok obs=ac1dd209cbcc coverage=+0/32/38 time=1ms
  RUN js-fuzzer-boundary-14a05a816d97.js [8338/10000] md5=14a05a816d975afa7654eb06610350d0 bytes=113 template=boundary origin=boundary:2
 PASS js-fuzzer-boundary-14a05a816d97.js [8338/10000] status=ok obs=c81e728d9d4c coverage=+0/32/38 time=1ms
  RUN js-fuzzer-array-object-bc790906d855.js [8339/10000] md5=bc790906d855782c9348a9eebfc3c6d5 bytes=133 template=array-object origin=seed:tests/corpus/syntax/logical-unary-nullish.test.js
 PASS js-fuzzer-array-object-bc790906d855.js [8339/10000] status=ok obs=c51ce410c124 coverage=+0/32/38 time=2ms
  RUN js-fuzzer-closure-8ce9535977e7.js [8340/10000] md5=8ce9535977e72ad2ab0c4955c6ef032a bytes=185 template=closure origin=seed:tests/corpus/syntax/object-destructure-and-members.test.js
 PASS js-fuzzer-closure-8ce9535977e7.js [8340/10000] status=ok obs=fe9fc289c3ff coverage=+0/32/38 time=1ms
  RUN js-fuzzer-block-scope-016b7f6e9976.js [8341/10000] md5=016b7f6e997636dc77e33da31ef097e1 bytes=114 template=block-scope origin=seed:tests/corpus/syntax/switch-do-while-sequence.test.js
 PASS js-fuzzer-block-scope-016b7f6e9976.js [8341/10000] status=ok obs=a97da629b098 coverage=+0/32/38 time=2ms
  RUN js-fuzzer-loop-d35707ad0bf7.js [8342/10000] md5=d35707ad0bf74148f671ad8943998af6 bytes=81 template=loop origin=seed:tests/corpus/syntax/template-array-destructure.test.js
 PASS js-fuzzer-loop-d35707ad0bf7.js [8342/10000] status=ok obs=9bf31c7ff062 coverage=+0/32/38 time=1ms
  RUN js-fuzzer-try-catch-60965d400692.js [8343/10000] md5=60965d4006920d781586aecbf04b3493 bytes=110 template=try-catch origin=seed:tests/corpus/syntax/typescript-assertions.test.ts
 PASS js-fuzzer-try-catch-60965d400692.js [8343/10000] status=ok obs=1f0e3dad9990 coverage=+0/32/38 time=2ms
  RUN js-fuzzer-corpus-e3eeaea0f8a2.js [8344/10000] md5=e3eeaea0f8a2c5d5b650d4007cf78b4a bytes=104 template=corpus origin=tests/corpus/syntax/typescript-non-null-satisfies.test.ts
 PASS js-fuzzer-corpus-e3eeaea0f8a2.js [8344/10000] status=ok obs=d3d9446802a4 coverage=+0/32/38 time=2ms
  RUN js-fuzzer-boundary-3ca041277ff0.js [8345/10000] md5=3ca041277ff0c3edafc1a1dcaf120940 bytes=113 template=boundary origin=boundary:1
 PASS js-fuzzer-boundary-3ca041277ff0.js [8345/10000] status=ok obs=c4ca4238a0b9 coverage=+0/32/38 time=3ms
  RUN js-fuzzer-function-06471e1fced1.js [8346/10000] md5=06471e1fced163f025e3f67e77c6ce04 bytes=153 template=function origin=seed:tests/corpus/fixtures/state-machine-workflow.test.js
 PASS js-fuzzer-function-06471e1fced1.js [8346/10000] status=ok obs=45c48cce2e2d coverage=+0/32/38 time=2ms
  RUN js-fuzzer-array-object-14d9236c35b8.js [8347/10000] md5=14d9236c35b857ff0b46b348840e4d24 bytes=133 template=array-object origin=seed:tests/corpus/fixtures/vue-script-workflow.test.vue
 PASS js-fuzzer-array-object-14d9236c35b8.js [8347/10000] status=ok obs=70efdf2ec9b0 coverage=+0/32/38 time=2ms
  RUN js-fuzzer-closure-2fea87e93a56.js [8348/10000] md5=2fea87e93a561315249343eb016b608c bytes=184 template=closure origin=seed:tests/corpus/obfuscation/constant-tag-mix.test.js
 PASS js-fuzzer-closure-2fea87e93a56.js [8348/10000] status=ok obs=182be0c5cdcd coverage=+0/32/38 time=1ms
  RUN js-fuzzer-block-scope-2c106c78ce4e.js [8349/10000] md5=2c106c78ce4ef362749d975b855914fc bytes=114 template=block-scope origin=seed:tests/corpus/obfuscation/extern-slot-permutation.test.js
 PASS js-fuzzer-block-scope-2c106c78ce4e.js [8349/10000] status=ok obs=f0935e4cd592 coverage=+0/32/38 time=2ms
  RUN js-fuzzer-loop-d35707ad0bf7.js [8350/10000] md5=d35707ad0bf74148f671ad8943998af6 bytes=81 template=loop origin=seed:tests/corpus/obfuscation/externs-console.test.js
 PASS js-fuzzer-loop-d35707ad0bf7.js [8350/10000] status=ok obs=9bf31c7ff062 coverage=+0/32/38 time=2ms
  RUN js-fuzzer-try-catch-14bcb064f014.js [8351/10000] md5=14bcb064f014dbe91c2010889dcaa2c0 bytes=110 template=try-catch origin=seed:tests/corpus/obfuscation/seed-sensitive-functions.test.js
 PASS js-fuzzer-try-catch-14bcb064f014.js [8351/10000] status=ok obs=c0c7c76d30bd coverage=+0/32/38 time=1ms
  RUN js-fuzzer-boundary-e62759fbe8d3.js [8352/10000] md5=e62759fbe8d36ad2cfb89a0f8bac18b9 bytes=129 template=boundary origin=boundary:-9007199254740991
 PASS js-fuzzer-boundary-e62759fbe8d3.js [8352/10000] status=ok obs=b3f3a95848f6 coverage=+0/32/38 time=2ms
  RUN js-fuzzer-corpus-ad9ed8746461.js [8353/10000] md5=ad9ed87464611c6dd81b04b3754c760c bytes=214 template=corpus origin=tests/corpus/regressions/multiple-functions-fib-add.test.js
 PASS js-fuzzer-corpus-ad9ed8746461.js [8353/10000] status=ok obs=3c59dc048e88 coverage=+0/32/38 time=2ms
  RUN js-fuzzer-function-8a3820bf6e52.js [8354/10000] md5=8a3820bf6e52dcab1a0437ab7872cf6a bytes=153 template=function origin=seed:tests/corpus/regressions/scope-compressed-closure-params.test.js
 PASS js-fuzzer-function-8a3820bf6e52.js [8354/10000] status=ok obs=a87ff679a2f3 coverage=+0/32/38 time=2ms
  RUN js-fuzzer-array-object-4b1569032aeb.js [8355/10000] md5=4b1569032aebf584981c9ef12980bb56 bytes=133 template=array-object origin=seed:tests/corpus/runtime/arrays-objects-methods.test.js
 PASS js-fuzzer-array-object-4b1569032aeb.js [8355/10000] status=ok obs=aab3238922bc coverage=+0/32/38 time=2ms
  RUN js-fuzzer-closure-ec53f972c64b.js [8356/10000] md5=ec53f972c64b2805772fab9268ba0f23 bytes=184 template=closure origin=seed:tests/corpus/runtime/block-scopes.test.js
 PASS js-fuzzer-closure-ec53f972c64b.js [8356/10000] status=ok obs=02e74f10e032 coverage=+0/32/38 time=1ms
  RUN js-fuzzer-block-scope-f10771fc8d16.js [8357/10000] md5=f10771fc8d167d816a462bb3854d8e2a bytes=114 template=block-scope origin=seed:tests/corpus/runtime/class-fields-static-methods.test.js
 PASS js-fuzzer-block-scope-f10771fc8d16.js [8357/10000] status=ok obs=65b9eea6e1cc coverage=+0/32/38 time=2ms
  RUN js-fuzzer-loop-54e460cecf5c.js [8358/10000] md5=54e460cecf5c05dfcffaa3b2e5f57445 bytes=81 template=loop origin=seed:tests/corpus/runtime/classes-and-objects.test.js
 PASS js-fuzzer-loop-54e460cecf5c.js [8358/10000] status=ok obs=d3d9446802a4 coverage=+0/32/38 time=2ms
  RUN js-fuzzer-boundary-205872a6e44c.js [8359/10000] md5=205872a6e44c1ea0cf94554af934fb09 bytes=123 template=boundary origin=boundary:-2147483648
 PASS js-fuzzer-boundary-205872a6e44c.js [8359/10000] status=ok obs=034ff5946105 coverage=+0/32/38 time=1ms
  RUN js-fuzzer-class-a9875f561daf.js [8360/10000] md5=a9875f561daf181d949c68fc070db0e0 bytes=101 template=class origin=seed:tests/corpus/runtime/closures-read-captured-values.test.js
 PASS js-fuzzer-class-a9875f561daf.js [8360/10000] status=ok obs=aab3238922bc coverage=+0/32/38 time=2ms
  RUN js-fuzzer-arithmetic-27b3ab6b1371.js [8361/10000] md5=27b3ab6b1371991d287b8acfee881837 bytes=83 template=arithmetic origin=seed:tests/corpus/runtime/exceptions-and-nullish.test.js
 PASS js-fuzzer-arithmetic-27b3ab6b1371.js [8361/10000] status=ok obs=73278a4a8696 coverage=+0/32/38 time=1ms
  RUN js-fuzzer-corpus-72746d071c58.js [8362/10000] md5=72746d071c58fadd9399bc8934c30553 bytes=197 template=corpus origin=tests/corpus/runtime/functions-closures-and-arrows.test.js
 PASS js-fuzzer-corpus-72746d071c58.js [8362/10000] status=ok obs=c74d97b01eae coverage=+0/32/38 time=2ms
  RUN js-fuzzer-array-object-382cff2edc6d.js [8363/10000] md5=382cff2edc6d93bc1136ec1e0e0f613f bytes=133 template=array-object origin=seed:tests/corpus/runtime/lexical-shadowing.test.js
 PASS js-fuzzer-array-object-382cff2edc6d.js [8363/10000] status=ok obs=aab3238922bc coverage=+0/32/38 time=2ms
  RUN js-fuzzer-closure-7543c9306756.js [8364/10000] md5=7543c9306756628f766a698814da0bbc bytes=184 template=closure origin=seed:tests/corpus/runtime/modules-export.test.js
 PASS js-fuzzer-closure-7543c9306756.js [8364/10000] status=ok obs=72b32a1f754b coverage=+0/32/38 time=2ms
  RUN js-fuzzer-block-scope-fc8a84ed6b55.js [8365/10000] md5=fc8a84ed6b55ab021d7ca999eea70faa bytes=114 template=block-scope origin=seed:tests/corpus/runtime/nested-try-finally.test.js
 PASS js-fuzzer-block-scope-fc8a84ed6b55.js [8365/10000] status=ok obs=6974ce5ac660 coverage=+0/32/38 time=1ms
  RUN js-fuzzer-boundary-db03eeac3914.js [8366/10000] md5=db03eeac3914e8f0a7bfea9eefe9f0de bytes=114 template=boundary origin=boundary:-2
 PASS js-fuzzer-boundary-db03eeac3914.js [8366/10000] status=ok obs=5d7b9adcbe1c coverage=+0/32/38 time=2ms
  RUN js-fuzzer-try-catch-56393ff77182.js [8367/10000] md5=56393ff771824d567a8911f280bf7f9d bytes=110 template=try-catch origin=seed:tests/corpus/syntax/logical-unary-nullish.test.js
 PASS js-fuzzer-try-catch-56393ff77182.js [8367/10000] status=ok obs=4e732ced3463 coverage=+0/32/38 time=1ms
  RUN js-fuzzer-class-a35a4dd2f302.js [8368/10000] md5=a35a4dd2f302fda9a0e8d6e2c980c283 bytes=101 template=class origin=seed:tests/corpus/syntax/object-destructure-and-members.test.js
 PASS js-fuzzer-class-a35a4dd2f302.js [8368/10000] status=ok obs=9bf31c7ff062 coverage=+0/32/38 time=2ms
  RUN js-fuzzer-arithmetic-ce094ecfbf73.js [8369/10000] md5=ce094ecfbf7325699842cb070ab8d6e8 bytes=84 template=arithmetic origin=seed:tests/corpus/syntax/switch-do-while-sequence.test.js
 PASS js-fuzzer-arithmetic-ce094ecfbf73.js [8369/10000] status=ok obs=aab3238922bc coverage=+0/32/38 time=2ms
  RUN js-fuzzer-function-53ef3ed61b76.js [8370/10000] md5=53ef3ed61b76dc45be6c66e5b3206216 bytes=153 template=function origin=seed:tests/corpus/syntax/template-array-destructure.test.js
 PASS js-fuzzer-function-53ef3ed61b76.js [8370/10000] status=ok obs=70efdf2ec9b0 coverage=+0/32/38 time=2ms
  RUN js-fuzzer-corpus-57a83a4b020d.js [8371/10000] md5=57a83a4b020d4b85b42b0a3709f283ad bytes=130 template=corpus origin=tests/corpus/syntax/typescript-assertions.test.ts
 PASS js-fuzzer-corpus-57a83a4b020d.js [8371/10000] status=ok obs=45c48cce2e2d coverage=+0/32/38 time=1ms
  RUN js-fuzzer-closure-7407d1a70df4.js [8372/10000] md5=7407d1a70df453d6fd99a6040c075665 bytes=183 template=closure origin=seed:tests/corpus/syntax/typescript-non-null-satisfies.test.ts
 PASS js-fuzzer-closure-7407d1a70df4.js [8372/10000] status=ok obs=c51ce410c124 coverage=+0/32/38 time=2ms
  RUN js-fuzzer-boundary-61a9a82f5f08.js [8373/10000] md5=61a9a82f5f08bc177f13c805ba785d7d bytes=114 template=boundary origin=boundary:-1
 PASS js-fuzzer-boundary-61a9a82f5f08.js [8373/10000] status=ok obs=6bb61e3b7bce coverage=+0/32/38 time=1ms
  RUN js-fuzzer-loop-55c7c905bffb.js [8374/10000] md5=55c7c905bffb4bbbc4c8fb9b91df6ad8 bytes=81 template=loop origin=seed:tests/corpus/fixtures/state-machine-workflow.test.js
 PASS js-fuzzer-loop-55c7c905bffb.js [8374/10000] status=ok obs=eccbc87e4b5c coverage=+0/32/38 time=1ms
  RUN js-fuzzer-try-catch-4a24aaf1e66a.js [8375/10000] md5=4a24aaf1e66a8b823f90ea06221a0572 bytes=110 template=try-catch origin=seed:tests/corpus/fixtures/vue-script-workflow.test.vue
 PASS js-fuzzer-try-catch-4a24aaf1e66a.js [8375/10000] status=ok obs=d67d8ab4f4c1 coverage=+0/32/38 time=2ms
  RUN js-fuzzer-class-3b630e2d834a.js [8376/10000] md5=3b630e2d834a95a01ee75571f8bc0075 bytes=101 template=class origin=seed:tests/corpus/obfuscation/constant-tag-mix.test.js
 PASS js-fuzzer-class-3b630e2d834a.js [8376/10000] status=ok obs=6512bd43d9ca coverage=+0/32/38 time=1ms
  RUN js-fuzzer-arithmetic-d34424940687.js [8377/10000] md5=d3442494068764d69a70da0b46494cf7 bytes=84 template=arithmetic origin=seed:tests/corpus/obfuscation/extern-slot-permutation.test.js
 PASS js-fuzzer-arithmetic-d34424940687.js [8377/10000] status=ok obs=0f28b5d49b30 coverage=+0/32/38 time=2ms
  RUN js-fuzzer-function-98e8c4d5dcc0.js [8378/10000] md5=98e8c4d5dcc095fbcedf7527b98fd4fe bytes=153 template=function origin=seed:tests/corpus/obfuscation/externs-console.test.js
 PASS js-fuzzer-function-98e8c4d5dcc0.js [8378/10000] status=ok obs=c9f0f895fb98 coverage=+0/32/38 time=2ms
  RUN js-fuzzer-array-object-35da00e13e2d.js [8379/10000] md5=35da00e13e2d66d1c7e1fce9cf66240c bytes=133 template=array-object origin=seed:tests/corpus/obfuscation/seed-sensitive-functions.test.js
 PASS js-fuzzer-array-object-35da00e13e2d.js [8379/10000] status=ok obs=c51ce410c124 coverage=+0/32/38 time=1ms
  RUN js-fuzzer-corpus-79643e915862.js [8380/10000] md5=79643e91586251700d34c0c65a0220da bytes=89 template=corpus origin=tests/corpus/regressions/destructuring-lowers-to-member.test.js
 PASS js-fuzzer-corpus-79643e915862.js [8380/10000] status=ok obs=eccbc87e4b5c coverage=+0/32/38 time=2ms
  RUN js-fuzzer-block-scope-8b924cbd63e3.js [8381/10000] md5=8b924cbd63e3172c8da94d8733d45d0f bytes=114 template=block-scope origin=seed:tests/corpus/regressions/multiple-functions-fib-add.test.js
 PASS js-fuzzer-block-scope-8b924cbd63e3.js [8381/10000] status=ok obs=a3c65c297427 coverage=+0/32/38 time=1ms
  RUN js-fuzzer-loop-d35707ad0bf7.js [8382/10000] md5=d35707ad0bf74148f671ad8943998af6 bytes=81 template=loop origin=seed:tests/corpus/regressions/scope-compressed-closure-params.test.js
 PASS js-fuzzer-loop-d35707ad0bf7.js [8382/10000] status=ok obs=9bf31c7ff062 coverage=+0/32/38 time=2ms
  RUN js-fuzzer-try-catch-c5263a4b0fbd.js [8383/10000] md5=c5263a4b0fbd119742a040447111f34b bytes=109 template=try-catch origin=seed:tests/corpus/runtime/arrays-objects-methods.test.js
 PASS js-fuzzer-try-catch-c5263a4b0fbd.js [8383/10000] status=ok obs=8f14e45fceea coverage=+0/32/38 time=2ms
  RUN js-fuzzer-class-d8979b510eb0.js [8384/10000] md5=d8979b510eb085c9e0e846586f80f265 bytes=101 template=class origin=seed:tests/corpus/runtime/block-scopes.test.js
 PASS js-fuzzer-class-d8979b510eb0.js [8384/10000] status=ok obs=c74d97b01eae coverage=+0/32/38 time=1ms
  RUN js-fuzzer-arithmetic-46b366149cf7.js [8385/10000] md5=46b366149cf7b1cdc257e20ecbc90b0c bytes=84 template=arithmetic origin=seed:tests/corpus/runtime/class-fields-static-methods.test.js
 PASS js-fuzzer-arithmetic-46b366149cf7.js [8385/10000] status=ok obs=7647966b7343 coverage=+0/32/38 time=2ms
  RUN js-fuzzer-function-c6a41e639682.js [8386/10000] md5=c6a41e6396823bcfa91e05b3a10b01c0 bytes=153 template=function origin=seed:tests/corpus/runtime/classes-and-objects.test.js
 PASS js-fuzzer-function-c6a41e639682.js [8386/10000] status=ok obs=1f0e3dad9990 coverage=+0/32/38 time=2ms
  RUN js-fuzzer-boundary-4bea2a6e0cb0.js [8387/10000] md5=4bea2a6e0cb0c7bb0b29e5b5d44112d8 bytes=128 template=boundary origin=boundary:9007199254740991
 PASS js-fuzzer-boundary-4bea2a6e0cb0.js [8387/10000] status=ok obs=dc9a0d67a31d coverage=+0/32/38 time=2ms
  RUN js-fuzzer-closure-073b36d8ff38.js [8388/10000] md5=073b36d8ff3888c58d5fd0f3294acf05 bytes=184 template=closure origin=seed:tests/corpus/runtime/closures-read-captured-values.test.js
 PASS js-fuzzer-closure-073b36d8ff38.js [8388/10000] status=ok obs=03afdbd66e79 coverage=+0/32/38 time=1ms
  RUN js-fuzzer-corpus-cf8fb96e8476.js [8389/10000] md5=cf8fb96e8476c262b73583c86dd80821 bytes=178 template=corpus origin=tests/corpus/runtime/exceptions-and-nullish.test.js
 PASS js-fuzzer-corpus-cf8fb96e8476.js [8389/10000] status=ok obs=24ed5e8718fc coverage=+0/32/38 time=2ms
  RUN js-fuzzer-loop-bbf1d7a15d8d.js [8390/10000] md5=bbf1d7a15d8dd015402d75c0e0108b5f bytes=81 template=loop origin=seed:tests/corpus/runtime/functions-closures-and-arrows.test.js
 PASS js-fuzzer-loop-bbf1d7a15d8d.js [8390/10000] status=ok obs=1679091c5a88 coverage=+0/32/38 time=2ms
  RUN js-fuzzer-try-catch-8d9c7d254dda.js [8391/10000] md5=8d9c7d254ddaafdc283e844d5d9a6231 bytes=109 template=try-catch origin=seed:tests/corpus/runtime/lexical-shadowing.test.js
 PASS js-fuzzer-try-catch-8d9c7d254dda.js [8391/10000] status=ok obs=a87ff679a2f3 coverage=+0/32/38 time=1ms
  RUN js-fuzzer-class-d8979b510eb0.js [8392/10000] md5=d8979b510eb085c9e0e846586f80f265 bytes=101 template=class origin=seed:tests/corpus/runtime/modules-export.test.js
 PASS js-fuzzer-class-d8979b510eb0.js [8392/10000] status=ok obs=c74d97b01eae coverage=+0/32/38 time=2ms
  RUN js-fuzzer-arithmetic-56ae33e4f8f5.js [8393/10000] md5=56ae33e4f8f565cee672168e8b762210 bytes=85 template=arithmetic origin=seed:tests/corpus/runtime/nested-try-finally.test.js
 PASS js-fuzzer-arithmetic-56ae33e4f8f5.js [8393/10000] status=ok obs=f4b9ec30ad9f coverage=+0/32/38 time=1ms
  RUN js-fuzzer-boundary-86f8354fc6fd.js [8394/10000] md5=86f8354fc6fd092b05683bbf230dc769 bytes=122 template=boundary origin=boundary:2147483647
 PASS js-fuzzer-boundary-86f8354fc6fd.js [8394/10000] status=ok obs=c588c0a459f4 coverage=+0/32/38 time=2ms
  RUN js-fuzzer-array-object-c96115162bce.js [8395/10000] md5=c96115162bce8189caf3e3766069f00a bytes=133 template=array-object origin=seed:tests/corpus/syntax/logical-unary-nullish.test.js
 PASS js-fuzzer-array-object-c96115162bce.js [8395/10000] status=ok obs=aab3238922bc coverage=+0/32/38 time=2ms
  RUN js-fuzzer-closure-67354f978ee4.js [8396/10000] md5=67354f978ee43d600c8bc22b5926e32c bytes=183 template=closure origin=seed:tests/corpus/syntax/object-destructure-and-members.test.js
 PASS js-fuzzer-closure-67354f978ee4.js [8396/10000] status=ok obs=6ea9ab1baa0e coverage=+0/32/38 time=1ms
  RUN js-fuzzer-block-scope-6afbd590aa11.js [8397/10000] md5=6afbd590aa11b6bf62fcef714f76bcda bytes=114 template=block-scope origin=seed:tests/corpus/syntax/switch-do-while-sequence.test.js
 PASS js-fuzzer-block-scope-6afbd590aa11.js [8397/10000] status=ok obs=6974ce5ac660 coverage=+0/32/38 time=2ms
  RUN js-fuzzer-corpus-ff388659a641.js [8398/10000] md5=ff388659a6419d1e6e01ce4e7151a52e bytes=135 template=corpus origin=tests/corpus/syntax/template-array-destructure.test.js
 PASS js-fuzzer-corpus-ff388659a641.js [8398/10000] status=ok obs=f61c9a8be43c coverage=+0/32/38 time=2ms
  RUN js-fuzzer-try-catch-e6fdc2579e78.js [8399/10000] md5=e6fdc2579e7880bc0b759de7af5133ab bytes=110 template=try-catch origin=seed:tests/corpus/syntax/typescript-assertions.test.ts
 PASS js-fuzzer-try-catch-e6fdc2579e78.js [8399/10000] status=ok obs=d645920e395f coverage=+0/32/38 time=1ms
  RUN js-fuzzer-class-6736c24444bc.js [8400/10000] md5=6736c24444bc6ff151b05a9a974ae4d5 bytes=100 template=class origin=seed:tests/corpus/syntax/typescript-non-null-satisfies.test.ts
 PASS js-fuzzer-class-6736c24444bc.js [8400/10000] status=ok obs=45c48cce2e2d coverage=+0/32/38 time=2ms
  RUN js-fuzzer-boundary-14a05a816d97.js [8401/10000] md5=14a05a816d975afa7654eb06610350d0 bytes=113 template=boundary origin=boundary:2
 PASS js-fuzzer-boundary-14a05a816d97.js [8401/10000] status=ok obs=c81e728d9d4c coverage=+0/32/38 time=1ms
  RUN js-fuzzer-function-17ab2ee95112.js [8402/10000] md5=17ab2ee95112b813f54b3d07b24c1dbd bytes=153 template=function origin=seed:tests/corpus/fixtures/state-machine-workflow.test.js
 PASS js-fuzzer-function-17ab2ee95112.js [8402/10000] status=ok obs=b6d767d2f8ed coverage=+0/32/38 time=2ms
  RUN js-fuzzer-array-object-fe8b258a8f7d.js [8403/10000] md5=fe8b258a8f7d0767ed84a773851bac70 bytes=133 template=array-object origin=seed:tests/corpus/fixtures/vue-script-workflow.test.vue
 PASS js-fuzzer-array-object-fe8b258a8f7d.js [8403/10000] status=ok obs=aab3238922bc coverage=+0/32/38 time=2ms
  RUN js-fuzzer-closure-8ce9535977e7.js [8404/10000] md5=8ce9535977e72ad2ab0c4955c6ef032a bytes=185 template=closure origin=seed:tests/corpus/obfuscation/constant-tag-mix.test.js
 PASS js-fuzzer-closure-8ce9535977e7.js [8404/10000] status=ok obs=fe9fc289c3ff coverage=+0/32/38 time=2ms
  RUN js-fuzzer-block-scope-0c46317176e8.js [8405/10000] md5=0c46317176e854b8247f7e6459f04d02 bytes=114 template=block-scope origin=seed:tests/corpus/obfuscation/extern-slot-permutation.test.js
 PASS js-fuzzer-block-scope-0c46317176e8.js [8405/10000] status=ok obs=38b3eff8baf5 coverage=+0/32/38 time=1ms
  RUN js-fuzzer-loop-b88258462a8d.js [8406/10000] md5=b88258462a8d880f8b0e459fa23b2536 bytes=81 template=loop origin=seed:tests/corpus/obfuscation/externs-console.test.js
 PASS js-fuzzer-loop-b88258462a8d.js [8406/10000] status=ok obs=3c59dc048e88 coverage=+0/32/38 time=2ms
  RUN js-fuzzer-corpus-38ba19d9deb7.js [8407/10000] md5=38ba19d9deb7566cc8a420c27ada3f21 bytes=136 template=corpus origin=tests/corpus/obfuscation/seed-sensitive-functions.test.js
 PASS js-fuzzer-corpus-38ba19d9deb7.js [8407/10000] status=ok obs=a5bfc9e07964 coverage=+0/32/38 time=2ms
  RUN js-fuzzer-boundary-2f35f880f964.js [8408/10000] md5=2f35f880f96468b375c4e71feba05308 bytes=113 template=boundary origin=boundary:1
 PASS js-fuzzer-boundary-2f35f880f964.js [8408/10000] status=ok obs=c4ca4238a0b9 coverage=+0/32/38 time=1ms
  RUN js-fuzzer-arithmetic-a45bf861a403.js [8409/10000] md5=a45bf861a403f74745c1b4cbb9740d13 bytes=84 template=arithmetic origin=seed:tests/corpus/regressions/multiple-functions-fib-add.test.js
 PASS js-fuzzer-arithmetic-a45bf861a403.js [8409/10000] status=ok obs=0a09c8844ba8 coverage=+0/32/38 time=2ms
  RUN js-fuzzer-function-8a3820bf6e52.js [8410/10000] md5=8a3820bf6e52dcab1a0437ab7872cf6a bytes=153 template=function origin=seed:tests/corpus/regressions/scope-compressed-closure-params.test.js
 PASS js-fuzzer-function-8a3820bf6e52.js [8410/10000] status=ok obs=a87ff679a2f3 coverage=+0/32/38 time=2ms
  RUN js-fuzzer-array-object-867b1b90b2a5.js [8411/10000] md5=867b1b90b2a5ce95ed0a5c47a2ef35e6 bytes=133 template=array-object origin=seed:tests/corpus/runtime/arrays-objects-methods.test.js
 PASS js-fuzzer-array-object-867b1b90b2a5.js [8411/10000] status=ok obs=6f4922f45568 coverage=+0/32/38 time=1ms
  RUN js-fuzzer-closure-130d68f2af12.js [8412/10000] md5=130d68f2af123ea24f5885d673918281 bytes=184 template=closure origin=seed:tests/corpus/runtime/block-scopes.test.js
 PASS js-fuzzer-closure-130d68f2af12.js [8412/10000] status=ok obs=1c383cd30b7c coverage=+0/32/38 time=2ms
  RUN js-fuzzer-block-scope-22350315fdba.js [8413/10000] md5=22350315fdba97efbf9aea25de3706e4 bytes=114 template=block-scope origin=seed:tests/corpus/runtime/class-fields-static-methods.test.js
 PASS js-fuzzer-block-scope-22350315fdba.js [8413/10000] status=ok obs=2723d092b638 coverage=+0/32/38 time=1ms
  RUN js-fuzzer-loop-f495ca2fc638.js [8414/10000] md5=f495ca2fc6389f933578fc501f5b1465 bytes=81 template=loop origin=seed:tests/corpus/runtime/classes-and-objects.test.js
 PASS js-fuzzer-loop-f495ca2fc638.js [8414/10000] status=ok obs=c4ca4238a0b9 coverage=+0/32/38 time=1ms
  RUN js-fuzzer-boundary-235131a2d0d1.js [8415/10000] md5=235131a2d0d184afe9327ca3bd456dde bytes=129 template=boundary origin=boundary:-9007199254740991
 PASS js-fuzzer-boundary-235131a2d0d1.js [8415/10000] status=ok obs=b3f3a95848f6 coverage=+0/32/38 time=2ms
  RUN js-fuzzer-corpus-08bc93bf5789.js [8416/10000] md5=08bc93bf57897bc88ce7161fe56cd099 bytes=169 template=corpus origin=tests/corpus/runtime/closures-read-captured-values.test.js
 PASS js-fuzzer-corpus-08bc93bf5789.js [8416/10000] status=ok obs=02e74f10e032 coverage=+0/32/38 time=1ms
  RUN js-fuzzer-arithmetic-5f43f770272e.js [8417/10000] md5=5f43f770272e4755b7b420e420db728d bytes=84 template=arithmetic origin=seed:tests/corpus/runtime/exceptions-and-nullish.test.js
 PASS js-fuzzer-arithmetic-5f43f770272e.js [8417/10000] status=ok obs=ea5d2f1c4608 coverage=+0/32/38 time=2ms
  RUN js-fuzzer-function-66ad482026b9.js [8418/10000] md5=66ad482026b9df67ec5d25c1cce4c653 bytes=153 template=function origin=seed:tests/corpus/runtime/functions-closures-and-arrows.test.js
 PASS js-fuzzer-function-66ad482026b9.js [8418/10000] status=ok obs=6512bd43d9ca coverage=+0/32/38 time=2ms
  RUN js-fuzzer-array-object-05b62933f0da.js [8419/10000] md5=05b62933f0da90daf3038f5aff67cb53 bytes=133 template=array-object origin=seed:tests/corpus/runtime/lexical-shadowing.test.js
 PASS js-fuzzer-array-object-05b62933f0da.js [8419/10000] status=ok obs=6f4922f45568 coverage=+0/32/38 time=1ms
  RUN js-fuzzer-closure-47e8dc8d82bf.js [8420/10000] md5=47e8dc8d82bf0b28b6346f0ca212f964 bytes=183 template=closure origin=seed:tests/corpus/runtime/modules-export.test.js
 PASS js-fuzzer-closure-47e8dc8d82bf.js [8420/10000] status=ok obs=02e74f10e032 coverage=+0/32/38 time=2ms
  RUN js-fuzzer-block-scope-44cafb6befe2.js [8421/10000] md5=44cafb6befe24e59679ce6282a34c7e0 bytes=114 template=block-scope origin=seed:tests/corpus/runtime/nested-try-finally.test.js
 PASS js-fuzzer-block-scope-44cafb6befe2.js [8421/10000] status=ok obs=a97da629b098 coverage=+0/32/38 time=2ms
  RUN js-fuzzer-boundary-56f451fe2902.js [8422/10000] md5=56f451fe2902341a3a470031c46238b3 bytes=123 template=boundary origin=boundary:-2147483648
 PASS js-fuzzer-boundary-56f451fe2902.js [8422/10000] status=ok obs=034ff5946105 coverage=+0/32/38 time=1ms
  RUN js-fuzzer-try-catch-684f084d24b8.js [8423/10000] md5=684f084d24b8db7c12c5b7b39189e1fb bytes=110 template=try-catch origin=seed:tests/corpus/syntax/logical-unary-nullish.test.js
 PASS js-fuzzer-try-catch-684f084d24b8.js [8423/10000] status=ok obs=3416a75f4cea coverage=+0/32/38 time=2ms
  RUN js-fuzzer-class-3b630e2d834a.js [8424/10000] md5=3b630e2d834a95a01ee75571f8bc0075 bytes=101 template=class origin=seed:tests/corpus/syntax/object-destructure-and-members.test.js
 PASS js-fuzzer-class-3b630e2d834a.js [8424/10000] status=ok obs=6512bd43d9ca coverage=+0/32/38 time=2ms
  RUN js-fuzzer-corpus-2aed353a2d20.js [8425/10000] md5=2aed353a2d200d64cbaf7beb40face20 bytes=275 template=corpus origin=tests/corpus/syntax/switch-do-while-sequence.test.js
 PASS js-fuzzer-corpus-2aed353a2d20.js [8425/10000] status=ok obs=6f4922f45568 coverage=+0/32/38 time=2ms
  RUN js-fuzzer-function-7078b1558e88.js [8426/10000] md5=7078b1558e88c84f2ce4ff32c844a13e bytes=153 template=function origin=seed:tests/corpus/syntax/template-array-destructure.test.js
 PASS js-fuzzer-function-7078b1558e88.js [8426/10000] status=ok obs=1679091c5a88 coverage=+0/32/38 time=1ms
  RUN js-fuzzer-array-object-50eda77486d2.js [8427/10000] md5=50eda77486d2b0a53cab867d9edc5fe0 bytes=133 template=array-object origin=seed:tests/corpus/syntax/typescript-assertions.test.ts
 PASS js-fuzzer-array-object-50eda77486d2.js [8427/10000] status=ok obs=c9f0f895fb98 coverage=+0/32/38 time=2ms
  RUN js-fuzzer-closure-a42a63af6951.js [8428/10000] md5=a42a63af6951a800b82f1d383de6d3fb bytes=185 template=closure origin=seed:tests/corpus/syntax/typescript-non-null-satisfies.test.ts
 PASS js-fuzzer-closure-a42a63af6951.js [8428/10000] status=ok obs=43ec517d68b6 coverage=+0/32/38 time=2ms
  RUN js-fuzzer-boundary-db03eeac3914.js [8429/10000] md5=db03eeac3914e8f0a7bfea9eefe9f0de bytes=114 template=boundary origin=boundary:-2
 PASS js-fuzzer-boundary-db03eeac3914.js [8429/10000] status=ok obs=5d7b9adcbe1c coverage=+0/32/38 time=2ms
  RUN js-fuzzer-loop-54e460cecf5c.js [8430/10000] md5=54e460cecf5c05dfcffaa3b2e5f57445 bytes=81 template=loop origin=seed:tests/corpus/fixtures/state-machine-workflow.test.js
 PASS js-fuzzer-loop-54e460cecf5c.js [8430/10000] status=ok obs=d3d9446802a4 coverage=+0/32/38 time=4ms
  RUN js-fuzzer-try-catch-ee30a401530f.js [8431/10000] md5=ee30a401530f819cbc5581e8feb5d305 bytes=110 template=try-catch origin=seed:tests/corpus/fixtures/vue-script-workflow.test.vue
 PASS js-fuzzer-try-catch-ee30a401530f.js [8431/10000] status=ok obs=182be0c5cdcd coverage=+0/32/38 time=2ms
  RUN js-fuzzer-class-d2b3669b495d.js [8432/10000] md5=d2b3669b495dd4792f9e1509f2bbf8a7 bytes=100 template=class origin=seed:tests/corpus/obfuscation/constant-tag-mix.test.js
 PASS js-fuzzer-class-d2b3669b495d.js [8432/10000] status=ok obs=eccbc87e4b5c coverage=+0/32/38 time=2ms
  RUN js-fuzzer-arithmetic-7fe64b88c8fc.js [8433/10000] md5=7fe64b88c8fcc33ce515c1b06c961811 bytes=85 template=arithmetic origin=seed:tests/corpus/obfuscation/extern-slot-permutation.test.js
 PASS js-fuzzer-arithmetic-7fe64b88c8fc.js [8433/10000] status=ok obs=98dce83da57b coverage=+0/32/38 time=1ms
  RUN js-fuzzer-corpus-efd663ac427b.js [8434/10000] md5=efd663ac427b5ca270b2f8b928c902bf bytes=112 template=corpus origin=tests/corpus/obfuscation/externs-console.test.js
 PASS js-fuzzer-corpus-efd663ac427b.js [8434/10000] status=ok obs=d289993e39c8 coverage=+0/32/38 time=2ms
  RUN js-fuzzer-array-object-9234a987cee6.js [8435/10000] md5=9234a987cee6ccd43a7b5a16e0939788 bytes=133 template=array-object origin=seed:tests/corpus/obfuscation/seed-sensitive-functions.test.js
 PASS js-fuzzer-array-object-9234a987cee6.js [8435/10000] status=ok obs=c20ad4d76fe9 coverage=+0/32/38 time=2ms
  RUN js-fuzzer-boundary-1024adcac0e5.js [8436/10000] md5=1024adcac0e5cc9f99f478fa66dcc00c bytes=114 template=boundary origin=boundary:-1
 PASS js-fuzzer-boundary-1024adcac0e5.js [8436/10000] status=ok obs=6bb61e3b7bce coverage=+0/32/38 time=1ms
  RUN js-fuzzer-block-scope-37f71b65fb23.js [8437/10000] md5=37f71b65fb23cedffe5906d14cbefdd7 bytes=114 template=block-scope origin=seed:tests/corpus/regressions/multiple-functions-fib-add.test.js
 PASS js-fuzzer-block-scope-37f71b65fb23.js [8437/10000] status=ok obs=2723d092b638 coverage=+0/32/38 time=2ms
  RUN js-fuzzer-loop-55c7c905bffb.js [8438/10000] md5=55c7c905bffb4bbbc4c8fb9b91df6ad8 bytes=81 template=loop origin=seed:tests/corpus/regressions/scope-compressed-closure-params.test.js
 PASS js-fuzzer-loop-55c7c905bffb.js [8438/10000] status=ok obs=eccbc87e4b5c coverage=+0/32/38 time=1ms
  RUN js-fuzzer-try-catch-4a24aaf1e66a.js [8439/10000] md5=4a24aaf1e66a8b823f90ea06221a0572 bytes=110 template=try-catch origin=seed:tests/corpus/runtime/arrays-objects-methods.test.js
 PASS js-fuzzer-try-catch-4a24aaf1e66a.js [8439/10000] status=ok obs=d67d8ab4f4c1 coverage=+0/32/38 time=1ms
  RUN js-fuzzer-class-1fb70654253d.js [8440/10000] md5=1fb70654253d944404805630039f463c bytes=101 template=class origin=seed:tests/corpus/runtime/block-scopes.test.js
 PASS js-fuzzer-class-1fb70654253d.js [8440/10000] status=ok obs=c51ce410c124 coverage=+0/32/38 time=2ms
  RUN js-fuzzer-arithmetic-ff5228d961f5.js [8441/10000] md5=ff5228d961f56da3fdf2883d942bebb9 bytes=84 template=arithmetic origin=seed:tests/corpus/runtime/class-fields-static-methods.test.js
 PASS js-fuzzer-arithmetic-ff5228d961f5.js [8441/10000] status=ok obs=a8f15eda80c5 coverage=+0/32/38 time=1ms
  RUN js-fuzzer-function-79bb4335938d.js [8442/10000] md5=79bb4335938d82d557d11e6633b235d0 bytes=153 template=function origin=seed:tests/corpus/runtime/classes-and-objects.test.js
 PASS js-fuzzer-function-79bb4335938d.js [8442/10000] status=ok obs=6512bd43d9ca coverage=+0/32/38 time=2ms
  RUN js-fuzzer-corpus-ddcb99247fc8.js [8443/10000] md5=ddcb99247fc847c897b97c6bd6512b9f bytes=217 template=corpus origin=tests/corpus/runtime/closures-mutate-captured-bindings.test.js
 PASS js-fuzzer-corpus-ddcb99247fc8.js [8443/10000] status=ok obs=e4da3b7fbbce coverage=+0/32/38 time=2ms
  RUN js-fuzzer-closure-7329498ab1de.js [8444/10000] md5=7329498ab1de050640bffc97bc2e0181 bytes=184 template=closure origin=seed:tests/corpus/runtime/closures-read-captured-values.test.js
 PASS js-fuzzer-closure-7329498ab1de.js [8444/10000] status=ok obs=03afdbd66e79 coverage=+0/32/38 time=2ms
  RUN js-fuzzer-block-scope-816d3eb6ad9f.js [8445/10000] md5=816d3eb6ad9fdc4ff093e4c7f4dd11be bytes=114 template=block-scope origin=seed:tests/corpus/runtime/exceptions-and-nullish.test.js
 PASS js-fuzzer-block-scope-816d3eb6ad9f.js [8445/10000] status=ok obs=f0935e4cd592 coverage=+0/32/38 time=1ms
  RUN js-fuzzer-loop-54e460cecf5c.js [8446/10000] md5=54e460cecf5c05dfcffaa3b2e5f57445 bytes=81 template=loop origin=seed:tests/corpus/runtime/functions-closures-and-arrows.test.js
 PASS js-fuzzer-loop-54e460cecf5c.js [8446/10000] status=ok obs=d3d9446802a4 coverage=+0/32/38 time=2ms
  RUN js-fuzzer-try-catch-8eb6765f66fd.js [8447/10000] md5=8eb6765f66fd409e223a9383e9857a4c bytes=109 template=try-catch origin=seed:tests/corpus/runtime/lexical-shadowing.test.js
 PASS js-fuzzer-try-catch-8eb6765f66fd.js [8447/10000] status=ok obs=6512bd43d9ca coverage=+0/32/38 time=1ms
  RUN js-fuzzer-class-a9875f561daf.js [8448/10000] md5=a9875f561daf181d949c68fc070db0e0 bytes=101 template=class origin=seed:tests/corpus/runtime/modules-export.test.js
 PASS js-fuzzer-class-a9875f561daf.js [8448/10000] status=ok obs=aab3238922bc coverage=+0/32/38 time=2ms
  RUN js-fuzzer-arithmetic-028ad6de4a43.js [8449/10000] md5=028ad6de4a43de72419cc6df1a97d716 bytes=85 template=arithmetic origin=seed:tests/corpus/runtime/nested-try-finally.test.js
 PASS js-fuzzer-arithmetic-028ad6de4a43.js [8449/10000] status=ok obs=ed3d2c21991e coverage=+0/32/38 time=1ms
  RUN js-fuzzer-boundary-83aee5cf07de.js [8450/10000] md5=83aee5cf07deb9d5ce59aec8aff7a227 bytes=128 template=boundary origin=boundary:9007199254740991
 PASS js-fuzzer-boundary-83aee5cf07de.js [8450/10000] status=ok obs=8bfa9ad090fb coverage=+0/32/38 time=2ms
  RUN js-fuzzer-array-object-a278745305f6.js [8451/10000] md5=a278745305f65b897261313e64e4f6fc bytes=133 template=array-object origin=seed:tests/corpus/syntax/logical-unary-nullish.test.js
 PASS js-fuzzer-array-object-a278745305f6.js [8451/10000] status=ok obs=70efdf2ec9b0 coverage=+0/32/38 time=2ms
  RUN js-fuzzer-corpus-96ebdcb81273.js [8452/10000] md5=96ebdcb81273f0e5e5778a6c70c94988 bytes=171 template=corpus origin=tests/corpus/syntax/object-destructure-and-members.test.js
 PASS js-fuzzer-corpus-96ebdcb81273.js [8452/10000] status=ok obs=bfad8dfa12ed coverage=+0/32/38 time=1ms
  RUN js-fuzzer-block-scope-05d7f393387e.js [8453/10000] md5=05d7f393387e49ed48ee4ca7d01d714c bytes=114 template=block-scope origin=seed:tests/corpus/syntax/switch-do-while-sequence.test.js
 PASS js-fuzzer-block-scope-05d7f393387e.js [8453/10000] status=ok obs=6974ce5ac660 coverage=+0/32/38 time=2ms
  RUN js-fuzzer-loop-bbf1d7a15d8d.js [8454/10000] md5=bbf1d7a15d8dd015402d75c0e0108b5f bytes=81 template=loop origin=seed:tests/corpus/syntax/template-array-destructure.test.js
 PASS js-fuzzer-loop-bbf1d7a15d8d.js [8454/10000] status=ok obs=1679091c5a88 coverage=+0/32/38 time=2ms
  RUN js-fuzzer-try-catch-13abe4d24a2d.js [8455/10000] md5=13abe4d24a2dd7935e11d59d61044cdc bytes=109 template=try-catch origin=seed:tests/corpus/syntax/typescript-assertions.test.ts
 PASS js-fuzzer-try-catch-13abe4d24a2d.js [8455/10000] status=ok obs=c9f0f895fb98 coverage=+0/32/38 time=1ms
  RUN js-fuzzer-class-f454a055ed5d.js [8456/10000] md5=f454a055ed5dc800cb1ab66abc7a01de bytes=100 template=class origin=seed:tests/corpus/syntax/typescript-non-null-satisfies.test.ts
 PASS js-fuzzer-class-f454a055ed5d.js [8456/10000] status=ok obs=a87ff679a2f3 coverage=+0/32/38 time=2ms
  RUN js-fuzzer-boundary-86f8354fc6fd.js [8457/10000] md5=86f8354fc6fd092b05683bbf230dc769 bytes=122 template=boundary origin=boundary:2147483647
 PASS js-fuzzer-boundary-86f8354fc6fd.js [8457/10000] status=ok obs=c588c0a459f4 coverage=+0/32/38 time=1ms
  RUN js-fuzzer-function-4b9684ea9e29.js [8458/10000] md5=4b9684ea9e291ddb6515f98bf0c93905 bytes=153 template=function origin=seed:tests/corpus/fixtures/state-machine-workflow.test.js
 PASS js-fuzzer-function-4b9684ea9e29.js [8458/10000] status=ok obs=eccbc87e4b5c coverage=+0/32/38 time=2ms
  RUN js-fuzzer-array-object-fe030d4800ee.js [8459/10000] md5=fe030d4800eefe4a571d18e02d6ca22b bytes=133 template=array-object origin=seed:tests/corpus/fixtures/vue-script-workflow.test.vue
 PASS js-fuzzer-array-object-fe030d4800ee.js [8459/10000] status=ok obs=6f4922f45568 coverage=+0/32/38 time=2ms
  RUN js-fuzzer-closure-a3a2052ff233.js [8460/10000] md5=a3a2052ff233cac993245f2bdac71053 bytes=185 template=closure origin=seed:tests/corpus/obfuscation/constant-tag-mix.test.js
 PASS js-fuzzer-closure-a3a2052ff233.js [8460/10000] status=ok obs=d09bf41544a3 coverage=+0/32/38 time=1ms
  RUN js-fuzzer-corpus-fe2d30a6e413.js [8461/10000] md5=fe2d30a6e4139e7a8b52405bed737faa bytes=220 template=corpus origin=tests/corpus/obfuscation/extern-slot-permutation.test.js
 PASS js-fuzzer-corpus-fe2d30a6e413.js [8461/10000] status=ok obs=c34c702d0256 coverage=+0/32/38 time=2ms
  RUN js-fuzzer-loop-f495ca2fc638.js [8462/10000] md5=f495ca2fc6389f933578fc501f5b1465 bytes=81 template=loop origin=seed:tests/corpus/obfuscation/externs-console.test.js
 PASS js-fuzzer-loop-f495ca2fc638.js [8462/10000] status=ok obs=c4ca4238a0b9 coverage=+0/32/38 time=2ms
  RUN js-fuzzer-try-catch-84bb82ab521c.js [8463/10000] md5=84bb82ab521cc370007aca532f77c9e1 bytes=110 template=try-catch origin=seed:tests/corpus/obfuscation/seed-sensitive-functions.test.js
 PASS js-fuzzer-try-catch-84bb82ab521c.js [8463/10000] status=ok obs=c16a5320fa47 coverage=+0/32/38 time=1ms
  RUN js-fuzzer-boundary-14a05a816d97.js [8464/10000] md5=14a05a816d975afa7654eb06610350d0 bytes=113 template=boundary origin=boundary:2
 PASS js-fuzzer-boundary-14a05a816d97.js [8464/10000] status=ok obs=c81e728d9d4c coverage=+0/32/38 time=1ms
  RUN js-fuzzer-arithmetic-732eefdf5ba2.js [8465/10000] md5=732eefdf5ba28ee02870580b98a799ec bytes=83 template=arithmetic origin=seed:tests/corpus/regressions/multiple-functions-fib-add.test.js
 PASS js-fuzzer-arithmetic-732eefdf5ba2.js [8465/10000] status=ok obs=3416a75f4cea coverage=+0/32/38 time=2ms
  RUN js-fuzzer-function-1bdd3cdc8039.js [8466/10000] md5=1bdd3cdc8039303572ffd714360b1f25 bytes=153 template=function origin=seed:tests/corpus/regressions/scope-compressed-closure-params.test.js
 PASS js-fuzzer-function-1bdd3cdc8039.js [8466/10000] status=ok obs=37693cfc7480 coverage=+0/32/38 time=2ms
  RUN js-fuzzer-array-object-7b1b5522fd8f.js [8467/10000] md5=7b1b5522fd8fd8ceee2619f51c9a60ca bytes=133 template=array-object origin=seed:tests/corpus/runtime/arrays-objects-methods.test.js
 PASS js-fuzzer-array-object-7b1b5522fd8f.js [8467/10000] status=ok obs=1679091c5a88 coverage=+0/32/38 time=2ms
  RUN js-fuzzer-closure-7f0fcef8a5f6.js [8468/10000] md5=7f0fcef8a5f63a8f16cf40bcfecc2308 bytes=185 template=closure origin=seed:tests/corpus/runtime/block-scopes.test.js
 PASS js-fuzzer-closure-7f0fcef8a5f6.js [8468/10000] status=ok obs=67c6a1e7ce56 coverage=+0/32/38 time=1ms
  RUN js-fuzzer-block-scope-b62e371863bf.js [8469/10000] md5=b62e371863bf34426090ab1d2827b73f bytes=114 template=block-scope origin=seed:tests/corpus/runtime/class-fields-static-methods.test.js
 PASS js-fuzzer-block-scope-b62e371863bf.js [8469/10000] status=ok obs=a97da629b098 coverage=+0/32/38 time=2ms
  RUN js-fuzzer-corpus-663bf83cd082.js [8470/10000] md5=663bf83cd082bd221441dae6bbc85046 bytes=278 template=corpus origin=tests/corpus/runtime/classes-and-objects.test.js
 PASS js-fuzzer-corpus-663bf83cd082.js [8470/10000] status=ok obs=6f4922f45568 coverage=+0/32/38 time=2ms
  RUN js-fuzzer-boundary-a6a77cc918cc.js [8471/10000] md5=a6a77cc918cc479b04ccb7be2bd80dac bytes=113 template=boundary origin=boundary:1
 PASS js-fuzzer-boundary-a6a77cc918cc.js [8471/10000] status=ok obs=c4ca4238a0b9 coverage=+0/32/38 time=1ms
  RUN js-fuzzer-class-a365d1a76b7b.js [8472/10000] md5=a365d1a76b7b0d4310621afa7caac433 bytes=100 template=class origin=seed:tests/corpus/runtime/closures-read-captured-values.test.js
 PASS js-fuzzer-class-a365d1a76b7b.js [8472/10000] status=ok obs=8f14e45fceea coverage=+0/32/38 time=2ms
  RUN js-fuzzer-arithmetic-0d0c2425749e.js [8473/10000] md5=0d0c2425749e3f71620b0879f31ba9e0 bytes=85 template=arithmetic origin=seed:tests/corpus/runtime/exceptions-and-nullish.test.js
 PASS js-fuzzer-arithmetic-0d0c2425749e.js [8473/10000] status=ok obs=67c6a1e7ce56 coverage=+0/32/38 time=1ms
  RUN js-fuzzer-function-66ad482026b9.js [8474/10000] md5=66ad482026b9df67ec5d25c1cce4c653 bytes=153 template=function origin=seed:tests/corpus/runtime/functions-closures-and-arrows.test.js
 PASS js-fuzzer-function-66ad482026b9.js [8474/10000] status=ok obs=6512bd43d9ca coverage=+0/32/38 time=2ms
  RUN js-fuzzer-array-object-c0ed25a19145.js [8475/10000] md5=c0ed25a19145ce4c493563eacf8b3390 bytes=133 template=array-object origin=seed:tests/corpus/runtime/lexical-shadowing.test.js
 PASS js-fuzzer-array-object-c0ed25a19145.js [8475/10000] status=ok obs=45c48cce2e2d coverage=+0/32/38 time=2ms
  RUN js-fuzzer-closure-ead8940d2d15.js [8476/10000] md5=ead8940d2d15dfa8fad428e46baaedd0 bytes=184 template=closure origin=seed:tests/corpus/runtime/modules-export.test.js
 PASS js-fuzzer-closure-ead8940d2d15.js [8476/10000] status=ok obs=3416a75f4cea coverage=+0/32/38 time=2ms
  RUN js-fuzzer-block-scope-056e31486d60.js [8477/10000] md5=056e31486d6076b39b9b6454f54dba4b bytes=114 template=block-scope origin=seed:tests/corpus/runtime/nested-try-finally.test.js
 PASS js-fuzzer-block-scope-056e31486d60.js [8477/10000] status=ok obs=a97da629b098 coverage=+0/32/38 time=1ms
  RUN js-fuzzer-boundary-37492c99ff33.js [8478/10000] md5=37492c99ff33e9d5e09e0b8e84ba785a bytes=129 template=boundary origin=boundary:-9007199254740991
 PASS js-fuzzer-boundary-37492c99ff33.js [8478/10000] status=ok obs=b3f3a95848f6 coverage=+0/32/38 time=2ms
  RUN js-fuzzer-corpus-279b64032335.js [8479/10000] md5=279b640323351a1b082b98b42d2a2d55 bytes=134 template=corpus origin=tests/corpus/syntax/logical-unary-nullish.test.js
 PASS js-fuzzer-corpus-279b64032335.js [8479/10000] status=ok obs=45c48cce2e2d coverage=+0/32/38 time=1ms
  RUN js-fuzzer-class-6736c24444bc.js [8480/10000] md5=6736c24444bc6ff151b05a9a974ae4d5 bytes=100 template=class origin=seed:tests/corpus/syntax/object-destructure-and-members.test.js
 PASS js-fuzzer-class-6736c24444bc.js [8480/10000] status=ok obs=45c48cce2e2d coverage=+0/32/38 time=2ms
  RUN js-fuzzer-arithmetic-ffab61848a11.js [8481/10000] md5=ffab61848a1177b400e975fccac918bb bytes=85 template=arithmetic origin=seed:tests/corpus/syntax/switch-do-while-sequence.test.js
 PASS js-fuzzer-arithmetic-ffab61848a11.js [8481/10000] status=ok obs=eae27d77ca20 coverage=+0/32/38 time=1ms
  RUN js-fuzzer-function-1d370c2e7126.js [8482/10000] md5=1d370c2e7126a84b090ad6eed5468375 bytes=153 template=function origin=seed:tests/corpus/syntax/template-array-destructure.test.js
 PASS js-fuzzer-function-1d370c2e7126.js [8482/10000] status=ok obs=8f14e45fceea coverage=+0/32/38 time=1ms
  RUN js-fuzzer-array-object-893ea6380191.js [8483/10000] md5=893ea6380191abcc3bdfc601d677585a bytes=133 template=array-object origin=seed:tests/corpus/syntax/typescript-assertions.test.ts
 PASS js-fuzzer-array-object-893ea6380191.js [8483/10000] status=ok obs=c20ad4d76fe9 coverage=+0/32/38 time=2ms
  RUN js-fuzzer-closure-184fc41094c3.js [8484/10000] md5=184fc41094c31f1c7fae6cee6d9cf7e4 bytes=184 template=closure origin=seed:tests/corpus/syntax/typescript-non-null-satisfies.test.ts
 PASS js-fuzzer-closure-184fc41094c3.js [8484/10000] status=ok obs=67c6a1e7ce56 coverage=+0/32/38 time=2ms
  RUN js-fuzzer-boundary-56f451fe2902.js [8485/10000] md5=56f451fe2902341a3a470031c46238b3 bytes=123 template=boundary origin=boundary:-2147483648
 PASS js-fuzzer-boundary-56f451fe2902.js [8485/10000] status=ok obs=034ff5946105 coverage=+0/32/38 time=1ms
  RUN js-fuzzer-loop-54e460cecf5c.js [8486/10000] md5=54e460cecf5c05dfcffaa3b2e5f57445 bytes=81 template=loop origin=seed:tests/corpus/fixtures/state-machine-workflow.test.js
 PASS js-fuzzer-loop-54e460cecf5c.js [8486/10000] status=ok obs=d3d9446802a4 coverage=+0/32/38 time=2ms
  RUN js-fuzzer-try-catch-83aeb7d5f114.js [8487/10000] md5=83aeb7d5f114f448e90b2f3e31e7a7e9 bytes=110 template=try-catch origin=seed:tests/corpus/fixtures/vue-script-workflow.test.vue
 PASS js-fuzzer-try-catch-83aeb7d5f114.js [8487/10000] status=ok obs=e369853df766 coverage=+0/32/38 time=1ms
  RUN js-fuzzer-corpus-f00ef18b0a17.js [8488/10000] md5=f00ef18b0a172b2a2d9833f5b7fe94e2 bytes=199 template=corpus origin=tests/corpus/obfuscation/constant-tag-mix.test.js
 PASS js-fuzzer-corpus-f00ef18b0a17.js [8488/10000] status=ok obs=e86823f38986 coverage=+0/32/38 time=2ms
  RUN js-fuzzer-arithmetic-dfea270eb98a.js [8489/10000] md5=dfea270eb98a661c0bb989454d9fa6f3 bytes=84 template=arithmetic origin=seed:tests/corpus/obfuscation/extern-slot-permutation.test.js
 PASS js-fuzzer-arithmetic-dfea270eb98a.js [8489/10000] status=ok obs=1c383cd30b7c coverage=+0/32/38 time=2ms
  RUN js-fuzzer-function-d9597d28535f.js [8490/10000] md5=d9597d28535fd2b10f5ca10cf87a7bb6 bytes=153 template=function origin=seed:tests/corpus/obfuscation/externs-console.test.js
 PASS js-fuzzer-function-d9597d28535f.js [8490/10000] status=ok obs=6f4922f45568 coverage=+0/32/38 time=2ms
  RUN js-fuzzer-array-object-b28641c47d5e.js [8491/10000] md5=b28641c47d5e7e8f6412aaa42d91be10 bytes=133 template=array-object origin=seed:tests/corpus/obfuscation/seed-sensitive-functions.test.js
 PASS js-fuzzer-array-object-b28641c47d5e.js [8491/10000] status=ok obs=6f4922f45568 coverage=+0/32/38 time=1ms
  RUN js-fuzzer-boundary-db03eeac3914.js [8492/10000] md5=db03eeac3914e8f0a7bfea9eefe9f0de bytes=114 template=boundary origin=boundary:-2
 PASS js-fuzzer-boundary-db03eeac3914.js [8492/10000] status=ok obs=5d7b9adcbe1c coverage=+0/32/38 time=2ms
  RUN js-fuzzer-block-scope-ea937aa60c51.js [8493/10000] md5=ea937aa60c514e346f9d949aa4ae8932 bytes=114 template=block-scope origin=seed:tests/corpus/regressions/multiple-functions-fib-add.test.js
 PASS js-fuzzer-block-scope-ea937aa60c51.js [8493/10000] status=ok obs=c9e1074f5b3f coverage=+0/32/38 time=1ms
  RUN js-fuzzer-loop-55c7c905bffb.js [8494/10000] md5=55c7c905bffb4bbbc4c8fb9b91df6ad8 bytes=81 template=loop origin=seed:tests/corpus/regressions/scope-compressed-closure-params.test.js
 PASS js-fuzzer-loop-55c7c905bffb.js [8494/10000] status=ok obs=eccbc87e4b5c coverage=+0/32/38 time=1ms
  RUN js-fuzzer-try-catch-e6a0f565fc4e.js [8495/10000] md5=e6a0f565fc4ec95ea847cca573b5900c bytes=110 template=try-catch origin=seed:tests/corpus/runtime/arrays-objects-methods.test.js
 PASS js-fuzzer-try-catch-e6a0f565fc4e.js [8495/10000] status=ok obs=33e75ff09dd6 coverage=+0/32/38 time=2ms
  RUN js-fuzzer-class-3b630e2d834a.js [8496/10000] md5=3b630e2d834a95a01ee75571f8bc0075 bytes=101 template=class origin=seed:tests/corpus/runtime/block-scopes.test.js
 PASS js-fuzzer-class-3b630e2d834a.js [8496/10000] status=ok obs=6512bd43d9ca coverage=+0/32/38 time=1ms
  RUN js-fuzzer-corpus-a64e83c2f849.js [8497/10000] md5=a64e83c2f84925dca8985eabe963ee21 bytes=179 template=corpus origin=tests/corpus/runtime/class-fields-static-methods.test.js
 PASS js-fuzzer-corpus-a64e83c2f849.js [8497/10000] status=ok obs=8f14e45fceea coverage=+0/32/38 time=2ms
  RUN js-fuzzer-function-2a74733dc731.js [8498/10000] md5=2a74733dc7313f8fa40f843496dd9ed4 bytes=153 template=function origin=seed:tests/corpus/runtime/classes-and-objects.test.js
 PASS js-fuzzer-function-2a74733dc731.js [8498/10000] status=ok obs=45c48cce2e2d coverage=+0/32/38 time=2ms
  RUN js-fuzzer-boundary-7f379f781f4f.js [8499/10000] md5=7f379f781f4f9844733fb0f4c5d8aa15 bytes=114 template=boundary origin=boundary:-1
 PASS js-fuzzer-boundary-7f379f781f4f.js [8499/10000] status=ok obs=6bb61e3b7bce coverage=+0/32/38 time=1ms
  RUN js-fuzzer-closure-a71603559416.js [8500/10000] md5=a7160355941677c34fd631ae6736cad4 bytes=185 template=closure origin=seed:tests/corpus/runtime/closures-read-captured-values.test.js
 PASS js-fuzzer-closure-a71603559416.js [8500/10000] status=ok obs=f457c545a9de coverage=+0/32/38 time=2ms
  RUN js-fuzzer-block-scope-ab0f2499d1e3.js [8501/10000] md5=ab0f2499d1e3e85809685eebdc3d745d bytes=114 template=block-scope origin=seed:tests/corpus/runtime/exceptions-and-nullish.test.js
 PASS js-fuzzer-block-scope-ab0f2499d1e3.js [8501/10000] status=ok obs=a3c65c297427 coverage=+0/32/38 time=1ms
  RUN js-fuzzer-loop-f495ca2fc638.js [8502/10000] md5=f495ca2fc6389f933578fc501f5b1465 bytes=81 template=loop origin=seed:tests/corpus/runtime/functions-closures-and-arrows.test.js
 PASS js-fuzzer-loop-f495ca2fc638.js [8502/10000] status=ok obs=c4ca4238a0b9 coverage=+0/32/38 time=1ms
  RUN js-fuzzer-try-catch-8a297d00e90e.js [8503/10000] md5=8a297d00e90eb93174a6d6eeae5be951 bytes=110 template=try-catch origin=seed:tests/corpus/runtime/lexical-shadowing.test.js
 PASS js-fuzzer-try-catch-8a297d00e90e.js [8503/10000] status=ok obs=98f137082101 coverage=+0/32/38 time=2ms
  RUN js-fuzzer-class-c6bbe0a63455.js [8504/10000] md5=c6bbe0a634559d18fa82cf0c9a421610 bytes=100 template=class origin=seed:tests/corpus/runtime/modules-export.test.js
 PASS js-fuzzer-class-c6bbe0a63455.js [8504/10000] status=ok obs=1679091c5a88 coverage=+0/32/38 time=1ms
  RUN js-fuzzer-arithmetic-fb3e6cef5cde.js [8505/10000] md5=fb3e6cef5cde4c8e866c830bac3932cf bytes=83 template=arithmetic origin=seed:tests/corpus/runtime/nested-try-finally.test.js
 PASS js-fuzzer-arithmetic-fb3e6cef5cde.js [8505/10000] status=ok obs=6f4922f45568 coverage=+0/32/38 time=1ms
  RUN js-fuzzer-corpus-89e900fcb72f.js [8506/10000] md5=89e900fcb72ff838bfe9a13ae091363f bytes=228 template=corpus origin=tests/corpus/syntax/control-flow-and-operators.test.js
 PASS js-fuzzer-corpus-89e900fcb72f.js [8506/10000] status=ok obs=aab3238922bc coverage=+0/32/38 time=2ms
  RUN js-fuzzer-array-object-1ce47d03a96f.js [8507/10000] md5=1ce47d03a96f0da9f9dec218fa121bd5 bytes=133 template=array-object origin=seed:tests/corpus/syntax/logical-unary-nullish.test.js
 PASS js-fuzzer-array-object-1ce47d03a96f.js [8507/10000] status=ok obs=98f137082101 coverage=+0/32/38 time=2ms
  RUN js-fuzzer-closure-962d4f1e2622.js [8508/10000] md5=962d4f1e262235e19adfa11e1769de5e bytes=185 template=closure origin=seed:tests/corpus/syntax/object-destructure-and-members.test.js
 PASS js-fuzzer-closure-962d4f1e2622.js [8508/10000] status=ok obs=2838023a778d coverage=+0/32/38 time=1ms
  RUN js-fuzzer-block-scope-0ea91d40905c.js [8509/10000] md5=0ea91d40905c63c6839849e50aedb38a bytes=114 template=block-scope origin=seed:tests/corpus/syntax/switch-do-while-sequence.test.js
 PASS js-fuzzer-block-scope-0ea91d40905c.js [8509/10000] status=ok obs=f0935e4cd592 coverage=+0/32/38 time=2ms
  RUN js-fuzzer-loop-55c7c905bffb.js [8510/10000] md5=55c7c905bffb4bbbc4c8fb9b91df6ad8 bytes=81 template=loop origin=seed:tests/corpus/syntax/template-array-destructure.test.js
 PASS js-fuzzer-loop-55c7c905bffb.js [8510/10000] status=ok obs=eccbc87e4b5c coverage=+0/32/38 time=1ms
  RUN js-fuzzer-try-catch-7cb82b9a3fc9.js [8511/10000] md5=7cb82b9a3fc9743b17b967ebeeaab91b bytes=110 template=try-catch origin=seed:tests/corpus/syntax/typescript-assertions.test.ts
 PASS js-fuzzer-try-catch-7cb82b9a3fc9.js [8511/10000] status=ok obs=b6d767d2f8ed coverage=+0/32/38 time=2ms
  RUN js-fuzzer-class-a9875f561daf.js [8512/10000] md5=a9875f561daf181d949c68fc070db0e0 bytes=101 template=class origin=seed:tests/corpus/syntax/typescript-non-null-satisfies.test.ts
 PASS js-fuzzer-class-a9875f561daf.js [8512/10000] status=ok obs=aab3238922bc coverage=+0/32/38 time=2ms
  RUN js-fuzzer-boundary-6330cdecf02f.js [8513/10000] md5=6330cdecf02f68328876d88213acc2ac bytes=128 template=boundary origin=boundary:9007199254740991
 PASS js-fuzzer-boundary-6330cdecf02f.js [8513/10000] status=ok obs=8bfa9ad090fb coverage=+0/32/38 time=1ms
  RUN js-fuzzer-function-288d473b3a74.js [8514/10000] md5=288d473b3a7495d967aff826da7d201e bytes=153 template=function origin=seed:tests/corpus/fixtures/state-machine-workflow.test.js
 PASS js-fuzzer-function-288d473b3a74.js [8514/10000] status=ok obs=aab3238922bc coverage=+0/32/38 time=2ms
  RUN js-fuzzer-corpus-f722388c7961.js [8515/10000] md5=f722388c7961d2a0288508c35f28a5f8 bytes=96 template=corpus origin=tests/corpus/fixtures/vue-script-workflow.test.vue
 PASS js-fuzzer-corpus-f722388c7961.js [8515/10000] status=ok obs=6512bd43d9ca coverage=+0/32/38 time=1ms
  RUN js-fuzzer-closure-7273c0c143f6.js [8516/10000] md5=7273c0c143f642649555430f2ef2928d bytes=184 template=closure origin=seed:tests/corpus/obfuscation/constant-tag-mix.test.js
 PASS js-fuzzer-closure-7273c0c143f6.js [8516/10000] status=ok obs=d1fe173d08e9 coverage=+0/32/38 time=2ms
  RUN js-fuzzer-block-scope-cd4ca530ceaa.js [8517/10000] md5=cd4ca530ceaae2742d31ed87b34a7cc3 bytes=114 template=block-scope origin=seed:tests/corpus/obfuscation/extern-slot-permutation.test.js
 PASS js-fuzzer-block-scope-cd4ca530ceaa.js [8517/10000] status=ok obs=c9e1074f5b3f coverage=+0/32/38 time=1ms
  RUN js-fuzzer-loop-55c7c905bffb.js [8518/10000] md5=55c7c905bffb4bbbc4c8fb9b91df6ad8 bytes=81 template=loop origin=seed:tests/corpus/obfuscation/externs-console.test.js
 PASS js-fuzzer-loop-55c7c905bffb.js [8518/10000] status=ok obs=eccbc87e4b5c coverage=+0/32/38 time=2ms
  RUN js-fuzzer-try-catch-13abe4d24a2d.js [8519/10000] md5=13abe4d24a2dd7935e11d59d61044cdc bytes=109 template=try-catch origin=seed:tests/corpus/obfuscation/seed-sensitive-functions.test.js
 PASS js-fuzzer-try-catch-13abe4d24a2d.js [8519/10000] status=ok obs=c9f0f895fb98 coverage=+0/32/38 time=1ms
  RUN js-fuzzer-boundary-ac080ee0add8.js [8520/10000] md5=ac080ee0add8a3967f40d078a13e076b bytes=122 template=boundary origin=boundary:2147483647
 PASS js-fuzzer-boundary-ac080ee0add8.js [8520/10000] status=ok obs=c588c0a459f4 coverage=+0/32/38 time=2ms
  RUN js-fuzzer-arithmetic-19ef57128fdc.js [8521/10000] md5=19ef57128fdccefe880dd8a142084455 bytes=84 template=arithmetic origin=seed:tests/corpus/regressions/multiple-functions-fib-add.test.js
 PASS js-fuzzer-arithmetic-19ef57128fdc.js [8521/10000] status=ok obs=7f1de29e6da1 coverage=+0/32/38 time=1ms
  RUN js-fuzzer-function-8384e80192dc.js [8522/10000] md5=8384e80192dc0232cf5e505b2f7d5501 bytes=153 template=function origin=seed:tests/corpus/regressions/scope-compressed-closure-params.test.js
 PASS js-fuzzer-function-8384e80192dc.js [8522/10000] status=ok obs=e4da3b7fbbce coverage=+0/32/38 time=1ms
  RUN js-fuzzer-array-object-c36fc2bd1a43.js [8523/10000] md5=c36fc2bd1a435d716856cbdfe2d26981 bytes=133 template=array-object origin=seed:tests/corpus/runtime/arrays-objects-methods.test.js
 PASS js-fuzzer-array-object-c36fc2bd1a43.js [8523/10000] status=ok obs=6512bd43d9ca coverage=+0/32/38 time=2ms
  RUN js-fuzzer-corpus-8b78ba7912c5.js [8524/10000] md5=8b78ba7912c51f6cf304b65c6ebdb2e3 bytes=289 template=corpus origin=tests/corpus/runtime/block-scopes.test.js
 PASS js-fuzzer-corpus-8b78ba7912c5.js [8524/10000] status=ok obs=37693cfc7480 coverage=+0/32/38 time=2ms
  RUN js-fuzzer-block-scope-c359e2a72db2.js [8525/10000] md5=c359e2a72db2be0cf03b8eeda102b704 bytes=114 template=block-scope origin=seed:tests/corpus/runtime/class-fields-static-methods.test.js
 PASS js-fuzzer-block-scope-c359e2a72db2.js [8525/10000] status=ok obs=c9e1074f5b3f coverage=+0/32/38 time=1ms
  RUN js-fuzzer-loop-f495ca2fc638.js [8526/10000] md5=f495ca2fc6389f933578fc501f5b1465 bytes=81 template=loop origin=seed:tests/corpus/runtime/classes-and-objects.test.js
 PASS js-fuzzer-loop-f495ca2fc638.js [8526/10000] status=ok obs=c4ca4238a0b9 coverage=+0/32/38 time=2ms
  RUN js-fuzzer-boundary-85faf3787c26.js [8527/10000] md5=85faf3787c26ca3bad9215a544873988 bytes=113 template=boundary origin=boundary:2
 PASS js-fuzzer-boundary-85faf3787c26.js [8527/10000] status=ok obs=c81e728d9d4c coverage=+0/32/38 time=1ms
  RUN js-fuzzer-class-7c36fc3c0ad4.js [8528/10000] md5=7c36fc3c0ad4461d5dbbcd7afdfb6b5c bytes=101 template=class origin=seed:tests/corpus/runtime/closures-read-captured-values.test.js
 PASS js-fuzzer-class-7c36fc3c0ad4.js [8528/10000] status=ok obs=d3d9446802a4 coverage=+0/32/38 time=2ms
  RUN js-fuzzer-arithmetic-a15dd13f6727.js [8529/10000] md5=a15dd13f6727efdc39cb36c4c86686e3 bytes=84 template=arithmetic origin=seed:tests/corpus/runtime/exceptions-and-nullish.test.js
 PASS js-fuzzer-arithmetic-a15dd13f6727.js [8529/10000] status=ok obs=6cdd60ea0045 coverage=+0/32/38 time=2ms
  RUN js-fuzzer-function-66ad482026b9.js [8530/10000] md5=66ad482026b9df67ec5d25c1cce4c653 bytes=153 template=function origin=seed:tests/corpus/runtime/functions-closures-and-arrows.test.js
 PASS js-fuzzer-function-66ad482026b9.js [8530/10000] status=ok obs=6512bd43d9ca coverage=+0/32/38 time=1ms
  RUN js-fuzzer-array-object-82f1a093bf9b.js [8531/10000] md5=82f1a093bf9b2d6a4a6b65d89ac60455 bytes=133 template=array-object origin=seed:tests/corpus/runtime/lexical-shadowing.test.js
 PASS js-fuzzer-array-object-82f1a093bf9b.js [8531/10000] status=ok obs=d3d9446802a4 coverage=+0/32/38 time=2ms
  RUN js-fuzzer-closure-e969bbdfb6c3.js [8532/10000] md5=e969bbdfb6c372051cd477e3035393af bytes=184 template=closure origin=seed:tests/corpus/runtime/modules-export.test.js
 PASS js-fuzzer-closure-e969bbdfb6c3.js [8532/10000] status=ok obs=f457c545a9de coverage=+0/32/38 time=2ms
  RUN js-fuzzer-corpus-c557f8da2a9d.js [8533/10000] md5=c557f8da2a9d2904c70dca50c3eeb50e bytes=191 template=corpus origin=tests/corpus/runtime/nested-try-finally.test.js
 PASS js-fuzzer-corpus-c557f8da2a9d.js [8533/10000] status=ok obs=8f14e45fceea coverage=+0/32/38 time=1ms
  RUN js-fuzzer-boundary-3ca041277ff0.js [8534/10000] md5=3ca041277ff0c3edafc1a1dcaf120940 bytes=113 template=boundary origin=boundary:1
 PASS js-fuzzer-boundary-3ca041277ff0.js [8534/10000] status=ok obs=c4ca4238a0b9 coverage=+0/32/38 time=2ms
  RUN js-fuzzer-try-catch-7cb82b9a3fc9.js [8535/10000] md5=7cb82b9a3fc9743b17b967ebeeaab91b bytes=110 template=try-catch origin=seed:tests/corpus/syntax/logical-unary-nullish.test.js
 PASS js-fuzzer-try-catch-7cb82b9a3fc9.js [8535/10000] status=ok obs=b6d767d2f8ed coverage=+0/32/38 time=1ms
  RUN js-fuzzer-class-ff7d9ca3da86.js [8536/10000] md5=ff7d9ca3da86b49917ac34b4d48e8df9 bytes=101 template=class origin=seed:tests/corpus/syntax/object-destructure-and-members.test.js
 PASS js-fuzzer-class-ff7d9ca3da86.js [8536/10000] status=ok obs=c20ad4d76fe9 coverage=+0/32/38 time=2ms
  RUN js-fuzzer-arithmetic-181996e6b3d9.js [8537/10000] md5=181996e6b3d982f3478cb44419defe72 bytes=85 template=arithmetic origin=seed:tests/corpus/syntax/switch-do-while-sequence.test.js
 PASS js-fuzzer-arithmetic-181996e6b3d9.js [8537/10000] status=ok obs=621bf66ddb7c coverage=+0/32/38 time=2ms
  RUN js-fuzzer-function-3dca9339a683.js [8538/10000] md5=3dca9339a6831946d3c5250be8e34eee bytes=153 template=function origin=seed:tests/corpus/syntax/template-array-destructure.test.js
 PASS js-fuzzer-function-3dca9339a683.js [8538/10000] status=ok obs=e4da3b7fbbce coverage=+0/32/38 time=1ms
  RUN js-fuzzer-array-object-09960bade645.js [8539/10000] md5=09960bade6455e40833e83efd731d46d bytes=133 template=array-object origin=seed:tests/corpus/syntax/typescript-assertions.test.ts
 PASS js-fuzzer-array-object-09960bade645.js [8539/10000] status=ok obs=6512bd43d9ca coverage=+0/32/38 time=2ms
  RUN js-fuzzer-closure-ad781cdff4a1.js [8540/10000] md5=ad781cdff4a1581da763056555e9ae03 bytes=184 template=closure origin=seed:tests/corpus/syntax/typescript-non-null-satisfies.test.ts
 PASS js-fuzzer-closure-ad781cdff4a1.js [8540/10000] status=ok obs=14bfa6bb1487 coverage=+0/32/38 time=2ms
  RUN js-fuzzer-boundary-6aec0a9b1ff4.js [8541/10000] md5=6aec0a9b1ff4294bcfecb539ba7e660b bytes=129 template=boundary origin=boundary:-9007199254740991
 PASS js-fuzzer-boundary-6aec0a9b1ff4.js [8541/10000] status=ok obs=b3f3a95848f6 coverage=+0/32/38 time=1ms
  RUN js-fuzzer-corpus-ab8ca4f8757c.js [8542/10000] md5=ab8ca4f8757c6165b29cd6a662edad93 bytes=450 template=corpus origin=tests/corpus/fixtures/state-machine-workflow.test.js
 PASS js-fuzzer-corpus-ab8ca4f8757c.js [8542/10000] status=ok obs=b9f49c580664 coverage=+0/32/38 time=2ms
  RUN js-fuzzer-try-catch-398077b2e1d6.js [8543/10000] md5=398077b2e1d6a50d953f7a907c7a061d bytes=110 template=try-catch origin=seed:tests/corpus/fixtures/vue-script-workflow.test.vue
 PASS js-fuzzer-try-catch-398077b2e1d6.js [8543/10000] status=ok obs=6364d3f0f495 coverage=+0/32/38 time=2ms
  RUN js-fuzzer-class-7c36fc3c0ad4.js [8544/10000] md5=7c36fc3c0ad4461d5dbbcd7afdfb6b5c bytes=101 template=class origin=seed:tests/corpus/obfuscation/constant-tag-mix.test.js
 PASS js-fuzzer-class-7c36fc3c0ad4.js [8544/10000] status=ok obs=d3d9446802a4 coverage=+0/32/38 time=2ms
  RUN js-fuzzer-arithmetic-283de8b18b4f.js [8545/10000] md5=283de8b18b4f1f7aac804846ab1a4645 bytes=84 template=arithmetic origin=seed:tests/corpus/obfuscation/extern-slot-permutation.test.js
 PASS js-fuzzer-arithmetic-283de8b18b4f.js [8545/10000] status=ok obs=2838023a778d coverage=+0/32/38 time=2ms
  RUN js-fuzzer-function-f9a15ede1a13.js [8546/10000] md5=f9a15ede1a136ec60ae593fd7d4d8635 bytes=153 template=function origin=seed:tests/corpus/obfuscation/externs-console.test.js
 PASS js-fuzzer-function-f9a15ede1a13.js [8546/10000] status=ok obs=d3d9446802a4 coverage=+0/32/38 time=2ms
  RUN js-fuzzer-array-object-2bfdac7d4b0b.js [8547/10000] md5=2bfdac7d4b0bf5e087a09d586032c01b bytes=133 template=array-object origin=seed:tests/corpus/obfuscation/seed-sensitive-functions.test.js
 PASS js-fuzzer-array-object-2bfdac7d4b0b.js [8547/10000] status=ok obs=c20ad4d76fe9 coverage=+0/32/38 time=1ms
  RUN js-fuzzer-boundary-56f451fe2902.js [8548/10000] md5=56f451fe2902341a3a470031c46238b3 bytes=123 template=boundary origin=boundary:-2147483648
 PASS js-fuzzer-boundary-56f451fe2902.js [8548/10000] status=ok obs=034ff5946105 coverage=+0/32/38 time=2ms
  RUN js-fuzzer-block-scope-586fd9c4488e.js [8549/10000] md5=586fd9c4488eb3dc13f92bab3ebc1929 bytes=114 template=block-scope origin=seed:tests/corpus/regressions/multiple-functions-fib-add.test.js
 PASS js-fuzzer-block-scope-586fd9c4488e.js [8549/10000] status=ok obs=6974ce5ac660 coverage=+0/32/38 time=1ms
  RUN js-fuzzer-loop-54e460cecf5c.js [8550/10000] md5=54e460cecf5c05dfcffaa3b2e5f57445 bytes=81 template=loop origin=seed:tests/corpus/regressions/scope-compressed-closure-params.test.js
 PASS js-fuzzer-loop-54e460cecf5c.js [8550/10000] status=ok obs=d3d9446802a4 coverage=+0/32/38 time=2ms
  RUN js-fuzzer-corpus-a07012429fce.js [8551/10000] md5=a07012429fce4b4d7c8af42f445f70b9 bytes=163 template=corpus origin=tests/corpus/runtime/arrays-objects-methods.test.js
 PASS js-fuzzer-corpus-a07012429fce.js [8551/10000] status=ok obs=c51ce410c124 coverage=+0/32/38 time=2ms
  RUN js-fuzzer-class-ff7d9ca3da86.js [8552/10000] md5=ff7d9ca3da86b49917ac34b4d48e8df9 bytes=101 template=class origin=seed:tests/corpus/runtime/block-scopes.test.js
 PASS js-fuzzer-class-ff7d9ca3da86.js [8552/10000] status=ok obs=c20ad4d76fe9 coverage=+0/32/38 time=2ms
  RUN js-fuzzer-arithmetic-373f1b054d9b.js [8553/10000] md5=373f1b054d9b4b003bf9926efa7fb18f bytes=84 template=arithmetic origin=seed:tests/corpus/runtime/class-fields-static-methods.test.js
 PASS js-fuzzer-arithmetic-373f1b054d9b.js [8553/10000] status=ok obs=7cbbc409ec99 coverage=+0/32/38 time=1ms
  RUN js-fuzzer-function-2a74733dc731.js [8554/10000] md5=2a74733dc7313f8fa40f843496dd9ed4 bytes=153 template=function origin=seed:tests/corpus/runtime/classes-and-objects.test.js
 PASS js-fuzzer-function-2a74733dc731.js [8554/10000] status=ok obs=45c48cce2e2d coverage=+0/32/38 time=2ms
  RUN js-fuzzer-boundary-6d89c3a838ae.js [8555/10000] md5=6d89c3a838ae354bda64ec37ec2b63b1 bytes=114 template=boundary origin=boundary:-2
 PASS js-fuzzer-boundary-6d89c3a838ae.js [8555/10000] status=ok obs=5d7b9adcbe1c coverage=+0/32/38 time=2ms
  RUN js-fuzzer-closure-fdf4494b5941.js [8556/10000] md5=fdf4494b5941c318e5afb185b7b02590 bytes=184 template=closure origin=seed:tests/corpus/runtime/closures-read-captured-values.test.js
 PASS js-fuzzer-closure-fdf4494b5941.js [8556/10000] status=ok obs=735b90b45681 coverage=+0/32/38 time=1ms
  RUN js-fuzzer-block-scope-457ab2a38efb.js [8557/10000] md5=457ab2a38efb9670e933edf492eb7c27 bytes=114 template=block-scope origin=seed:tests/corpus/runtime/exceptions-and-nullish.test.js
 PASS js-fuzzer-block-scope-457ab2a38efb.js [8557/10000] status=ok obs=65b9eea6e1cc coverage=+0/32/38 time=2ms
  RUN js-fuzzer-loop-55c7c905bffb.js [8558/10000] md5=55c7c905bffb4bbbc4c8fb9b91df6ad8 bytes=81 template=loop origin=seed:tests/corpus/runtime/functions-closures-and-arrows.test.js
 PASS js-fuzzer-loop-55c7c905bffb.js [8558/10000] status=ok obs=eccbc87e4b5c coverage=+0/32/38 time=2ms
  RUN js-fuzzer-try-catch-e6fdc2579e78.js [8559/10000] md5=e6fdc2579e7880bc0b759de7af5133ab bytes=110 template=try-catch origin=seed:tests/corpus/runtime/lexical-shadowing.test.js
 PASS js-fuzzer-try-catch-e6fdc2579e78.js [8559/10000] status=ok obs=d645920e395f coverage=+0/32/38 time=1ms
  RUN js-fuzzer-corpus-4131d841163b.js [8560/10000] md5=4131d841163b79e192bca9d4fc683c54 bytes=58 template=corpus origin=tests/corpus/runtime/modules-export.test.js
 PASS js-fuzzer-corpus-4131d841163b.js [8560/10000] status=ok obs=8f14e45fceea coverage=+0/32/38 time=2ms
  RUN js-fuzzer-arithmetic-4ab6d680e03c.js [8561/10000] md5=4ab6d680e03c1a39344dbe425bf44d76 bytes=85 template=arithmetic origin=seed:tests/corpus/runtime/nested-try-finally.test.js
 PASS js-fuzzer-arithmetic-4ab6d680e03c.js [8561/10000] status=ok obs=84d9ee44e457 coverage=+0/32/38 time=1ms
  RUN js-fuzzer-boundary-1024adcac0e5.js [8562/10000] md5=1024adcac0e5cc9f99f478fa66dcc00c bytes=114 template=boundary origin=boundary:-1
 PASS js-fuzzer-boundary-1024adcac0e5.js [8562/10000] status=ok obs=6bb61e3b7bce coverage=+0/32/38 time=2ms
  RUN js-fuzzer-array-object-30d7ed514bda.js [8563/10000] md5=30d7ed514bda1af486509b30a47f9f7b bytes=133 template=array-object origin=seed:tests/corpus/syntax/logical-unary-nullish.test.js
 PASS js-fuzzer-array-object-30d7ed514bda.js [8563/10000] status=ok obs=70efdf2ec9b0 coverage=+0/32/38 time=1ms
  RUN js-fuzzer-closure-8062cdec265d.js [8564/10000] md5=8062cdec265d081afc2b1b8c67f8d8dd bytes=184 template=closure origin=seed:tests/corpus/syntax/object-destructure-and-members.test.js
 PASS js-fuzzer-closure-8062cdec265d.js [8564/10000] status=ok obs=fc490ca45c00 coverage=+0/32/38 time=2ms
  RUN js-fuzzer-block-scope-bdee2ca933f4.js [8565/10000] md5=bdee2ca933f4d75f33d7f05fede856cb bytes=114 template=block-scope origin=seed:tests/corpus/syntax/switch-do-while-sequence.test.js
 PASS js-fuzzer-block-scope-bdee2ca933f4.js [8565/10000] status=ok obs=a3c65c297427 coverage=+0/32/38 time=2ms
  RUN js-fuzzer-loop-55c7c905bffb.js [8566/10000] md5=55c7c905bffb4bbbc4c8fb9b91df6ad8 bytes=81 template=loop origin=seed:tests/corpus/syntax/template-array-destructure.test.js
 PASS js-fuzzer-loop-55c7c905bffb.js [8566/10000] status=ok obs=eccbc87e4b5c coverage=+0/32/38 time=1ms
  RUN js-fuzzer-try-catch-7cb82b9a3fc9.js [8567/10000] md5=7cb82b9a3fc9743b17b967ebeeaab91b bytes=110 template=try-catch origin=seed:tests/corpus/syntax/typescript-assertions.test.ts
 PASS js-fuzzer-try-catch-7cb82b9a3fc9.js [8567/10000] status=ok obs=b6d767d2f8ed coverage=+0/32/38 time=2ms
  RUN js-fuzzer-class-51ea152a707e.js [8568/10000] md5=51ea152a707ed5422ab3e5b3ddb7fe43 bytes=100 template=class origin=seed:tests/corpus/syntax/typescript-non-null-satisfies.test.ts
 PASS js-fuzzer-class-51ea152a707e.js [8568/10000] status=ok obs=e4da3b7fbbce coverage=+0/32/38 time=1ms
  RUN js-fuzzer-corpus-797f152bf878.js [8569/10000] md5=797f152bf878d5049066c6db6d2360b3 bytes=355 template=corpus origin=tests/corpus/fixtures/job-workflow.test.js
 PASS js-fuzzer-corpus-797f152bf878.js [8569/10000] status=ok obs=b9de0628c8ec coverage=+0/32/38 time=2ms
  RUN js-fuzzer-function-134a85d12098.js [8570/10000] md5=134a85d120985077bd24a3a53ac64560 bytes=153 template=function origin=seed:tests/corpus/fixtures/state-machine-workflow.test.js
 PASS js-fuzzer-function-134a85d12098.js [8570/10000] status=ok obs=1679091c5a88 coverage=+0/32/38 time=2ms
  RUN js-fuzzer-array-object-0717dd78ed28.js [8571/10000] md5=0717dd78ed283e90d0f982a737d252bf bytes=133 template=array-object origin=seed:tests/corpus/fixtures/vue-script-workflow.test.vue
 PASS js-fuzzer-array-object-0717dd78ed28.js [8571/10000] status=ok obs=c51ce410c124 coverage=+0/32/38 time=2ms
  RUN js-fuzzer-closure-43191f7eb0a5.js [8572/10000] md5=43191f7eb0a5ebeb59531ab4b7fee7f4 bytes=185 template=closure origin=seed:tests/corpus/obfuscation/constant-tag-mix.test.js
 PASS js-fuzzer-closure-43191f7eb0a5.js [8572/10000] status=ok obs=d2ddea18f006 coverage=+0/32/38 time=1ms
  RUN js-fuzzer-block-scope-652d7136841b.js [8573/10000] md5=652d7136841be8a38febc4fcb4320341 bytes=114 template=block-scope origin=seed:tests/corpus/obfuscation/extern-slot-permutation.test.js
 PASS js-fuzzer-block-scope-652d7136841b.js [8573/10000] status=ok obs=f0935e4cd592 coverage=+0/32/38 time=1ms
  RUN js-fuzzer-loop-b88258462a8d.js [8574/10000] md5=b88258462a8d880f8b0e459fa23b2536 bytes=81 template=loop origin=seed:tests/corpus/obfuscation/externs-console.test.js
 PASS js-fuzzer-loop-b88258462a8d.js [8574/10000] status=ok obs=3c59dc048e88 coverage=+0/32/38 time=2ms
  RUN js-fuzzer-try-catch-7fa76a80e531.js [8575/10000] md5=7fa76a80e531298b12538ca11d858f94 bytes=110 template=try-catch origin=seed:tests/corpus/obfuscation/seed-sensitive-functions.test.js
 PASS js-fuzzer-try-catch-7fa76a80e531.js [8575/10000] status=ok obs=6ea9ab1baa0e coverage=+0/32/38 time=1ms
  RUN js-fuzzer-boundary-4bea2a6e0cb0.js [8576/10000] md5=4bea2a6e0cb0c7bb0b29e5b5d44112d8 bytes=128 template=boundary origin=boundary:9007199254740991
 PASS js-fuzzer-boundary-4bea2a6e0cb0.js [8576/10000] status=ok obs=dc9a0d67a31d coverage=+0/32/38 time=2ms
  RUN js-fuzzer-arithmetic-c5eb1d399d9a.js [8577/10000] md5=c5eb1d399d9a7e1ae5e85fc75dadc1a3 bytes=84 template=arithmetic origin=seed:tests/corpus/regressions/multiple-functions-fib-add.test.js
 PASS js-fuzzer-arithmetic-c5eb1d399d9a.js [8577/10000] status=ok obs=19ca14e7ea63 coverage=+0/32/38 time=1ms
  RUN js-fuzzer-corpus-c28cfb056309.js [8578/10000] md5=c28cfb056309f2a77f8bd9756b123c54 bytes=147 template=corpus origin=tests/corpus/regressions/scope-compressed-closure-params.test.js
 PASS js-fuzzer-corpus-c28cfb056309.js [8578/10000] status=ok obs=c51ce410c124 coverage=+0/32/38 time=1ms
  RUN js-fuzzer-array-object-81227aec48e1.js [8579/10000] md5=81227aec48e1e74099a250b30eb9b52d bytes=133 template=array-object origin=seed:tests/corpus/runtime/arrays-objects-methods.test.js
 PASS js-fuzzer-array-object-81227aec48e1.js [8579/10000] status=ok obs=8f14e45fceea coverage=+0/32/38 time=2ms
  RUN js-fuzzer-closure-557de75c1da4.js [8580/10000] md5=557de75c1da49c2982837083e1ea9393 bytes=183 template=closure origin=seed:tests/corpus/runtime/block-scopes.test.js
 PASS js-fuzzer-closure-557de75c1da4.js [8580/10000] status=ok obs=6ea9ab1baa0e coverage=+0/32/38 time=1ms
  RUN js-fuzzer-block-scope-0646405d6bb2.js [8581/10000] md5=0646405d6bb2ceae05fe69841edcc9c1 bytes=114 template=block-scope origin=seed:tests/corpus/runtime/class-fields-static-methods.test.js
 PASS js-fuzzer-block-scope-0646405d6bb2.js [8581/10000] status=ok obs=a97da629b098 coverage=+0/32/38 time=2ms
  RUN js-fuzzer-loop-bbf1d7a15d8d.js [8582/10000] md5=bbf1d7a15d8dd015402d75c0e0108b5f bytes=81 template=loop origin=seed:tests/corpus/runtime/classes-and-objects.test.js
 PASS js-fuzzer-loop-bbf1d7a15d8d.js [8582/10000] status=ok obs=1679091c5a88 coverage=+0/32/38 time=1ms
  RUN js-fuzzer-boundary-5c12d757f0dd.js [8583/10000] md5=5c12d757f0ddd5c6b1207b14fb1e8d0c bytes=122 template=boundary origin=boundary:2147483647
 PASS js-fuzzer-boundary-5c12d757f0dd.js [8583/10000] status=ok obs=c588c0a459f4 coverage=+0/32/38 time=1ms
  RUN js-fuzzer-class-b1e3642c0208.js [8584/10000] md5=b1e3642c0208992266fb21668a536292 bytes=100 template=class origin=seed:tests/corpus/runtime/closures-read-captured-values.test.js
 PASS js-fuzzer-class-b1e3642c0208.js [8584/10000] status=ok obs=c9f0f895fb98 coverage=+0/32/38 time=2ms
  RUN js-fuzzer-arithmetic-5b390f2bc430.js [8585/10000] md5=5b390f2bc430ab01c6969f549806c28f bytes=85 template=arithmetic origin=seed:tests/corpus/runtime/exceptions-and-nullish.test.js
 PASS js-fuzzer-arithmetic-5b390f2bc430.js [8585/10000] status=ok obs=ec5decca5ed3 coverage=+0/32/38 time=1ms
  RUN js-fuzzer-function-66ad482026b9.js [8586/10000] md5=66ad482026b9df67ec5d25c1cce4c653 bytes=153 template=function origin=seed:tests/corpus/runtime/functions-closures-and-arrows.test.js
 PASS js-fuzzer-function-66ad482026b9.js [8586/10000] status=ok obs=6512bd43d9ca coverage=+0/32/38 time=2ms
  RUN js-fuzzer-corpus-463d4dee8a1f.js [8587/10000] md5=463d4dee8a1f930fa8af57a704cacf3e bytes=232 template=corpus origin=tests/corpus/runtime/lexical-shadowing.test.js
 PASS js-fuzzer-corpus-463d4dee8a1f.js [8587/10000] status=ok obs=c51ce410c124 coverage=+0/32/38 time=2ms
  RUN js-fuzzer-closure-dedfeba8ab02.js [8588/10000] md5=dedfeba8ab02a20276af8add09b9d90d bytes=184 template=closure origin=seed:tests/corpus/runtime/modules-export.test.js
 PASS js-fuzzer-closure-dedfeba8ab02.js [8588/10000] status=ok obs=f457c545a9de coverage=+0/32/38 time=2ms
  RUN js-fuzzer-block-scope-afb6dee4b2ec.js [8589/10000] md5=afb6dee4b2ec9225553c3bff3995f1a9 bytes=114 template=block-scope origin=seed:tests/corpus/runtime/nested-try-finally.test.js
 PASS js-fuzzer-block-scope-afb6dee4b2ec.js [8589/10000] status=ok obs=a97da629b098 coverage=+0/32/38 time=1ms
  RUN js-fuzzer-boundary-e33d9dc9cd6c.js [8590/10000] md5=e33d9dc9cd6c84ec6ac6a01d1d18c4f2 bytes=113 template=boundary origin=boundary:2
 PASS js-fuzzer-boundary-e33d9dc9cd6c.js [8590/10000] status=ok obs=c81e728d9d4c coverage=+0/32/38 time=2ms
  RUN js-fuzzer-try-catch-18b0b31fe014.js [8591/10000] md5=18b0b31fe014e787990869dd8a5ff18b bytes=110 template=try-catch origin=seed:tests/corpus/syntax/logical-unary-nullish.test.js
 PASS js-fuzzer-try-catch-18b0b31fe014.js [8591/10000] status=ok obs=aab3238922bc coverage=+0/32/38 time=1ms
  RUN js-fuzzer-class-c0844991889f.js [8592/10000] md5=c0844991889f03308712cd6bc6b7c31c bytes=101 template=class origin=seed:tests/corpus/syntax/object-destructure-and-members.test.js
 PASS js-fuzzer-class-c0844991889f.js [8592/10000] status=ok obs=70efdf2ec9b0 coverage=+0/32/38 time=2ms
  RUN js-fuzzer-arithmetic-18ab4de513fd.js [8593/10000] md5=18ab4de513fdc486d34a75b3fb17fc8a bytes=85 template=arithmetic origin=seed:tests/corpus/syntax/switch-do-while-sequence.test.js
 PASS js-fuzzer-arithmetic-18ab4de513fd.js [8593/10000] status=ok obs=9766527f2b5d coverage=+0/32/38 time=1ms
  RUN js-fuzzer-function-ced1d0daab2e.js [8594/10000] md5=ced1d0daab2e23fdcfec672d899d9739 bytes=153 template=function origin=seed:tests/corpus/syntax/template-array-destructure.test.js
 PASS js-fuzzer-function-ced1d0daab2e.js [8594/10000] status=ok obs=8e296a067a37 coverage=+0/32/38 time=3ms
  RUN js-fuzzer-array-object-82f1a093bf9b.js [8595/10000] md5=82f1a093bf9b2d6a4a6b65d89ac60455 bytes=133 template=array-object origin=seed:tests/corpus/syntax/typescript-assertions.test.ts
 PASS js-fuzzer-array-object-82f1a093bf9b.js [8595/10000] status=ok obs=d3d9446802a4 coverage=+0/32/38 time=1ms
  RUN js-fuzzer-corpus-e3eeaea0f8a2.js [8596/10000] md5=e3eeaea0f8a2c5d5b650d4007cf78b4a bytes=104 template=corpus origin=tests/corpus/syntax/typescript-non-null-satisfies.test.ts
 PASS js-fuzzer-corpus-e3eeaea0f8a2.js [8596/10000] status=ok obs=d3d9446802a4 coverage=+0/32/38 time=2ms
  RUN js-fuzzer-boundary-2f35f880f964.js [8597/10000] md5=2f35f880f96468b375c4e71feba05308 bytes=113 template=boundary origin=boundary:1
 PASS js-fuzzer-boundary-2f35f880f964.js [8597/10000] status=ok obs=c4ca4238a0b9 coverage=+0/32/38 time=1ms
  RUN js-fuzzer-loop-b88258462a8d.js [8598/10000] md5=b88258462a8d880f8b0e459fa23b2536 bytes=81 template=loop origin=seed:tests/corpus/fixtures/state-machine-workflow.test.js
 PASS js-fuzzer-loop-b88258462a8d.js [8598/10000] status=ok obs=3c59dc048e88 coverage=+0/32/38 time=2ms
  RUN js-fuzzer-try-catch-85daf11db7ec.js [8599/10000] md5=85daf11db7ec5f71a0e05a86a536d94d bytes=110 template=try-catch origin=seed:tests/corpus/fixtures/vue-script-workflow.test.vue
 PASS js-fuzzer-try-catch-85daf11db7ec.js [8599/10000] status=ok obs=f7177163c833 coverage=+0/32/38 time=1ms
  RUN js-fuzzer-class-1fb70654253d.js [8600/10000] md5=1fb70654253d944404805630039f463c bytes=101 template=class origin=seed:tests/corpus/obfuscation/constant-tag-mix.test.js
 PASS js-fuzzer-class-1fb70654253d.js [8600/10000] status=ok obs=c51ce410c124 coverage=+0/32/38 time=1ms
  RUN js-fuzzer-arithmetic-c00d2fa0db75.js [8601/10000] md5=c00d2fa0db75e1951c3e7e2846f49ebc bytes=84 template=arithmetic origin=seed:tests/corpus/obfuscation/extern-slot-permutation.test.js
 PASS js-fuzzer-arithmetic-c00d2fa0db75.js [8601/10000] status=ok obs=eb160de1de89 coverage=+0/32/38 time=2ms
  RUN js-fuzzer-function-f9a15ede1a13.js [8602/10000] md5=f9a15ede1a136ec60ae593fd7d4d8635 bytes=153 template=function origin=seed:tests/corpus/obfuscation/externs-console.test.js
 PASS js-fuzzer-function-f9a15ede1a13.js [8602/10000] status=ok obs=d3d9446802a4 coverage=+0/32/38 time=1ms
  RUN js-fuzzer-array-object-ea46a302cf9e.js [8603/10000] md5=ea46a302cf9e138433f61c6e4e9b1d21 bytes=133 template=array-object origin=seed:tests/corpus/obfuscation/seed-sensitive-functions.test.js
 PASS js-fuzzer-array-object-ea46a302cf9e.js [8603/10000] status=ok obs=45c48cce2e2d coverage=+0/32/38 time=2ms
  RUN js-fuzzer-boundary-37492c99ff33.js [8604/10000] md5=37492c99ff33e9d5e09e0b8e84ba785a bytes=129 template=boundary origin=boundary:-9007199254740991
 PASS js-fuzzer-boundary-37492c99ff33.js [8604/10000] status=ok obs=b3f3a95848f6 coverage=+0/32/38 time=2ms
  RUN js-fuzzer-corpus-ad9ed8746461.js [8605/10000] md5=ad9ed87464611c6dd81b04b3754c760c bytes=214 template=corpus origin=tests/corpus/regressions/multiple-functions-fib-add.test.js
 PASS js-fuzzer-corpus-ad9ed8746461.js [8605/10000] status=ok obs=3c59dc048e88 coverage=+0/32/38 time=2ms
  RUN js-fuzzer-loop-b88258462a8d.js [8606/10000] md5=b88258462a8d880f8b0e459fa23b2536 bytes=81 template=loop origin=seed:tests/corpus/regressions/scope-compressed-closure-params.test.js
 PASS js-fuzzer-loop-b88258462a8d.js [8606/10000] status=ok obs=3c59dc048e88 coverage=+0/32/38 time=2ms
  RUN js-fuzzer-try-catch-e92e59cfe8b3.js [8607/10000] md5=e92e59cfe8b3da295d2f9e96a4effe15 bytes=109 template=try-catch origin=seed:tests/corpus/runtime/arrays-objects-methods.test.js
 PASS js-fuzzer-try-catch-e92e59cfe8b3.js [8607/10000] status=ok obs=eccbc87e4b5c coverage=+0/32/38 time=1ms
  RUN js-fuzzer-class-ff7d9ca3da86.js [8608/10000] md5=ff7d9ca3da86b49917ac34b4d48e8df9 bytes=101 template=class origin=seed:tests/corpus/runtime/block-scopes.test.js
 PASS js-fuzzer-class-ff7d9ca3da86.js [8608/10000] status=ok obs=c20ad4d76fe9 coverage=+0/32/38 time=2ms
  RUN js-fuzzer-arithmetic-0dbc82fab78b.js [8609/10000] md5=0dbc82fab78b80ae32b522aeaa579b50 bytes=84 template=arithmetic origin=seed:tests/corpus/runtime/class-fields-static-methods.test.js
 PASS js-fuzzer-arithmetic-0dbc82fab78b.js [8609/10000] status=ok obs=65ded5353c5e coverage=+0/32/38 time=1ms
  RUN js-fuzzer-function-c472354a037a.js [8610/10000] md5=c472354a037a48d197cd60b4e04af6e0 bytes=153 template=function origin=seed:tests/corpus/runtime/classes-and-objects.test.js
 PASS js-fuzzer-function-c472354a037a.js [8610/10000] status=ok obs=02e74f10e032 coverage=+0/32/38 time=3ms
  RUN js-fuzzer-boundary-205872a6e44c.js [8611/10000] md5=205872a6e44c1ea0cf94554af934fb09 bytes=123 template=boundary origin=boundary:-2147483648
 PASS js-fuzzer-boundary-205872a6e44c.js [8611/10000] status=ok obs=034ff5946105 coverage=+0/32/38 time=1ms
  RUN js-fuzzer-closure-356273d10e9c.js [8612/10000] md5=356273d10e9c4bdaf88b72241f0cc351 bytes=184 template=closure origin=seed:tests/corpus/runtime/closures-read-captured-values.test.js
 PASS js-fuzzer-closure-356273d10e9c.js [8612/10000] status=ok obs=7f39f8317fbd coverage=+0/32/38 time=2ms
  RUN js-fuzzer-block-scope-acc5b759b515.js [8613/10000] md5=acc5b759b5155f53a9fe4678a8e8b693 bytes=114 template=block-scope origin=seed:tests/corpus/runtime/exceptions-and-nullish.test.js
 PASS js-fuzzer-block-scope-acc5b759b515.js [8613/10000] status=ok obs=c9e1074f5b3f coverage=+0/32/38 time=2ms
  RUN js-fuzzer-corpus-72746d071c58.js [8614/10000] md5=72746d071c58fadd9399bc8934c30553 bytes=197 template=corpus origin=tests/corpus/runtime/functions-closures-and-arrows.test.js
 PASS js-fuzzer-corpus-72746d071c58.js [8614/10000] status=ok obs=c74d97b01eae coverage=+0/32/38 time=1ms
  RUN js-fuzzer-try-catch-02a6aedaa978.js [8615/10000] md5=02a6aedaa97879d59ffd66c80df1d065 bytes=109 template=try-catch origin=seed:tests/corpus/runtime/lexical-shadowing.test.js
 PASS js-fuzzer-try-catch-02a6aedaa978.js [8615/10000] status=ok obs=e4da3b7fbbce coverage=+0/32/38 time=2ms
  RUN js-fuzzer-class-3b630e2d834a.js [8616/10000] md5=3b630e2d834a95a01ee75571f8bc0075 bytes=101 template=class origin=seed:tests/corpus/runtime/modules-export.test.js
 PASS js-fuzzer-class-3b630e2d834a.js [8616/10000] status=ok obs=6512bd43d9ca coverage=+0/32/38 time=2ms
  RUN js-fuzzer-arithmetic-c5f146a4bde4.js [8617/10000] md5=c5f146a4bde48e4501edd05f8a0f9507 bytes=84 template=arithmetic origin=seed:tests/corpus/runtime/nested-try-finally.test.js
 PASS js-fuzzer-arithmetic-c5f146a4bde4.js [8617/10000] status=ok obs=9a1158154dfa coverage=+0/32/38 time=1ms
  RUN js-fuzzer-boundary-92df4f5b559a.js [8618/10000] md5=92df4f5b559a550058b4133ffb629932 bytes=114 template=boundary origin=boundary:-2
 PASS js-fuzzer-boundary-92df4f5b559a.js [8618/10000] status=ok obs=5d7b9adcbe1c coverage=+0/32/38 time=2ms
  RUN js-fuzzer-array-object-186321e58ac7.js [8619/10000] md5=186321e58ac70e256d734b039dd558a9 bytes=133 template=array-object origin=seed:tests/corpus/syntax/logical-unary-nullish.test.js
 PASS js-fuzzer-array-object-186321e58ac7.js [8619/10000] status=ok obs=c51ce410c124 coverage=+0/32/38 time=1ms
  RUN js-fuzzer-closure-7ea8d5fb2094.js [8620/10000] md5=7ea8d5fb2094d1a53148451a19b786b4 bytes=184 template=closure origin=seed:tests/corpus/syntax/object-destructure-and-members.test.js
 PASS js-fuzzer-closure-7ea8d5fb2094.js [8620/10000] status=ok obs=7f39f8317fbd coverage=+0/32/38 time=2ms
  RUN js-fuzzer-block-scope-11fb617d5900.js [8621/10000] md5=11fb617d590029dda70331908604740a bytes=114 template=block-scope origin=seed:tests/corpus/syntax/switch-do-while-sequence.test.js
 PASS js-fuzzer-block-scope-11fb617d5900.js [8621/10000] status=ok obs=65b9eea6e1cc coverage=+0/32/38 time=1ms
  RUN js-fuzzer-loop-f495ca2fc638.js [8622/10000] md5=f495ca2fc6389f933578fc501f5b1465 bytes=81 template=loop origin=seed:tests/corpus/syntax/template-array-destructure.test.js
 PASS js-fuzzer-loop-f495ca2fc638.js [8622/10000] status=ok obs=c4ca4238a0b9 coverage=+0/32/38 time=2ms
  RUN js-fuzzer-corpus-57a83a4b020d.js [8623/10000] md5=57a83a4b020d4b85b42b0a3709f283ad bytes=130 template=corpus origin=tests/corpus/syntax/typescript-assertions.test.ts
 PASS js-fuzzer-corpus-57a83a4b020d.js [8623/10000] status=ok obs=45c48cce2e2d coverage=+0/32/38 time=2ms
  RUN js-fuzzer-class-51ea152a707e.js [8624/10000] md5=51ea152a707ed5422ab3e5b3ddb7fe43 bytes=100 template=class origin=seed:tests/corpus/syntax/typescript-non-null-satisfies.test.ts
 PASS js-fuzzer-class-51ea152a707e.js [8624/10000] status=ok obs=e4da3b7fbbce coverage=+0/32/38 time=1ms
  RUN js-fuzzer-boundary-61a9a82f5f08.js [8625/10000] md5=61a9a82f5f08bc177f13c805ba785d7d bytes=114 template=boundary origin=boundary:-1
 PASS js-fuzzer-boundary-61a9a82f5f08.js [8625/10000] status=ok obs=6bb61e3b7bce coverage=+0/32/38 time=2ms
  RUN js-fuzzer-function-4b9684ea9e29.js [8626/10000] md5=4b9684ea9e291ddb6515f98bf0c93905 bytes=153 template=function origin=seed:tests/corpus/fixtures/state-machine-workflow.test.js
 PASS js-fuzzer-function-4b9684ea9e29.js [8626/10000] status=ok obs=eccbc87e4b5c coverage=+0/32/38 time=1ms
  RUN js-fuzzer-array-object-8728816636ad.js [8627/10000] md5=8728816636ad003fc39787bafeb29c5d bytes=133 template=array-object origin=seed:tests/corpus/fixtures/vue-script-workflow.test.vue
 PASS js-fuzzer-array-object-8728816636ad.js [8627/10000] status=ok obs=aab3238922bc coverage=+0/32/38 time=1ms
  RUN js-fuzzer-closure-5c2fdee9f6a0.js [8628/10000] md5=5c2fdee9f6a0617d39a14617c90cf53a bytes=184 template=closure origin=seed:tests/corpus/obfuscation/constant-tag-mix.test.js
 PASS js-fuzzer-closure-5c2fdee9f6a0.js [8628/10000] status=ok obs=6c8349cc7260 coverage=+0/32/38 time=2ms
  RUN js-fuzzer-block-scope-3618dfc383f1.js [8629/10000] md5=3618dfc383f176ec28b3df9bed8a3cec bytes=114 template=block-scope origin=seed:tests/corpus/obfuscation/extern-slot-permutation.test.js
 PASS js-fuzzer-block-scope-3618dfc383f1.js [8629/10000] status=ok obs=c9e1074f5b3f coverage=+0/32/38 time=1ms
  RUN js-fuzzer-loop-bbf1d7a15d8d.js [8630/10000] md5=bbf1d7a15d8dd015402d75c0e0108b5f bytes=81 template=loop origin=seed:tests/corpus/obfuscation/externs-console.test.js
 PASS js-fuzzer-loop-bbf1d7a15d8d.js [8630/10000] status=ok obs=1679091c5a88 coverage=+0/32/38 time=2ms
  RUN js-fuzzer-try-catch-f457fe0c144d.js [8631/10000] md5=f457fe0c144d86e31ce7ae86f7f5c357 bytes=110 template=try-catch origin=seed:tests/corpus/obfuscation/seed-sensitive-functions.test.js
 PASS js-fuzzer-try-catch-f457fe0c144d.js [8631/10000] status=ok obs=67c6a1e7ce56 coverage=+0/32/38 time=1ms
  RUN js-fuzzer-corpus-79643e915862.js [8632/10000] md5=79643e91586251700d34c0c65a0220da bytes=89 template=corpus origin=tests/corpus/regressions/destructuring-lowers-to-member.test.js
 PASS js-fuzzer-corpus-79643e915862.js [8632/10000] status=ok obs=eccbc87e4b5c coverage=+0/32/38 time=1ms
  RUN js-fuzzer-arithmetic-26b2db319cd9.js [8633/10000] md5=26b2db319cd9e4dc45383ec1477fbe8f bytes=85 template=arithmetic origin=seed:tests/corpus/regressions/multiple-functions-fib-add.test.js
 PASS js-fuzzer-arithmetic-26b2db319cd9.js [8633/10000] status=ok obs=6c9882bbac1c coverage=+0/32/38 time=2ms
  RUN js-fuzzer-function-ba7ea055d439.js [8634/10000] md5=ba7ea055d4397ffca213251195491d86 bytes=153 template=function origin=seed:tests/corpus/regressions/scope-compressed-closure-params.test.js
 PASS js-fuzzer-function-ba7ea055d439.js [8634/10000] status=ok obs=8f14e45fceea coverage=+0/32/38 time=2ms
  RUN js-fuzzer-array-object-47b604e193a6.js [8635/10000] md5=47b604e193a6902cf4018187a8ccfa87 bytes=133 template=array-object origin=seed:tests/corpus/runtime/arrays-objects-methods.test.js
 PASS js-fuzzer-array-object-47b604e193a6.js [8635/10000] status=ok obs=c20ad4d76fe9 coverage=+0/32/38 time=1ms
  RUN js-fuzzer-closure-c85b9baebae3.js [8636/10000] md5=c85b9baebae3b7c94a13a5eadcbb94fa bytes=184 template=closure origin=seed:tests/corpus/runtime/block-scopes.test.js
 PASS js-fuzzer-closure-c85b9baebae3.js [8636/10000] status=ok obs=c16a5320fa47 coverage=+0/32/38 time=1ms
  RUN js-fuzzer-block-scope-e5edf6b2fdfb.js [8637/10000] md5=e5edf6b2fdfbf92b26e48345ee99c5d9 bytes=114 template=block-scope origin=seed:tests/corpus/runtime/class-fields-static-methods.test.js
 PASS js-fuzzer-block-scope-e5edf6b2fdfb.js [8637/10000] status=ok obs=a3c65c297427 coverage=+0/32/38 time=2ms
  RUN js-fuzzer-loop-bbf1d7a15d8d.js [8638/10000] md5=bbf1d7a15d8dd015402d75c0e0108b5f bytes=81 template=loop origin=seed:tests/corpus/runtime/classes-and-objects.test.js
 PASS js-fuzzer-loop-bbf1d7a15d8d.js [8638/10000] status=ok obs=1679091c5a88 coverage=+0/32/38 time=1ms
  RUN js-fuzzer-boundary-6330cdecf02f.js [8639/10000] md5=6330cdecf02f68328876d88213acc2ac bytes=128 template=boundary origin=boundary:9007199254740991
 PASS js-fuzzer-boundary-6330cdecf02f.js [8639/10000] status=ok obs=8bfa9ad090fb coverage=+0/32/38 time=2ms
  RUN js-fuzzer-class-f454a055ed5d.js [8640/10000] md5=f454a055ed5dc800cb1ab66abc7a01de bytes=100 template=class origin=seed:tests/corpus/runtime/closures-read-captured-values.test.js
 PASS js-fuzzer-class-f454a055ed5d.js [8640/10000] status=ok obs=a87ff679a2f3 coverage=+0/32/38 time=1ms
  RUN js-fuzzer-corpus-cf8fb96e8476.js [8641/10000] md5=cf8fb96e8476c262b73583c86dd80821 bytes=178 template=corpus origin=tests/corpus/runtime/exceptions-and-nullish.test.js
 PASS js-fuzzer-corpus-cf8fb96e8476.js [8641/10000] status=ok obs=24ed5e8718fc coverage=+0/32/38 time=2ms
  RUN js-fuzzer-function-d3859b93eee1.js [8642/10000] md5=d3859b93eee1f3bcfec0cda51c4d02bf bytes=153 template=function origin=seed:tests/corpus/runtime/functions-closures-and-arrows.test.js
 PASS js-fuzzer-function-d3859b93eee1.js [8642/10000] status=ok obs=a87ff679a2f3 coverage=+0/32/38 time=2ms
  RUN js-fuzzer-array-object-e3e220bdcb5a.js [8643/10000] md5=e3e220bdcb5a24da0334732de3bc509d bytes=133 template=array-object origin=seed:tests/corpus/runtime/lexical-shadowing.test.js
 PASS js-fuzzer-array-object-e3e220bdcb5a.js [8643/10000] status=ok obs=8f14e45fceea coverage=+0/32/38 time=2ms
  RUN js-fuzzer-closure-dedfeba8ab02.js [8644/10000] md5=dedfeba8ab02a20276af8add09b9d90d bytes=184 template=closure origin=seed:tests/corpus/runtime/modules-export.test.js
 PASS js-fuzzer-closure-dedfeba8ab02.js [8644/10000] status=ok obs=f457c545a9de coverage=+0/32/38 time=1ms
  RUN js-fuzzer-block-scope-fe383ce7ccda.js [8645/10000] md5=fe383ce7ccda54bed90aad4ecee0cc01 bytes=114 template=block-scope origin=seed:tests/corpus/runtime/nested-try-finally.test.js
 PASS js-fuzzer-block-scope-fe383ce7ccda.js [8645/10000] status=ok obs=38b3eff8baf5 coverage=+0/32/38 time=2ms
  RUN js-fuzzer-boundary-ac080ee0add8.js [8646/10000] md5=ac080ee0add8a3967f40d078a13e076b bytes=122 template=boundary origin=boundary:2147483647
 PASS js-fuzzer-boundary-ac080ee0add8.js [8646/10000] status=ok obs=c588c0a459f4 coverage=+0/32/38 time=2ms
  RUN js-fuzzer-try-catch-10b006553cce.js [8647/10000] md5=10b006553cced3afac446c8e96bc0d8a bytes=110 template=try-catch origin=seed:tests/corpus/syntax/logical-unary-nullish.test.js
 PASS js-fuzzer-try-catch-10b006553cce.js [8647/10000] status=ok obs=8e296a067a37 coverage=+0/32/38 time=1ms
  RUN js-fuzzer-class-b1e3642c0208.js [8648/10000] md5=b1e3642c0208992266fb21668a536292 bytes=100 template=class origin=seed:tests/corpus/syntax/object-destructure-and-members.test.js
 PASS js-fuzzer-class-b1e3642c0208.js [8648/10000] status=ok obs=c9f0f895fb98 coverage=+0/32/38 time=2ms
  RUN js-fuzzer-arithmetic-3424b0cbbba3.js [8649/10000] md5=3424b0cbbba31c3ed6d16153bdae39d9 bytes=86 template=arithmetic origin=seed:tests/corpus/syntax/switch-do-while-sequence.test.js
 PASS js-fuzzer-arithmetic-3424b0cbbba3.js [8649/10000] status=ok obs=f718499c1c8c coverage=+0/32/38 time=1ms
  RUN js-fuzzer-corpus-ff388659a641.js [8650/10000] md5=ff388659a6419d1e6e01ce4e7151a52e bytes=135 template=corpus origin=tests/corpus/syntax/template-array-destructure.test.js
 PASS js-fuzzer-corpus-ff388659a641.js [8650/10000] status=ok obs=f61c9a8be43c coverage=+0/32/38 time=2ms
  RUN js-fuzzer-array-object-3b5b6b2cec93.js [8651/10000] md5=3b5b6b2cec93d00c44cd4e467f29403f bytes=133 template=array-object origin=seed:tests/corpus/syntax/typescript-assertions.test.ts
 PASS js-fuzzer-array-object-3b5b6b2cec93.js [8651/10000] status=ok obs=45c48cce2e2d coverage=+0/32/38 time=1ms
  RUN js-fuzzer-closure-d9673e634583.js [8652/10000] md5=d9673e63458344245be42fa319fae63d bytes=185 template=closure origin=seed:tests/corpus/syntax/typescript-non-null-satisfies.test.ts
 PASS js-fuzzer-closure-d9673e634583.js [8652/10000] status=ok obs=fc490ca45c00 coverage=+0/32/38 time=2ms
  RUN js-fuzzer-boundary-85faf3787c26.js [8653/10000] md5=85faf3787c26ca3bad9215a544873988 bytes=113 template=boundary origin=boundary:2
 PASS js-fuzzer-boundary-85faf3787c26.js [8653/10000] status=ok obs=c81e728d9d4c coverage=+0/32/38 time=2ms
  RUN js-fuzzer-loop-d35707ad0bf7.js [8654/10000] md5=d35707ad0bf74148f671ad8943998af6 bytes=81 template=loop origin=seed:tests/corpus/fixtures/state-machine-workflow.test.js
 PASS js-fuzzer-loop-d35707ad0bf7.js [8654/10000] status=ok obs=9bf31c7ff062 coverage=+0/32/38 time=1ms
  RUN js-fuzzer-try-catch-8031e9fbb6ce.js [8655/10000] md5=8031e9fbb6ce9336eae93af8638d05b3 bytes=110 template=try-catch origin=seed:tests/corpus/fixtures/vue-script-workflow.test.vue
 PASS js-fuzzer-try-catch-8031e9fbb6ce.js [8655/10000] status=ok obs=a1d0c6e83f02 coverage=+0/32/38 time=2ms
  RUN js-fuzzer-class-7c36fc3c0ad4.js [8656/10000] md5=7c36fc3c0ad4461d5dbbcd7afdfb6b5c bytes=101 template=class origin=seed:tests/corpus/obfuscation/constant-tag-mix.test.js
 PASS js-fuzzer-class-7c36fc3c0ad4.js [8656/10000] status=ok obs=d3d9446802a4 coverage=+0/32/38 time=2ms
  RUN js-fuzzer-arithmetic-0f35c5fceb97.js [8657/10000] md5=0f35c5fceb9710b75327f893216d9e13 bytes=84 template=arithmetic origin=seed:tests/corpus/obfuscation/extern-slot-permutation.test.js
 PASS js-fuzzer-arithmetic-0f35c5fceb97.js [8657/10000] status=ok obs=68d30a959472 coverage=+0/32/38 time=1ms
  RUN js-fuzzer-function-d9597d28535f.js [8658/10000] md5=d9597d28535fd2b10f5ca10cf87a7bb6 bytes=153 template=function origin=seed:tests/corpus/obfuscation/externs-console.test.js
 PASS js-fuzzer-function-d9597d28535f.js [8658/10000] status=ok obs=6f4922f45568 coverage=+0/32/38 time=2ms
  RUN js-fuzzer-corpus-38ba19d9deb7.js [8659/10000] md5=38ba19d9deb7566cc8a420c27ada3f21 bytes=136 template=corpus origin=tests/corpus/obfuscation/seed-sensitive-functions.test.js
 PASS js-fuzzer-corpus-38ba19d9deb7.js [8659/10000] status=ok obs=a5bfc9e07964 coverage=+0/32/38 time=2ms
  RUN js-fuzzer-boundary-3ca041277ff0.js [8660/10000] md5=3ca041277ff0c3edafc1a1dcaf120940 bytes=113 template=boundary origin=boundary:1
 PASS js-fuzzer-boundary-3ca041277ff0.js [8660/10000] status=ok obs=c4ca4238a0b9 coverage=+0/32/38 time=1ms
  RUN js-fuzzer-block-scope-67a2775c8141.js [8661/10000] md5=67a2775c81411ef9d88f1748b3ac836d bytes=114 template=block-scope origin=seed:tests/corpus/regressions/multiple-functions-fib-add.test.js
 PASS js-fuzzer-block-scope-67a2775c8141.js [8661/10000] status=ok obs=65b9eea6e1cc coverage=+0/32/38 time=2ms
  RUN js-fuzzer-loop-54e460cecf5c.js [8662/10000] md5=54e460cecf5c05dfcffaa3b2e5f57445 bytes=81 template=loop origin=seed:tests/corpus/regressions/scope-compressed-closure-params.test.js
 PASS js-fuzzer-loop-54e460cecf5c.js [8662/10000] status=ok obs=d3d9446802a4 coverage=+0/32/38 time=2ms
  RUN js-fuzzer-try-catch-a173285175b8.js [8663/10000] md5=a173285175b813cddca62eb427efafd5 bytes=110 template=try-catch origin=seed:tests/corpus/runtime/arrays-objects-methods.test.js
 PASS js-fuzzer-try-catch-a173285175b8.js [8663/10000] status=ok obs=9a1158154dfa coverage=+0/32/38 time=1ms
  RUN js-fuzzer-class-b1e3642c0208.js [8664/10000] md5=b1e3642c0208992266fb21668a536292 bytes=100 template=class origin=seed:tests/corpus/runtime/block-scopes.test.js
 PASS js-fuzzer-class-b1e3642c0208.js [8664/10000] status=ok obs=c9f0f895fb98 coverage=+0/32/38 time=2ms
  RUN js-fuzzer-arithmetic-8fe62be1b02b.js [8665/10000] md5=8fe62be1b02b6c104b80a4885bd955fa bytes=85 template=arithmetic origin=seed:tests/corpus/runtime/class-fields-static-methods.test.js
 PASS js-fuzzer-arithmetic-8fe62be1b02b.js [8665/10000] status=ok obs=06138bc5af60 coverage=+0/32/38 time=1ms
  RUN js-fuzzer-function-2a74733dc731.js [8666/10000] md5=2a74733dc7313f8fa40f843496dd9ed4 bytes=153 template=function origin=seed:tests/corpus/runtime/classes-and-objects.test.js
 PASS js-fuzzer-function-2a74733dc731.js [8666/10000] status=ok obs=45c48cce2e2d coverage=+0/32/38 time=2ms
  RUN js-fuzzer-boundary-235131a2d0d1.js [8667/10000] md5=235131a2d0d184afe9327ca3bd456dde bytes=129 template=boundary origin=boundary:-9007199254740991
 PASS js-fuzzer-boundary-235131a2d0d1.js [8667/10000] status=ok obs=b3f3a95848f6 coverage=+0/32/38 time=2ms
  RUN js-fuzzer-corpus-08bc93bf5789.js [8668/10000] md5=08bc93bf57897bc88ce7161fe56cd099 bytes=169 template=corpus origin=tests/corpus/runtime/closures-read-captured-values.test.js
 PASS js-fuzzer-corpus-08bc93bf5789.js [8668/10000] status=ok obs=02e74f10e032 coverage=+0/32/38 time=1ms
  RUN js-fuzzer-block-scope-e75f812a30d7.js [8669/10000] md5=e75f812a30d74855b33a6109922aae9f bytes=114 template=block-scope origin=seed:tests/corpus/runtime/exceptions-and-nullish.test.js
 PASS js-fuzzer-block-scope-e75f812a30d7.js [8669/10000] status=ok obs=65b9eea6e1cc coverage=+0/32/38 time=2ms
  RUN js-fuzzer-loop-54e460cecf5c.js [8670/10000] md5=54e460cecf5c05dfcffaa3b2e5f57445 bytes=81 template=loop origin=seed:tests/corpus/runtime/functions-closures-and-arrows.test.js
 PASS js-fuzzer-loop-54e460cecf5c.js [8670/10000] status=ok obs=d3d9446802a4 coverage=+0/32/38 time=2ms
  RUN js-fuzzer-try-catch-40520a1b7956.js [8671/10000] md5=40520a1b7956f57804d753ea77e1e468 bytes=110 template=try-catch origin=seed:tests/corpus/runtime/lexical-shadowing.test.js
 PASS js-fuzzer-try-catch-40520a1b7956.js [8671/10000] status=ok obs=70efdf2ec9b0 coverage=+0/32/38 time=1ms
  RUN js-fuzzer-class-5baf4bed5db4.js [8672/10000] md5=5baf4bed5db4f8205173226efc8fff73 bytes=101 template=class origin=seed:tests/corpus/runtime/modules-export.test.js
 PASS js-fuzzer-class-5baf4bed5db4.js [8672/10000] status=ok obs=6f4922f45568 coverage=+0/32/38 time=2ms
  RUN js-fuzzer-arithmetic-bc0d2a37e77b.js [8673/10000] md5=bc0d2a37e77b12b61e66507bb573e36b bytes=84 template=arithmetic origin=seed:tests/corpus/runtime/nested-try-finally.test.js
 PASS js-fuzzer-arithmetic-bc0d2a37e77b.js [8673/10000] status=ok obs=c0c7c76d30bd coverage=+0/32/38 time=1ms
  RUN js-fuzzer-boundary-512d8e9b531d.js [8674/10000] md5=512d8e9b531dd316e823325cc949e70e bytes=123 template=boundary origin=boundary:-2147483648
 PASS js-fuzzer-boundary-512d8e9b531d.js [8674/10000] status=ok obs=034ff5946105 coverage=+0/32/38 time=2ms
  RUN js-fuzzer-array-object-457f779882c2.js [8675/10000] md5=457f779882c2432ce8d4a31fb85aa44d bytes=133 template=array-object origin=seed:tests/corpus/syntax/logical-unary-nullish.test.js
 PASS js-fuzzer-array-object-457f779882c2.js [8675/10000] status=ok obs=c9f0f895fb98 coverage=+0/32/38 time=2ms
  RUN js-fuzzer-closure-19ec0335fbe2.js [8676/10000] md5=19ec0335fbe2dc44fb168080254723f7 bytes=183 template=closure origin=seed:tests/corpus/syntax/object-destructure-and-members.test.js
 PASS js-fuzzer-closure-19ec0335fbe2.js [8676/10000] status=ok obs=9bf31c7ff062 coverage=+0/32/38 time=1ms
  RUN js-fuzzer-corpus-2aed353a2d20.js [8677/10000] md5=2aed353a2d200d64cbaf7beb40face20 bytes=275 template=corpus origin=tests/corpus/syntax/switch-do-while-sequence.test.js
 PASS js-fuzzer-corpus-2aed353a2d20.js [8677/10000] status=ok obs=6f4922f45568 coverage=+0/32/38 time=2ms
  RUN js-fuzzer-loop-f495ca2fc638.js [8678/10000] md5=f495ca2fc6389f933578fc501f5b1465 bytes=81 template=loop origin=seed:tests/corpus/syntax/template-array-destructure.test.js
 PASS js-fuzzer-loop-f495ca2fc638.js [8678/10000] status=ok obs=c4ca4238a0b9 coverage=+0/32/38 time=2ms
  RUN js-fuzzer-try-catch-7b36a94abb6d.js [8679/10000] md5=7b36a94abb6ddf002e9dd3f3d3a0cea5 bytes=110 template=try-catch origin=seed:tests/corpus/syntax/typescript-assertions.test.ts
 PASS js-fuzzer-try-catch-7b36a94abb6d.js [8679/10000] status=ok obs=37693cfc7480 coverage=+0/32/38 time=1ms
  RUN js-fuzzer-class-3b630e2d834a.js [8680/10000] md5=3b630e2d834a95a01ee75571f8bc0075 bytes=101 template=class origin=seed:tests/corpus/syntax/typescript-non-null-satisfies.test.ts
 PASS js-fuzzer-class-3b630e2d834a.js [8680/10000] status=ok obs=6512bd43d9ca coverage=+0/32/38 time=2ms
  RUN js-fuzzer-boundary-92df4f5b559a.js [8681/10000] md5=92df4f5b559a550058b4133ffb629932 bytes=114 template=boundary origin=boundary:-2
 PASS js-fuzzer-boundary-92df4f5b559a.js [8681/10000] status=ok obs=5d7b9adcbe1c coverage=+0/32/38 time=1ms
  RUN js-fuzzer-function-297962b584b2.js [8682/10000] md5=297962b584b2139723d9064b9ad0de50 bytes=153 template=function origin=seed:tests/corpus/fixtures/state-machine-workflow.test.js
 PASS js-fuzzer-function-297962b584b2.js [8682/10000] status=ok obs=c81e728d9d4c coverage=+0/32/38 time=2ms
  RUN js-fuzzer-array-object-5d2a3eb04a21.js [8683/10000] md5=5d2a3eb04a21750af8c8d341bd07e220 bytes=133 template=array-object origin=seed:tests/corpus/fixtures/vue-script-workflow.test.vue
 PASS js-fuzzer-array-object-5d2a3eb04a21.js [8683/10000] status=ok obs=6512bd43d9ca coverage=+0/32/38 time=2ms
  RUN js-fuzzer-closure-7ea8d5fb2094.js [8684/10000] md5=7ea8d5fb2094d1a53148451a19b786b4 bytes=184 template=closure origin=seed:tests/corpus/obfuscation/constant-tag-mix.test.js
 PASS js-fuzzer-closure-7ea8d5fb2094.js [8684/10000] status=ok obs=7f39f8317fbd coverage=+0/32/38 time=1ms
  RUN js-fuzzer-block-scope-fdb149116902.js [8685/10000] md5=fdb14911690224a339347d7ee6dc6351 bytes=114 template=block-scope origin=seed:tests/corpus/obfuscation/extern-slot-permutation.test.js
 PASS js-fuzzer-block-scope-fdb149116902.js [8685/10000] status=ok obs=f0935e4cd592 coverage=+0/32/38 time=2ms
  RUN js-fuzzer-corpus-efd663ac427b.js [8686/10000] md5=efd663ac427b5ca270b2f8b928c902bf bytes=112 template=corpus origin=tests/corpus/obfuscation/externs-console.test.js
 PASS js-fuzzer-corpus-efd663ac427b.js [8686/10000] status=ok obs=d289993e39c8 coverage=+0/32/38 time=2ms
  RUN js-fuzzer-try-catch-14bcb064f014.js [8687/10000] md5=14bcb064f014dbe91c2010889dcaa2c0 bytes=110 template=try-catch origin=seed:tests/corpus/obfuscation/seed-sensitive-functions.test.js
 PASS js-fuzzer-try-catch-14bcb064f014.js [8687/10000] status=ok obs=c0c7c76d30bd coverage=+0/32/38 time=1ms
  RUN js-fuzzer-boundary-3d1d4e90ebd9.js [8688/10000] md5=3d1d4e90ebd99aad7ece59efc98f7563 bytes=114 template=boundary origin=boundary:-1
 PASS js-fuzzer-boundary-3d1d4e90ebd9.js [8688/10000] status=ok obs=6bb61e3b7bce coverage=+0/32/38 time=2ms
  RUN js-fuzzer-arithmetic-c5961cdcdf65.js [8689/10000] md5=c5961cdcdf65805a3ef39f7fd05fe599 bytes=85 template=arithmetic origin=seed:tests/corpus/regressions/multiple-functions-fib-add.test.js
 PASS js-fuzzer-arithmetic-c5961cdcdf65.js [8689/10000] status=ok obs=3644a684f98e coverage=+0/32/38 time=1ms
  RUN js-fuzzer-function-9a24649f1cae.js [8690/10000] md5=9a24649f1caec2a9716934902cbac103 bytes=153 template=function origin=seed:tests/corpus/regressions/scope-compressed-closure-params.test.js
 PASS js-fuzzer-function-9a24649f1cae.js [8690/10000] status=ok obs=9bf31c7ff062 coverage=+0/32/38 time=2ms
  RUN js-fuzzer-array-object-b1866a698d77.js [8691/10000] md5=b1866a698d775c0425256f8570cde0f2 bytes=133 template=array-object origin=seed:tests/corpus/runtime/arrays-objects-methods.test.js
 PASS js-fuzzer-array-object-b1866a698d77.js [8691/10000] status=ok obs=45c48cce2e2d coverage=+0/32/38 time=2ms
  RUN js-fuzzer-closure-9087c9a6d676.js [8692/10000] md5=9087c9a6d6762e2897108a08a0b2ae8b bytes=184 template=closure origin=seed:tests/corpus/runtime/block-scopes.test.js
 PASS js-fuzzer-closure-9087c9a6d676.js [8692/10000] status=ok obs=3416a75f4cea coverage=+0/32/38 time=2ms
  RUN js-fuzzer-block-scope-9e4782b43fd1.js [8693/10000] md5=9e4782b43fd166fd159be156661cfecd bytes=114 template=block-scope origin=seed:tests/corpus/runtime/class-fields-static-methods.test.js
 PASS js-fuzzer-block-scope-9e4782b43fd1.js [8693/10000] status=ok obs=a97da629b098 coverage=+0/32/38 time=1ms
  RUN js-fuzzer-loop-b88258462a8d.js [8694/10000] md5=b88258462a8d880f8b0e459fa23b2536 bytes=81 template=loop origin=seed:tests/corpus/runtime/classes-and-objects.test.js
 PASS js-fuzzer-loop-b88258462a8d.js [8694/10000] status=ok obs=3c59dc048e88 coverage=+0/32/38 time=2ms
  RUN js-fuzzer-corpus-ddcb99247fc8.js [8695/10000] md5=ddcb99247fc847c897b97c6bd6512b9f bytes=217 template=corpus origin=tests/corpus/runtime/closures-mutate-captured-bindings.test.js
 PASS js-fuzzer-corpus-ddcb99247fc8.js [8695/10000] status=ok obs=e4da3b7fbbce coverage=+0/32/38 time=2ms
  RUN js-fuzzer-class-6736c24444bc.js [8696/10000] md5=6736c24444bc6ff151b05a9a974ae4d5 bytes=100 template=class origin=seed:tests/corpus/runtime/closures-read-captured-values.test.js
 PASS js-fuzzer-class-6736c24444bc.js [8696/10000] status=ok obs=45c48cce2e2d coverage=+0/32/38 time=2ms
  RUN js-fuzzer-arithmetic-8607b936febb.js [8697/10000] md5=8607b936febb524c5d57af3798ee3017 bytes=84 template=arithmetic origin=seed:tests/corpus/runtime/exceptions-and-nullish.test.js
 PASS js-fuzzer-arithmetic-8607b936febb.js [8697/10000] status=ok obs=1ff1de774005 coverage=+0/32/38 time=1ms
  RUN js-fuzzer-function-831f4ac0cd0e.js [8698/10000] md5=831f4ac0cd0ee5c472d5e3bccfaabf34 bytes=153 template=function origin=seed:tests/corpus/runtime/functions-closures-and-arrows.test.js
 PASS js-fuzzer-function-831f4ac0cd0e.js [8698/10000] status=ok obs=c9f0f895fb98 coverage=+0/32/38 time=2ms
  RUN js-fuzzer-array-object-f1a6c34052e9.js [8699/10000] md5=f1a6c34052e95ca715fd7ce374080830 bytes=133 template=array-object origin=seed:tests/corpus/runtime/lexical-shadowing.test.js
 PASS js-fuzzer-array-object-f1a6c34052e9.js [8699/10000] status=ok obs=3c59dc048e88 coverage=+0/32/38 time=2ms
  RUN js-fuzzer-closure-a42a63af6951.js [8700/10000] md5=a42a63af6951a800b82f1d383de6d3fb bytes=185 template=closure origin=seed:tests/corpus/runtime/modules-export.test.js
 PASS js-fuzzer-closure-a42a63af6951.js [8700/10000] status=ok obs=43ec517d68b6 coverage=+0/32/38 time=1ms
  RUN js-fuzzer-block-scope-654da4f66cd2.js [8701/10000] md5=654da4f66cd283db628a26cffa0b8c34 bytes=115 template=block-scope origin=seed:tests/corpus/runtime/nested-try-finally.test.js
 PASS js-fuzzer-block-scope-654da4f66cd2.js [8701/10000] status=ok obs=5f93f983524d coverage=+0/32/38 time=2ms
  RUN js-fuzzer-boundary-4bea2a6e0cb0.js [8702/10000] md5=4bea2a6e0cb0c7bb0b29e5b5d44112d8 bytes=128 template=boundary origin=boundary:9007199254740991
 PASS js-fuzzer-boundary-4bea2a6e0cb0.js [8702/10000] status=ok obs=dc9a0d67a31d coverage=+0/32/38 time=1ms
  RUN js-fuzzer-try-catch-dd0b1ef9b53e.js [8703/10000] md5=dd0b1ef9b53e3ee92bf7cc86c8d4101e bytes=110 template=try-catch origin=seed:tests/corpus/syntax/logical-unary-nullish.test.js
 PASS js-fuzzer-try-catch-dd0b1ef9b53e.js [8703/10000] status=ok obs=642e92efb794 coverage=+0/32/38 time=2ms
  RUN js-fuzzer-corpus-96ebdcb81273.js [8704/10000] md5=96ebdcb81273f0e5e5778a6c70c94988 bytes=171 template=corpus origin=tests/corpus/syntax/object-destructure-and-members.test.js
 PASS js-fuzzer-corpus-96ebdcb81273.js [8704/10000] status=ok obs=bfad8dfa12ed coverage=+0/32/38 time=2ms
  RUN js-fuzzer-arithmetic-1a526c29cff8.js [8705/10000] md5=1a526c29cff84dea92a42939990d6df3 bytes=85 template=arithmetic origin=seed:tests/corpus/syntax/switch-do-while-sequence.test.js
 PASS js-fuzzer-arithmetic-1a526c29cff8.js [8705/10000] status=ok obs=577ef1154f32 coverage=+0/32/38 time=1ms
  RUN js-fuzzer-function-1d370c2e7126.js [8706/10000] md5=1d370c2e7126a84b090ad6eed5468375 bytes=153 template=function origin=seed:tests/corpus/syntax/template-array-destructure.test.js
 PASS js-fuzzer-function-1d370c2e7126.js [8706/10000] status=ok obs=8f14e45fceea coverage=+0/32/38 time=2ms
  RUN js-fuzzer-array-object-f05822cae2a6.js [8707/10000] md5=f05822cae2a6c3c367b1b8e09d2167c6 bytes=133 template=array-object origin=seed:tests/corpus/syntax/typescript-assertions.test.ts
 PASS js-fuzzer-array-object-f05822cae2a6.js [8707/10000] status=ok obs=9bf31c7ff062 coverage=+0/32/38 time=2ms
  RUN js-fuzzer-closure-a3645b5f49ad.js [8708/10000] md5=a3645b5f49ad972965dafd4c0f3cd013 bytes=184 template=closure origin=seed:tests/corpus/syntax/typescript-non-null-satisfies.test.ts
 PASS js-fuzzer-closure-a3645b5f49ad.js [8708/10000] status=ok obs=a5bfc9e07964 coverage=+0/32/38 time=1ms
  RUN js-fuzzer-boundary-ac080ee0add8.js [8709/10000] md5=ac080ee0add8a3967f40d078a13e076b bytes=122 template=boundary origin=boundary:2147483647
 PASS js-fuzzer-boundary-ac080ee0add8.js [8709/10000] status=ok obs=c588c0a459f4 coverage=+0/32/38 time=2ms
  RUN js-fuzzer-loop-bbf1d7a15d8d.js [8710/10000] md5=bbf1d7a15d8dd015402d75c0e0108b5f bytes=81 template=loop origin=seed:tests/corpus/fixtures/state-machine-workflow.test.js
 PASS js-fuzzer-loop-bbf1d7a15d8d.js [8710/10000] status=ok obs=1679091c5a88 coverage=+0/32/38 time=1ms
  RUN js-fuzzer-try-catch-a4e2330c4919.js [8711/10000] md5=a4e2330c49196805169dbf8449e466fa bytes=110 template=try-catch origin=seed:tests/corpus/fixtures/vue-script-workflow.test.vue
 PASS js-fuzzer-try-catch-a4e2330c4919.js [8711/10000] status=ok obs=3c59dc048e88 coverage=+0/32/38 time=2ms
  RUN js-fuzzer-class-769274f77fa6.js [8712/10000] md5=769274f77fa62254ce7e0eb0e3adf7f1 bytes=100 template=class origin=seed:tests/corpus/obfuscation/constant-tag-mix.test.js
 PASS js-fuzzer-class-769274f77fa6.js [8712/10000] status=ok obs=c4ca4238a0b9 coverage=+0/32/38 time=1ms
  RUN js-fuzzer-corpus-fe2d30a6e413.js [8713/10000] md5=fe2d30a6e4139e7a8b52405bed737faa bytes=220 template=corpus origin=tests/corpus/obfuscation/extern-slot-permutation.test.js
 PASS js-fuzzer-corpus-fe2d30a6e413.js [8713/10000] status=ok obs=c34c702d0256 coverage=+0/32/38 time=1ms
  RUN js-fuzzer-function-59a47c73ec30.js [8714/10000] md5=59a47c73ec3039d5b72e8af0d1e410de bytes=153 template=function origin=seed:tests/corpus/obfuscation/externs-console.test.js
 PASS js-fuzzer-function-59a47c73ec30.js [8714/10000] status=ok obs=8f14e45fceea coverage=+0/32/38 time=2ms
  RUN js-fuzzer-array-object-91cd51c19234.js [8715/10000] md5=91cd51c19234ecb8c66cfcb4e85b3f45 bytes=133 template=array-object origin=seed:tests/corpus/obfuscation/seed-sensitive-functions.test.js
 PASS js-fuzzer-array-object-91cd51c19234.js [8715/10000] status=ok obs=1f0e3dad9990 coverage=+0/32/38 time=2ms
  RUN js-fuzzer-boundary-14a05a816d97.js [8716/10000] md5=14a05a816d975afa7654eb06610350d0 bytes=113 template=boundary origin=boundary:2
 PASS js-fuzzer-boundary-14a05a816d97.js [8716/10000] status=ok obs=c81e728d9d4c coverage=+0/32/38 time=1ms
  RUN js-fuzzer-block-scope-0fffa3c5ef20.js [8717/10000] md5=0fffa3c5ef20042b10d9c41d545d90c8 bytes=114 template=block-scope origin=seed:tests/corpus/regressions/multiple-functions-fib-add.test.js
 PASS js-fuzzer-block-scope-0fffa3c5ef20.js [8717/10000] status=ok obs=a97da629b098 coverage=+0/32/38 time=2ms
  RUN js-fuzzer-loop-54e460cecf5c.js [8718/10000] md5=54e460cecf5c05dfcffaa3b2e5f57445 bytes=81 template=loop origin=seed:tests/corpus/regressions/scope-compressed-closure-params.test.js
 PASS js-fuzzer-loop-54e460cecf5c.js [8718/10000] status=ok obs=d3d9446802a4 coverage=+0/32/38 time=2ms
  RUN js-fuzzer-try-catch-c1605790c914.js [8719/10000] md5=c1605790c914ae1743dc7ccc9c3b6fda bytes=110 template=try-catch origin=seed:tests/corpus/runtime/arrays-objects-methods.test.js
 PASS js-fuzzer-try-catch-c1605790c914.js [8719/10000] status=ok obs=1c383cd30b7c coverage=+0/32/38 time=1ms
  RUN js-fuzzer-class-6736c24444bc.js [8720/10000] md5=6736c24444bc6ff151b05a9a974ae4d5 bytes=100 template=class origin=seed:tests/corpus/runtime/block-scopes.test.js
 PASS js-fuzzer-class-6736c24444bc.js [8720/10000] status=ok obs=45c48cce2e2d coverage=+0/32/38 time=2ms
  RUN js-fuzzer-arithmetic-8e4a86913dba.js [8721/10000] md5=8e4a86913dbac3ac8a225086f1e48e36 bytes=83 template=arithmetic origin=seed:tests/corpus/runtime/class-fields-static-methods.test.js
 PASS js-fuzzer-arithmetic-8e4a86913dba.js [8721/10000] status=ok obs=a5bfc9e07964 coverage=+0/32/38 time=1ms
  RUN js-fuzzer-corpus-663bf83cd082.js [8722/10000] md5=663bf83cd082bd221441dae6bbc85046 bytes=278 template=corpus origin=tests/corpus/runtime/classes-and-objects.test.js
 PASS js-fuzzer-corpus-663bf83cd082.js [8722/10000] status=ok obs=6f4922f45568 coverage=+0/32/38 time=2ms
  RUN js-fuzzer-boundary-ccde2dac26f6.js [8723/10000] md5=ccde2dac26f6d3fd46c3698825685fe3 bytes=113 template=boundary origin=boundary:1
 PASS js-fuzzer-boundary-ccde2dac26f6.js [8723/10000] status=ok obs=c4ca4238a0b9 coverage=+0/32/38 time=2ms
  RUN js-fuzzer-closure-2ee8f03a560c.js [8724/10000] md5=2ee8f03a560c19360aa68fd84b425b08 bytes=185 template=closure origin=seed:tests/corpus/runtime/closures-read-captured-values.test.js
 PASS js-fuzzer-closure-2ee8f03a560c.js [8724/10000] status=ok obs=72b32a1f754b coverage=+0/32/38 time=1ms
  RUN js-fuzzer-block-scope-0fffa3c5ef20.js [8725/10000] md5=0fffa3c5ef20042b10d9c41d545d90c8 bytes=114 template=block-scope origin=seed:tests/corpus/runtime/exceptions-and-nullish.test.js
 PASS js-fuzzer-block-scope-0fffa3c5ef20.js [8725/10000] status=ok obs=a97da629b098 coverage=+0/32/38 time=2ms
  RUN js-fuzzer-loop-d35707ad0bf7.js [8726/10000] md5=d35707ad0bf74148f671ad8943998af6 bytes=81 template=loop origin=seed:tests/corpus/runtime/functions-closures-and-arrows.test.js
 PASS js-fuzzer-loop-d35707ad0bf7.js [8726/10000] status=ok obs=9bf31c7ff062 coverage=+0/32/38 time=2ms
  RUN js-fuzzer-try-catch-02a6aedaa978.js [8727/10000] md5=02a6aedaa97879d59ffd66c80df1d065 bytes=109 template=try-catch origin=seed:tests/corpus/runtime/lexical-shadowing.test.js
 PASS js-fuzzer-try-catch-02a6aedaa978.js [8727/10000] status=ok obs=e4da3b7fbbce coverage=+0/32/38 time=1ms
  RUN js-fuzzer-class-a9875f561daf.js [8728/10000] md5=a9875f561daf181d949c68fc070db0e0 bytes=101 template=class origin=seed:tests/corpus/runtime/modules-export.test.js
 PASS js-fuzzer-class-a9875f561daf.js [8728/10000] status=ok obs=aab3238922bc coverage=+0/32/38 time=2ms
  RUN js-fuzzer-arithmetic-9428159e5766.js [8729/10000] md5=9428159e5766761c90908308b69c682d bytes=85 template=arithmetic origin=seed:tests/corpus/runtime/nested-try-finally.test.js
 PASS js-fuzzer-arithmetic-9428159e5766.js [8729/10000] status=ok obs=093f65e080a2 coverage=+0/32/38 time=1ms
  RUN js-fuzzer-boundary-e62759fbe8d3.js [8730/10000] md5=e62759fbe8d36ad2cfb89a0f8bac18b9 bytes=129 template=boundary origin=boundary:-9007199254740991
 PASS js-fuzzer-boundary-e62759fbe8d3.js [8730/10000] status=ok obs=b3f3a95848f6 coverage=+0/32/38 time=2ms
  RUN js-fuzzer-corpus-279b64032335.js [8731/10000] md5=279b640323351a1b082b98b42d2a2d55 bytes=134 template=corpus origin=tests/corpus/syntax/logical-unary-nullish.test.js
 PASS js-fuzzer-corpus-279b64032335.js [8731/10000] status=ok obs=45c48cce2e2d coverage=+0/32/38 time=2ms
  RUN js-fuzzer-closure-ac0a91b8373c.js [8732/10000] md5=ac0a91b8373c2d72e1b56509806a48cd bytes=185 template=closure origin=seed:tests/corpus/syntax/object-destructure-and-members.test.js
 PASS js-fuzzer-closure-ac0a91b8373c.js [8732/10000] status=ok obs=17e62166fc85 coverage=+0/32/38 time=1ms
  RUN js-fuzzer-block-scope-3a77285250aa.js [8733/10000] md5=3a77285250aa29f5a1dc2a7358d3473d bytes=114 template=block-scope origin=seed:tests/corpus/syntax/switch-do-while-sequence.test.js
 PASS js-fuzzer-block-scope-3a77285250aa.js [8733/10000] status=ok obs=38b3eff8baf5 coverage=+0/32/38 time=2ms
  RUN js-fuzzer-loop-54e460cecf5c.js [8734/10000] md5=54e460cecf5c05dfcffaa3b2e5f57445 bytes=81 template=loop origin=seed:tests/corpus/syntax/template-array-destructure.test.js
 PASS js-fuzzer-loop-54e460cecf5c.js [8734/10000] status=ok obs=d3d9446802a4 coverage=+0/32/38 time=1ms
  RUN js-fuzzer-try-catch-56393ff77182.js [8735/10000] md5=56393ff771824d567a8911f280bf7f9d bytes=110 template=try-catch origin=seed:tests/corpus/syntax/typescript-assertions.test.ts
 PASS js-fuzzer-try-catch-56393ff77182.js [8735/10000] status=ok obs=4e732ced3463 coverage=+0/32/38 time=2ms
  RUN js-fuzzer-class-d8979b510eb0.js [8736/10000] md5=d8979b510eb085c9e0e846586f80f265 bytes=101 template=class origin=seed:tests/corpus/syntax/typescript-non-null-satisfies.test.ts
 PASS js-fuzzer-class-d8979b510eb0.js [8736/10000] status=ok obs=c74d97b01eae coverage=+0/32/38 time=2ms
  RUN js-fuzzer-boundary-512d8e9b531d.js [8737/10000] md5=512d8e9b531dd316e823325cc949e70e bytes=123 template=boundary origin=boundary:-2147483648
 PASS js-fuzzer-boundary-512d8e9b531d.js [8737/10000] status=ok obs=034ff5946105 coverage=+0/32/38 time=1ms
  RUN js-fuzzer-function-134a85d12098.js [8738/10000] md5=134a85d120985077bd24a3a53ac64560 bytes=153 template=function origin=seed:tests/corpus/fixtures/state-machine-workflow.test.js
 PASS js-fuzzer-function-134a85d12098.js [8738/10000] status=ok obs=1679091c5a88 coverage=+0/32/38 time=2ms
  RUN js-fuzzer-array-object-89f81e0d3b78.js [8739/10000] md5=89f81e0d3b78affb243941f4946aed9b bytes=133 template=array-object origin=seed:tests/corpus/fixtures/vue-script-workflow.test.vue
 PASS js-fuzzer-array-object-89f81e0d3b78.js [8739/10000] status=ok obs=c20ad4d76fe9 coverage=+0/32/38 time=2ms
  RUN js-fuzzer-corpus-f00ef18b0a17.js [8740/10000] md5=f00ef18b0a172b2a2d9833f5b7fe94e2 bytes=199 template=corpus origin=tests/corpus/obfuscation/constant-tag-mix.test.js
 PASS js-fuzzer-corpus-f00ef18b0a17.js [8740/10000] status=ok obs=e86823f38986 coverage=+0/32/38 time=1ms
  RUN js-fuzzer-block-scope-06ac02369cd7.js [8741/10000] md5=06ac02369cd7513096646f945b821d0f bytes=114 template=block-scope origin=seed:tests/corpus/obfuscation/extern-slot-permutation.test.js
 PASS js-fuzzer-block-scope-06ac02369cd7.js [8741/10000] status=ok obs=ec8956637a99 coverage=+0/32/38 time=2ms
  RUN js-fuzzer-loop-d35707ad0bf7.js [8742/10000] md5=d35707ad0bf74148f671ad8943998af6 bytes=81 template=loop origin=seed:tests/corpus/obfuscation/externs-console.test.js
 PASS js-fuzzer-loop-d35707ad0bf7.js [8742/10000] status=ok obs=9bf31c7ff062 coverage=+0/32/38 time=1ms
  RUN js-fuzzer-try-catch-0db921dfa62d.js [8743/10000] md5=0db921dfa62dbbfd21889addc9a83362 bytes=110 template=try-catch origin=seed:tests/corpus/obfuscation/seed-sensitive-functions.test.js
 PASS js-fuzzer-try-catch-0db921dfa62d.js [8743/10000] status=ok obs=34173cb38f07 coverage=+0/32/38 time=2ms
  RUN js-fuzzer-boundary-92df4f5b559a.js [8744/10000] md5=92df4f5b559a550058b4133ffb629932 bytes=114 template=boundary origin=boundary:-2
 PASS js-fuzzer-boundary-92df4f5b559a.js [8744/10000] status=ok obs=5d7b9adcbe1c coverage=+0/32/38 time=2ms
  RUN js-fuzzer-arithmetic-ff0bfe6639f0.js [8745/10000] md5=ff0bfe6639f002606ae94405b6572b35 bytes=85 template=arithmetic origin=seed:tests/corpus/regressions/multiple-functions-fib-add.test.js
 PASS js-fuzzer-arithmetic-ff0bfe6639f0.js [8745/10000] status=ok obs=3988c7f88ebc coverage=+0/32/38 time=1ms
  RUN js-fuzzer-function-ba7ea055d439.js [8746/10000] md5=ba7ea055d4397ffca213251195491d86 bytes=153 template=function origin=seed:tests/corpus/regressions/scope-compressed-closure-params.test.js
 PASS js-fuzzer-function-ba7ea055d439.js [8746/10000] status=ok obs=8f14e45fceea coverage=+0/32/38 time=2ms
  RUN js-fuzzer-array-object-00f27ca1be15.js [8747/10000] md5=00f27ca1be15dd7a8a368b9915c7bede bytes=133 template=array-object origin=seed:tests/corpus/runtime/arrays-objects-methods.test.js
 PASS js-fuzzer-array-object-00f27ca1be15.js [8747/10000] status=ok obs=6f4922f45568 coverage=+0/32/38 time=2ms
  RUN js-fuzzer-closure-ad331688c0a8.js [8748/10000] md5=ad331688c0a89f7e39c14fc395670360 bytes=183 template=closure origin=seed:tests/corpus/runtime/block-scopes.test.js
 PASS js-fuzzer-closure-ad331688c0a8.js [8748/10000] status=ok obs=3c59dc048e88 coverage=+0/32/38 time=1ms
  RUN js-fuzzer-corpus-a64e83c2f849.js [8749/10000] md5=a64e83c2f84925dca8985eabe963ee21 bytes=179 template=corpus origin=tests/corpus/runtime/class-fields-static-methods.test.js
 PASS js-fuzzer-corpus-a64e83c2f849.js [8749/10000] status=ok obs=8f14e45fceea coverage=+0/32/38 time=2ms
  RUN js-fuzzer-loop-d35707ad0bf7.js [8750/10000] md5=d35707ad0bf74148f671ad8943998af6 bytes=81 template=loop origin=seed:tests/corpus/runtime/classes-and-objects.test.js
 PASS js-fuzzer-loop-d35707ad0bf7.js [8750/10000] status=ok obs=9bf31c7ff062 coverage=+0/32/38 time=2ms
  RUN js-fuzzer-boundary-61a9a82f5f08.js [8751/10000] md5=61a9a82f5f08bc177f13c805ba785d7d bytes=114 template=boundary origin=boundary:-1
 PASS js-fuzzer-boundary-61a9a82f5f08.js [8751/10000] status=ok obs=6bb61e3b7bce coverage=+0/32/38 time=1ms
  RUN js-fuzzer-class-ff7d9ca3da86.js [8752/10000] md5=ff7d9ca3da86b49917ac34b4d48e8df9 bytes=101 template=class origin=seed:tests/corpus/runtime/closures-read-captured-values.test.js
 PASS js-fuzzer-class-ff7d9ca3da86.js [8752/10000] status=ok obs=c20ad4d76fe9 coverage=+0/32/38 time=2ms
  RUN js-fuzzer-arithmetic-66e2ece65274.js [8753/10000] md5=66e2ece65274e07c275782b32c1e3995 bytes=84 template=arithmetic origin=seed:tests/corpus/runtime/exceptions-and-nullish.test.js
 PASS js-fuzzer-arithmetic-66e2ece65274.js [8753/10000] status=ok obs=f7e6c85504ce coverage=+0/32/38 time=2ms
  RUN js-fuzzer-function-84b6f0564867.js [8754/10000] md5=84b6f05648673d1e7da8df04c8cbab23 bytes=153 template=function origin=seed:tests/corpus/runtime/functions-closures-and-arrows.test.js
 PASS js-fuzzer-function-84b6f0564867.js [8754/10000] status=ok obs=c74d97b01eae coverage=+0/32/38 time=2ms
  RUN js-fuzzer-array-object-efbccfc1261a.js [8755/10000] md5=efbccfc1261a2f4997de776710b0c844 bytes=133 template=array-object origin=seed:tests/corpus/runtime/lexical-shadowing.test.js
 PASS js-fuzzer-array-object-efbccfc1261a.js [8755/10000] status=ok obs=6512bd43d9ca coverage=+0/32/38 time=2ms
  RUN js-fuzzer-closure-0aed081e2d12.js [8756/10000] md5=0aed081e2d124c6c459da7b00f50fe37 bytes=184 template=closure origin=seed:tests/corpus/runtime/modules-export.test.js
 PASS js-fuzzer-closure-0aed081e2d12.js [8756/10000] status=ok obs=093f65e080a2 coverage=+0/32/38 time=2ms
  RUN js-fuzzer-block-scope-cee200465655.js [8757/10000] md5=cee2004656551503c47ff6eabad21b25 bytes=114 template=block-scope origin=seed:tests/corpus/runtime/nested-try-finally.test.js
 PASS js-fuzzer-block-scope-cee200465655.js [8757/10000] status=ok obs=a3c65c297427 coverage=+0/32/38 time=1ms
  RUN js-fuzzer-corpus-89e900fcb72f.js [8758/10000] md5=89e900fcb72ff838bfe9a13ae091363f bytes=228 template=corpus origin=tests/corpus/syntax/control-flow-and-operators.test.js
 PASS js-fuzzer-corpus-89e900fcb72f.js [8758/10000] status=ok obs=aab3238922bc coverage=+0/32/38 time=2ms
  RUN js-fuzzer-try-catch-7cb82b9a3fc9.js [8759/10000] md5=7cb82b9a3fc9743b17b967ebeeaab91b bytes=110 template=try-catch origin=seed:tests/corpus/syntax/logical-unary-nullish.test.js
 PASS js-fuzzer-try-catch-7cb82b9a3fc9.js [8759/10000] status=ok obs=b6d767d2f8ed coverage=+0/32/38 time=2ms
  RUN js-fuzzer-class-b901915e3eda.js [8760/10000] md5=b901915e3eda1a96f77dcec9fff681b5 bytes=100 template=class origin=seed:tests/corpus/syntax/object-destructure-and-members.test.js
 PASS js-fuzzer-class-b901915e3eda.js [8760/10000] status=ok obs=c81e728d9d4c coverage=+0/32/38 time=1ms
  RUN js-fuzzer-arithmetic-a4baef780a36.js [8761/10000] md5=a4baef780a368ec26b6684dec89e5483 bytes=83 template=arithmetic origin=seed:tests/corpus/syntax/switch-do-while-sequence.test.js
 PASS js-fuzzer-arithmetic-a4baef780a36.js [8761/10000] status=ok obs=1c383cd30b7c coverage=+0/32/38 time=2ms
  RUN js-fuzzer-function-3c5d7cd75696.js [8762/10000] md5=3c5d7cd75696cd405bd2fe4a10121d7f bytes=153 template=function origin=seed:tests/corpus/syntax/template-array-destructure.test.js
 PASS js-fuzzer-function-3c5d7cd75696.js [8762/10000] status=ok obs=c20ad4d76fe9 coverage=+0/32/38 time=2ms
  RUN js-fuzzer-array-object-3f39eabee5cf.js [8763/10000] md5=3f39eabee5cff084c5374e4aaae0899b bytes=133 template=array-object origin=seed:tests/corpus/syntax/typescript-assertions.test.ts
 PASS js-fuzzer-array-object-3f39eabee5cf.js [8763/10000] status=ok obs=6512bd43d9ca coverage=+0/32/38 time=1ms
  RUN js-fuzzer-closure-b441c90b20e2.js [8764/10000] md5=b441c90b20e2652850dc7bc4e9923b67 bytes=184 template=closure origin=seed:tests/corpus/syntax/typescript-non-null-satisfies.test.ts
 PASS js-fuzzer-closure-b441c90b20e2.js [8764/10000] status=ok obs=14bfa6bb1487 coverage=+0/32/38 time=2ms
  RUN js-fuzzer-boundary-2b35f90895ea.js [8765/10000] md5=2b35f90895ea85111e562e627044f919 bytes=128 template=boundary origin=boundary:9007199254740991
 PASS js-fuzzer-boundary-2b35f90895ea.js [8765/10000] status=ok obs=8bfa9ad090fb coverage=+0/32/38 time=2ms
  RUN js-fuzzer-loop-f495ca2fc638.js [8766/10000] md5=f495ca2fc6389f933578fc501f5b1465 bytes=81 template=loop origin=seed:tests/corpus/fixtures/state-machine-workflow.test.js
 PASS js-fuzzer-loop-f495ca2fc638.js [8766/10000] status=ok obs=c4ca4238a0b9 coverage=+0/32/38 time=1ms
  RUN js-fuzzer-corpus-f722388c7961.js [8767/10000] md5=f722388c7961d2a0288508c35f28a5f8 bytes=96 template=corpus origin=tests/corpus/fixtures/vue-script-workflow.test.vue
 PASS js-fuzzer-corpus-f722388c7961.js [8767/10000] status=ok obs=6512bd43d9ca coverage=+0/32/38 time=2ms
  RUN js-fuzzer-class-3b630e2d834a.js [8768/10000] md5=3b630e2d834a95a01ee75571f8bc0075 bytes=101 template=class origin=seed:tests/corpus/obfuscation/constant-tag-mix.test.js
 PASS js-fuzzer-class-3b630e2d834a.js [8768/10000] status=ok obs=6512bd43d9ca coverage=+0/32/38 time=1ms
  RUN js-fuzzer-arithmetic-ae8ad7ece0d6.js [8769/10000] md5=ae8ad7ece0d6bebb54c0cf5a23e0e5cc bytes=84 template=arithmetic origin=seed:tests/corpus/obfuscation/extern-slot-permutation.test.js
 PASS js-fuzzer-arithmetic-ae8ad7ece0d6.js [8769/10000] status=ok obs=6cdd60ea0045 coverage=+0/32/38 time=2ms
  RUN js-fuzzer-function-f9a15ede1a13.js [8770/10000] md5=f9a15ede1a136ec60ae593fd7d4d8635 bytes=153 template=function origin=seed:tests/corpus/obfuscation/externs-console.test.js
 PASS js-fuzzer-function-f9a15ede1a13.js [8770/10000] status=ok obs=d3d9446802a4 coverage=+0/32/38 time=2ms
  RUN js-fuzzer-array-object-4e4521b50d77.js [8771/10000] md5=4e4521b50d7720857724c4c0be169c43 bytes=133 template=array-object origin=seed:tests/corpus/obfuscation/seed-sensitive-functions.test.js
 PASS js-fuzzer-array-object-4e4521b50d77.js [8771/10000] status=ok obs=1f0e3dad9990 coverage=+0/32/38 time=1ms
  RUN js-fuzzer-boundary-4b188851088a.js [8772/10000] md5=4b188851088a18b5b5e1424320aec545 bytes=122 template=boundary origin=boundary:2147483647
 PASS js-fuzzer-boundary-4b188851088a.js [8772/10000] status=ok obs=c588c0a459f4 coverage=+0/32/38 time=2ms
  RUN js-fuzzer-block-scope-a42e211b313f.js [8773/10000] md5=a42e211b313fa52250a13e6111c10f7d bytes=114 template=block-scope origin=seed:tests/corpus/regressions/multiple-functions-fib-add.test.js
 PASS js-fuzzer-block-scope-a42e211b313f.js [8773/10000] status=ok obs=38b3eff8baf5 coverage=+0/32/38 time=2ms
  RUN js-fuzzer-loop-54e460cecf5c.js [8774/10000] md5=54e460cecf5c05dfcffaa3b2e5f57445 bytes=81 template=loop origin=seed:tests/corpus/regressions/scope-compressed-closure-params.test.js
 PASS js-fuzzer-loop-54e460cecf5c.js [8774/10000] status=ok obs=d3d9446802a4 coverage=+0/32/38 time=1ms
  RUN js-fuzzer-try-catch-60965d400692.js [8775/10000] md5=60965d4006920d781586aecbf04b3493 bytes=110 template=try-catch origin=seed:tests/corpus/runtime/arrays-objects-methods.test.js
 PASS js-fuzzer-try-catch-60965d400692.js [8775/10000] status=ok obs=1f0e3dad9990 coverage=+0/32/38 time=2ms
  RUN js-fuzzer-corpus-8b78ba7912c5.js [8776/10000] md5=8b78ba7912c51f6cf304b65c6ebdb2e3 bytes=289 template=corpus origin=tests/corpus/runtime/block-scopes.test.js
 PASS js-fuzzer-corpus-8b78ba7912c5.js [8776/10000] status=ok obs=37693cfc7480 coverage=+0/32/38 time=2ms
  RUN js-fuzzer-arithmetic-4d90eaf9caa2.js [8777/10000] md5=4d90eaf9caa261389571dd6bc50e915c bytes=85 template=arithmetic origin=seed:tests/corpus/runtime/class-fields-static-methods.test.js
 PASS js-fuzzer-arithmetic-4d90eaf9caa2.js [8777/10000] status=ok obs=69adc1e107f7 coverage=+0/32/38 time=1ms
  RUN js-fuzzer-function-c6a41e639682.js [8778/10000] md5=c6a41e6396823bcfa91e05b3a10b01c0 bytes=153 template=function origin=seed:tests/corpus/runtime/classes-and-objects.test.js
 PASS js-fuzzer-function-c6a41e639682.js [8778/10000] status=ok obs=1f0e3dad9990 coverage=+0/32/38 time=2ms
  RUN js-fuzzer-boundary-14a05a816d97.js [8779/10000] md5=14a05a816d975afa7654eb06610350d0 bytes=113 template=boundary origin=boundary:2
 PASS js-fuzzer-boundary-14a05a816d97.js [8779/10000] status=ok obs=c81e728d9d4c coverage=+0/32/38 time=2ms
  RUN js-fuzzer-closure-c981fbe6810d.js [8780/10000] md5=c981fbe6810dc100e4e6a66b9e36bc85 bytes=184 template=closure origin=seed:tests/corpus/runtime/closures-read-captured-values.test.js
 PASS js-fuzzer-closure-c981fbe6810d.js [8780/10000] status=ok obs=03afdbd66e79 coverage=+0/32/38 time=1ms
  RUN js-fuzzer-block-scope-016b7f6e9976.js [8781/10000] md5=016b7f6e997636dc77e33da31ef097e1 bytes=114 template=block-scope origin=seed:tests/corpus/runtime/exceptions-and-nullish.test.js
 PASS js-fuzzer-block-scope-016b7f6e9976.js [8781/10000] status=ok obs=a97da629b098 coverage=+0/32/38 time=2ms
  RUN js-fuzzer-loop-d35707ad0bf7.js [8782/10000] md5=d35707ad0bf74148f671ad8943998af6 bytes=81 template=loop origin=seed:tests/corpus/runtime/functions-closures-and-arrows.test.js
 PASS js-fuzzer-loop-d35707ad0bf7.js [8782/10000] status=ok obs=9bf31c7ff062 coverage=+0/32/38 time=2ms
  RUN js-fuzzer-try-catch-ee30a401530f.js [8783/10000] md5=ee30a401530f819cbc5581e8feb5d305 bytes=110 template=try-catch origin=seed:tests/corpus/runtime/lexical-shadowing.test.js
 PASS js-fuzzer-try-catch-ee30a401530f.js [8783/10000] status=ok obs=182be0c5cdcd coverage=+0/32/38 time=1ms
  RUN js-fuzzer-class-c0844991889f.js [8784/10000] md5=c0844991889f03308712cd6bc6b7c31c bytes=101 template=class origin=seed:tests/corpus/runtime/modules-export.test.js
 PASS js-fuzzer-class-c0844991889f.js [8784/10000] status=ok obs=70efdf2ec9b0 coverage=+0/32/38 time=2ms
  RUN js-fuzzer-corpus-c557f8da2a9d.js [8785/10000] md5=c557f8da2a9d2904c70dca50c3eeb50e bytes=191 template=corpus origin=tests/corpus/runtime/nested-try-finally.test.js
 PASS js-fuzzer-corpus-c557f8da2a9d.js [8785/10000] status=ok obs=8f14e45fceea coverage=+0/32/38 time=2ms
  RUN js-fuzzer-boundary-3ca041277ff0.js [8786/10000] md5=3ca041277ff0c3edafc1a1dcaf120940 bytes=113 template=boundary origin=boundary:1
 PASS js-fuzzer-boundary-3ca041277ff0.js [8786/10000] status=ok obs=c4ca4238a0b9 coverage=+0/32/38 time=1ms
  RUN js-fuzzer-array-object-400385587433.js [8787/10000] md5=4003855874333ef5f49aba936f273325 bytes=133 template=array-object origin=seed:tests/corpus/syntax/logical-unary-nullish.test.js
 PASS js-fuzzer-array-object-400385587433.js [8787/10000] status=ok obs=98f137082101 coverage=+0/32/38 time=2ms
  RUN js-fuzzer-closure-c0f5a323b959.js [8788/10000] md5=c0f5a323b959409f365911edf055604e bytes=184 template=closure origin=seed:tests/corpus/syntax/object-destructure-and-members.test.js
 PASS js-fuzzer-closure-c0f5a323b959.js [8788/10000] status=ok obs=093f65e080a2 coverage=+0/32/38 time=1ms
  RUN js-fuzzer-block-scope-e315f4c12bc1.js [8789/10000] md5=e315f4c12bc13b4f7f4a55f8bf99f422 bytes=115 template=block-scope origin=seed:tests/corpus/syntax/switch-do-while-sequence.test.js
 PASS js-fuzzer-block-scope-e315f4c12bc1.js [8789/10000] status=ok obs=5f93f983524d coverage=+0/32/38 time=2ms
  RUN js-fuzzer-loop-55c7c905bffb.js [8790/10000] md5=55c7c905bffb4bbbc4c8fb9b91df6ad8 bytes=81 template=loop origin=seed:tests/corpus/syntax/template-array-destructure.test.js
 PASS js-fuzzer-loop-55c7c905bffb.js [8790/10000] status=ok obs=eccbc87e4b5c coverage=+0/32/38 time=1ms
  RUN js-fuzzer-try-catch-18b0b31fe014.js [8791/10000] md5=18b0b31fe014e787990869dd8a5ff18b bytes=110 template=try-catch origin=seed:tests/corpus/syntax/typescript-assertions.test.ts
 PASS js-fuzzer-try-catch-18b0b31fe014.js [8791/10000] status=ok obs=aab3238922bc coverage=+0/32/38 time=2ms
  RUN js-fuzzer-class-a35a4dd2f302.js [8792/10000] md5=a35a4dd2f302fda9a0e8d6e2c980c283 bytes=101 template=class origin=seed:tests/corpus/syntax/typescript-non-null-satisfies.test.ts
 PASS js-fuzzer-class-a35a4dd2f302.js [8792/10000] status=ok obs=9bf31c7ff062 coverage=+0/32/38 time=2ms
  RUN js-fuzzer-boundary-e62759fbe8d3.js [8793/10000] md5=e62759fbe8d36ad2cfb89a0f8bac18b9 bytes=129 template=boundary origin=boundary:-9007199254740991
 PASS js-fuzzer-boundary-e62759fbe8d3.js [8793/10000] status=ok obs=b3f3a95848f6 coverage=+0/32/38 time=1ms
  RUN js-fuzzer-corpus-ab8ca4f8757c.js [8794/10000] md5=ab8ca4f8757c6165b29cd6a662edad93 bytes=450 template=corpus origin=tests/corpus/fixtures/state-machine-workflow.test.js
 PASS js-fuzzer-corpus-ab8ca4f8757c.js [8794/10000] status=ok obs=b9f49c580664 coverage=+0/32/38 time=2ms
  RUN js-fuzzer-array-object-81e5bc1aaf43.js [8795/10000] md5=81e5bc1aaf434d569061573b027b52df bytes=133 template=array-object origin=seed:tests/corpus/fixtures/vue-script-workflow.test.vue
 PASS js-fuzzer-array-object-81e5bc1aaf43.js [8795/10000] status=ok obs=c20ad4d76fe9 coverage=+0/32/38 time=2ms
  RUN js-fuzzer-closure-84553f6d7ef5.js [8796/10000] md5=84553f6d7ef5c7447dc954193831d248 bytes=184 template=closure origin=seed:tests/corpus/obfuscation/constant-tag-mix.test.js
 PASS js-fuzzer-closure-84553f6d7ef5.js [8796/10000] status=ok obs=03afdbd66e79 coverage=+0/32/38 time=2ms
  RUN js-fuzzer-block-scope-ea937aa60c51.js [8797/10000] md5=ea937aa60c514e346f9d949aa4ae8932 bytes=114 template=block-scope origin=seed:tests/corpus/obfuscation/extern-slot-permutation.test.js
 PASS js-fuzzer-block-scope-ea937aa60c51.js [8797/10000] status=ok obs=c9e1074f5b3f coverage=+0/32/38 time=1ms
  RUN js-fuzzer-loop-55c7c905bffb.js [8798/10000] md5=55c7c905bffb4bbbc4c8fb9b91df6ad8 bytes=81 template=loop origin=seed:tests/corpus/obfuscation/externs-console.test.js
 PASS js-fuzzer-loop-55c7c905bffb.js [8798/10000] status=ok obs=eccbc87e4b5c coverage=+0/32/38 time=2ms
  RUN js-fuzzer-try-catch-40520a1b7956.js [8799/10000] md5=40520a1b7956f57804d753ea77e1e468 bytes=110 template=try-catch origin=seed:tests/corpus/obfuscation/seed-sensitive-functions.test.js
 PASS js-fuzzer-try-catch-40520a1b7956.js [8799/10000] status=ok obs=70efdf2ec9b0 coverage=+0/32/38 time=1ms
  RUN js-fuzzer-boundary-4b8e58e2bd3b.js [8800/10000] md5=4b8e58e2bd3bc437f093fe0ab13ce109 bytes=123 template=boundary origin=boundary:-2147483648
 PASS js-fuzzer-boundary-4b8e58e2bd3b.js [8800/10000] status=ok obs=034ff5946105 coverage=+0/32/38 time=2ms
  RUN js-fuzzer-arithmetic-475bbf52ba1f.js [8801/10000] md5=475bbf52ba1f00a4c3687a8d7888e55b bytes=83 template=arithmetic origin=seed:tests/corpus/regressions/multiple-functions-fib-add.test.js
 PASS js-fuzzer-arithmetic-475bbf52ba1f.js [8801/10000] status=ok obs=da4fb5c6e93e coverage=+0/32/38 time=1ms
  RUN js-fuzzer-function-ba7ea055d439.js [8802/10000] md5=ba7ea055d4397ffca213251195491d86 bytes=153 template=function origin=seed:tests/corpus/regressions/scope-compressed-closure-params.test.js
 PASS js-fuzzer-function-ba7ea055d439.js [8802/10000] status=ok obs=8f14e45fceea coverage=+0/32/38 time=1ms
  RUN js-fuzzer-corpus-a07012429fce.js [8803/10000] md5=a07012429fce4b4d7c8af42f445f70b9 bytes=163 template=corpus origin=tests/corpus/runtime/arrays-objects-methods.test.js
 PASS js-fuzzer-corpus-a07012429fce.js [8803/10000] status=ok obs=c51ce410c124 coverage=+0/32/38 time=2ms
  RUN js-fuzzer-closure-9f2f5dc3712b.js [8804/10000] md5=9f2f5dc3712bbc1b1586e54c61b67175 bytes=184 template=closure origin=seed:tests/corpus/runtime/block-scopes.test.js
 PASS js-fuzzer-closure-9f2f5dc3712b.js [8804/10000] status=ok obs=67c6a1e7ce56 coverage=+0/32/38 time=2ms
  RUN js-fuzzer-block-scope-586fd9c4488e.js [8805/10000] md5=586fd9c4488eb3dc13f92bab3ebc1929 bytes=114 template=block-scope origin=seed:tests/corpus/runtime/class-fields-static-methods.test.js
 PASS js-fuzzer-block-scope-586fd9c4488e.js [8805/10000] status=ok obs=6974ce5ac660 coverage=+0/32/38 time=1ms
  RUN js-fuzzer-loop-55c7c905bffb.js [8806/10000] md5=55c7c905bffb4bbbc4c8fb9b91df6ad8 bytes=81 template=loop origin=seed:tests/corpus/runtime/classes-and-objects.test.js
 PASS js-fuzzer-loop-55c7c905bffb.js [8806/10000] status=ok obs=eccbc87e4b5c coverage=+0/32/38 time=2ms
  RUN js-fuzzer-boundary-6d89c3a838ae.js [8807/10000] md5=6d89c3a838ae354bda64ec37ec2b63b1 bytes=114 template=boundary origin=boundary:-2
 PASS js-fuzzer-boundary-6d89c3a838ae.js [8807/10000] status=ok obs=5d7b9adcbe1c coverage=+0/32/38 time=1ms
  RUN js-fuzzer-class-6736c24444bc.js [8808/10000] md5=6736c24444bc6ff151b05a9a974ae4d5 bytes=100 template=class origin=seed:tests/corpus/runtime/closures-read-captured-values.test.js
 PASS js-fuzzer-class-6736c24444bc.js [8808/10000] status=ok obs=45c48cce2e2d coverage=+0/32/38 time=1ms
  RUN js-fuzzer-arithmetic-a635cda7e52e.js [8809/10000] md5=a635cda7e52e8d5883f186842a8d9667 bytes=85 template=arithmetic origin=seed:tests/corpus/runtime/exceptions-and-nullish.test.js
 PASS js-fuzzer-arithmetic-a635cda7e52e.js [8809/10000] status=ok obs=9b04d152845e coverage=+0/32/38 time=2ms
  RUN js-fuzzer-function-3e322d578629.js [8810/10000] md5=3e322d5786297aab4fec4c2fa56a2542 bytes=153 template=function origin=seed:tests/corpus/runtime/functions-closures-and-arrows.test.js
 PASS js-fuzzer-function-3e322d578629.js [8810/10000] status=ok obs=1679091c5a88 coverage=+0/32/38 time=2ms
  RUN js-fuzzer-array-object-c0ce0f88647c.js [8811/10000] md5=c0ce0f88647c7f3841f06c93a60a01f7 bytes=133 template=array-object origin=seed:tests/corpus/runtime/lexical-shadowing.test.js
 PASS js-fuzzer-array-object-c0ce0f88647c.js [8811/10000] status=ok obs=9bf31c7ff062 coverage=+0/32/38 time=1ms
  RUN js-fuzzer-corpus-4131d841163b.js [8812/10000] md5=4131d841163b79e192bca9d4fc683c54 bytes=58 template=corpus origin=tests/corpus/runtime/modules-export.test.js
 PASS js-fuzzer-corpus-4131d841163b.js [8812/10000] status=ok obs=8f14e45fceea coverage=+0/32/38 time=2ms
  RUN js-fuzzer-block-scope-9b5f2a61b064.js [8813/10000] md5=9b5f2a61b064984be8e4dedf9ba10531 bytes=114 template=block-scope origin=seed:tests/corpus/runtime/nested-try-finally.test.js
 PASS js-fuzzer-block-scope-9b5f2a61b064.js [8813/10000] status=ok obs=a3c65c297427 coverage=+0/32/38 time=1ms
  RUN js-fuzzer-boundary-1024adcac0e5.js [8814/10000] md5=1024adcac0e5cc9f99f478fa66dcc00c bytes=114 template=boundary origin=boundary:-1
 PASS js-fuzzer-boundary-1024adcac0e5.js [8814/10000] status=ok obs=6bb61e3b7bce coverage=+0/32/38 time=2ms
  RUN js-fuzzer-try-catch-398077b2e1d6.js [8815/10000] md5=398077b2e1d6a50d953f7a907c7a061d bytes=110 template=try-catch origin=seed:tests/corpus/syntax/logical-unary-nullish.test.js
 PASS js-fuzzer-try-catch-398077b2e1d6.js [8815/10000] status=ok obs=6364d3f0f495 coverage=+0/32/38 time=1ms
  RUN js-fuzzer-class-51ea152a707e.js [8816/10000] md5=51ea152a707ed5422ab3e5b3ddb7fe43 bytes=100 template=class origin=seed:tests/corpus/syntax/object-destructure-and-members.test.js
 PASS js-fuzzer-class-51ea152a707e.js [8816/10000] status=ok obs=e4da3b7fbbce coverage=+0/32/38 time=1ms
  RUN js-fuzzer-arithmetic-aafd1ce66e59.js [8817/10000] md5=aafd1ce66e5942aa5e09df0af5fc60f5 bytes=84 template=arithmetic origin=seed:tests/corpus/syntax/switch-do-while-sequence.test.js
 PASS js-fuzzer-arithmetic-aafd1ce66e59.js [8817/10000] status=ok obs=2a38a4a9316c coverage=+0/32/38 time=2ms
  RUN js-fuzzer-function-1d370c2e7126.js [8818/10000] md5=1d370c2e7126a84b090ad6eed5468375 bytes=153 template=function origin=seed:tests/corpus/syntax/template-array-destructure.test.js
 PASS js-fuzzer-function-1d370c2e7126.js [8818/10000] status=ok obs=8f14e45fceea coverage=+0/32/38 time=1ms
  RUN js-fuzzer-array-object-1ceb3246feff.js [8819/10000] md5=1ceb3246feff8435583384202f0414e7 bytes=133 template=array-object origin=seed:tests/corpus/syntax/typescript-assertions.test.ts
 PASS js-fuzzer-array-object-1ceb3246feff.js [8819/10000] status=ok obs=c74d97b01eae coverage=+0/32/38 time=2ms
  RUN js-fuzzer-closure-e6fce2d27012.js [8820/10000] md5=e6fce2d27012748395d8d7ad4e63501a bytes=183 template=closure origin=seed:tests/corpus/syntax/typescript-non-null-satisfies.test.ts
 PASS js-fuzzer-closure-e6fce2d27012.js [8820/10000] status=ok obs=c51ce410c124 coverage=+0/32/38 time=2ms
  RUN js-fuzzer-corpus-797f152bf878.js [8821/10000] md5=797f152bf878d5049066c6db6d2360b3 bytes=355 template=corpus origin=tests/corpus/fixtures/job-workflow.test.js
 PASS js-fuzzer-corpus-797f152bf878.js [8821/10000] status=ok obs=b9de0628c8ec coverage=+0/32/38 time=1ms
  RUN js-fuzzer-loop-d35707ad0bf7.js [8822/10000] md5=d35707ad0bf74148f671ad8943998af6 bytes=81 template=loop origin=seed:tests/corpus/fixtures/state-machine-workflow.test.js
 PASS js-fuzzer-loop-d35707ad0bf7.js [8822/10000] status=ok obs=9bf31c7ff062 coverage=+0/32/38 time=1ms
  RUN js-fuzzer-try-catch-18b0b31fe014.js [8823/10000] md5=18b0b31fe014e787990869dd8a5ff18b bytes=110 template=try-catch origin=seed:tests/corpus/fixtures/vue-script-workflow.test.vue
 PASS js-fuzzer-try-catch-18b0b31fe014.js [8823/10000] status=ok obs=aab3238922bc coverage=+0/32/38 time=2ms
  RUN js-fuzzer-class-5baf4bed5db4.js [8824/10000] md5=5baf4bed5db4f8205173226efc8fff73 bytes=101 template=class origin=seed:tests/corpus/obfuscation/constant-tag-mix.test.js
 PASS js-fuzzer-class-5baf4bed5db4.js [8824/10000] status=ok obs=6f4922f45568 coverage=+0/32/38 time=1ms
  RUN js-fuzzer-arithmetic-455f182b26bb.js [8825/10000] md5=455f182b26bb02c71771c24ea4e998fe bytes=85 template=arithmetic origin=seed:tests/corpus/obfuscation/extern-slot-permutation.test.js
 PASS js-fuzzer-arithmetic-455f182b26bb.js [8825/10000] status=ok obs=9188905e74c2 coverage=+0/32/38 time=2ms
  RUN js-fuzzer-function-805986a3b478.js [8826/10000] md5=805986a3b4784e72cf43592e25340692 bytes=153 template=function origin=seed:tests/corpus/obfuscation/externs-console.test.js
 PASS js-fuzzer-function-805986a3b478.js [8826/10000] status=ok obs=c51ce410c124 coverage=+0/32/38 time=2ms
  RUN js-fuzzer-array-object-5bfa9a1d1d3c.js [8827/10000] md5=5bfa9a1d1d3c966eb4a4916630979634 bytes=133 template=array-object origin=seed:tests/corpus/obfuscation/seed-sensitive-functions.test.js
 PASS js-fuzzer-array-object-5bfa9a1d1d3c.js [8827/10000] status=ok obs=aab3238922bc coverage=+0/32/38 time=2ms
  RUN js-fuzzer-boundary-83aee5cf07de.js [8828/10000] md5=83aee5cf07deb9d5ce59aec8aff7a227 bytes=128 template=boundary origin=boundary:9007199254740991
 PASS js-fuzzer-boundary-83aee5cf07de.js [8828/10000] status=ok obs=8bfa9ad090fb coverage=+0/32/38 time=1ms
  RUN js-fuzzer-block-scope-09e18a57df24.js [8829/10000] md5=09e18a57df24519f14c7b0064ed573d9 bytes=114 template=block-scope origin=seed:tests/corpus/regressions/multiple-functions-fib-add.test.js
 PASS js-fuzzer-block-scope-09e18a57df24.js [8829/10000] status=ok obs=6974ce5ac660 coverage=+0/32/38 time=2ms
  RUN js-fuzzer-corpus-c28cfb056309.js [8830/10000] md5=c28cfb056309f2a77f8bd9756b123c54 bytes=147 template=corpus origin=tests/corpus/regressions/scope-compressed-closure-params.test.js
 PASS js-fuzzer-corpus-c28cfb056309.js [8830/10000] status=ok obs=c51ce410c124 coverage=+0/32/38 time=2ms
  RUN js-fuzzer-try-catch-676dafc46859.js [8831/10000] md5=676dafc4685905581f3925e95c53669f bytes=110 template=try-catch origin=seed:tests/corpus/runtime/arrays-objects-methods.test.js
 PASS js-fuzzer-try-catch-676dafc46859.js [8831/10000] status=ok obs=a5771bce93e2 coverage=+0/32/38 time=1ms
  RUN js-fuzzer-class-51ea152a707e.js [8832/10000] md5=51ea152a707ed5422ab3e5b3ddb7fe43 bytes=100 template=class origin=seed:tests/corpus/runtime/block-scopes.test.js
 PASS js-fuzzer-class-51ea152a707e.js [8832/10000] status=ok obs=e4da3b7fbbce coverage=+0/32/38 time=2ms
  RUN js-fuzzer-arithmetic-48c06ad6a2da.js [8833/10000] md5=48c06ad6a2da03a093dfbe65099d273e bytes=86 template=arithmetic origin=seed:tests/corpus/runtime/class-fields-static-methods.test.js
 PASS js-fuzzer-arithmetic-48c06ad6a2da.js [8833/10000] status=ok obs=07cdfd23373b coverage=+0/32/38 time=1ms
  RUN js-fuzzer-function-79bb4335938d.js [8834/10000] md5=79bb4335938d82d557d11e6633b235d0 bytes=153 template=function origin=seed:tests/corpus/runtime/classes-and-objects.test.js
 PASS js-fuzzer-function-79bb4335938d.js [8834/10000] status=ok obs=6512bd43d9ca coverage=+0/32/38 time=3ms
  RUN js-fuzzer-boundary-4b188851088a.js [8835/10000] md5=4b188851088a18b5b5e1424320aec545 bytes=122 template=boundary origin=boundary:2147483647
 PASS js-fuzzer-boundary-4b188851088a.js [8835/10000] status=ok obs=c588c0a459f4 coverage=+0/32/38 time=2ms
  RUN js-fuzzer-closure-f67d9c6560b8.js [8836/10000] md5=f67d9c6560b814d652eec5231ed9b926 bytes=184 template=closure origin=seed:tests/corpus/runtime/closures-read-captured-values.test.js
 PASS js-fuzzer-closure-f67d9c6560b8.js [8836/10000] status=ok obs=b53b3a3d6ab9 coverage=+0/32/38 time=2ms
  RUN js-fuzzer-block-scope-8f840eb525e6.js [8837/10000] md5=8f840eb525e6e000702e158647a4de1c bytes=114 template=block-scope origin=seed:tests/corpus/runtime/exceptions-and-nullish.test.js
 PASS js-fuzzer-block-scope-8f840eb525e6.js [8837/10000] status=ok obs=2723d092b638 coverage=+0/32/38 time=1ms
  RUN js-fuzzer-loop-d35707ad0bf7.js [8838/10000] md5=d35707ad0bf74148f671ad8943998af6 bytes=81 template=loop origin=seed:tests/corpus/runtime/functions-closures-and-arrows.test.js
 PASS js-fuzzer-loop-d35707ad0bf7.js [8838/10000] status=ok obs=9bf31c7ff062 coverage=+0/32/38 time=2ms
  RUN js-fuzzer-corpus-463d4dee8a1f.js [8839/10000] md5=463d4dee8a1f930fa8af57a704cacf3e bytes=232 template=corpus origin=tests/corpus/runtime/lexical-shadowing.test.js
 PASS js-fuzzer-corpus-463d4dee8a1f.js [8839/10000] status=ok obs=c51ce410c124 coverage=+0/32/38 time=2ms
  RUN js-fuzzer-class-6736c24444bc.js [8840/10000] md5=6736c24444bc6ff151b05a9a974ae4d5 bytes=100 template=class origin=seed:tests/corpus/runtime/modules-export.test.js
 PASS js-fuzzer-class-6736c24444bc.js [8840/10000] status=ok obs=45c48cce2e2d coverage=+0/32/38 time=1ms
  RUN js-fuzzer-arithmetic-bbd02d71c39f.js [8841/10000] md5=bbd02d71c39f4cee32487f5a4898bc6d bytes=84 template=arithmetic origin=seed:tests/corpus/runtime/nested-try-finally.test.js
 PASS js-fuzzer-arithmetic-bbd02d71c39f.js [8841/10000] status=ok obs=fe9fc289c3ff coverage=+0/32/38 time=1ms
  RUN js-fuzzer-boundary-221618e58a55.js [8842/10000] md5=221618e58a55537e4dc7530ef9f57aaf bytes=113 template=boundary origin=boundary:2
 PASS js-fuzzer-boundary-221618e58a55.js [8842/10000] status=ok obs=c81e728d9d4c coverage=+0/32/38 time=2ms
  RUN js-fuzzer-array-object-6dfc943a5422.js [8843/10000] md5=6dfc943a5422b17fbc2c77e0ae415662 bytes=133 template=array-object origin=seed:tests/corpus/syntax/logical-unary-nullish.test.js
 PASS js-fuzzer-array-object-6dfc943a5422.js [8843/10000] status=ok obs=45c48cce2e2d coverage=+0/32/38 time=1ms
  RUN js-fuzzer-closure-1d466197f780.js [8844/10000] md5=1d466197f780581c10c78bc9a1e10794 bytes=183 template=closure origin=seed:tests/corpus/syntax/object-destructure-and-members.test.js
 PASS js-fuzzer-closure-1d466197f780.js [8844/10000] status=ok obs=6ea9ab1baa0e coverage=+0/32/38 time=2ms
  RUN js-fuzzer-block-scope-f5604b68889a.js [8845/10000] md5=f5604b68889a8927f6b1b388f02368aa bytes=115 template=block-scope origin=seed:tests/corpus/syntax/switch-do-while-sequence.test.js
 PASS js-fuzzer-block-scope-f5604b68889a.js [8845/10000] status=ok obs=5f93f983524d coverage=+0/32/38 time=2ms
  RUN js-fuzzer-loop-54e460cecf5c.js [8846/10000] md5=54e460cecf5c05dfcffaa3b2e5f57445 bytes=81 template=loop origin=seed:tests/corpus/syntax/template-array-destructure.test.js
 PASS js-fuzzer-loop-54e460cecf5c.js [8846/10000] status=ok obs=d3d9446802a4 coverage=+0/32/38 time=1ms
  RUN js-fuzzer-try-catch-7fa76a80e531.js [8847/10000] md5=7fa76a80e531298b12538ca11d858f94 bytes=110 template=try-catch origin=seed:tests/corpus/syntax/typescript-assertions.test.ts
 PASS js-fuzzer-try-catch-7fa76a80e531.js [8847/10000] status=ok obs=6ea9ab1baa0e coverage=+0/32/38 time=2ms
  RUN js-fuzzer-corpus-e3eeaea0f8a2.js [8848/10000] md5=e3eeaea0f8a2c5d5b650d4007cf78b4a bytes=104 template=corpus origin=tests/corpus/syntax/typescript-non-null-satisfies.test.ts
 PASS js-fuzzer-corpus-e3eeaea0f8a2.js [8848/10000] status=ok obs=d3d9446802a4 coverage=+0/32/38 time=1ms
  RUN js-fuzzer-boundary-ccde2dac26f6.js [8849/10000] md5=ccde2dac26f6d3fd46c3698825685fe3 bytes=113 template=boundary origin=boundary:1
 PASS js-fuzzer-boundary-ccde2dac26f6.js [8849/10000] status=ok obs=c4ca4238a0b9 coverage=+0/32/38 time=1ms
  RUN js-fuzzer-function-4b9684ea9e29.js [8850/10000] md5=4b9684ea9e291ddb6515f98bf0c93905 bytes=153 template=function origin=seed:tests/corpus/fixtures/state-machine-workflow.test.js
 PASS js-fuzzer-function-4b9684ea9e29.js [8850/10000] status=ok obs=eccbc87e4b5c coverage=+0/32/38 time=2ms
  RUN js-fuzzer-array-object-39d1352cecb1.js [8851/10000] md5=39d1352cecb11b8705fc602503a9a1c9 bytes=133 template=array-object origin=seed:tests/corpus/fixtures/vue-script-workflow.test.vue
 PASS js-fuzzer-array-object-39d1352cecb1.js [8851/10000] status=ok obs=45c48cce2e2d coverage=+0/32/38 time=1ms
  RUN js-fuzzer-closure-0dfbc9aef89d.js [8852/10000] md5=0dfbc9aef89dfd46d3110606d771058a bytes=184 template=closure origin=seed:tests/corpus/obfuscation/constant-tag-mix.test.js
 PASS js-fuzzer-closure-0dfbc9aef89d.js [8852/10000] status=ok obs=d2ddea18f006 coverage=+0/32/38 time=2ms
  RUN js-fuzzer-block-scope-a0b56fb999f4.js [8853/10000] md5=a0b56fb999f4bb984544d4262e239b2c bytes=114 template=block-scope origin=seed:tests/corpus/obfuscation/extern-slot-permutation.test.js
 PASS js-fuzzer-block-scope-a0b56fb999f4.js [8853/10000] status=ok obs=2723d092b638 coverage=+0/32/38 time=2ms
  RUN js-fuzzer-loop-55c7c905bffb.js [8854/10000] md5=55c7c905bffb4bbbc4c8fb9b91df6ad8 bytes=81 template=loop origin=seed:tests/corpus/obfuscation/externs-console.test.js
 PASS js-fuzzer-loop-55c7c905bffb.js [8854/10000] status=ok obs=eccbc87e4b5c coverage=+0/32/38 time=2ms
  RUN js-fuzzer-try-catch-ecee5cf418be.js [8855/10000] md5=ecee5cf418beff71c62f1aeee5aa3045 bytes=109 template=try-catch origin=seed:tests/corpus/obfuscation/seed-sensitive-functions.test.js
 PASS js-fuzzer-try-catch-ecee5cf418be.js [8855/10000] status=ok obs=45c48cce2e2d coverage=+0/32/38 time=1ms
  RUN js-fuzzer-boundary-37492c99ff33.js [8856/10000] md5=37492c99ff33e9d5e09e0b8e84ba785a bytes=129 template=boundary origin=boundary:-9007199254740991
 PASS js-fuzzer-boundary-37492c99ff33.js [8856/10000] status=ok obs=b3f3a95848f6 coverage=+0/32/38 time=2ms
  RUN js-fuzzer-corpus-ad9ed8746461.js [8857/10000] md5=ad9ed87464611c6dd81b04b3754c760c bytes=214 template=corpus origin=tests/corpus/regressions/multiple-functions-fib-add.test.js
 PASS js-fuzzer-corpus-ad9ed8746461.js [8857/10000] status=ok obs=3c59dc048e88 coverage=+0/32/38 time=2ms
  RUN js-fuzzer-function-8384e80192dc.js [8858/10000] md5=8384e80192dc0232cf5e505b2f7d5501 bytes=153 template=function origin=seed:tests/corpus/regressions/scope-compressed-closure-params.test.js
 PASS js-fuzzer-function-8384e80192dc.js [8858/10000] status=ok obs=e4da3b7fbbce coverage=+0/32/38 time=2ms
  RUN js-fuzzer-array-object-4311c8c7319e.js [8859/10000] md5=4311c8c7319ee38d6f19b034fcd44bed bytes=133 template=array-object origin=seed:tests/corpus/runtime/arrays-objects-methods.test.js
 PASS js-fuzzer-array-object-4311c8c7319e.js [8859/10000] status=ok obs=6f4922f45568 coverage=+0/32/38 time=2ms
  RUN js-fuzzer-closure-f82a5121b803.js [8860/10000] md5=f82a5121b8031f02f5dec620c6abedc9 bytes=184 template=closure origin=seed:tests/corpus/runtime/block-scopes.test.js
 PASS js-fuzzer-closure-f82a5121b803.js [8860/10000] status=ok obs=d2ddea18f006 coverage=+0/32/38 time=2ms
  RUN js-fuzzer-block-scope-aa99f3b15079.js [8861/10000] md5=aa99f3b1507939a1697583e3c7532b7e bytes=114 template=block-scope origin=seed:tests/corpus/runtime/class-fields-static-methods.test.js
 PASS js-fuzzer-block-scope-aa99f3b15079.js [8861/10000] status=ok obs=38b3eff8baf5 coverage=+0/32/38 time=2ms
  RUN js-fuzzer-loop-f495ca2fc638.js [8862/10000] md5=f495ca2fc6389f933578fc501f5b1465 bytes=81 template=loop origin=seed:tests/corpus/runtime/classes-and-objects.test.js
 PASS js-fuzzer-loop-f495ca2fc638.js [8862/10000] status=ok obs=c4ca4238a0b9 coverage=+0/32/38 time=2ms
  RUN js-fuzzer-boundary-4b8e58e2bd3b.js [8863/10000] md5=4b8e58e2bd3bc437f093fe0ab13ce109 bytes=123 template=boundary origin=boundary:-2147483648
 PASS js-fuzzer-boundary-4b8e58e2bd3b.js [8863/10000] status=ok obs=034ff5946105 coverage=+0/32/38 time=2ms
  RUN js-fuzzer-class-c6bbe0a63455.js [8864/10000] md5=c6bbe0a634559d18fa82cf0c9a421610 bytes=100 template=class origin=seed:tests/corpus/runtime/closures-read-captured-values.test.js
 PASS js-fuzzer-class-c6bbe0a63455.js [8864/10000] status=ok obs=1679091c5a88 coverage=+0/32/38 time=1ms
  RUN js-fuzzer-arithmetic-bc8d68091ad2.js [8865/10000] md5=bc8d68091ad22ba4b2af72b5f1fb776e bytes=85 template=arithmetic origin=seed:tests/corpus/runtime/exceptions-and-nullish.test.js
 PASS js-fuzzer-arithmetic-bc8d68091ad2.js [8865/10000] status=ok obs=44f683a84163 coverage=+0/32/38 time=2ms
  RUN js-fuzzer-corpus-72746d071c58.js [8866/10000] md5=72746d071c58fadd9399bc8934c30553 bytes=197 template=corpus origin=tests/corpus/runtime/functions-closures-and-arrows.test.js
 PASS js-fuzzer-corpus-72746d071c58.js [8866/10000] status=ok obs=c74d97b01eae coverage=+0/32/38 time=2ms
  RUN js-fuzzer-array-object-29349f1ea60d.js [8867/10000] md5=29349f1ea60d15aaa3890b87f03e85d8 bytes=133 template=array-object origin=seed:tests/corpus/runtime/lexical-shadowing.test.js
 PASS js-fuzzer-array-object-29349f1ea60d.js [8867/10000] status=ok obs=c51ce410c124 coverage=+0/32/38 time=1ms
  RUN js-fuzzer-closure-a7c0528ab5e2.js [8868/10000] md5=a7c0528ab5e27173a4f9cc6c7a5167ad bytes=183 template=closure origin=seed:tests/corpus/runtime/modules-export.test.js
 PASS js-fuzzer-closure-a7c0528ab5e2.js [8868/10000] status=ok obs=70efdf2ec9b0 coverage=+0/32/38 time=2ms
  RUN js-fuzzer-block-scope-6c0b222ddc47.js [8869/10000] md5=6c0b222ddc47d7dd8ad0d2cf6f93b269 bytes=114 template=block-scope origin=seed:tests/corpus/runtime/nested-try-finally.test.js
 PASS js-fuzzer-block-scope-6c0b222ddc47.js [8869/10000] status=ok obs=2723d092b638 coverage=+0/32/38 time=1ms
  RUN js-fuzzer-boundary-6d89c3a838ae.js [8870/10000] md5=6d89c3a838ae354bda64ec37ec2b63b1 bytes=114 template=boundary origin=boundary:-2
 PASS js-fuzzer-boundary-6d89c3a838ae.js [8870/10000] status=ok obs=5d7b9adcbe1c coverage=+0/32/38 time=2ms
  RUN js-fuzzer-try-catch-60965d400692.js [8871/10000] md5=60965d4006920d781586aecbf04b3493 bytes=110 template=try-catch origin=seed:tests/corpus/syntax/logical-unary-nullish.test.js
 PASS js-fuzzer-try-catch-60965d400692.js [8871/10000] status=ok obs=1f0e3dad9990 coverage=+0/32/38 time=2ms
  RUN js-fuzzer-class-587587295e00.js [8872/10000] md5=587587295e0075a0a19c4572e53274fe bytes=101 template=class origin=seed:tests/corpus/syntax/object-destructure-and-members.test.js
 PASS js-fuzzer-class-587587295e00.js [8872/10000] status=ok obs=1f0e3dad9990 coverage=+0/32/38 time=2ms
  RUN js-fuzzer-arithmetic-b6dcc0f2b26e.js [8873/10000] md5=b6dcc0f2b26e73e61064c853d0a227d1 bytes=85 template=arithmetic origin=seed:tests/corpus/syntax/switch-do-while-sequence.test.js
 PASS js-fuzzer-arithmetic-b6dcc0f2b26e.js [8873/10000] status=ok obs=bf8229696f7a coverage=+0/32/38 time=1ms
  RUN js-fuzzer-function-ced1d0daab2e.js [8874/10000] md5=ced1d0daab2e23fdcfec672d899d9739 bytes=153 template=function origin=seed:tests/corpus/syntax/template-array-destructure.test.js
 PASS js-fuzzer-function-ced1d0daab2e.js [8874/10000] status=ok obs=8e296a067a37 coverage=+0/32/38 time=2ms
  RUN js-fuzzer-corpus-57a83a4b020d.js [8875/10000] md5=57a83a4b020d4b85b42b0a3709f283ad bytes=130 template=corpus origin=tests/corpus/syntax/typescript-assertions.test.ts
 PASS js-fuzzer-corpus-57a83a4b020d.js [8875/10000] status=ok obs=45c48cce2e2d coverage=+0/32/38 time=2ms
  RUN js-fuzzer-closure-24323398b96e.js [8876/10000] md5=24323398b96e5ff5543c659bebef1492 bytes=184 template=closure origin=seed:tests/corpus/syntax/typescript-non-null-satisfies.test.ts
 PASS js-fuzzer-closure-24323398b96e.js [8876/10000] status=ok obs=b53b3a3d6ab9 coverage=+0/32/38 time=2ms
  RUN js-fuzzer-boundary-3d1d4e90ebd9.js [8877/10000] md5=3d1d4e90ebd99aad7ece59efc98f7563 bytes=114 template=boundary origin=boundary:-1
 PASS js-fuzzer-boundary-3d1d4e90ebd9.js [8877/10000] status=ok obs=6bb61e3b7bce coverage=+0/32/38 time=1ms
  RUN js-fuzzer-loop-55c7c905bffb.js [8878/10000] md5=55c7c905bffb4bbbc4c8fb9b91df6ad8 bytes=81 template=loop origin=seed:tests/corpus/fixtures/state-machine-workflow.test.js
 PASS js-fuzzer-loop-55c7c905bffb.js [8878/10000] status=ok obs=eccbc87e4b5c coverage=+0/32/38 time=2ms
  RUN js-fuzzer-try-catch-14bcb064f014.js [8879/10000] md5=14bcb064f014dbe91c2010889dcaa2c0 bytes=110 template=try-catch origin=seed:tests/corpus/fixtures/vue-script-workflow.test.vue
 PASS js-fuzzer-try-catch-14bcb064f014.js [8879/10000] status=ok obs=c0c7c76d30bd coverage=+0/32/38 time=1ms
  RUN js-fuzzer-class-a365d1a76b7b.js [8880/10000] md5=a365d1a76b7b0d4310621afa7caac433 bytes=100 template=class origin=seed:tests/corpus/obfuscation/constant-tag-mix.test.js
 PASS js-fuzzer-class-a365d1a76b7b.js [8880/10000] status=ok obs=8f14e45fceea coverage=+0/32/38 time=2ms
  RUN js-fuzzer-arithmetic-e09a13550ad2.js [8881/10000] md5=e09a13550ad27a1873adcbaf38c00dc5 bytes=85 template=arithmetic origin=seed:tests/corpus/obfuscation/extern-slot-permutation.test.js
 PASS js-fuzzer-arithmetic-e09a13550ad2.js [8881/10000] status=ok obs=33e75ff09dd6 coverage=+0/32/38 time=1ms
  RUN js-fuzzer-function-f9a15ede1a13.js [8882/10000] md5=f9a15ede1a136ec60ae593fd7d4d8635 bytes=153 template=function origin=seed:tests/corpus/obfuscation/externs-console.test.js
 PASS js-fuzzer-function-f9a15ede1a13.js [8882/10000] status=ok obs=d3d9446802a4 coverage=+0/32/38 time=2ms
  RUN js-fuzzer-array-object-4e4521b50d77.js [8883/10000] md5=4e4521b50d7720857724c4c0be169c43 bytes=133 template=array-object origin=seed:tests/corpus/obfuscation/seed-sensitive-functions.test.js
 PASS js-fuzzer-array-object-4e4521b50d77.js [8883/10000] status=ok obs=1f0e3dad9990 coverage=+0/32/38 time=2ms
  RUN js-fuzzer-corpus-79643e915862.js [8884/10000] md5=79643e91586251700d34c0c65a0220da bytes=89 template=corpus origin=tests/corpus/regressions/destructuring-lowers-to-member.test.js
 PASS js-fuzzer-corpus-79643e915862.js [8884/10000] status=ok obs=eccbc87e4b5c coverage=+0/32/38 time=1ms
  RUN js-fuzzer-block-scope-58f9e3de3887.js [8885/10000] md5=58f9e3de38876b109c415b07da76f87c bytes=114 template=block-scope origin=seed:tests/corpus/regressions/multiple-functions-fib-add.test.js
 PASS js-fuzzer-block-scope-58f9e3de3887.js [8885/10000] status=ok obs=c9e1074f5b3f coverage=+0/32/38 time=2ms
  RUN js-fuzzer-loop-d35707ad0bf7.js [8886/10000] md5=d35707ad0bf74148f671ad8943998af6 bytes=81 template=loop origin=seed:tests/corpus/regressions/scope-compressed-closure-params.test.js
 PASS js-fuzzer-loop-d35707ad0bf7.js [8886/10000] status=ok obs=9bf31c7ff062 coverage=+0/32/38 time=2ms
  RUN js-fuzzer-try-catch-13abe4d24a2d.js [8887/10000] md5=13abe4d24a2dd7935e11d59d61044cdc bytes=109 template=try-catch origin=seed:tests/corpus/runtime/arrays-objects-methods.test.js
 PASS js-fuzzer-try-catch-13abe4d24a2d.js [8887/10000] status=ok obs=c9f0f895fb98 coverage=+0/32/38 time=1ms
  RUN js-fuzzer-class-a365d1a76b7b.js [8888/10000] md5=a365d1a76b7b0d4310621afa7caac433 bytes=100 template=class origin=seed:tests/corpus/runtime/block-scopes.test.js
 PASS js-fuzzer-class-a365d1a76b7b.js [8888/10000] status=ok obs=8f14e45fceea coverage=+0/32/38 time=2ms
  RUN js-fuzzer-arithmetic-a967f55e7656.js [8889/10000] md5=a967f55e76564097610f0d9d3f15115e bytes=84 template=arithmetic origin=seed:tests/corpus/runtime/class-fields-static-methods.test.js
 PASS js-fuzzer-arithmetic-a967f55e7656.js [8889/10000] status=ok obs=7ef605fc8dba coverage=+0/32/38 time=1ms
  RUN js-fuzzer-function-8c13c976bcff.js [8890/10000] md5=8c13c976bcff676fd4a8e7119e7306e3 bytes=153 template=function origin=seed:tests/corpus/runtime/classes-and-objects.test.js
 PASS js-fuzzer-function-8c13c976bcff.js [8890/10000] status=ok obs=aab3238922bc coverage=+0/32/38 time=1ms
  RUN js-fuzzer-boundary-4bea2a6e0cb0.js [8891/10000] md5=4bea2a6e0cb0c7bb0b29e5b5d44112d8 bytes=128 template=boundary origin=boundary:9007199254740991
 PASS js-fuzzer-boundary-4bea2a6e0cb0.js [8891/10000] status=ok obs=dc9a0d67a31d coverage=+0/32/38 time=2ms
  RUN js-fuzzer-closure-177ac1f6e5b8.js [8892/10000] md5=177ac1f6e5b820f1c8af5a52a84b0398 bytes=184 template=closure origin=seed:tests/corpus/runtime/closures-read-captured-values.test.js
 PASS js-fuzzer-closure-177ac1f6e5b8.js [8892/10000] status=ok obs=03afdbd66e79 coverage=+0/32/38 time=2ms
  RUN js-fuzzer-corpus-cf8fb96e8476.js [8893/10000] md5=cf8fb96e8476c262b73583c86dd80821 bytes=178 template=corpus origin=tests/corpus/runtime/exceptions-and-nullish.test.js
 PASS js-fuzzer-corpus-cf8fb96e8476.js [8893/10000] status=ok obs=24ed5e8718fc coverage=+0/32/38 time=1ms
  RUN js-fuzzer-loop-b88258462a8d.js [8894/10000] md5=b88258462a8d880f8b0e459fa23b2536 bytes=81 template=loop origin=seed:tests/corpus/runtime/functions-closures-and-arrows.test.js
 PASS js-fuzzer-loop-b88258462a8d.js [8894/10000] status=ok obs=3c59dc048e88 coverage=+0/32/38 time=2ms
  RUN js-fuzzer-try-catch-0db921dfa62d.js [8895/10000] md5=0db921dfa62dbbfd21889addc9a83362 bytes=110 template=try-catch origin=seed:tests/corpus/runtime/lexical-shadowing.test.js
 PASS js-fuzzer-try-catch-0db921dfa62d.js [8895/10000] status=ok obs=34173cb38f07 coverage=+0/32/38 time=1ms
  RUN js-fuzzer-class-b901915e3eda.js [8896/10000] md5=b901915e3eda1a96f77dcec9fff681b5 bytes=100 template=class origin=seed:tests/corpus/runtime/modules-export.test.js
 PASS js-fuzzer-class-b901915e3eda.js [8896/10000] status=ok obs=c81e728d9d4c coverage=+0/32/38 time=2ms
  RUN js-fuzzer-arithmetic-fc5a1443404b.js [8897/10000] md5=fc5a1443404bd996c3351a06062a0805 bytes=85 template=arithmetic origin=seed:tests/corpus/runtime/nested-try-finally.test.js
 PASS js-fuzzer-arithmetic-fc5a1443404b.js [8897/10000] status=ok obs=be83ab3ecd0d coverage=+0/32/38 time=2ms
  RUN js-fuzzer-boundary-4b188851088a.js [8898/10000] md5=4b188851088a18b5b5e1424320aec545 bytes=122 template=boundary origin=boundary:2147483647
 PASS js-fuzzer-boundary-4b188851088a.js [8898/10000] status=ok obs=c588c0a459f4 coverage=+0/32/38 time=1ms
  RUN js-fuzzer-array-object-c0ed25a19145.js [8899/10000] md5=c0ed25a19145ce4c493563eacf8b3390 bytes=133 template=array-object origin=seed:tests/corpus/syntax/logical-unary-nullish.test.js
 PASS js-fuzzer-array-object-c0ed25a19145.js [8899/10000] status=ok obs=45c48cce2e2d coverage=+0/32/38 time=2ms
  RUN js-fuzzer-closure-7ea8d5fb2094.js [8900/10000] md5=7ea8d5fb2094d1a53148451a19b786b4 bytes=184 template=closure origin=seed:tests/corpus/syntax/object-destructure-and-members.test.js
 PASS js-fuzzer-closure-7ea8d5fb2094.js [8900/10000] status=ok obs=7f39f8317fbd coverage=+0/32/38 time=1ms
  RUN js-fuzzer-block-scope-8aaa483675b3.js [8901/10000] md5=8aaa483675b368db5813ee90004aac25 bytes=114 template=block-scope origin=seed:tests/corpus/syntax/switch-do-while-sequence.test.js
 PASS js-fuzzer-block-scope-8aaa483675b3.js [8901/10000] status=ok obs=6974ce5ac660 coverage=+0/32/38 time=2ms
  RUN js-fuzzer-corpus-ff388659a641.js [8902/10000] md5=ff388659a6419d1e6e01ce4e7151a52e bytes=135 template=corpus origin=tests/corpus/syntax/template-array-destructure.test.js
 PASS js-fuzzer-corpus-ff388659a641.js [8902/10000] status=ok obs=f61c9a8be43c coverage=+0/32/38 time=1ms
  RUN js-fuzzer-try-catch-ee30a401530f.js [8903/10000] md5=ee30a401530f819cbc5581e8feb5d305 bytes=110 template=try-catch origin=seed:tests/corpus/syntax/typescript-assertions.test.ts
 PASS js-fuzzer-try-catch-ee30a401530f.js [8903/10000] status=ok obs=182be0c5cdcd coverage=+0/32/38 time=2ms
  RUN js-fuzzer-class-a9875f561daf.js [8904/10000] md5=a9875f561daf181d949c68fc070db0e0 bytes=101 template=class origin=seed:tests/corpus/syntax/typescript-non-null-satisfies.test.ts
 PASS js-fuzzer-class-a9875f561daf.js [8904/10000] status=ok obs=aab3238922bc coverage=+0/32/38 time=2ms
  RUN js-fuzzer-boundary-85faf3787c26.js [8905/10000] md5=85faf3787c26ca3bad9215a544873988 bytes=113 template=boundary origin=boundary:2
 PASS js-fuzzer-boundary-85faf3787c26.js [8905/10000] status=ok obs=c81e728d9d4c coverage=+0/32/38 time=1ms
  RUN js-fuzzer-function-06471e1fced1.js [8906/10000] md5=06471e1fced163f025e3f67e77c6ce04 bytes=153 template=function origin=seed:tests/corpus/fixtures/state-machine-workflow.test.js
 PASS js-fuzzer-function-06471e1fced1.js [8906/10000] status=ok obs=45c48cce2e2d coverage=+0/32/38 time=2ms
  RUN js-fuzzer-array-object-46c4e79dede5.js [8907/10000] md5=46c4e79dede5bc7612af8c2785796fc6 bytes=133 template=array-object origin=seed:tests/corpus/fixtures/vue-script-workflow.test.vue
 PASS js-fuzzer-array-object-46c4e79dede5.js [8907/10000] status=ok obs=3c59dc048e88 coverage=+0/32/38 time=2ms
  RUN js-fuzzer-closure-29e68e76f867.js [8908/10000] md5=29e68e76f867dc0cde73cb89c924d016 bytes=185 template=closure origin=seed:tests/corpus/obfuscation/constant-tag-mix.test.js
 PASS js-fuzzer-closure-29e68e76f867.js [8908/10000] status=ok obs=3416a75f4cea coverage=+0/32/38 time=1ms
  RUN js-fuzzer-block-scope-5951239be5d3.js [8909/10000] md5=5951239be5d370f7e12ed89cd6c868b1 bytes=114 template=block-scope origin=seed:tests/corpus/obfuscation/extern-slot-permutation.test.js
 PASS js-fuzzer-block-scope-5951239be5d3.js [8909/10000] status=ok obs=2723d092b638 coverage=+0/32/38 time=2ms
  RUN js-fuzzer-loop-bbf1d7a15d8d.js [8910/10000] md5=bbf1d7a15d8dd015402d75c0e0108b5f bytes=81 template=loop origin=seed:tests/corpus/obfuscation/externs-console.test.js
 PASS js-fuzzer-loop-bbf1d7a15d8d.js [8910/10000] status=ok obs=1679091c5a88 coverage=+0/32/38 time=2ms
  RUN js-fuzzer-corpus-38ba19d9deb7.js [8911/10000] md5=38ba19d9deb7566cc8a420c27ada3f21 bytes=136 template=corpus origin=tests/corpus/obfuscation/seed-sensitive-functions.test.js
 PASS js-fuzzer-corpus-38ba19d9deb7.js [8911/10000] status=ok obs=a5bfc9e07964 coverage=+0/32/38 time=1ms
  RUN js-fuzzer-boundary-3ca041277ff0.js [8912/10000] md5=3ca041277ff0c3edafc1a1dcaf120940 bytes=113 template=boundary origin=boundary:1
 PASS js-fuzzer-boundary-3ca041277ff0.js [8912/10000] status=ok obs=c4ca4238a0b9 coverage=+0/32/38 time=2ms
  RUN js-fuzzer-arithmetic-e5205e371878.js [8913/10000] md5=e5205e3718789515573394ac9b00756d bytes=84 template=arithmetic origin=seed:tests/corpus/regressions/multiple-functions-fib-add.test.js
 PASS js-fuzzer-arithmetic-e5205e371878.js [8913/10000] status=ok obs=f4b9ec30ad9f coverage=+0/32/38 time=1ms
  RUN js-fuzzer-function-67a4a16b508e.js [8914/10000] md5=67a4a16b508e8efc2a1fbbfc79004c7b bytes=153 template=function origin=seed:tests/corpus/regressions/scope-compressed-closure-params.test.js
 PASS js-fuzzer-function-67a4a16b508e.js [8914/10000] status=ok obs=eccbc87e4b5c coverage=+0/32/38 time=2ms
  RUN js-fuzzer-array-object-edccb63782a8.js [8915/10000] md5=edccb63782a8ca42ee8d8b4cabc054cb bytes=133 template=array-object origin=seed:tests/corpus/runtime/arrays-objects-methods.test.js
 PASS js-fuzzer-array-object-edccb63782a8.js [8915/10000] status=ok obs=c51ce410c124 coverage=+0/32/38 time=2ms
  RUN js-fuzzer-closure-d5473c83785c.js [8916/10000] md5=d5473c83785ceb8cbf047e7e55ceeae4 bytes=184 template=closure origin=seed:tests/corpus/runtime/block-scopes.test.js
 PASS js-fuzzer-closure-d5473c83785c.js [8916/10000] status=ok obs=e2c420d928d4 coverage=+0/32/38 time=1ms
  RUN js-fuzzer-block-scope-c359e2a72db2.js [8917/10000] md5=c359e2a72db2be0cf03b8eeda102b704 bytes=114 template=block-scope origin=seed:tests/corpus/runtime/class-fields-static-methods.test.js
 PASS js-fuzzer-block-scope-c359e2a72db2.js [8917/10000] status=ok obs=c9e1074f5b3f coverage=+0/32/38 time=2ms
  RUN js-fuzzer-loop-55c7c905bffb.js [8918/10000] md5=55c7c905bffb4bbbc4c8fb9b91df6ad8 bytes=81 template=loop origin=seed:tests/corpus/runtime/classes-and-objects.test.js
 PASS js-fuzzer-loop-55c7c905bffb.js [8918/10000] status=ok obs=eccbc87e4b5c coverage=+0/32/38 time=2ms
  RUN js-fuzzer-boundary-235131a2d0d1.js [8919/10000] md5=235131a2d0d184afe9327ca3bd456dde bytes=129 template=boundary origin=boundary:-9007199254740991
 PASS js-fuzzer-boundary-235131a2d0d1.js [8919/10000] status=ok obs=b3f3a95848f6 coverage=+0/32/38 time=1ms
  RUN js-fuzzer-corpus-08bc93bf5789.js [8920/10000] md5=08bc93bf57897bc88ce7161fe56cd099 bytes=169 template=corpus origin=tests/corpus/runtime/closures-read-captured-values.test.js
 PASS js-fuzzer-corpus-08bc93bf5789.js [8920/10000] status=ok obs=02e74f10e032 coverage=+0/32/38 time=2ms
  RUN js-fuzzer-arithmetic-e91e46d408a8.js [8921/10000] md5=e91e46d408a89fd78697bd0b58b5df9d bytes=85 template=arithmetic origin=seed:tests/corpus/runtime/exceptions-and-nullish.test.js
 PASS js-fuzzer-arithmetic-e91e46d408a8.js [8921/10000] status=ok obs=f033ab37c302 coverage=+0/32/38 time=1ms
  RUN js-fuzzer-function-84b6f0564867.js [8922/10000] md5=84b6f05648673d1e7da8df04c8cbab23 bytes=153 template=function origin=seed:tests/corpus/runtime/functions-closures-and-arrows.test.js
 PASS js-fuzzer-function-84b6f0564867.js [8922/10000] status=ok obs=c74d97b01eae coverage=+0/32/38 time=2ms
  RUN js-fuzzer-array-object-4311c8c7319e.js [8923/10000] md5=4311c8c7319ee38d6f19b034fcd44bed bytes=133 template=array-object origin=seed:tests/corpus/runtime/lexical-shadowing.test.js
 PASS js-fuzzer-array-object-4311c8c7319e.js [8923/10000] status=ok obs=6f4922f45568 coverage=+0/32/38 time=2ms
  RUN js-fuzzer-closure-f554636b7b72.js [8924/10000] md5=f554636b7b728fc30798f03a545cb883 bytes=184 template=closure origin=seed:tests/corpus/runtime/modules-export.test.js
 PASS js-fuzzer-closure-f554636b7b72.js [8924/10000] status=ok obs=d67d8ab4f4c1 coverage=+0/32/38 time=2ms
  RUN js-fuzzer-block-scope-6e86f1693252.js [8925/10000] md5=6e86f169325214da2b271b09cc491de1 bytes=114 template=block-scope origin=seed:tests/corpus/runtime/nested-try-finally.test.js
 PASS js-fuzzer-block-scope-6e86f1693252.js [8925/10000] status=ok obs=f0935e4cd592 coverage=+0/32/38 time=1ms
  RUN js-fuzzer-boundary-4b8e58e2bd3b.js [8926/10000] md5=4b8e58e2bd3bc437f093fe0ab13ce109 bytes=123 template=boundary origin=boundary:-2147483648
 PASS js-fuzzer-boundary-4b8e58e2bd3b.js [8926/10000] status=ok obs=034ff5946105 coverage=+0/32/38 time=2ms
  RUN js-fuzzer-try-catch-42a4cfadce42.js [8927/10000] md5=42a4cfadce4239139aa1e7114c2e99a2 bytes=110 template=try-catch origin=seed:tests/corpus/syntax/logical-unary-nullish.test.js
 PASS js-fuzzer-try-catch-42a4cfadce42.js [8927/10000] status=ok obs=19ca14e7ea63 coverage=+0/32/38 time=1ms
  RUN js-fuzzer-class-b901915e3eda.js [8928/10000] md5=b901915e3eda1a96f77dcec9fff681b5 bytes=100 template=class origin=seed:tests/corpus/syntax/object-destructure-and-members.test.js
 PASS js-fuzzer-class-b901915e3eda.js [8928/10000] status=ok obs=c81e728d9d4c coverage=+0/32/38 time=2ms
  RUN js-fuzzer-corpus-2aed353a2d20.js [8929/10000] md5=2aed353a2d200d64cbaf7beb40face20 bytes=275 template=corpus origin=tests/corpus/syntax/switch-do-while-sequence.test.js
 PASS js-fuzzer-corpus-2aed353a2d20.js [8929/10000] status=ok obs=6f4922f45568 coverage=+0/32/38 time=2ms
  RUN js-fuzzer-function-3dca9339a683.js [8930/10000] md5=3dca9339a6831946d3c5250be8e34eee bytes=153 template=function origin=seed:tests/corpus/syntax/template-array-destructure.test.js
 PASS js-fuzzer-function-3dca9339a683.js [8930/10000] status=ok obs=e4da3b7fbbce coverage=+0/32/38 time=1ms
  RUN js-fuzzer-array-object-81c3eef02ba1.js [8931/10000] md5=81c3eef02ba13bbe3541467317cebeda bytes=133 template=array-object origin=seed:tests/corpus/syntax/typescript-assertions.test.ts
 PASS js-fuzzer-array-object-81c3eef02ba1.js [8931/10000] status=ok obs=c9f0f895fb98 coverage=+0/32/38 time=2ms
  RUN js-fuzzer-closure-a7c0528ab5e2.js [8932/10000] md5=a7c0528ab5e27173a4f9cc6c7a5167ad bytes=183 template=closure origin=seed:tests/corpus/syntax/typescript-non-null-satisfies.test.ts
 PASS js-fuzzer-closure-a7c0528ab5e2.js [8932/10000] status=ok obs=70efdf2ec9b0 coverage=+0/32/38 time=2ms
  RUN js-fuzzer-boundary-db03eeac3914.js [8933/10000] md5=db03eeac3914e8f0a7bfea9eefe9f0de bytes=114 template=boundary origin=boundary:-2
 PASS js-fuzzer-boundary-db03eeac3914.js [8933/10000] status=ok obs=5d7b9adcbe1c coverage=+0/32/38 time=1ms
  RUN js-fuzzer-loop-55c7c905bffb.js [8934/10000] md5=55c7c905bffb4bbbc4c8fb9b91df6ad8 bytes=81 template=loop origin=seed:tests/corpus/fixtures/state-machine-workflow.test.js
 PASS js-fuzzer-loop-55c7c905bffb.js [8934/10000] status=ok obs=eccbc87e4b5c coverage=+0/32/38 time=2ms
  RUN js-fuzzer-try-catch-83aeb7d5f114.js [8935/10000] md5=83aeb7d5f114f448e90b2f3e31e7a7e9 bytes=110 template=try-catch origin=seed:tests/corpus/fixtures/vue-script-workflow.test.vue
 PASS js-fuzzer-try-catch-83aeb7d5f114.js [8935/10000] status=ok obs=e369853df766 coverage=+0/32/38 time=2ms
  RUN js-fuzzer-class-7c36fc3c0ad4.js [8936/10000] md5=7c36fc3c0ad4461d5dbbcd7afdfb6b5c bytes=101 template=class origin=seed:tests/corpus/obfuscation/constant-tag-mix.test.js
 PASS js-fuzzer-class-7c36fc3c0ad4.js [8936/10000] status=ok obs=d3d9446802a4 coverage=+0/32/38 time=1ms
  RUN js-fuzzer-arithmetic-1365c1b0a011.js [8937/10000] md5=1365c1b0a0119fac7864669089cd60d4 bytes=84 template=arithmetic origin=seed:tests/corpus/obfuscation/extern-slot-permutation.test.js
 PASS js-fuzzer-arithmetic-1365c1b0a011.js [8937/10000] status=ok obs=2838023a778d coverage=+0/32/38 time=2ms
  RUN js-fuzzer-corpus-efd663ac427b.js [8938/10000] md5=efd663ac427b5ca270b2f8b928c902bf bytes=112 template=corpus origin=tests/corpus/obfuscation/externs-console.test.js
 PASS js-fuzzer-corpus-efd663ac427b.js [8938/10000] status=ok obs=d289993e39c8 coverage=+0/32/38 time=1ms
  RUN js-fuzzer-array-object-a106370cbbeb.js [8939/10000] md5=a106370cbbebffa2e7cce59fc2e8640f bytes=133 template=array-object origin=seed:tests/corpus/obfuscation/seed-sensitive-functions.test.js
 PASS js-fuzzer-array-object-a106370cbbeb.js [8939/10000] status=ok obs=6f4922f45568 coverage=+0/32/38 time=1ms
  RUN js-fuzzer-boundary-61a9a82f5f08.js [8940/10000] md5=61a9a82f5f08bc177f13c805ba785d7d bytes=114 template=boundary origin=boundary:-1
 PASS js-fuzzer-boundary-61a9a82f5f08.js [8940/10000] status=ok obs=6bb61e3b7bce coverage=+0/32/38 time=2ms
  RUN js-fuzzer-block-scope-44cafb6befe2.js [8941/10000] md5=44cafb6befe24e59679ce6282a34c7e0 bytes=114 template=block-scope origin=seed:tests/corpus/regressions/multiple-functions-fib-add.test.js
 PASS js-fuzzer-block-scope-44cafb6befe2.js [8941/10000] status=ok obs=a97da629b098 coverage=+0/32/38 time=1ms
  RUN js-fuzzer-loop-55c7c905bffb.js [8942/10000] md5=55c7c905bffb4bbbc4c8fb9b91df6ad8 bytes=81 template=loop origin=seed:tests/corpus/regressions/scope-compressed-closure-params.test.js
 PASS js-fuzzer-loop-55c7c905bffb.js [8942/10000] status=ok obs=eccbc87e4b5c coverage=+0/32/38 time=2ms
  RUN js-fuzzer-try-catch-8d9c7d254dda.js [8943/10000] md5=8d9c7d254ddaafdc283e844d5d9a6231 bytes=109 template=try-catch origin=seed:tests/corpus/runtime/arrays-objects-methods.test.js
 PASS js-fuzzer-try-catch-8d9c7d254dda.js [8943/10000] status=ok obs=a87ff679a2f3 coverage=+0/32/38 time=1ms
  RUN js-fuzzer-class-b1e3642c0208.js [8944/10000] md5=b1e3642c0208992266fb21668a536292 bytes=100 template=class origin=seed:tests/corpus/runtime/block-scopes.test.js
 PASS js-fuzzer-class-b1e3642c0208.js [8944/10000] status=ok obs=c9f0f895fb98 coverage=+0/32/38 time=2ms
  RUN js-fuzzer-arithmetic-4f3c7c85c0f8.js [8945/10000] md5=4f3c7c85c0f813ca3465a920220c2fdf bytes=84 template=arithmetic origin=seed:tests/corpus/runtime/class-fields-static-methods.test.js
 PASS js-fuzzer-arithmetic-4f3c7c85c0f8.js [8945/10000] status=ok obs=9fc3d7152ba9 coverage=+0/32/38 time=2ms
  RUN js-fuzzer-function-2a74733dc731.js [8946/10000] md5=2a74733dc7313f8fa40f843496dd9ed4 bytes=153 template=function origin=seed:tests/corpus/runtime/classes-and-objects.test.js
 PASS js-fuzzer-function-2a74733dc731.js [8946/10000] status=ok obs=45c48cce2e2d coverage=+0/32/38 time=2ms
  RUN js-fuzzer-corpus-ddcb99247fc8.js [8947/10000] md5=ddcb99247fc847c897b97c6bd6512b9f bytes=217 template=corpus origin=tests/corpus/runtime/closures-mutate-captured-bindings.test.js
 PASS js-fuzzer-corpus-ddcb99247fc8.js [8947/10000] status=ok obs=e4da3b7fbbce coverage=+0/32/38 time=1ms
  RUN js-fuzzer-closure-73abde9223c3.js [8948/10000] md5=73abde9223c36253abce96856e05ce93 bytes=184 template=closure origin=seed:tests/corpus/runtime/closures-read-captured-values.test.js
 PASS js-fuzzer-closure-73abde9223c3.js [8948/10000] status=ok obs=67c6a1e7ce56 coverage=+0/32/38 time=2ms
  RUN js-fuzzer-block-scope-1710f6c285b6.js [8949/10000] md5=1710f6c285b609c0c107add81be6ddb8 bytes=115 template=block-scope origin=seed:tests/corpus/runtime/exceptions-and-nullish.test.js
 PASS js-fuzzer-block-scope-1710f6c285b6.js [8949/10000] status=ok obs=5f93f983524d coverage=+0/32/38 time=1ms
  RUN js-fuzzer-loop-55c7c905bffb.js [8950/10000] md5=55c7c905bffb4bbbc4c8fb9b91df6ad8 bytes=81 template=loop origin=seed:tests/corpus/runtime/functions-closures-and-arrows.test.js
 PASS js-fuzzer-loop-55c7c905bffb.js [8950/10000] status=ok obs=eccbc87e4b5c coverage=+0/32/38 time=1ms
  RUN js-fuzzer-try-catch-02a6aedaa978.js [8951/10000] md5=02a6aedaa97879d59ffd66c80df1d065 bytes=109 template=try-catch origin=seed:tests/corpus/runtime/lexical-shadowing.test.js
 PASS js-fuzzer-try-catch-02a6aedaa978.js [8951/10000] status=ok obs=e4da3b7fbbce coverage=+0/32/38 time=2ms
  RUN js-fuzzer-class-3b630e2d834a.js [8952/10000] md5=3b630e2d834a95a01ee75571f8bc0075 bytes=101 template=class origin=seed:tests/corpus/runtime/modules-export.test.js
 PASS js-fuzzer-class-3b630e2d834a.js [8952/10000] status=ok obs=6512bd43d9ca coverage=+0/32/38 time=2ms
  RUN js-fuzzer-arithmetic-c25fd9f9b291.js [8953/10000] md5=c25fd9f9b2912778d9f7d59f768f417a bytes=84 template=arithmetic origin=seed:tests/corpus/runtime/nested-try-finally.test.js
 PASS js-fuzzer-arithmetic-c25fd9f9b291.js [8953/10000] status=ok obs=31fefc0e570c coverage=+0/32/38 time=1ms
  RUN js-fuzzer-boundary-6330cdecf02f.js [8954/10000] md5=6330cdecf02f68328876d88213acc2ac bytes=128 template=boundary origin=boundary:9007199254740991
 PASS js-fuzzer-boundary-6330cdecf02f.js [8954/10000] status=ok obs=8bfa9ad090fb coverage=+0/32/38 time=2ms
  RUN js-fuzzer-array-object-ff697f0c1ea3.js [8955/10000] md5=ff697f0c1ea3dd2a2a07a79a4f9f53f9 bytes=133 template=array-object origin=seed:tests/corpus/syntax/logical-unary-nullish.test.js
 PASS js-fuzzer-array-object-ff697f0c1ea3.js [8955/10000] status=ok obs=45c48cce2e2d coverage=+0/32/38 time=2ms
  RUN js-fuzzer-corpus-96ebdcb81273.js [8956/10000] md5=96ebdcb81273f0e5e5778a6c70c94988 bytes=171 template=corpus origin=tests/corpus/syntax/object-destructure-and-members.test.js
 PASS js-fuzzer-corpus-96ebdcb81273.js [8956/10000] status=ok obs=bfad8dfa12ed coverage=+0/32/38 time=2ms
  RUN js-fuzzer-block-scope-9d4d69844277.js [8957/10000] md5=9d4d69844277eda0e679045a91f2bcf9 bytes=114 template=block-scope origin=seed:tests/corpus/syntax/switch-do-while-sequence.test.js
 PASS js-fuzzer-block-scope-9d4d69844277.js [8957/10000] status=ok obs=38b3eff8baf5 coverage=+0/32/38 time=2ms
  RUN js-fuzzer-loop-d35707ad0bf7.js [8958/10000] md5=d35707ad0bf74148f671ad8943998af6 bytes=81 template=loop origin=seed:tests/corpus/syntax/template-array-destructure.test.js
 PASS js-fuzzer-loop-d35707ad0bf7.js [8958/10000] status=ok obs=9bf31c7ff062 coverage=+0/32/38 time=1ms
  RUN js-fuzzer-try-catch-49469dc3bbde.js [8959/10000] md5=49469dc3bbdee70291dead76d4352702 bytes=109 template=try-catch origin=seed:tests/corpus/syntax/typescript-assertions.test.ts
 PASS js-fuzzer-try-catch-49469dc3bbde.js [8959/10000] status=ok obs=d3d9446802a4 coverage=+0/32/38 time=2ms
  RUN js-fuzzer-class-ff7d9ca3da86.js [8960/10000] md5=ff7d9ca3da86b49917ac34b4d48e8df9 bytes=101 template=class origin=seed:tests/corpus/syntax/typescript-non-null-satisfies.test.ts
 PASS js-fuzzer-class-ff7d9ca3da86.js [8960/10000] status=ok obs=c20ad4d76fe9 coverage=+0/32/38 time=1ms
  RUN js-fuzzer-boundary-86f8354fc6fd.js [8961/10000] md5=86f8354fc6fd092b05683bbf230dc769 bytes=122 template=boundary origin=boundary:2147483647
 PASS js-fuzzer-boundary-86f8354fc6fd.js [8961/10000] status=ok obs=c588c0a459f4 coverage=+0/32/38 time=2ms
  RUN js-fuzzer-function-297962b584b2.js [8962/10000] md5=297962b584b2139723d9064b9ad0de50 bytes=153 template=function origin=seed:tests/corpus/fixtures/state-machine-workflow.test.js
 PASS js-fuzzer-function-297962b584b2.js [8962/10000] status=ok obs=c81e728d9d4c coverage=+0/32/38 time=2ms
  RUN js-fuzzer-array-object-a6bc86c4b47e.js [8963/10000] md5=a6bc86c4b47e1398dad6eba17b1da525 bytes=133 template=array-object origin=seed:tests/corpus/fixtures/vue-script-workflow.test.vue
 PASS js-fuzzer-array-object-a6bc86c4b47e.js [8963/10000] status=ok obs=c20ad4d76fe9 coverage=+0/32/38 time=2ms
  RUN js-fuzzer-closure-f305b8703e3b.js [8964/10000] md5=f305b8703e3b9c602025587f667eea94 bytes=184 template=closure origin=seed:tests/corpus/obfuscation/constant-tag-mix.test.js
 PASS js-fuzzer-closure-f305b8703e3b.js [8964/10000] status=ok obs=735b90b45681 coverage=+0/32/38 time=2ms
  RUN js-fuzzer-corpus-fe2d30a6e413.js [8965/10000] md5=fe2d30a6e4139e7a8b52405bed737faa bytes=220 template=corpus origin=tests/corpus/obfuscation/extern-slot-permutation.test.js
 PASS js-fuzzer-corpus-fe2d30a6e413.js [8965/10000] status=ok obs=c34c702d0256 coverage=+0/32/38 time=2ms
  RUN js-fuzzer-loop-54e460cecf5c.js [8966/10000] md5=54e460cecf5c05dfcffaa3b2e5f57445 bytes=81 template=loop origin=seed:tests/corpus/obfuscation/externs-console.test.js
 PASS js-fuzzer-loop-54e460cecf5c.js [8966/10000] status=ok obs=d3d9446802a4 coverage=+0/32/38 time=1ms
  RUN js-fuzzer-try-catch-676dafc46859.js [8967/10000] md5=676dafc4685905581f3925e95c53669f bytes=110 template=try-catch origin=seed:tests/corpus/obfuscation/seed-sensitive-functions.test.js
 PASS js-fuzzer-try-catch-676dafc46859.js [8967/10000] status=ok obs=a5771bce93e2 coverage=+0/32/38 time=2ms
  RUN js-fuzzer-boundary-e33d9dc9cd6c.js [8968/10000] md5=e33d9dc9cd6c84ec6ac6a01d1d18c4f2 bytes=113 template=boundary origin=boundary:2
 PASS js-fuzzer-boundary-e33d9dc9cd6c.js [8968/10000] status=ok obs=c81e728d9d4c coverage=+0/32/38 time=2ms
  RUN js-fuzzer-arithmetic-3fcca64e7cdd.js [8969/10000] md5=3fcca64e7cdd62920c2a6df961135561 bytes=84 template=arithmetic origin=seed:tests/corpus/regressions/multiple-functions-fib-add.test.js
 PASS js-fuzzer-arithmetic-3fcca64e7cdd.js [8969/10000] status=ok obs=a97da629b098 coverage=+0/32/38 time=1ms
  RUN js-fuzzer-function-8a3820bf6e52.js [8970/10000] md5=8a3820bf6e52dcab1a0437ab7872cf6a bytes=153 template=function origin=seed:tests/corpus/regressions/scope-compressed-closure-params.test.js
 PASS js-fuzzer-function-8a3820bf6e52.js [8970/10000] status=ok obs=a87ff679a2f3 coverage=+0/32/38 time=2ms
  RUN js-fuzzer-array-object-ee708c3ba2a3.js [8971/10000] md5=ee708c3ba2a33d7012d8bf129aea4ef6 bytes=133 template=array-object origin=seed:tests/corpus/runtime/arrays-objects-methods.test.js
 PASS js-fuzzer-array-object-ee708c3ba2a3.js [8971/10000] status=ok obs=9bf31c7ff062 coverage=+0/32/38 time=2ms
  RUN js-fuzzer-closure-8a95a02ac0ed.js [8972/10000] md5=8a95a02ac0edf426c0cb8fa45c379334 bytes=184 template=closure origin=seed:tests/corpus/runtime/block-scopes.test.js
 PASS js-fuzzer-closure-8a95a02ac0ed.js [8972/10000] status=ok obs=3416a75f4cea coverage=+0/32/38 time=2ms
  RUN js-fuzzer-block-scope-2f4bb21655e1.js [8973/10000] md5=2f4bb21655e1a9ad90390460575f34bf bytes=114 template=block-scope origin=seed:tests/corpus/runtime/class-fields-static-methods.test.js
 PASS js-fuzzer-block-scope-2f4bb21655e1.js [8973/10000] status=ok obs=2723d092b638 coverage=+0/32/38 time=2ms
  RUN js-fuzzer-corpus-663bf83cd082.js [8974/10000] md5=663bf83cd082bd221441dae6bbc85046 bytes=278 template=corpus origin=tests/corpus/runtime/classes-and-objects.test.js
 PASS js-fuzzer-corpus-663bf83cd082.js [8974/10000] status=ok obs=6f4922f45568 coverage=+0/32/38 time=2ms
  RUN js-fuzzer-boundary-ccde2dac26f6.js [8975/10000] md5=ccde2dac26f6d3fd46c3698825685fe3 bytes=113 template=boundary origin=boundary:1
 PASS js-fuzzer-boundary-ccde2dac26f6.js [8975/10000] status=ok obs=c4ca4238a0b9 coverage=+0/32/38 time=2ms
  RUN js-fuzzer-class-769274f77fa6.js [8976/10000] md5=769274f77fa62254ce7e0eb0e3adf7f1 bytes=100 template=class origin=seed:tests/corpus/runtime/closures-read-captured-values.test.js
 PASS js-fuzzer-class-769274f77fa6.js [8976/10000] status=ok obs=c4ca4238a0b9 coverage=+0/32/38 time=1ms
  RUN js-fuzzer-arithmetic-a27400189f35.js [8977/10000] md5=a27400189f353e4db4a37eddd5d29cb5 bytes=83 template=arithmetic origin=seed:tests/corpus/runtime/exceptions-and-nullish.test.js
 PASS js-fuzzer-arithmetic-a27400189f35.js [8977/10000] status=ok obs=2b24d495052a coverage=+0/32/38 time=2ms
  RUN js-fuzzer-function-8a44cf2ceed5.js [8978/10000] md5=8a44cf2ceed595d9f22254a99d394b8c bytes=153 template=function origin=seed:tests/corpus/runtime/functions-closures-and-arrows.test.js
 PASS js-fuzzer-function-8a44cf2ceed5.js [8978/10000] status=ok obs=1ff1de774005 coverage=+0/32/38 time=2ms
  RUN js-fuzzer-array-object-88113ad3ab9d.js [8979/10000] md5=88113ad3ab9d744d7bcf3e77fbca5401 bytes=133 template=array-object origin=seed:tests/corpus/runtime/lexical-shadowing.test.js
 PASS js-fuzzer-array-object-88113ad3ab9d.js [8979/10000] status=ok obs=c20ad4d76fe9 coverage=+0/32/38 time=1ms
  RUN js-fuzzer-closure-a53cea4be84e.js [8980/10000] md5=a53cea4be84e6965bafb6624209f5214 bytes=185 template=closure origin=seed:tests/corpus/runtime/modules-export.test.js
 PASS js-fuzzer-closure-a53cea4be84e.js [8980/10000] status=ok obs=7f39f8317fbd coverage=+0/32/38 time=2ms
  RUN js-fuzzer-block-scope-5929829bb015.js [8981/10000] md5=5929829bb0156e79a3a2d2cf8153931a bytes=114 template=block-scope origin=seed:tests/corpus/runtime/nested-try-finally.test.js
 PASS js-fuzzer-block-scope-5929829bb015.js [8981/10000] status=ok obs=f0935e4cd592 coverage=+0/32/38 time=3ms
  RUN js-fuzzer-boundary-6aec0a9b1ff4.js [8982/10000] md5=6aec0a9b1ff4294bcfecb539ba7e660b bytes=129 template=boundary origin=boundary:-9007199254740991
 PASS js-fuzzer-boundary-6aec0a9b1ff4.js [8982/10000] status=ok obs=b3f3a95848f6 coverage=+0/32/38 time=2ms
  RUN js-fuzzer-corpus-279b64032335.js [8983/10000] md5=279b640323351a1b082b98b42d2a2d55 bytes=134 template=corpus origin=tests/corpus/syntax/logical-unary-nullish.test.js
 PASS js-fuzzer-corpus-279b64032335.js [8983/10000] status=ok obs=45c48cce2e2d coverage=+0/32/38 time=1ms
  RUN js-fuzzer-class-ff7d9ca3da86.js [8984/10000] md5=ff7d9ca3da86b49917ac34b4d48e8df9 bytes=101 template=class origin=seed:tests/corpus/syntax/object-destructure-and-members.test.js
 PASS js-fuzzer-class-ff7d9ca3da86.js [8984/10000] status=ok obs=c20ad4d76fe9 coverage=+0/32/38 time=2ms
  RUN js-fuzzer-arithmetic-6d2537118b80.js [8985/10000] md5=6d2537118b807588b3fb5ca646666db0 bytes=85 template=arithmetic origin=seed:tests/corpus/syntax/switch-do-while-sequence.test.js
 PASS js-fuzzer-arithmetic-6d2537118b80.js [8985/10000] status=ok obs=06409663226a coverage=+0/32/38 time=1ms
  RUN js-fuzzer-function-7078b1558e88.js [8986/10000] md5=7078b1558e88c84f2ce4ff32c844a13e bytes=153 template=function origin=seed:tests/corpus/syntax/template-array-destructure.test.js
 PASS js-fuzzer-function-7078b1558e88.js [8986/10000] status=ok obs=1679091c5a88 coverage=+0/32/38 time=2ms
  RUN js-fuzzer-array-object-1a044fec9299.js [8987/10000] md5=1a044fec92998d6c5bad6ebe5d86e769 bytes=133 template=array-object origin=seed:tests/corpus/syntax/typescript-assertions.test.ts
 PASS js-fuzzer-array-object-1a044fec9299.js [8987/10000] status=ok obs=aab3238922bc coverage=+0/32/38 time=2ms
  RUN js-fuzzer-closure-3c00c88e9b91.js [8988/10000] md5=3c00c88e9b915290486c977dc9f8f6af bytes=185 template=closure origin=seed:tests/corpus/syntax/typescript-non-null-satisfies.test.ts
 PASS js-fuzzer-closure-3c00c88e9b91.js [8988/10000] status=ok obs=03afdbd66e79 coverage=+0/32/38 time=1ms
  RUN js-fuzzer-boundary-205872a6e44c.js [8989/10000] md5=205872a6e44c1ea0cf94554af934fb09 bytes=123 template=boundary origin=boundary:-2147483648
 PASS js-fuzzer-boundary-205872a6e44c.js [8989/10000] status=ok obs=034ff5946105 coverage=+0/32/38 time=2ms
  RUN js-fuzzer-loop-55c7c905bffb.js [8990/10000] md5=55c7c905bffb4bbbc4c8fb9b91df6ad8 bytes=81 template=loop origin=seed:tests/corpus/fixtures/state-machine-workflow.test.js
 PASS js-fuzzer-loop-55c7c905bffb.js [8990/10000] status=ok obs=eccbc87e4b5c coverage=+0/32/38 time=2ms
  RUN js-fuzzer-try-catch-02a6aedaa978.js [8991/10000] md5=02a6aedaa97879d59ffd66c80df1d065 bytes=109 template=try-catch origin=seed:tests/corpus/fixtures/vue-script-workflow.test.vue
 PASS js-fuzzer-try-catch-02a6aedaa978.js [8991/10000] status=ok obs=e4da3b7fbbce coverage=+0/32/38 time=2ms
  RUN js-fuzzer-corpus-f00ef18b0a17.js [8992/10000] md5=f00ef18b0a172b2a2d9833f5b7fe94e2 bytes=199 template=corpus origin=tests/corpus/obfuscation/constant-tag-mix.test.js
 PASS js-fuzzer-corpus-f00ef18b0a17.js [8992/10000] status=ok obs=e86823f38986 coverage=+0/32/38 time=3ms
  RUN js-fuzzer-arithmetic-bf06e797cc6b.js [8993/10000] md5=bf06e797cc6bb405aeff77cc3c582f36 bytes=85 template=arithmetic origin=seed:tests/corpus/obfuscation/extern-slot-permutation.test.js
 PASS js-fuzzer-arithmetic-bf06e797cc6b.js [8993/10000] status=ok obs=c45147dee729 coverage=+0/32/38 time=1ms
  RUN js-fuzzer-function-d9597d28535f.js [8994/10000] md5=d9597d28535fd2b10f5ca10cf87a7bb6 bytes=153 template=function origin=seed:tests/corpus/obfuscation/externs-console.test.js
 PASS js-fuzzer-function-d9597d28535f.js [8994/10000] status=ok obs=6f4922f45568 coverage=+0/32/38 time=2ms
  RUN js-fuzzer-array-object-80442e04a9aa.js [8995/10000] md5=80442e04a9aa3384b665160874136ae7 bytes=133 template=array-object origin=seed:tests/corpus/obfuscation/seed-sensitive-functions.test.js
 PASS js-fuzzer-array-object-80442e04a9aa.js [8995/10000] status=ok obs=c20ad4d76fe9 coverage=+0/32/38 time=2ms
  RUN js-fuzzer-boundary-6d89c3a838ae.js [8996/10000] md5=6d89c3a838ae354bda64ec37ec2b63b1 bytes=114 template=boundary origin=boundary:-2
 PASS js-fuzzer-boundary-6d89c3a838ae.js [8996/10000] status=ok obs=5d7b9adcbe1c coverage=+0/32/38 time=1ms
  RUN js-fuzzer-block-scope-15fc3560599c.js [8997/10000] md5=15fc3560599c8a8554d1675ccab758aa bytes=114 template=block-scope origin=seed:tests/corpus/regressions/multiple-functions-fib-add.test.js
 PASS js-fuzzer-block-scope-15fc3560599c.js [8997/10000] status=ok obs=65b9eea6e1cc coverage=+0/32/38 time=2ms
  RUN js-fuzzer-loop-bbf1d7a15d8d.js [8998/10000] md5=bbf1d7a15d8dd015402d75c0e0108b5f bytes=81 template=loop origin=seed:tests/corpus/regressions/scope-compressed-closure-params.test.js
 PASS js-fuzzer-loop-bbf1d7a15d8d.js [8998/10000] status=ok obs=1679091c5a88 coverage=+0/32/38 time=1ms
  RUN js-fuzzer-try-catch-394293a01c1f.js [8999/10000] md5=394293a01c1f5412b61d69cb8738d61b bytes=110 template=try-catch origin=seed:tests/corpus/runtime/arrays-objects-methods.test.js
 PASS js-fuzzer-try-catch-394293a01c1f.js [8999/10000] status=ok obs=c74d97b01eae coverage=+0/32/38 time=2ms
  RUN js-fuzzer-class-1fb70654253d.js [9000/10000] md5=1fb70654253d944404805630039f463c bytes=101 template=class origin=seed:tests/corpus/runtime/block-scopes.test.js
 PASS js-fuzzer-class-1fb70654253d.js [9000/10000] status=ok obs=c51ce410c124 coverage=+0/32/38 time=2ms
  RUN js-fuzzer-corpus-a64e83c2f849.js [9001/10000] md5=a64e83c2f84925dca8985eabe963ee21 bytes=179 template=corpus origin=tests/corpus/runtime/class-fields-static-methods.test.js
 PASS js-fuzzer-corpus-a64e83c2f849.js [9001/10000] status=ok obs=8f14e45fceea coverage=+0/32/38 time=1ms
  RUN js-fuzzer-function-c472354a037a.js [9002/10000] md5=c472354a037a48d197cd60b4e04af6e0 bytes=153 template=function origin=seed:tests/corpus/runtime/classes-and-objects.test.js
 PASS js-fuzzer-function-c472354a037a.js [9002/10000] status=ok obs=02e74f10e032 coverage=+0/32/38 time=3ms
  RUN js-fuzzer-boundary-1024adcac0e5.js [9003/10000] md5=1024adcac0e5cc9f99f478fa66dcc00c bytes=114 template=boundary origin=boundary:-1
 PASS js-fuzzer-boundary-1024adcac0e5.js [9003/10000] status=ok obs=6bb61e3b7bce coverage=+0/32/38 time=1ms
  RUN js-fuzzer-closure-2c8623f98625.js [9004/10000] md5=2c8623f98625d789c4e2aae81865e430 bytes=183 template=closure origin=seed:tests/corpus/runtime/closures-read-captured-values.test.js
 PASS js-fuzzer-closure-2c8623f98625.js [9004/10000] status=ok obs=c51ce410c124 coverage=+0/32/38 time=2ms
  RUN js-fuzzer-block-scope-485fb58c1fad.js [9005/10000] md5=485fb58c1fad4717cf5e978b3f28ce68 bytes=114 template=block-scope origin=seed:tests/corpus/runtime/exceptions-and-nullish.test.js
 PASS js-fuzzer-block-scope-485fb58c1fad.js [9005/10000] status=ok obs=65b9eea6e1cc coverage=+0/32/38 time=2ms
  RUN js-fuzzer-loop-bbf1d7a15d8d.js [9006/10000] md5=bbf1d7a15d8dd015402d75c0e0108b5f bytes=81 template=loop origin=seed:tests/corpus/runtime/functions-closures-and-arrows.test.js
 PASS js-fuzzer-loop-bbf1d7a15d8d.js [9006/10000] status=ok obs=1679091c5a88 coverage=+0/32/38 time=1ms
  RUN js-fuzzer-try-catch-676dafc46859.js [9007/10000] md5=676dafc4685905581f3925e95c53669f bytes=110 template=try-catch origin=seed:tests/corpus/runtime/lexical-shadowing.test.js
 PASS js-fuzzer-try-catch-676dafc46859.js [9007/10000] status=ok obs=a5771bce93e2 coverage=+0/32/38 time=2ms
  RUN js-fuzzer-class-d2b3669b495d.js [9008/10000] md5=d2b3669b495dd4792f9e1509f2bbf8a7 bytes=100 template=class origin=seed:tests/corpus/runtime/modules-export.test.js
 PASS js-fuzzer-class-d2b3669b495d.js [9008/10000] status=ok obs=eccbc87e4b5c coverage=+0/32/38 time=2ms
  RUN js-fuzzer-arithmetic-a3b5355e4042.js [9009/10000] md5=a3b5355e4042046c3314911fe4fc76fb bytes=84 template=arithmetic origin=seed:tests/corpus/runtime/nested-try-finally.test.js
 PASS js-fuzzer-arithmetic-a3b5355e4042.js [9009/10000] status=ok obs=2a38a4a9316c coverage=+0/32/38 time=1ms
  RUN js-fuzzer-corpus-89e900fcb72f.js [9010/10000] md5=89e900fcb72ff838bfe9a13ae091363f bytes=228 template=corpus origin=tests/corpus/syntax/control-flow-and-operators.test.js
 PASS js-fuzzer-corpus-89e900fcb72f.js [9010/10000] status=ok obs=aab3238922bc coverage=+0/32/38 time=2ms
  RUN js-fuzzer-array-object-723ca0e417fd.js [9011/10000] md5=723ca0e417fdb7a75783c80749d00ffa bytes=133 template=array-object origin=seed:tests/corpus/syntax/logical-unary-nullish.test.js
 PASS js-fuzzer-array-object-723ca0e417fd.js [9011/10000] status=ok obs=1f0e3dad9990 coverage=+0/32/38 time=2ms
  RUN js-fuzzer-closure-fb27791f2093.js [9012/10000] md5=fb27791f2093d8754efa60eec8ca50dd bytes=183 template=closure origin=seed:tests/corpus/syntax/object-destructure-and-members.test.js
 PASS js-fuzzer-closure-fb27791f2093.js [9012/10000] status=ok obs=70efdf2ec9b0 coverage=+0/32/38 time=1ms
  RUN js-fuzzer-block-scope-0d959b955ab6.js [9013/10000] md5=0d959b955ab696f224dd11a7efe26948 bytes=114 template=block-scope origin=seed:tests/corpus/syntax/switch-do-while-sequence.test.js
 PASS js-fuzzer-block-scope-0d959b955ab6.js [9013/10000] status=ok obs=65b9eea6e1cc coverage=+0/32/38 time=2ms
  RUN js-fuzzer-loop-d35707ad0bf7.js [9014/10000] md5=d35707ad0bf74148f671ad8943998af6 bytes=81 template=loop origin=seed:tests/corpus/syntax/template-array-destructure.test.js
 PASS js-fuzzer-loop-d35707ad0bf7.js [9014/10000] status=ok obs=9bf31c7ff062 coverage=+0/32/38 time=2ms
  RUN js-fuzzer-try-catch-b442aa263f12.js [9015/10000] md5=b442aa263f129fb627b483e77db700ad bytes=110 template=try-catch origin=seed:tests/corpus/syntax/typescript-assertions.test.ts
 PASS js-fuzzer-try-catch-b442aa263f12.js [9015/10000] status=ok obs=c20ad4d76fe9 coverage=+0/32/38 time=1ms
  RUN js-fuzzer-class-b1e3642c0208.js [9016/10000] md5=b1e3642c0208992266fb21668a536292 bytes=100 template=class origin=seed:tests/corpus/syntax/typescript-non-null-satisfies.test.ts
 PASS js-fuzzer-class-b1e3642c0208.js [9016/10000] status=ok obs=c9f0f895fb98 coverage=+0/32/38 time=2ms
  RUN js-fuzzer-boundary-2b35f90895ea.js [9017/10000] md5=2b35f90895ea85111e562e627044f919 bytes=128 template=boundary origin=boundary:9007199254740991
 PASS js-fuzzer-boundary-2b35f90895ea.js [9017/10000] status=ok obs=8bfa9ad090fb coverage=+0/32/38 time=1ms
  RUN js-fuzzer-function-4b9684ea9e29.js [9018/10000] md5=4b9684ea9e291ddb6515f98bf0c93905 bytes=153 template=function origin=seed:tests/corpus/fixtures/state-machine-workflow.test.js
 PASS js-fuzzer-function-4b9684ea9e29.js [9018/10000] status=ok obs=eccbc87e4b5c coverage=+0/32/38 time=2ms
  RUN js-fuzzer-corpus-f722388c7961.js [9019/10000] md5=f722388c7961d2a0288508c35f28a5f8 bytes=96 template=corpus origin=tests/corpus/fixtures/vue-script-workflow.test.vue
 PASS js-fuzzer-corpus-f722388c7961.js [9019/10000] status=ok obs=6512bd43d9ca coverage=+0/32/38 time=1ms
  RUN js-fuzzer-closure-7f0fcef8a5f6.js [9020/10000] md5=7f0fcef8a5f63a8f16cf40bcfecc2308 bytes=185 template=closure origin=seed:tests/corpus/obfuscation/constant-tag-mix.test.js
 PASS js-fuzzer-closure-7f0fcef8a5f6.js [9020/10000] status=ok obs=67c6a1e7ce56 coverage=+0/32/38 time=2ms
  RUN js-fuzzer-block-scope-ab0f2499d1e3.js [9021/10000] md5=ab0f2499d1e3e85809685eebdc3d745d bytes=114 template=block-scope origin=seed:tests/corpus/obfuscation/extern-slot-permutation.test.js
 PASS js-fuzzer-block-scope-ab0f2499d1e3.js [9021/10000] status=ok obs=a3c65c297427 coverage=+0/32/38 time=2ms
  RUN js-fuzzer-loop-bbf1d7a15d8d.js [9022/10000] md5=bbf1d7a15d8dd015402d75c0e0108b5f bytes=81 template=loop origin=seed:tests/corpus/obfuscation/externs-console.test.js
 PASS js-fuzzer-loop-bbf1d7a15d8d.js [9022/10000] status=ok obs=1679091c5a88 coverage=+0/32/38 time=1ms
  RUN js-fuzzer-try-catch-8d9c7d254dda.js [9023/10000] md5=8d9c7d254ddaafdc283e844d5d9a6231 bytes=109 template=try-catch origin=seed:tests/corpus/obfuscation/seed-sensitive-functions.test.js
 PASS js-fuzzer-try-catch-8d9c7d254dda.js [9023/10000] status=ok obs=a87ff679a2f3 coverage=+0/32/38 time=2ms
  RUN js-fuzzer-boundary-5c12d757f0dd.js [9024/10000] md5=5c12d757f0ddd5c6b1207b14fb1e8d0c bytes=122 template=boundary origin=boundary:2147483647
 PASS js-fuzzer-boundary-5c12d757f0dd.js [9024/10000] status=ok obs=c588c0a459f4 coverage=+0/32/38 time=2ms
  RUN js-fuzzer-arithmetic-0b30d317f003.js [9025/10000] md5=0b30d317f00307085e951672e0969ff6 bytes=85 template=arithmetic origin=seed:tests/corpus/regressions/multiple-functions-fib-add.test.js
 PASS js-fuzzer-arithmetic-0b30d317f003.js [9025/10000] status=ok obs=c0e190d8267e coverage=+0/32/38 time=1ms
  RUN js-fuzzer-function-9a24649f1cae.js [9026/10000] md5=9a24649f1caec2a9716934902cbac103 bytes=153 template=function origin=seed:tests/corpus/regressions/scope-compressed-closure-params.test.js
 PASS js-fuzzer-function-9a24649f1cae.js [9026/10000] status=ok obs=9bf31c7ff062 coverage=+0/32/38 time=2ms
  RUN js-fuzzer-array-object-519d6e1dab04.js [9027/10000] md5=519d6e1dab0433bbeb71ccb7fabf9e6a bytes=133 template=array-object origin=seed:tests/corpus/runtime/arrays-objects-methods.test.js
 PASS js-fuzzer-array-object-519d6e1dab04.js [9027/10000] status=ok obs=c51ce410c124 coverage=+0/32/38 time=2ms
  RUN js-fuzzer-corpus-8b78ba7912c5.js [9028/10000] md5=8b78ba7912c51f6cf304b65c6ebdb2e3 bytes=289 template=corpus origin=tests/corpus/runtime/block-scopes.test.js
 PASS js-fuzzer-corpus-8b78ba7912c5.js [9028/10000] status=ok obs=37693cfc7480 coverage=+0/32/38 time=2ms
  RUN js-fuzzer-block-scope-d91a7021820e.js [9029/10000] md5=d91a7021820e6be8bb5d840fafff4dcb bytes=115 template=block-scope origin=seed:tests/corpus/runtime/class-fields-static-methods.test.js
 PASS js-fuzzer-block-scope-d91a7021820e.js [9029/10000] status=ok obs=5f93f983524d coverage=+0/32/38 time=1ms
  RUN js-fuzzer-loop-f495ca2fc638.js [9030/10000] md5=f495ca2fc6389f933578fc501f5b1465 bytes=81 template=loop origin=seed:tests/corpus/runtime/classes-and-objects.test.js
 PASS js-fuzzer-loop-f495ca2fc638.js [9030/10000] status=ok obs=c4ca4238a0b9 coverage=+0/32/38 time=2ms
  RUN js-fuzzer-boundary-e33d9dc9cd6c.js [9031/10000] md5=e33d9dc9cd6c84ec6ac6a01d1d18c4f2 bytes=113 template=boundary origin=boundary:2
 PASS js-fuzzer-boundary-e33d9dc9cd6c.js [9031/10000] status=ok obs=c81e728d9d4c coverage=+0/32/38 time=2ms
  RUN js-fuzzer-class-7c36fc3c0ad4.js [9032/10000] md5=7c36fc3c0ad4461d5dbbcd7afdfb6b5c bytes=101 template=class origin=seed:tests/corpus/runtime/closures-read-captured-values.test.js
 PASS js-fuzzer-class-7c36fc3c0ad4.js [9032/10000] status=ok obs=d3d9446802a4 coverage=+0/32/38 time=1ms
  RUN js-fuzzer-arithmetic-a2e6a4f3db44.js [9033/10000] md5=a2e6a4f3db44c09e940127bb76e12e1e bytes=85 template=arithmetic origin=seed:tests/corpus/runtime/exceptions-and-nullish.test.js
 PASS js-fuzzer-arithmetic-a2e6a4f3db44.js [9033/10000] status=ok obs=3cec07e9ba5f coverage=+0/32/38 time=2ms
  RUN js-fuzzer-function-831f4ac0cd0e.js [9034/10000] md5=831f4ac0cd0ee5c472d5e3bccfaabf34 bytes=153 template=function origin=seed:tests/corpus/runtime/functions-closures-and-arrows.test.js
 PASS js-fuzzer-function-831f4ac0cd0e.js [9034/10000] status=ok obs=c9f0f895fb98 coverage=+0/32/38 time=2ms
  RUN js-fuzzer-array-object-1ceb3246feff.js [9035/10000] md5=1ceb3246feff8435583384202f0414e7 bytes=133 template=array-object origin=seed:tests/corpus/runtime/lexical-shadowing.test.js
 PASS js-fuzzer-array-object-1ceb3246feff.js [9035/10000] status=ok obs=c74d97b01eae coverage=+0/32/38 time=1ms
  RUN js-fuzzer-closure-6b52267b7b82.js [9036/10000] md5=6b52267b7b821f47b4c5b5c510963f21 bytes=184 template=closure origin=seed:tests/corpus/runtime/modules-export.test.js
 PASS js-fuzzer-closure-6b52267b7b82.js [9036/10000] status=ok obs=17e62166fc85 coverage=+0/32/38 time=2ms
  RUN js-fuzzer-corpus-c557f8da2a9d.js [9037/10000] md5=c557f8da2a9d2904c70dca50c3eeb50e bytes=191 template=corpus origin=tests/corpus/runtime/nested-try-finally.test.js
 PASS js-fuzzer-corpus-c557f8da2a9d.js [9037/10000] status=ok obs=8f14e45fceea coverage=+0/32/38 time=1ms
  RUN js-fuzzer-boundary-a6a77cc918cc.js [9038/10000] md5=a6a77cc918cc479b04ccb7be2bd80dac bytes=113 template=boundary origin=boundary:1
 PASS js-fuzzer-boundary-a6a77cc918cc.js [9038/10000] status=ok obs=c4ca4238a0b9 coverage=+0/32/38 time=2ms
  RUN js-fuzzer-try-catch-ee30a401530f.js [9039/10000] md5=ee30a401530f819cbc5581e8feb5d305 bytes=110 template=try-catch origin=seed:tests/corpus/syntax/logical-unary-nullish.test.js
 PASS js-fuzzer-try-catch-ee30a401530f.js [9039/10000] status=ok obs=182be0c5cdcd coverage=+0/32/38 time=2ms
  RUN js-fuzzer-class-769274f77fa6.js [9040/10000] md5=769274f77fa62254ce7e0eb0e3adf7f1 bytes=100 template=class origin=seed:tests/corpus/syntax/object-destructure-and-members.test.js
 PASS js-fuzzer-class-769274f77fa6.js [9040/10000] status=ok obs=c4ca4238a0b9 coverage=+0/32/38 time=1ms
  RUN js-fuzzer-arithmetic-65bf433da808.js [9041/10000] md5=65bf433da8080fd680e586f8648d545a bytes=84 template=arithmetic origin=seed:tests/corpus/syntax/switch-do-while-sequence.test.js
 PASS js-fuzzer-arithmetic-65bf433da808.js [9041/10000] status=ok obs=2b44928ae11f coverage=+0/32/38 time=2ms
  RUN js-fuzzer-function-3c5d7cd75696.js [9042/10000] md5=3c5d7cd75696cd405bd2fe4a10121d7f bytes=153 template=function origin=seed:tests/corpus/syntax/template-array-destructure.test.js
 PASS js-fuzzer-function-3c5d7cd75696.js [9042/10000] status=ok obs=c20ad4d76fe9 coverage=+0/32/38 time=2ms
  RUN js-fuzzer-array-object-b9549f69ef72.js [9043/10000] md5=b9549f69ef7265e24db2593b6d0bae24 bytes=133 template=array-object origin=seed:tests/corpus/syntax/typescript-assertions.test.ts
 PASS js-fuzzer-array-object-b9549f69ef72.js [9043/10000] status=ok obs=6512bd43d9ca coverage=+0/32/38 time=1ms
  RUN js-fuzzer-closure-a3645b5f49ad.js [9044/10000] md5=a3645b5f49ad972965dafd4c0f3cd013 bytes=184 template=closure origin=seed:tests/corpus/syntax/typescript-non-null-satisfies.test.ts
 PASS js-fuzzer-closure-a3645b5f49ad.js [9044/10000] status=ok obs=a5bfc9e07964 coverage=+0/32/38 time=2ms
  RUN js-fuzzer-boundary-e62759fbe8d3.js [9045/10000] md5=e62759fbe8d36ad2cfb89a0f8bac18b9 bytes=129 template=boundary origin=boundary:-9007199254740991
 PASS js-fuzzer-boundary-e62759fbe8d3.js [9045/10000] status=ok obs=b3f3a95848f6 coverage=+0/32/38 time=2ms
  RUN js-fuzzer-corpus-ab8ca4f8757c.js [9046/10000] md5=ab8ca4f8757c6165b29cd6a662edad93 bytes=450 template=corpus origin=tests/corpus/fixtures/state-machine-workflow.test.js
 PASS js-fuzzer-corpus-ab8ca4f8757c.js [9046/10000] status=ok obs=b9f49c580664 coverage=+0/32/38 time=3ms
  RUN js-fuzzer-try-catch-8a297d00e90e.js [9047/10000] md5=8a297d00e90eb93174a6d6eeae5be951 bytes=110 template=try-catch origin=seed:tests/corpus/fixtures/vue-script-workflow.test.vue
 PASS js-fuzzer-try-catch-8a297d00e90e.js [9047/10000] status=ok obs=98f137082101 coverage=+0/32/38 time=1ms
  RUN js-fuzzer-class-47fbd3db5853.js [9048/10000] md5=47fbd3db58539fc2e42627a4f3168c79 bytes=101 template=class origin=seed:tests/corpus/obfuscation/constant-tag-mix.test.js
 PASS js-fuzzer-class-47fbd3db5853.js [9048/10000] status=ok obs=98f137082101 coverage=+0/32/38 time=2ms
  RUN js-fuzzer-arithmetic-28a653c8d612.js [9049/10000] md5=28a653c8d612f3cd0bcf1fb8345ddb80 bytes=83 template=arithmetic origin=seed:tests/corpus/obfuscation/extern-slot-permutation.test.js
 PASS js-fuzzer-arithmetic-28a653c8d612.js [9049/10000] status=ok obs=9a1158154dfa coverage=+0/32/38 time=2ms
  RUN js-fuzzer-function-f9a15ede1a13.js [9050/10000] md5=f9a15ede1a136ec60ae593fd7d4d8635 bytes=153 template=function origin=seed:tests/corpus/obfuscation/externs-console.test.js
 PASS js-fuzzer-function-f9a15ede1a13.js [9050/10000] status=ok obs=d3d9446802a4 coverage=+0/32/38 time=2ms
  RUN js-fuzzer-array-object-ace0e1414856.js [9051/10000] md5=ace0e14148563aeace6e62d86611483e bytes=133 template=array-object origin=seed:tests/corpus/obfuscation/seed-sensitive-functions.test.js
 PASS js-fuzzer-array-object-ace0e1414856.js [9051/10000] status=ok obs=45c48cce2e2d coverage=+0/32/38 time=1ms
  RUN js-fuzzer-boundary-56f451fe2902.js [9052/10000] md5=56f451fe2902341a3a470031c46238b3 bytes=123 template=boundary origin=boundary:-2147483648
 PASS js-fuzzer-boundary-56f451fe2902.js [9052/10000] status=ok obs=034ff5946105 coverage=+0/32/38 time=2ms
  RUN js-fuzzer-block-scope-bdee2ca933f4.js [9053/10000] md5=bdee2ca933f4d75f33d7f05fede856cb bytes=114 template=block-scope origin=seed:tests/corpus/regressions/multiple-functions-fib-add.test.js
 PASS js-fuzzer-block-scope-bdee2ca933f4.js [9053/10000] status=ok obs=a3c65c297427 coverage=+0/32/38 time=1ms
  RUN js-fuzzer-loop-55c7c905bffb.js [9054/10000] md5=55c7c905bffb4bbbc4c8fb9b91df6ad8 bytes=81 template=loop origin=seed:tests/corpus/regressions/scope-compressed-closure-params.test.js
 PASS js-fuzzer-loop-55c7c905bffb.js [9054/10000] status=ok obs=eccbc87e4b5c coverage=+0/32/38 time=2ms
  RUN js-fuzzer-corpus-a07012429fce.js [9055/10000] md5=a07012429fce4b4d7c8af42f445f70b9 bytes=163 template=corpus origin=tests/corpus/runtime/arrays-objects-methods.test.js
 PASS js-fuzzer-corpus-a07012429fce.js [9055/10000] status=ok obs=c51ce410c124 coverage=+0/32/38 time=2ms
  RUN js-fuzzer-class-c6bbe0a63455.js [9056/10000] md5=c6bbe0a634559d18fa82cf0c9a421610 bytes=100 template=class origin=seed:tests/corpus/runtime/block-scopes.test.js
 PASS js-fuzzer-class-c6bbe0a63455.js [9056/10000] status=ok obs=1679091c5a88 coverage=+0/32/38 time=1ms
  RUN js-fuzzer-arithmetic-1578f1e8dfb8.js [9057/10000] md5=1578f1e8dfb82f0198f7584be8ff04e0 bytes=84 template=arithmetic origin=seed:tests/corpus/runtime/class-fields-static-methods.test.js
 PASS js-fuzzer-arithmetic-1578f1e8dfb8.js [9057/10000] status=ok obs=14bfa6bb1487 coverage=+0/32/38 time=2ms
  RUN js-fuzzer-function-f172d914fe2f.js [9058/10000] md5=f172d914fe2f2d124fd9ee51d2714545 bytes=153 template=function origin=seed:tests/corpus/runtime/classes-and-objects.test.js
 PASS js-fuzzer-function-f172d914fe2f.js [9058/10000] status=ok obs=c9f0f895fb98 coverage=+0/32/38 time=1ms
  RUN js-fuzzer-boundary-92df4f5b559a.js [9059/10000] md5=92df4f5b559a550058b4133ffb629932 bytes=114 template=boundary origin=boundary:-2
 PASS js-fuzzer-boundary-92df4f5b559a.js [9059/10000] status=ok obs=5d7b9adcbe1c coverage=+0/32/38 time=2ms
  RUN js-fuzzer-closure-0e072a6783df.js [9060/10000] md5=0e072a6783dfad210d7aa0765caf1f66 bytes=184 template=closure origin=seed:tests/corpus/runtime/closures-read-captured-values.test.js
 PASS js-fuzzer-closure-0e072a6783df.js [9060/10000] status=ok obs=8e296a067a37 coverage=+0/32/38 time=2ms
  RUN js-fuzzer-block-scope-586fd9c4488e.js [9061/10000] md5=586fd9c4488eb3dc13f92bab3ebc1929 bytes=114 template=block-scope origin=seed:tests/corpus/runtime/exceptions-and-nullish.test.js
 PASS js-fuzzer-block-scope-586fd9c4488e.js [9061/10000] status=ok obs=6974ce5ac660 coverage=+0/32/38 time=1ms
  RUN js-fuzzer-loop-bbf1d7a15d8d.js [9062/10000] md5=bbf1d7a15d8dd015402d75c0e0108b5f bytes=81 template=loop origin=seed:tests/corpus/runtime/functions-closures-and-arrows.test.js
 PASS js-fuzzer-loop-bbf1d7a15d8d.js [9062/10000] status=ok obs=1679091c5a88 coverage=+0/32/38 time=2ms
  RUN js-fuzzer-try-catch-20dc98d64456.js [9063/10000] md5=20dc98d644569e4da77d458e1c7210ec bytes=110 template=try-catch origin=seed:tests/corpus/runtime/lexical-shadowing.test.js
 PASS js-fuzzer-try-catch-20dc98d64456.js [9063/10000] status=ok obs=c51ce410c124 coverage=+0/32/38 time=1ms
  RUN js-fuzzer-corpus-4131d841163b.js [9064/10000] md5=4131d841163b79e192bca9d4fc683c54 bytes=58 template=corpus origin=tests/corpus/runtime/modules-export.test.js
 PASS js-fuzzer-corpus-4131d841163b.js [9064/10000] status=ok obs=8f14e45fceea coverage=+0/32/38 time=1ms
  RUN js-fuzzer-arithmetic-2e495ffd3ce7.js [9065/10000] md5=2e495ffd3ce72ce961dfe7c818108859 bytes=84 template=arithmetic origin=seed:tests/corpus/runtime/nested-try-finally.test.js
 PASS js-fuzzer-arithmetic-2e495ffd3ce7.js [9065/10000] status=ok obs=9b8619251a19 coverage=+0/32/38 time=2ms
  RUN js-fuzzer-boundary-1024adcac0e5.js [9066/10000] md5=1024adcac0e5cc9f99f478fa66dcc00c bytes=114 template=boundary origin=boundary:-1
 PASS js-fuzzer-boundary-1024adcac0e5.js [9066/10000] status=ok obs=6bb61e3b7bce coverage=+0/32/38 time=1ms
  RUN js-fuzzer-array-object-c76b1919ae72.js [9067/10000] md5=c76b1919ae726365b8d22958a7040718 bytes=133 template=array-object origin=seed:tests/corpus/syntax/logical-unary-nullish.test.js
 PASS js-fuzzer-array-object-c76b1919ae72.js [9067/10000] status=ok obs=45c48cce2e2d coverage=+0/32/38 time=2ms
  RUN js-fuzzer-closure-a53cea4be84e.js [9068/10000] md5=a53cea4be84e6965bafb6624209f5214 bytes=185 template=closure origin=seed:tests/corpus/syntax/object-destructure-and-members.test.js
 PASS js-fuzzer-closure-a53cea4be84e.js [9068/10000] status=ok obs=7f39f8317fbd coverage=+0/32/38 time=1ms
  RUN js-fuzzer-block-scope-652d7136841b.js [9069/10000] md5=652d7136841be8a38febc4fcb4320341 bytes=114 template=block-scope origin=seed:tests/corpus/syntax/switch-do-while-sequence.test.js
 PASS js-fuzzer-block-scope-652d7136841b.js [9069/10000] status=ok obs=f0935e4cd592 coverage=+0/32/38 time=2ms
  RUN js-fuzzer-loop-b88258462a8d.js [9070/10000] md5=b88258462a8d880f8b0e459fa23b2536 bytes=81 template=loop origin=seed:tests/corpus/syntax/template-array-destructure.test.js
 PASS js-fuzzer-loop-b88258462a8d.js [9070/10000] status=ok obs=3c59dc048e88 coverage=+0/32/38 time=2ms
  RUN js-fuzzer-try-catch-b442aa263f12.js [9071/10000] md5=b442aa263f129fb627b483e77db700ad bytes=110 template=try-catch origin=seed:tests/corpus/syntax/typescript-assertions.test.ts
 PASS js-fuzzer-try-catch-b442aa263f12.js [9071/10000] status=ok obs=c20ad4d76fe9 coverage=+0/32/38 time=1ms
  RUN js-fuzzer-class-3b630e2d834a.js [9072/10000] md5=3b630e2d834a95a01ee75571f8bc0075 bytes=101 template=class origin=seed:tests/corpus/syntax/typescript-non-null-satisfies.test.ts
 PASS js-fuzzer-class-3b630e2d834a.js [9072/10000] status=ok obs=6512bd43d9ca coverage=+0/32/38 time=2ms
  RUN js-fuzzer-corpus-797f152bf878.js [9073/10000] md5=797f152bf878d5049066c6db6d2360b3 bytes=355 template=corpus origin=tests/corpus/fixtures/job-workflow.test.js
 PASS js-fuzzer-corpus-797f152bf878.js [9073/10000] status=ok obs=b9de0628c8ec coverage=+0/32/38 time=2ms
  RUN js-fuzzer-function-4b9684ea9e29.js [9074/10000] md5=4b9684ea9e291ddb6515f98bf0c93905 bytes=153 template=function origin=seed:tests/corpus/fixtures/state-machine-workflow.test.js
 PASS js-fuzzer-function-4b9684ea9e29.js [9074/10000] status=ok obs=eccbc87e4b5c coverage=+0/32/38 time=2ms
  RUN js-fuzzer-array-object-6bc9ae7e1cf8.js [9075/10000] md5=6bc9ae7e1cf870b904a36bd585df9aea bytes=133 template=array-object origin=seed:tests/corpus/fixtures/vue-script-workflow.test.vue
 PASS js-fuzzer-array-object-6bc9ae7e1cf8.js [9075/10000] status=ok obs=45c48cce2e2d coverage=+0/32/38 time=1ms
  RUN js-fuzzer-closure-90b47d44312e.js [9076/10000] md5=90b47d44312ed94693b0786b64e6f27b bytes=184 template=closure origin=seed:tests/corpus/obfuscation/constant-tag-mix.test.js
 PASS js-fuzzer-closure-90b47d44312e.js [9076/10000] status=ok obs=d09bf41544a3 coverage=+0/32/38 time=2ms
  RUN js-fuzzer-block-scope-a55cb70fe1d5.js [9077/10000] md5=a55cb70fe1d5b8feb9210d1a4de7e588 bytes=114 template=block-scope origin=seed:tests/corpus/obfuscation/extern-slot-permutation.test.js
 PASS js-fuzzer-block-scope-a55cb70fe1d5.js [9077/10000] status=ok obs=c9e1074f5b3f coverage=+0/32/38 time=1ms
  RUN js-fuzzer-loop-b88258462a8d.js [9078/10000] md5=b88258462a8d880f8b0e459fa23b2536 bytes=81 template=loop origin=seed:tests/corpus/obfuscation/externs-console.test.js
 PASS js-fuzzer-loop-b88258462a8d.js [9078/10000] status=ok obs=3c59dc048e88 coverage=+0/32/38 time=2ms
  RUN js-fuzzer-try-catch-b442aa263f12.js [9079/10000] md5=b442aa263f129fb627b483e77db700ad bytes=110 template=try-catch origin=seed:tests/corpus/obfuscation/seed-sensitive-functions.test.js
 PASS js-fuzzer-try-catch-b442aa263f12.js [9079/10000] status=ok obs=c20ad4d76fe9 coverage=+0/32/38 time=2ms
  RUN js-fuzzer-boundary-2b35f90895ea.js [9080/10000] md5=2b35f90895ea85111e562e627044f919 bytes=128 template=boundary origin=boundary:9007199254740991
 PASS js-fuzzer-boundary-2b35f90895ea.js [9080/10000] status=ok obs=8bfa9ad090fb coverage=+0/32/38 time=1ms
  RUN js-fuzzer-arithmetic-ce296187ae2a.js [9081/10000] md5=ce296187ae2a4d746404d51cbc2f9d50 bytes=85 template=arithmetic origin=seed:tests/corpus/regressions/multiple-functions-fib-add.test.js
 PASS js-fuzzer-arithmetic-ce296187ae2a.js [9081/10000] status=ok obs=c0c7c76d30bd coverage=+0/32/38 time=2ms
  RUN js-fuzzer-corpus-c28cfb056309.js [9082/10000] md5=c28cfb056309f2a77f8bd9756b123c54 bytes=147 template=corpus origin=tests/corpus/regressions/scope-compressed-closure-params.test.js
 PASS js-fuzzer-corpus-c28cfb056309.js [9082/10000] status=ok obs=c51ce410c124 coverage=+0/32/38 time=2ms
  RUN js-fuzzer-array-object-6e3c8a4debe6.js [9083/10000] md5=6e3c8a4debe63ad8e01ad2da78623ef5 bytes=133 template=array-object origin=seed:tests/corpus/runtime/arrays-objects-methods.test.js
 PASS js-fuzzer-array-object-6e3c8a4debe6.js [9083/10000] status=ok obs=45c48cce2e2d coverage=+0/32/38 time=1ms
  RUN js-fuzzer-closure-b8932a890e99.js [9084/10000] md5=b8932a890e99d0be8d5769e2167a36c3 bytes=185 template=closure origin=seed:tests/corpus/runtime/block-scopes.test.js
 PASS js-fuzzer-closure-b8932a890e99.js [9084/10000] status=ok obs=43ec517d68b6 coverage=+0/32/38 time=2ms
  RUN js-fuzzer-block-scope-e315f4c12bc1.js [9085/10000] md5=e315f4c12bc13b4f7f4a55f8bf99f422 bytes=115 template=block-scope origin=seed:tests/corpus/runtime/class-fields-static-methods.test.js
 PASS js-fuzzer-block-scope-e315f4c12bc1.js [9085/10000] status=ok obs=5f93f983524d coverage=+0/32/38 time=1ms
  RUN js-fuzzer-loop-55c7c905bffb.js [9086/10000] md5=55c7c905bffb4bbbc4c8fb9b91df6ad8 bytes=81 template=loop origin=seed:tests/corpus/runtime/classes-and-objects.test.js
 PASS js-fuzzer-loop-55c7c905bffb.js [9086/10000] status=ok obs=eccbc87e4b5c coverage=+0/32/38 time=2ms
  RUN js-fuzzer-boundary-5c12d757f0dd.js [9087/10000] md5=5c12d757f0ddd5c6b1207b14fb1e8d0c bytes=122 template=boundary origin=boundary:2147483647
 PASS js-fuzzer-boundary-5c12d757f0dd.js [9087/10000] status=ok obs=c588c0a459f4 coverage=+0/32/38 time=1ms
  RUN js-fuzzer-class-a9875f561daf.js [9088/10000] md5=a9875f561daf181d949c68fc070db0e0 bytes=101 template=class origin=seed:tests/corpus/runtime/closures-read-captured-values.test.js
 PASS js-fuzzer-class-a9875f561daf.js [9088/10000] status=ok obs=aab3238922bc coverage=+0/32/38 time=1ms
  RUN js-fuzzer-arithmetic-512a0ca78f10.js [9089/10000] md5=512a0ca78f10fa22af0fc89709b9ce55 bytes=84 template=arithmetic origin=seed:tests/corpus/runtime/exceptions-and-nullish.test.js
 PASS js-fuzzer-arithmetic-512a0ca78f10.js [9089/10000] status=ok obs=4e732ced3463 coverage=+0/32/38 time=2ms
  RUN js-fuzzer-function-d3859b93eee1.js [9090/10000] md5=d3859b93eee1f3bcfec0cda51c4d02bf bytes=153 template=function origin=seed:tests/corpus/runtime/functions-closures-and-arrows.test.js
 PASS js-fuzzer-function-d3859b93eee1.js [9090/10000] status=ok obs=a87ff679a2f3 coverage=+0/32/38 time=1ms
  RUN js-fuzzer-corpus-463d4dee8a1f.js [9091/10000] md5=463d4dee8a1f930fa8af57a704cacf3e bytes=232 template=corpus origin=tests/corpus/runtime/lexical-shadowing.test.js
 PASS js-fuzzer-corpus-463d4dee8a1f.js [9091/10000] status=ok obs=c51ce410c124 coverage=+0/32/38 time=2ms
  RUN js-fuzzer-closure-c0f5a323b959.js [9092/10000] md5=c0f5a323b959409f365911edf055604e bytes=184 template=closure origin=seed:tests/corpus/runtime/modules-export.test.js
 PASS js-fuzzer-closure-c0f5a323b959.js [9092/10000] status=ok obs=093f65e080a2 coverage=+0/32/38 time=2ms
  RUN js-fuzzer-block-scope-485fb58c1fad.js [9093/10000] md5=485fb58c1fad4717cf5e978b3f28ce68 bytes=114 template=block-scope origin=seed:tests/corpus/runtime/nested-try-finally.test.js
 PASS js-fuzzer-block-scope-485fb58c1fad.js [9093/10000] status=ok obs=65b9eea6e1cc coverage=+0/32/38 time=1ms
  RUN js-fuzzer-boundary-14a05a816d97.js [9094/10000] md5=14a05a816d975afa7654eb06610350d0 bytes=113 template=boundary origin=boundary:2
 PASS js-fuzzer-boundary-14a05a816d97.js [9094/10000] status=ok obs=c81e728d9d4c coverage=+0/32/38 time=2ms
  RUN js-fuzzer-try-catch-0db921dfa62d.js [9095/10000] md5=0db921dfa62dbbfd21889addc9a83362 bytes=110 template=try-catch origin=seed:tests/corpus/syntax/logical-unary-nullish.test.js
 PASS js-fuzzer-try-catch-0db921dfa62d.js [9095/10000] status=ok obs=34173cb38f07 coverage=+0/32/38 time=2ms
  RUN js-fuzzer-class-769274f77fa6.js [9096/10000] md5=769274f77fa62254ce7e0eb0e3adf7f1 bytes=100 template=class origin=seed:tests/corpus/syntax/object-destructure-and-members.test.js
 PASS js-fuzzer-class-769274f77fa6.js [9096/10000] status=ok obs=c4ca4238a0b9 coverage=+0/32/38 time=1ms
  RUN js-fuzzer-arithmetic-1b50545f24fe.js [9097/10000] md5=1b50545f24fec6ae519dffdb1330f341 bytes=84 template=arithmetic origin=seed:tests/corpus/syntax/switch-do-while-sequence.test.js
 PASS js-fuzzer-arithmetic-1b50545f24fe.js [9097/10000] status=ok obs=ac627ab1ccbd coverage=+0/32/38 time=2ms
  RUN js-fuzzer-function-53ef3ed61b76.js [9098/10000] md5=53ef3ed61b76dc45be6c66e5b3206216 bytes=153 template=function origin=seed:tests/corpus/syntax/template-array-destructure.test.js
 PASS js-fuzzer-function-53ef3ed61b76.js [9098/10000] status=ok obs=70efdf2ec9b0 coverage=+0/32/38 time=2ms
  RUN js-fuzzer-array-object-1e22dd1223fd.js [9099/10000] md5=1e22dd1223fdd51be0b72b45f1e53846 bytes=133 template=array-object origin=seed:tests/corpus/syntax/typescript-assertions.test.ts
 PASS js-fuzzer-array-object-1e22dd1223fd.js [9099/10000] status=ok obs=c51ce410c124 coverage=+0/32/38 time=1ms
  RUN js-fuzzer-corpus-e3eeaea0f8a2.js [9100/10000] md5=e3eeaea0f8a2c5d5b650d4007cf78b4a bytes=104 template=corpus origin=tests/corpus/syntax/typescript-non-null-satisfies.test.ts
 PASS js-fuzzer-corpus-e3eeaea0f8a2.js [9100/10000] status=ok obs=d3d9446802a4 coverage=+0/32/38 time=2ms
  RUN js-fuzzer-boundary-a6a77cc918cc.js [9101/10000] md5=a6a77cc918cc479b04ccb7be2bd80dac bytes=113 template=boundary origin=boundary:1
 PASS js-fuzzer-boundary-a6a77cc918cc.js [9101/10000] status=ok obs=c4ca4238a0b9 coverage=+0/32/38 time=2ms
  RUN js-fuzzer-loop-b88258462a8d.js [9102/10000] md5=b88258462a8d880f8b0e459fa23b2536 bytes=81 template=loop origin=seed:tests/corpus/fixtures/state-machine-workflow.test.js
 PASS js-fuzzer-loop-b88258462a8d.js [9102/10000] status=ok obs=3c59dc048e88 coverage=+0/32/38 time=1ms
  RUN js-fuzzer-try-catch-e6fdc2579e78.js [9103/10000] md5=e6fdc2579e7880bc0b759de7af5133ab bytes=110 template=try-catch origin=seed:tests/corpus/fixtures/vue-script-workflow.test.vue
 PASS js-fuzzer-try-catch-e6fdc2579e78.js [9103/10000] status=ok obs=d645920e395f coverage=+0/32/38 time=2ms
  RUN js-fuzzer-class-f454a055ed5d.js [9104/10000] md5=f454a055ed5dc800cb1ab66abc7a01de bytes=100 template=class origin=seed:tests/corpus/obfuscation/constant-tag-mix.test.js
 PASS js-fuzzer-class-f454a055ed5d.js [9104/10000] status=ok obs=a87ff679a2f3 coverage=+0/32/38 time=1ms
  RUN js-fuzzer-arithmetic-c280e273d0bc.js [9105/10000] md5=c280e273d0bcc710ccb6893da8ed4f86 bytes=84 template=arithmetic origin=seed:tests/corpus/obfuscation/extern-slot-permutation.test.js
 PASS js-fuzzer-arithmetic-c280e273d0bc.js [9105/10000] status=ok obs=140f6969d521 coverage=+0/32/38 time=2ms
  RUN js-fuzzer-function-21f30959172f.js [9106/10000] md5=21f30959172fc1289c7ff8ad630f96bf bytes=153 template=function origin=seed:tests/corpus/obfuscation/externs-console.test.js
 PASS js-fuzzer-function-21f30959172f.js [9106/10000] status=ok obs=4e732ced3463 coverage=+0/32/38 time=2ms
  RUN js-fuzzer-array-object-2ef5d1606f79.js [9107/10000] md5=2ef5d1606f79d1a78a7aac739da852db bytes=133 template=array-object origin=seed:tests/corpus/obfuscation/seed-sensitive-functions.test.js
 PASS js-fuzzer-array-object-2ef5d1606f79.js [9107/10000] status=ok obs=8f14e45fceea coverage=+0/32/38 time=2ms
  RUN js-fuzzer-boundary-37492c99ff33.js [9108/10000] md5=37492c99ff33e9d5e09e0b8e84ba785a bytes=129 template=boundary origin=boundary:-9007199254740991
 PASS js-fuzzer-boundary-37492c99ff33.js [9108/10000] status=ok obs=b3f3a95848f6 coverage=+0/32/38 time=1ms
  RUN js-fuzzer-corpus-ad9ed8746461.js [9109/10000] md5=ad9ed87464611c6dd81b04b3754c760c bytes=214 template=corpus origin=tests/corpus/regressions/multiple-functions-fib-add.test.js
 PASS js-fuzzer-corpus-ad9ed8746461.js [9109/10000] status=ok obs=3c59dc048e88 coverage=+0/32/38 time=3ms
  RUN js-fuzzer-loop-b88258462a8d.js [9110/10000] md5=b88258462a8d880f8b0e459fa23b2536 bytes=81 template=loop origin=seed:tests/corpus/regressions/scope-compressed-closure-params.test.js
 PASS js-fuzzer-loop-b88258462a8d.js [9110/10000] status=ok obs=3c59dc048e88 coverage=+0/32/38 time=1ms
  RUN js-fuzzer-try-catch-49469dc3bbde.js [9111/10000] md5=49469dc3bbdee70291dead76d4352702 bytes=109 template=try-catch origin=seed:tests/corpus/runtime/arrays-objects-methods.test.js
 PASS js-fuzzer-try-catch-49469dc3bbde.js [9111/10000] status=ok obs=d3d9446802a4 coverage=+0/32/38 time=2ms
  RUN js-fuzzer-class-47fbd3db5853.js [9112/10000] md5=47fbd3db58539fc2e42627a4f3168c79 bytes=101 template=class origin=seed:tests/corpus/runtime/block-scopes.test.js
 PASS js-fuzzer-class-47fbd3db5853.js [9112/10000] status=ok obs=98f137082101 coverage=+0/32/38 time=1ms
  RUN js-fuzzer-arithmetic-43864927c99f.js [9113/10000] md5=43864927c99f40907fc0d04c8c4b90d7 bytes=83 template=arithmetic origin=seed:tests/corpus/runtime/class-fields-static-methods.test.js
 PASS js-fuzzer-arithmetic-43864927c99f.js [9113/10000] status=ok obs=c74d97b01eae coverage=+0/32/38 time=2ms
  RUN js-fuzzer-function-c6a41e639682.js [9114/10000] md5=c6a41e6396823bcfa91e05b3a10b01c0 bytes=153 template=function origin=seed:tests/corpus/runtime/classes-and-objects.test.js
 PASS js-fuzzer-function-c6a41e639682.js [9114/10000] status=ok obs=1f0e3dad9990 coverage=+0/32/38 time=2ms
  RUN js-fuzzer-boundary-56f451fe2902.js [9115/10000] md5=56f451fe2902341a3a470031c46238b3 bytes=123 template=boundary origin=boundary:-2147483648
 PASS js-fuzzer-boundary-56f451fe2902.js [9115/10000] status=ok obs=034ff5946105 coverage=+0/32/38 time=1ms
  RUN js-fuzzer-closure-e9a3fac80669.js [9116/10000] md5=e9a3fac806692bdcce252bb7309d9092 bytes=183 template=closure origin=seed:tests/corpus/runtime/closures-read-captured-values.test.js
 PASS js-fuzzer-closure-e9a3fac80669.js [9116/10000] status=ok obs=8f14e45fceea coverage=+0/32/38 time=2ms
  RUN js-fuzzer-block-scope-28451b696e95.js [9117/10000] md5=28451b696e955d73172358244fc51400 bytes=114 template=block-scope origin=seed:tests/corpus/runtime/exceptions-and-nullish.test.js
 PASS js-fuzzer-block-scope-28451b696e95.js [9117/10000] status=ok obs=c9e1074f5b3f coverage=+0/32/38 time=2ms
  RUN js-fuzzer-corpus-72746d071c58.js [9118/10000] md5=72746d071c58fadd9399bc8934c30553 bytes=197 template=corpus origin=tests/corpus/runtime/functions-closures-and-arrows.test.js
 PASS js-fuzzer-corpus-72746d071c58.js [9118/10000] status=ok obs=c74d97b01eae coverage=+0/32/38 time=1ms
  RUN js-fuzzer-try-catch-a173285175b8.js [9119/10000] md5=a173285175b813cddca62eb427efafd5 bytes=110 template=try-catch origin=seed:tests/corpus/runtime/lexical-shadowing.test.js
 PASS js-fuzzer-try-catch-a173285175b8.js [9119/10000] status=ok obs=9a1158154dfa coverage=+0/32/38 time=2ms
  RUN js-fuzzer-class-b901915e3eda.js [9120/10000] md5=b901915e3eda1a96f77dcec9fff681b5 bytes=100 template=class origin=seed:tests/corpus/runtime/modules-export.test.js
 PASS js-fuzzer-class-b901915e3eda.js [9120/10000] status=ok obs=c81e728d9d4c coverage=+0/32/38 time=2ms
  RUN js-fuzzer-arithmetic-88543a338c29.js [9121/10000] md5=88543a338c29f3c85e3dd6a739e2c26d bytes=84 template=arithmetic origin=seed:tests/corpus/runtime/nested-try-finally.test.js
 PASS js-fuzzer-arithmetic-88543a338c29.js [9121/10000] status=ok obs=37693cfc7480 coverage=+0/32/38 time=1ms
  RUN js-fuzzer-boundary-4ae25cb2e150.js [9122/10000] md5=4ae25cb2e15083bfca9f6b81b3f9f24b bytes=114 template=boundary origin=boundary:-2
 PASS js-fuzzer-boundary-4ae25cb2e150.js [9122/10000] status=ok obs=5d7b9adcbe1c coverage=+0/32/38 time=2ms
  RUN js-fuzzer-array-object-a05bbc94775f.js [9123/10000] md5=a05bbc94775f893b32d28262753303dd bytes=133 template=array-object origin=seed:tests/corpus/syntax/logical-unary-nullish.test.js
 PASS js-fuzzer-array-object-a05bbc94775f.js [9123/10000] status=ok obs=6512bd43d9ca coverage=+0/32/38 time=1ms
  RUN js-fuzzer-closure-b8e335d5ee48.js [9124/10000] md5=b8e335d5ee48700c60a75a21751097e1 bytes=184 template=closure origin=seed:tests/corpus/syntax/object-destructure-and-members.test.js
 PASS js-fuzzer-closure-b8e335d5ee48.js [9124/10000] status=ok obs=1c383cd30b7c coverage=+0/32/38 time=2ms
  RUN js-fuzzer-block-scope-e0e13ae4d058.js [9125/10000] md5=e0e13ae4d05824dc2ed439c1134aca3b bytes=115 template=block-scope origin=seed:tests/corpus/syntax/switch-do-while-sequence.test.js
 PASS js-fuzzer-block-scope-e0e13ae4d058.js [9125/10000] status=ok obs=5f93f983524d coverage=+0/32/38 time=2ms
  RUN js-fuzzer-loop-b88258462a8d.js [9126/10000] md5=b88258462a8d880f8b0e459fa23b2536 bytes=81 template=loop origin=seed:tests/corpus/syntax/template-array-destructure.test.js
 PASS js-fuzzer-loop-b88258462a8d.js [9126/10000] status=ok obs=3c59dc048e88 coverage=+0/32/38 time=1ms
  RUN js-fuzzer-corpus-57a83a4b020d.js [9127/10000] md5=57a83a4b020d4b85b42b0a3709f283ad bytes=130 template=corpus origin=tests/corpus/syntax/typescript-assertions.test.ts
 PASS js-fuzzer-corpus-57a83a4b020d.js [9127/10000] status=ok obs=45c48cce2e2d coverage=+0/32/38 time=2ms
  RUN js-fuzzer-class-7c36fc3c0ad4.js [9128/10000] md5=7c36fc3c0ad4461d5dbbcd7afdfb6b5c bytes=101 template=class origin=seed:tests/corpus/syntax/typescript-non-null-satisfies.test.ts
 PASS js-fuzzer-class-7c36fc3c0ad4.js [9128/10000] status=ok obs=d3d9446802a4 coverage=+0/32/38 time=1ms
  RUN js-fuzzer-boundary-7f379f781f4f.js [9129/10000] md5=7f379f781f4f9844733fb0f4c5d8aa15 bytes=114 template=boundary origin=boundary:-1
 PASS js-fuzzer-boundary-7f379f781f4f.js [9129/10000] status=ok obs=6bb61e3b7bce coverage=+0/32/38 time=2ms
  RUN js-fuzzer-function-be199ff518ed.js [9130/10000] md5=be199ff518edad2305aebc8ea703ea8f bytes=153 template=function origin=seed:tests/corpus/fixtures/state-machine-workflow.test.js
 PASS js-fuzzer-function-be199ff518ed.js [9130/10000] status=ok obs=a87ff679a2f3 coverage=+0/32/38 time=3ms
  RUN js-fuzzer-array-object-78637db5f19b.js [9131/10000] md5=78637db5f19b5204dbb0196720212136 bytes=133 template=array-object origin=seed:tests/corpus/fixtures/vue-script-workflow.test.vue
 PASS js-fuzzer-array-object-78637db5f19b.js [9131/10000] status=ok obs=d3d9446802a4 coverage=+0/32/38 time=1ms
  RUN js-fuzzer-closure-df3f12e67ed3.js [9132/10000] md5=df3f12e67ed3f7981f6f6392f8ac7e21 bytes=185 template=closure origin=seed:tests/corpus/obfuscation/constant-tag-mix.test.js
 PASS js-fuzzer-closure-df3f12e67ed3.js [9132/10000] status=ok obs=e2c420d928d4 coverage=+0/32/38 time=2ms
  RUN js-fuzzer-block-scope-fe383ce7ccda.js [9133/10000] md5=fe383ce7ccda54bed90aad4ecee0cc01 bytes=114 template=block-scope origin=seed:tests/corpus/obfuscation/extern-slot-permutation.test.js
 PASS js-fuzzer-block-scope-fe383ce7ccda.js [9133/10000] status=ok obs=38b3eff8baf5 coverage=+0/32/38 time=2ms
  RUN js-fuzzer-loop-55c7c905bffb.js [9134/10000] md5=55c7c905bffb4bbbc4c8fb9b91df6ad8 bytes=81 template=loop origin=seed:tests/corpus/obfuscation/externs-console.test.js
 PASS js-fuzzer-loop-55c7c905bffb.js [9134/10000] status=ok obs=eccbc87e4b5c coverage=+0/32/38 time=1ms
  RUN js-fuzzer-try-catch-10b006553cce.js [9135/10000] md5=10b006553cced3afac446c8e96bc0d8a bytes=110 template=try-catch origin=seed:tests/corpus/obfuscation/seed-sensitive-functions.test.js
 PASS js-fuzzer-try-catch-10b006553cce.js [9135/10000] status=ok obs=8e296a067a37 coverage=+0/32/38 time=2ms
  RUN js-fuzzer-corpus-79643e915862.js [9136/10000] md5=79643e91586251700d34c0c65a0220da bytes=89 template=corpus origin=tests/corpus/regressions/destructuring-lowers-to-member.test.js
 PASS js-fuzzer-corpus-79643e915862.js [9136/10000] status=ok obs=eccbc87e4b5c coverage=+0/32/38 time=1ms
  RUN js-fuzzer-arithmetic-8b5e9975d7a7.js [9137/10000] md5=8b5e9975d7a7b762f3badaa24e847ce5 bytes=84 template=arithmetic origin=seed:tests/corpus/regressions/multiple-functions-fib-add.test.js
 PASS js-fuzzer-arithmetic-8b5e9975d7a7.js [9137/10000] status=ok obs=1385974ed590 coverage=+0/32/38 time=2ms
  RUN js-fuzzer-function-67a4a16b508e.js [9138/10000] md5=67a4a16b508e8efc2a1fbbfc79004c7b bytes=153 template=function origin=seed:tests/corpus/regressions/scope-compressed-closure-params.test.js
 PASS js-fuzzer-function-67a4a16b508e.js [9138/10000] status=ok obs=eccbc87e4b5c coverage=+0/32/38 time=1ms
  RUN js-fuzzer-array-object-1cb1b9dc2b82.js [9139/10000] md5=1cb1b9dc2b8243b8135020d2ecf7dc1a bytes=133 template=array-object origin=seed:tests/corpus/runtime/arrays-objects-methods.test.js
 PASS js-fuzzer-array-object-1cb1b9dc2b82.js [9139/10000] status=ok obs=c51ce410c124 coverage=+0/32/38 time=2ms
  RUN js-fuzzer-closure-d8b8ba3564a6.js [9140/10000] md5=d8b8ba3564a609b9904a864892bfaaee bytes=185 template=closure origin=seed:tests/corpus/runtime/block-scopes.test.js
 PASS js-fuzzer-closure-d8b8ba3564a6.js [9140/10000] status=ok obs=03afdbd66e79 coverage=+0/32/38 time=2ms
  RUN js-fuzzer-block-scope-457ab2a38efb.js [9141/10000] md5=457ab2a38efb9670e933edf492eb7c27 bytes=114 template=block-scope origin=seed:tests/corpus/runtime/class-fields-static-methods.test.js
 PASS js-fuzzer-block-scope-457ab2a38efb.js [9141/10000] status=ok obs=65b9eea6e1cc coverage=+0/32/38 time=2ms
  RUN js-fuzzer-loop-f495ca2fc638.js [9142/10000] md5=f495ca2fc6389f933578fc501f5b1465 bytes=81 template=loop origin=seed:tests/corpus/runtime/classes-and-objects.test.js
 PASS js-fuzzer-loop-f495ca2fc638.js [9142/10000] status=ok obs=c4ca4238a0b9 coverage=+0/32/38 time=1ms
  RUN js-fuzzer-boundary-6330cdecf02f.js [9143/10000] md5=6330cdecf02f68328876d88213acc2ac bytes=128 template=boundary origin=boundary:9007199254740991
 PASS js-fuzzer-boundary-6330cdecf02f.js [9143/10000] status=ok obs=8bfa9ad090fb coverage=+0/32/38 time=2ms
  RUN js-fuzzer-class-47fbd3db5853.js [9144/10000] md5=47fbd3db58539fc2e42627a4f3168c79 bytes=101 template=class origin=seed:tests/corpus/runtime/closures-read-captured-values.test.js
 PASS js-fuzzer-class-47fbd3db5853.js [9144/10000] status=ok obs=98f137082101 coverage=+0/32/38 time=1ms
  RUN js-fuzzer-corpus-cf8fb96e8476.js [9145/10000] md5=cf8fb96e8476c262b73583c86dd80821 bytes=178 template=corpus origin=tests/corpus/runtime/exceptions-and-nullish.test.js
 PASS js-fuzzer-corpus-cf8fb96e8476.js [9145/10000] status=ok obs=24ed5e8718fc coverage=+0/32/38 time=2ms
  RUN js-fuzzer-function-d3859b93eee1.js [9146/10000] md5=d3859b93eee1f3bcfec0cda51c4d02bf bytes=153 template=function origin=seed:tests/corpus/runtime/functions-closures-and-arrows.test.js
 PASS js-fuzzer-function-d3859b93eee1.js [9146/10000] status=ok obs=a87ff679a2f3 coverage=+0/32/38 time=1ms
  RUN js-fuzzer-array-object-05c0868afd34.js [9147/10000] md5=05c0868afd3422b95c6dec82e262247a bytes=133 template=array-object origin=seed:tests/corpus/runtime/lexical-shadowing.test.js
 PASS js-fuzzer-array-object-05c0868afd34.js [9147/10000] status=ok obs=c51ce410c124 coverage=+0/32/38 time=2ms
  RUN js-fuzzer-closure-a968ba7833a4.js [9148/10000] md5=a968ba7833a4986ac8fe9cc84cc7ad00 bytes=184 template=closure origin=seed:tests/corpus/runtime/modules-export.test.js
 PASS js-fuzzer-closure-a968ba7833a4.js [9148/10000] status=ok obs=d09bf41544a3 coverage=+0/32/38 time=2ms
  RUN js-fuzzer-block-scope-f5604b68889a.js [9149/10000] md5=f5604b68889a8927f6b1b388f02368aa bytes=115 template=block-scope origin=seed:tests/corpus/runtime/nested-try-finally.test.js
 PASS js-fuzzer-block-scope-f5604b68889a.js [9149/10000] status=ok obs=5f93f983524d coverage=+0/32/38 time=2ms
  RUN js-fuzzer-boundary-86f8354fc6fd.js [9150/10000] md5=86f8354fc6fd092b05683bbf230dc769 bytes=122 template=boundary origin=boundary:2147483647
 PASS js-fuzzer-boundary-86f8354fc6fd.js [9150/10000] status=ok obs=c588c0a459f4 coverage=+0/32/38 time=1ms
  RUN js-fuzzer-try-catch-84bb82ab521c.js [9151/10000] md5=84bb82ab521cc370007aca532f77c9e1 bytes=110 template=try-catch origin=seed:tests/corpus/syntax/logical-unary-nullish.test.js
 PASS js-fuzzer-try-catch-84bb82ab521c.js [9151/10000] status=ok obs=c16a5320fa47 coverage=+0/32/38 time=2ms
  RUN js-fuzzer-class-3b630e2d834a.js [9152/10000] md5=3b630e2d834a95a01ee75571f8bc0075 bytes=101 template=class origin=seed:tests/corpus/syntax/object-destructure-and-members.test.js
 PASS js-fuzzer-class-3b630e2d834a.js [9152/10000] status=ok obs=6512bd43d9ca coverage=+0/32/38 time=1ms
  RUN js-fuzzer-arithmetic-d49e6fc92a86.js [9153/10000] md5=d49e6fc92a869b0aaad0202cad292ea4 bytes=84 template=arithmetic origin=seed:tests/corpus/syntax/switch-do-while-sequence.test.js
 PASS js-fuzzer-arithmetic-d49e6fc92a86.js [9153/10000] status=ok obs=14bfa6bb1487 coverage=+0/32/38 time=2ms
  RUN js-fuzzer-corpus-ff388659a641.js [9154/10000] md5=ff388659a6419d1e6e01ce4e7151a52e bytes=135 template=corpus origin=tests/corpus/syntax/template-array-destructure.test.js
 PASS js-fuzzer-corpus-ff388659a641.js [9154/10000] status=ok obs=f61c9a8be43c coverage=+0/32/38 time=2ms
  RUN js-fuzzer-array-object-cfb4696bdab6.js [9155/10000] md5=cfb4696bdab669e450d142d8741137d7 bytes=133 template=array-object origin=seed:tests/corpus/syntax/typescript-assertions.test.ts
 PASS js-fuzzer-array-object-cfb4696bdab6.js [9155/10000] status=ok obs=aab3238922bc coverage=+0/32/38 time=1ms
  RUN js-fuzzer-closure-df3f12e67ed3.js [9156/10000] md5=df3f12e67ed3f7981f6f6392f8ac7e21 bytes=185 template=closure origin=seed:tests/corpus/syntax/typescript-non-null-satisfies.test.ts
 PASS js-fuzzer-closure-df3f12e67ed3.js [9156/10000] status=ok obs=e2c420d928d4 coverage=+0/32/38 time=2ms
  RUN js-fuzzer-boundary-e33d9dc9cd6c.js [9157/10000] md5=e33d9dc9cd6c84ec6ac6a01d1d18c4f2 bytes=113 template=boundary origin=boundary:2
 PASS js-fuzzer-boundary-e33d9dc9cd6c.js [9157/10000] status=ok obs=c81e728d9d4c coverage=+0/32/38 time=2ms
  RUN js-fuzzer-loop-b88258462a8d.js [9158/10000] md5=b88258462a8d880f8b0e459fa23b2536 bytes=81 template=loop origin=seed:tests/corpus/fixtures/state-machine-workflow.test.js
 PASS js-fuzzer-loop-b88258462a8d.js [9158/10000] status=ok obs=3c59dc048e88 coverage=+0/32/38 time=1ms
  RUN js-fuzzer-try-catch-56393ff77182.js [9159/10000] md5=56393ff771824d567a8911f280bf7f9d bytes=110 template=try-catch origin=seed:tests/corpus/fixtures/vue-script-workflow.test.vue
 PASS js-fuzzer-try-catch-56393ff77182.js [9159/10000] status=ok obs=4e732ced3463 coverage=+0/32/38 time=2ms
  RUN js-fuzzer-class-587587295e00.js [9160/10000] md5=587587295e0075a0a19c4572e53274fe bytes=101 template=class origin=seed:tests/corpus/obfuscation/constant-tag-mix.test.js
 PASS js-fuzzer-class-587587295e00.js [9160/10000] status=ok obs=1f0e3dad9990 coverage=+0/32/38 time=1ms
  RUN js-fuzzer-arithmetic-a793cc62860b.js [9161/10000] md5=a793cc62860bdf0f52585e38e5fa8fd0 bytes=84 template=arithmetic origin=seed:tests/corpus/obfuscation/extern-slot-permutation.test.js
 PASS js-fuzzer-arithmetic-a793cc62860b.js [9161/10000] status=ok obs=cedebb6e872f coverage=+0/32/38 time=2ms
  RUN js-fuzzer-function-59a47c73ec30.js [9162/10000] md5=59a47c73ec3039d5b72e8af0d1e410de bytes=153 template=function origin=seed:tests/corpus/obfuscation/externs-console.test.js
 PASS js-fuzzer-function-59a47c73ec30.js [9162/10000] status=ok obs=8f14e45fceea coverage=+0/32/38 time=2ms
  RUN js-fuzzer-corpus-38ba19d9deb7.js [9163/10000] md5=38ba19d9deb7566cc8a420c27ada3f21 bytes=136 template=corpus origin=tests/corpus/obfuscation/seed-sensitive-functions.test.js
 PASS js-fuzzer-corpus-38ba19d9deb7.js [9163/10000] status=ok obs=a5bfc9e07964 coverage=+0/32/38 time=1ms
  RUN js-fuzzer-boundary-a6a77cc918cc.js [9164/10000] md5=a6a77cc918cc479b04ccb7be2bd80dac bytes=113 template=boundary origin=boundary:1
 PASS js-fuzzer-boundary-a6a77cc918cc.js [9164/10000] status=ok obs=c4ca4238a0b9 coverage=+0/32/38 time=2ms
  RUN js-fuzzer-block-scope-1e0d5465acc0.js [9165/10000] md5=1e0d5465acc03f2361fd6c1fb1618cce bytes=114 template=block-scope origin=seed:tests/corpus/regressions/multiple-functions-fib-add.test.js
 PASS js-fuzzer-block-scope-1e0d5465acc0.js [9165/10000] status=ok obs=a97da629b098 coverage=+0/32/38 time=2ms
  RUN js-fuzzer-loop-d35707ad0bf7.js [9166/10000] md5=d35707ad0bf74148f671ad8943998af6 bytes=81 template=loop origin=seed:tests/corpus/regressions/scope-compressed-closure-params.test.js
 PASS js-fuzzer-loop-d35707ad0bf7.js [9166/10000] status=ok obs=9bf31c7ff062 coverage=+0/32/38 time=1ms
  RUN js-fuzzer-try-catch-84bb82ab521c.js [9167/10000] md5=84bb82ab521cc370007aca532f77c9e1 bytes=110 template=try-catch origin=seed:tests/corpus/runtime/arrays-objects-methods.test.js
 PASS js-fuzzer-try-catch-84bb82ab521c.js [9167/10000] status=ok obs=c16a5320fa47 coverage=+0/32/38 time=2ms
  RUN js-fuzzer-class-5baf4bed5db4.js [9168/10000] md5=5baf4bed5db4f8205173226efc8fff73 bytes=101 template=class origin=seed:tests/corpus/runtime/block-scopes.test.js
 PASS js-fuzzer-class-5baf4bed5db4.js [9168/10000] status=ok obs=6f4922f45568 coverage=+0/32/38 time=1ms
  RUN js-fuzzer-arithmetic-824058637585.js [9169/10000] md5=8240586375856d0bbc4943e9f7cfeb53 bytes=85 template=arithmetic origin=seed:tests/corpus/runtime/class-fields-static-methods.test.js
 PASS js-fuzzer-arithmetic-824058637585.js [9169/10000] status=ok obs=54229abfcfa5 coverage=+0/32/38 time=2ms
  RUN js-fuzzer-function-79bb4335938d.js [9170/10000] md5=79bb4335938d82d557d11e6633b235d0 bytes=153 template=function origin=seed:tests/corpus/runtime/classes-and-objects.test.js
 PASS js-fuzzer-function-79bb4335938d.js [9170/10000] status=ok obs=6512bd43d9ca coverage=+0/32/38 time=2ms
  RUN js-fuzzer-boundary-6aec0a9b1ff4.js [9171/10000] md5=6aec0a9b1ff4294bcfecb539ba7e660b bytes=129 template=boundary origin=boundary:-9007199254740991
 PASS js-fuzzer-boundary-6aec0a9b1ff4.js [9171/10000] status=ok obs=b3f3a95848f6 coverage=+0/32/38 time=1ms
  RUN js-fuzzer-corpus-08bc93bf5789.js [9172/10000] md5=08bc93bf57897bc88ce7161fe56cd099 bytes=169 template=corpus origin=tests/corpus/runtime/closures-read-captured-values.test.js
 PASS js-fuzzer-corpus-08bc93bf5789.js [9172/10000] status=ok obs=02e74f10e032 coverage=+0/32/38 time=1ms
  RUN js-fuzzer-block-scope-9d04571cdd31.js [9173/10000] md5=9d04571cdd314c55cb5d670f68383a18 bytes=114 template=block-scope origin=seed:tests/corpus/runtime/exceptions-and-nullish.test.js
 PASS js-fuzzer-block-scope-9d04571cdd31.js [9173/10000] status=ok obs=38b3eff8baf5 coverage=+0/32/38 time=2ms
  RUN js-fuzzer-loop-bbf1d7a15d8d.js [9174/10000] md5=bbf1d7a15d8dd015402d75c0e0108b5f bytes=81 template=loop origin=seed:tests/corpus/runtime/functions-closures-and-arrows.test.js
 PASS js-fuzzer-loop-bbf1d7a15d8d.js [9174/10000] status=ok obs=1679091c5a88 coverage=+0/32/38 time=1ms
  RUN js-fuzzer-try-catch-60965d400692.js [9175/10000] md5=60965d4006920d781586aecbf04b3493 bytes=110 template=try-catch origin=seed:tests/corpus/runtime/lexical-shadowing.test.js
 PASS js-fuzzer-try-catch-60965d400692.js [9175/10000] status=ok obs=1f0e3dad9990 coverage=+0/32/38 time=2ms
  RUN js-fuzzer-class-a9875f561daf.js [9176/10000] md5=a9875f561daf181d949c68fc070db0e0 bytes=101 template=class origin=seed:tests/corpus/runtime/modules-export.test.js
 PASS js-fuzzer-class-a9875f561daf.js [9176/10000] status=ok obs=aab3238922bc coverage=+0/32/38 time=2ms
  RUN js-fuzzer-arithmetic-67bd515a3830.js [9177/10000] md5=67bd515a3830c4a1a177f436a761bc61 bytes=84 template=arithmetic origin=seed:tests/corpus/runtime/nested-try-finally.test.js
 PASS js-fuzzer-arithmetic-67bd515a3830.js [9177/10000] status=ok obs=013d407166ec coverage=+0/32/38 time=2ms
  RUN js-fuzzer-boundary-205872a6e44c.js [9178/10000] md5=205872a6e44c1ea0cf94554af934fb09 bytes=123 template=boundary origin=boundary:-2147483648
 PASS js-fuzzer-boundary-205872a6e44c.js [9178/10000] status=ok obs=034ff5946105 coverage=+0/32/38 time=2ms
  RUN js-fuzzer-array-object-972b263468b9.js [9179/10000] md5=972b263468b9489cce3dde3ac50e3735 bytes=133 template=array-object origin=seed:tests/corpus/syntax/logical-unary-nullish.test.js
 PASS js-fuzzer-array-object-972b263468b9.js [9179/10000] status=ok obs=c9f0f895fb98 coverage=+0/32/38 time=2ms
  RUN js-fuzzer-closure-1d466197f780.js [9180/10000] md5=1d466197f780581c10c78bc9a1e10794 bytes=183 template=closure origin=seed:tests/corpus/syntax/object-destructure-and-members.test.js
 PASS js-fuzzer-closure-1d466197f780.js [9180/10000] status=ok obs=6ea9ab1baa0e coverage=+0/32/38 time=3ms
  RUN js-fuzzer-corpus-2aed353a2d20.js [9181/10000] md5=2aed353a2d200d64cbaf7beb40face20 bytes=275 template=corpus origin=tests/corpus/syntax/switch-do-while-sequence.test.js
 PASS js-fuzzer-corpus-2aed353a2d20.js [9181/10000] status=ok obs=6f4922f45568 coverage=+0/32/38 time=2ms
  RUN js-fuzzer-loop-54e460cecf5c.js [9182/10000] md5=54e460cecf5c05dfcffaa3b2e5f57445 bytes=81 template=loop origin=seed:tests/corpus/syntax/template-array-destructure.test.js
 PASS js-fuzzer-loop-54e460cecf5c.js [9182/10000] status=ok obs=d3d9446802a4 coverage=+0/32/38 time=1ms
  RUN js-fuzzer-try-catch-a4e2330c4919.js [9183/10000] md5=a4e2330c49196805169dbf8449e466fa bytes=110 template=try-catch origin=seed:tests/corpus/syntax/typescript-assertions.test.ts
 PASS js-fuzzer-try-catch-a4e2330c4919.js [9183/10000] status=ok obs=3c59dc048e88 coverage=+0/32/38 time=1ms
  RUN js-fuzzer-class-a365d1a76b7b.js [9184/10000] md5=a365d1a76b7b0d4310621afa7caac433 bytes=100 template=class origin=seed:tests/corpus/syntax/typescript-non-null-satisfies.test.ts
 PASS js-fuzzer-class-a365d1a76b7b.js [9184/10000] status=ok obs=8f14e45fceea coverage=+0/32/38 time=2ms
  RUN js-fuzzer-boundary-4ae25cb2e150.js [9185/10000] md5=4ae25cb2e15083bfca9f6b81b3f9f24b bytes=114 template=boundary origin=boundary:-2
 PASS js-fuzzer-boundary-4ae25cb2e150.js [9185/10000] status=ok obs=5d7b9adcbe1c coverage=+0/32/38 time=1ms
  RUN js-fuzzer-function-134a85d12098.js [9186/10000] md5=134a85d120985077bd24a3a53ac64560 bytes=153 template=function origin=seed:tests/corpus/fixtures/state-machine-workflow.test.js
 PASS js-fuzzer-function-134a85d12098.js [9186/10000] status=ok obs=1679091c5a88 coverage=+0/32/38 time=2ms
  RUN js-fuzzer-array-object-2a424509db76.js [9187/10000] md5=2a424509db76e4b966ec8523e02b4146 bytes=133 template=array-object origin=seed:tests/corpus/fixtures/vue-script-workflow.test.vue
 PASS js-fuzzer-array-object-2a424509db76.js [9187/10000] status=ok obs=d3d9446802a4 coverage=+0/32/38 time=2ms
  RUN js-fuzzer-closure-0aba1683b1ec.js [9188/10000] md5=0aba1683b1ec4a7a4446abd1de3ca48c bytes=183 template=closure origin=seed:tests/corpus/obfuscation/constant-tag-mix.test.js
 PASS js-fuzzer-closure-0aba1683b1ec.js [9188/10000] status=ok obs=6512bd43d9ca coverage=+0/32/38 time=2ms
  RUN js-fuzzer-block-scope-174fa4fc97e1.js [9189/10000] md5=174fa4fc97e1645d7383ebda1e653a4c bytes=114 template=block-scope origin=seed:tests/corpus/obfuscation/extern-slot-permutation.test.js
 PASS js-fuzzer-block-scope-174fa4fc97e1.js [9189/10000] status=ok obs=a3c65c297427 coverage=+0/32/38 time=1ms
  RUN js-fuzzer-corpus-efd663ac427b.js [9190/10000] md5=efd663ac427b5ca270b2f8b928c902bf bytes=112 template=corpus origin=tests/corpus/obfuscation/externs-console.test.js
 PASS js-fuzzer-corpus-efd663ac427b.js [9190/10000] status=ok obs=d289993e39c8 coverage=+0/32/38 time=2ms
  RUN js-fuzzer-try-catch-22e41d89137c.js [9191/10000] md5=22e41d89137ce4eac020880cbeff06ef bytes=110 template=try-catch origin=seed:tests/corpus/obfuscation/seed-sensitive-functions.test.js
 PASS js-fuzzer-try-catch-22e41d89137c.js [9191/10000] status=ok obs=d9d4f495e875 coverage=+0/32/38 time=2ms
  RUN js-fuzzer-boundary-3d1d4e90ebd9.js [9192/10000] md5=3d1d4e90ebd99aad7ece59efc98f7563 bytes=114 template=boundary origin=boundary:-1
 PASS js-fuzzer-boundary-3d1d4e90ebd9.js [9192/10000] status=ok obs=6bb61e3b7bce coverage=+0/32/38 time=4ms
  RUN js-fuzzer-arithmetic-94e480a991b5.js [9193/10000] md5=94e480a991b5e5172e457db571edc668 bytes=85 template=arithmetic origin=seed:tests/corpus/regressions/multiple-functions-fib-add.test.js
 PASS js-fuzzer-arithmetic-94e480a991b5.js [9193/10000] status=ok obs=c9e1074f5b3f coverage=+0/32/38 time=2ms
  RUN js-fuzzer-function-ba7ea055d439.js [9194/10000] md5=ba7ea055d4397ffca213251195491d86 bytes=153 template=function origin=seed:tests/corpus/regressions/scope-compressed-closure-params.test.js
 PASS js-fuzzer-function-ba7ea055d439.js [9194/10000] status=ok obs=8f14e45fceea coverage=+0/32/38 time=2ms
  RUN js-fuzzer-array-object-032b49a71cc0.js [9195/10000] md5=032b49a71cc0a0827bd293eceda176be bytes=133 template=array-object origin=seed:tests/corpus/runtime/arrays-objects-methods.test.js
 PASS js-fuzzer-array-object-032b49a71cc0.js [9195/10000] status=ok obs=9bf31c7ff062 coverage=+0/32/38 time=2ms
  RUN js-fuzzer-closure-7ea8d5fb2094.js [9196/10000] md5=7ea8d5fb2094d1a53148451a19b786b4 bytes=184 template=closure origin=seed:tests/corpus/runtime/block-scopes.test.js
 PASS js-fuzzer-closure-7ea8d5fb2094.js [9196/10000] status=ok obs=7f39f8317fbd coverage=+0/32/38 time=2ms
  RUN js-fuzzer-block-scope-fe383ce7ccda.js [9197/10000] md5=fe383ce7ccda54bed90aad4ecee0cc01 bytes=114 template=block-scope origin=seed:tests/corpus/runtime/class-fields-static-methods.test.js
 PASS js-fuzzer-block-scope-fe383ce7ccda.js [9197/10000] status=ok obs=38b3eff8baf5 coverage=+0/32/38 time=1ms
  RUN js-fuzzer-loop-f495ca2fc638.js [9198/10000] md5=f495ca2fc6389f933578fc501f5b1465 bytes=81 template=loop origin=seed:tests/corpus/runtime/classes-and-objects.test.js
 PASS js-fuzzer-loop-f495ca2fc638.js [9198/10000] status=ok obs=c4ca4238a0b9 coverage=+0/32/38 time=2ms
  RUN js-fuzzer-corpus-ddcb99247fc8.js [9199/10000] md5=ddcb99247fc847c897b97c6bd6512b9f bytes=217 template=corpus origin=tests/corpus/runtime/closures-mutate-captured-bindings.test.js
 PASS js-fuzzer-corpus-ddcb99247fc8.js [9199/10000] status=ok obs=e4da3b7fbbce coverage=+0/32/38 time=2ms
  RUN js-fuzzer-class-5baf4bed5db4.js [9200/10000] md5=5baf4bed5db4f8205173226efc8fff73 bytes=101 template=class origin=seed:tests/corpus/runtime/closures-read-captured-values.test.js
 PASS js-fuzzer-class-5baf4bed5db4.js [9200/10000] status=ok obs=6f4922f45568 coverage=+0/32/38 time=1ms
  RUN js-fuzzer-arithmetic-4f2d9f6e6526.js [9201/10000] md5=4f2d9f6e65267284b0a3321151d7eb1e bytes=85 template=arithmetic origin=seed:tests/corpus/runtime/exceptions-and-nullish.test.js
 PASS js-fuzzer-arithmetic-4f2d9f6e6526.js [9201/10000] status=ok obs=13fe9d84310e coverage=+0/32/38 time=2ms
  RUN js-fuzzer-function-66ad482026b9.js [9202/10000] md5=66ad482026b9df67ec5d25c1cce4c653 bytes=153 template=function origin=seed:tests/corpus/runtime/functions-closures-and-arrows.test.js
 PASS js-fuzzer-function-66ad482026b9.js [9202/10000] status=ok obs=6512bd43d9ca coverage=+0/32/38 time=2ms
  RUN js-fuzzer-array-object-5a7ce57d8339.js [9203/10000] md5=5a7ce57d833956e72aded1afd14b1bc0 bytes=133 template=array-object origin=seed:tests/corpus/runtime/lexical-shadowing.test.js
 PASS js-fuzzer-array-object-5a7ce57d8339.js [9203/10000] status=ok obs=6512bd43d9ca coverage=+0/32/38 time=2ms
  RUN js-fuzzer-closure-2635deb534af.js [9204/10000] md5=2635deb534affd449984982e6e167945 bytes=183 template=closure origin=seed:tests/corpus/runtime/modules-export.test.js
 PASS js-fuzzer-closure-2635deb534af.js [9204/10000] status=ok obs=c16a5320fa47 coverage=+0/32/38 time=1ms
  RUN js-fuzzer-block-scope-912afc323051.js [9205/10000] md5=912afc323051f534059d08f91a5db94b bytes=114 template=block-scope origin=seed:tests/corpus/runtime/nested-try-finally.test.js
 PASS js-fuzzer-block-scope-912afc323051.js [9205/10000] status=ok obs=6974ce5ac660 coverage=+0/32/38 time=2ms
  RUN js-fuzzer-boundary-2b35f90895ea.js [9206/10000] md5=2b35f90895ea85111e562e627044f919 bytes=128 template=boundary origin=boundary:9007199254740991
 PASS js-fuzzer-boundary-2b35f90895ea.js [9206/10000] status=ok obs=8bfa9ad090fb coverage=+0/32/38 time=2ms
  RUN js-fuzzer-try-catch-a173285175b8.js [9207/10000] md5=a173285175b813cddca62eb427efafd5 bytes=110 template=try-catch origin=seed:tests/corpus/syntax/logical-unary-nullish.test.js
 PASS js-fuzzer-try-catch-a173285175b8.js [9207/10000] status=ok obs=9a1158154dfa coverage=+0/32/38 time=1ms
  RUN js-fuzzer-corpus-96ebdcb81273.js [9208/10000] md5=96ebdcb81273f0e5e5778a6c70c94988 bytes=171 template=corpus origin=tests/corpus/syntax/object-destructure-and-members.test.js
 PASS js-fuzzer-corpus-96ebdcb81273.js [9208/10000] status=ok obs=bfad8dfa12ed coverage=+0/32/38 time=2ms
  RUN js-fuzzer-arithmetic-6ea16c7242c7.js [9209/10000] md5=6ea16c7242c7438bed6352e4890fd891 bytes=84 template=arithmetic origin=seed:tests/corpus/syntax/switch-do-while-sequence.test.js
 PASS js-fuzzer-arithmetic-6ea16c7242c7.js [9209/10000] status=ok obs=1d7f7abc18fc coverage=+0/32/38 time=2ms
  RUN js-fuzzer-function-ced1d0daab2e.js [9210/10000] md5=ced1d0daab2e23fdcfec672d899d9739 bytes=153 template=function origin=seed:tests/corpus/syntax/template-array-destructure.test.js
 PASS js-fuzzer-function-ced1d0daab2e.js [9210/10000] status=ok obs=8e296a067a37 coverage=+0/32/38 time=2ms
  RUN js-fuzzer-array-object-8728816636ad.js [9211/10000] md5=8728816636ad003fc39787bafeb29c5d bytes=133 template=array-object origin=seed:tests/corpus/syntax/typescript-assertions.test.ts
 PASS js-fuzzer-array-object-8728816636ad.js [9211/10000] status=ok obs=aab3238922bc coverage=+0/32/38 time=1ms
  RUN js-fuzzer-closure-ebb7f06a02b7.js [9212/10000] md5=ebb7f06a02b709bac77ef47fca784a69 bytes=184 template=closure origin=seed:tests/corpus/syntax/typescript-non-null-satisfies.test.ts
 PASS js-fuzzer-closure-ebb7f06a02b7.js [9212/10000] status=ok obs=f457c545a9de coverage=+0/32/38 time=2ms
  RUN js-fuzzer-boundary-4b188851088a.js [9213/10000] md5=4b188851088a18b5b5e1424320aec545 bytes=122 template=boundary origin=boundary:2147483647
 PASS js-fuzzer-boundary-4b188851088a.js [9213/10000] status=ok obs=c588c0a459f4 coverage=+0/32/38 time=2ms
  RUN js-fuzzer-loop-f495ca2fc638.js [9214/10000] md5=f495ca2fc6389f933578fc501f5b1465 bytes=81 template=loop origin=seed:tests/corpus/fixtures/state-machine-workflow.test.js
 PASS js-fuzzer-loop-f495ca2fc638.js [9214/10000] status=ok obs=c4ca4238a0b9 coverage=+0/32/38 time=1ms
  RUN js-fuzzer-try-catch-6c711f8bb184.js [9215/10000] md5=6c711f8bb184c228d8b20d70b1aabb73 bytes=109 template=try-catch origin=seed:tests/corpus/fixtures/vue-script-workflow.test.vue
 PASS js-fuzzer-try-catch-6c711f8bb184.js [9215/10000] status=ok obs=1679091c5a88 coverage=+0/32/38 time=2ms
  RUN js-fuzzer-class-a365d1a76b7b.js [9216/10000] md5=a365d1a76b7b0d4310621afa7caac433 bytes=100 template=class origin=seed:tests/corpus/obfuscation/constant-tag-mix.test.js
 PASS js-fuzzer-class-a365d1a76b7b.js [9216/10000] status=ok obs=8f14e45fceea coverage=+0/32/38 time=1ms
  RUN js-fuzzer-corpus-fe2d30a6e413.js [9217/10000] md5=fe2d30a6e4139e7a8b52405bed737faa bytes=220 template=corpus origin=tests/corpus/obfuscation/extern-slot-permutation.test.js
 PASS js-fuzzer-corpus-fe2d30a6e413.js [9217/10000] status=ok obs=c34c702d0256 coverage=+0/32/38 time=2ms
  RUN js-fuzzer-function-59a47c73ec30.js [9218/10000] md5=59a47c73ec3039d5b72e8af0d1e410de bytes=153 template=function origin=seed:tests/corpus/obfuscation/externs-console.test.js
 PASS js-fuzzer-function-59a47c73ec30.js [9218/10000] status=ok obs=8f14e45fceea coverage=+0/32/38 time=2ms
  RUN js-fuzzer-array-object-c3104e16c878.js [9219/10000] md5=c3104e16c878ab79fdaa2d5f711d14c6 bytes=133 template=array-object origin=seed:tests/corpus/obfuscation/seed-sensitive-functions.test.js
 PASS js-fuzzer-array-object-c3104e16c878.js [9219/10000] status=ok obs=c51ce410c124 coverage=+0/32/38 time=2ms
  RUN js-fuzzer-boundary-221618e58a55.js [9220/10000] md5=221618e58a55537e4dc7530ef9f57aaf bytes=113 template=boundary origin=boundary:2
 PASS js-fuzzer-boundary-221618e58a55.js [9220/10000] status=ok obs=c81e728d9d4c coverage=+0/32/38 time=1ms
  RUN js-fuzzer-block-scope-5951239be5d3.js [9221/10000] md5=5951239be5d370f7e12ed89cd6c868b1 bytes=114 template=block-scope origin=seed:tests/corpus/regressions/multiple-functions-fib-add.test.js
 PASS js-fuzzer-block-scope-5951239be5d3.js [9221/10000] status=ok obs=2723d092b638 coverage=+0/32/38 time=2ms
  RUN js-fuzzer-loop-55c7c905bffb.js [9222/10000] md5=55c7c905bffb4bbbc4c8fb9b91df6ad8 bytes=81 template=loop origin=seed:tests/corpus/regressions/scope-compressed-closure-params.test.js
 PASS js-fuzzer-loop-55c7c905bffb.js [9222/10000] status=ok obs=eccbc87e4b5c coverage=+0/32/38 time=2ms
  RUN js-fuzzer-try-catch-f457fe0c144d.js [9223/10000] md5=f457fe0c144d86e31ce7ae86f7f5c357 bytes=110 template=try-catch origin=seed:tests/corpus/runtime/arrays-objects-methods.test.js
 PASS js-fuzzer-try-catch-f457fe0c144d.js [9223/10000] status=ok obs=67c6a1e7ce56 coverage=+0/32/38 time=1ms
  RUN js-fuzzer-class-3b630e2d834a.js [9224/10000] md5=3b630e2d834a95a01ee75571f8bc0075 bytes=101 template=class origin=seed:tests/corpus/runtime/block-scopes.test.js
 PASS js-fuzzer-class-3b630e2d834a.js [9224/10000] status=ok obs=6512bd43d9ca coverage=+0/32/38 time=2ms
  RUN js-fuzzer-arithmetic-fe7b903c389a.js [9225/10000] md5=fe7b903c389a9ab7d31175e49f99ddb5 bytes=84 template=arithmetic origin=seed:tests/corpus/runtime/class-fields-static-methods.test.js
 PASS js-fuzzer-arithmetic-fe7b903c389a.js [9225/10000] status=ok obs=854d6fae5ee4 coverage=+0/32/38 time=2ms
  RUN js-fuzzer-corpus-663bf83cd082.js [9226/10000] md5=663bf83cd082bd221441dae6bbc85046 bytes=278 template=corpus origin=tests/corpus/runtime/classes-and-objects.test.js
 PASS js-fuzzer-corpus-663bf83cd082.js [9226/10000] status=ok obs=6f4922f45568 coverage=+0/32/38 time=2ms
  RUN js-fuzzer-boundary-ccde2dac26f6.js [9227/10000] md5=ccde2dac26f6d3fd46c3698825685fe3 bytes=113 template=boundary origin=boundary:1
 PASS js-fuzzer-boundary-ccde2dac26f6.js [9227/10000] status=ok obs=c4ca4238a0b9 coverage=+0/32/38 time=2ms
  RUN js-fuzzer-closure-0e072a6783df.js [9228/10000] md5=0e072a6783dfad210d7aa0765caf1f66 bytes=184 template=closure origin=seed:tests/corpus/runtime/closures-read-captured-values.test.js
 PASS js-fuzzer-closure-0e072a6783df.js [9228/10000] status=ok obs=8e296a067a37 coverage=+0/32/38 time=2ms
  RUN js-fuzzer-block-scope-e0e13ae4d058.js [9229/10000] md5=e0e13ae4d05824dc2ed439c1134aca3b bytes=115 template=block-scope origin=seed:tests/corpus/runtime/exceptions-and-nullish.test.js
 PASS js-fuzzer-block-scope-e0e13ae4d058.js [9229/10000] status=ok obs=5f93f983524d coverage=+0/32/38 time=1ms
  RUN js-fuzzer-loop-d35707ad0bf7.js [9230/10000] md5=d35707ad0bf74148f671ad8943998af6 bytes=81 template=loop origin=seed:tests/corpus/runtime/functions-closures-and-arrows.test.js
 PASS js-fuzzer-loop-d35707ad0bf7.js [9230/10000] status=ok obs=9bf31c7ff062 coverage=+0/32/38 time=2ms
  RUN js-fuzzer-try-catch-ecde19ac059d.js [9231/10000] md5=ecde19ac059dab5b524e2da1cfde28b0 bytes=110 template=try-catch origin=seed:tests/corpus/runtime/lexical-shadowing.test.js
 PASS js-fuzzer-try-catch-ecde19ac059d.js [9231/10000] status=ok obs=f457c545a9de coverage=+0/32/38 time=1ms
  RUN js-fuzzer-class-51ea152a707e.js [9232/10000] md5=51ea152a707ed5422ab3e5b3ddb7fe43 bytes=100 template=class origin=seed:tests/corpus/runtime/modules-export.test.js
 PASS js-fuzzer-class-51ea152a707e.js [9232/10000] status=ok obs=e4da3b7fbbce coverage=+0/32/38 time=2ms
  RUN js-fuzzer-arithmetic-e819593d4148.js [9233/10000] md5=e819593d4148308902b36a3f52711f58 bytes=84 template=arithmetic origin=seed:tests/corpus/runtime/nested-try-finally.test.js
 PASS js-fuzzer-arithmetic-e819593d4148.js [9233/10000] status=ok obs=ad61ab143223 coverage=+0/32/38 time=2ms
  RUN js-fuzzer-boundary-6aec0a9b1ff4.js [9234/10000] md5=6aec0a9b1ff4294bcfecb539ba7e660b bytes=129 template=boundary origin=boundary:-9007199254740991
 PASS js-fuzzer-boundary-6aec0a9b1ff4.js [9234/10000] status=ok obs=b3f3a95848f6 coverage=+0/32/38 time=1ms
  RUN js-fuzzer-corpus-279b64032335.js [9235/10000] md5=279b640323351a1b082b98b42d2a2d55 bytes=134 template=corpus origin=tests/corpus/syntax/logical-unary-nullish.test.js
 PASS js-fuzzer-corpus-279b64032335.js [9235/10000] status=ok obs=45c48cce2e2d coverage=+0/32/38 time=2ms
  RUN js-fuzzer-closure-86cda7161fd8.js [9236/10000] md5=86cda7161fd8856791852eb3ab803c1e bytes=184 template=closure origin=seed:tests/corpus/syntax/object-destructure-and-members.test.js
 PASS js-fuzzer-closure-86cda7161fd8.js [9236/10000] status=ok obs=a5bfc9e07964 coverage=+0/32/38 time=2ms
  RUN js-fuzzer-block-scope-457ab2a38efb.js [9237/10000] md5=457ab2a38efb9670e933edf492eb7c27 bytes=114 template=block-scope origin=seed:tests/corpus/syntax/switch-do-while-sequence.test.js
 PASS js-fuzzer-block-scope-457ab2a38efb.js [9237/10000] status=ok obs=65b9eea6e1cc coverage=+0/32/38 time=1ms
  RUN js-fuzzer-loop-54e460cecf5c.js [9238/10000] md5=54e460cecf5c05dfcffaa3b2e5f57445 bytes=81 template=loop origin=seed:tests/corpus/syntax/template-array-destructure.test.js
 PASS js-fuzzer-loop-54e460cecf5c.js [9238/10000] status=ok obs=d3d9446802a4 coverage=+0/32/38 time=2ms
  RUN js-fuzzer-try-catch-0db921dfa62d.js [9239/10000] md5=0db921dfa62dbbfd21889addc9a83362 bytes=110 template=try-catch origin=seed:tests/corpus/syntax/typescript-assertions.test.ts
 PASS js-fuzzer-try-catch-0db921dfa62d.js [9239/10000] status=ok obs=34173cb38f07 coverage=+0/32/38 time=1ms
  RUN js-fuzzer-class-51ea152a707e.js [9240/10000] md5=51ea152a707ed5422ab3e5b3ddb7fe43 bytes=100 template=class origin=seed:tests/corpus/syntax/typescript-non-null-satisfies.test.ts
 PASS js-fuzzer-class-51ea152a707e.js [9240/10000] status=ok obs=e4da3b7fbbce coverage=+0/32/38 time=2ms
  RUN js-fuzzer-boundary-4b8e58e2bd3b.js [9241/10000] md5=4b8e58e2bd3bc437f093fe0ab13ce109 bytes=123 template=boundary origin=boundary:-2147483648
 PASS js-fuzzer-boundary-4b8e58e2bd3b.js [9241/10000] status=ok obs=034ff5946105 coverage=+0/32/38 time=2ms
  RUN js-fuzzer-function-be199ff518ed.js [9242/10000] md5=be199ff518edad2305aebc8ea703ea8f bytes=153 template=function origin=seed:tests/corpus/fixtures/state-machine-workflow.test.js
 PASS js-fuzzer-function-be199ff518ed.js [9242/10000] status=ok obs=a87ff679a2f3 coverage=+0/32/38 time=1ms
  RUN js-fuzzer-array-object-9c6f16ea3263.js [9243/10000] md5=9c6f16ea3263e0afc3dfc83d507cfaf2 bytes=133 template=array-object origin=seed:tests/corpus/fixtures/vue-script-workflow.test.vue
 PASS js-fuzzer-array-object-9c6f16ea3263.js [9243/10000] status=ok obs=45c48cce2e2d coverage=+0/32/38 time=2ms
  RUN js-fuzzer-corpus-f00ef18b0a17.js [9244/10000] md5=f00ef18b0a172b2a2d9833f5b7fe94e2 bytes=199 template=corpus origin=tests/corpus/obfuscation/constant-tag-mix.test.js
 PASS js-fuzzer-corpus-f00ef18b0a17.js [9244/10000] status=ok obs=e86823f38986 coverage=+0/32/38 time=2ms
  RUN js-fuzzer-block-scope-53cd7c53dcef.js [9245/10000] md5=53cd7c53dceff32e4732b28209c6bef1 bytes=114 template=block-scope origin=seed:tests/corpus/obfuscation/extern-slot-permutation.test.js
 PASS js-fuzzer-block-scope-53cd7c53dcef.js [9245/10000] status=ok obs=6974ce5ac660 coverage=+0/32/38 time=1ms
  RUN js-fuzzer-loop-55c7c905bffb.js [9246/10000] md5=55c7c905bffb4bbbc4c8fb9b91df6ad8 bytes=81 template=loop origin=seed:tests/corpus/obfuscation/externs-console.test.js
 PASS js-fuzzer-loop-55c7c905bffb.js [9246/10000] status=ok obs=eccbc87e4b5c coverage=+0/32/38 time=2ms
  RUN js-fuzzer-try-catch-7b36a94abb6d.js [9247/10000] md5=7b36a94abb6ddf002e9dd3f3d3a0cea5 bytes=110 template=try-catch origin=seed:tests/corpus/obfuscation/seed-sensitive-functions.test.js
 PASS js-fuzzer-try-catch-7b36a94abb6d.js [9247/10000] status=ok obs=37693cfc7480 coverage=+0/32/38 time=2ms
  RUN js-fuzzer-boundary-db03eeac3914.js [9248/10000] md5=db03eeac3914e8f0a7bfea9eefe9f0de bytes=114 template=boundary origin=boundary:-2
 PASS js-fuzzer-boundary-db03eeac3914.js [9248/10000] status=ok obs=5d7b9adcbe1c coverage=+0/32/38 time=1ms
  RUN js-fuzzer-arithmetic-6a579490de44.js [9249/10000] md5=6a579490de4424b5112167ad79ce9c63 bytes=84 template=arithmetic origin=seed:tests/corpus/regressions/multiple-functions-fib-add.test.js
 PASS js-fuzzer-arithmetic-6a579490de44.js [9249/10000] status=ok obs=66f041e16a60 coverage=+0/32/38 time=2ms
  RUN js-fuzzer-function-67a4a16b508e.js [9250/10000] md5=67a4a16b508e8efc2a1fbbfc79004c7b bytes=153 template=function origin=seed:tests/corpus/regressions/scope-compressed-closure-params.test.js
 PASS js-fuzzer-function-67a4a16b508e.js [9250/10000] status=ok obs=eccbc87e4b5c coverage=+0/32/38 time=2ms
  RUN js-fuzzer-array-object-15f628ab4b86.js [9251/10000] md5=15f628ab4b86a3547cd67ade312d9d78 bytes=133 template=array-object origin=seed:tests/corpus/runtime/arrays-objects-methods.test.js
 PASS js-fuzzer-array-object-15f628ab4b86.js [9251/10000] status=ok obs=c74d97b01eae coverage=+0/32/38 time=1ms
  RUN js-fuzzer-closure-90b47d44312e.js [9252/10000] md5=90b47d44312ed94693b0786b64e6f27b bytes=184 template=closure origin=seed:tests/corpus/runtime/block-scopes.test.js
 PASS js-fuzzer-closure-90b47d44312e.js [9252/10000] status=ok obs=d09bf41544a3 coverage=+0/32/38 time=2ms
  RUN js-fuzzer-corpus-a64e83c2f849.js [9253/10000] md5=a64e83c2f84925dca8985eabe963ee21 bytes=179 template=corpus origin=tests/corpus/runtime/class-fields-static-methods.test.js
 PASS js-fuzzer-corpus-a64e83c2f849.js [9253/10000] status=ok obs=8f14e45fceea coverage=+0/32/38 time=1ms
  RUN js-fuzzer-loop-b88258462a8d.js [9254/10000] md5=b88258462a8d880f8b0e459fa23b2536 bytes=81 template=loop origin=seed:tests/corpus/runtime/classes-and-objects.test.js
 PASS js-fuzzer-loop-b88258462a8d.js [9254/10000] status=ok obs=3c59dc048e88 coverage=+0/32/38 time=2ms
  RUN js-fuzzer-boundary-1024adcac0e5.js [9255/10000] md5=1024adcac0e5cc9f99f478fa66dcc00c bytes=114 template=boundary origin=boundary:-1
 PASS js-fuzzer-boundary-1024adcac0e5.js [9255/10000] status=ok obs=6bb61e3b7bce coverage=+0/32/38 time=2ms
  RUN js-fuzzer-class-587587295e00.js [9256/10000] md5=587587295e0075a0a19c4572e53274fe bytes=101 template=class origin=seed:tests/corpus/runtime/closures-read-captured-values.test.js
 PASS js-fuzzer-class-587587295e00.js [9256/10000] status=ok obs=1f0e3dad9990 coverage=+0/32/38 time=1ms
  RUN js-fuzzer-arithmetic-03f4f18394f5.js [9257/10000] md5=03f4f18394f5cc638699e9a49b061359 bytes=84 template=arithmetic origin=seed:tests/corpus/runtime/exceptions-and-nullish.test.js
 PASS js-fuzzer-arithmetic-03f4f18394f5.js [9257/10000] status=ok obs=735b90b45681 coverage=+0/32/38 time=2ms
  RUN js-fuzzer-function-0b0d1f5ee746.js [9258/10000] md5=0b0d1f5ee746281ffbedfb7f7f4c45bc bytes=153 template=function origin=seed:tests/corpus/runtime/functions-closures-and-arrows.test.js
 PASS js-fuzzer-function-0b0d1f5ee746.js [9258/10000] status=ok obs=e4da3b7fbbce coverage=+0/32/38 time=2ms
  RUN js-fuzzer-array-object-4cb4bda8152a.js [9259/10000] md5=4cb4bda8152a7a3a5e86ec09bc274b54 bytes=133 template=array-object origin=seed:tests/corpus/runtime/lexical-shadowing.test.js
 PASS js-fuzzer-array-object-4cb4bda8152a.js [9259/10000] status=ok obs=98f137082101 coverage=+0/32/38 time=2ms
  RUN js-fuzzer-closure-e5bfbc15ff3a.js [9260/10000] md5=e5bfbc15ff3ac6527c20096df74b6599 bytes=183 template=closure origin=seed:tests/corpus/runtime/modules-export.test.js
 PASS js-fuzzer-closure-e5bfbc15ff3a.js [9260/10000] status=ok obs=1f0e3dad9990 coverage=+0/32/38 time=1ms
  RUN js-fuzzer-block-scope-53cd7c53dcef.js [9261/10000] md5=53cd7c53dceff32e4732b28209c6bef1 bytes=114 template=block-scope origin=seed:tests/corpus/runtime/nested-try-finally.test.js
 PASS js-fuzzer-block-scope-53cd7c53dcef.js [9261/10000] status=ok obs=6974ce5ac660 coverage=+0/32/38 time=2ms
  RUN js-fuzzer-corpus-89e900fcb72f.js [9262/10000] md5=89e900fcb72ff838bfe9a13ae091363f bytes=228 template=corpus origin=tests/corpus/syntax/control-flow-and-operators.test.js
 PASS js-fuzzer-corpus-89e900fcb72f.js [9262/10000] status=ok obs=aab3238922bc coverage=+0/32/38 time=2ms
  RUN js-fuzzer-try-catch-22e41d89137c.js [9263/10000] md5=22e41d89137ce4eac020880cbeff06ef bytes=110 template=try-catch origin=seed:tests/corpus/syntax/logical-unary-nullish.test.js
 PASS js-fuzzer-try-catch-22e41d89137c.js [9263/10000] status=ok obs=d9d4f495e875 coverage=+0/32/38 time=1ms
  RUN js-fuzzer-class-b901915e3eda.js [9264/10000] md5=b901915e3eda1a96f77dcec9fff681b5 bytes=100 template=class origin=seed:tests/corpus/syntax/object-destructure-and-members.test.js
 PASS js-fuzzer-class-b901915e3eda.js [9264/10000] status=ok obs=c81e728d9d4c coverage=+0/32/38 time=2ms
  RUN js-fuzzer-arithmetic-5d75d2ec3eb7.js [9265/10000] md5=5d75d2ec3eb7cd0c912be6e765f90462 bytes=85 template=arithmetic origin=seed:tests/corpus/syntax/switch-do-while-sequence.test.js
 PASS js-fuzzer-arithmetic-5d75d2ec3eb7.js [9265/10000] status=ok obs=68d30a959472 coverage=+0/32/38 time=1ms
  RUN js-fuzzer-function-1d370c2e7126.js [9266/10000] md5=1d370c2e7126a84b090ad6eed5468375 bytes=153 template=function origin=seed:tests/corpus/syntax/template-array-destructure.test.js
 PASS js-fuzzer-function-1d370c2e7126.js [9266/10000] status=ok obs=8f14e45fceea coverage=+0/32/38 time=2ms
  RUN js-fuzzer-array-object-6d6bcb6f9ef4.js [9267/10000] md5=6d6bcb6f9ef4f79ae3fc1ea9fc876286 bytes=133 template=array-object origin=seed:tests/corpus/syntax/typescript-assertions.test.ts
 PASS js-fuzzer-array-object-6d6bcb6f9ef4.js [9267/10000] status=ok obs=6f4922f45568 coverage=+0/32/38 time=2ms
  RUN js-fuzzer-closure-08c99a9f7ce6.js [9268/10000] md5=08c99a9f7ce6556c4544e4d71c5c6227 bytes=185 template=closure origin=seed:tests/corpus/syntax/typescript-non-null-satisfies.test.ts
 PASS js-fuzzer-closure-08c99a9f7ce6.js [9268/10000] status=ok obs=d1fe173d08e9 coverage=+0/32/38 time=2ms
  RUN js-fuzzer-boundary-83aee5cf07de.js [9269/10000] md5=83aee5cf07deb9d5ce59aec8aff7a227 bytes=128 template=boundary origin=boundary:9007199254740991
 PASS js-fuzzer-boundary-83aee5cf07de.js [9269/10000] status=ok obs=8bfa9ad090fb coverage=+0/32/38 time=1ms
  RUN js-fuzzer-loop-d35707ad0bf7.js [9270/10000] md5=d35707ad0bf74148f671ad8943998af6 bytes=81 template=loop origin=seed:tests/corpus/fixtures/state-machine-workflow.test.js
 PASS js-fuzzer-loop-d35707ad0bf7.js [9270/10000] status=ok obs=9bf31c7ff062 coverage=+0/32/38 time=2ms
  RUN js-fuzzer-corpus-f722388c7961.js [9271/10000] md5=f722388c7961d2a0288508c35f28a5f8 bytes=96 template=corpus origin=tests/corpus/fixtures/vue-script-workflow.test.vue
 PASS js-fuzzer-corpus-f722388c7961.js [9271/10000] status=ok obs=6512bd43d9ca coverage=+0/32/38 time=1ms
  RUN js-fuzzer-class-a9875f561daf.js [9272/10000] md5=a9875f561daf181d949c68fc070db0e0 bytes=101 template=class origin=seed:tests/corpus/obfuscation/constant-tag-mix.test.js
 PASS js-fuzzer-class-a9875f561daf.js [9272/10000] status=ok obs=aab3238922bc coverage=+0/32/38 time=2ms
  RUN js-fuzzer-arithmetic-c53b7583637a.js [9273/10000] md5=c53b7583637a052bed866cc8794bc97c bytes=84 template=arithmetic origin=seed:tests/corpus/obfuscation/extern-slot-permutation.test.js
 PASS js-fuzzer-arithmetic-c53b7583637a.js [9273/10000] status=ok obs=d2ddea18f006 coverage=+0/32/38 time=1ms
  RUN js-fuzzer-function-f9a15ede1a13.js [9274/10000] md5=f9a15ede1a136ec60ae593fd7d4d8635 bytes=153 template=function origin=seed:tests/corpus/obfuscation/externs-console.test.js
 PASS js-fuzzer-function-f9a15ede1a13.js [9274/10000] status=ok obs=d3d9446802a4 coverage=+0/32/38 time=2ms
  RUN js-fuzzer-array-object-c017eb214f5e.js [9275/10000] md5=c017eb214f5eb5a25a9c62f4f4486427 bytes=133 template=array-object origin=seed:tests/corpus/obfuscation/seed-sensitive-functions.test.js
 PASS js-fuzzer-array-object-c017eb214f5e.js [9275/10000] status=ok obs=6512bd43d9ca coverage=+0/32/38 time=2ms
  RUN js-fuzzer-boundary-4b188851088a.js [9276/10000] md5=4b188851088a18b5b5e1424320aec545 bytes=122 template=boundary origin=boundary:2147483647
 PASS js-fuzzer-boundary-4b188851088a.js [9276/10000] status=ok obs=c588c0a459f4 coverage=+0/32/38 time=2ms
  RUN js-fuzzer-block-scope-5d14e55e65b6.js [9277/10000] md5=5d14e55e65b6c22946ddcf2f918ac8f9 bytes=114 template=block-scope origin=seed:tests/corpus/regressions/multiple-functions-fib-add.test.js
 PASS js-fuzzer-block-scope-5d14e55e65b6.js [9277/10000] status=ok obs=ec8956637a99 coverage=+0/32/38 time=1ms
  RUN js-fuzzer-loop-f495ca2fc638.js [9278/10000] md5=f495ca2fc6389f933578fc501f5b1465 bytes=81 template=loop origin=seed:tests/corpus/regressions/scope-compressed-closure-params.test.js
 PASS js-fuzzer-loop-f495ca2fc638.js [9278/10000] status=ok obs=c4ca4238a0b9 coverage=+0/32/38 time=2ms
  RUN js-fuzzer-try-catch-f24fba189d45.js [9279/10000] md5=f24fba189d4541ce9d4809156ecb450c bytes=110 template=try-catch origin=seed:tests/corpus/runtime/arrays-objects-methods.test.js
 PASS js-fuzzer-try-catch-f24fba189d45.js [9279/10000] status=ok obs=1ff1de774005 coverage=+0/32/38 time=1ms
  RUN js-fuzzer-corpus-8b78ba7912c5.js [9280/10000] md5=8b78ba7912c51f6cf304b65c6ebdb2e3 bytes=289 template=corpus origin=tests/corpus/runtime/block-scopes.test.js
 PASS js-fuzzer-corpus-8b78ba7912c5.js [9280/10000] status=ok obs=37693cfc7480 coverage=+0/32/38 time=2ms
  RUN js-fuzzer-arithmetic-9f15856bf152.js [9281/10000] md5=9f15856bf152291a315d16515b380c31 bytes=85 template=arithmetic origin=seed:tests/corpus/runtime/class-fields-static-methods.test.js
 PASS js-fuzzer-arithmetic-9f15856bf152.js [9281/10000] status=ok obs=918317b57931 coverage=+0/32/38 time=2ms
  RUN js-fuzzer-function-c472354a037a.js [9282/10000] md5=c472354a037a48d197cd60b4e04af6e0 bytes=153 template=function origin=seed:tests/corpus/runtime/classes-and-objects.test.js
 PASS js-fuzzer-function-c472354a037a.js [9282/10000] status=ok obs=02e74f10e032 coverage=+0/32/38 time=2ms
  RUN js-fuzzer-boundary-e33d9dc9cd6c.js [9283/10000] md5=e33d9dc9cd6c84ec6ac6a01d1d18c4f2 bytes=113 template=boundary origin=boundary:2
 PASS js-fuzzer-boundary-e33d9dc9cd6c.js [9283/10000] status=ok obs=c81e728d9d4c coverage=+0/32/38 time=1ms
  RUN js-fuzzer-closure-1f061ddf9fab.js [9284/10000] md5=1f061ddf9fab95292f2a33d9f74f19b5 bytes=184 template=closure origin=seed:tests/corpus/runtime/closures-read-captured-values.test.js
 PASS js-fuzzer-closure-1f061ddf9fab.js [9284/10000] status=ok obs=14bfa6bb1487 coverage=+0/32/38 time=2ms
  RUN js-fuzzer-block-scope-5cfd8616c901.js [9285/10000] md5=5cfd8616c9014ffc6478064806ecfa0d bytes=114 template=block-scope origin=seed:tests/corpus/runtime/exceptions-and-nullish.test.js
 PASS js-fuzzer-block-scope-5cfd8616c901.js [9285/10000] status=ok obs=38b3eff8baf5 coverage=+0/32/38 time=1ms
  RUN js-fuzzer-loop-bbf1d7a15d8d.js [9286/10000] md5=bbf1d7a15d8dd015402d75c0e0108b5f bytes=81 template=loop origin=seed:tests/corpus/runtime/functions-closures-and-arrows.test.js
 PASS js-fuzzer-loop-bbf1d7a15d8d.js [9286/10000] status=ok obs=1679091c5a88 coverage=+0/32/38 time=2ms
  RUN js-fuzzer-try-catch-4a24aaf1e66a.js [9287/10000] md5=4a24aaf1e66a8b823f90ea06221a0572 bytes=110 template=try-catch origin=seed:tests/corpus/runtime/lexical-shadowing.test.js
 PASS js-fuzzer-try-catch-4a24aaf1e66a.js [9287/10000] status=ok obs=d67d8ab4f4c1 coverage=+0/32/38 time=1ms
  RUN js-fuzzer-class-ff7d9ca3da86.js [9288/10000] md5=ff7d9ca3da86b49917ac34b4d48e8df9 bytes=101 template=class origin=seed:tests/corpus/runtime/modules-export.test.js
 PASS js-fuzzer-class-ff7d9ca3da86.js [9288/10000] status=ok obs=c20ad4d76fe9 coverage=+0/32/38 time=1ms
  RUN js-fuzzer-corpus-c557f8da2a9d.js [9289/10000] md5=c557f8da2a9d2904c70dca50c3eeb50e bytes=191 template=corpus origin=tests/corpus/runtime/nested-try-finally.test.js
 PASS js-fuzzer-corpus-c557f8da2a9d.js [9289/10000] status=ok obs=8f14e45fceea coverage=+0/32/38 time=2ms
  RUN js-fuzzer-boundary-a6a77cc918cc.js [9290/10000] md5=a6a77cc918cc479b04ccb7be2bd80dac bytes=113 template=boundary origin=boundary:1
 PASS js-fuzzer-boundary-a6a77cc918cc.js [9290/10000] status=ok obs=c4ca4238a0b9 coverage=+0/32/38 time=1ms
  RUN js-fuzzer-array-object-2c7181a831be.js [9291/10000] md5=2c7181a831be2f3a50639b0bd79e77f8 bytes=133 template=array-object origin=seed:tests/corpus/syntax/logical-unary-nullish.test.js
 PASS js-fuzzer-array-object-2c7181a831be.js [9291/10000] status=ok obs=6512bd43d9ca coverage=+0/32/38 time=2ms
  RUN js-fuzzer-closure-b0a00c908b7a.js [9292/10000] md5=b0a00c908b7a3a1e92ceb638aceb3a3f bytes=184 template=closure origin=seed:tests/corpus/syntax/object-destructure-and-members.test.js
 PASS js-fuzzer-closure-b0a00c908b7a.js [9292/10000] status=ok obs=7f39f8317fbd coverage=+0/32/38 time=1ms
  RUN js-fuzzer-block-scope-7fc664287876.js [9293/10000] md5=7fc6642878767985ab6325f8fdf02946 bytes=114 template=block-scope origin=seed:tests/corpus/syntax/switch-do-while-sequence.test.js
 PASS js-fuzzer-block-scope-7fc664287876.js [9293/10000] status=ok obs=a3c65c297427 coverage=+0/32/38 time=2ms
  RUN js-fuzzer-loop-d35707ad0bf7.js [9294/10000] md5=d35707ad0bf74148f671ad8943998af6 bytes=81 template=loop origin=seed:tests/corpus/syntax/template-array-destructure.test.js
 PASS js-fuzzer-loop-d35707ad0bf7.js [9294/10000] status=ok obs=9bf31c7ff062 coverage=+0/32/38 time=2ms
  RUN js-fuzzer-try-catch-70fffa3518b3.js [9295/10000] md5=70fffa3518b3cd8f92c92fd09e60ecbc bytes=110 template=try-catch origin=seed:tests/corpus/syntax/typescript-assertions.test.ts
 PASS js-fuzzer-try-catch-70fffa3518b3.js [9295/10000] status=ok obs=a5bfc9e07964 coverage=+0/32/38 time=1ms
  RUN js-fuzzer-class-f454a055ed5d.js [9296/10000] md5=f454a055ed5dc800cb1ab66abc7a01de bytes=100 template=class origin=seed:tests/corpus/syntax/typescript-non-null-satisfies.test.ts
 PASS js-fuzzer-class-f454a055ed5d.js [9296/10000] status=ok obs=a87ff679a2f3 coverage=+0/32/38 time=2ms
  RUN js-fuzzer-boundary-235131a2d0d1.js [9297/10000] md5=235131a2d0d184afe9327ca3bd456dde bytes=129 template=boundary origin=boundary:-9007199254740991
 PASS js-fuzzer-boundary-235131a2d0d1.js [9297/10000] status=ok obs=b3f3a95848f6 coverage=+0/32/38 time=2ms
  RUN js-fuzzer-corpus-ab8ca4f8757c.js [9298/10000] md5=ab8ca4f8757c6165b29cd6a662edad93 bytes=450 template=corpus origin=tests/corpus/fixtures/state-machine-workflow.test.js
 PASS js-fuzzer-corpus-ab8ca4f8757c.js [9298/10000] status=ok obs=b9f49c580664 coverage=+0/32/38 time=2ms
  RUN js-fuzzer-array-object-e7dcefb8115e.js [9299/10000] md5=e7dcefb8115e90ae2bef4230006e3032 bytes=133 template=array-object origin=seed:tests/corpus/fixtures/vue-script-workflow.test.vue
 PASS js-fuzzer-array-object-e7dcefb8115e.js [9299/10000] status=ok obs=c9f0f895fb98 coverage=+0/32/38 time=1ms
  RUN js-fuzzer-closure-402ab56c065b.js [9300/10000] md5=402ab56c065bcb0260e64be61e58b3ab bytes=184 template=closure origin=seed:tests/corpus/obfuscation/constant-tag-mix.test.js
 PASS js-fuzzer-closure-402ab56c065b.js [9300/10000] status=ok obs=f457c545a9de coverage=+0/32/38 time=2ms
  RUN js-fuzzer-block-scope-7e8cdf97cccd.js [9301/10000] md5=7e8cdf97cccd36b7f4da6cb53f820c60 bytes=114 template=block-scope origin=seed:tests/corpus/obfuscation/extern-slot-permutation.test.js
 PASS js-fuzzer-block-scope-7e8cdf97cccd.js [9301/10000] status=ok obs=f0935e4cd592 coverage=+0/32/38 time=2ms
  RUN js-fuzzer-loop-54e460cecf5c.js [9302/10000] md5=54e460cecf5c05dfcffaa3b2e5f57445 bytes=81 template=loop origin=seed:tests/corpus/obfuscation/externs-console.test.js
 PASS js-fuzzer-loop-54e460cecf5c.js [9302/10000] status=ok obs=d3d9446802a4 coverage=+0/32/38 time=1ms
  RUN js-fuzzer-try-catch-a4e2330c4919.js [9303/10000] md5=a4e2330c49196805169dbf8449e466fa bytes=110 template=try-catch origin=seed:tests/corpus/obfuscation/seed-sensitive-functions.test.js
 PASS js-fuzzer-try-catch-a4e2330c4919.js [9303/10000] status=ok obs=3c59dc048e88 coverage=+0/32/38 time=2ms
  RUN js-fuzzer-boundary-4b8e58e2bd3b.js [9304/10000] md5=4b8e58e2bd3bc437f093fe0ab13ce109 bytes=123 template=boundary origin=boundary:-2147483648
 PASS js-fuzzer-boundary-4b8e58e2bd3b.js [9304/10000] status=ok obs=034ff5946105 coverage=+0/32/38 time=2ms
  RUN js-fuzzer-arithmetic-fdc356a89e5c.js [9305/10000] md5=fdc356a89e5c4d1f4bfc8e16f6fd1c0f bytes=84 template=arithmetic origin=seed:tests/corpus/regressions/multiple-functions-fib-add.test.js
 PASS js-fuzzer-arithmetic-fdc356a89e5c.js [9305/10000] status=ok obs=f899139df5e1 coverage=+0/32/38 time=1ms
  RUN js-fuzzer-function-67a4a16b508e.js [9306/10000] md5=67a4a16b508e8efc2a1fbbfc79004c7b bytes=153 template=function origin=seed:tests/corpus/regressions/scope-compressed-closure-params.test.js
 PASS js-fuzzer-function-67a4a16b508e.js [9306/10000] status=ok obs=eccbc87e4b5c coverage=+0/32/38 time=2ms
  RUN js-fuzzer-corpus-a07012429fce.js [9307/10000] md5=a07012429fce4b4d7c8af42f445f70b9 bytes=163 template=corpus origin=tests/corpus/runtime/arrays-objects-methods.test.js
 PASS js-fuzzer-corpus-a07012429fce.js [9307/10000] status=ok obs=c51ce410c124 coverage=+0/32/38 time=2ms
  RUN js-fuzzer-closure-fb8c3b562928.js [9308/10000] md5=fb8c3b5629284fd6bc50aaf9731ba101 bytes=185 template=closure origin=seed:tests/corpus/runtime/block-scopes.test.js
 PASS js-fuzzer-closure-fb8c3b562928.js [9308/10000] status=ok obs=d09bf41544a3 coverage=+0/32/38 time=1ms
  RUN js-fuzzer-block-scope-8b924cbd63e3.js [9309/10000] md5=8b924cbd63e3172c8da94d8733d45d0f bytes=114 template=block-scope origin=seed:tests/corpus/runtime/class-fields-static-methods.test.js
 PASS js-fuzzer-block-scope-8b924cbd63e3.js [9309/10000] status=ok obs=a3c65c297427 coverage=+0/32/38 time=2ms
  RUN js-fuzzer-loop-f495ca2fc638.js [9310/10000] md5=f495ca2fc6389f933578fc501f5b1465 bytes=81 template=loop origin=seed:tests/corpus/runtime/classes-and-objects.test.js
 PASS js-fuzzer-loop-f495ca2fc638.js [9310/10000] status=ok obs=c4ca4238a0b9 coverage=+0/32/38 time=1ms
  RUN js-fuzzer-boundary-6d89c3a838ae.js [9311/10000] md5=6d89c3a838ae354bda64ec37ec2b63b1 bytes=114 template=boundary origin=boundary:-2
 PASS js-fuzzer-boundary-6d89c3a838ae.js [9311/10000] status=ok obs=5d7b9adcbe1c coverage=+0/32/38 time=2ms
  RUN js-fuzzer-class-1fb70654253d.js [9312/10000] md5=1fb70654253d944404805630039f463c bytes=101 template=class origin=seed:tests/corpus/runtime/closures-read-captured-values.test.js
 PASS js-fuzzer-class-1fb70654253d.js [9312/10000] status=ok obs=c51ce410c124 coverage=+0/32/38 time=2ms
  RUN js-fuzzer-arithmetic-d58bc6bce848.js [9313/10000] md5=d58bc6bce84861b14360b5d65827a4d1 bytes=85 template=arithmetic origin=seed:tests/corpus/runtime/exceptions-and-nullish.test.js
 PASS js-fuzzer-arithmetic-d58bc6bce848.js [9313/10000] status=ok obs=1c9ac0159c94 coverage=+0/32/38 time=1ms
  RUN js-fuzzer-function-84b6f0564867.js [9314/10000] md5=84b6f05648673d1e7da8df04c8cbab23 bytes=153 template=function origin=seed:tests/corpus/runtime/functions-closures-and-arrows.test.js
 PASS js-fuzzer-function-84b6f0564867.js [9314/10000] status=ok obs=c74d97b01eae coverage=+0/32/38 time=2ms
  RUN js-fuzzer-array-object-819d7ca7ba2e.js [9315/10000] md5=819d7ca7ba2eb77c3de7302d06a48e07 bytes=133 template=array-object origin=seed:tests/corpus/runtime/lexical-shadowing.test.js
 PASS js-fuzzer-array-object-819d7ca7ba2e.js [9315/10000] status=ok obs=c51ce410c124 coverage=+0/32/38 time=2ms
  RUN js-fuzzer-corpus-4131d841163b.js [9316/10000] md5=4131d841163b79e192bca9d4fc683c54 bytes=58 template=corpus origin=tests/corpus/runtime/modules-export.test.js
 PASS js-fuzzer-corpus-4131d841163b.js [9316/10000] status=ok obs=8f14e45fceea coverage=+0/32/38 time=2ms
  RUN js-fuzzer-block-scope-08f4f4871b5f.js [9317/10000] md5=08f4f4871b5f955ff268c0a6c9865a89 bytes=114 template=block-scope origin=seed:tests/corpus/runtime/nested-try-finally.test.js
 PASS js-fuzzer-block-scope-08f4f4871b5f.js [9317/10000] status=ok obs=38b3eff8baf5 coverage=+0/32/38 time=1ms
  RUN js-fuzzer-boundary-1024adcac0e5.js [9318/10000] md5=1024adcac0e5cc9f99f478fa66dcc00c bytes=114 template=boundary origin=boundary:-1
 PASS js-fuzzer-boundary-1024adcac0e5.js [9318/10000] status=ok obs=6bb61e3b7bce coverage=+0/32/38 time=2ms
  RUN js-fuzzer-try-catch-e6a0f565fc4e.js [9319/10000] md5=e6a0f565fc4ec95ea847cca573b5900c bytes=110 template=try-catch origin=seed:tests/corpus/syntax/logical-unary-nullish.test.js
 PASS js-fuzzer-try-catch-e6a0f565fc4e.js [9319/10000] status=ok obs=33e75ff09dd6 coverage=+0/32/38 time=1ms
  RUN js-fuzzer-class-769274f77fa6.js [9320/10000] md5=769274f77fa62254ce7e0eb0e3adf7f1 bytes=100 template=class origin=seed:tests/corpus/syntax/object-destructure-and-members.test.js
 PASS js-fuzzer-class-769274f77fa6.js [9320/10000] status=ok obs=c4ca4238a0b9 coverage=+0/32/38 time=2ms
  RUN js-fuzzer-arithmetic-d48b01bccd23.js [9321/10000] md5=d48b01bccd231aa5b36b2b18d2c061ba bytes=85 template=arithmetic origin=seed:tests/corpus/syntax/switch-do-while-sequence.test.js
 PASS js-fuzzer-arithmetic-d48b01bccd23.js [9321/10000] status=ok obs=8f53295a7387 coverage=+0/32/38 time=1ms
  RUN js-fuzzer-function-ced1d0daab2e.js [9322/10000] md5=ced1d0daab2e23fdcfec672d899d9739 bytes=153 template=function origin=seed:tests/corpus/syntax/template-array-destructure.test.js
 PASS js-fuzzer-function-ced1d0daab2e.js [9322/10000] status=ok obs=8e296a067a37 coverage=+0/32/38 time=3ms
  RUN js-fuzzer-array-object-fb7396184307.js [9323/10000] md5=fb7396184307a931ec54c0332af32194 bytes=133 template=array-object origin=seed:tests/corpus/syntax/typescript-assertions.test.ts
 PASS js-fuzzer-array-object-fb7396184307.js [9323/10000] status=ok obs=c74d97b01eae coverage=+0/32/38 time=1ms
  RUN js-fuzzer-closure-ead8940d2d15.js [9324/10000] md5=ead8940d2d15dfa8fad428e46baaedd0 bytes=184 template=closure origin=seed:tests/corpus/syntax/typescript-non-null-satisfies.test.ts
 PASS js-fuzzer-closure-ead8940d2d15.js [9324/10000] status=ok obs=3416a75f4cea coverage=+0/32/38 time=2ms
  RUN js-fuzzer-corpus-797f152bf878.js [9325/10000] md5=797f152bf878d5049066c6db6d2360b3 bytes=355 template=corpus origin=tests/corpus/fixtures/job-workflow.test.js
 PASS js-fuzzer-corpus-797f152bf878.js [9325/10000] status=ok obs=b9de0628c8ec coverage=+0/32/38 time=2ms
  RUN js-fuzzer-loop-f495ca2fc638.js [9326/10000] md5=f495ca2fc6389f933578fc501f5b1465 bytes=81 template=loop origin=seed:tests/corpus/fixtures/state-machine-workflow.test.js
 PASS js-fuzzer-loop-f495ca2fc638.js [9326/10000] status=ok obs=c4ca4238a0b9 coverage=+0/32/38 time=2ms
  RUN js-fuzzer-try-catch-081c74da6bdb.js [9327/10000] md5=081c74da6bdbcec08ff71798dacff9f1 bytes=110 template=try-catch origin=seed:tests/corpus/fixtures/vue-script-workflow.test.vue
 PASS js-fuzzer-try-catch-081c74da6bdb.js [9327/10000] status=ok obs=6c8349cc7260 coverage=+0/32/38 time=1ms
  RUN js-fuzzer-class-a35a4dd2f302.js [9328/10000] md5=a35a4dd2f302fda9a0e8d6e2c980c283 bytes=101 template=class origin=seed:tests/corpus/obfuscation/constant-tag-mix.test.js
 PASS js-fuzzer-class-a35a4dd2f302.js [9328/10000] status=ok obs=9bf31c7ff062 coverage=+0/32/38 time=2ms
  RUN js-fuzzer-arithmetic-18b8211666cd.js [9329/10000] md5=18b8211666cd0cc64b79f0ab30f9c6ae bytes=84 template=arithmetic origin=seed:tests/corpus/obfuscation/extern-slot-permutation.test.js
 PASS js-fuzzer-arithmetic-18b8211666cd.js [9329/10000] status=ok obs=8e296a067a37 coverage=+0/32/38 time=1ms
  RUN js-fuzzer-function-98e8c4d5dcc0.js [9330/10000] md5=98e8c4d5dcc095fbcedf7527b98fd4fe bytes=153 template=function origin=seed:tests/corpus/obfuscation/externs-console.test.js
 PASS js-fuzzer-function-98e8c4d5dcc0.js [9330/10000] status=ok obs=c9f0f895fb98 coverage=+0/32/38 time=2ms
  RUN js-fuzzer-array-object-197082a2eee5.js [9331/10000] md5=197082a2eee5a749699224b6f957f384 bytes=133 template=array-object origin=seed:tests/corpus/obfuscation/seed-sensitive-functions.test.js
 PASS js-fuzzer-array-object-197082a2eee5.js [9331/10000] status=ok obs=8f14e45fceea coverage=+0/32/38 time=1ms
  RUN js-fuzzer-boundary-4bea2a6e0cb0.js [9332/10000] md5=4bea2a6e0cb0c7bb0b29e5b5d44112d8 bytes=128 template=boundary origin=boundary:9007199254740991
 PASS js-fuzzer-boundary-4bea2a6e0cb0.js [9332/10000] status=ok obs=dc9a0d67a31d coverage=+0/32/38 time=1ms
  RUN js-fuzzer-block-scope-fa45d8b78690.js [9333/10000] md5=fa45d8b786908d2e2c9de01037b6f082 bytes=115 template=block-scope origin=seed:tests/corpus/regressions/multiple-functions-fib-add.test.js
 PASS js-fuzzer-block-scope-fa45d8b78690.js [9333/10000] status=ok obs=5f93f983524d coverage=+0/32/38 time=2ms
  RUN js-fuzzer-corpus-c28cfb056309.js [9334/10000] md5=c28cfb056309f2a77f8bd9756b123c54 bytes=147 template=corpus origin=tests/corpus/regressions/scope-compressed-closure-params.test.js
 PASS js-fuzzer-corpus-c28cfb056309.js [9334/10000] status=ok obs=c51ce410c124 coverage=+0/32/38 time=1ms
  RUN js-fuzzer-try-catch-60965d400692.js [9335/10000] md5=60965d4006920d781586aecbf04b3493 bytes=110 template=try-catch origin=seed:tests/corpus/runtime/arrays-objects-methods.test.js
 PASS js-fuzzer-try-catch-60965d400692.js [9335/10000] status=ok obs=1f0e3dad9990 coverage=+0/32/38 time=2ms
  RUN js-fuzzer-class-a9875f561daf.js [9336/10000] md5=a9875f561daf181d949c68fc070db0e0 bytes=101 template=class origin=seed:tests/corpus/runtime/block-scopes.test.js
 PASS js-fuzzer-class-a9875f561daf.js [9336/10000] status=ok obs=aab3238922bc coverage=+0/32/38 time=1ms
  RUN js-fuzzer-arithmetic-ac88c2433281.js [9337/10000] md5=ac88c24332813324147d7fd11cd1365d bytes=85 template=arithmetic origin=seed:tests/corpus/runtime/class-fields-static-methods.test.js
 PASS js-fuzzer-arithmetic-ac88c2433281.js [9337/10000] status=ok obs=31fefc0e570c coverage=+0/32/38 time=2ms
  RUN js-fuzzer-function-cb7d7d91d83d.js [9338/10000] md5=cb7d7d91d83d165500656240f14cd1fc bytes=153 template=function origin=seed:tests/corpus/runtime/classes-and-objects.test.js
 PASS js-fuzzer-function-cb7d7d91d83d.js [9338/10000] status=ok obs=8f14e45fceea coverage=+0/32/38 time=2ms
  RUN js-fuzzer-boundary-86f8354fc6fd.js [9339/10000] md5=86f8354fc6fd092b05683bbf230dc769 bytes=122 template=boundary origin=boundary:2147483647
 PASS js-fuzzer-boundary-86f8354fc6fd.js [9339/10000] status=ok obs=c588c0a459f4 coverage=+0/32/38 time=1ms
  RUN js-fuzzer-closure-29e68e76f867.js [9340/10000] md5=29e68e76f867dc0cde73cb89c924d016 bytes=185 template=closure origin=seed:tests/corpus/runtime/closures-read-captured-values.test.js
 PASS js-fuzzer-closure-29e68e76f867.js [9340/10000] status=ok obs=3416a75f4cea coverage=+0/32/38 time=2ms
  RUN js-fuzzer-block-scope-a8e327bbe626.js [9341/10000] md5=a8e327bbe6261141f09ba57789d8f00f bytes=114 template=block-scope origin=seed:tests/corpus/runtime/exceptions-and-nullish.test.js
 PASS js-fuzzer-block-scope-a8e327bbe626.js [9341/10000] status=ok obs=a97da629b098 coverage=+0/32/38 time=2ms
  RUN js-fuzzer-loop-d35707ad0bf7.js [9342/10000] md5=d35707ad0bf74148f671ad8943998af6 bytes=81 template=loop origin=seed:tests/corpus/runtime/functions-closures-and-arrows.test.js
 PASS js-fuzzer-loop-d35707ad0bf7.js [9342/10000] status=ok obs=9bf31c7ff062 coverage=+0/32/38 time=1ms
  RUN js-fuzzer-corpus-463d4dee8a1f.js [9343/10000] md5=463d4dee8a1f930fa8af57a704cacf3e bytes=232 template=corpus origin=tests/corpus/runtime/lexical-shadowing.test.js
 PASS js-fuzzer-corpus-463d4dee8a1f.js [9343/10000] status=ok obs=c51ce410c124 coverage=+0/32/38 time=2ms
  RUN js-fuzzer-class-3b630e2d834a.js [9344/10000] md5=3b630e2d834a95a01ee75571f8bc0075 bytes=101 template=class origin=seed:tests/corpus/runtime/modules-export.test.js
 PASS js-fuzzer-class-3b630e2d834a.js [9344/10000] status=ok obs=6512bd43d9ca coverage=+0/32/38 time=1ms
  RUN js-fuzzer-arithmetic-d659e2dac195.js [9345/10000] md5=d659e2dac195c5aa12346a56b0523122 bytes=85 template=arithmetic origin=seed:tests/corpus/runtime/nested-try-finally.test.js
 PASS js-fuzzer-arithmetic-d659e2dac195.js [9345/10000] status=ok obs=7ef605fc8dba coverage=+0/32/38 time=2ms
  RUN js-fuzzer-boundary-85faf3787c26.js [9346/10000] md5=85faf3787c26ca3bad9215a544873988 bytes=113 template=boundary origin=boundary:2
 PASS js-fuzzer-boundary-85faf3787c26.js [9346/10000] status=ok obs=c81e728d9d4c coverage=+0/32/38 time=2ms
  RUN js-fuzzer-array-object-e1fbf339a8e0.js [9347/10000] md5=e1fbf339a8e05976dee7b1f338c2f1be bytes=133 template=array-object origin=seed:tests/corpus/syntax/logical-unary-nullish.test.js
 PASS js-fuzzer-array-object-e1fbf339a8e0.js [9347/10000] status=ok obs=d3d9446802a4 coverage=+0/32/38 time=1ms
  RUN js-fuzzer-closure-f7b3a7dfc4f5.js [9348/10000] md5=f7b3a7dfc4f5cf4b4545beff44b89761 bytes=184 template=closure origin=seed:tests/corpus/syntax/object-destructure-and-members.test.js
 PASS js-fuzzer-closure-f7b3a7dfc4f5.js [9348/10000] status=ok obs=1c383cd30b7c coverage=+0/32/38 time=2ms
  RUN js-fuzzer-block-scope-816d3eb6ad9f.js [9349/10000] md5=816d3eb6ad9fdc4ff093e4c7f4dd11be bytes=114 template=block-scope origin=seed:tests/corpus/syntax/switch-do-while-sequence.test.js
 PASS js-fuzzer-block-scope-816d3eb6ad9f.js [9349/10000] status=ok obs=f0935e4cd592 coverage=+0/32/38 time=2ms
  RUN js-fuzzer-loop-f495ca2fc638.js [9350/10000] md5=f495ca2fc6389f933578fc501f5b1465 bytes=81 template=loop origin=seed:tests/corpus/syntax/template-array-destructure.test.js
 PASS js-fuzzer-loop-f495ca2fc638.js [9350/10000] status=ok obs=c4ca4238a0b9 coverage=+0/32/38 time=1ms
  RUN js-fuzzer-try-catch-676dafc46859.js [9351/10000] md5=676dafc4685905581f3925e95c53669f bytes=110 template=try-catch origin=seed:tests/corpus/syntax/typescript-assertions.test.ts
 PASS js-fuzzer-try-catch-676dafc46859.js [9351/10000] status=ok obs=a5771bce93e2 coverage=+0/32/38 time=2ms
  RUN js-fuzzer-corpus-e3eeaea0f8a2.js [9352/10000] md5=e3eeaea0f8a2c5d5b650d4007cf78b4a bytes=104 template=corpus origin=tests/corpus/syntax/typescript-non-null-satisfies.test.ts
 PASS js-fuzzer-corpus-e3eeaea0f8a2.js [9352/10000] status=ok obs=d3d9446802a4 coverage=+0/32/38 time=1ms
  RUN js-fuzzer-boundary-ccde2dac26f6.js [9353/10000] md5=ccde2dac26f6d3fd46c3698825685fe3 bytes=113 template=boundary origin=boundary:1
 PASS js-fuzzer-boundary-ccde2dac26f6.js [9353/10000] status=ok obs=c4ca4238a0b9 coverage=+0/32/38 time=2ms
  RUN js-fuzzer-function-4b9684ea9e29.js [9354/10000] md5=4b9684ea9e291ddb6515f98bf0c93905 bytes=153 template=function origin=seed:tests/corpus/fixtures/state-machine-workflow.test.js
 PASS js-fuzzer-function-4b9684ea9e29.js [9354/10000] status=ok obs=eccbc87e4b5c coverage=+0/32/38 time=2ms
  RUN js-fuzzer-array-object-06c161ad6585.js [9355/10000] md5=06c161ad6585e4af719d9e4aca3e62eb bytes=133 template=array-object origin=seed:tests/corpus/fixtures/vue-script-workflow.test.vue
 PASS js-fuzzer-array-object-06c161ad6585.js [9355/10000] status=ok obs=1f0e3dad9990 coverage=+0/32/38 time=1ms
  RUN js-fuzzer-closure-d1347c2dd10a.js [9356/10000] md5=d1347c2dd10a09a6444b0b52141258f9 bytes=184 template=closure origin=seed:tests/corpus/obfuscation/constant-tag-mix.test.js
 PASS js-fuzzer-closure-d1347c2dd10a.js [9356/10000] status=ok obs=17e62166fc85 coverage=+0/32/38 time=2ms
  RUN js-fuzzer-block-scope-e315f4c12bc1.js [9357/10000] md5=e315f4c12bc13b4f7f4a55f8bf99f422 bytes=115 template=block-scope origin=seed:tests/corpus/obfuscation/extern-slot-permutation.test.js
 PASS js-fuzzer-block-scope-e315f4c12bc1.js [9357/10000] status=ok obs=5f93f983524d coverage=+0/32/38 time=2ms
  RUN js-fuzzer-loop-54e460cecf5c.js [9358/10000] md5=54e460cecf5c05dfcffaa3b2e5f57445 bytes=81 template=loop origin=seed:tests/corpus/obfuscation/externs-console.test.js
 PASS js-fuzzer-loop-54e460cecf5c.js [9358/10000] status=ok obs=d3d9446802a4 coverage=+0/32/38 time=2ms
  RUN js-fuzzer-try-catch-8a297d00e90e.js [9359/10000] md5=8a297d00e90eb93174a6d6eeae5be951 bytes=110 template=try-catch origin=seed:tests/corpus/obfuscation/seed-sensitive-functions.test.js
 PASS js-fuzzer-try-catch-8a297d00e90e.js [9359/10000] status=ok obs=98f137082101 coverage=+0/32/38 time=1ms
  RUN js-fuzzer-boundary-37492c99ff33.js [9360/10000] md5=37492c99ff33e9d5e09e0b8e84ba785a bytes=129 template=boundary origin=boundary:-9007199254740991
 PASS js-fuzzer-boundary-37492c99ff33.js [9360/10000] status=ok obs=b3f3a95848f6 coverage=+0/32/38 time=2ms
  RUN js-fuzzer-corpus-ad9ed8746461.js [9361/10000] md5=ad9ed87464611c6dd81b04b3754c760c bytes=214 template=corpus origin=tests/corpus/regressions/multiple-functions-fib-add.test.js
 PASS js-fuzzer-corpus-ad9ed8746461.js [9361/10000] status=ok obs=3c59dc048e88 coverage=+0/32/38 time=2ms
  RUN js-fuzzer-function-9a24649f1cae.js [9362/10000] md5=9a24649f1caec2a9716934902cbac103 bytes=153 template=function origin=seed:tests/corpus/regressions/scope-compressed-closure-params.test.js
 PASS js-fuzzer-function-9a24649f1cae.js [9362/10000] status=ok obs=9bf31c7ff062 coverage=+0/32/38 time=2ms
  RUN js-fuzzer-array-object-5548fc6fd98b.js [9363/10000] md5=5548fc6fd98be7f4259100f03e915e0c bytes=133 template=array-object origin=seed:tests/corpus/runtime/arrays-objects-methods.test.js
 PASS js-fuzzer-array-object-5548fc6fd98b.js [9363/10000] status=ok obs=c74d97b01eae coverage=+0/32/38 time=2ms
  RUN js-fuzzer-closure-6425fd72d8c1.js [9364/10000] md5=6425fd72d8c13c25b0fe5a28809b63f8 bytes=184 template=closure origin=seed:tests/corpus/runtime/block-scopes.test.js
 PASS js-fuzzer-closure-6425fd72d8c1.js [9364/10000] status=ok obs=14bfa6bb1487 coverage=+0/32/38 time=2ms
  RUN js-fuzzer-block-scope-f10771fc8d16.js [9365/10000] md5=f10771fc8d167d816a462bb3854d8e2a bytes=114 template=block-scope origin=seed:tests/corpus/runtime/class-fields-static-methods.test.js
 PASS js-fuzzer-block-scope-f10771fc8d16.js [9365/10000] status=ok obs=65b9eea6e1cc coverage=+0/32/38 time=1ms
  RUN js-fuzzer-loop-f495ca2fc638.js [9366/10000] md5=f495ca2fc6389f933578fc501f5b1465 bytes=81 template=loop origin=seed:tests/corpus/runtime/classes-and-objects.test.js
 PASS js-fuzzer-loop-f495ca2fc638.js [9366/10000] status=ok obs=c4ca4238a0b9 coverage=+0/32/38 time=2ms
  RUN js-fuzzer-boundary-205872a6e44c.js [9367/10000] md5=205872a6e44c1ea0cf94554af934fb09 bytes=123 template=boundary origin=boundary:-2147483648
 PASS js-fuzzer-boundary-205872a6e44c.js [9367/10000] status=ok obs=034ff5946105 coverage=+0/32/38 time=2ms
  RUN js-fuzzer-class-b1e3642c0208.js [9368/10000] md5=b1e3642c0208992266fb21668a536292 bytes=100 template=class origin=seed:tests/corpus/runtime/closures-read-captured-values.test.js
 PASS js-fuzzer-class-b1e3642c0208.js [9368/10000] status=ok obs=c9f0f895fb98 coverage=+0/32/38 time=1ms
  RUN js-fuzzer-arithmetic-e2e5b9376898.js [9369/10000] md5=e2e5b937689836726236cc1e58a98404 bytes=83 template=arithmetic origin=seed:tests/corpus/runtime/exceptions-and-nullish.test.js
 PASS js-fuzzer-arithmetic-e2e5b9376898.js [9369/10000] status=ok obs=8613985ec49e coverage=+0/32/38 time=2ms
  RUN js-fuzzer-corpus-72746d071c58.js [9370/10000] md5=72746d071c58fadd9399bc8934c30553 bytes=197 template=corpus origin=tests/corpus/runtime/functions-closures-and-arrows.test.js
 PASS js-fuzzer-corpus-72746d071c58.js [9370/10000] status=ok obs=c74d97b01eae coverage=+0/32/38 time=1ms
  RUN js-fuzzer-array-object-37d3039fb502.js [9371/10000] md5=37d3039fb502fc96ac506cbf3925813f bytes=133 template=array-object origin=seed:tests/corpus/runtime/lexical-shadowing.test.js
 PASS js-fuzzer-array-object-37d3039fb502.js [9371/10000] status=ok obs=c9f0f895fb98 coverage=+0/32/38 time=2ms
  RUN js-fuzzer-closure-a3645b5f49ad.js [9372/10000] md5=a3645b5f49ad972965dafd4c0f3cd013 bytes=184 template=closure origin=seed:tests/corpus/runtime/modules-export.test.js
 PASS js-fuzzer-closure-a3645b5f49ad.js [9372/10000] status=ok obs=a5bfc9e07964 coverage=+0/32/38 time=2ms
  RUN js-fuzzer-block-scope-44cafb6befe2.js [9373/10000] md5=44cafb6befe24e59679ce6282a34c7e0 bytes=114 template=block-scope origin=seed:tests/corpus/runtime/nested-try-finally.test.js
 PASS js-fuzzer-block-scope-44cafb6befe2.js [9373/10000] status=ok obs=a97da629b098 coverage=+0/32/38 time=1ms
  RUN js-fuzzer-boundary-db03eeac3914.js [9374/10000] md5=db03eeac3914e8f0a7bfea9eefe9f0de bytes=114 template=boundary origin=boundary:-2
 PASS js-fuzzer-boundary-db03eeac3914.js [9374/10000] status=ok obs=5d7b9adcbe1c coverage=+0/32/38 time=2ms
  RUN js-fuzzer-try-catch-081c74da6bdb.js [9375/10000] md5=081c74da6bdbcec08ff71798dacff9f1 bytes=110 template=try-catch origin=seed:tests/corpus/syntax/logical-unary-nullish.test.js
 PASS js-fuzzer-try-catch-081c74da6bdb.js [9375/10000] status=ok obs=6c8349cc7260 coverage=+0/32/38 time=1ms
  RUN js-fuzzer-class-587587295e00.js [9376/10000] md5=587587295e0075a0a19c4572e53274fe bytes=101 template=class origin=seed:tests/corpus/syntax/object-destructure-and-members.test.js
 PASS js-fuzzer-class-587587295e00.js [9376/10000] status=ok obs=1f0e3dad9990 coverage=+0/32/38 time=2ms
  RUN js-fuzzer-arithmetic-9b6170da8495.js [9377/10000] md5=9b6170da8495dac4aa9fab07527745a9 bytes=84 template=arithmetic origin=seed:tests/corpus/syntax/switch-do-while-sequence.test.js
 PASS js-fuzzer-arithmetic-9b6170da8495.js [9377/10000] status=ok obs=854d6fae5ee4 coverage=+0/32/38 time=2ms
  RUN js-fuzzer-function-3dca9339a683.js [9378/10000] md5=3dca9339a6831946d3c5250be8e34eee bytes=153 template=function origin=seed:tests/corpus/syntax/template-array-destructure.test.js
 PASS js-fuzzer-function-3dca9339a683.js [9378/10000] status=ok obs=e4da3b7fbbce coverage=+0/32/38 time=2ms
  RUN js-fuzzer-corpus-57a83a4b020d.js [9379/10000] md5=57a83a4b020d4b85b42b0a3709f283ad bytes=130 template=corpus origin=tests/corpus/syntax/typescript-assertions.test.ts
 PASS js-fuzzer-corpus-57a83a4b020d.js [9379/10000] status=ok obs=45c48cce2e2d coverage=+0/32/38 time=1ms
  RUN js-fuzzer-closure-ebe6064b4fa2.js [9380/10000] md5=ebe6064b4fa264065ab61ca9e0aa2961 bytes=185 template=closure origin=seed:tests/corpus/syntax/typescript-non-null-satisfies.test.ts
 PASS js-fuzzer-closure-ebe6064b4fa2.js [9380/10000] status=ok obs=72b32a1f754b coverage=+0/32/38 time=2ms
  RUN js-fuzzer-boundary-3d1d4e90ebd9.js [9381/10000] md5=3d1d4e90ebd99aad7ece59efc98f7563 bytes=114 template=boundary origin=boundary:-1
 PASS js-fuzzer-boundary-3d1d4e90ebd9.js [9381/10000] status=ok obs=6bb61e3b7bce coverage=+0/32/38 time=1ms
  RUN js-fuzzer-loop-d35707ad0bf7.js [9382/10000] md5=d35707ad0bf74148f671ad8943998af6 bytes=81 template=loop origin=seed:tests/corpus/fixtures/state-machine-workflow.test.js
 PASS js-fuzzer-loop-d35707ad0bf7.js [9382/10000] status=ok obs=9bf31c7ff062 coverage=+0/32/38 time=2ms
  RUN js-fuzzer-try-catch-8031e9fbb6ce.js [9383/10000] md5=8031e9fbb6ce9336eae93af8638d05b3 bytes=110 template=try-catch origin=seed:tests/corpus/fixtures/vue-script-workflow.test.vue
 PASS js-fuzzer-try-catch-8031e9fbb6ce.js [9383/10000] status=ok obs=a1d0c6e83f02 coverage=+0/32/38 time=1ms
  RUN js-fuzzer-class-5baf4bed5db4.js [9384/10000] md5=5baf4bed5db4f8205173226efc8fff73 bytes=101 template=class origin=seed:tests/corpus/obfuscation/constant-tag-mix.test.js
 PASS js-fuzzer-class-5baf4bed5db4.js [9384/10000] status=ok obs=6f4922f45568 coverage=+0/32/38 time=1ms
  RUN js-fuzzer-arithmetic-696553702bb2.js [9385/10000] md5=696553702bb2c71154d97d7db65a108e bytes=83 template=arithmetic origin=seed:tests/corpus/obfuscation/extern-slot-permutation.test.js
 PASS js-fuzzer-arithmetic-696553702bb2.js [9385/10000] status=ok obs=d2ddea18f006 coverage=+0/32/38 time=2ms
  RUN js-fuzzer-function-59a47c73ec30.js [9386/10000] md5=59a47c73ec3039d5b72e8af0d1e410de bytes=153 template=function origin=seed:tests/corpus/obfuscation/externs-console.test.js
 PASS js-fuzzer-function-59a47c73ec30.js [9386/10000] status=ok obs=8f14e45fceea coverage=+0/32/38 time=2ms
  RUN js-fuzzer-array-object-a28664243213.js [9387/10000] md5=a28664243213c44f301ec05e7f94a0ae bytes=133 template=array-object origin=seed:tests/corpus/obfuscation/seed-sensitive-functions.test.js
 PASS js-fuzzer-array-object-a28664243213.js [9387/10000] status=ok obs=c51ce410c124 coverage=+0/32/38 time=1ms
  RUN js-fuzzer-corpus-79643e915862.js [9388/10000] md5=79643e91586251700d34c0c65a0220da bytes=89 template=corpus origin=tests/corpus/regressions/destructuring-lowers-to-member.test.js
 PASS js-fuzzer-corpus-79643e915862.js [9388/10000] status=ok obs=eccbc87e4b5c coverage=+0/32/38 time=2ms
  RUN js-fuzzer-block-scope-7a5d1b473a05.js [9389/10000] md5=7a5d1b473a0529714feb630e51e69a3d bytes=114 template=block-scope origin=seed:tests/corpus/regressions/multiple-functions-fib-add.test.js
 PASS js-fuzzer-block-scope-7a5d1b473a05.js [9389/10000] status=ok obs=2723d092b638 coverage=+0/32/38 time=1ms
  RUN js-fuzzer-loop-54e460cecf5c.js [9390/10000] md5=54e460cecf5c05dfcffaa3b2e5f57445 bytes=81 template=loop origin=seed:tests/corpus/regressions/scope-compressed-closure-params.test.js
 PASS js-fuzzer-loop-54e460cecf5c.js [9390/10000] status=ok obs=d3d9446802a4 coverage=+0/32/38 time=2ms
  RUN js-fuzzer-try-catch-949865ef2d04.js [9391/10000] md5=949865ef2d045cce3ed2d503f7e03e63 bytes=110 template=try-catch origin=seed:tests/corpus/runtime/arrays-objects-methods.test.js
 PASS js-fuzzer-try-catch-949865ef2d04.js [9391/10000] status=ok obs=6f4922f45568 coverage=+0/32/38 time=2ms
  RUN js-fuzzer-class-47fbd3db5853.js [9392/10000] md5=47fbd3db58539fc2e42627a4f3168c79 bytes=101 template=class origin=seed:tests/corpus/runtime/block-scopes.test.js
 PASS js-fuzzer-class-47fbd3db5853.js [9392/10000] status=ok obs=98f137082101 coverage=+0/32/38 time=1ms
  RUN js-fuzzer-arithmetic-aa07ca8d57c1.js [9393/10000] md5=aa07ca8d57c1e8fb8e338619ec568683 bytes=84 template=arithmetic origin=seed:tests/corpus/runtime/class-fields-static-methods.test.js
 PASS js-fuzzer-arithmetic-aa07ca8d57c1.js [9393/10000] status=ok obs=47d1e990583c coverage=+0/32/38 time=2ms
  RUN js-fuzzer-function-2a74733dc731.js [9394/10000] md5=2a74733dc7313f8fa40f843496dd9ed4 bytes=153 template=function origin=seed:tests/corpus/runtime/classes-and-objects.test.js
 PASS js-fuzzer-function-2a74733dc731.js [9394/10000] status=ok obs=45c48cce2e2d coverage=+0/32/38 time=2ms
  RUN js-fuzzer-boundary-6330cdecf02f.js [9395/10000] md5=6330cdecf02f68328876d88213acc2ac bytes=128 template=boundary origin=boundary:9007199254740991
 PASS js-fuzzer-boundary-6330cdecf02f.js [9395/10000] status=ok obs=8bfa9ad090fb coverage=+0/32/38 time=2ms
  RUN js-fuzzer-closure-ed1228d363e7.js [9396/10000] md5=ed1228d363e7f095cb100a26cc07924d bytes=184 template=closure origin=seed:tests/corpus/runtime/closures-read-captured-values.test.js
 PASS js-fuzzer-closure-ed1228d363e7.js [9396/10000] status=ok obs=182be0c5cdcd coverage=+0/32/38 time=2ms
  RUN js-fuzzer-corpus-cf8fb96e8476.js [9397/10000] md5=cf8fb96e8476c262b73583c86dd80821 bytes=178 template=corpus origin=tests/corpus/runtime/exceptions-and-nullish.test.js
 PASS js-fuzzer-corpus-cf8fb96e8476.js [9397/10000] status=ok obs=24ed5e8718fc coverage=+0/32/38 time=1ms
  RUN js-fuzzer-loop-f495ca2fc638.js [9398/10000] md5=f495ca2fc6389f933578fc501f5b1465 bytes=81 template=loop origin=seed:tests/corpus/runtime/functions-closures-and-arrows.test.js
 PASS js-fuzzer-loop-f495ca2fc638.js [9398/10000] status=ok obs=c4ca4238a0b9 coverage=+0/32/38 time=2ms
  RUN js-fuzzer-try-catch-136d1b3d4ffd.js [9399/10000] md5=136d1b3d4ffdac816022c9faabe622ca bytes=110 template=try-catch origin=seed:tests/corpus/runtime/lexical-shadowing.test.js
 PASS js-fuzzer-try-catch-136d1b3d4ffd.js [9399/10000] status=ok obs=9bf31c7ff062 coverage=+0/32/38 time=1ms
  RUN js-fuzzer-class-7c36fc3c0ad4.js [9400/10000] md5=7c36fc3c0ad4461d5dbbcd7afdfb6b5c bytes=101 template=class origin=seed:tests/corpus/runtime/modules-export.test.js
 PASS js-fuzzer-class-7c36fc3c0ad4.js [9400/10000] status=ok obs=d3d9446802a4 coverage=+0/32/38 time=2ms
  RUN js-fuzzer-arithmetic-31220e4d9d7f.js [9401/10000] md5=31220e4d9d7fb821e52ef7ab62905244 bytes=84 template=arithmetic origin=seed:tests/corpus/runtime/nested-try-finally.test.js
 PASS js-fuzzer-arithmetic-31220e4d9d7f.js [9401/10000] status=ok obs=f4b9ec30ad9f coverage=+0/32/38 time=2ms
  RUN js-fuzzer-boundary-5c12d757f0dd.js [9402/10000] md5=5c12d757f0ddd5c6b1207b14fb1e8d0c bytes=122 template=boundary origin=boundary:2147483647
 PASS js-fuzzer-boundary-5c12d757f0dd.js [9402/10000] status=ok obs=c588c0a459f4 coverage=+0/32/38 time=1ms
  RUN js-fuzzer-array-object-61d4f6d1668b.js [9403/10000] md5=61d4f6d1668bfc6f78aa57547a051017 bytes=133 template=array-object origin=seed:tests/corpus/syntax/logical-unary-nullish.test.js
 PASS js-fuzzer-array-object-61d4f6d1668b.js [9403/10000] status=ok obs=aab3238922bc coverage=+0/32/38 time=3ms
  RUN js-fuzzer-closure-ebb7f06a02b7.js [9404/10000] md5=ebb7f06a02b709bac77ef47fca784a69 bytes=184 template=closure origin=seed:tests/corpus/syntax/object-destructure-and-members.test.js
 PASS js-fuzzer-closure-ebb7f06a02b7.js [9404/10000] status=ok obs=f457c545a9de coverage=+0/32/38 time=2ms
  RUN js-fuzzer-block-scope-14b6b6b6b53d.js [9405/10000] md5=14b6b6b6b53d42c0fbebfc54d050b975 bytes=114 template=block-scope origin=seed:tests/corpus/syntax/switch-do-while-sequence.test.js
 PASS js-fuzzer-block-scope-14b6b6b6b53d.js [9405/10000] status=ok obs=6974ce5ac660 coverage=+0/32/38 time=2ms
  RUN js-fuzzer-corpus-ff388659a641.js [9406/10000] md5=ff388659a6419d1e6e01ce4e7151a52e bytes=135 template=corpus origin=tests/corpus/syntax/template-array-destructure.test.js
 PASS js-fuzzer-corpus-ff388659a641.js [9406/10000] status=ok obs=f61c9a8be43c coverage=+0/32/38 time=1ms
  RUN js-fuzzer-try-catch-14bcb064f014.js [9407/10000] md5=14bcb064f014dbe91c2010889dcaa2c0 bytes=110 template=try-catch origin=seed:tests/corpus/syntax/typescript-assertions.test.ts
 PASS js-fuzzer-try-catch-14bcb064f014.js [9407/10000] status=ok obs=c0c7c76d30bd coverage=+0/32/38 time=2ms
  RUN js-fuzzer-class-b901915e3eda.js [9408/10000] md5=b901915e3eda1a96f77dcec9fff681b5 bytes=100 template=class origin=seed:tests/corpus/syntax/typescript-non-null-satisfies.test.ts
 PASS js-fuzzer-class-b901915e3eda.js [9408/10000] status=ok obs=c81e728d9d4c coverage=+0/32/38 time=1ms
  RUN js-fuzzer-boundary-14a05a816d97.js [9409/10000] md5=14a05a816d975afa7654eb06610350d0 bytes=113 template=boundary origin=boundary:2
 PASS js-fuzzer-boundary-14a05a816d97.js [9409/10000] status=ok obs=c81e728d9d4c coverage=+0/32/38 time=2ms
  RUN js-fuzzer-function-297962b584b2.js [9410/10000] md5=297962b584b2139723d9064b9ad0de50 bytes=153 template=function origin=seed:tests/corpus/fixtures/state-machine-workflow.test.js
 PASS js-fuzzer-function-297962b584b2.js [9410/10000] status=ok obs=c81e728d9d4c coverage=+0/32/38 time=2ms
  RUN js-fuzzer-array-object-06d383733f80.js [9411/10000] md5=06d383733f80f23c36d82429610f1a4e bytes=133 template=array-object origin=seed:tests/corpus/fixtures/vue-script-workflow.test.vue
 PASS js-fuzzer-array-object-06d383733f80.js [9411/10000] status=ok obs=c20ad4d76fe9 coverage=+0/32/38 time=1ms
  RUN js-fuzzer-closure-b8e335d5ee48.js [9412/10000] md5=b8e335d5ee48700c60a75a21751097e1 bytes=184 template=closure origin=seed:tests/corpus/obfuscation/constant-tag-mix.test.js
 PASS js-fuzzer-closure-b8e335d5ee48.js [9412/10000] status=ok obs=1c383cd30b7c coverage=+0/32/38 time=2ms
  RUN js-fuzzer-block-scope-112701a88222.js [9413/10000] md5=112701a882225ded3cdffedb31d3ac32 bytes=114 template=block-scope origin=seed:tests/corpus/obfuscation/extern-slot-permutation.test.js
 PASS js-fuzzer-block-scope-112701a88222.js [9413/10000] status=ok obs=65b9eea6e1cc coverage=+0/32/38 time=2ms
  RUN js-fuzzer-loop-55c7c905bffb.js [9414/10000] md5=55c7c905bffb4bbbc4c8fb9b91df6ad8 bytes=81 template=loop origin=seed:tests/corpus/obfuscation/externs-console.test.js
 PASS js-fuzzer-loop-55c7c905bffb.js [9414/10000] status=ok obs=eccbc87e4b5c coverage=+0/32/38 time=1ms
  RUN js-fuzzer-corpus-38ba19d9deb7.js [9415/10000] md5=38ba19d9deb7566cc8a420c27ada3f21 bytes=136 template=corpus origin=tests/corpus/obfuscation/seed-sensitive-functions.test.js
 PASS js-fuzzer-corpus-38ba19d9deb7.js [9415/10000] status=ok obs=a5bfc9e07964 coverage=+0/32/38 time=2ms
  RUN js-fuzzer-boundary-ccde2dac26f6.js [9416/10000] md5=ccde2dac26f6d3fd46c3698825685fe3 bytes=113 template=boundary origin=boundary:1
 PASS js-fuzzer-boundary-ccde2dac26f6.js [9416/10000] status=ok obs=c4ca4238a0b9 coverage=+0/32/38 time=2ms
  RUN js-fuzzer-arithmetic-ef1cfbb2aa0a.js [9417/10000] md5=ef1cfbb2aa0aa76e8a7798f053edc2ad bytes=86 template=arithmetic origin=seed:tests/corpus/regressions/multiple-functions-fib-add.test.js
 PASS js-fuzzer-arithmetic-ef1cfbb2aa0a.js [9417/10000] status=ok obs=f2fc990265c7 coverage=+0/32/38 time=1ms
  RUN js-fuzzer-function-8384e80192dc.js [9418/10000] md5=8384e80192dc0232cf5e505b2f7d5501 bytes=153 template=function origin=seed:tests/corpus/regressions/scope-compressed-closure-params.test.js
 PASS js-fuzzer-function-8384e80192dc.js [9418/10000] status=ok obs=e4da3b7fbbce coverage=+0/32/38 time=2ms
  RUN js-fuzzer-array-object-37cf3d94db6a.js [9419/10000] md5=37cf3d94db6a8120ce7c16c6c1589a70 bytes=133 template=array-object origin=seed:tests/corpus/runtime/arrays-objects-methods.test.js
 PASS js-fuzzer-array-object-37cf3d94db6a.js [9419/10000] status=ok obs=c51ce410c124 coverage=+0/32/38 time=2ms
  RUN js-fuzzer-closure-7ea8d5fb2094.js [9420/10000] md5=7ea8d5fb2094d1a53148451a19b786b4 bytes=184 template=closure origin=seed:tests/corpus/runtime/block-scopes.test.js
 PASS js-fuzzer-closure-7ea8d5fb2094.js [9420/10000] status=ok obs=7f39f8317fbd coverage=+0/32/38 time=1ms
  RUN js-fuzzer-block-scope-0fffa3c5ef20.js [9421/10000] md5=0fffa3c5ef20042b10d9c41d545d90c8 bytes=114 template=block-scope origin=seed:tests/corpus/runtime/class-fields-static-methods.test.js
 PASS js-fuzzer-block-scope-0fffa3c5ef20.js [9421/10000] status=ok obs=a97da629b098 coverage=+0/32/38 time=2ms
  RUN js-fuzzer-loop-f495ca2fc638.js [9422/10000] md5=f495ca2fc6389f933578fc501f5b1465 bytes=81 template=loop origin=seed:tests/corpus/runtime/classes-and-objects.test.js
 PASS js-fuzzer-loop-f495ca2fc638.js [9422/10000] status=ok obs=c4ca4238a0b9 coverage=+0/32/38 time=1ms
  RUN js-fuzzer-boundary-6aec0a9b1ff4.js [9423/10000] md5=6aec0a9b1ff4294bcfecb539ba7e660b bytes=129 template=boundary origin=boundary:-9007199254740991
 PASS js-fuzzer-boundary-6aec0a9b1ff4.js [9423/10000] status=ok obs=b3f3a95848f6 coverage=+0/32/38 time=2ms
  RUN js-fuzzer-corpus-08bc93bf5789.js [9424/10000] md5=08bc93bf57897bc88ce7161fe56cd099 bytes=169 template=corpus origin=tests/corpus/runtime/closures-read-captured-values.test.js
 PASS js-fuzzer-corpus-08bc93bf5789.js [9424/10000] status=ok obs=02e74f10e032 coverage=+0/32/38 time=2ms
  RUN js-fuzzer-arithmetic-b52545272754.js [9425/10000] md5=b5254527275432d0b52789815b364006 bytes=84 template=arithmetic origin=seed:tests/corpus/runtime/exceptions-and-nullish.test.js
 PASS js-fuzzer-arithmetic-b52545272754.js [9425/10000] status=ok obs=2b24d495052a coverage=+0/32/38 time=1ms
  RUN js-fuzzer-function-d3859b93eee1.js [9426/10000] md5=d3859b93eee1f3bcfec0cda51c4d02bf bytes=153 template=function origin=seed:tests/corpus/runtime/functions-closures-and-arrows.test.js
 PASS js-fuzzer-function-d3859b93eee1.js [9426/10000] status=ok obs=a87ff679a2f3 coverage=+0/32/38 time=2ms
  RUN js-fuzzer-array-object-cbf3dc8ba54f.js [9427/10000] md5=cbf3dc8ba54f6e76063982b4f8449d64 bytes=133 template=array-object origin=seed:tests/corpus/runtime/lexical-shadowing.test.js
 PASS js-fuzzer-array-object-cbf3dc8ba54f.js [9427/10000] status=ok obs=45c48cce2e2d coverage=+0/32/38 time=2ms
  RUN js-fuzzer-closure-f554636b7b72.js [9428/10000] md5=f554636b7b728fc30798f03a545cb883 bytes=184 template=closure origin=seed:tests/corpus/runtime/modules-export.test.js
 PASS js-fuzzer-closure-f554636b7b72.js [9428/10000] status=ok obs=d67d8ab4f4c1 coverage=+0/32/38 time=1ms
  RUN js-fuzzer-block-scope-e75f812a30d7.js [9429/10000] md5=e75f812a30d74855b33a6109922aae9f bytes=114 template=block-scope origin=seed:tests/corpus/runtime/nested-try-finally.test.js
 PASS js-fuzzer-block-scope-e75f812a30d7.js [9429/10000] status=ok obs=65b9eea6e1cc coverage=+0/32/38 time=2ms
  RUN js-fuzzer-boundary-4b8e58e2bd3b.js [9430/10000] md5=4b8e58e2bd3bc437f093fe0ab13ce109 bytes=123 template=boundary origin=boundary:-2147483648
 PASS js-fuzzer-boundary-4b8e58e2bd3b.js [9430/10000] status=ok obs=034ff5946105 coverage=+0/32/38 time=2ms
  RUN js-fuzzer-try-catch-f457fe0c144d.js [9431/10000] md5=f457fe0c144d86e31ce7ae86f7f5c357 bytes=110 template=try-catch origin=seed:tests/corpus/syntax/logical-unary-nullish.test.js
 PASS js-fuzzer-try-catch-f457fe0c144d.js [9431/10000] status=ok obs=67c6a1e7ce56 coverage=+0/32/38 time=1ms
  RUN js-fuzzer-class-d2b3669b495d.js [9432/10000] md5=d2b3669b495dd4792f9e1509f2bbf8a7 bytes=100 template=class origin=seed:tests/corpus/syntax/object-destructure-and-members.test.js
 PASS js-fuzzer-class-d2b3669b495d.js [9432/10000] status=ok obs=eccbc87e4b5c coverage=+0/32/38 time=2ms
  RUN js-fuzzer-corpus-2aed353a2d20.js [9433/10000] md5=2aed353a2d200d64cbaf7beb40face20 bytes=275 template=corpus origin=tests/corpus/syntax/switch-do-while-sequence.test.js
 PASS js-fuzzer-corpus-2aed353a2d20.js [9433/10000] status=ok obs=6f4922f45568 coverage=+0/32/38 time=1ms
  RUN js-fuzzer-function-ced1d0daab2e.js [9434/10000] md5=ced1d0daab2e23fdcfec672d899d9739 bytes=153 template=function origin=seed:tests/corpus/syntax/template-array-destructure.test.js
 PASS js-fuzzer-function-ced1d0daab2e.js [9434/10000] status=ok obs=8e296a067a37 coverage=+0/32/38 time=3ms
  RUN js-fuzzer-array-object-c3a30b817762.js [9435/10000] md5=c3a30b81776219722046c6049ba26bdf bytes=133 template=array-object origin=seed:tests/corpus/syntax/typescript-assertions.test.ts
 PASS js-fuzzer-array-object-c3a30b817762.js [9435/10000] status=ok obs=6512bd43d9ca coverage=+0/32/38 time=2ms
  RUN js-fuzzer-closure-4915344c9129.js [9436/10000] md5=4915344c9129475ae523ac1e02b1ac5e bytes=183 template=closure origin=seed:tests/corpus/syntax/typescript-non-null-satisfies.test.ts
 PASS js-fuzzer-closure-4915344c9129.js [9436/10000] status=ok obs=70efdf2ec9b0 coverage=+0/32/38 time=1ms
  RUN js-fuzzer-boundary-4ae25cb2e150.js [9437/10000] md5=4ae25cb2e15083bfca9f6b81b3f9f24b bytes=114 template=boundary origin=boundary:-2
 PASS js-fuzzer-boundary-4ae25cb2e150.js [9437/10000] status=ok obs=5d7b9adcbe1c coverage=+0/32/38 time=2ms
  RUN js-fuzzer-loop-55c7c905bffb.js [9438/10000] md5=55c7c905bffb4bbbc4c8fb9b91df6ad8 bytes=81 template=loop origin=seed:tests/corpus/fixtures/state-machine-workflow.test.js
 PASS js-fuzzer-loop-55c7c905bffb.js [9438/10000] status=ok obs=eccbc87e4b5c coverage=+0/32/38 time=1ms
  RUN js-fuzzer-try-catch-676dafc46859.js [9439/10000] md5=676dafc4685905581f3925e95c53669f bytes=110 template=try-catch origin=seed:tests/corpus/fixtures/vue-script-workflow.test.vue
 PASS js-fuzzer-try-catch-676dafc46859.js [9439/10000] status=ok obs=a5771bce93e2 coverage=+0/32/38 time=2ms
  RUN js-fuzzer-class-b901915e3eda.js [9440/10000] md5=b901915e3eda1a96f77dcec9fff681b5 bytes=100 template=class origin=seed:tests/corpus/obfuscation/constant-tag-mix.test.js
 PASS js-fuzzer-class-b901915e3eda.js [9440/10000] status=ok obs=c81e728d9d4c coverage=+0/32/38 time=2ms
  RUN js-fuzzer-arithmetic-315a3c5c443c.js [9441/10000] md5=315a3c5c443c296f3029f51eb4df4934 bytes=85 template=arithmetic origin=seed:tests/corpus/obfuscation/extern-slot-permutation.test.js
 PASS js-fuzzer-arithmetic-315a3c5c443c.js [9441/10000] status=ok obs=36660e59856b coverage=+0/32/38 time=1ms
  RUN js-fuzzer-corpus-efd663ac427b.js [9442/10000] md5=efd663ac427b5ca270b2f8b928c902bf bytes=112 template=corpus origin=tests/corpus/obfuscation/externs-console.test.js
 PASS js-fuzzer-corpus-efd663ac427b.js [9442/10000] status=ok obs=d289993e39c8 coverage=+0/32/38 time=2ms
  RUN js-fuzzer-array-object-197082a2eee5.js [9443/10000] md5=197082a2eee5a749699224b6f957f384 bytes=133 template=array-object origin=seed:tests/corpus/obfuscation/seed-sensitive-functions.test.js
 PASS js-fuzzer-array-object-197082a2eee5.js [9443/10000] status=ok obs=8f14e45fceea coverage=+0/32/38 time=1ms
  RUN js-fuzzer-boundary-61a9a82f5f08.js [9444/10000] md5=61a9a82f5f08bc177f13c805ba785d7d bytes=114 template=boundary origin=boundary:-1
 PASS js-fuzzer-boundary-61a9a82f5f08.js [9444/10000] status=ok obs=6bb61e3b7bce coverage=+0/32/38 time=2ms
  RUN js-fuzzer-block-scope-4c9f5e6cb6bd.js [9445/10000] md5=4c9f5e6cb6bd75e0cfebd2c1f936a7c2 bytes=114 template=block-scope origin=seed:tests/corpus/regressions/multiple-functions-fib-add.test.js
 PASS js-fuzzer-block-scope-4c9f5e6cb6bd.js [9445/10000] status=ok obs=a97da629b098 coverage=+0/32/38 time=2ms
  RUN js-fuzzer-loop-54e460cecf5c.js [9446/10000] md5=54e460cecf5c05dfcffaa3b2e5f57445 bytes=81 template=loop origin=seed:tests/corpus/regressions/scope-compressed-closure-params.test.js
 PASS js-fuzzer-loop-54e460cecf5c.js [9446/10000] status=ok obs=d3d9446802a4 coverage=+0/32/38 time=1ms
  RUN js-fuzzer-try-catch-ce914b0cd471.js [9447/10000] md5=ce914b0cd471f7c9ec83cbcd645ee9eb bytes=110 template=try-catch origin=seed:tests/corpus/runtime/arrays-objects-methods.test.js
 PASS js-fuzzer-try-catch-ce914b0cd471.js [9447/10000] status=ok obs=2838023a778d coverage=+0/32/38 time=2ms
  RUN js-fuzzer-class-769274f77fa6.js [9448/10000] md5=769274f77fa62254ce7e0eb0e3adf7f1 bytes=100 template=class origin=seed:tests/corpus/runtime/block-scopes.test.js
 PASS js-fuzzer-class-769274f77fa6.js [9448/10000] status=ok obs=c4ca4238a0b9 coverage=+0/32/38 time=1ms
  RUN js-fuzzer-arithmetic-09f7ae3effe6.js [9449/10000] md5=09f7ae3effe696925b70a65174cc80ee bytes=83 template=arithmetic origin=seed:tests/corpus/runtime/class-fields-static-methods.test.js
 PASS js-fuzzer-arithmetic-09f7ae3effe6.js [9449/10000] status=ok obs=4e732ced3463 coverage=+0/32/38 time=2ms
  RUN js-fuzzer-function-c472354a037a.js [9450/10000] md5=c472354a037a48d197cd60b4e04af6e0 bytes=153 template=function origin=seed:tests/corpus/runtime/classes-and-objects.test.js
 PASS js-fuzzer-function-c472354a037a.js [9450/10000] status=ok obs=02e74f10e032 coverage=+0/32/38 time=2ms
  RUN js-fuzzer-corpus-ddcb99247fc8.js [9451/10000] md5=ddcb99247fc847c897b97c6bd6512b9f bytes=217 template=corpus origin=tests/corpus/runtime/closures-mutate-captured-bindings.test.js
 PASS js-fuzzer-corpus-ddcb99247fc8.js [9451/10000] status=ok obs=e4da3b7fbbce coverage=+0/32/38 time=2ms
  RUN js-fuzzer-closure-a1698204e7b7.js [9452/10000] md5=a1698204e7b775352d66f436356d8852 bytes=184 template=closure origin=seed:tests/corpus/runtime/closures-read-captured-values.test.js
 PASS js-fuzzer-closure-a1698204e7b7.js [9452/10000] status=ok obs=182be0c5cdcd coverage=+0/32/38 time=2ms
  RUN js-fuzzer-block-scope-e0e13ae4d058.js [9453/10000] md5=e0e13ae4d05824dc2ed439c1134aca3b bytes=115 template=block-scope origin=seed:tests/corpus/runtime/exceptions-and-nullish.test.js
 PASS js-fuzzer-block-scope-e0e13ae4d058.js [9453/10000] status=ok obs=5f93f983524d coverage=+0/32/38 time=1ms
  RUN js-fuzzer-loop-f495ca2fc638.js [9454/10000] md5=f495ca2fc6389f933578fc501f5b1465 bytes=81 template=loop origin=seed:tests/corpus/runtime/functions-closures-and-arrows.test.js
 PASS js-fuzzer-loop-f495ca2fc638.js [9454/10000] status=ok obs=c4ca4238a0b9 coverage=+0/32/38 time=2ms
  RUN js-fuzzer-try-catch-18b0b31fe014.js [9455/10000] md5=18b0b31fe014e787990869dd8a5ff18b bytes=110 template=try-catch origin=seed:tests/corpus/runtime/lexical-shadowing.test.js
 PASS js-fuzzer-try-catch-18b0b31fe014.js [9455/10000] status=ok obs=aab3238922bc coverage=+0/32/38 time=2ms
  RUN js-fuzzer-class-d8979b510eb0.js [9456/10000] md5=d8979b510eb085c9e0e846586f80f265 bytes=101 template=class origin=seed:tests/corpus/runtime/modules-export.test.js
 PASS js-fuzzer-class-d8979b510eb0.js [9456/10000] status=ok obs=c74d97b01eae coverage=+0/32/38 time=1ms
  RUN js-fuzzer-arithmetic-90e5e1cddfb6.js [9457/10000] md5=90e5e1cddfb619a9b2c884c72ef96423 bytes=84 template=arithmetic origin=seed:tests/corpus/runtime/nested-try-finally.test.js
 PASS js-fuzzer-arithmetic-90e5e1cddfb6.js [9457/10000] status=ok obs=76dc611d6eba coverage=+0/32/38 time=2ms
  RUN js-fuzzer-boundary-83aee5cf07de.js [9458/10000] md5=83aee5cf07deb9d5ce59aec8aff7a227 bytes=128 template=boundary origin=boundary:9007199254740991
 PASS js-fuzzer-boundary-83aee5cf07de.js [9458/10000] status=ok obs=8bfa9ad090fb coverage=+0/32/38 time=1ms
  RUN js-fuzzer-array-object-8dab430b5516.js [9459/10000] md5=8dab430b5516339ad3ab884ffd62b6a5 bytes=133 template=array-object origin=seed:tests/corpus/syntax/logical-unary-nullish.test.js
 PASS js-fuzzer-array-object-8dab430b5516.js [9459/10000] status=ok obs=1679091c5a88 coverage=+0/32/38 time=2ms
  RUN js-fuzzer-corpus-96ebdcb81273.js [9460/10000] md5=96ebdcb81273f0e5e5778a6c70c94988 bytes=171 template=corpus origin=tests/corpus/syntax/object-destructure-and-members.test.js
 PASS js-fuzzer-corpus-96ebdcb81273.js [9460/10000] status=ok obs=bfad8dfa12ed coverage=+0/32/38 time=2ms
  RUN js-fuzzer-block-scope-816d3eb6ad9f.js [9461/10000] md5=816d3eb6ad9fdc4ff093e4c7f4dd11be bytes=114 template=block-scope origin=seed:tests/corpus/syntax/switch-do-while-sequence.test.js
 PASS js-fuzzer-block-scope-816d3eb6ad9f.js [9461/10000] status=ok obs=f0935e4cd592 coverage=+0/32/38 time=1ms
  RUN js-fuzzer-loop-f495ca2fc638.js [9462/10000] md5=f495ca2fc6389f933578fc501f5b1465 bytes=81 template=loop origin=seed:tests/corpus/syntax/template-array-destructure.test.js
 PASS js-fuzzer-loop-f495ca2fc638.js [9462/10000] status=ok obs=c4ca4238a0b9 coverage=+0/32/38 time=2ms
  RUN js-fuzzer-try-catch-b442aa263f12.js [9463/10000] md5=b442aa263f129fb627b483e77db700ad bytes=110 template=try-catch origin=seed:tests/corpus/syntax/typescript-assertions.test.ts
 PASS js-fuzzer-try-catch-b442aa263f12.js [9463/10000] status=ok obs=c20ad4d76fe9 coverage=+0/32/38 time=1ms
  RUN js-fuzzer-class-a9875f561daf.js [9464/10000] md5=a9875f561daf181d949c68fc070db0e0 bytes=101 template=class origin=seed:tests/corpus/syntax/typescript-non-null-satisfies.test.ts
 PASS js-fuzzer-class-a9875f561daf.js [9464/10000] status=ok obs=aab3238922bc coverage=+0/32/38 time=2ms
  RUN js-fuzzer-boundary-86f8354fc6fd.js [9465/10000] md5=86f8354fc6fd092b05683bbf230dc769 bytes=122 template=boundary origin=boundary:2147483647
 PASS js-fuzzer-boundary-86f8354fc6fd.js [9465/10000] status=ok obs=c588c0a459f4 coverage=+0/32/38 time=2ms
  RUN js-fuzzer-function-288d473b3a74.js [9466/10000] md5=288d473b3a7495d967aff826da7d201e bytes=153 template=function origin=seed:tests/corpus/fixtures/state-machine-workflow.test.js
 PASS js-fuzzer-function-288d473b3a74.js [9466/10000] status=ok obs=aab3238922bc coverage=+0/32/38 time=2ms
  RUN js-fuzzer-array-object-f0fd3948fd90.js [9467/10000] md5=f0fd3948fd90aff3f1b238259aa06aaf bytes=133 template=array-object origin=seed:tests/corpus/fixtures/vue-script-workflow.test.vue
 PASS js-fuzzer-array-object-f0fd3948fd90.js [9467/10000] status=ok obs=6512bd43d9ca coverage=+0/32/38 time=2ms
  RUN js-fuzzer-closure-c2fc9aa17831.js [9468/10000] md5=c2fc9aa178311eef6e456c40fbda7608 bytes=184 template=closure origin=seed:tests/corpus/obfuscation/constant-tag-mix.test.js
 PASS js-fuzzer-closure-c2fc9aa17831.js [9468/10000] status=ok obs=67c6a1e7ce56 coverage=+0/32/38 time=1ms
  RUN js-fuzzer-corpus-fe2d30a6e413.js [9469/10000] md5=fe2d30a6e4139e7a8b52405bed737faa bytes=220 template=corpus origin=tests/corpus/obfuscation/extern-slot-permutation.test.js
 PASS js-fuzzer-corpus-fe2d30a6e413.js [9469/10000] status=ok obs=c34c702d0256 coverage=+0/32/38 time=2ms
  RUN js-fuzzer-loop-d35707ad0bf7.js [9470/10000] md5=d35707ad0bf74148f671ad8943998af6 bytes=81 template=loop origin=seed:tests/corpus/obfuscation/externs-console.test.js
 PASS js-fuzzer-loop-d35707ad0bf7.js [9470/10000] status=ok obs=9bf31c7ff062 coverage=+0/32/38 time=2ms
  RUN js-fuzzer-try-catch-ecee5cf418be.js [9471/10000] md5=ecee5cf418beff71c62f1aeee5aa3045 bytes=109 template=try-catch origin=seed:tests/corpus/obfuscation/seed-sensitive-functions.test.js
 PASS js-fuzzer-try-catch-ecee5cf418be.js [9471/10000] status=ok obs=45c48cce2e2d coverage=+0/32/38 time=1ms
  RUN js-fuzzer-boundary-221618e58a55.js [9472/10000] md5=221618e58a55537e4dc7530ef9f57aaf bytes=113 template=boundary origin=boundary:2
 PASS js-fuzzer-boundary-221618e58a55.js [9472/10000] status=ok obs=c81e728d9d4c coverage=+0/32/38 time=2ms
  RUN js-fuzzer-arithmetic-7a0881dc8a8e.js [9473/10000] md5=7a0881dc8a8e2e87e73e839c5053a2e4 bytes=84 template=arithmetic origin=seed:tests/corpus/regressions/multiple-functions-fib-add.test.js
 PASS js-fuzzer-arithmetic-7a0881dc8a8e.js [9473/10000] status=ok obs=f0935e4cd592 coverage=+0/32/38 time=1ms
  RUN js-fuzzer-function-e04598e59cc1.js [9474/10000] md5=e04598e59cc109c5f5c20638fe37a892 bytes=153 template=function origin=seed:tests/corpus/regressions/scope-compressed-closure-params.test.js
 PASS js-fuzzer-function-e04598e59cc1.js [9474/10000] status=ok obs=d3d9446802a4 coverage=+0/32/38 time=2ms
  RUN js-fuzzer-array-object-82f1a093bf9b.js [9475/10000] md5=82f1a093bf9b2d6a4a6b65d89ac60455 bytes=133 template=array-object origin=seed:tests/corpus/runtime/arrays-objects-methods.test.js
 PASS js-fuzzer-array-object-82f1a093bf9b.js [9475/10000] status=ok obs=d3d9446802a4 coverage=+0/32/38 time=2ms
  RUN js-fuzzer-closure-43191f7eb0a5.js [9476/10000] md5=43191f7eb0a5ebeb59531ab4b7fee7f4 bytes=185 template=closure origin=seed:tests/corpus/runtime/block-scopes.test.js
 PASS js-fuzzer-closure-43191f7eb0a5.js [9476/10000] status=ok obs=d2ddea18f006 coverage=+0/32/38 time=2ms
  RUN js-fuzzer-block-scope-bdee2ca933f4.js [9477/10000] md5=bdee2ca933f4d75f33d7f05fede856cb bytes=114 template=block-scope origin=seed:tests/corpus/runtime/class-fields-static-methods.test.js
 PASS js-fuzzer-block-scope-bdee2ca933f4.js [9477/10000] status=ok obs=a3c65c297427 coverage=+0/32/38 time=1ms
  RUN js-fuzzer-corpus-663bf83cd082.js [9478/10000] md5=663bf83cd082bd221441dae6bbc85046 bytes=278 template=corpus origin=tests/corpus/runtime/classes-and-objects.test.js
 PASS js-fuzzer-corpus-663bf83cd082.js [9478/10000] status=ok obs=6f4922f45568 coverage=+0/32/38 time=2ms
  RUN js-fuzzer-boundary-3ca041277ff0.js [9479/10000] md5=3ca041277ff0c3edafc1a1dcaf120940 bytes=113 template=boundary origin=boundary:1
 PASS js-fuzzer-boundary-3ca041277ff0.js [9479/10000] status=ok obs=c4ca4238a0b9 coverage=+0/32/38 time=2ms
  RUN js-fuzzer-class-51ea152a707e.js [9480/10000] md5=51ea152a707ed5422ab3e5b3ddb7fe43 bytes=100 template=class origin=seed:tests/corpus/runtime/closures-read-captured-values.test.js
 PASS js-fuzzer-class-51ea152a707e.js [9480/10000] status=ok obs=e4da3b7fbbce coverage=+0/32/38 time=1ms
  RUN js-fuzzer-arithmetic-857b536a103a.js [9481/10000] md5=857b536a103af6e398bd95dc6b265336 bytes=84 template=arithmetic origin=seed:tests/corpus/runtime/exceptions-and-nullish.test.js
 PASS js-fuzzer-arithmetic-857b536a103a.js [9481/10000] status=ok obs=735b90b45681 coverage=+0/32/38 time=2ms
  RUN js-fuzzer-function-0b0d1f5ee746.js [9482/10000] md5=0b0d1f5ee746281ffbedfb7f7f4c45bc bytes=153 template=function origin=seed:tests/corpus/runtime/functions-closures-and-arrows.test.js
 PASS js-fuzzer-function-0b0d1f5ee746.js [9482/10000] status=ok obs=e4da3b7fbbce coverage=+0/32/38 time=2ms
  RUN js-fuzzer-array-object-b0086b1889da.js [9483/10000] md5=b0086b1889da74e8fc16f72ce916a3b4 bytes=133 template=array-object origin=seed:tests/corpus/runtime/lexical-shadowing.test.js
 PASS js-fuzzer-array-object-b0086b1889da.js [9483/10000] status=ok obs=9bf31c7ff062 coverage=+0/32/38 time=1ms
  RUN js-fuzzer-closure-54bc7a18b5fa.js [9484/10000] md5=54bc7a18b5fa82863a9fe12098c8cd27 bytes=184 template=closure origin=seed:tests/corpus/runtime/modules-export.test.js
 PASS js-fuzzer-closure-54bc7a18b5fa.js [9484/10000] status=ok obs=d82c8d1619ad coverage=+0/32/38 time=2ms
  RUN js-fuzzer-block-scope-2c106c78ce4e.js [9485/10000] md5=2c106c78ce4ef362749d975b855914fc bytes=114 template=block-scope origin=seed:tests/corpus/runtime/nested-try-finally.test.js
 PASS js-fuzzer-block-scope-2c106c78ce4e.js [9485/10000] status=ok obs=f0935e4cd592 coverage=+0/32/38 time=1ms
  RUN js-fuzzer-boundary-235131a2d0d1.js [9486/10000] md5=235131a2d0d184afe9327ca3bd456dde bytes=129 template=boundary origin=boundary:-9007199254740991
 PASS js-fuzzer-boundary-235131a2d0d1.js [9486/10000] status=ok obs=b3f3a95848f6 coverage=+0/32/38 time=1ms
  RUN js-fuzzer-corpus-279b64032335.js [9487/10000] md5=279b640323351a1b082b98b42d2a2d55 bytes=134 template=corpus origin=tests/corpus/syntax/logical-unary-nullish.test.js
 PASS js-fuzzer-corpus-279b64032335.js [9487/10000] status=ok obs=45c48cce2e2d coverage=+0/32/38 time=2ms
  RUN js-fuzzer-class-5baf4bed5db4.js [9488/10000] md5=5baf4bed5db4f8205173226efc8fff73 bytes=101 template=class origin=seed:tests/corpus/syntax/object-destructure-and-members.test.js
 PASS js-fuzzer-class-5baf4bed5db4.js [9488/10000] status=ok obs=6f4922f45568 coverage=+0/32/38 time=1ms
  RUN js-fuzzer-arithmetic-f01d66fede51.js [9489/10000] md5=f01d66fede51ba6504e3b9b9b0390ec0 bytes=85 template=arithmetic origin=seed:tests/corpus/syntax/switch-do-while-sequence.test.js
 PASS js-fuzzer-arithmetic-f01d66fede51.js [9489/10000] status=ok obs=45fbc6d3e05e coverage=+0/32/38 time=2ms
  RUN js-fuzzer-function-1d370c2e7126.js [9490/10000] md5=1d370c2e7126a84b090ad6eed5468375 bytes=153 template=function origin=seed:tests/corpus/syntax/template-array-destructure.test.js
 PASS js-fuzzer-function-1d370c2e7126.js [9490/10000] status=ok obs=8f14e45fceea coverage=+0/32/38 time=2ms
  RUN js-fuzzer-array-object-6a057bea7f6e.js [9491/10000] md5=6a057bea7f6e37c8ad667f2d58d210db bytes=133 template=array-object origin=seed:tests/corpus/syntax/typescript-assertions.test.ts
 PASS js-fuzzer-array-object-6a057bea7f6e.js [9491/10000] status=ok obs=8f14e45fceea coverage=+0/32/38 time=1ms
  RUN js-fuzzer-closure-7273c0c143f6.js [9492/10000] md5=7273c0c143f642649555430f2ef2928d bytes=184 template=closure origin=seed:tests/corpus/syntax/typescript-non-null-satisfies.test.ts
 PASS js-fuzzer-closure-7273c0c143f6.js [9492/10000] status=ok obs=d1fe173d08e9 coverage=+0/32/38 time=2ms
  RUN js-fuzzer-boundary-512d8e9b531d.js [9493/10000] md5=512d8e9b531dd316e823325cc949e70e bytes=123 template=boundary origin=boundary:-2147483648
 PASS js-fuzzer-boundary-512d8e9b531d.js [9493/10000] status=ok obs=034ff5946105 coverage=+0/32/38 time=2ms
  RUN js-fuzzer-loop-54e460cecf5c.js [9494/10000] md5=54e460cecf5c05dfcffaa3b2e5f57445 bytes=81 template=loop origin=seed:tests/corpus/fixtures/state-machine-workflow.test.js
 PASS js-fuzzer-loop-54e460cecf5c.js [9494/10000] status=ok obs=d3d9446802a4 coverage=+0/32/38 time=1ms
  RUN js-fuzzer-try-catch-18b0b31fe014.js [9495/10000] md5=18b0b31fe014e787990869dd8a5ff18b bytes=110 template=try-catch origin=seed:tests/corpus/fixtures/vue-script-workflow.test.vue
 PASS js-fuzzer-try-catch-18b0b31fe014.js [9495/10000] status=ok obs=aab3238922bc coverage=+0/32/38 time=2ms
  RUN js-fuzzer-corpus-f00ef18b0a17.js [9496/10000] md5=f00ef18b0a172b2a2d9833f5b7fe94e2 bytes=199 template=corpus origin=tests/corpus/obfuscation/constant-tag-mix.test.js
 PASS js-fuzzer-corpus-f00ef18b0a17.js [9496/10000] status=ok obs=e86823f38986 coverage=+0/32/38 time=2ms
  RUN js-fuzzer-arithmetic-0ded23b55047.js [9497/10000] md5=0ded23b5504776044b6881f129726bfa bytes=85 template=arithmetic origin=seed:tests/corpus/obfuscation/extern-slot-permutation.test.js
 PASS js-fuzzer-arithmetic-0ded23b55047.js [9497/10000] status=ok obs=2b44928ae11f coverage=+0/32/38 time=1ms
  RUN js-fuzzer-function-805986a3b478.js [9498/10000] md5=805986a3b4784e72cf43592e25340692 bytes=153 template=function origin=seed:tests/corpus/obfuscation/externs-console.test.js
 PASS js-fuzzer-function-805986a3b478.js [9498/10000] status=ok obs=c51ce410c124 coverage=+0/32/38 time=2ms
  RUN js-fuzzer-array-object-a244dfafd79f.js [9499/10000] md5=a244dfafd79f91934c043392410aad67 bytes=133 template=array-object origin=seed:tests/corpus/obfuscation/seed-sensitive-functions.test.js
 PASS js-fuzzer-array-object-a244dfafd79f.js [9499/10000] status=ok obs=70efdf2ec9b0 coverage=+0/32/38 time=2ms
  RUN js-fuzzer-boundary-92df4f5b559a.js [9500/10000] md5=92df4f5b559a550058b4133ffb629932 bytes=114 template=boundary origin=boundary:-2
 PASS js-fuzzer-boundary-92df4f5b559a.js [9500/10000] status=ok obs=5d7b9adcbe1c coverage=+0/32/38 time=1ms
  RUN js-fuzzer-block-scope-f9a48acda436.js [9501/10000] md5=f9a48acda436a6f7fcf3ecd8ac874dbb bytes=114 template=block-scope origin=seed:tests/corpus/regressions/multiple-functions-fib-add.test.js
 PASS js-fuzzer-block-scope-f9a48acda436.js [9501/10000] status=ok obs=c9e1074f5b3f coverage=+0/32/38 time=2ms
  RUN js-fuzzer-loop-54e460cecf5c.js [9502/10000] md5=54e460cecf5c05dfcffaa3b2e5f57445 bytes=81 template=loop origin=seed:tests/corpus/regressions/scope-compressed-closure-params.test.js
 PASS js-fuzzer-loop-54e460cecf5c.js [9502/10000] status=ok obs=d3d9446802a4 coverage=+0/32/38 time=2ms
  RUN js-fuzzer-try-catch-84bb82ab521c.js [9503/10000] md5=84bb82ab521cc370007aca532f77c9e1 bytes=110 template=try-catch origin=seed:tests/corpus/runtime/arrays-objects-methods.test.js
 PASS js-fuzzer-try-catch-84bb82ab521c.js [9503/10000] status=ok obs=c16a5320fa47 coverage=+0/32/38 time=1ms
  RUN js-fuzzer-class-769274f77fa6.js [9504/10000] md5=769274f77fa62254ce7e0eb0e3adf7f1 bytes=100 template=class origin=seed:tests/corpus/runtime/block-scopes.test.js
 PASS js-fuzzer-class-769274f77fa6.js [9504/10000] status=ok obs=c4ca4238a0b9 coverage=+0/32/38 time=2ms
  RUN js-fuzzer-corpus-a64e83c2f849.js [9505/10000] md5=a64e83c2f84925dca8985eabe963ee21 bytes=179 template=corpus origin=tests/corpus/runtime/class-fields-static-methods.test.js
 PASS js-fuzzer-corpus-a64e83c2f849.js [9505/10000] status=ok obs=8f14e45fceea coverage=+0/32/38 time=2ms
  RUN js-fuzzer-function-8c13c976bcff.js [9506/10000] md5=8c13c976bcff676fd4a8e7119e7306e3 bytes=153 template=function origin=seed:tests/corpus/runtime/classes-and-objects.test.js
 PASS js-fuzzer-function-8c13c976bcff.js [9506/10000] status=ok obs=aab3238922bc coverage=+0/32/38 time=1ms
  RUN js-fuzzer-boundary-7f379f781f4f.js [9507/10000] md5=7f379f781f4f9844733fb0f4c5d8aa15 bytes=114 template=boundary origin=boundary:-1
 PASS js-fuzzer-boundary-7f379f781f4f.js [9507/10000] status=ok obs=6bb61e3b7bce coverage=+0/32/38 time=1ms
  RUN js-fuzzer-closure-e3524dd11ad1.js [9508/10000] md5=e3524dd11ad1fa86b4da481f0bede1a9 bytes=185 template=closure origin=seed:tests/corpus/runtime/closures-read-captured-values.test.js
 PASS js-fuzzer-closure-e3524dd11ad1.js [9508/10000] status=ok obs=d82c8d1619ad coverage=+0/32/38 time=2ms
  RUN js-fuzzer-block-scope-17eb1bee1dd2.js [9509/10000] md5=17eb1bee1dd2edb19a46b1e6ba44a522 bytes=114 template=block-scope origin=seed:tests/corpus/runtime/exceptions-and-nullish.test.js
 PASS js-fuzzer-block-scope-17eb1bee1dd2.js [9509/10000] status=ok obs=38b3eff8baf5 coverage=+0/32/38 time=1ms
  RUN js-fuzzer-loop-bbf1d7a15d8d.js [9510/10000] md5=bbf1d7a15d8dd015402d75c0e0108b5f bytes=81 template=loop origin=seed:tests/corpus/runtime/functions-closures-and-arrows.test.js
 PASS js-fuzzer-loop-bbf1d7a15d8d.js [9510/10000] status=ok obs=1679091c5a88 coverage=+0/32/38 time=2ms
  RUN js-fuzzer-try-catch-8a297d00e90e.js [9511/10000] md5=8a297d00e90eb93174a6d6eeae5be951 bytes=110 template=try-catch origin=seed:tests/corpus/runtime/lexical-shadowing.test.js
 PASS js-fuzzer-try-catch-8a297d00e90e.js [9511/10000] status=ok obs=98f137082101 coverage=+0/32/38 time=1ms
  RUN js-fuzzer-class-769274f77fa6.js [9512/10000] md5=769274f77fa62254ce7e0eb0e3adf7f1 bytes=100 template=class origin=seed:tests/corpus/runtime/modules-export.test.js
 PASS js-fuzzer-class-769274f77fa6.js [9512/10000] status=ok obs=c4ca4238a0b9 coverage=+0/32/38 time=2ms
  RUN js-fuzzer-arithmetic-6e80dd47f8f3.js [9513/10000] md5=6e80dd47f8f311cdaa3cba6b9f53abe9 bytes=84 template=arithmetic origin=seed:tests/corpus/runtime/nested-try-finally.test.js
 PASS js-fuzzer-arithmetic-6e80dd47f8f3.js [9513/10000] status=ok obs=6c8349cc7260 coverage=+0/32/38 time=1ms
  RUN js-fuzzer-corpus-89e900fcb72f.js [9514/10000] md5=89e900fcb72ff838bfe9a13ae091363f bytes=228 template=corpus origin=tests/corpus/syntax/control-flow-and-operators.test.js
 PASS js-fuzzer-corpus-89e900fcb72f.js [9514/10000] status=ok obs=aab3238922bc coverage=+0/32/38 time=1ms
  RUN js-fuzzer-array-object-951b1d5a7e2c.js [9515/10000] md5=951b1d5a7e2cd709b7df8a8e568201e5 bytes=133 template=array-object origin=seed:tests/corpus/syntax/logical-unary-nullish.test.js
 PASS js-fuzzer-array-object-951b1d5a7e2c.js [9515/10000] status=ok obs=3c59dc048e88 coverage=+0/32/38 time=2ms
  RUN js-fuzzer-closure-a913867993c0.js [9516/10000] md5=a913867993c0ca8f628c4726314006a6 bytes=184 template=closure origin=seed:tests/corpus/syntax/object-destructure-and-members.test.js
 PASS js-fuzzer-closure-a913867993c0.js [9516/10000] status=ok obs=6ea9ab1baa0e coverage=+0/32/38 time=2ms
  RUN js-fuzzer-block-scope-c63543f997c3.js [9517/10000] md5=c63543f997c36488ec75fbd01eca5496 bytes=114 template=block-scope origin=seed:tests/corpus/syntax/switch-do-while-sequence.test.js
 PASS js-fuzzer-block-scope-c63543f997c3.js [9517/10000] status=ok obs=ec8956637a99 coverage=+0/32/38 time=1ms
  RUN js-fuzzer-loop-55c7c905bffb.js [9518/10000] md5=55c7c905bffb4bbbc4c8fb9b91df6ad8 bytes=81 template=loop origin=seed:tests/corpus/syntax/template-array-destructure.test.js
 PASS js-fuzzer-loop-55c7c905bffb.js [9518/10000] status=ok obs=eccbc87e4b5c coverage=+0/32/38 time=2ms
  RUN js-fuzzer-try-catch-47becaf372c3.js [9519/10000] md5=47becaf372c34523cd2fbacf2b53d016 bytes=110 template=try-catch origin=seed:tests/corpus/syntax/typescript-assertions.test.ts
 PASS js-fuzzer-try-catch-47becaf372c3.js [9519/10000] status=ok obs=02e74f10e032 coverage=+0/32/38 time=2ms
  RUN js-fuzzer-class-1fb70654253d.js [9520/10000] md5=1fb70654253d944404805630039f463c bytes=101 template=class origin=seed:tests/corpus/syntax/typescript-non-null-satisfies.test.ts
 PASS js-fuzzer-class-1fb70654253d.js [9520/10000] status=ok obs=c51ce410c124 coverage=+0/32/38 time=1ms
  RUN js-fuzzer-boundary-83aee5cf07de.js [9521/10000] md5=83aee5cf07deb9d5ce59aec8aff7a227 bytes=128 template=boundary origin=boundary:9007199254740991
 PASS js-fuzzer-boundary-83aee5cf07de.js [9521/10000] status=ok obs=8bfa9ad090fb coverage=+0/32/38 time=2ms
  RUN js-fuzzer-function-297962b584b2.js [9522/10000] md5=297962b584b2139723d9064b9ad0de50 bytes=153 template=function origin=seed:tests/corpus/fixtures/state-machine-workflow.test.js
 PASS js-fuzzer-function-297962b584b2.js [9522/10000] status=ok obs=c81e728d9d4c coverage=+0/32/38 time=1ms
  RUN js-fuzzer-corpus-f722388c7961.js [9523/10000] md5=f722388c7961d2a0288508c35f28a5f8 bytes=96 template=corpus origin=tests/corpus/fixtures/vue-script-workflow.test.vue
 PASS js-fuzzer-corpus-f722388c7961.js [9523/10000] status=ok obs=6512bd43d9ca coverage=+0/32/38 time=2ms
  RUN js-fuzzer-closure-ac0a91b8373c.js [9524/10000] md5=ac0a91b8373c2d72e1b56509806a48cd bytes=185 template=closure origin=seed:tests/corpus/obfuscation/constant-tag-mix.test.js
 PASS js-fuzzer-closure-ac0a91b8373c.js [9524/10000] status=ok obs=17e62166fc85 coverage=+0/32/38 time=2ms
  RUN js-fuzzer-block-scope-c0d3e0044de4.js [9525/10000] md5=c0d3e0044de4095924c3679950dbac2a bytes=114 template=block-scope origin=seed:tests/corpus/obfuscation/extern-slot-permutation.test.js
 PASS js-fuzzer-block-scope-c0d3e0044de4.js [9525/10000] status=ok obs=ec8956637a99 coverage=+0/32/38 time=1ms
  RUN js-fuzzer-loop-f495ca2fc638.js [9526/10000] md5=f495ca2fc6389f933578fc501f5b1465 bytes=81 template=loop origin=seed:tests/corpus/obfuscation/externs-console.test.js
 PASS js-fuzzer-loop-f495ca2fc638.js [9526/10000] status=ok obs=c4ca4238a0b9 coverage=+0/32/38 time=2ms
  RUN js-fuzzer-try-catch-ce914b0cd471.js [9527/10000] md5=ce914b0cd471f7c9ec83cbcd645ee9eb bytes=110 template=try-catch origin=seed:tests/corpus/obfuscation/seed-sensitive-functions.test.js
 PASS js-fuzzer-try-catch-ce914b0cd471.js [9527/10000] status=ok obs=2838023a778d coverage=+0/32/38 time=2ms
  RUN js-fuzzer-boundary-5c12d757f0dd.js [9528/10000] md5=5c12d757f0ddd5c6b1207b14fb1e8d0c bytes=122 template=boundary origin=boundary:2147483647
 PASS js-fuzzer-boundary-5c12d757f0dd.js [9528/10000] status=ok obs=c588c0a459f4 coverage=+0/32/38 time=1ms
  RUN js-fuzzer-arithmetic-cf13a96cd892.js [9529/10000] md5=cf13a96cd892d2b3c2da654324aa966a bytes=83 template=arithmetic origin=seed:tests/corpus/regressions/multiple-functions-fib-add.test.js
 PASS js-fuzzer-arithmetic-cf13a96cd892.js [9529/10000] status=ok obs=fe9fc289c3ff coverage=+0/32/38 time=2ms
  RUN js-fuzzer-function-9a24649f1cae.js [9530/10000] md5=9a24649f1caec2a9716934902cbac103 bytes=153 template=function origin=seed:tests/corpus/regressions/scope-compressed-closure-params.test.js
 PASS js-fuzzer-function-9a24649f1cae.js [9530/10000] status=ok obs=9bf31c7ff062 coverage=+0/32/38 time=2ms
  RUN js-fuzzer-array-object-c785daf31ab2.js [9531/10000] md5=c785daf31ab2d88b1342215720c98d95 bytes=133 template=array-object origin=seed:tests/corpus/runtime/arrays-objects-methods.test.js
 PASS js-fuzzer-array-object-c785daf31ab2.js [9531/10000] status=ok obs=c51ce410c124 coverage=+0/32/38 time=1ms
  RUN js-fuzzer-corpus-8b78ba7912c5.js [9532/10000] md5=8b78ba7912c51f6cf304b65c6ebdb2e3 bytes=289 template=corpus origin=tests/corpus/runtime/block-scopes.test.js
 PASS js-fuzzer-corpus-8b78ba7912c5.js [9532/10000] status=ok obs=37693cfc7480 coverage=+0/32/38 time=2ms
  RUN js-fuzzer-block-scope-48f2f9956d1a.js [9533/10000] md5=48f2f9956d1af52ff488b20e9feb23da bytes=114 template=block-scope origin=seed:tests/corpus/runtime/class-fields-static-methods.test.js
 PASS js-fuzzer-block-scope-48f2f9956d1a.js [9533/10000] status=ok obs=f0935e4cd592 coverage=+0/32/38 time=2ms
  RUN js-fuzzer-loop-bbf1d7a15d8d.js [9534/10000] md5=bbf1d7a15d8dd015402d75c0e0108b5f bytes=81 template=loop origin=seed:tests/corpus/runtime/classes-and-objects.test.js
 PASS js-fuzzer-loop-bbf1d7a15d8d.js [9534/10000] status=ok obs=1679091c5a88 coverage=+0/32/38 time=1ms
  RUN js-fuzzer-boundary-e33d9dc9cd6c.js [9535/10000] md5=e33d9dc9cd6c84ec6ac6a01d1d18c4f2 bytes=113 template=boundary origin=boundary:2
 PASS js-fuzzer-boundary-e33d9dc9cd6c.js [9535/10000] status=ok obs=c81e728d9d4c coverage=+0/32/38 time=2ms
  RUN js-fuzzer-class-5baf4bed5db4.js [9536/10000] md5=5baf4bed5db4f8205173226efc8fff73 bytes=101 template=class origin=seed:tests/corpus/runtime/closures-read-captured-values.test.js
 PASS js-fuzzer-class-5baf4bed5db4.js [9536/10000] status=ok obs=6f4922f45568 coverage=+0/32/38 time=2ms
  RUN js-fuzzer-arithmetic-65d47e7a9120.js [9537/10000] md5=65d47e7a9120b095ac228e7e86ad2585 bytes=84 template=arithmetic origin=seed:tests/corpus/runtime/exceptions-and-nullish.test.js
 PASS js-fuzzer-arithmetic-65d47e7a9120.js [9537/10000] status=ok obs=8f8551796779 coverage=+0/32/38 time=1ms
  RUN js-fuzzer-function-d3859b93eee1.js [9538/10000] md5=d3859b93eee1f3bcfec0cda51c4d02bf bytes=153 template=function origin=seed:tests/corpus/runtime/functions-closures-and-arrows.test.js
 PASS js-fuzzer-function-d3859b93eee1.js [9538/10000] status=ok obs=a87ff679a2f3 coverage=+0/32/38 time=2ms
  RUN js-fuzzer-array-object-2bfdac7d4b0b.js [9539/10000] md5=2bfdac7d4b0bf5e087a09d586032c01b bytes=133 template=array-object origin=seed:tests/corpus/runtime/lexical-shadowing.test.js
 PASS js-fuzzer-array-object-2bfdac7d4b0b.js [9539/10000] status=ok obs=c20ad4d76fe9 coverage=+0/32/38 time=2ms
  RUN js-fuzzer-closure-2a6604e70bc5.js [9540/10000] md5=2a6604e70bc54cfa2b2562cc753744b6 bytes=184 template=closure origin=seed:tests/corpus/runtime/modules-export.test.js
 PASS js-fuzzer-closure-2a6604e70bc5.js [9540/10000] status=ok obs=182be0c5cdcd coverage=+0/32/38 time=1ms
  RUN js-fuzzer-corpus-c557f8da2a9d.js [9541/10000] md5=c557f8da2a9d2904c70dca50c3eeb50e bytes=191 template=corpus origin=tests/corpus/runtime/nested-try-finally.test.js
 PASS js-fuzzer-corpus-c557f8da2a9d.js [9541/10000] status=ok obs=8f14e45fceea coverage=+0/32/38 time=2ms
  RUN js-fuzzer-boundary-a6a77cc918cc.js [9542/10000] md5=a6a77cc918cc479b04ccb7be2bd80dac bytes=113 template=boundary origin=boundary:1
 PASS js-fuzzer-boundary-a6a77cc918cc.js [9542/10000] status=ok obs=c4ca4238a0b9 coverage=+0/32/38 time=2ms
  RUN js-fuzzer-try-catch-394293a01c1f.js [9543/10000] md5=394293a01c1f5412b61d69cb8738d61b bytes=110 template=try-catch origin=seed:tests/corpus/syntax/logical-unary-nullish.test.js
 PASS js-fuzzer-try-catch-394293a01c1f.js [9543/10000] status=ok obs=c74d97b01eae coverage=+0/32/38 time=1ms
  RUN js-fuzzer-class-a9875f561daf.js [9544/10000] md5=a9875f561daf181d949c68fc070db0e0 bytes=101 template=class origin=seed:tests/corpus/syntax/object-destructure-and-members.test.js
 PASS js-fuzzer-class-a9875f561daf.js [9544/10000] status=ok obs=aab3238922bc coverage=+0/32/38 time=2ms
  RUN js-fuzzer-arithmetic-ab15c641ba19.js [9545/10000] md5=ab15c641ba192d897d527f04cd53f558 bytes=84 template=arithmetic origin=seed:tests/corpus/syntax/switch-do-while-sequence.test.js
 PASS js-fuzzer-arithmetic-ab15c641ba19.js [9545/10000] status=ok obs=eb160de1de89 coverage=+0/32/38 time=2ms
  RUN js-fuzzer-function-7078b1558e88.js [9546/10000] md5=7078b1558e88c84f2ce4ff32c844a13e bytes=153 template=function origin=seed:tests/corpus/syntax/template-array-destructure.test.js
 PASS js-fuzzer-function-7078b1558e88.js [9546/10000] status=ok obs=1679091c5a88 coverage=+0/32/38 time=2ms
  RUN js-fuzzer-array-object-c3104e16c878.js [9547/10000] md5=c3104e16c878ab79fdaa2d5f711d14c6 bytes=133 template=array-object origin=seed:tests/corpus/syntax/typescript-assertions.test.ts
 PASS js-fuzzer-array-object-c3104e16c878.js [9547/10000] status=ok obs=c51ce410c124 coverage=+0/32/38 time=1ms
  RUN js-fuzzer-closure-a641eaf3e1ca.js [9548/10000] md5=a641eaf3e1ca79accfb48f344d237f8e bytes=184 template=closure origin=seed:tests/corpus/syntax/typescript-non-null-satisfies.test.ts
 PASS js-fuzzer-closure-a641eaf3e1ca.js [9548/10000] status=ok obs=7f39f8317fbd coverage=+0/32/38 time=1ms
  RUN js-fuzzer-boundary-e62759fbe8d3.js [9549/10000] md5=e62759fbe8d36ad2cfb89a0f8bac18b9 bytes=129 template=boundary origin=boundary:-9007199254740991
 PASS js-fuzzer-boundary-e62759fbe8d3.js [9549/10000] status=ok obs=b3f3a95848f6 coverage=+0/32/38 time=2ms
  RUN js-fuzzer-corpus-ab8ca4f8757c.js [9550/10000] md5=ab8ca4f8757c6165b29cd6a662edad93 bytes=450 template=corpus origin=tests/corpus/fixtures/state-machine-workflow.test.js
 PASS js-fuzzer-corpus-ab8ca4f8757c.js [9550/10000] status=ok obs=b9f49c580664 coverage=+0/32/38 time=2ms
  RUN js-fuzzer-try-catch-10b006553cce.js [9551/10000] md5=10b006553cced3afac446c8e96bc0d8a bytes=110 template=try-catch origin=seed:tests/corpus/fixtures/vue-script-workflow.test.vue
 PASS js-fuzzer-try-catch-10b006553cce.js [9551/10000] status=ok obs=8e296a067a37 coverage=+0/32/38 time=2ms
  RUN js-fuzzer-class-c6bbe0a63455.js [9552/10000] md5=c6bbe0a634559d18fa82cf0c9a421610 bytes=100 template=class origin=seed:tests/corpus/obfuscation/constant-tag-mix.test.js
 PASS js-fuzzer-class-c6bbe0a63455.js [9552/10000] status=ok obs=1679091c5a88 coverage=+0/32/38 time=1ms
  RUN js-fuzzer-arithmetic-b30af475e9aa.js [9553/10000] md5=b30af475e9aaa81c2a1082f3784be027 bytes=83 template=arithmetic origin=seed:tests/corpus/obfuscation/extern-slot-permutation.test.js
 PASS js-fuzzer-arithmetic-b30af475e9aa.js [9553/10000] status=ok obs=5f93f983524d coverage=+0/32/38 time=2ms
  RUN js-fuzzer-function-d9597d28535f.js [9554/10000] md5=d9597d28535fd2b10f5ca10cf87a7bb6 bytes=153 template=function origin=seed:tests/corpus/obfuscation/externs-console.test.js
 PASS js-fuzzer-function-d9597d28535f.js [9554/10000] status=ok obs=6f4922f45568 coverage=+0/32/38 time=2ms
  RUN js-fuzzer-array-object-833747508eb2.js [9555/10000] md5=833747508eb2d1e92ce105fd9db31934 bytes=133 template=array-object origin=seed:tests/corpus/obfuscation/seed-sensitive-functions.test.js
 PASS js-fuzzer-array-object-833747508eb2.js [9555/10000] status=ok obs=45c48cce2e2d coverage=+0/32/38 time=2ms
  RUN js-fuzzer-boundary-205872a6e44c.js [9556/10000] md5=205872a6e44c1ea0cf94554af934fb09 bytes=123 template=boundary origin=boundary:-2147483648
 PASS js-fuzzer-boundary-205872a6e44c.js [9556/10000] status=ok obs=034ff5946105 coverage=+0/32/38 time=2ms
  RUN js-fuzzer-block-scope-5d14e55e65b6.js [9557/10000] md5=5d14e55e65b6c22946ddcf2f918ac8f9 bytes=114 template=block-scope origin=seed:tests/corpus/regressions/multiple-functions-fib-add.test.js
 PASS js-fuzzer-block-scope-5d14e55e65b6.js [9557/10000] status=ok obs=ec8956637a99 coverage=+0/32/38 time=1ms
  RUN js-fuzzer-loop-d35707ad0bf7.js [9558/10000] md5=d35707ad0bf74148f671ad8943998af6 bytes=81 template=loop origin=seed:tests/corpus/regressions/scope-compressed-closure-params.test.js
 PASS js-fuzzer-loop-d35707ad0bf7.js [9558/10000] status=ok obs=9bf31c7ff062 coverage=+0/32/38 time=2ms
  RUN js-fuzzer-corpus-a07012429fce.js [9559/10000] md5=a07012429fce4b4d7c8af42f445f70b9 bytes=163 template=corpus origin=tests/corpus/runtime/arrays-objects-methods.test.js
 PASS js-fuzzer-corpus-a07012429fce.js [9559/10000] status=ok obs=c51ce410c124 coverage=+0/32/38 time=2ms
  RUN js-fuzzer-class-c6bbe0a63455.js [9560/10000] md5=c6bbe0a634559d18fa82cf0c9a421610 bytes=100 template=class origin=seed:tests/corpus/runtime/block-scopes.test.js
 PASS js-fuzzer-class-c6bbe0a63455.js [9560/10000] status=ok obs=1679091c5a88 coverage=+0/32/38 time=1ms
  RUN js-fuzzer-arithmetic-c265be949996.js [9561/10000] md5=c265be9499963b133a987be52f74e06a bytes=84 template=arithmetic origin=seed:tests/corpus/runtime/class-fields-static-methods.test.js
 PASS js-fuzzer-arithmetic-c265be949996.js [9561/10000] status=ok obs=28dd2c7955ce coverage=+0/32/38 time=2ms
  RUN js-fuzzer-function-c6a41e639682.js [9562/10000] md5=c6a41e6396823bcfa91e05b3a10b01c0 bytes=153 template=function origin=seed:tests/corpus/runtime/classes-and-objects.test.js
 PASS js-fuzzer-function-c6a41e639682.js [9562/10000] status=ok obs=1f0e3dad9990 coverage=+0/32/38 time=2ms
  RUN js-fuzzer-boundary-db03eeac3914.js [9563/10000] md5=db03eeac3914e8f0a7bfea9eefe9f0de bytes=114 template=boundary origin=boundary:-2
 PASS js-fuzzer-boundary-db03eeac3914.js [9563/10000] status=ok obs=5d7b9adcbe1c coverage=+0/32/38 time=1ms
  RUN js-fuzzer-closure-3b10b0952ba2.js [9564/10000] md5=3b10b0952ba263d46a3c3a8b16a3410a bytes=183 template=closure origin=seed:tests/corpus/runtime/closures-read-captured-values.test.js
 PASS js-fuzzer-closure-3b10b0952ba2.js [9564/10000] status=ok obs=1f0e3dad9990 coverage=+0/32/38 time=2ms
  RUN js-fuzzer-block-scope-afb6dee4b2ec.js [9565/10000] md5=afb6dee4b2ec9225553c3bff3995f1a9 bytes=114 template=block-scope origin=seed:tests/corpus/runtime/exceptions-and-nullish.test.js
 PASS js-fuzzer-block-scope-afb6dee4b2ec.js [9565/10000] status=ok obs=a97da629b098 coverage=+0/32/38 time=2ms
  RUN js-fuzzer-loop-55c7c905bffb.js [9566/10000] md5=55c7c905bffb4bbbc4c8fb9b91df6ad8 bytes=81 template=loop origin=seed:tests/corpus/runtime/functions-closures-and-arrows.test.js
 PASS js-fuzzer-loop-55c7c905bffb.js [9566/10000] status=ok obs=eccbc87e4b5c coverage=+0/32/38 time=2ms
  RUN js-fuzzer-try-catch-949865ef2d04.js [9567/10000] md5=949865ef2d045cce3ed2d503f7e03e63 bytes=110 template=try-catch origin=seed:tests/corpus/runtime/lexical-shadowing.test.js
 PASS js-fuzzer-try-catch-949865ef2d04.js [9567/10000] status=ok obs=6f4922f45568 coverage=+0/32/38 time=1ms
  RUN js-fuzzer-corpus-4131d841163b.js [9568/10000] md5=4131d841163b79e192bca9d4fc683c54 bytes=58 template=corpus origin=tests/corpus/runtime/modules-export.test.js
 PASS js-fuzzer-corpus-4131d841163b.js [9568/10000] status=ok obs=8f14e45fceea coverage=+0/32/38 time=2ms
  RUN js-fuzzer-arithmetic-eca0eea9b96f.js [9569/10000] md5=eca0eea9b96f822be5e94f670b65d803 bytes=84 template=arithmetic origin=seed:tests/corpus/runtime/nested-try-finally.test.js
 PASS js-fuzzer-arithmetic-eca0eea9b96f.js [9569/10000] status=ok obs=a0a080f42e6f coverage=+0/32/38 time=1ms
  RUN js-fuzzer-boundary-7f379f781f4f.js [9570/10000] md5=7f379f781f4f9844733fb0f4c5d8aa15 bytes=114 template=boundary origin=boundary:-1
 PASS js-fuzzer-boundary-7f379f781f4f.js [9570/10000] status=ok obs=6bb61e3b7bce coverage=+0/32/38 time=2ms
  RUN js-fuzzer-array-object-17ede140cd0b.js [9571/10000] md5=17ede140cd0b7ed910c11169290a1a21 bytes=133 template=array-object origin=seed:tests/corpus/syntax/logical-unary-nullish.test.js
 PASS js-fuzzer-array-object-17ede140cd0b.js [9571/10000] status=ok obs=45c48cce2e2d coverage=+0/32/38 time=1ms
  RUN js-fuzzer-closure-8320d8d9cefb.js [9572/10000] md5=8320d8d9cefb6229a71115657d34967f bytes=185 template=closure origin=seed:tests/corpus/syntax/object-destructure-and-members.test.js
 PASS js-fuzzer-closure-8320d8d9cefb.js [9572/10000] status=ok obs=d1fe173d08e9 coverage=+0/32/38 time=2ms
  RUN js-fuzzer-block-scope-f43d79d837fe.js [9573/10000] md5=f43d79d837fe16df019f7fe4650eb100 bytes=114 template=block-scope origin=seed:tests/corpus/syntax/switch-do-while-sequence.test.js
 PASS js-fuzzer-block-scope-f43d79d837fe.js [9573/10000] status=ok obs=6974ce5ac660 coverage=+0/32/38 time=1ms
  RUN js-fuzzer-loop-bbf1d7a15d8d.js [9574/10000] md5=bbf1d7a15d8dd015402d75c0e0108b5f bytes=81 template=loop origin=seed:tests/corpus/syntax/template-array-destructure.test.js
 PASS js-fuzzer-loop-bbf1d7a15d8d.js [9574/10000] status=ok obs=1679091c5a88 coverage=+0/32/38 time=1ms
  RUN js-fuzzer-try-catch-70fffa3518b3.js [9575/10000] md5=70fffa3518b3cd8f92c92fd09e60ecbc bytes=110 template=try-catch origin=seed:tests/corpus/syntax/typescript-assertions.test.ts
 PASS js-fuzzer-try-catch-70fffa3518b3.js [9575/10000] status=ok obs=a5bfc9e07964 coverage=+0/32/38 time=2ms
  RUN js-fuzzer-class-3b630e2d834a.js [9576/10000] md5=3b630e2d834a95a01ee75571f8bc0075 bytes=101 template=class origin=seed:tests/corpus/syntax/typescript-non-null-satisfies.test.ts
 PASS js-fuzzer-class-3b630e2d834a.js [9576/10000] status=ok obs=6512bd43d9ca coverage=+0/32/38 time=1ms
  RUN js-fuzzer-corpus-797f152bf878.js [9577/10000] md5=797f152bf878d5049066c6db6d2360b3 bytes=355 template=corpus origin=tests/corpus/fixtures/job-workflow.test.js
 PASS js-fuzzer-corpus-797f152bf878.js [9577/10000] status=ok obs=b9de0628c8ec coverage=+0/32/38 time=2ms
  RUN js-fuzzer-function-4b9684ea9e29.js [9578/10000] md5=4b9684ea9e291ddb6515f98bf0c93905 bytes=153 template=function origin=seed:tests/corpus/fixtures/state-machine-workflow.test.js
 PASS js-fuzzer-function-4b9684ea9e29.js [9578/10000] status=ok obs=eccbc87e4b5c coverage=+0/32/38 time=2ms
  RUN js-fuzzer-array-object-4ec8832b0106.js [9579/10000] md5=4ec8832b010650485fedf4db2470f820 bytes=133 template=array-object origin=seed:tests/corpus/fixtures/vue-script-workflow.test.vue
 PASS js-fuzzer-array-object-4ec8832b0106.js [9579/10000] status=ok obs=c74d97b01eae coverage=+0/32/38 time=2ms
  RUN js-fuzzer-closure-a3a2052ff233.js [9580/10000] md5=a3a2052ff233cac993245f2bdac71053 bytes=185 template=closure origin=seed:tests/corpus/obfuscation/constant-tag-mix.test.js
 PASS js-fuzzer-closure-a3a2052ff233.js [9580/10000] status=ok obs=d09bf41544a3 coverage=+0/32/38 time=1ms
  RUN js-fuzzer-block-scope-963ef95fccb2.js [9581/10000] md5=963ef95fccb2b37bf54c80ea854154f9 bytes=114 template=block-scope origin=seed:tests/corpus/obfuscation/extern-slot-permutation.test.js
 PASS js-fuzzer-block-scope-963ef95fccb2.js [9581/10000] status=ok obs=ec8956637a99 coverage=+0/32/38 time=2ms
  RUN js-fuzzer-loop-55c7c905bffb.js [9582/10000] md5=55c7c905bffb4bbbc4c8fb9b91df6ad8 bytes=81 template=loop origin=seed:tests/corpus/obfuscation/externs-console.test.js
 PASS js-fuzzer-loop-55c7c905bffb.js [9582/10000] status=ok obs=eccbc87e4b5c coverage=+0/32/38 time=1ms
  RUN js-fuzzer-try-catch-7cb82b9a3fc9.js [9583/10000] md5=7cb82b9a3fc9743b17b967ebeeaab91b bytes=110 template=try-catch origin=seed:tests/corpus/obfuscation/seed-sensitive-functions.test.js
 PASS js-fuzzer-try-catch-7cb82b9a3fc9.js [9583/10000] status=ok obs=b6d767d2f8ed coverage=+0/32/38 time=2ms
  RUN js-fuzzer-boundary-4bea2a6e0cb0.js [9584/10000] md5=4bea2a6e0cb0c7bb0b29e5b5d44112d8 bytes=128 template=boundary origin=boundary:9007199254740991
 PASS js-fuzzer-boundary-4bea2a6e0cb0.js [9584/10000] status=ok obs=dc9a0d67a31d coverage=+0/32/38 time=2ms
  RUN js-fuzzer-arithmetic-a4baef780a36.js [9585/10000] md5=a4baef780a368ec26b6684dec89e5483 bytes=83 template=arithmetic origin=seed:tests/corpus/regressions/multiple-functions-fib-add.test.js
 PASS js-fuzzer-arithmetic-a4baef780a36.js [9585/10000] status=ok obs=1c383cd30b7c coverage=+0/32/38 time=2ms
  RUN js-fuzzer-corpus-c28cfb056309.js [9586/10000] md5=c28cfb056309f2a77f8bd9756b123c54 bytes=147 template=corpus origin=tests/corpus/regressions/scope-compressed-closure-params.test.js
 PASS js-fuzzer-corpus-c28cfb056309.js [9586/10000] status=ok obs=c51ce410c124 coverage=+0/32/38 time=1ms
  RUN js-fuzzer-array-object-fcadf176287e.js [9587/10000] md5=fcadf176287e2432f75edd608143a73f bytes=133 template=array-object origin=seed:tests/corpus/runtime/arrays-objects-methods.test.js
 PASS js-fuzzer-array-object-fcadf176287e.js [9587/10000] status=ok obs=45c48cce2e2d coverage=+0/32/38 time=2ms
  RUN js-fuzzer-closure-26e9fa969e84.js [9588/10000] md5=26e9fa969e8413b3048c343a21f218ef bytes=184 template=closure origin=seed:tests/corpus/runtime/block-scopes.test.js
 PASS js-fuzzer-closure-26e9fa969e84.js [9588/10000] status=ok obs=d82c8d1619ad coverage=+0/32/38 time=1ms
  RUN js-fuzzer-block-scope-db1466d83b0d.js [9589/10000] md5=db1466d83b0ded135f937bb4a61c19f4 bytes=114 template=block-scope origin=seed:tests/corpus/runtime/class-fields-static-methods.test.js
 PASS js-fuzzer-block-scope-db1466d83b0d.js [9589/10000] status=ok obs=a97da629b098 coverage=+0/32/38 time=2ms
  RUN js-fuzzer-loop-f495ca2fc638.js [9590/10000] md5=f495ca2fc6389f933578fc501f5b1465 bytes=81 template=loop origin=seed:tests/corpus/runtime/classes-and-objects.test.js
 PASS js-fuzzer-loop-f495ca2fc638.js [9590/10000] status=ok obs=c4ca4238a0b9 coverage=+0/32/38 time=2ms
  RUN js-fuzzer-boundary-5c12d757f0dd.js [9591/10000] md5=5c12d757f0ddd5c6b1207b14fb1e8d0c bytes=122 template=boundary origin=boundary:2147483647
 PASS js-fuzzer-boundary-5c12d757f0dd.js [9591/10000] status=ok obs=c588c0a459f4 coverage=+0/32/38 time=1ms
  RUN js-fuzzer-class-3b630e2d834a.js [9592/10000] md5=3b630e2d834a95a01ee75571f8bc0075 bytes=101 template=class origin=seed:tests/corpus/runtime/closures-read-captured-values.test.js
 PASS js-fuzzer-class-3b630e2d834a.js [9592/10000] status=ok obs=6512bd43d9ca coverage=+0/32/38 time=2ms
  RUN js-fuzzer-arithmetic-a34e21fde112.js [9593/10000] md5=a34e21fde112ac5259e3942e631a9458 bytes=84 template=arithmetic origin=seed:tests/corpus/runtime/exceptions-and-nullish.test.js
 PASS js-fuzzer-arithmetic-a34e21fde112.js [9593/10000] status=ok obs=fe9fc289c3ff coverage=+0/32/38 time=2ms
  RUN js-fuzzer-function-8a44cf2ceed5.js [9594/10000] md5=8a44cf2ceed595d9f22254a99d394b8c bytes=153 template=function origin=seed:tests/corpus/runtime/functions-closures-and-arrows.test.js
 PASS js-fuzzer-function-8a44cf2ceed5.js [9594/10000] status=ok obs=1ff1de774005 coverage=+0/32/38 time=2ms
  RUN js-fuzzer-corpus-463d4dee8a1f.js [9595/10000] md5=463d4dee8a1f930fa8af57a704cacf3e bytes=232 template=corpus origin=tests/corpus/runtime/lexical-shadowing.test.js
 PASS js-fuzzer-corpus-463d4dee8a1f.js [9595/10000] status=ok obs=c51ce410c124 coverage=+0/32/38 time=2ms
  RUN js-fuzzer-closure-7329498ab1de.js [9596/10000] md5=7329498ab1de050640bffc97bc2e0181 bytes=184 template=closure origin=seed:tests/corpus/runtime/modules-export.test.js
 PASS js-fuzzer-closure-7329498ab1de.js [9596/10000] status=ok obs=03afdbd66e79 coverage=+0/32/38 time=2ms
  RUN js-fuzzer-block-scope-0b2b0d02d1d9.js [9597/10000] md5=0b2b0d02d1d9855d64000365f6e1fc62 bytes=114 template=block-scope origin=seed:tests/corpus/runtime/nested-try-finally.test.js
 PASS js-fuzzer-block-scope-0b2b0d02d1d9.js [9597/10000] status=ok obs=c9e1074f5b3f coverage=+0/32/38 time=1ms
  RUN js-fuzzer-boundary-221618e58a55.js [9598/10000] md5=221618e58a55537e4dc7530ef9f57aaf bytes=113 template=boundary origin=boundary:2
 PASS js-fuzzer-boundary-221618e58a55.js [9598/10000] status=ok obs=c81e728d9d4c coverage=+0/32/38 time=2ms
  RUN js-fuzzer-try-catch-85daf11db7ec.js [9599/10000] md5=85daf11db7ec5f71a0e05a86a536d94d bytes=110 template=try-catch origin=seed:tests/corpus/syntax/logical-unary-nullish.test.js
 PASS js-fuzzer-try-catch-85daf11db7ec.js [9599/10000] status=ok obs=f7177163c833 coverage=+0/32/38 time=2ms
  RUN js-fuzzer-class-a35a4dd2f302.js [9600/10000] md5=a35a4dd2f302fda9a0e8d6e2c980c283 bytes=101 template=class origin=seed:tests/corpus/syntax/object-destructure-and-members.test.js
 PASS js-fuzzer-class-a35a4dd2f302.js [9600/10000] status=ok obs=9bf31c7ff062 coverage=+0/32/38 time=2ms
  RUN js-fuzzer-arithmetic-baaa76532f07.js [9601/10000] md5=baaa76532f07427d5953db8a58726f63 bytes=84 template=arithmetic origin=seed:tests/corpus/syntax/switch-do-while-sequence.test.js
 PASS js-fuzzer-arithmetic-baaa76532f07.js [9601/10000] status=ok obs=f4b9ec30ad9f coverage=+0/32/38 time=2ms
  RUN js-fuzzer-function-1d370c2e7126.js [9602/10000] md5=1d370c2e7126a84b090ad6eed5468375 bytes=153 template=function origin=seed:tests/corpus/syntax/template-array-destructure.test.js
 PASS js-fuzzer-function-1d370c2e7126.js [9602/10000] status=ok obs=8f14e45fceea coverage=+0/32/38 time=2ms
  RUN js-fuzzer-array-object-0fbd72b725b3.js [9603/10000] md5=0fbd72b725b30044c4108ebe9ca87e01 bytes=133 template=array-object origin=seed:tests/corpus/syntax/typescript-assertions.test.ts
 PASS js-fuzzer-array-object-0fbd72b725b3.js [9603/10000] status=ok obs=c9f0f895fb98 coverage=+0/32/38 time=2ms
  RUN js-fuzzer-corpus-e3eeaea0f8a2.js [9604/10000] md5=e3eeaea0f8a2c5d5b650d4007cf78b4a bytes=104 template=corpus origin=tests/corpus/syntax/typescript-non-null-satisfies.test.ts
 PASS js-fuzzer-corpus-e3eeaea0f8a2.js [9604/10000] status=ok obs=d3d9446802a4 coverage=+0/32/38 time=2ms
  RUN js-fuzzer-boundary-2f35f880f964.js [9605/10000] md5=2f35f880f96468b375c4e71feba05308 bytes=113 template=boundary origin=boundary:1
 PASS js-fuzzer-boundary-2f35f880f964.js [9605/10000] status=ok obs=c4ca4238a0b9 coverage=+0/32/38 time=1ms
  RUN js-fuzzer-loop-55c7c905bffb.js [9606/10000] md5=55c7c905bffb4bbbc4c8fb9b91df6ad8 bytes=81 template=loop origin=seed:tests/corpus/fixtures/state-machine-workflow.test.js
 PASS js-fuzzer-loop-55c7c905bffb.js [9606/10000] status=ok obs=eccbc87e4b5c coverage=+0/32/38 time=2ms
  RUN js-fuzzer-try-catch-8d9c7d254dda.js [9607/10000] md5=8d9c7d254ddaafdc283e844d5d9a6231 bytes=109 template=try-catch origin=seed:tests/corpus/fixtures/vue-script-workflow.test.vue
 PASS js-fuzzer-try-catch-8d9c7d254dda.js [9607/10000] status=ok obs=a87ff679a2f3 coverage=+0/32/38 time=2ms
  RUN js-fuzzer-class-ff7d9ca3da86.js [9608/10000] md5=ff7d9ca3da86b49917ac34b4d48e8df9 bytes=101 template=class origin=seed:tests/corpus/obfuscation/constant-tag-mix.test.js
 PASS js-fuzzer-class-ff7d9ca3da86.js [9608/10000] status=ok obs=c20ad4d76fe9 coverage=+0/32/38 time=1ms
  RUN js-fuzzer-arithmetic-daa58014222c.js [9609/10000] md5=daa58014222cbf73407a7106acd7ffd4 bytes=84 template=arithmetic origin=seed:tests/corpus/obfuscation/extern-slot-permutation.test.js
 PASS js-fuzzer-arithmetic-daa58014222c.js [9609/10000] status=ok obs=73278a4a8696 coverage=+0/32/38 time=2ms
  RUN js-fuzzer-function-805986a3b478.js [9610/10000] md5=805986a3b4784e72cf43592e25340692 bytes=153 template=function origin=seed:tests/corpus/obfuscation/externs-console.test.js
 PASS js-fuzzer-function-805986a3b478.js [9610/10000] status=ok obs=c51ce410c124 coverage=+0/32/38 time=2ms
  RUN js-fuzzer-array-object-363d724aece6.js [9611/10000] md5=363d724aece68423c43b254e92e15c87 bytes=133 template=array-object origin=seed:tests/corpus/obfuscation/seed-sensitive-functions.test.js
 PASS js-fuzzer-array-object-363d724aece6.js [9611/10000] status=ok obs=d3d9446802a4 coverage=+0/32/38 time=2ms
  RUN js-fuzzer-boundary-6aec0a9b1ff4.js [9612/10000] md5=6aec0a9b1ff4294bcfecb539ba7e660b bytes=129 template=boundary origin=boundary:-9007199254740991
 PASS js-fuzzer-boundary-6aec0a9b1ff4.js [9612/10000] status=ok obs=b3f3a95848f6 coverage=+0/32/38 time=2ms
  RUN js-fuzzer-corpus-ad9ed8746461.js [9613/10000] md5=ad9ed87464611c6dd81b04b3754c760c bytes=214 template=corpus origin=tests/corpus/regressions/multiple-functions-fib-add.test.js
 PASS js-fuzzer-corpus-ad9ed8746461.js [9613/10000] status=ok obs=3c59dc048e88 coverage=+0/32/38 time=4ms
  RUN js-fuzzer-loop-f495ca2fc638.js [9614/10000] md5=f495ca2fc6389f933578fc501f5b1465 bytes=81 template=loop origin=seed:tests/corpus/regressions/scope-compressed-closure-params.test.js
 PASS js-fuzzer-loop-f495ca2fc638.js [9614/10000] status=ok obs=c4ca4238a0b9 coverage=+0/32/38 time=1ms
  RUN js-fuzzer-try-catch-14bcb064f014.js [9615/10000] md5=14bcb064f014dbe91c2010889dcaa2c0 bytes=110 template=try-catch origin=seed:tests/corpus/runtime/arrays-objects-methods.test.js
 PASS js-fuzzer-try-catch-14bcb064f014.js [9615/10000] status=ok obs=c0c7c76d30bd coverage=+0/32/38 time=2ms
  RUN js-fuzzer-class-5baf4bed5db4.js [9616/10000] md5=5baf4bed5db4f8205173226efc8fff73 bytes=101 template=class origin=seed:tests/corpus/runtime/block-scopes.test.js
 PASS js-fuzzer-class-5baf4bed5db4.js [9616/10000] status=ok obs=6f4922f45568 coverage=+0/32/38 time=64ms
  RUN js-fuzzer-arithmetic-107e3d99718d.js [9617/10000] md5=107e3d99718d68e5c2e203326e31a52d bytes=85 template=arithmetic origin=seed:tests/corpus/runtime/class-fields-static-methods.test.js
 PASS js-fuzzer-arithmetic-107e3d99718d.js [9617/10000] status=ok obs=2838023a778d coverage=+0/32/38 time=15ms
  RUN js-fuzzer-function-c472354a037a.js [9618/10000] md5=c472354a037a48d197cd60b4e04af6e0 bytes=153 template=function origin=seed:tests/corpus/runtime/classes-and-objects.test.js
 PASS js-fuzzer-function-c472354a037a.js [9618/10000] status=ok obs=02e74f10e032 coverage=+0/32/38 time=16ms
  RUN js-fuzzer-boundary-205872a6e44c.js [9619/10000] md5=205872a6e44c1ea0cf94554af934fb09 bytes=123 template=boundary origin=boundary:-2147483648
 PASS js-fuzzer-boundary-205872a6e44c.js [9619/10000] status=ok obs=034ff5946105 coverage=+0/32/38 time=4ms
  RUN js-fuzzer-closure-f67d9c6560b8.js [9620/10000] md5=f67d9c6560b814d652eec5231ed9b926 bytes=184 template=closure origin=seed:tests/corpus/runtime/closures-read-captured-values.test.js
 PASS js-fuzzer-closure-f67d9c6560b8.js [9620/10000] status=ok obs=b53b3a3d6ab9 coverage=+0/32/38 time=2ms
  RUN js-fuzzer-block-scope-22350315fdba.js [9621/10000] md5=22350315fdba97efbf9aea25de3706e4 bytes=114 template=block-scope origin=seed:tests/corpus/runtime/exceptions-and-nullish.test.js
 PASS js-fuzzer-block-scope-22350315fdba.js [9621/10000] status=ok obs=2723d092b638 coverage=+0/32/38 time=3ms
  RUN js-fuzzer-corpus-72746d071c58.js [9622/10000] md5=72746d071c58fadd9399bc8934c30553 bytes=197 template=corpus origin=tests/corpus/runtime/functions-closures-and-arrows.test.js
 PASS js-fuzzer-corpus-72746d071c58.js [9622/10000] status=ok obs=c74d97b01eae coverage=+0/32/38 time=3ms
  RUN js-fuzzer-try-catch-7b36a94abb6d.js [9623/10000] md5=7b36a94abb6ddf002e9dd3f3d3a0cea5 bytes=110 template=try-catch origin=seed:tests/corpus/runtime/lexical-shadowing.test.js
 PASS js-fuzzer-try-catch-7b36a94abb6d.js [9623/10000] status=ok obs=37693cfc7480 coverage=+0/32/38 time=19ms
  RUN js-fuzzer-class-ff7d9ca3da86.js [9624/10000] md5=ff7d9ca3da86b49917ac34b4d48e8df9 bytes=101 template=class origin=seed:tests/corpus/runtime/modules-export.test.js
 PASS js-fuzzer-class-ff7d9ca3da86.js [9624/10000] status=ok obs=c20ad4d76fe9 coverage=+0/32/38 time=3ms
  RUN js-fuzzer-arithmetic-62b38f2707c9.js [9625/10000] md5=62b38f2707c9a1cc1ee029831ac5bdab bytes=83 template=arithmetic origin=seed:tests/corpus/runtime/nested-try-finally.test.js
 PASS js-fuzzer-arithmetic-62b38f2707c9.js [9625/10000] status=ok obs=fe9fc289c3ff coverage=+0/32/38 time=2ms
  RUN js-fuzzer-boundary-4ae25cb2e150.js [9626/10000] md5=4ae25cb2e15083bfca9f6b81b3f9f24b bytes=114 template=boundary origin=boundary:-2
 PASS js-fuzzer-boundary-4ae25cb2e150.js [9626/10000] status=ok obs=5d7b9adcbe1c coverage=+0/32/38 time=2ms
  RUN js-fuzzer-array-object-ee708c3ba2a3.js [9627/10000] md5=ee708c3ba2a33d7012d8bf129aea4ef6 bytes=133 template=array-object origin=seed:tests/corpus/syntax/logical-unary-nullish.test.js
 PASS js-fuzzer-array-object-ee708c3ba2a3.js [9627/10000] status=ok obs=9bf31c7ff062 coverage=+0/32/38 time=1ms
  RUN js-fuzzer-closure-1e4bddd122cc.js [9628/10000] md5=1e4bddd122cce8469435c185cf019c5e bytes=184 template=closure origin=seed:tests/corpus/syntax/object-destructure-and-members.test.js
 PASS js-fuzzer-closure-1e4bddd122cc.js [9628/10000] status=ok obs=7f39f8317fbd coverage=+0/32/38 time=2ms
  RUN js-fuzzer-block-scope-32ac216b7324.js [9629/10000] md5=32ac216b7324d05afa8a5e5ef1ba6b62 bytes=114 template=block-scope origin=seed:tests/corpus/syntax/switch-do-while-sequence.test.js
 PASS js-fuzzer-block-scope-32ac216b7324.js [9629/10000] status=ok obs=38b3eff8baf5 coverage=+0/32/38 time=2ms
  RUN js-fuzzer-loop-bbf1d7a15d8d.js [9630/10000] md5=bbf1d7a15d8dd015402d75c0e0108b5f bytes=81 template=loop origin=seed:tests/corpus/syntax/template-array-destructure.test.js
 PASS js-fuzzer-loop-bbf1d7a15d8d.js [9630/10000] status=ok obs=1679091c5a88 coverage=+0/32/38 time=2ms
  RUN js-fuzzer-corpus-57a83a4b020d.js [9631/10000] md5=57a83a4b020d4b85b42b0a3709f283ad bytes=130 template=corpus origin=tests/corpus/syntax/typescript-assertions.test.ts
 PASS js-fuzzer-corpus-57a83a4b020d.js [9631/10000] status=ok obs=45c48cce2e2d coverage=+0/32/38 time=1ms
  RUN js-fuzzer-class-587587295e00.js [9632/10000] md5=587587295e0075a0a19c4572e53274fe bytes=101 template=class origin=seed:tests/corpus/syntax/typescript-non-null-satisfies.test.ts
 PASS js-fuzzer-class-587587295e00.js [9632/10000] status=ok obs=1f0e3dad9990 coverage=+0/32/38 time=2ms
  RUN js-fuzzer-boundary-7f379f781f4f.js [9633/10000] md5=7f379f781f4f9844733fb0f4c5d8aa15 bytes=114 template=boundary origin=boundary:-1
 PASS js-fuzzer-boundary-7f379f781f4f.js [9633/10000] status=ok obs=6bb61e3b7bce coverage=+0/32/38 time=2ms
  RUN js-fuzzer-function-be199ff518ed.js [9634/10000] md5=be199ff518edad2305aebc8ea703ea8f bytes=153 template=function origin=seed:tests/corpus/fixtures/state-machine-workflow.test.js
 PASS js-fuzzer-function-be199ff518ed.js [9634/10000] status=ok obs=a87ff679a2f3 coverage=+0/32/38 time=1ms
  RUN js-fuzzer-array-object-99525bc73b79.js [9635/10000] md5=99525bc73b792e35edf874005a53982a bytes=133 template=array-object origin=seed:tests/corpus/fixtures/vue-script-workflow.test.vue
 PASS js-fuzzer-array-object-99525bc73b79.js [9635/10000] status=ok obs=c74d97b01eae coverage=+0/32/38 time=2ms
  RUN js-fuzzer-closure-629503ecfb22.js [9636/10000] md5=629503ecfb22566333f53e116bc1e14e bytes=184 template=closure origin=seed:tests/corpus/obfuscation/constant-tag-mix.test.js
 PASS js-fuzzer-closure-629503ecfb22.js [9636/10000] status=ok obs=735b90b45681 coverage=+0/32/38 time=2ms
  RUN js-fuzzer-block-scope-81ca0cfe74d9.js [9637/10000] md5=81ca0cfe74d9ffb22aa3c0c8e9d9e407 bytes=115 template=block-scope origin=seed:tests/corpus/obfuscation/extern-slot-permutation.test.js
 PASS js-fuzzer-block-scope-81ca0cfe74d9.js [9637/10000] status=ok obs=5f93f983524d coverage=+0/32/38 time=1ms
  RUN js-fuzzer-loop-54e460cecf5c.js [9638/10000] md5=54e460cecf5c05dfcffaa3b2e5f57445 bytes=81 template=loop origin=seed:tests/corpus/obfuscation/externs-console.test.js
 PASS js-fuzzer-loop-54e460cecf5c.js [9638/10000] status=ok obs=d3d9446802a4 coverage=+0/32/38 time=2ms
  RUN js-fuzzer-try-catch-b442aa263f12.js [9639/10000] md5=b442aa263f129fb627b483e77db700ad bytes=110 template=try-catch origin=seed:tests/corpus/obfuscation/seed-sensitive-functions.test.js
 PASS js-fuzzer-try-catch-b442aa263f12.js [9639/10000] status=ok obs=c20ad4d76fe9 coverage=+0/32/38 time=1ms
  RUN js-fuzzer-corpus-79643e915862.js [9640/10000] md5=79643e91586251700d34c0c65a0220da bytes=89 template=corpus origin=tests/corpus/regressions/destructuring-lowers-to-member.test.js
 PASS js-fuzzer-corpus-79643e915862.js [9640/10000] status=ok obs=eccbc87e4b5c coverage=+0/32/38 time=2ms
  RUN js-fuzzer-arithmetic-5ab0133d5ab9.js [9641/10000] md5=5ab0133d5ab939a3de511cb726f5fb28 bytes=84 template=arithmetic origin=seed:tests/corpus/regressions/multiple-functions-fib-add.test.js
 PASS js-fuzzer-arithmetic-5ab0133d5ab9.js [9641/10000] status=ok obs=d1c38a09acc3 coverage=+0/32/38 time=2ms
  RUN js-fuzzer-function-e04598e59cc1.js [9642/10000] md5=e04598e59cc109c5f5c20638fe37a892 bytes=153 template=function origin=seed:tests/corpus/regressions/scope-compressed-closure-params.test.js
 PASS js-fuzzer-function-e04598e59cc1.js [9642/10000] status=ok obs=d3d9446802a4 coverage=+0/32/38 time=1ms
  RUN js-fuzzer-array-object-457f779882c2.js [9643/10000] md5=457f779882c2432ce8d4a31fb85aa44d bytes=133 template=array-object origin=seed:tests/corpus/runtime/arrays-objects-methods.test.js
 PASS js-fuzzer-array-object-457f779882c2.js [9643/10000] status=ok obs=c9f0f895fb98 coverage=+0/32/38 time=2ms
  RUN js-fuzzer-closure-7a4d82a4cefb.js [9644/10000] md5=7a4d82a4cefb1c31faba04da378407c5 bytes=184 template=closure origin=seed:tests/corpus/runtime/block-scopes.test.js
 PASS js-fuzzer-closure-7a4d82a4cefb.js [9644/10000] status=ok obs=37693cfc7480 coverage=+0/32/38 time=2ms
  RUN js-fuzzer-block-scope-2c10bbc428db.js [9645/10000] md5=2c10bbc428db4200e64caddad48be0c3 bytes=114 template=block-scope origin=seed:tests/corpus/runtime/class-fields-static-methods.test.js
 PASS js-fuzzer-block-scope-2c10bbc428db.js [9645/10000] status=ok obs=38b3eff8baf5 coverage=+0/32/38 time=1ms
  RUN js-fuzzer-loop-f495ca2fc638.js [9646/10000] md5=f495ca2fc6389f933578fc501f5b1465 bytes=81 template=loop origin=seed:tests/corpus/runtime/classes-and-objects.test.js
 PASS js-fuzzer-loop-f495ca2fc638.js [9646/10000] status=ok obs=c4ca4238a0b9 coverage=+0/32/38 time=2ms
  RUN js-fuzzer-boundary-83aee5cf07de.js [9647/10000] md5=83aee5cf07deb9d5ce59aec8aff7a227 bytes=128 template=boundary origin=boundary:9007199254740991
 PASS js-fuzzer-boundary-83aee5cf07de.js [9647/10000] status=ok obs=8bfa9ad090fb coverage=+0/32/38 time=1ms
  RUN js-fuzzer-class-47fbd3db5853.js [9648/10000] md5=47fbd3db58539fc2e42627a4f3168c79 bytes=101 template=class origin=seed:tests/corpus/runtime/closures-read-captured-values.test.js
 PASS js-fuzzer-class-47fbd3db5853.js [9648/10000] status=ok obs=98f137082101 coverage=+0/32/38 time=2ms
  RUN js-fuzzer-corpus-cf8fb96e8476.js [9649/10000] md5=cf8fb96e8476c262b73583c86dd80821 bytes=178 template=corpus origin=tests/corpus/runtime/exceptions-and-nullish.test.js
 PASS js-fuzzer-corpus-cf8fb96e8476.js [9649/10000] status=ok obs=24ed5e8718fc coverage=+0/32/38 time=2ms
  RUN js-fuzzer-function-0b0d1f5ee746.js [9650/10000] md5=0b0d1f5ee746281ffbedfb7f7f4c45bc bytes=153 template=function origin=seed:tests/corpus/runtime/functions-closures-and-arrows.test.js
 PASS js-fuzzer-function-0b0d1f5ee746.js [9650/10000] status=ok obs=e4da3b7fbbce coverage=+0/32/38 time=1ms
  RUN js-fuzzer-array-object-182ae0448bec.js [9651/10000] md5=182ae0448bec462f5a2d85efc72d28d0 bytes=133 template=array-object origin=seed:tests/corpus/runtime/lexical-shadowing.test.js
 PASS js-fuzzer-array-object-182ae0448bec.js [9651/10000] status=ok obs=c51ce410c124 coverage=+0/32/38 time=2ms
  RUN js-fuzzer-closure-9479932d301a.js [9652/10000] md5=9479932d301a94f4a3a7b9eb7ac7be96 bytes=183 template=closure origin=seed:tests/corpus/runtime/modules-export.test.js
 PASS js-fuzzer-closure-9479932d301a.js [9652/10000] status=ok obs=3c59dc048e88 coverage=+0/32/38 time=2ms
  RUN js-fuzzer-block-scope-94c02c5f9dd5.js [9653/10000] md5=94c02c5f9dd5a71f193fc5bdc917b6b5 bytes=114 template=block-scope origin=seed:tests/corpus/runtime/nested-try-finally.test.js
 PASS js-fuzzer-block-scope-94c02c5f9dd5.js [9653/10000] status=ok obs=6974ce5ac660 coverage=+0/32/38 time=1ms
  RUN js-fuzzer-boundary-5c12d757f0dd.js [9654/10000] md5=5c12d757f0ddd5c6b1207b14fb1e8d0c bytes=122 template=boundary origin=boundary:2147483647
 PASS js-fuzzer-boundary-5c12d757f0dd.js [9654/10000] status=ok obs=c588c0a459f4 coverage=+0/32/38 time=2ms
  RUN js-fuzzer-try-catch-6c711f8bb184.js [9655/10000] md5=6c711f8bb184c228d8b20d70b1aabb73 bytes=109 template=try-catch origin=seed:tests/corpus/syntax/logical-unary-nullish.test.js
 PASS js-fuzzer-try-catch-6c711f8bb184.js [9655/10000] status=ok obs=1679091c5a88 coverage=+0/32/38 time=1ms
  RUN js-fuzzer-class-1fb70654253d.js [9656/10000] md5=1fb70654253d944404805630039f463c bytes=101 template=class origin=seed:tests/corpus/syntax/object-destructure-and-members.test.js
 PASS js-fuzzer-class-1fb70654253d.js [9656/10000] status=ok obs=c51ce410c124 coverage=+0/32/38 time=2ms
  RUN js-fuzzer-arithmetic-2f992542a809.js [9657/10000] md5=2f992542a80927ecbce1cc17073bc78a bytes=84 template=arithmetic origin=seed:tests/corpus/syntax/switch-do-while-sequence.test.js
 PASS js-fuzzer-arithmetic-2f992542a809.js [9657/10000] status=ok obs=7647966b7343 coverage=+0/32/38 time=2ms
  RUN js-fuzzer-corpus-ff388659a641.js [9658/10000] md5=ff388659a6419d1e6e01ce4e7151a52e bytes=135 template=corpus origin=tests/corpus/syntax/template-array-destructure.test.js
 PASS js-fuzzer-corpus-ff388659a641.js [9658/10000] status=ok obs=f61c9a8be43c coverage=+0/32/38 time=1ms
  RUN js-fuzzer-array-object-4d322a4753c6.js [9659/10000] md5=4d322a4753c692b0d9135ecc13d2af17 bytes=133 template=array-object origin=seed:tests/corpus/syntax/typescript-assertions.test.ts
 PASS js-fuzzer-array-object-4d322a4753c6.js [9659/10000] status=ok obs=9bf31c7ff062 coverage=+0/32/38 time=2ms
  RUN js-fuzzer-closure-8998d61c7527.js [9660/10000] md5=8998d61c752711dda145b02c4376e516 bytes=184 template=closure origin=seed:tests/corpus/syntax/typescript-non-null-satisfies.test.ts
 PASS js-fuzzer-closure-8998d61c7527.js [9660/10000] status=ok obs=b53b3a3d6ab9 coverage=+0/32/38 time=1ms
  RUN js-fuzzer-boundary-85faf3787c26.js [9661/10000] md5=85faf3787c26ca3bad9215a544873988 bytes=113 template=boundary origin=boundary:2
 PASS js-fuzzer-boundary-85faf3787c26.js [9661/10000] status=ok obs=c81e728d9d4c coverage=+0/32/38 time=2ms
  RUN js-fuzzer-loop-d35707ad0bf7.js [9662/10000] md5=d35707ad0bf74148f671ad8943998af6 bytes=81 template=loop origin=seed:tests/corpus/fixtures/state-machine-workflow.test.js
 PASS js-fuzzer-loop-d35707ad0bf7.js [9662/10000] status=ok obs=9bf31c7ff062 coverage=+0/32/38 time=2ms
  RUN js-fuzzer-try-catch-6c711f8bb184.js [9663/10000] md5=6c711f8bb184c228d8b20d70b1aabb73 bytes=109 template=try-catch origin=seed:tests/corpus/fixtures/vue-script-workflow.test.vue
 PASS js-fuzzer-try-catch-6c711f8bb184.js [9663/10000] status=ok obs=1679091c5a88 coverage=+0/32/38 time=1ms
  RUN js-fuzzer-class-1fb70654253d.js [9664/10000] md5=1fb70654253d944404805630039f463c bytes=101 template=class origin=seed:tests/corpus/obfuscation/constant-tag-mix.test.js
 PASS js-fuzzer-class-1fb70654253d.js [9664/10000] status=ok obs=c51ce410c124 coverage=+0/32/38 time=2ms
  RUN js-fuzzer-arithmetic-e77363ffd39a.js [9665/10000] md5=e77363ffd39a7547e69f93f39958a7ec bytes=83 template=arithmetic origin=seed:tests/corpus/obfuscation/extern-slot-permutation.test.js
 PASS js-fuzzer-arithmetic-e77363ffd39a.js [9665/10000] status=ok obs=c74d97b01eae coverage=+0/32/38 time=1ms
  RUN js-fuzzer-function-d9597d28535f.js [9666/10000] md5=d9597d28535fd2b10f5ca10cf87a7bb6 bytes=153 template=function origin=seed:tests/corpus/obfuscation/externs-console.test.js
 PASS js-fuzzer-function-d9597d28535f.js [9666/10000] status=ok obs=6f4922f45568 coverage=+0/32/38 time=2ms
  RUN js-fuzzer-corpus-38ba19d9deb7.js [9667/10000] md5=38ba19d9deb7566cc8a420c27ada3f21 bytes=136 template=corpus origin=tests/corpus/obfuscation/seed-sensitive-functions.test.js
 PASS js-fuzzer-corpus-38ba19d9deb7.js [9667/10000] status=ok obs=a5bfc9e07964 coverage=+0/32/38 time=1ms
  RUN js-fuzzer-boundary-3ca041277ff0.js [9668/10000] md5=3ca041277ff0c3edafc1a1dcaf120940 bytes=113 template=boundary origin=boundary:1
 PASS js-fuzzer-boundary-3ca041277ff0.js [9668/10000] status=ok obs=c4ca4238a0b9 coverage=+0/32/38 time=2ms
  RUN js-fuzzer-block-scope-16ac37f9479a.js [9669/10000] md5=16ac37f9479a83404389f15ef4293fd8 bytes=114 template=block-scope origin=seed:tests/corpus/regressions/multiple-functions-fib-add.test.js
 PASS js-fuzzer-block-scope-16ac37f9479a.js [9669/10000] status=ok obs=f0935e4cd592 coverage=+0/32/38 time=1ms
  RUN js-fuzzer-loop-f495ca2fc638.js [9670/10000] md5=f495ca2fc6389f933578fc501f5b1465 bytes=81 template=loop origin=seed:tests/corpus/regressions/scope-compressed-closure-params.test.js
 PASS js-fuzzer-loop-f495ca2fc638.js [9670/10000] status=ok obs=c4ca4238a0b9 coverage=+0/32/38 time=2ms
  RUN js-fuzzer-try-catch-18b0b31fe014.js [9671/10000] md5=18b0b31fe014e787990869dd8a5ff18b bytes=110 template=try-catch origin=seed:tests/corpus/runtime/arrays-objects-methods.test.js
 PASS js-fuzzer-try-catch-18b0b31fe014.js [9671/10000] status=ok obs=aab3238922bc coverage=+0/32/38 time=1ms
  RUN js-fuzzer-class-d2b3669b495d.js [9672/10000] md5=d2b3669b495dd4792f9e1509f2bbf8a7 bytes=100 template=class origin=seed:tests/corpus/runtime/block-scopes.test.js
 PASS js-fuzzer-class-d2b3669b495d.js [9672/10000] status=ok obs=eccbc87e4b5c coverage=+0/32/38 time=2ms
  RUN js-fuzzer-arithmetic-af1e039aa901.js [9673/10000] md5=af1e039aa901db2ac50efedea52a25b0 bytes=85 template=arithmetic origin=seed:tests/corpus/runtime/class-fields-static-methods.test.js
 PASS js-fuzzer-arithmetic-af1e039aa901.js [9673/10000] status=ok obs=0266e33d3f54 coverage=+0/32/38 time=1ms
  RUN js-fuzzer-function-c6a41e639682.js [9674/10000] md5=c6a41e6396823bcfa91e05b3a10b01c0 bytes=153 template=function origin=seed:tests/corpus/runtime/classes-and-objects.test.js
 PASS js-fuzzer-function-c6a41e639682.js [9674/10000] status=ok obs=1f0e3dad9990 coverage=+0/32/38 time=2ms
  RUN js-fuzzer-boundary-37492c99ff33.js [9675/10000] md5=37492c99ff33e9d5e09e0b8e84ba785a bytes=129 template=boundary origin=boundary:-9007199254740991
 PASS js-fuzzer-boundary-37492c99ff33.js [9675/10000] status=ok obs=b3f3a95848f6 coverage=+0/32/38 time=2ms
  RUN js-fuzzer-corpus-08bc93bf5789.js [9676/10000] md5=08bc93bf57897bc88ce7161fe56cd099 bytes=169 template=corpus origin=tests/corpus/runtime/closures-read-captured-values.test.js
 PASS js-fuzzer-corpus-08bc93bf5789.js [9676/10000] status=ok obs=02e74f10e032 coverage=+0/32/38 time=2ms
  RUN js-fuzzer-block-scope-ac3d07b5f6a1.js [9677/10000] md5=ac3d07b5f6a1ed4b926dc8df94f557f2 bytes=114 template=block-scope origin=seed:tests/corpus/runtime/exceptions-and-nullish.test.js
 PASS js-fuzzer-block-scope-ac3d07b5f6a1.js [9677/10000] status=ok obs=a3c65c297427 coverage=+0/32/38 time=1ms
  RUN js-fuzzer-loop-b88258462a8d.js [9678/10000] md5=b88258462a8d880f8b0e459fa23b2536 bytes=81 template=loop origin=seed:tests/corpus/runtime/functions-closures-and-arrows.test.js
 PASS js-fuzzer-loop-b88258462a8d.js [9678/10000] status=ok obs=3c59dc048e88 coverage=+0/32/38 time=2ms
  RUN js-fuzzer-try-catch-f457fe0c144d.js [9679/10000] md5=f457fe0c144d86e31ce7ae86f7f5c357 bytes=110 template=try-catch origin=seed:tests/corpus/runtime/lexical-shadowing.test.js
 PASS js-fuzzer-try-catch-f457fe0c144d.js [9679/10000] status=ok obs=67c6a1e7ce56 coverage=+0/32/38 time=1ms
  RUN js-fuzzer-class-b1e3642c0208.js [9680/10000] md5=b1e3642c0208992266fb21668a536292 bytes=100 template=class origin=seed:tests/corpus/runtime/modules-export.test.js
 PASS js-fuzzer-class-b1e3642c0208.js [9680/10000] status=ok obs=c9f0f895fb98 coverage=+0/32/38 time=2ms
  RUN js-fuzzer-arithmetic-36baf4cb4372.js [9681/10000] md5=36baf4cb4372115afeb7161b40904dbd bytes=85 template=arithmetic origin=seed:tests/corpus/runtime/nested-try-finally.test.js
 PASS js-fuzzer-arithmetic-36baf4cb4372.js [9681/10000] status=ok obs=091d584fced3 coverage=+0/32/38 time=1ms
  RUN js-fuzzer-boundary-512d8e9b531d.js [9682/10000] md5=512d8e9b531dd316e823325cc949e70e bytes=123 template=boundary origin=boundary:-2147483648
 PASS js-fuzzer-boundary-512d8e9b531d.js [9682/10000] status=ok obs=034ff5946105 coverage=+0/32/38 time=1ms
  RUN js-fuzzer-array-object-89a63fdd174d.js [9683/10000] md5=89a63fdd174d068c8969d57dd9209ad6 bytes=133 template=array-object origin=seed:tests/corpus/syntax/logical-unary-nullish.test.js
 PASS js-fuzzer-array-object-89a63fdd174d.js [9683/10000] status=ok obs=6512bd43d9ca coverage=+0/32/38 time=2ms
  RUN js-fuzzer-closure-b3150db307e7.js [9684/10000] md5=b3150db307e73d214ce02d91550cb537 bytes=185 template=closure origin=seed:tests/corpus/syntax/object-destructure-and-members.test.js
 PASS js-fuzzer-closure-b3150db307e7.js [9684/10000] status=ok obs=7f39f8317fbd coverage=+0/32/38 time=1ms
  RUN js-fuzzer-corpus-2aed353a2d20.js [9685/10000] md5=2aed353a2d200d64cbaf7beb40face20 bytes=275 template=corpus origin=tests/corpus/syntax/switch-do-while-sequence.test.js
 PASS js-fuzzer-corpus-2aed353a2d20.js [9685/10000] status=ok obs=6f4922f45568 coverage=+0/32/38 time=2ms
  RUN js-fuzzer-loop-55c7c905bffb.js [9686/10000] md5=55c7c905bffb4bbbc4c8fb9b91df6ad8 bytes=81 template=loop origin=seed:tests/corpus/syntax/template-array-destructure.test.js
 PASS js-fuzzer-loop-55c7c905bffb.js [9686/10000] status=ok obs=eccbc87e4b5c coverage=+0/32/38 time=2ms
  RUN js-fuzzer-try-catch-dd0b1ef9b53e.js [9687/10000] md5=dd0b1ef9b53e3ee92bf7cc86c8d4101e bytes=110 template=try-catch origin=seed:tests/corpus/syntax/typescript-assertions.test.ts
 PASS js-fuzzer-try-catch-dd0b1ef9b53e.js [9687/10000] status=ok obs=642e92efb794 coverage=+0/32/38 time=1ms
  RUN js-fuzzer-class-6736c24444bc.js [9688/10000] md5=6736c24444bc6ff151b05a9a974ae4d5 bytes=100 template=class origin=seed:tests/corpus/syntax/typescript-non-null-satisfies.test.ts
 PASS js-fuzzer-class-6736c24444bc.js [9688/10000] status=ok obs=45c48cce2e2d coverage=+0/32/38 time=2ms
  RUN js-fuzzer-boundary-92df4f5b559a.js [9689/10000] md5=92df4f5b559a550058b4133ffb629932 bytes=114 template=boundary origin=boundary:-2
 PASS js-fuzzer-boundary-92df4f5b559a.js [9689/10000] status=ok obs=5d7b9adcbe1c coverage=+0/32/38 time=2ms
  RUN js-fuzzer-function-17ab2ee95112.js [9690/10000] md5=17ab2ee95112b813f54b3d07b24c1dbd bytes=153 template=function origin=seed:tests/corpus/fixtures/state-machine-workflow.test.js
 PASS js-fuzzer-function-17ab2ee95112.js [9690/10000] status=ok obs=b6d767d2f8ed coverage=+0/32/38 time=2ms
  RUN js-fuzzer-array-object-e5c3d87d2418.js [9691/10000] md5=e5c3d87d2418d1960f36fcbe9cfafe86 bytes=133 template=array-object origin=seed:tests/corpus/fixtures/vue-script-workflow.test.vue
 PASS js-fuzzer-array-object-e5c3d87d2418.js [9691/10000] status=ok obs=9bf31c7ff062 coverage=+0/32/38 time=1ms
  RUN js-fuzzer-closure-459d952b3e03.js [9692/10000] md5=459d952b3e033a62e8d7b60fb60a6e71 bytes=184 template=closure origin=seed:tests/corpus/obfuscation/constant-tag-mix.test.js
 PASS js-fuzzer-closure-459d952b3e03.js [9692/10000] status=ok obs=6c8349cc7260 coverage=+0/32/38 time=2ms
  RUN js-fuzzer-block-scope-3648e9b149c9.js [9693/10000] md5=3648e9b149c94870a2d1c04870d0b9d9 bytes=115 template=block-scope origin=seed:tests/corpus/obfuscation/extern-slot-permutation.test.js
 PASS js-fuzzer-block-scope-3648e9b149c9.js [9693/10000] status=ok obs=5f93f983524d coverage=+0/32/38 time=2ms
  RUN js-fuzzer-corpus-efd663ac427b.js [9694/10000] md5=efd663ac427b5ca270b2f8b928c902bf bytes=112 template=corpus origin=tests/corpus/obfuscation/externs-console.test.js
 PASS js-fuzzer-corpus-efd663ac427b.js [9694/10000] status=ok obs=d289993e39c8 coverage=+0/32/38 time=1ms
  RUN js-fuzzer-try-catch-18b0b31fe014.js [9695/10000] md5=18b0b31fe014e787990869dd8a5ff18b bytes=110 template=try-catch origin=seed:tests/corpus/obfuscation/seed-sensitive-functions.test.js
 PASS js-fuzzer-try-catch-18b0b31fe014.js [9695/10000] status=ok obs=aab3238922bc coverage=+0/32/38 time=2ms
  RUN js-fuzzer-boundary-7f379f781f4f.js [9696/10000] md5=7f379f781f4f9844733fb0f4c5d8aa15 bytes=114 template=boundary origin=boundary:-1
 PASS js-fuzzer-boundary-7f379f781f4f.js [9696/10000] status=ok obs=6bb61e3b7bce coverage=+0/32/38 time=1ms
  RUN js-fuzzer-arithmetic-7195a818c32b.js [9697/10000] md5=7195a818c32b4563d6d39743b3d18aba bytes=84 template=arithmetic origin=seed:tests/corpus/regressions/multiple-functions-fib-add.test.js
 PASS js-fuzzer-arithmetic-7195a818c32b.js [9697/10000] status=ok obs=9b8619251a19 coverage=+0/32/38 time=2ms
  RUN js-fuzzer-function-1bdd3cdc8039.js [9698/10000] md5=1bdd3cdc8039303572ffd714360b1f25 bytes=153 template=function origin=seed:tests/corpus/regressions/scope-compressed-closure-params.test.js
 PASS js-fuzzer-function-1bdd3cdc8039.js [9698/10000] status=ok obs=37693cfc7480 coverage=+0/32/38 time=2ms
  RUN js-fuzzer-array-object-30b63a9d053c.js [9699/10000] md5=30b63a9d053c3fab48c889e9f0755da6 bytes=133 template=array-object origin=seed:tests/corpus/runtime/arrays-objects-methods.test.js
 PASS js-fuzzer-array-object-30b63a9d053c.js [9699/10000] status=ok obs=1679091c5a88 coverage=+0/32/38 time=2ms
  RUN js-fuzzer-closure-afcd8b3c7577.js [9700/10000] md5=afcd8b3c7577bff30d16bcbc5bf52c12 bytes=184 template=closure origin=seed:tests/corpus/runtime/block-scopes.test.js
 PASS js-fuzzer-closure-afcd8b3c7577.js [9700/10000] status=ok obs=093f65e080a2 coverage=+0/32/38 time=2ms
  RUN js-fuzzer-block-scope-8b924cbd63e3.js [9701/10000] md5=8b924cbd63e3172c8da94d8733d45d0f bytes=114 template=block-scope origin=seed:tests/corpus/runtime/class-fields-static-methods.test.js
 PASS js-fuzzer-block-scope-8b924cbd63e3.js [9701/10000] status=ok obs=a3c65c297427 coverage=+0/32/38 time=1ms
  RUN js-fuzzer-loop-55c7c905bffb.js [9702/10000] md5=55c7c905bffb4bbbc4c8fb9b91df6ad8 bytes=81 template=loop origin=seed:tests/corpus/runtime/classes-and-objects.test.js
 PASS js-fuzzer-loop-55c7c905bffb.js [9702/10000] status=ok obs=eccbc87e4b5c coverage=+0/32/38 time=2ms
  RUN js-fuzzer-corpus-ddcb99247fc8.js [9703/10000] md5=ddcb99247fc847c897b97c6bd6512b9f bytes=217 template=corpus origin=tests/corpus/runtime/closures-mutate-captured-bindings.test.js
 PASS js-fuzzer-corpus-ddcb99247fc8.js [9703/10000] status=ok obs=e4da3b7fbbce coverage=+0/32/38 time=2ms
  RUN js-fuzzer-class-a9875f561daf.js [9704/10000] md5=a9875f561daf181d949c68fc070db0e0 bytes=101 template=class origin=seed:tests/corpus/runtime/closures-read-captured-values.test.js
 PASS js-fuzzer-class-a9875f561daf.js [9704/10000] status=ok obs=aab3238922bc coverage=+0/32/38 time=1ms
  RUN js-fuzzer-arithmetic-c3dea4335a1f.js [9705/10000] md5=c3dea4335a1f24a88d2ebbd4de8e5d64 bytes=84 template=arithmetic origin=seed:tests/corpus/runtime/exceptions-and-nullish.test.js
 PASS js-fuzzer-arithmetic-c3dea4335a1f.js [9705/10000] status=ok obs=9b8619251a19 coverage=+0/32/38 time=2ms
  RUN js-fuzzer-function-66ad482026b9.js [9706/10000] md5=66ad482026b9df67ec5d25c1cce4c653 bytes=153 template=function origin=seed:tests/corpus/runtime/functions-closures-and-arrows.test.js
 PASS js-fuzzer-function-66ad482026b9.js [9706/10000] status=ok obs=6512bd43d9ca coverage=+0/32/38 time=2ms
  RUN js-fuzzer-array-object-35da00e13e2d.js [9707/10000] md5=35da00e13e2d66d1c7e1fce9cf66240c bytes=133 template=array-object origin=seed:tests/corpus/runtime/lexical-shadowing.test.js
 PASS js-fuzzer-array-object-35da00e13e2d.js [9707/10000] status=ok obs=c51ce410c124 coverage=+0/32/38 time=1ms
  RUN js-fuzzer-closure-f7700ebd3a3b.js [9708/10000] md5=f7700ebd3a3bd7c22deb96a4425fec88 bytes=185 template=closure origin=seed:tests/corpus/runtime/modules-export.test.js
 PASS js-fuzzer-closure-f7700ebd3a3b.js [9708/10000] status=ok obs=fc490ca45c00 coverage=+0/32/38 time=2ms
  RUN js-fuzzer-block-scope-10430c6f962a.js [9709/10000] md5=10430c6f962a4db4653b711f73826914 bytes=114 template=block-scope origin=seed:tests/corpus/runtime/nested-try-finally.test.js
 PASS js-fuzzer-block-scope-10430c6f962a.js [9709/10000] status=ok obs=65b9eea6e1cc coverage=+0/32/38 time=1ms
  RUN js-fuzzer-boundary-4bea2a6e0cb0.js [9710/10000] md5=4bea2a6e0cb0c7bb0b29e5b5d44112d8 bytes=128 template=boundary origin=boundary:9007199254740991
 PASS js-fuzzer-boundary-4bea2a6e0cb0.js [9710/10000] status=ok obs=dc9a0d67a31d coverage=+0/32/38 time=2ms
  RUN js-fuzzer-try-catch-6c711f8bb184.js [9711/10000] md5=6c711f8bb184c228d8b20d70b1aabb73 bytes=109 template=try-catch origin=seed:tests/corpus/syntax/logical-unary-nullish.test.js
 PASS js-fuzzer-try-catch-6c711f8bb184.js [9711/10000] status=ok obs=1679091c5a88 coverage=+0/32/38 time=2ms
  RUN js-fuzzer-corpus-96ebdcb81273.js [9712/10000] md5=96ebdcb81273f0e5e5778a6c70c94988 bytes=171 template=corpus origin=tests/corpus/syntax/object-destructure-and-members.test.js
 PASS js-fuzzer-corpus-96ebdcb81273.js [9712/10000] status=ok obs=bfad8dfa12ed coverage=+0/32/38 time=1ms
  RUN js-fuzzer-arithmetic-b7666c364a74.js [9713/10000] md5=b7666c364a74419f2b80ef35c1cb63c5 bytes=83 template=arithmetic origin=seed:tests/corpus/syntax/switch-do-while-sequence.test.js
 PASS js-fuzzer-arithmetic-b7666c364a74.js [9713/10000] status=ok obs=eb160de1de89 coverage=+0/32/38 time=2ms
  RUN js-fuzzer-function-53ef3ed61b76.js [9714/10000] md5=53ef3ed61b76dc45be6c66e5b3206216 bytes=153 template=function origin=seed:tests/corpus/syntax/template-array-destructure.test.js
 PASS js-fuzzer-function-53ef3ed61b76.js [9714/10000] status=ok obs=70efdf2ec9b0 coverage=+0/32/38 time=2ms
  RUN js-fuzzer-array-object-c03082474ff4.js [9715/10000] md5=c03082474ff4270f1794ed7418dac4a7 bytes=133 template=array-object origin=seed:tests/corpus/syntax/typescript-assertions.test.ts
 PASS js-fuzzer-array-object-c03082474ff4.js [9715/10000] status=ok obs=6512bd43d9ca coverage=+0/32/38 time=2ms
  RUN js-fuzzer-closure-35ec5379c796.js [9716/10000] md5=35ec5379c7966a472e4214768c19f58a bytes=184 template=closure origin=seed:tests/corpus/syntax/typescript-non-null-satisfies.test.ts
 PASS js-fuzzer-closure-35ec5379c796.js [9716/10000] status=ok obs=6ea9ab1baa0e coverage=+0/32/38 time=1ms
  RUN js-fuzzer-boundary-ac080ee0add8.js [9717/10000] md5=ac080ee0add8a3967f40d078a13e076b bytes=122 template=boundary origin=boundary:2147483647
 PASS js-fuzzer-boundary-ac080ee0add8.js [9717/10000] status=ok obs=c588c0a459f4 coverage=+0/32/38 time=2ms
  RUN js-fuzzer-loop-d35707ad0bf7.js [9718/10000] md5=d35707ad0bf74148f671ad8943998af6 bytes=81 template=loop origin=seed:tests/corpus/fixtures/state-machine-workflow.test.js
 PASS js-fuzzer-loop-d35707ad0bf7.js [9718/10000] status=ok obs=9bf31c7ff062 coverage=+0/32/38 time=1ms
  RUN js-fuzzer-try-catch-e6a0f565fc4e.js [9719/10000] md5=e6a0f565fc4ec95ea847cca573b5900c bytes=110 template=try-catch origin=seed:tests/corpus/fixtures/vue-script-workflow.test.vue
 PASS js-fuzzer-try-catch-e6a0f565fc4e.js [9719/10000] status=ok obs=33e75ff09dd6 coverage=+0/32/38 time=1ms
  RUN js-fuzzer-class-a9875f561daf.js [9720/10000] md5=a9875f561daf181d949c68fc070db0e0 bytes=101 template=class origin=seed:tests/corpus/obfuscation/constant-tag-mix.test.js
 PASS js-fuzzer-class-a9875f561daf.js [9720/10000] status=ok obs=aab3238922bc coverage=+0/32/38 time=2ms
  RUN js-fuzzer-corpus-fe2d30a6e413.js [9721/10000] md5=fe2d30a6e4139e7a8b52405bed737faa bytes=220 template=corpus origin=tests/corpus/obfuscation/extern-slot-permutation.test.js
 PASS js-fuzzer-corpus-fe2d30a6e413.js [9721/10000] status=ok obs=c34c702d0256 coverage=+0/32/38 time=2ms
  RUN js-fuzzer-function-805986a3b478.js [9722/10000] md5=805986a3b4784e72cf43592e25340692 bytes=153 template=function origin=seed:tests/corpus/obfuscation/externs-console.test.js
 PASS js-fuzzer-function-805986a3b478.js [9722/10000] status=ok obs=c51ce410c124 coverage=+0/32/38 time=2ms
  RUN js-fuzzer-array-object-5f7f5582334e.js [9723/10000] md5=5f7f5582334e4127ce93230d0beabd3a bytes=133 template=array-object origin=seed:tests/corpus/obfuscation/seed-sensitive-functions.test.js
 PASS js-fuzzer-array-object-5f7f5582334e.js [9723/10000] status=ok obs=aab3238922bc coverage=+0/32/38 time=1ms
  RUN js-fuzzer-boundary-14a05a816d97.js [9724/10000] md5=14a05a816d975afa7654eb06610350d0 bytes=113 template=boundary origin=boundary:2
 PASS js-fuzzer-boundary-14a05a816d97.js [9724/10000] status=ok obs=c81e728d9d4c coverage=+0/32/38 time=2ms
  RUN js-fuzzer-block-scope-5929829bb015.js [9725/10000] md5=5929829bb0156e79a3a2d2cf8153931a bytes=114 template=block-scope origin=seed:tests/corpus/regressions/multiple-functions-fib-add.test.js
 PASS js-fuzzer-block-scope-5929829bb015.js [9725/10000] status=ok obs=f0935e4cd592 coverage=+0/32/38 time=2ms
  RUN js-fuzzer-loop-55c7c905bffb.js [9726/10000] md5=55c7c905bffb4bbbc4c8fb9b91df6ad8 bytes=81 template=loop origin=seed:tests/corpus/regressions/scope-compressed-closure-params.test.js
 PASS js-fuzzer-loop-55c7c905bffb.js [9726/10000] status=ok obs=eccbc87e4b5c coverage=+0/32/38 time=1ms
  RUN js-fuzzer-try-catch-081c74da6bdb.js [9727/10000] md5=081c74da6bdbcec08ff71798dacff9f1 bytes=110 template=try-catch origin=seed:tests/corpus/runtime/arrays-objects-methods.test.js
 PASS js-fuzzer-try-catch-081c74da6bdb.js [9727/10000] status=ok obs=6c8349cc7260 coverage=+0/32/38 time=2ms
  RUN js-fuzzer-class-a35a4dd2f302.js [9728/10000] md5=a35a4dd2f302fda9a0e8d6e2c980c283 bytes=101 template=class origin=seed:tests/corpus/runtime/block-scopes.test.js
 PASS js-fuzzer-class-a35a4dd2f302.js [9728/10000] status=ok obs=9bf31c7ff062 coverage=+0/32/38 time=1ms
  RUN js-fuzzer-arithmetic-4664786477f7.js [9729/10000] md5=4664786477f72777353b16ebec4745b0 bytes=84 template=arithmetic origin=seed:tests/corpus/runtime/class-fields-static-methods.test.js
 PASS js-fuzzer-arithmetic-4664786477f7.js [9729/10000] status=ok obs=66f041e16a60 coverage=+0/32/38 time=2ms
  RUN js-fuzzer-corpus-663bf83cd082.js [9730/10000] md5=663bf83cd082bd221441dae6bbc85046 bytes=278 template=corpus origin=tests/corpus/runtime/classes-and-objects.test.js
 PASS js-fuzzer-corpus-663bf83cd082.js [9730/10000] status=ok obs=6f4922f45568 coverage=+0/32/38 time=2ms
  RUN js-fuzzer-boundary-2f35f880f964.js [9731/10000] md5=2f35f880f96468b375c4e71feba05308 bytes=113 template=boundary origin=boundary:1
 PASS js-fuzzer-boundary-2f35f880f964.js [9731/10000] status=ok obs=c4ca4238a0b9 coverage=+0/32/38 time=1ms
  RUN js-fuzzer-closure-df3f12e67ed3.js [9732/10000] md5=df3f12e67ed3f7981f6f6392f8ac7e21 bytes=185 template=closure origin=seed:tests/corpus/runtime/closures-read-captured-values.test.js
 PASS js-fuzzer-closure-df3f12e67ed3.js [9732/10000] status=ok obs=e2c420d928d4 coverage=+0/32/38 time=2ms
  RUN js-fuzzer-block-scope-92fded31019c.js [9733/10000] md5=92fded31019c366b63c0d84345739f9a bytes=114 template=block-scope origin=seed:tests/corpus/runtime/exceptions-and-nullish.test.js
 PASS js-fuzzer-block-scope-92fded31019c.js [9733/10000] status=ok obs=65b9eea6e1cc coverage=+0/32/38 time=2ms
  RUN js-fuzzer-loop-f495ca2fc638.js [9734/10000] md5=f495ca2fc6389f933578fc501f5b1465 bytes=81 template=loop origin=seed:tests/corpus/runtime/functions-closures-and-arrows.test.js
 PASS js-fuzzer-loop-f495ca2fc638.js [9734/10000] status=ok obs=c4ca4238a0b9 coverage=+0/32/38 time=1ms
  RUN js-fuzzer-try-catch-78409afcd812.js [9735/10000] md5=78409afcd812e57d07238a91d9d67ddf bytes=110 template=try-catch origin=seed:tests/corpus/runtime/lexical-shadowing.test.js
 PASS js-fuzzer-try-catch-78409afcd812.js [9735/10000] status=ok obs=17e62166fc85 coverage=+0/32/38 time=2ms
  RUN js-fuzzer-class-3b630e2d834a.js [9736/10000] md5=3b630e2d834a95a01ee75571f8bc0075 bytes=101 template=class origin=seed:tests/corpus/runtime/modules-export.test.js
 PASS js-fuzzer-class-3b630e2d834a.js [9736/10000] status=ok obs=6512bd43d9ca coverage=+0/32/38 time=1ms
  RUN js-fuzzer-arithmetic-b1fb55dc361b.js [9737/10000] md5=b1fb55dc361bd4ffdf06b9fe00b85fac bytes=85 template=arithmetic origin=seed:tests/corpus/runtime/nested-try-finally.test.js
 PASS js-fuzzer-arithmetic-b1fb55dc361b.js [9737/10000] status=ok obs=0a09c8844ba8 coverage=+0/32/38 time=2ms
  RUN js-fuzzer-boundary-6aec0a9b1ff4.js [9738/10000] md5=6aec0a9b1ff4294bcfecb539ba7e660b bytes=129 template=boundary origin=boundary:-9007199254740991
 PASS js-fuzzer-boundary-6aec0a9b1ff4.js [9738/10000] status=ok obs=b3f3a95848f6 coverage=+0/32/38 time=1ms
  RUN js-fuzzer-corpus-279b64032335.js [9739/10000] md5=279b640323351a1b082b98b42d2a2d55 bytes=134 template=corpus origin=tests/corpus/syntax/logical-unary-nullish.test.js
 PASS js-fuzzer-corpus-279b64032335.js [9739/10000] status=ok obs=45c48cce2e2d coverage=+0/32/38 time=1ms
  RUN js-fuzzer-closure-e61ea68494b9.js [9740/10000] md5=e61ea68494b96c38db893dd1442dc406 bytes=184 template=closure origin=seed:tests/corpus/syntax/object-destructure-and-members.test.js
 PASS js-fuzzer-closure-e61ea68494b9.js [9740/10000] status=ok obs=093f65e080a2 coverage=+0/32/38 time=2ms
  RUN js-fuzzer-block-scope-174fa4fc97e1.js [9741/10000] md5=174fa4fc97e1645d7383ebda1e653a4c bytes=114 template=block-scope origin=seed:tests/corpus/syntax/switch-do-while-sequence.test.js
 PASS js-fuzzer-block-scope-174fa4fc97e1.js [9741/10000] status=ok obs=a3c65c297427 coverage=+0/32/38 time=1ms
  RUN js-fuzzer-loop-d35707ad0bf7.js [9742/10000] md5=d35707ad0bf74148f671ad8943998af6 bytes=81 template=loop origin=seed:tests/corpus/syntax/template-array-destructure.test.js
 PASS js-fuzzer-loop-d35707ad0bf7.js [9742/10000] status=ok obs=9bf31c7ff062 coverage=+0/32/38 time=2ms
  RUN js-fuzzer-try-catch-949865ef2d04.js [9743/10000] md5=949865ef2d045cce3ed2d503f7e03e63 bytes=110 template=try-catch origin=seed:tests/corpus/syntax/typescript-assertions.test.ts
 PASS js-fuzzer-try-catch-949865ef2d04.js [9743/10000] status=ok obs=6f4922f45568 coverage=+0/32/38 time=2ms
  RUN js-fuzzer-class-d2b3669b495d.js [9744/10000] md5=d2b3669b495dd4792f9e1509f2bbf8a7 bytes=100 template=class origin=seed:tests/corpus/syntax/typescript-non-null-satisfies.test.ts
 PASS js-fuzzer-class-d2b3669b495d.js [9744/10000] status=ok obs=eccbc87e4b5c coverage=+0/32/38 time=1ms
  RUN js-fuzzer-boundary-4b8e58e2bd3b.js [9745/10000] md5=4b8e58e2bd3bc437f093fe0ab13ce109 bytes=123 template=boundary origin=boundary:-2147483648
 PASS js-fuzzer-boundary-4b8e58e2bd3b.js [9745/10000] status=ok obs=034ff5946105 coverage=+0/32/38 time=2ms
  RUN js-fuzzer-function-4b9684ea9e29.js [9746/10000] md5=4b9684ea9e291ddb6515f98bf0c93905 bytes=153 template=function origin=seed:tests/corpus/fixtures/state-machine-workflow.test.js
 PASS js-fuzzer-function-4b9684ea9e29.js [9746/10000] status=ok obs=eccbc87e4b5c coverage=+0/32/38 time=1ms
  RUN js-fuzzer-array-object-47b604e193a6.js [9747/10000] md5=47b604e193a6902cf4018187a8ccfa87 bytes=133 template=array-object origin=seed:tests/corpus/fixtures/vue-script-workflow.test.vue
 PASS js-fuzzer-array-object-47b604e193a6.js [9747/10000] status=ok obs=c20ad4d76fe9 coverage=+0/32/38 time=2ms
  RUN js-fuzzer-corpus-f00ef18b0a17.js [9748/10000] md5=f00ef18b0a172b2a2d9833f5b7fe94e2 bytes=199 template=corpus origin=tests/corpus/obfuscation/constant-tag-mix.test.js
 PASS js-fuzzer-corpus-f00ef18b0a17.js [9748/10000] status=ok obs=e86823f38986 coverage=+0/32/38 time=2ms
  RUN js-fuzzer-block-scope-6e86f1693252.js [9749/10000] md5=6e86f169325214da2b271b09cc491de1 bytes=114 template=block-scope origin=seed:tests/corpus/obfuscation/extern-slot-permutation.test.js
 PASS js-fuzzer-block-scope-6e86f1693252.js [9749/10000] status=ok obs=f0935e4cd592 coverage=+0/32/38 time=1ms
  RUN js-fuzzer-loop-d35707ad0bf7.js [9750/10000] md5=d35707ad0bf74148f671ad8943998af6 bytes=81 template=loop origin=seed:tests/corpus/obfuscation/externs-console.test.js
 PASS js-fuzzer-loop-d35707ad0bf7.js [9750/10000] status=ok obs=9bf31c7ff062 coverage=+0/32/38 time=1ms
  RUN js-fuzzer-try-catch-85daf11db7ec.js [9751/10000] md5=85daf11db7ec5f71a0e05a86a536d94d bytes=110 template=try-catch origin=seed:tests/corpus/obfuscation/seed-sensitive-functions.test.js
 PASS js-fuzzer-try-catch-85daf11db7ec.js [9751/10000] status=ok obs=f7177163c833 coverage=+0/32/38 time=2ms
  RUN js-fuzzer-boundary-4ae25cb2e150.js [9752/10000] md5=4ae25cb2e15083bfca9f6b81b3f9f24b bytes=114 template=boundary origin=boundary:-2
 PASS js-fuzzer-boundary-4ae25cb2e150.js [9752/10000] status=ok obs=5d7b9adcbe1c coverage=+0/32/38 time=1ms
  RUN js-fuzzer-arithmetic-2d19f57b2a36.js [9753/10000] md5=2d19f57b2a36daad62cd2afc4213f413 bytes=85 template=arithmetic origin=seed:tests/corpus/regressions/multiple-functions-fib-add.test.js
 PASS js-fuzzer-arithmetic-2d19f57b2a36.js [9753/10000] status=ok obs=577ef1154f32 coverage=+0/32/38 time=2ms
  RUN js-fuzzer-function-9a24649f1cae.js [9754/10000] md5=9a24649f1caec2a9716934902cbac103 bytes=153 template=function origin=seed:tests/corpus/regressions/scope-compressed-closure-params.test.js
 PASS js-fuzzer-function-9a24649f1cae.js [9754/10000] status=ok obs=9bf31c7ff062 coverage=+0/32/38 time=2ms
  RUN js-fuzzer-array-object-90f998792d41.js [9755/10000] md5=90f998792d41bf9713d9636c78d028cc bytes=133 template=array-object origin=seed:tests/corpus/runtime/arrays-objects-methods.test.js
 PASS js-fuzzer-array-object-90f998792d41.js [9755/10000] status=ok obs=6512bd43d9ca coverage=+0/32/38 time=2ms
  RUN js-fuzzer-closure-552b7bf42ae8.js [9756/10000] md5=552b7bf42ae8fadb55aeda6afd3df32c bytes=184 template=closure origin=seed:tests/corpus/runtime/block-scopes.test.js
 PASS js-fuzzer-closure-552b7bf42ae8.js [9756/10000] status=ok obs=fc490ca45c00 coverage=+0/32/38 time=1ms
  RUN js-fuzzer-corpus-a64e83c2f849.js [9757/10000] md5=a64e83c2f84925dca8985eabe963ee21 bytes=179 template=corpus origin=tests/corpus/runtime/class-fields-static-methods.test.js
 PASS js-fuzzer-corpus-a64e83c2f849.js [9757/10000] status=ok obs=8f14e45fceea coverage=+0/32/38 time=2ms
  RUN js-fuzzer-loop-b88258462a8d.js [9758/10000] md5=b88258462a8d880f8b0e459fa23b2536 bytes=81 template=loop origin=seed:tests/corpus/runtime/classes-and-objects.test.js
 PASS js-fuzzer-loop-b88258462a8d.js [9758/10000] status=ok obs=3c59dc048e88 coverage=+0/32/38 time=2ms
  RUN js-fuzzer-boundary-61a9a82f5f08.js [9759/10000] md5=61a9a82f5f08bc177f13c805ba785d7d bytes=114 template=boundary origin=boundary:-1
 PASS js-fuzzer-boundary-61a9a82f5f08.js [9759/10000] status=ok obs=6bb61e3b7bce coverage=+0/32/38 time=1ms
  RUN js-fuzzer-class-769274f77fa6.js [9760/10000] md5=769274f77fa62254ce7e0eb0e3adf7f1 bytes=100 template=class origin=seed:tests/corpus/runtime/closures-read-captured-values.test.js
 PASS js-fuzzer-class-769274f77fa6.js [9760/10000] status=ok obs=c4ca4238a0b9 coverage=+0/32/38 time=2ms
  RUN js-fuzzer-arithmetic-bb30721327c3.js [9761/10000] md5=bb30721327c3c8dec7ea5fe92e623a9e bytes=85 template=arithmetic origin=seed:tests/corpus/runtime/exceptions-and-nullish.test.js
 PASS js-fuzzer-arithmetic-bb30721327c3.js [9761/10000] status=ok obs=9766527f2b5d coverage=+0/32/38 time=1ms
  RUN js-fuzzer-function-d3859b93eee1.js [9762/10000] md5=d3859b93eee1f3bcfec0cda51c4d02bf bytes=153 template=function origin=seed:tests/corpus/runtime/functions-closures-and-arrows.test.js
 PASS js-fuzzer-function-d3859b93eee1.js [9762/10000] status=ok obs=a87ff679a2f3 coverage=+0/32/38 time=2ms
  RUN js-fuzzer-array-object-00ab9bedc97a.js [9763/10000] md5=00ab9bedc97ab1d2fa12240e289fa83f bytes=133 template=array-object origin=seed:tests/corpus/runtime/lexical-shadowing.test.js
 PASS js-fuzzer-array-object-00ab9bedc97a.js [9763/10000] status=ok obs=6512bd43d9ca coverage=+0/32/38 time=2ms
  RUN js-fuzzer-closure-073b36d8ff38.js [9764/10000] md5=073b36d8ff3888c58d5fd0f3294acf05 bytes=184 template=closure origin=seed:tests/corpus/runtime/modules-export.test.js
 PASS js-fuzzer-closure-073b36d8ff38.js [9764/10000] status=ok obs=03afdbd66e79 coverage=+0/32/38 time=1ms
  RUN js-fuzzer-block-scope-080bd5d06140.js [9765/10000] md5=080bd5d06140a29fbd1527c29333c5c8 bytes=114 template=block-scope origin=seed:tests/corpus/runtime/nested-try-finally.test.js
 PASS js-fuzzer-block-scope-080bd5d06140.js [9765/10000] status=ok obs=c9e1074f5b3f coverage=+0/32/38 time=1ms
  RUN js-fuzzer-corpus-89e900fcb72f.js [9766/10000] md5=89e900fcb72ff838bfe9a13ae091363f bytes=228 template=corpus origin=tests/corpus/syntax/control-flow-and-operators.test.js
 PASS js-fuzzer-corpus-89e900fcb72f.js [9766/10000] status=ok obs=aab3238922bc coverage=+0/32/38 time=2ms
  RUN js-fuzzer-try-catch-7b36a94abb6d.js [9767/10000] md5=7b36a94abb6ddf002e9dd3f3d3a0cea5 bytes=110 template=try-catch origin=seed:tests/corpus/syntax/logical-unary-nullish.test.js
 PASS js-fuzzer-try-catch-7b36a94abb6d.js [9767/10000] status=ok obs=37693cfc7480 coverage=+0/32/38 time=2ms
  RUN js-fuzzer-class-b901915e3eda.js [9768/10000] md5=b901915e3eda1a96f77dcec9fff681b5 bytes=100 template=class origin=seed:tests/corpus/syntax/object-destructure-and-members.test.js
 PASS js-fuzzer-class-b901915e3eda.js [9768/10000] status=ok obs=c81e728d9d4c coverage=+0/32/38 time=1ms
  RUN js-fuzzer-arithmetic-08ef2122ce1d.js [9769/10000] md5=08ef2122ce1d2492312f032e754c1d36 bytes=84 template=arithmetic origin=seed:tests/corpus/syntax/switch-do-while-sequence.test.js
 PASS js-fuzzer-arithmetic-08ef2122ce1d.js [9769/10000] status=ok obs=43ec517d68b6 coverage=+0/32/38 time=2ms
  RUN js-fuzzer-function-3dca9339a683.js [9770/10000] md5=3dca9339a6831946d3c5250be8e34eee bytes=153 template=function origin=seed:tests/corpus/syntax/template-array-destructure.test.js
 PASS js-fuzzer-function-3dca9339a683.js [9770/10000] status=ok obs=e4da3b7fbbce coverage=+0/32/38 time=1ms
  RUN js-fuzzer-array-object-00d6a4e3b06c.js [9771/10000] md5=00d6a4e3b06cf10b2702dcd8ae968520 bytes=133 template=array-object origin=seed:tests/corpus/syntax/typescript-assertions.test.ts
 PASS js-fuzzer-array-object-00d6a4e3b06c.js [9771/10000] status=ok obs=98f137082101 coverage=+0/32/38 time=2ms
  RUN js-fuzzer-closure-6b52267b7b82.js [9772/10000] md5=6b52267b7b821f47b4c5b5c510963f21 bytes=184 template=closure origin=seed:tests/corpus/syntax/typescript-non-null-satisfies.test.ts
 PASS js-fuzzer-closure-6b52267b7b82.js [9772/10000] status=ok obs=17e62166fc85 coverage=+0/32/38 time=2ms
  RUN js-fuzzer-boundary-4bea2a6e0cb0.js [9773/10000] md5=4bea2a6e0cb0c7bb0b29e5b5d44112d8 bytes=128 template=boundary origin=boundary:9007199254740991
 PASS js-fuzzer-boundary-4bea2a6e0cb0.js [9773/10000] status=ok obs=dc9a0d67a31d coverage=+0/32/38 time=1ms
  RUN js-fuzzer-loop-55c7c905bffb.js [9774/10000] md5=55c7c905bffb4bbbc4c8fb9b91df6ad8 bytes=81 template=loop origin=seed:tests/corpus/fixtures/state-machine-workflow.test.js
 PASS js-fuzzer-loop-55c7c905bffb.js [9774/10000] status=ok obs=eccbc87e4b5c coverage=+0/32/38 time=2ms
  RUN js-fuzzer-corpus-f722388c7961.js [9775/10000] md5=f722388c7961d2a0288508c35f28a5f8 bytes=96 template=corpus origin=tests/corpus/fixtures/vue-script-workflow.test.vue
 PASS js-fuzzer-corpus-f722388c7961.js [9775/10000] status=ok obs=6512bd43d9ca coverage=+0/32/38 time=2ms
  RUN js-fuzzer-class-769274f77fa6.js [9776/10000] md5=769274f77fa62254ce7e0eb0e3adf7f1 bytes=100 template=class origin=seed:tests/corpus/obfuscation/constant-tag-mix.test.js
 PASS js-fuzzer-class-769274f77fa6.js [9776/10000] status=ok obs=c4ca4238a0b9 coverage=+0/32/38 time=1ms
  RUN js-fuzzer-arithmetic-8fe62be1b02b.js [9777/10000] md5=8fe62be1b02b6c104b80a4885bd955fa bytes=85 template=arithmetic origin=seed:tests/corpus/obfuscation/extern-slot-permutation.test.js
 PASS js-fuzzer-arithmetic-8fe62be1b02b.js [9777/10000] status=ok obs=06138bc5af60 coverage=+0/32/38 time=2ms
  RUN js-fuzzer-function-d9597d28535f.js [9778/10000] md5=d9597d28535fd2b10f5ca10cf87a7bb6 bytes=153 template=function origin=seed:tests/corpus/obfuscation/externs-console.test.js
 PASS js-fuzzer-function-d9597d28535f.js [9778/10000] status=ok obs=6f4922f45568 coverage=+0/32/38 time=2ms
  RUN js-fuzzer-array-object-2394df0f2696.js [9779/10000] md5=2394df0f2696240556840617a9313634 bytes=133 template=array-object origin=seed:tests/corpus/obfuscation/seed-sensitive-functions.test.js
 PASS js-fuzzer-array-object-2394df0f2696.js [9779/10000] status=ok obs=c51ce410c124 coverage=+0/32/38 time=1ms
  RUN js-fuzzer-boundary-4b188851088a.js [9780/10000] md5=4b188851088a18b5b5e1424320aec545 bytes=122 template=boundary origin=boundary:2147483647
 PASS js-fuzzer-boundary-4b188851088a.js [9780/10000] status=ok obs=c588c0a459f4 coverage=+0/32/38 time=2ms
  RUN js-fuzzer-block-scope-228c1dce5de7.js [9781/10000] md5=228c1dce5de7c217a2be2f9fda5f88c0 bytes=114 template=block-scope origin=seed:tests/corpus/regressions/multiple-functions-fib-add.test.js
 PASS js-fuzzer-block-scope-228c1dce5de7.js [9781/10000] status=ok obs=2723d092b638 coverage=+0/32/38 time=2ms
  RUN js-fuzzer-loop-54e460cecf5c.js [9782/10000] md5=54e460cecf5c05dfcffaa3b2e5f57445 bytes=81 template=loop origin=seed:tests/corpus/regressions/scope-compressed-closure-params.test.js
 PASS js-fuzzer-loop-54e460cecf5c.js [9782/10000] status=ok obs=d3d9446802a4 coverage=+0/32/38 time=1ms
  RUN js-fuzzer-try-catch-e6fdc2579e78.js [9783/10000] md5=e6fdc2579e7880bc0b759de7af5133ab bytes=110 template=try-catch origin=seed:tests/corpus/runtime/arrays-objects-methods.test.js
 PASS js-fuzzer-try-catch-e6fdc2579e78.js [9783/10000] status=ok obs=d645920e395f coverage=+0/32/38 time=2ms
  RUN js-fuzzer-corpus-8b78ba7912c5.js [9784/10000] md5=8b78ba7912c51f6cf304b65c6ebdb2e3 bytes=289 template=corpus origin=tests/corpus/runtime/block-scopes.test.js
 PASS js-fuzzer-corpus-8b78ba7912c5.js [9784/10000] status=ok obs=37693cfc7480 coverage=+0/32/38 time=1ms
  RUN js-fuzzer-arithmetic-a521f065d415.js [9785/10000] md5=a521f065d41542ffb7bb1197f2683701 bytes=84 template=arithmetic origin=seed:tests/corpus/runtime/class-fields-static-methods.test.js
 PASS js-fuzzer-arithmetic-a521f065d415.js [9785/10000] status=ok obs=8e296a067a37 coverage=+0/32/38 time=1ms
  RUN js-fuzzer-function-79bb4335938d.js [9786/10000] md5=79bb4335938d82d557d11e6633b235d0 bytes=153 template=function origin=seed:tests/corpus/runtime/classes-and-objects.test.js
 PASS js-fuzzer-function-79bb4335938d.js [9786/10000] status=ok obs=6512bd43d9ca coverage=+0/32/38 time=2ms
  RUN js-fuzzer-boundary-e33d9dc9cd6c.js [9787/10000] md5=e33d9dc9cd6c84ec6ac6a01d1d18c4f2 bytes=113 template=boundary origin=boundary:2
 PASS js-fuzzer-boundary-e33d9dc9cd6c.js [9787/10000] status=ok obs=c81e728d9d4c coverage=+0/32/38 time=2ms
  RUN js-fuzzer-closure-ebb7f06a02b7.js [9788/10000] md5=ebb7f06a02b709bac77ef47fca784a69 bytes=184 template=closure origin=seed:tests/corpus/runtime/closures-read-captured-values.test.js
 PASS js-fuzzer-closure-ebb7f06a02b7.js [9788/10000] status=ok obs=f457c545a9de coverage=+0/32/38 time=1ms
  RUN js-fuzzer-block-scope-e0e13ae4d058.js [9789/10000] md5=e0e13ae4d05824dc2ed439c1134aca3b bytes=115 template=block-scope origin=seed:tests/corpus/runtime/exceptions-and-nullish.test.js
 PASS js-fuzzer-block-scope-e0e13ae4d058.js [9789/10000] status=ok obs=5f93f983524d coverage=+0/32/38 time=2ms
  RUN js-fuzzer-loop-55c7c905bffb.js [9790/10000] md5=55c7c905bffb4bbbc4c8fb9b91df6ad8 bytes=81 template=loop origin=seed:tests/corpus/runtime/functions-closures-and-arrows.test.js
 PASS js-fuzzer-loop-55c7c905bffb.js [9790/10000] status=ok obs=eccbc87e4b5c coverage=+0/32/38 time=1ms
  RUN js-fuzzer-try-catch-8d9c7d254dda.js [9791/10000] md5=8d9c7d254ddaafdc283e844d5d9a6231 bytes=109 template=try-catch origin=seed:tests/corpus/runtime/lexical-shadowing.test.js
 PASS js-fuzzer-try-catch-8d9c7d254dda.js [9791/10000] status=ok obs=a87ff679a2f3 coverage=+0/32/38 time=2ms
  RUN js-fuzzer-class-1fb70654253d.js [9792/10000] md5=1fb70654253d944404805630039f463c bytes=101 template=class origin=seed:tests/corpus/runtime/modules-export.test.js
 PASS js-fuzzer-class-1fb70654253d.js [9792/10000] status=ok obs=c51ce410c124 coverage=+0/32/38 time=2ms
  RUN js-fuzzer-corpus-c557f8da2a9d.js [9793/10000] md5=c557f8da2a9d2904c70dca50c3eeb50e bytes=191 template=corpus origin=tests/corpus/runtime/nested-try-finally.test.js
 PASS js-fuzzer-corpus-c557f8da2a9d.js [9793/10000] status=ok obs=8f14e45fceea coverage=+0/32/38 time=1ms
  RUN js-fuzzer-boundary-2f35f880f964.js [9794/10000] md5=2f35f880f96468b375c4e71feba05308 bytes=113 template=boundary origin=boundary:1
 PASS js-fuzzer-boundary-2f35f880f964.js [9794/10000] status=ok obs=c4ca4238a0b9 coverage=+0/32/38 time=2ms
  RUN js-fuzzer-array-object-1e8aad05863e.js [9795/10000] md5=1e8aad05863ee5fafb314f385ceba6f7 bytes=133 template=array-object origin=seed:tests/corpus/syntax/logical-unary-nullish.test.js
 PASS js-fuzzer-array-object-1e8aad05863e.js [9795/10000] status=ok obs=d3d9446802a4 coverage=+0/32/38 time=1ms
  RUN js-fuzzer-closure-a3645b5f49ad.js [9796/10000] md5=a3645b5f49ad972965dafd4c0f3cd013 bytes=184 template=closure origin=seed:tests/corpus/syntax/object-destructure-and-members.test.js
 PASS js-fuzzer-closure-a3645b5f49ad.js [9796/10000] status=ok obs=a5bfc9e07964 coverage=+0/32/38 time=1ms
  RUN js-fuzzer-block-scope-122a40c4e345.js [9797/10000] md5=122a40c4e345dbd2a0a1a76431e4397d bytes=115 template=block-scope origin=seed:tests/corpus/syntax/switch-do-while-sequence.test.js
 PASS js-fuzzer-block-scope-122a40c4e345.js [9797/10000] status=ok obs=5f93f983524d coverage=+0/32/38 time=2ms
  RUN js-fuzzer-loop-d35707ad0bf7.js [9798/10000] md5=d35707ad0bf74148f671ad8943998af6 bytes=81 template=loop origin=seed:tests/corpus/syntax/template-array-destructure.test.js
 PASS js-fuzzer-loop-d35707ad0bf7.js [9798/10000] status=ok obs=9bf31c7ff062 coverage=+0/32/38 time=1ms
  RUN js-fuzzer-try-catch-47becaf372c3.js [9799/10000] md5=47becaf372c34523cd2fbacf2b53d016 bytes=110 template=try-catch origin=seed:tests/corpus/syntax/typescript-assertions.test.ts
 PASS js-fuzzer-try-catch-47becaf372c3.js [9799/10000] status=ok obs=02e74f10e032 coverage=+0/32/38 time=2ms
  RUN js-fuzzer-class-5baf4bed5db4.js [9800/10000] md5=5baf4bed5db4f8205173226efc8fff73 bytes=101 template=class origin=seed:tests/corpus/syntax/typescript-non-null-satisfies.test.ts
 PASS js-fuzzer-class-5baf4bed5db4.js [9800/10000] status=ok obs=6f4922f45568 coverage=+0/32/38 time=2ms
  RUN js-fuzzer-boundary-235131a2d0d1.js [9801/10000] md5=235131a2d0d184afe9327ca3bd456dde bytes=129 template=boundary origin=boundary:-9007199254740991
 PASS js-fuzzer-boundary-235131a2d0d1.js [9801/10000] status=ok obs=b3f3a95848f6 coverage=+0/32/38 time=1ms
  RUN js-fuzzer-corpus-ab8ca4f8757c.js [9802/10000] md5=ab8ca4f8757c6165b29cd6a662edad93 bytes=450 template=corpus origin=tests/corpus/fixtures/state-machine-workflow.test.js
 PASS js-fuzzer-corpus-ab8ca4f8757c.js [9802/10000] status=ok obs=b9f49c580664 coverage=+0/32/38 time=2ms
  RUN js-fuzzer-array-object-b74246506138.js [9803/10000] md5=b74246506138e11291c061f1a20d58e2 bytes=133 template=array-object origin=seed:tests/corpus/fixtures/vue-script-workflow.test.vue
 PASS js-fuzzer-array-object-b74246506138.js [9803/10000] status=ok obs=e4da3b7fbbce coverage=+0/32/38 time=2ms
  RUN js-fuzzer-closure-03ab8f714117.js [9804/10000] md5=03ab8f7141176a2474988b3d913beb25 bytes=183 template=closure origin=seed:tests/corpus/obfuscation/constant-tag-mix.test.js
 PASS js-fuzzer-closure-03ab8f714117.js [9804/10000] status=ok obs=3c59dc048e88 coverage=+0/32/38 time=1ms
  RUN js-fuzzer-block-scope-c0d3e0044de4.js [9805/10000] md5=c0d3e0044de4095924c3679950dbac2a bytes=114 template=block-scope origin=seed:tests/corpus/obfuscation/extern-slot-permutation.test.js
 PASS js-fuzzer-block-scope-c0d3e0044de4.js [9805/10000] status=ok obs=ec8956637a99 coverage=+0/32/38 time=1ms
  RUN js-fuzzer-loop-b88258462a8d.js [9806/10000] md5=b88258462a8d880f8b0e459fa23b2536 bytes=81 template=loop origin=seed:tests/corpus/obfuscation/externs-console.test.js
 PASS js-fuzzer-loop-b88258462a8d.js [9806/10000] status=ok obs=3c59dc048e88 coverage=+0/32/38 time=2ms
  RUN js-fuzzer-try-catch-47becaf372c3.js [9807/10000] md5=47becaf372c34523cd2fbacf2b53d016 bytes=110 template=try-catch origin=seed:tests/corpus/obfuscation/seed-sensitive-functions.test.js
 PASS js-fuzzer-try-catch-47becaf372c3.js [9807/10000] status=ok obs=02e74f10e032 coverage=+0/32/38 time=1ms
  RUN js-fuzzer-boundary-4b8e58e2bd3b.js [9808/10000] md5=4b8e58e2bd3bc437f093fe0ab13ce109 bytes=123 template=boundary origin=boundary:-2147483648
 PASS js-fuzzer-boundary-4b8e58e2bd3b.js [9808/10000] status=ok obs=034ff5946105 coverage=+0/32/38 time=2ms
  RUN js-fuzzer-arithmetic-6d3deeed8a70.js [9809/10000] md5=6d3deeed8a706abf2c5e2b2c59752a9a bytes=84 template=arithmetic origin=seed:tests/corpus/regressions/multiple-functions-fib-add.test.js
 PASS js-fuzzer-arithmetic-6d3deeed8a70.js [9809/10000] status=ok obs=149e9677a598 coverage=+0/32/38 time=1ms
  RUN js-fuzzer-function-e04598e59cc1.js [9810/10000] md5=e04598e59cc109c5f5c20638fe37a892 bytes=153 template=function origin=seed:tests/corpus/regressions/scope-compressed-closure-params.test.js
 PASS js-fuzzer-function-e04598e59cc1.js [9810/10000] status=ok obs=d3d9446802a4 coverage=+0/32/38 time=2ms
  RUN js-fuzzer-corpus-a07012429fce.js [9811/10000] md5=a07012429fce4b4d7c8af42f445f70b9 bytes=163 template=corpus origin=tests/corpus/runtime/arrays-objects-methods.test.js
 PASS js-fuzzer-corpus-a07012429fce.js [9811/10000] status=ok obs=c51ce410c124 coverage=+0/32/38 time=2ms
  RUN js-fuzzer-closure-fa0fcb364d99.js [9812/10000] md5=fa0fcb364d99d720f22a1312ad36b702 bytes=184 template=closure origin=seed:tests/corpus/runtime/block-scopes.test.js
 PASS js-fuzzer-closure-fa0fcb364d99.js [9812/10000] status=ok obs=72b32a1f754b coverage=+0/32/38 time=2ms
  RUN js-fuzzer-block-scope-c54c93e141bc.js [9813/10000] md5=c54c93e141bc8ee7724d1c13ebb51f74 bytes=114 template=block-scope origin=seed:tests/corpus/runtime/class-fields-static-methods.test.js
 PASS js-fuzzer-block-scope-c54c93e141bc.js [9813/10000] status=ok obs=ec8956637a99 coverage=+0/32/38 time=1ms
  RUN js-fuzzer-loop-f495ca2fc638.js [9814/10000] md5=f495ca2fc6389f933578fc501f5b1465 bytes=81 template=loop origin=seed:tests/corpus/runtime/classes-and-objects.test.js
 PASS js-fuzzer-loop-f495ca2fc638.js [9814/10000] status=ok obs=c4ca4238a0b9 coverage=+0/32/38 time=2ms
  RUN js-fuzzer-boundary-92df4f5b559a.js [9815/10000] md5=92df4f5b559a550058b4133ffb629932 bytes=114 template=boundary origin=boundary:-2
 PASS js-fuzzer-boundary-92df4f5b559a.js [9815/10000] status=ok obs=5d7b9adcbe1c coverage=+0/32/38 time=2ms
  RUN js-fuzzer-class-51ea152a707e.js [9816/10000] md5=51ea152a707ed5422ab3e5b3ddb7fe43 bytes=100 template=class origin=seed:tests/corpus/runtime/closures-read-captured-values.test.js
 PASS js-fuzzer-class-51ea152a707e.js [9816/10000] status=ok obs=e4da3b7fbbce coverage=+0/32/38 time=1ms
  RUN js-fuzzer-arithmetic-a7c3c093f61c.js [9817/10000] md5=a7c3c093f61c524873a0f79b02a3bf32 bytes=83 template=arithmetic origin=seed:tests/corpus/runtime/exceptions-and-nullish.test.js
 PASS js-fuzzer-arithmetic-a7c3c093f61c.js [9817/10000] status=ok obs=8613985ec49e coverage=+0/32/38 time=2ms
  RUN js-fuzzer-function-0b0d1f5ee746.js [9818/10000] md5=0b0d1f5ee746281ffbedfb7f7f4c45bc bytes=153 template=function origin=seed:tests/corpus/runtime/functions-closures-and-arrows.test.js
 PASS js-fuzzer-function-0b0d1f5ee746.js [9818/10000] status=ok obs=e4da3b7fbbce coverage=+0/32/38 time=1ms
  RUN js-fuzzer-array-object-8d22919a67dd.js [9819/10000] md5=8d22919a67ddfc159d7fc0a15bb1270f bytes=133 template=array-object origin=seed:tests/corpus/runtime/lexical-shadowing.test.js
 PASS js-fuzzer-array-object-8d22919a67dd.js [9819/10000] status=ok obs=c20ad4d76fe9 coverage=+0/32/38 time=2ms
  RUN js-fuzzer-corpus-4131d841163b.js [9820/10000] md5=4131d841163b79e192bca9d4fc683c54 bytes=58 template=corpus origin=tests/corpus/runtime/modules-export.test.js
 PASS js-fuzzer-corpus-4131d841163b.js [9820/10000] status=ok obs=8f14e45fceea coverage=+0/32/38 time=1ms
  RUN js-fuzzer-block-scope-94c02c5f9dd5.js [9821/10000] md5=94c02c5f9dd5a71f193fc5bdc917b6b5 bytes=114 template=block-scope origin=seed:tests/corpus/runtime/nested-try-finally.test.js
 PASS js-fuzzer-block-scope-94c02c5f9dd5.js [9821/10000] status=ok obs=6974ce5ac660 coverage=+0/32/38 time=2ms
  RUN js-fuzzer-boundary-1024adcac0e5.js [9822/10000] md5=1024adcac0e5cc9f99f478fa66dcc00c bytes=114 template=boundary origin=boundary:-1
 PASS js-fuzzer-boundary-1024adcac0e5.js [9822/10000] status=ok obs=6bb61e3b7bce coverage=+0/32/38 time=2ms
  RUN js-fuzzer-try-catch-8d9c7d254dda.js [9823/10000] md5=8d9c7d254ddaafdc283e844d5d9a6231 bytes=109 template=try-catch origin=seed:tests/corpus/syntax/logical-unary-nullish.test.js
 PASS js-fuzzer-try-catch-8d9c7d254dda.js [9823/10000] status=ok obs=a87ff679a2f3 coverage=+0/32/38 time=1ms
  RUN js-fuzzer-class-5baf4bed5db4.js [9824/10000] md5=5baf4bed5db4f8205173226efc8fff73 bytes=101 template=class origin=seed:tests/corpus/syntax/object-destructure-and-members.test.js
 PASS js-fuzzer-class-5baf4bed5db4.js [9824/10000] status=ok obs=6f4922f45568 coverage=+0/32/38 time=2ms
  RUN js-fuzzer-arithmetic-b6f23dc03fab.js [9825/10000] md5=b6f23dc03fab2428b11e9a6eeedeecb5 bytes=85 template=arithmetic origin=seed:tests/corpus/syntax/switch-do-while-sequence.test.js
 PASS js-fuzzer-arithmetic-b6f23dc03fab.js [9825/10000] status=ok obs=43ec517d68b6 coverage=+0/32/38 time=1ms
  RUN js-fuzzer-function-3dca9339a683.js [9826/10000] md5=3dca9339a6831946d3c5250be8e34eee bytes=153 template=function origin=seed:tests/corpus/syntax/template-array-destructure.test.js
 PASS js-fuzzer-function-3dca9339a683.js [9826/10000] status=ok obs=e4da3b7fbbce coverage=+0/32/38 time=1ms
  RUN js-fuzzer-array-object-8a1e9a13f2f0.js [9827/10000] md5=8a1e9a13f2f0c7ad0eda70af8ba60bc9 bytes=133 template=array-object origin=seed:tests/corpus/syntax/typescript-assertions.test.ts
 PASS js-fuzzer-array-object-8a1e9a13f2f0.js [9827/10000] status=ok obs=70efdf2ec9b0 coverage=+0/32/38 time=2ms
  RUN js-fuzzer-closure-1aeaf5107cc9.js [9828/10000] md5=1aeaf5107cc971ab63f428b6657264bc bytes=185 template=closure origin=seed:tests/corpus/syntax/typescript-non-null-satisfies.test.ts
 PASS js-fuzzer-closure-1aeaf5107cc9.js [9828/10000] status=ok obs=b53b3a3d6ab9 coverage=+0/32/38 time=1ms
  RUN js-fuzzer-corpus-797f152bf878.js [9829/10000] md5=797f152bf878d5049066c6db6d2360b3 bytes=355 template=corpus origin=tests/corpus/fixtures/job-workflow.test.js
 PASS js-fuzzer-corpus-797f152bf878.js [9829/10000] status=ok obs=b9de0628c8ec coverage=+0/32/38 time=2ms
  RUN js-fuzzer-loop-55c7c905bffb.js [9830/10000] md5=55c7c905bffb4bbbc4c8fb9b91df6ad8 bytes=81 template=loop origin=seed:tests/corpus/fixtures/state-machine-workflow.test.js
 PASS js-fuzzer-loop-55c7c905bffb.js [9830/10000] status=ok obs=eccbc87e4b5c coverage=+0/32/38 time=2ms
  RUN js-fuzzer-try-catch-ecee5cf418be.js [9831/10000] md5=ecee5cf418beff71c62f1aeee5aa3045 bytes=109 template=try-catch origin=seed:tests/corpus/fixtures/vue-script-workflow.test.vue
 PASS js-fuzzer-try-catch-ecee5cf418be.js [9831/10000] status=ok obs=45c48cce2e2d coverage=+0/32/38 time=2ms
  RUN js-fuzzer-class-587587295e00.js [9832/10000] md5=587587295e0075a0a19c4572e53274fe bytes=101 template=class origin=seed:tests/corpus/obfuscation/constant-tag-mix.test.js
 PASS js-fuzzer-class-587587295e00.js [9832/10000] status=ok obs=1f0e3dad9990 coverage=+0/32/38 time=1ms
  RUN js-fuzzer-arithmetic-77a78d660c33.js [9833/10000] md5=77a78d660c33c9fdab2189fc7d51ec30 bytes=84 template=arithmetic origin=seed:tests/corpus/obfuscation/extern-slot-permutation.test.js
 PASS js-fuzzer-arithmetic-77a78d660c33.js [9833/10000] status=ok obs=a597e50502f5 coverage=+0/32/38 time=2ms
  RUN js-fuzzer-function-d9597d28535f.js [9834/10000] md5=d9597d28535fd2b10f5ca10cf87a7bb6 bytes=153 template=function origin=seed:tests/corpus/obfuscation/externs-console.test.js
 PASS js-fuzzer-function-d9597d28535f.js [9834/10000] status=ok obs=6f4922f45568 coverage=+0/32/38 time=2ms
  RUN js-fuzzer-array-object-65c6721b52b0.js [9835/10000] md5=65c6721b52b08a0ab09afd1546fc3c5a bytes=133 template=array-object origin=seed:tests/corpus/obfuscation/seed-sensitive-functions.test.js
 PASS js-fuzzer-array-object-65c6721b52b0.js [9835/10000] status=ok obs=aab3238922bc coverage=+0/32/38 time=2ms
  RUN js-fuzzer-boundary-83aee5cf07de.js [9836/10000] md5=83aee5cf07deb9d5ce59aec8aff7a227 bytes=128 template=boundary origin=boundary:9007199254740991
 PASS js-fuzzer-boundary-83aee5cf07de.js [9836/10000] status=ok obs=8bfa9ad090fb coverage=+0/32/38 time=1ms
  RUN js-fuzzer-block-scope-457ab2a38efb.js [9837/10000] md5=457ab2a38efb9670e933edf492eb7c27 bytes=114 template=block-scope origin=seed:tests/corpus/regressions/multiple-functions-fib-add.test.js
 PASS js-fuzzer-block-scope-457ab2a38efb.js [9837/10000] status=ok obs=65b9eea6e1cc coverage=+0/32/38 time=2ms
  RUN js-fuzzer-corpus-c28cfb056309.js [9838/10000] md5=c28cfb056309f2a77f8bd9756b123c54 bytes=147 template=corpus origin=tests/corpus/regressions/scope-compressed-closure-params.test.js
 PASS js-fuzzer-corpus-c28cfb056309.js [9838/10000] status=ok obs=c51ce410c124 coverage=+0/32/38 time=1ms
  RUN js-fuzzer-try-catch-136d1b3d4ffd.js [9839/10000] md5=136d1b3d4ffdac816022c9faabe622ca bytes=110 template=try-catch origin=seed:tests/corpus/runtime/arrays-objects-methods.test.js
 PASS js-fuzzer-try-catch-136d1b3d4ffd.js [9839/10000] status=ok obs=9bf31c7ff062 coverage=+0/32/38 time=2ms
  RUN js-fuzzer-class-a365d1a76b7b.js [9840/10000] md5=a365d1a76b7b0d4310621afa7caac433 bytes=100 template=class origin=seed:tests/corpus/runtime/block-scopes.test.js
 PASS js-fuzzer-class-a365d1a76b7b.js [9840/10000] status=ok obs=8f14e45fceea coverage=+0/32/38 time=1ms
  RUN js-fuzzer-arithmetic-8e2d2c6af5b5.js [9841/10000] md5=8e2d2c6af5b5a7270871cda3bdfc41f3 bytes=85 template=arithmetic origin=seed:tests/corpus/runtime/class-fields-static-methods.test.js
 PASS js-fuzzer-arithmetic-8e2d2c6af5b5.js [9841/10000] status=ok obs=36660e59856b coverage=+0/32/38 time=1ms
  RUN js-fuzzer-function-c472354a037a.js [9842/10000] md5=c472354a037a48d197cd60b4e04af6e0 bytes=153 template=function origin=seed:tests/corpus/runtime/classes-and-objects.test.js
 PASS js-fuzzer-function-c472354a037a.js [9842/10000] status=ok obs=02e74f10e032 coverage=+0/32/38 time=2ms
  RUN js-fuzzer-boundary-ac080ee0add8.js [9843/10000] md5=ac080ee0add8a3967f40d078a13e076b bytes=122 template=boundary origin=boundary:2147483647
 PASS js-fuzzer-boundary-ac080ee0add8.js [9843/10000] status=ok obs=c588c0a459f4 coverage=+0/32/38 time=2ms
  RUN js-fuzzer-closure-49dc37aa6bac.js [9844/10000] md5=49dc37aa6baca0704b6599281941cc7a bytes=184 template=closure origin=seed:tests/corpus/runtime/closures-read-captured-values.test.js
 PASS js-fuzzer-closure-49dc37aa6bac.js [9844/10000] status=ok obs=a5bfc9e07964 coverage=+0/32/38 time=2ms
  RUN js-fuzzer-block-scope-1710f6c285b6.js [9845/10000] md5=1710f6c285b609c0c107add81be6ddb8 bytes=115 template=block-scope origin=seed:tests/corpus/runtime/exceptions-and-nullish.test.js
 PASS js-fuzzer-block-scope-1710f6c285b6.js [9845/10000] status=ok obs=5f93f983524d coverage=+0/32/38 time=1ms
  RUN js-fuzzer-loop-f495ca2fc638.js [9846/10000] md5=f495ca2fc6389f933578fc501f5b1465 bytes=81 template=loop origin=seed:tests/corpus/runtime/functions-closures-and-arrows.test.js
 PASS js-fuzzer-loop-f495ca2fc638.js [9846/10000] status=ok obs=c4ca4238a0b9 coverage=+0/32/38 time=2ms
  RUN js-fuzzer-corpus-463d4dee8a1f.js [9847/10000] md5=463d4dee8a1f930fa8af57a704cacf3e bytes=232 template=corpus origin=tests/corpus/runtime/lexical-shadowing.test.js
 PASS js-fuzzer-corpus-463d4dee8a1f.js [9847/10000] status=ok obs=c51ce410c124 coverage=+0/32/38 time=2ms
  RUN js-fuzzer-class-a35a4dd2f302.js [9848/10000] md5=a35a4dd2f302fda9a0e8d6e2c980c283 bytes=101 template=class origin=seed:tests/corpus/runtime/modules-export.test.js
 PASS js-fuzzer-class-a35a4dd2f302.js [9848/10000] status=ok obs=9bf31c7ff062 coverage=+0/32/38 time=1ms
  RUN js-fuzzer-arithmetic-f0d3cdee1bd8.js [9849/10000] md5=f0d3cdee1bd803d2312769f7f2eaa5a3 bytes=83 template=arithmetic origin=seed:tests/corpus/runtime/nested-try-finally.test.js
 PASS js-fuzzer-arithmetic-f0d3cdee1bd8.js [9849/10000] status=ok obs=e2ef524fbf3d coverage=+0/32/38 time=2ms
  RUN js-fuzzer-boundary-85faf3787c26.js [9850/10000] md5=85faf3787c26ca3bad9215a544873988 bytes=113 template=boundary origin=boundary:2
 PASS js-fuzzer-boundary-85faf3787c26.js [9850/10000] status=ok obs=c81e728d9d4c coverage=+0/32/38 time=2ms
  RUN js-fuzzer-array-object-e188a0cc31ad.js [9851/10000] md5=e188a0cc31ad791ca29c4c0f98c79a37 bytes=133 template=array-object origin=seed:tests/corpus/syntax/logical-unary-nullish.test.js
 PASS js-fuzzer-array-object-e188a0cc31ad.js [9851/10000] status=ok obs=c51ce410c124 coverage=+0/32/38 time=1ms
  RUN js-fuzzer-closure-fb27791f2093.js [9852/10000] md5=fb27791f2093d8754efa60eec8ca50dd bytes=183 template=closure origin=seed:tests/corpus/syntax/object-destructure-and-members.test.js
 PASS js-fuzzer-closure-fb27791f2093.js [9852/10000] status=ok obs=70efdf2ec9b0 coverage=+0/32/38 time=2ms
  RUN js-fuzzer-block-scope-4f1e8fb21449.js [9853/10000] md5=4f1e8fb21449121358f481696e6b75c9 bytes=115 template=block-scope origin=seed:tests/corpus/syntax/switch-do-while-sequence.test.js
 PASS js-fuzzer-block-scope-4f1e8fb21449.js [9853/10000] status=ok obs=5f93f983524d coverage=+0/32/38 time=1ms
  RUN js-fuzzer-loop-54e460cecf5c.js [9854/10000] md5=54e460cecf5c05dfcffaa3b2e5f57445 bytes=81 template=loop origin=seed:tests/corpus/syntax/template-array-destructure.test.js
 PASS js-fuzzer-loop-54e460cecf5c.js [9854/10000] status=ok obs=d3d9446802a4 coverage=+0/32/38 time=2ms
  RUN js-fuzzer-try-catch-6c711f8bb184.js [9855/10000] md5=6c711f8bb184c228d8b20d70b1aabb73 bytes=109 template=try-catch origin=seed:tests/corpus/syntax/typescript-assertions.test.ts
 PASS js-fuzzer-try-catch-6c711f8bb184.js [9855/10000] status=ok obs=1679091c5a88 coverage=+0/32/38 time=2ms
  RUN js-fuzzer-corpus-e3eeaea0f8a2.js [9856/10000] md5=e3eeaea0f8a2c5d5b650d4007cf78b4a bytes=104 template=corpus origin=tests/corpus/syntax/typescript-non-null-satisfies.test.ts
 PASS js-fuzzer-corpus-e3eeaea0f8a2.js [9856/10000] status=ok obs=d3d9446802a4 coverage=+0/32/38 time=2ms
  RUN js-fuzzer-boundary-2f35f880f964.js [9857/10000] md5=2f35f880f96468b375c4e71feba05308 bytes=113 template=boundary origin=boundary:1
 PASS js-fuzzer-boundary-2f35f880f964.js [9857/10000] status=ok obs=c4ca4238a0b9 coverage=+0/32/38 time=1ms
  RUN js-fuzzer-function-134a85d12098.js [9858/10000] md5=134a85d120985077bd24a3a53ac64560 bytes=153 template=function origin=seed:tests/corpus/fixtures/state-machine-workflow.test.js
 PASS js-fuzzer-function-134a85d12098.js [9858/10000] status=ok obs=1679091c5a88 coverage=+0/32/38 time=2ms
  RUN js-fuzzer-array-object-4b1569032aeb.js [9859/10000] md5=4b1569032aebf584981c9ef12980bb56 bytes=133 template=array-object origin=seed:tests/corpus/fixtures/vue-script-workflow.test.vue
 PASS js-fuzzer-array-object-4b1569032aeb.js [9859/10000] status=ok obs=aab3238922bc coverage=+0/32/38 time=2ms
  RUN js-fuzzer-closure-3e6eed0bc8b7.js [9860/10000] md5=3e6eed0bc8b7c647584f7247658fca21 bytes=184 template=closure origin=seed:tests/corpus/obfuscation/constant-tag-mix.test.js
 PASS js-fuzzer-closure-3e6eed0bc8b7.js [9860/10000] status=ok obs=d09bf41544a3 coverage=+0/32/38 time=1ms
  RUN js-fuzzer-block-scope-44cafb6befe2.js [9861/10000] md5=44cafb6befe24e59679ce6282a34c7e0 bytes=114 template=block-scope origin=seed:tests/corpus/obfuscation/extern-slot-permutation.test.js
 PASS js-fuzzer-block-scope-44cafb6befe2.js [9861/10000] status=ok obs=a97da629b098 coverage=+0/32/38 time=2ms
  RUN js-fuzzer-loop-f495ca2fc638.js [9862/10000] md5=f495ca2fc6389f933578fc501f5b1465 bytes=81 template=loop origin=seed:tests/corpus/obfuscation/externs-console.test.js
 PASS js-fuzzer-loop-f495ca2fc638.js [9862/10000] status=ok obs=c4ca4238a0b9 coverage=+0/32/38 time=2ms
  RUN js-fuzzer-try-catch-8d9c7d254dda.js [9863/10000] md5=8d9c7d254ddaafdc283e844d5d9a6231 bytes=109 template=try-catch origin=seed:tests/corpus/obfuscation/seed-sensitive-functions.test.js
 PASS js-fuzzer-try-catch-8d9c7d254dda.js [9863/10000] status=ok obs=a87ff679a2f3 coverage=+0/32/38 time=1ms
  RUN js-fuzzer-boundary-37492c99ff33.js [9864/10000] md5=37492c99ff33e9d5e09e0b8e84ba785a bytes=129 template=boundary origin=boundary:-9007199254740991
 PASS js-fuzzer-boundary-37492c99ff33.js [9864/10000] status=ok obs=b3f3a95848f6 coverage=+0/32/38 time=2ms
  RUN js-fuzzer-corpus-ad9ed8746461.js [9865/10000] md5=ad9ed87464611c6dd81b04b3754c760c bytes=214 template=corpus origin=tests/corpus/regressions/multiple-functions-fib-add.test.js
 PASS js-fuzzer-corpus-ad9ed8746461.js [9865/10000] status=ok obs=3c59dc048e88 coverage=+0/32/38 time=2ms
  RUN js-fuzzer-function-1bdd3cdc8039.js [9866/10000] md5=1bdd3cdc8039303572ffd714360b1f25 bytes=153 template=function origin=seed:tests/corpus/regressions/scope-compressed-closure-params.test.js
 PASS js-fuzzer-function-1bdd3cdc8039.js [9866/10000] status=ok obs=37693cfc7480 coverage=+0/32/38 time=2ms
  RUN js-fuzzer-array-object-906a2edc8f69.js [9867/10000] md5=906a2edc8f69e01faca9486b0ab4c73e bytes=133 template=array-object origin=seed:tests/corpus/runtime/arrays-objects-methods.test.js
 PASS js-fuzzer-array-object-906a2edc8f69.js [9867/10000] status=ok obs=c9f0f895fb98 coverage=+0/32/38 time=1ms
  RUN js-fuzzer-closure-e5bfbc15ff3a.js [9868/10000] md5=e5bfbc15ff3ac6527c20096df74b6599 bytes=183 template=closure origin=seed:tests/corpus/runtime/block-scopes.test.js
 PASS js-fuzzer-closure-e5bfbc15ff3a.js [9868/10000] status=ok obs=1f0e3dad9990 coverage=+0/32/38 time=2ms
  RUN js-fuzzer-block-scope-7b0d8f9b9b67.js [9869/10000] md5=7b0d8f9b9b67aa367e1c074d91bfcec6 bytes=114 template=block-scope origin=seed:tests/corpus/runtime/class-fields-static-methods.test.js
 PASS js-fuzzer-block-scope-7b0d8f9b9b67.js [9869/10000] status=ok obs=2723d092b638 coverage=+0/32/38 time=1ms
  RUN js-fuzzer-loop-bbf1d7a15d8d.js [9870/10000] md5=bbf1d7a15d8dd015402d75c0e0108b5f bytes=81 template=loop origin=seed:tests/corpus/runtime/classes-and-objects.test.js
 PASS js-fuzzer-loop-bbf1d7a15d8d.js [9870/10000] status=ok obs=1679091c5a88 coverage=+0/32/38 time=2ms
  RUN js-fuzzer-boundary-512d8e9b531d.js [9871/10000] md5=512d8e9b531dd316e823325cc949e70e bytes=123 template=boundary origin=boundary:-2147483648
 PASS js-fuzzer-boundary-512d8e9b531d.js [9871/10000] status=ok obs=034ff5946105 coverage=+0/32/38 time=2ms
  RUN js-fuzzer-class-47fbd3db5853.js [9872/10000] md5=47fbd3db58539fc2e42627a4f3168c79 bytes=101 template=class origin=seed:tests/corpus/runtime/closures-read-captured-values.test.js
 PASS js-fuzzer-class-47fbd3db5853.js [9872/10000] status=ok obs=98f137082101 coverage=+0/32/38 time=1ms
  RUN js-fuzzer-arithmetic-da6dabc50fb9.js [9873/10000] md5=da6dabc50fb99d98629a568b217dd7c0 bytes=85 template=arithmetic origin=seed:tests/corpus/runtime/exceptions-and-nullish.test.js
 PASS js-fuzzer-arithmetic-da6dabc50fb9.js [9873/10000] status=ok obs=67c6a1e7ce56 coverage=+0/32/38 time=2ms
  RUN js-fuzzer-corpus-72746d071c58.js [9874/10000] md5=72746d071c58fadd9399bc8934c30553 bytes=197 template=corpus origin=tests/corpus/runtime/functions-closures-and-arrows.test.js
 PASS js-fuzzer-corpus-72746d071c58.js [9874/10000] status=ok obs=c74d97b01eae coverage=+0/32/38 time=2ms
  RUN js-fuzzer-array-object-c3f5cbf7f137.js [9875/10000] md5=c3f5cbf7f1374bcdad6d2e48dad2c278 bytes=133 template=array-object origin=seed:tests/corpus/runtime/lexical-shadowing.test.js
 PASS js-fuzzer-array-object-c3f5cbf7f137.js [9875/10000] status=ok obs=aab3238922bc coverage=+0/32/38 time=2ms
  RUN js-fuzzer-closure-17b2db1318a2.js [9876/10000] md5=17b2db1318a228f8a98b3200f104846b bytes=184 template=closure origin=seed:tests/corpus/runtime/modules-export.test.js
 PASS js-fuzzer-closure-17b2db1318a2.js [9876/10000] status=ok obs=6c8349cc7260 coverage=+0/32/38 time=1ms
  RUN js-fuzzer-block-scope-8f840eb525e6.js [9877/10000] md5=8f840eb525e6e000702e158647a4de1c bytes=114 template=block-scope origin=seed:tests/corpus/runtime/nested-try-finally.test.js
 PASS js-fuzzer-block-scope-8f840eb525e6.js [9877/10000] status=ok obs=2723d092b638 coverage=+0/32/38 time=2ms
  RUN js-fuzzer-boundary-db03eeac3914.js [9878/10000] md5=db03eeac3914e8f0a7bfea9eefe9f0de bytes=114 template=boundary origin=boundary:-2
 PASS js-fuzzer-boundary-db03eeac3914.js [9878/10000] status=ok obs=5d7b9adcbe1c coverage=+0/32/38 time=1ms
  RUN js-fuzzer-try-catch-8a297d00e90e.js [9879/10000] md5=8a297d00e90eb93174a6d6eeae5be951 bytes=110 template=try-catch origin=seed:tests/corpus/syntax/logical-unary-nullish.test.js
 PASS js-fuzzer-try-catch-8a297d00e90e.js [9879/10000] status=ok obs=98f137082101 coverage=+0/32/38 time=2ms
  RUN js-fuzzer-class-51ea152a707e.js [9880/10000] md5=51ea152a707ed5422ab3e5b3ddb7fe43 bytes=100 template=class origin=seed:tests/corpus/syntax/object-destructure-and-members.test.js
 PASS js-fuzzer-class-51ea152a707e.js [9880/10000] status=ok obs=e4da3b7fbbce coverage=+0/32/38 time=2ms
  RUN js-fuzzer-arithmetic-ab4b76da1845.js [9881/10000] md5=ab4b76da18458f6294d92fab1efe3fb0 bytes=84 template=arithmetic origin=seed:tests/corpus/syntax/switch-do-while-sequence.test.js
 PASS js-fuzzer-arithmetic-ab4b76da1845.js [9881/10000] status=ok obs=6f4922f45568 coverage=+0/32/38 time=1ms
  RUN js-fuzzer-function-3c5d7cd75696.js [9882/10000] md5=3c5d7cd75696cd405bd2fe4a10121d7f bytes=153 template=function origin=seed:tests/corpus/syntax/template-array-destructure.test.js
 PASS js-fuzzer-function-3c5d7cd75696.js [9882/10000] status=ok obs=c20ad4d76fe9 coverage=+0/32/38 time=2ms
  RUN js-fuzzer-corpus-57a83a4b020d.js [9883/10000] md5=57a83a4b020d4b85b42b0a3709f283ad bytes=130 template=corpus origin=tests/corpus/syntax/typescript-assertions.test.ts
 PASS js-fuzzer-corpus-57a83a4b020d.js [9883/10000] status=ok obs=45c48cce2e2d coverage=+0/32/38 time=2ms
  RUN js-fuzzer-closure-073b36d8ff38.js [9884/10000] md5=073b36d8ff3888c58d5fd0f3294acf05 bytes=184 template=closure origin=seed:tests/corpus/syntax/typescript-non-null-satisfies.test.ts
 PASS js-fuzzer-closure-073b36d8ff38.js [9884/10000] status=ok obs=03afdbd66e79 coverage=+0/32/38 time=1ms
  RUN js-fuzzer-boundary-61a9a82f5f08.js [9885/10000] md5=61a9a82f5f08bc177f13c805ba785d7d bytes=114 template=boundary origin=boundary:-1
 PASS js-fuzzer-boundary-61a9a82f5f08.js [9885/10000] status=ok obs=6bb61e3b7bce coverage=+0/32/38 time=2ms
  RUN js-fuzzer-loop-bbf1d7a15d8d.js [9886/10000] md5=bbf1d7a15d8dd015402d75c0e0108b5f bytes=81 template=loop origin=seed:tests/corpus/fixtures/state-machine-workflow.test.js
 PASS js-fuzzer-loop-bbf1d7a15d8d.js [9886/10000] status=ok obs=1679091c5a88 coverage=+0/32/38 time=1ms
  RUN js-fuzzer-try-catch-a4e2330c4919.js [9887/10000] md5=a4e2330c49196805169dbf8449e466fa bytes=110 template=try-catch origin=seed:tests/corpus/fixtures/vue-script-workflow.test.vue
 PASS js-fuzzer-try-catch-a4e2330c4919.js [9887/10000] status=ok obs=3c59dc048e88 coverage=+0/32/38 time=2ms
  RUN js-fuzzer-class-7c36fc3c0ad4.js [9888/10000] md5=7c36fc3c0ad4461d5dbbcd7afdfb6b5c bytes=101 template=class origin=seed:tests/corpus/obfuscation/constant-tag-mix.test.js
 PASS js-fuzzer-class-7c36fc3c0ad4.js [9888/10000] status=ok obs=d3d9446802a4 coverage=+0/32/38 time=1ms
  RUN js-fuzzer-arithmetic-fbdd88ee7d20.js [9889/10000] md5=fbdd88ee7d205a9164501fc3cd719f98 bytes=84 template=arithmetic origin=seed:tests/corpus/obfuscation/extern-slot-permutation.test.js
 PASS js-fuzzer-arithmetic-fbdd88ee7d20.js [9889/10000] status=ok obs=70efdf2ec9b0 coverage=+0/32/38 time=2ms
  RUN js-fuzzer-function-805986a3b478.js [9890/10000] md5=805986a3b4784e72cf43592e25340692 bytes=153 template=function origin=seed:tests/corpus/obfuscation/externs-console.test.js
 PASS js-fuzzer-function-805986a3b478.js [9890/10000] status=ok obs=c51ce410c124 coverage=+0/32/38 time=2ms
  RUN js-fuzzer-array-object-197082a2eee5.js [9891/10000] md5=197082a2eee5a749699224b6f957f384 bytes=133 template=array-object origin=seed:tests/corpus/obfuscation/seed-sensitive-functions.test.js
 PASS js-fuzzer-array-object-197082a2eee5.js [9891/10000] status=ok obs=8f14e45fceea coverage=+0/32/38 time=2ms
  RUN js-fuzzer-corpus-79643e915862.js [9892/10000] md5=79643e91586251700d34c0c65a0220da bytes=89 template=corpus origin=tests/corpus/regressions/destructuring-lowers-to-member.test.js
 PASS js-fuzzer-corpus-79643e915862.js [9892/10000] status=ok obs=eccbc87e4b5c coverage=+0/32/38 time=1ms
  RUN js-fuzzer-block-scope-6f7d6ccfdb3a.js [9893/10000] md5=6f7d6ccfdb3a011fdc3385fc6130aa3b bytes=114 template=block-scope origin=seed:tests/corpus/regressions/multiple-functions-fib-add.test.js
 PASS js-fuzzer-block-scope-6f7d6ccfdb3a.js [9893/10000] status=ok obs=a3c65c297427 coverage=+0/32/38 time=2ms
  RUN js-fuzzer-loop-b88258462a8d.js [9894/10000] md5=b88258462a8d880f8b0e459fa23b2536 bytes=81 template=loop origin=seed:tests/corpus/regressions/scope-compressed-closure-params.test.js
 PASS js-fuzzer-loop-b88258462a8d.js [9894/10000] status=ok obs=3c59dc048e88 coverage=+0/32/38 time=1ms
  RUN js-fuzzer-try-catch-081c74da6bdb.js [9895/10000] md5=081c74da6bdbcec08ff71798dacff9f1 bytes=110 template=try-catch origin=seed:tests/corpus/runtime/arrays-objects-methods.test.js
 PASS js-fuzzer-try-catch-081c74da6bdb.js [9895/10000] status=ok obs=6c8349cc7260 coverage=+0/32/38 time=1ms
  RUN js-fuzzer-class-d8979b510eb0.js [9896/10000] md5=d8979b510eb085c9e0e846586f80f265 bytes=101 template=class origin=seed:tests/corpus/runtime/block-scopes.test.js
 PASS js-fuzzer-class-d8979b510eb0.js [9896/10000] status=ok obs=c74d97b01eae coverage=+0/32/38 time=2ms
  RUN js-fuzzer-arithmetic-a799aaed85db.js [9897/10000] md5=a799aaed85db4a881c5a2b82c6e4d903 bytes=84 template=arithmetic origin=seed:tests/corpus/runtime/class-fields-static-methods.test.js
 PASS js-fuzzer-arithmetic-a799aaed85db.js [9897/10000] status=ok obs=812b4ba287f5 coverage=+0/32/38 time=1ms
  RUN js-fuzzer-function-2a74733dc731.js [9898/10000] md5=2a74733dc7313f8fa40f843496dd9ed4 bytes=153 template=function origin=seed:tests/corpus/runtime/classes-and-objects.test.js
 PASS js-fuzzer-function-2a74733dc731.js [9898/10000] status=ok obs=45c48cce2e2d coverage=+0/32/38 time=2ms
  RUN js-fuzzer-boundary-83aee5cf07de.js [9899/10000] md5=83aee5cf07deb9d5ce59aec8aff7a227 bytes=128 template=boundary origin=boundary:9007199254740991
 PASS js-fuzzer-boundary-83aee5cf07de.js [9899/10000] status=ok obs=8bfa9ad090fb coverage=+0/32/38 time=1ms
  RUN js-fuzzer-closure-59e825e2024b.js [9900/10000] md5=59e825e2024b576d2fc87965df9d6e7c bytes=184 template=closure origin=seed:tests/corpus/runtime/closures-read-captured-values.test.js
 PASS js-fuzzer-closure-59e825e2024b.js [9900/10000] status=ok obs=6c8349cc7260 coverage=+0/32/38 time=2ms
  RUN js-fuzzer-corpus-cf8fb96e8476.js [9901/10000] md5=cf8fb96e8476c262b73583c86dd80821 bytes=178 template=corpus origin=tests/corpus/runtime/exceptions-and-nullish.test.js
 PASS js-fuzzer-corpus-cf8fb96e8476.js [9901/10000] status=ok obs=24ed5e8718fc coverage=+0/32/38 time=2ms
  RUN js-fuzzer-loop-d35707ad0bf7.js [9902/10000] md5=d35707ad0bf74148f671ad8943998af6 bytes=81 template=loop origin=seed:tests/corpus/runtime/functions-closures-and-arrows.test.js
 PASS js-fuzzer-loop-d35707ad0bf7.js [9902/10000] status=ok obs=9bf31c7ff062 coverage=+0/32/38 time=1ms
  RUN js-fuzzer-try-catch-ecde19ac059d.js [9903/10000] md5=ecde19ac059dab5b524e2da1cfde28b0 bytes=110 template=try-catch origin=seed:tests/corpus/runtime/lexical-shadowing.test.js
 PASS js-fuzzer-try-catch-ecde19ac059d.js [9903/10000] status=ok obs=f457c545a9de coverage=+0/32/38 time=2ms
  RUN js-fuzzer-class-5baf4bed5db4.js [9904/10000] md5=5baf4bed5db4f8205173226efc8fff73 bytes=101 template=class origin=seed:tests/corpus/runtime/modules-export.test.js
 PASS js-fuzzer-class-5baf4bed5db4.js [9904/10000] status=ok obs=6f4922f45568 coverage=+0/32/38 time=1ms
  RUN js-fuzzer-arithmetic-fc4a14811ccf.js [9905/10000] md5=fc4a14811ccfc5c7804ab0b9f8da9c4c bytes=85 template=arithmetic origin=seed:tests/corpus/runtime/nested-try-finally.test.js
 PASS js-fuzzer-arithmetic-fc4a14811ccf.js [9905/10000] status=ok obs=38af86134b65 coverage=+0/32/38 time=2ms
  RUN js-fuzzer-boundary-ac080ee0add8.js [9906/10000] md5=ac080ee0add8a3967f40d078a13e076b bytes=122 template=boundary origin=boundary:2147483647
 PASS js-fuzzer-boundary-ac080ee0add8.js [9906/10000] status=ok obs=c588c0a459f4 coverage=+0/32/38 time=2ms
  RUN js-fuzzer-array-object-3e061f21d3f1.js [9907/10000] md5=3e061f21d3f1952ec8cdd3e762a65b59 bytes=133 template=array-object origin=seed:tests/corpus/syntax/logical-unary-nullish.test.js
 PASS js-fuzzer-array-object-3e061f21d3f1.js [9907/10000] status=ok obs=c9f0f895fb98 coverage=+0/32/38 time=1ms
  RUN js-fuzzer-closure-99f2edf84ece.js [9908/10000] md5=99f2edf84ece2347640637b36f154f70 bytes=184 template=closure origin=seed:tests/corpus/syntax/object-destructure-and-members.test.js
 PASS js-fuzzer-closure-99f2edf84ece.js [9908/10000] status=ok obs=d67d8ab4f4c1 coverage=+0/32/38 time=2ms
  RUN js-fuzzer-block-scope-22350315fdba.js [9909/10000] md5=22350315fdba97efbf9aea25de3706e4 bytes=114 template=block-scope origin=seed:tests/corpus/syntax/switch-do-while-sequence.test.js
 PASS js-fuzzer-block-scope-22350315fdba.js [9909/10000] status=ok obs=2723d092b638 coverage=+0/32/38 time=1ms
  RUN js-fuzzer-corpus-ff388659a641.js [9910/10000] md5=ff388659a6419d1e6e01ce4e7151a52e bytes=135 template=corpus origin=tests/corpus/syntax/template-array-destructure.test.js
 PASS js-fuzzer-corpus-ff388659a641.js [9910/10000] status=ok obs=f61c9a8be43c coverage=+0/32/38 time=2ms
  RUN js-fuzzer-try-catch-4a24aaf1e66a.js [9911/10000] md5=4a24aaf1e66a8b823f90ea06221a0572 bytes=110 template=try-catch origin=seed:tests/corpus/syntax/typescript-assertions.test.ts
 PASS js-fuzzer-try-catch-4a24aaf1e66a.js [9911/10000] status=ok obs=d67d8ab4f4c1 coverage=+0/32/38 time=2ms
  RUN js-fuzzer-class-3b630e2d834a.js [9912/10000] md5=3b630e2d834a95a01ee75571f8bc0075 bytes=101 template=class origin=seed:tests/corpus/syntax/typescript-non-null-satisfies.test.ts
 PASS js-fuzzer-class-3b630e2d834a.js [9912/10000] status=ok obs=6512bd43d9ca coverage=+0/32/38 time=1ms
  RUN js-fuzzer-boundary-221618e58a55.js [9913/10000] md5=221618e58a55537e4dc7530ef9f57aaf bytes=113 template=boundary origin=boundary:2
 PASS js-fuzzer-boundary-221618e58a55.js [9913/10000] status=ok obs=c81e728d9d4c coverage=+0/32/38 time=2ms
  RUN js-fuzzer-function-288d473b3a74.js [9914/10000] md5=288d473b3a7495d967aff826da7d201e bytes=153 template=function origin=seed:tests/corpus/fixtures/state-machine-workflow.test.js
 PASS js-fuzzer-function-288d473b3a74.js [9914/10000] status=ok obs=aab3238922bc coverage=+0/32/38 time=2ms
  RUN js-fuzzer-array-object-72b5302c5115.js [9915/10000] md5=72b5302c5115f6960fd6523023715cec bytes=133 template=array-object origin=seed:tests/corpus/fixtures/vue-script-workflow.test.vue
 PASS js-fuzzer-array-object-72b5302c5115.js [9915/10000] status=ok obs=d3d9446802a4 coverage=+0/32/38 time=2ms
  RUN js-fuzzer-closure-45be6fe353e4.js [9916/10000] md5=45be6fe353e4f7b54f8e5459beab4f4b bytes=184 template=closure origin=seed:tests/corpus/obfuscation/constant-tag-mix.test.js
 PASS js-fuzzer-closure-45be6fe353e4.js [9916/10000] status=ok obs=c16a5320fa47 coverage=+0/32/38 time=1ms
  RUN js-fuzzer-block-scope-485fb58c1fad.js [9917/10000] md5=485fb58c1fad4717cf5e978b3f28ce68 bytes=114 template=block-scope origin=seed:tests/corpus/obfuscation/extern-slot-permutation.test.js
 PASS js-fuzzer-block-scope-485fb58c1fad.js [9917/10000] status=ok obs=65b9eea6e1cc coverage=+0/32/38 time=2ms
  RUN js-fuzzer-loop-f495ca2fc638.js [9918/10000] md5=f495ca2fc6389f933578fc501f5b1465 bytes=81 template=loop origin=seed:tests/corpus/obfuscation/externs-console.test.js
 PASS js-fuzzer-loop-f495ca2fc638.js [9918/10000] status=ok obs=c4ca4238a0b9 coverage=+0/32/38 time=2ms
  RUN js-fuzzer-corpus-38ba19d9deb7.js [9919/10000] md5=38ba19d9deb7566cc8a420c27ada3f21 bytes=136 template=corpus origin=tests/corpus/obfuscation/seed-sensitive-functions.test.js
 PASS js-fuzzer-corpus-38ba19d9deb7.js [9919/10000] status=ok obs=a5bfc9e07964 coverage=+0/32/38 time=1ms
  RUN js-fuzzer-boundary-2f35f880f964.js [9920/10000] md5=2f35f880f96468b375c4e71feba05308 bytes=113 template=boundary origin=boundary:1
 PASS js-fuzzer-boundary-2f35f880f964.js [9920/10000] status=ok obs=c4ca4238a0b9 coverage=+0/32/38 time=2ms
  RUN js-fuzzer-arithmetic-bd783580d1f5.js [9921/10000] md5=bd783580d1f5b5410ef5b11f381babb8 bytes=85 template=arithmetic origin=seed:tests/corpus/regressions/multiple-functions-fib-add.test.js
 PASS js-fuzzer-arithmetic-bd783580d1f5.js [9921/10000] status=ok obs=9dcb88e01376 coverage=+0/32/38 time=1ms
  RUN js-fuzzer-function-67a4a16b508e.js [9922/10000] md5=67a4a16b508e8efc2a1fbbfc79004c7b bytes=153 template=function origin=seed:tests/corpus/regressions/scope-compressed-closure-params.test.js
 PASS js-fuzzer-function-67a4a16b508e.js [9922/10000] status=ok obs=eccbc87e4b5c coverage=+0/32/38 time=2ms
  RUN js-fuzzer-array-object-bc80e39e33cd.js [9923/10000] md5=bc80e39e33cd089b97cb200d0f8d34c5 bytes=133 template=array-object origin=seed:tests/corpus/runtime/arrays-objects-methods.test.js
 PASS js-fuzzer-array-object-bc80e39e33cd.js [9923/10000] status=ok obs=aab3238922bc coverage=+0/32/38 time=2ms
  RUN js-fuzzer-closure-46c0df446262.js [9924/10000] md5=46c0df446262ff8cd9766c9447c0270b bytes=185 template=closure origin=seed:tests/corpus/runtime/block-scopes.test.js
 PASS js-fuzzer-closure-46c0df446262.js [9924/10000] status=ok obs=14bfa6bb1487 coverage=+0/32/38 time=1ms
  RUN js-fuzzer-block-scope-741e2fdef7a8.js [9925/10000] md5=741e2fdef7a88eb9a4bedb77b8a949ae bytes=114 template=block-scope origin=seed:tests/corpus/runtime/class-fields-static-methods.test.js
 PASS js-fuzzer-block-scope-741e2fdef7a8.js [9925/10000] status=ok obs=65b9eea6e1cc coverage=+0/32/38 time=2ms
  RUN js-fuzzer-loop-f495ca2fc638.js [9926/10000] md5=f495ca2fc6389f933578fc501f5b1465 bytes=81 template=loop origin=seed:tests/corpus/runtime/classes-and-objects.test.js
 PASS js-fuzzer-loop-f495ca2fc638.js [9926/10000] status=ok obs=c4ca4238a0b9 coverage=+0/32/38 time=2ms
  RUN js-fuzzer-boundary-e62759fbe8d3.js [9927/10000] md5=e62759fbe8d36ad2cfb89a0f8bac18b9 bytes=129 template=boundary origin=boundary:-9007199254740991
 PASS js-fuzzer-boundary-e62759fbe8d3.js [9927/10000] status=ok obs=b3f3a95848f6 coverage=+0/32/38 time=1ms
  RUN js-fuzzer-corpus-08bc93bf5789.js [9928/10000] md5=08bc93bf57897bc88ce7161fe56cd099 bytes=169 template=corpus origin=tests/corpus/runtime/closures-read-captured-values.test.js
 PASS js-fuzzer-corpus-08bc93bf5789.js [9928/10000] status=ok obs=02e74f10e032 coverage=+0/32/38 time=2ms
  RUN js-fuzzer-arithmetic-87b53ad5542e.js [9929/10000] md5=87b53ad5542e80a0e482658cd3241a74 bytes=84 template=arithmetic origin=seed:tests/corpus/runtime/exceptions-and-nullish.test.js
 PASS js-fuzzer-arithmetic-87b53ad5542e.js [9929/10000] status=ok obs=5f93f983524d coverage=+0/32/38 time=1ms
  RUN js-fuzzer-function-66ad482026b9.js [9930/10000] md5=66ad482026b9df67ec5d25c1cce4c653 bytes=153 template=function origin=seed:tests/corpus/runtime/functions-closures-and-arrows.test.js
 PASS js-fuzzer-function-66ad482026b9.js [9930/10000] status=ok obs=6512bd43d9ca coverage=+0/32/38 time=2ms
  RUN js-fuzzer-array-object-dd74c437fd76.js [9931/10000] md5=dd74c437fd76492b8a61abbfbb06e824 bytes=133 template=array-object origin=seed:tests/corpus/runtime/lexical-shadowing.test.js
 PASS js-fuzzer-array-object-dd74c437fd76.js [9931/10000] status=ok obs=98f137082101 coverage=+0/32/38 time=2ms
  RUN js-fuzzer-closure-03ab8f714117.js [9932/10000] md5=03ab8f7141176a2474988b3d913beb25 bytes=183 template=closure origin=seed:tests/corpus/runtime/modules-export.test.js
 PASS js-fuzzer-closure-03ab8f714117.js [9932/10000] status=ok obs=3c59dc048e88 coverage=+0/32/38 time=2ms
  RUN js-fuzzer-block-scope-041ad61d2adf.js [9933/10000] md5=041ad61d2adf327a5cb0cee5a2d4512d bytes=114 template=block-scope origin=seed:tests/corpus/runtime/nested-try-finally.test.js
 PASS js-fuzzer-block-scope-041ad61d2adf.js [9933/10000] status=ok obs=65b9eea6e1cc coverage=+0/32/38 time=1ms
  RUN js-fuzzer-boundary-205872a6e44c.js [9934/10000] md5=205872a6e44c1ea0cf94554af934fb09 bytes=123 template=boundary origin=boundary:-2147483648
 PASS js-fuzzer-boundary-205872a6e44c.js [9934/10000] status=ok obs=034ff5946105 coverage=+0/32/38 time=2ms
  RUN js-fuzzer-try-catch-8eb6765f66fd.js [9935/10000] md5=8eb6765f66fd409e223a9383e9857a4c bytes=109 template=try-catch origin=seed:tests/corpus/syntax/logical-unary-nullish.test.js
 PASS js-fuzzer-try-catch-8eb6765f66fd.js [9935/10000] status=ok obs=6512bd43d9ca coverage=+0/32/38 time=2ms
  RUN js-fuzzer-class-c6bbe0a63455.js [9936/10000] md5=c6bbe0a634559d18fa82cf0c9a421610 bytes=100 template=class origin=seed:tests/corpus/syntax/object-destructure-and-members.test.js
 PASS js-fuzzer-class-c6bbe0a63455.js [9936/10000] status=ok obs=1679091c5a88 coverage=+0/32/38 time=1ms
  RUN js-fuzzer-corpus-2aed353a2d20.js [9937/10000] md5=2aed353a2d200d64cbaf7beb40face20 bytes=275 template=corpus origin=tests/corpus/syntax/switch-do-while-sequence.test.js
 PASS js-fuzzer-corpus-2aed353a2d20.js [9937/10000] status=ok obs=6f4922f45568 coverage=+0/32/38 time=2ms
  RUN js-fuzzer-function-53ef3ed61b76.js [9938/10000] md5=53ef3ed61b76dc45be6c66e5b3206216 bytes=153 template=function origin=seed:tests/corpus/syntax/template-array-destructure.test.js
 PASS js-fuzzer-function-53ef3ed61b76.js [9938/10000] status=ok obs=70efdf2ec9b0 coverage=+0/32/38 time=2ms
  RUN js-fuzzer-array-object-fd355cbca201.js [9939/10000] md5=fd355cbca20116c69fb9bfd978b84992 bytes=133 template=array-object origin=seed:tests/corpus/syntax/typescript-assertions.test.ts
 PASS js-fuzzer-array-object-fd355cbca201.js [9939/10000] status=ok obs=c20ad4d76fe9 coverage=+0/32/38 time=2ms
  RUN js-fuzzer-closure-96763299b510.js [9940/10000] md5=96763299b51016dadfa0705e605fb542 bytes=184 template=closure origin=seed:tests/corpus/syntax/typescript-non-null-satisfies.test.ts
 PASS js-fuzzer-closure-96763299b510.js [9940/10000] status=ok obs=d67d8ab4f4c1 coverage=+0/32/38 time=2ms
  RUN js-fuzzer-boundary-6d89c3a838ae.js [9941/10000] md5=6d89c3a838ae354bda64ec37ec2b63b1 bytes=114 template=boundary origin=boundary:-2
 PASS js-fuzzer-boundary-6d89c3a838ae.js [9941/10000] status=ok obs=5d7b9adcbe1c coverage=+0/32/38 time=1ms
  RUN js-fuzzer-loop-55c7c905bffb.js [9942/10000] md5=55c7c905bffb4bbbc4c8fb9b91df6ad8 bytes=81 template=loop origin=seed:tests/corpus/fixtures/state-machine-workflow.test.js
 PASS js-fuzzer-loop-55c7c905bffb.js [9942/10000] status=ok obs=eccbc87e4b5c coverage=+0/32/38 time=2ms
  RUN js-fuzzer-try-catch-f457fe0c144d.js [9943/10000] md5=f457fe0c144d86e31ce7ae86f7f5c357 bytes=110 template=try-catch origin=seed:tests/corpus/fixtures/vue-script-workflow.test.vue
 PASS js-fuzzer-try-catch-f457fe0c144d.js [9943/10000] status=ok obs=67c6a1e7ce56 coverage=+0/32/38 time=2ms
  RUN js-fuzzer-class-a365d1a76b7b.js [9944/10000] md5=a365d1a76b7b0d4310621afa7caac433 bytes=100 template=class origin=seed:tests/corpus/obfuscation/constant-tag-mix.test.js
 PASS js-fuzzer-class-a365d1a76b7b.js [9944/10000] status=ok obs=8f14e45fceea coverage=+0/32/38 time=1ms
  RUN js-fuzzer-arithmetic-eb3e3d9b6810.js [9945/10000] md5=eb3e3d9b6810421248415ffa20505fee bytes=85 template=arithmetic origin=seed:tests/corpus/obfuscation/extern-slot-permutation.test.js
 PASS js-fuzzer-arithmetic-eb3e3d9b6810.js [9945/10000] status=ok obs=fbd7939d6749 coverage=+0/32/38 time=2ms
  RUN js-fuzzer-corpus-efd663ac427b.js [9946/10000] md5=efd663ac427b5ca270b2f8b928c902bf bytes=112 template=corpus origin=tests/corpus/obfuscation/externs-console.test.js
 PASS js-fuzzer-corpus-efd663ac427b.js [9946/10000] status=ok obs=d289993e39c8 coverage=+0/32/38 time=2ms
  RUN js-fuzzer-array-object-aff77ade5cad.js [9947/10000] md5=aff77ade5cad2d5de7851597e4bbcf44 bytes=133 template=array-object origin=seed:tests/corpus/obfuscation/seed-sensitive-functions.test.js
 PASS js-fuzzer-array-object-aff77ade5cad.js [9947/10000] status=ok obs=6f4922f45568 coverage=+0/32/38 time=1ms
  RUN js-fuzzer-boundary-61a9a82f5f08.js [9948/10000] md5=61a9a82f5f08bc177f13c805ba785d7d bytes=114 template=boundary origin=boundary:-1
 PASS js-fuzzer-boundary-61a9a82f5f08.js [9948/10000] status=ok obs=6bb61e3b7bce coverage=+0/32/38 time=2ms
  RUN js-fuzzer-block-scope-fe383ce7ccda.js [9949/10000] md5=fe383ce7ccda54bed90aad4ecee0cc01 bytes=114 template=block-scope origin=seed:tests/corpus/regressions/multiple-functions-fib-add.test.js
 PASS js-fuzzer-block-scope-fe383ce7ccda.js [9949/10000] status=ok obs=38b3eff8baf5 coverage=+0/32/38 time=2ms
  RUN js-fuzzer-loop-f495ca2fc638.js [9950/10000] md5=f495ca2fc6389f933578fc501f5b1465 bytes=81 template=loop origin=seed:tests/corpus/regressions/scope-compressed-closure-params.test.js
 PASS js-fuzzer-loop-f495ca2fc638.js [9950/10000] status=ok obs=c4ca4238a0b9 coverage=+0/32/38 time=3ms
  RUN js-fuzzer-try-catch-e92e59cfe8b3.js [9951/10000] md5=e92e59cfe8b3da295d2f9e96a4effe15 bytes=109 template=try-catch origin=seed:tests/corpus/runtime/arrays-objects-methods.test.js
 PASS js-fuzzer-try-catch-e92e59cfe8b3.js [9951/10000] status=ok obs=eccbc87e4b5c coverage=+0/32/38 time=1ms
  RUN js-fuzzer-class-d2b3669b495d.js [9952/10000] md5=d2b3669b495dd4792f9e1509f2bbf8a7 bytes=100 template=class origin=seed:tests/corpus/runtime/block-scopes.test.js
 PASS js-fuzzer-class-d2b3669b495d.js [9952/10000] status=ok obs=eccbc87e4b5c coverage=+0/32/38 time=2ms
  RUN js-fuzzer-arithmetic-f871abe543ea.js [9953/10000] md5=f871abe543ea535638faa755f310c116 bytes=85 template=arithmetic origin=seed:tests/corpus/runtime/class-fields-static-methods.test.js
 PASS js-fuzzer-arithmetic-f871abe543ea.js [9953/10000] status=ok obs=3988c7f88ebc coverage=+0/32/38 time=2ms
  RUN js-fuzzer-function-2a74733dc731.js [9954/10000] md5=2a74733dc7313f8fa40f843496dd9ed4 bytes=153 template=function origin=seed:tests/corpus/runtime/classes-and-objects.test.js
 PASS js-fuzzer-function-2a74733dc731.js [9954/10000] status=ok obs=45c48cce2e2d coverage=+0/32/38 time=1ms
  RUN js-fuzzer-corpus-ddcb99247fc8.js [9955/10000] md5=ddcb99247fc847c897b97c6bd6512b9f bytes=217 template=corpus origin=tests/corpus/runtime/closures-mutate-captured-bindings.test.js
 PASS js-fuzzer-corpus-ddcb99247fc8.js [9955/10000] status=ok obs=e4da3b7fbbce coverage=+0/32/38 time=2ms
  RUN js-fuzzer-closure-a913867993c0.js [9956/10000] md5=a913867993c0ca8f628c4726314006a6 bytes=184 template=closure origin=seed:tests/corpus/runtime/closures-read-captured-values.test.js
 PASS js-fuzzer-closure-a913867993c0.js [9956/10000] status=ok obs=6ea9ab1baa0e coverage=+0/32/38 time=2ms
  RUN js-fuzzer-block-scope-e315f4c12bc1.js [9957/10000] md5=e315f4c12bc13b4f7f4a55f8bf99f422 bytes=115 template=block-scope origin=seed:tests/corpus/runtime/exceptions-and-nullish.test.js
 PASS js-fuzzer-block-scope-e315f4c12bc1.js [9957/10000] status=ok obs=5f93f983524d coverage=+0/32/38 time=1ms
  RUN js-fuzzer-loop-54e460cecf5c.js [9958/10000] md5=54e460cecf5c05dfcffaa3b2e5f57445 bytes=81 template=loop origin=seed:tests/corpus/runtime/functions-closures-and-arrows.test.js
 PASS js-fuzzer-loop-54e460cecf5c.js [9958/10000] status=ok obs=d3d9446802a4 coverage=+0/32/38 time=2ms
  RUN js-fuzzer-try-catch-0db921dfa62d.js [9959/10000] md5=0db921dfa62dbbfd21889addc9a83362 bytes=110 template=try-catch origin=seed:tests/corpus/runtime/lexical-shadowing.test.js
 PASS js-fuzzer-try-catch-0db921dfa62d.js [9959/10000] status=ok obs=34173cb38f07 coverage=+0/32/38 time=1ms
  RUN js-fuzzer-class-47fbd3db5853.js [9960/10000] md5=47fbd3db58539fc2e42627a4f3168c79 bytes=101 template=class origin=seed:tests/corpus/runtime/modules-export.test.js
 PASS js-fuzzer-class-47fbd3db5853.js [9960/10000] status=ok obs=98f137082101 coverage=+0/32/38 time=2ms
  RUN js-fuzzer-arithmetic-d793071852bb.js [9961/10000] md5=d793071852bb9974e61a26a7c35b8a2d bytes=83 template=arithmetic origin=seed:tests/corpus/runtime/nested-try-finally.test.js
 PASS js-fuzzer-arithmetic-d793071852bb.js [9961/10000] status=ok obs=9bf31c7ff062 coverage=+0/32/38 time=2ms
  RUN js-fuzzer-boundary-83aee5cf07de.js [9962/10000] md5=83aee5cf07deb9d5ce59aec8aff7a227 bytes=128 template=boundary origin=boundary:9007199254740991
 PASS js-fuzzer-boundary-83aee5cf07de.js [9962/10000] status=ok obs=8bfa9ad090fb coverage=+0/32/38 time=1ms
  RUN js-fuzzer-array-object-1f916e43f0dd.js [9963/10000] md5=1f916e43f0dd817367dc23f647fe1a50 bytes=133 template=array-object origin=seed:tests/corpus/syntax/logical-unary-nullish.test.js
 PASS js-fuzzer-array-object-1f916e43f0dd.js [9963/10000] status=ok obs=6512bd43d9ca coverage=+0/32/38 time=2ms
  RUN js-fuzzer-corpus-96ebdcb81273.js [9964/10000] md5=96ebdcb81273f0e5e5778a6c70c94988 bytes=171 template=corpus origin=tests/corpus/syntax/object-destructure-and-members.test.js
 PASS js-fuzzer-corpus-96ebdcb81273.js [9964/10000] status=ok obs=bfad8dfa12ed coverage=+0/32/38 time=2ms
  RUN js-fuzzer-block-scope-fe383ce7ccda.js [9965/10000] md5=fe383ce7ccda54bed90aad4ecee0cc01 bytes=114 template=block-scope origin=seed:tests/corpus/syntax/switch-do-while-sequence.test.js
 PASS js-fuzzer-block-scope-fe383ce7ccda.js [9965/10000] status=ok obs=38b3eff8baf5 coverage=+0/32/38 time=1ms
  RUN js-fuzzer-loop-f495ca2fc638.js [9966/10000] md5=f495ca2fc6389f933578fc501f5b1465 bytes=81 template=loop origin=seed:tests/corpus/syntax/template-array-destructure.test.js
 PASS js-fuzzer-loop-f495ca2fc638.js [9966/10000] status=ok obs=c4ca4238a0b9 coverage=+0/32/38 time=2ms
  RUN js-fuzzer-try-catch-8031e9fbb6ce.js [9967/10000] md5=8031e9fbb6ce9336eae93af8638d05b3 bytes=110 template=try-catch origin=seed:tests/corpus/syntax/typescript-assertions.test.ts
 PASS js-fuzzer-try-catch-8031e9fbb6ce.js [9967/10000] status=ok obs=a1d0c6e83f02 coverage=+0/32/38 time=1ms
  RUN js-fuzzer-class-f454a055ed5d.js [9968/10000] md5=f454a055ed5dc800cb1ab66abc7a01de bytes=100 template=class origin=seed:tests/corpus/syntax/typescript-non-null-satisfies.test.ts
 PASS js-fuzzer-class-f454a055ed5d.js [9968/10000] status=ok obs=a87ff679a2f3 coverage=+0/32/38 time=2ms
  RUN js-fuzzer-boundary-ac080ee0add8.js [9969/10000] md5=ac080ee0add8a3967f40d078a13e076b bytes=122 template=boundary origin=boundary:2147483647
 PASS js-fuzzer-boundary-ac080ee0add8.js [9969/10000] status=ok obs=c588c0a459f4 coverage=+0/32/38 time=1ms
  RUN js-fuzzer-function-134a85d12098.js [9970/10000] md5=134a85d120985077bd24a3a53ac64560 bytes=153 template=function origin=seed:tests/corpus/fixtures/state-machine-workflow.test.js
 PASS js-fuzzer-function-134a85d12098.js [9970/10000] status=ok obs=1679091c5a88 coverage=+0/32/38 time=2ms
  RUN js-fuzzer-array-object-1fdf9f806cc0.js [9971/10000] md5=1fdf9f806cc0a15f47037862e17927a9 bytes=133 template=array-object origin=seed:tests/corpus/fixtures/vue-script-workflow.test.vue
 PASS js-fuzzer-array-object-1fdf9f806cc0.js [9971/10000] status=ok obs=98f137082101 coverage=+0/32/38 time=2ms
  RUN js-fuzzer-closure-99f2edf84ece.js [9972/10000] md5=99f2edf84ece2347640637b36f154f70 bytes=184 template=closure origin=seed:tests/corpus/obfuscation/constant-tag-mix.test.js
 PASS js-fuzzer-closure-99f2edf84ece.js [9972/10000] status=ok obs=d67d8ab4f4c1 coverage=+0/32/38 time=2ms
  RUN js-fuzzer-corpus-fe2d30a6e413.js [9973/10000] md5=fe2d30a6e4139e7a8b52405bed737faa bytes=220 template=corpus origin=tests/corpus/obfuscation/extern-slot-permutation.test.js
 PASS js-fuzzer-corpus-fe2d30a6e413.js [9973/10000] status=ok obs=c34c702d0256 coverage=+0/32/38 time=1ms
  RUN js-fuzzer-loop-b88258462a8d.js [9974/10000] md5=b88258462a8d880f8b0e459fa23b2536 bytes=81 template=loop origin=seed:tests/corpus/obfuscation/externs-console.test.js
 PASS js-fuzzer-loop-b88258462a8d.js [9974/10000] status=ok obs=3c59dc048e88 coverage=+0/32/38 time=2ms
  RUN js-fuzzer-try-catch-40520a1b7956.js [9975/10000] md5=40520a1b7956f57804d753ea77e1e468 bytes=110 template=try-catch origin=seed:tests/corpus/obfuscation/seed-sensitive-functions.test.js
 PASS js-fuzzer-try-catch-40520a1b7956.js [9975/10000] status=ok obs=70efdf2ec9b0 coverage=+0/32/38 time=2ms
  RUN js-fuzzer-boundary-221618e58a55.js [9976/10000] md5=221618e58a55537e4dc7530ef9f57aaf bytes=113 template=boundary origin=boundary:2
 PASS js-fuzzer-boundary-221618e58a55.js [9976/10000] status=ok obs=c81e728d9d4c coverage=+0/32/38 time=1ms
  RUN js-fuzzer-arithmetic-dc18f00fdbf7.js [9977/10000] md5=dc18f00fdbf7ddc0515b0cfeb67605ff bytes=84 template=arithmetic origin=seed:tests/corpus/regressions/multiple-functions-fib-add.test.js
 PASS js-fuzzer-arithmetic-dc18f00fdbf7.js [9977/10000] status=ok obs=9bf31c7ff062 coverage=+0/32/38 time=2ms
  RUN js-fuzzer-function-e04598e59cc1.js [9978/10000] md5=e04598e59cc109c5f5c20638fe37a892 bytes=153 template=function origin=seed:tests/corpus/regressions/scope-compressed-closure-params.test.js
 PASS js-fuzzer-function-e04598e59cc1.js [9978/10000] status=ok obs=d3d9446802a4 coverage=+0/32/38 time=2ms
  RUN js-fuzzer-array-object-fb7396184307.js [9979/10000] md5=fb7396184307a931ec54c0332af32194 bytes=133 template=array-object origin=seed:tests/corpus/runtime/arrays-objects-methods.test.js
 PASS js-fuzzer-array-object-fb7396184307.js [9979/10000] status=ok obs=c74d97b01eae coverage=+0/32/38 time=1ms
  RUN js-fuzzer-closure-e6dbde70733d.js [9980/10000] md5=e6dbde70733d2256ce1fadad583cd963 bytes=184 template=closure origin=seed:tests/corpus/runtime/block-scopes.test.js
 PASS js-fuzzer-closure-e6dbde70733d.js [9980/10000] status=ok obs=17e62166fc85 coverage=+0/32/38 time=2ms
  RUN js-fuzzer-block-scope-cdbf5f7a5e45.js [9981/10000] md5=cdbf5f7a5e4556604c53c617bae60283 bytes=115 template=block-scope origin=seed:tests/corpus/runtime/class-fields-static-methods.test.js
 PASS js-fuzzer-block-scope-cdbf5f7a5e45.js [9981/10000] status=ok obs=5f93f983524d coverage=+0/32/38 time=2ms
  RUN js-fuzzer-corpus-663bf83cd082.js [9982/10000] md5=663bf83cd082bd221441dae6bbc85046 bytes=278 template=corpus origin=tests/corpus/runtime/classes-and-objects.test.js
 PASS js-fuzzer-corpus-663bf83cd082.js [9982/10000] status=ok obs=6f4922f45568 coverage=+0/32/38 time=1ms
  RUN js-fuzzer-boundary-2f35f880f964.js [9983/10000] md5=2f35f880f96468b375c4e71feba05308 bytes=113 template=boundary origin=boundary:1
 PASS js-fuzzer-boundary-2f35f880f964.js [9983/10000] status=ok obs=c4ca4238a0b9 coverage=+0/32/38 time=2ms
  RUN js-fuzzer-class-c0844991889f.js [9984/10000] md5=c0844991889f03308712cd6bc6b7c31c bytes=101 template=class origin=seed:tests/corpus/runtime/closures-read-captured-values.test.js
 PASS js-fuzzer-class-c0844991889f.js [9984/10000] status=ok obs=70efdf2ec9b0 coverage=+0/32/38 time=2ms
  RUN js-fuzzer-arithmetic-04fcc7393256.js [9985/10000] md5=04fcc73932566d54f81eae61f72e0cc3 bytes=85 template=arithmetic origin=seed:tests/corpus/runtime/exceptions-and-nullish.test.js
 PASS js-fuzzer-arithmetic-04fcc7393256.js [9985/10000] status=ok obs=ac1dd209cbcc coverage=+0/32/38 time=1ms
  RUN js-fuzzer-function-66ad482026b9.js [9986/10000] md5=66ad482026b9df67ec5d25c1cce4c653 bytes=153 template=function origin=seed:tests/corpus/runtime/functions-closures-and-arrows.test.js
 PASS js-fuzzer-function-66ad482026b9.js [9986/10000] status=ok obs=6512bd43d9ca coverage=+0/32/38 time=2ms
  RUN js-fuzzer-array-object-84869a29f315.js [9987/10000] md5=84869a29f315b0da945210fdea7a5ed4 bytes=133 template=array-object origin=seed:tests/corpus/runtime/lexical-shadowing.test.js
 PASS js-fuzzer-array-object-84869a29f315.js [9987/10000] status=ok obs=aab3238922bc coverage=+0/32/38 time=2ms
  RUN js-fuzzer-closure-9d19a28bb725.js [9988/10000] md5=9d19a28bb7251ec08214da73c6aa9d72 bytes=184 template=closure origin=seed:tests/corpus/runtime/modules-export.test.js
 PASS js-fuzzer-closure-9d19a28bb725.js [9988/10000] status=ok obs=b53b3a3d6ab9 coverage=+0/32/38 time=1ms
  RUN js-fuzzer-block-scope-0646405d6bb2.js [9989/10000] md5=0646405d6bb2ceae05fe69841edcc9c1 bytes=114 template=block-scope origin=seed:tests/corpus/runtime/nested-try-finally.test.js
 PASS js-fuzzer-block-scope-0646405d6bb2.js [9989/10000] status=ok obs=a97da629b098 coverage=+0/32/38 time=1ms
  RUN js-fuzzer-boundary-37492c99ff33.js [9990/10000] md5=37492c99ff33e9d5e09e0b8e84ba785a bytes=129 template=boundary origin=boundary:-9007199254740991
 PASS js-fuzzer-boundary-37492c99ff33.js [9990/10000] status=ok obs=b3f3a95848f6 coverage=+0/32/38 time=2ms
  RUN js-fuzzer-corpus-279b64032335.js [9991/10000] md5=279b640323351a1b082b98b42d2a2d55 bytes=134 template=corpus origin=tests/corpus/syntax/logical-unary-nullish.test.js
 PASS js-fuzzer-corpus-279b64032335.js [9991/10000] status=ok obs=45c48cce2e2d coverage=+0/32/38 time=1ms
  RUN js-fuzzer-class-51ea152a707e.js [9992/10000] md5=51ea152a707ed5422ab3e5b3ddb7fe43 bytes=100 template=class origin=seed:tests/corpus/syntax/object-destructure-and-members.test.js
 PASS js-fuzzer-class-51ea152a707e.js [9992/10000] status=ok obs=e4da3b7fbbce coverage=+0/32/38 time=2ms
  RUN js-fuzzer-arithmetic-54aac9d95197.js [9993/10000] md5=54aac9d95197ef802040e843f002064c bytes=84 template=arithmetic origin=seed:tests/corpus/syntax/switch-do-while-sequence.test.js
 PASS js-fuzzer-arithmetic-54aac9d95197.js [9993/10000] status=ok obs=98f137082101 coverage=+0/32/38 time=1ms
  RUN js-fuzzer-function-7078b1558e88.js [9994/10000] md5=7078b1558e88c84f2ce4ff32c844a13e bytes=153 template=function origin=seed:tests/corpus/syntax/template-array-destructure.test.js
 PASS js-fuzzer-function-7078b1558e88.js [9994/10000] status=ok obs=1679091c5a88 coverage=+0/32/38 time=1ms
  RUN js-fuzzer-array-object-28591928af0f.js [9995/10000] md5=28591928af0f61c6bb3fd35bcb850120 bytes=133 template=array-object origin=seed:tests/corpus/syntax/typescript-assertions.test.ts
 PASS js-fuzzer-array-object-28591928af0f.js [9995/10000] status=ok obs=c74d97b01eae coverage=+0/32/38 time=2ms
  RUN js-fuzzer-closure-afcd8b3c7577.js [9996/10000] md5=afcd8b3c7577bff30d16bcbc5bf52c12 bytes=184 template=closure origin=seed:tests/corpus/syntax/typescript-non-null-satisfies.test.ts
 PASS js-fuzzer-closure-afcd8b3c7577.js [9996/10000] status=ok obs=093f65e080a2 coverage=+0/32/38 time=2ms
  RUN js-fuzzer-boundary-205872a6e44c.js [9997/10000] md5=205872a6e44c1ea0cf94554af934fb09 bytes=123 template=boundary origin=boundary:-2147483648
 PASS js-fuzzer-boundary-205872a6e44c.js [9997/10000] status=ok obs=034ff5946105 coverage=+0/32/38 time=1ms
  RUN js-fuzzer-loop-f495ca2fc638.js [9998/10000] md5=f495ca2fc6389f933578fc501f5b1465 bytes=81 template=loop origin=seed:tests/corpus/fixtures/state-machine-workflow.test.js
 PASS js-fuzzer-loop-f495ca2fc638.js [9998/10000] status=ok obs=c4ca4238a0b9 coverage=+0/32/38 time=2ms
  RUN js-fuzzer-try-catch-7cb82b9a3fc9.js [9999/10000] md5=7cb82b9a3fc9743b17b967ebeeaab91b bytes=110 template=try-catch origin=seed:tests/corpus/fixtures/vue-script-workflow.test.vue
 PASS js-fuzzer-try-catch-7cb82b9a3fc9.js [9999/10000] status=ok obs=b6d767d2f8ed coverage=+0/32/38 time=1ms
  RUN js-fuzzer-corpus-f00ef18b0a17.js [10000/10000] md5=f00ef18b0a172b2a2d9833f5b7fe94e2 bytes=199 template=corpus origin=tests/corpus/obfuscation/constant-tag-mix.test.js
 PASS js-fuzzer-corpus-f00ef18b0a17.js [10000/10000] status=ok obs=e86823f38986 coverage=+0/32/38 time=2ms

Fuzz Cases:  10000 passed, 0 failed, 0 skipped, 10000 total
Compile:     0 compile errors
Runtime:     0 runtime errors
Coverage:    32/38 opcodes
[18:03:54] OK    10000 js_fuzzer programs checked: 10000 ok, 0 compile errors, 0 runtime errors, 0 internal failures, 0 skipped (19.09s)
